Scanning dependencies of target log4cplus
[  1%] Creating directories for 'log4cplus'
[  2%] Performing download step (download, verify and extract) for 'log4cplus'
-- Downloading...
   dst='/home/GVirtuS/GVirtuS/build/log4cplus-prefix/src/log4cplus-2.0.5.tar.gz'
   timeout='360 seconds'
-- Using src='https://downloads.sourceforge.net/project/log4cplus/log4cplus-stable/2.0.5/log4cplus-2.0.5.tar.gz'
-- [download 100% complete]
-- [download 1% complete]
-- [download 2% complete]
-- [download 3% complete]
-- [download 5% complete]
-- [download 6% complete]
-- [download 7% complete]
-- [download 8% complete]
-- [download 9% complete]
-- [download 10% complete]
-- [download 11% complete]
-- [download 13% complete]
-- [download 14% complete]
-- [download 15% complete]
-- [download 16% complete]
-- [download 17% complete]
-- [download 18% complete]
-- [download 19% complete]
-- [download 20% complete]
-- [download 22% complete]
-- [download 23% complete]
-- [download 24% complete]
-- [download 25% complete]
-- [download 26% complete]
-- [download 27% complete]
-- [download 28% complete]
-- [download 30% complete]
-- [download 31% complete]
-- [download 32% complete]
-- [download 33% complete]
-- [download 34% complete]
-- [download 35% complete]
-- [download 36% complete]
-- [download 38% complete]
-- [download 39% complete]
-- [download 40% complete]
-- [download 41% complete]
-- [download 42% complete]
-- [download 43% complete]
-- [download 44% complete]
-- [download 46% complete]
-- [download 47% complete]
-- [download 48% complete]
-- [download 49% complete]
-- [download 50% complete]
-- [download 51% complete]
-- [download 52% complete]
-- [download 54% complete]
-- [download 55% complete]
-- [download 56% complete]
-- [download 57% complete]
-- [download 58% complete]
-- [download 59% complete]
-- [download 60% complete]
-- [download 62% complete]
-- [download 63% complete]
-- [download 64% complete]
-- [download 65% complete]
-- [download 66% complete]
-- [download 67% complete]
-- [download 68% complete]
-- [download 70% complete]
-- [download 71% complete]
-- [download 72% complete]
-- [download 73% complete]
-- [download 74% complete]
-- [download 75% complete]
-- [download 76% complete]
-- [download 77% complete]
-- [download 79% complete]
-- [download 80% complete]
-- [download 81% complete]
-- [download 82% complete]
-- [download 83% complete]
-- [download 84% complete]
-- [download 85% complete]
-- [download 87% complete]
-- [download 88% complete]
-- [download 89% complete]
-- [download 90% complete]
-- [download 91% complete]
-- [download 92% complete]
-- [download 93% complete]
-- [download 95% complete]
-- [download 96% complete]
-- [download 97% complete]
-- [download 98% complete]
-- [download 99% complete]
-- [download 100% complete]
-- Downloading... done
-- extracting...
     src='/home/GVirtuS/GVirtuS/build/log4cplus-prefix/src/log4cplus-2.0.5.tar.gz'
     dst='/home/GVirtuS/GVirtuS/build/log4cplus-prefix/src/log4cplus'
-- extracting... [tar xfz]
-- extracting... [analysis]
-- extracting... [rename]
-- extracting... [clean up]
-- extracting... done
[  3%] No patch step for 'log4cplus'
[  4%] No update step for 'log4cplus'
[  5%] Performing configure step for 'log4cplus'
checking build system type... x86_64-pc-linux-gnu
checking host system type... x86_64-pc-linux-gnu
checking target system type... x86_64-pc-linux-gnu
checking for a BSD-compatible install... /usr/bin/install -c
checking whether build environment is sane... yes
checking for a thread-safe mkdir -p... /usr/bin/mkdir -p
checking for gawk... no
checking for mawk... mawk
checking whether make sets $(MAKE)... yes
checking whether make supports nested variables... yes
checking whether to enable maintainer-specific portions of Makefiles... yes
checking whether make supports the include directive... yes (GNU style)
checking for gcc... gcc
checking whether the C compiler works... yes
checking for C compiler default output file name... a.out
checking for suffix of executables... 
checking whether we are cross compiling... no
checking for suffix of object files... o
checking whether we are using the GNU C compiler... yes
checking whether gcc accepts -g... yes
checking for gcc option to accept ISO C89... none needed
checking whether gcc understands -c and -o together... yes
checking dependency style of gcc... gcc3
checking for ar... ar
checking the archiver (ar) interface... ar
configure: WARNING: Neither C++ locale support nor C locale support nor iconv() support requested, using poor man's locale conversion.
checking for g++... g++
checking whether we are using the GNU C++ compiler... yes
checking whether g++ accepts -g... yes
checking dependency style of g++... gcc3
checking how to run the C++ preprocessor... g++ -E
checking whether g++ supports C++11 features by default... yes
checking for a sed that does not truncate output... /usr/bin/sed
checking for C++ compiler vendor... gnu
checking CXXFLAGS for maximum warnings... -Wall
checking for grep that handles long lines and -e... /usr/bin/grep
checking CXXFLAGS for gcc -fdiagnostics-show-caret... -fdiagnostics-show-caret
checking CXXFLAGS for gcc -ftrack-macro-expansion... -ftrack-macro-expansion
checking CXXFLAGS for gcc -fdiagnostics-color=auto... -fdiagnostics-color=auto
checking CXXFLAGS for gcc -Wextra... -Wextra
checking CXXFLAGS for gcc -pedantic... -pedantic
checking CXXFLAGS for gcc -Wstrict-aliasing... -Wstrict-aliasing
checking CXXFLAGS for gcc -Wstrict-overflow... -Wstrict-overflow
checking CXXFLAGS for gcc -Woverloaded-virtual... -Woverloaded-virtual
checking CXXFLAGS for gcc -Wold-style-cast... -Wold-style-cast
checking CXXFLAGS for gcc -Wc++14-compat... -Wc++14-compat
checking CXXFLAGS for gcc -Wundef... -Wundef
checking CXXFLAGS for gcc -Wshadow... -Wshadow
checking CXXFLAGS for gcc -Wformat... -Wformat
checking CXXFLAGS for gcc -Wnoexcept... -Wnoexcept
checking CXXFLAGS for gcc -Wsuggest-attribute=format... -Wsuggest-attribute=format
checking CXXFLAGS for gcc -Wsuggest-attribute=noreturn... -Wsuggest-attribute=noreturn
checking CXXFLAGS for gcc -Wno-variadic-macros... -Wno-variadic-macros
checking for __global and __hidden... no
checking for __declspec(dllexport) and __declspec(dllimport)... no
checking for __attribute__((visibility("default"))) and __attribute__((visibility("hidden")))... yes
checking CXXFLAGS for gcc -fvisibility=hidden... -fvisibility=hidden
checking for __FUNCTION__ macro... yes
checking for __PRETTY_FUNCTION__ macro... yes
checking for __func__ symbol... yes
checking for __attribute__((constructor_priority))... yes
checking for __attribute__((constructor))... yes
checking for __attribute__((init_priority))... yes
checking for library containing __atomic_fetch_and_4... no
checking for library containing strerror... none required
checking for library containing gethostbyname... none required
checking for library containing setsockopt... none required
checking for egrep... /usr/bin/grep -E
checking for ANSI C header files... yes
checking for sys/types.h... yes
checking for sys/stat.h... yes
checking for stdlib.h... yes
checking for string.h... yes
checking for memory.h... yes
checking for strings.h... yes
checking for inttypes.h... yes
checking for stdint.h... yes
checking for unistd.h... yes
checking for sys/types.h... (cached) yes
checking sys/socket.h usability... yes
checking sys/socket.h presence... yes
checking for sys/socket.h... yes
checking sys/time.h usability... yes
checking sys/time.h presence... yes
checking for sys/time.h... yes
checking sys/timeb.h usability... yes
checking sys/timeb.h presence... yes
checking for sys/timeb.h... yes
checking for sys/stat.h... (cached) yes
checking sys/syscall.h usability... yes
checking sys/syscall.h presence... yes
checking for sys/syscall.h... yes
checking sys/file.h usability... yes
checking sys/file.h presence... yes
checking for sys/file.h... yes
checking syslog.h usability... yes
checking syslog.h presence... yes
checking for syslog.h... yes
checking arpa/inet.h usability... yes
checking arpa/inet.h presence... yes
checking for arpa/inet.h... yes
checking netinet/in.h usability... yes
checking netinet/in.h presence... yes
checking for netinet/in.h... yes
checking netinet/tcp.h usability... yes
checking netinet/tcp.h presence... yes
checking for netinet/tcp.h... yes
checking netdb.h usability... yes
checking netdb.h presence... yes
checking for netdb.h... yes
checking for unistd.h... (cached) yes
checking fcntl.h usability... yes
checking fcntl.h presence... yes
checking for fcntl.h... yes
checking stdio.h usability... yes
checking stdio.h presence... yes
checking for stdio.h... yes
checking stdarg.h usability... yes
checking stdarg.h presence... yes
checking for stdarg.h... yes
checking for stdlib.h... (cached) yes
checking wchar.h usability... yes
checking wchar.h presence... yes
checking for wchar.h... yes
checking time.h usability... yes
checking time.h presence... yes
checking for time.h... yes
checking errno.h usability... yes
checking errno.h presence... yes
checking for errno.h... yes
checking limits.h usability... yes
checking limits.h presence... yes
checking for limits.h... yes
checking poll.h usability... yes
checking poll.h presence... yes
checking for poll.h... yes
checking for socklen_t... yes
configure: Creating a multi-threaded library.
configure: Threads support:
checking whether pthreads work without any flags... no
checking whether pthreads work with -Kthread... no
checking whether pthreads work with -kthread... no
checking for the pthreads library -llthread... no
checking whether pthreads work with -pthread... yes
checking for joinable pthread attribute... PTHREAD_CREATE_JOINABLE
checking if more special flags are required for pthreads... no
checking for PTHREAD_PRIO_INHERIT... yes
checking for library containing sem_init... none required
checking for thread_local... yes
checking for gmtime_r... yes
checking for localtime_r... yes
checking for getpid... yes
checking for poll... yes
checking for pipe... yes
checking for pipe2... yes
checking for ftime... yes
checking for stat... yes
checking for lstat... yes
checking for fcntl... yes
checking for lockf... yes
checking for flock... yes
checking for htons... yes
checking for ntohs... yes
checking for htonl... yes
checking for ntohl... yes
checking for shutdown... yes
checking for mbstowcs... yes
checking for wcstombs... yes
checking for vsnprintf... yes
checking for _vsnprintf... no
checking for vsnwprintf... no
checking for _vsnwprintf... no
checking for vsprintf_s... no
checking for vswprintf_s... no
checking for vfprintf_s... no
checking for vfwprintf_s... no
checking for _vsnprintf_s... no
checking for _vsnwprintf_s... no
checking for ENAMETOOLONG... yes
checking for getaddrinfo... yes
checking for gethostbyname_r... yes
checking for gettid... yes
checking for pkg-config... /usr/bin/pkg-config
checking pkg-config is at least version 0.9.0... yes
checking how to print strings... printf
checking for a sed that does not truncate output... (cached) /usr/bin/sed
checking for fgrep... /usr/bin/grep -F
checking for ld used by gcc... /usr/bin/ld
checking if the linker (/usr/bin/ld) is GNU ld... yes
checking for BSD- or MS-compatible name lister (nm)... /usr/bin/nm -B
checking the name lister (/usr/bin/nm -B) interface... BSD nm
checking whether ln -s works... yes
checking the maximum length of command line arguments... 1572864
checking how to convert x86_64-pc-linux-gnu file names to x86_64-pc-linux-gnu format... func_convert_file_noop
checking how to convert x86_64-pc-linux-gnu file names to toolchain format... func_convert_file_noop
checking for /usr/bin/ld option to reload object files... -r
checking for objdump... objdump
checking how to recognize dependent libraries... pass_all
checking for dlltool... no
checking how to associate runtime and link libraries... printf %s\n
checking for archiver @FILE support... @
checking for strip... strip
checking for ranlib... ranlib
checking command to parse /usr/bin/nm -B output from gcc object... ok
checking for sysroot... no
checking for a working dd... /usr/bin/dd
checking how to truncate binary pipes... /usr/bin/dd bs=4096 count=1
checking for mt... no
checking if : is a manifest tool... no
checking for dlfcn.h... yes
checking for objdir... .libs
checking if gcc supports -fno-rtti -fno-exceptions... no
checking for gcc option to produce PIC... -fPIC -DPIC
checking if gcc PIC flag -fPIC -DPIC works... yes
checking if gcc static flag -static works... yes
checking if gcc supports -c -o file.o... yes
checking if gcc supports -c -o file.o... (cached) yes
checking whether the gcc linker (/usr/bin/ld -m elf_x86_64) supports shared libraries... yes
checking whether -lc should be explicitly linked in... no
checking dynamic linker characteristics... GNU/Linux ld.so
checking how to hardcode library paths into programs... immediate
checking whether stripping libraries is possible... yes
checking if libtool supports shared libraries... yes
checking whether to build shared libraries... yes
checking whether to build static libraries... no
checking how to run the C++ preprocessor... g++ -E
checking for ld used by g++... /usr/bin/ld -m elf_x86_64
checking if the linker (/usr/bin/ld -m elf_x86_64) is GNU ld... yes
checking whether the g++ linker (/usr/bin/ld -m elf_x86_64) supports shared libraries... yes
checking for g++ option to produce PIC... -fPIC -DPIC
checking if g++ PIC flag -fPIC -DPIC works... yes
checking if g++ static flag -static works... yes
checking if g++ supports -c -o file.o... yes
checking if g++ supports -c -o file.o... (cached) yes
checking whether the g++ linker (/usr/bin/ld -m elf_x86_64) supports shared libraries... yes
checking dynamic linker characteristics... (cached) GNU/Linux ld.so
checking how to hardcode library paths into programs... immediate
checking that generated files are newer than configure... done
configure: creating ./config.status
config.status: creating Makefile
config.status: creating include/Makefile
config.status: creating tests/atlocal
config.status: creating log4cplus.pc
config.status: creating tests/configandwatch_test/log4cplus.properties
config.status: creating tests/filter_test/log4cplus.properties
config.status: creating tests/performance_test/log4cplus.properties
config.status: creating tests/propertyconfig_test/log4cplus.properties
config.status: creating tests/propertyconfig_test/log4cplus.tail.properties
config.status: creating include/log4cplus/config.h
config.status: creating include/log4cplus/config/defines.hxx
config.status: executing tests/atconfig commands
config.status: executing depfiles commands
config.status: executing libtool commands
[  6%] Performing build step for 'log4cplus'
Making all in include
libtool: compile:  g++ -DHAVE_CONFIG_H -I./include -I./threadpool -I./include -I./catch/single_include/catch2 -DCATCH_CONFIG_PREFIX_ALL=1 -DNDEBUG -DINSIDE_LOG4CPLUS -I/home/GVirtuS/GVirtuS/build/external/include/ -D_GNU_SOURCE=1 -D_REENTRANT -g -O2 -Wall -fdiagnostics-show-caret -ftrack-macro-expansion -fdiagnostics-color=auto -Wextra -pedantic -Wstrict-aliasing -Wstrict-overflow -Woverloaded-virtual -Wold-style-cast -Wc++14-compat -Wundef -Wshadow -Wformat -Wnoexcept -Wsuggest-attribute=format -Wsuggest-attribute=noreturn -Wno-variadic-macros -fvisibility=hidden -pthread -MT src/liblog4cplus_la-appenderattachableimpl.lo -MD -MP -MF src/.deps/liblog4cplus_la-appenderattachableimpl.Tpo -c src/appenderattachableimpl.cxx  -fPIC -DPIC -o src/.libs/liblog4cplus_la-appenderattachableimpl.o
libtool: compile:  g++ -DHAVE_CONFIG_H -I./include -I./threadpool -I./include -I./catch/single_include/catch2 -DCATCH_CONFIG_PREFIX_ALL=1 -DNDEBUG -DINSIDE_LOG4CPLUS -I/home/GVirtuS/GVirtuS/build/external/include/ -D_GNU_SOURCE=1 -D_REENTRANT -g -O2 -Wall -fdiagnostics-show-caret -ftrack-macro-expansion -fdiagnostics-color=auto -Wextra -pedantic -Wstrict-aliasing -Wstrict-overflow -Woverloaded-virtual -Wold-style-cast -Wc++14-compat -Wundef -Wshadow -Wformat -Wnoexcept -Wsuggest-attribute=format -Wsuggest-attribute=noreturn -Wno-variadic-macros -fvisibility=hidden -pthread -MT src/liblog4cplus_la-appender.lo -MD -MP -MF src/.deps/liblog4cplus_la-appender.Tpo -c src/appender.cxx  -fPIC -DPIC -o src/.libs/liblog4cplus_la-appender.o
libtool: compile:  g++ -DHAVE_CONFIG_H -I./include -I./threadpool -I./include -I./catch/single_include/catch2 -DCATCH_CONFIG_PREFIX_ALL=1 -DNDEBUG -DINSIDE_LOG4CPLUS -I/home/GVirtuS/GVirtuS/build/external/include/ -D_GNU_SOURCE=1 -D_REENTRANT -g -O2 -Wall -fdiagnostics-show-caret -ftrack-macro-expansion -fdiagnostics-color=auto -Wextra -pedantic -Wstrict-aliasing -Wstrict-overflow -Woverloaded-virtual -Wold-style-cast -Wc++14-compat -Wundef -Wshadow -Wformat -Wnoexcept -Wsuggest-attribute=format -Wsuggest-attribute=noreturn -Wno-variadic-macros -fvisibility=hidden -pthread -MT src/liblog4cplus_la-asyncappender.lo -MD -MP -MF src/.deps/liblog4cplus_la-asyncappender.Tpo -c src/asyncappender.cxx  -fPIC -DPIC -o src/.libs/liblog4cplus_la-asyncappender.o
libtool: compile:  g++ -DHAVE_CONFIG_H -I./include -I./threadpool -I./include -I./catch/single_include/catch2 -DCATCH_CONFIG_PREFIX_ALL=1 -DNDEBUG -DINSIDE_LOG4CPLUS -I/home/GVirtuS/GVirtuS/build/external/include/ -D_GNU_SOURCE=1 -D_REENTRANT -g -O2 -Wall -fdiagnostics-show-caret -ftrack-macro-expansion -fdiagnostics-color=auto -Wextra -pedantic -Wstrict-aliasing -Wstrict-overflow -Woverloaded-virtual -Wold-style-cast -Wc++14-compat -Wundef -Wshadow -Wformat -Wnoexcept -Wsuggest-attribute=format -Wsuggest-attribute=noreturn -Wno-variadic-macros -fvisibility=hidden -pthread -MT src/liblog4cplus_la-callbackappender.lo -MD -MP -MF src/.deps/liblog4cplus_la-callbackappender.Tpo -c src/callbackappender.cxx  -fPIC -DPIC -o src/.libs/liblog4cplus_la-callbackappender.o
libtool: compile:  g++ -DHAVE_CONFIG_H -I./include -I./threadpool -I./include -I./catch/single_include/catch2 -DCATCH_CONFIG_PREFIX_ALL=1 -DNDEBUG -DINSIDE_LOG4CPLUS -I/home/GVirtuS/GVirtuS/build/external/include/ -D_GNU_SOURCE=1 -D_REENTRANT -g -O2 -Wall -fdiagnostics-show-caret -ftrack-macro-expansion -fdiagnostics-color=auto -Wextra -pedantic -Wstrict-aliasing -Wstrict-overflow -Woverloaded-virtual -Wold-style-cast -Wc++14-compat -Wundef -Wshadow -Wformat -Wnoexcept -Wsuggest-attribute=format -Wsuggest-attribute=noreturn -Wno-variadic-macros -fvisibility=hidden -pthread -MT src/liblog4cplus_la-clogger.lo -MD -MP -MF src/.deps/liblog4cplus_la-clogger.Tpo -c src/clogger.cxx  -fPIC -DPIC -o src/.libs/liblog4cplus_la-clogger.o
libtool: compile:  g++ -DHAVE_CONFIG_H -I./include -I./threadpool -I./include -I./catch/single_include/catch2 -DCATCH_CONFIG_PREFIX_ALL=1 -DNDEBUG -DINSIDE_LOG4CPLUS -I/home/GVirtuS/GVirtuS/build/external/include/ -D_GNU_SOURCE=1 -D_REENTRANT -g -O2 -Wall -fdiagnostics-show-caret -ftrack-macro-expansion -fdiagnostics-color=auto -Wextra -pedantic -Wstrict-aliasing -Wstrict-overflow -Woverloaded-virtual -Wold-style-cast -Wc++14-compat -Wundef -Wshadow -Wformat -Wnoexcept -Wsuggest-attribute=format -Wsuggest-attribute=noreturn -Wno-variadic-macros -fvisibility=hidden -pthread -MT src/liblog4cplus_la-configurator.lo -MD -MP -MF src/.deps/liblog4cplus_la-configurator.Tpo -c src/configurator.cxx  -fPIC -DPIC -o src/.libs/liblog4cplus_la-configurator.o
libtool: compile:  g++ -DHAVE_CONFIG_H -I./include -I./threadpool -I./include -I./catch/single_include/catch2 -DCATCH_CONFIG_PREFIX_ALL=1 -DNDEBUG -DINSIDE_LOG4CPLUS -I/home/GVirtuS/GVirtuS/build/external/include/ -D_GNU_SOURCE=1 -D_REENTRANT -g -O2 -Wall -fdiagnostics-show-caret -ftrack-macro-expansion -fdiagnostics-color=auto -Wextra -pedantic -Wstrict-aliasing -Wstrict-overflow -Woverloaded-virtual -Wold-style-cast -Wc++14-compat -Wundef -Wshadow -Wformat -Wnoexcept -Wsuggest-attribute=format -Wsuggest-attribute=noreturn -Wno-variadic-macros -fvisibility=hidden -pthread -MT src/liblog4cplus_la-connectorthread.lo -MD -MP -MF src/.deps/liblog4cplus_la-connectorthread.Tpo -c src/connectorthread.cxx  -fPIC -DPIC -o src/.libs/liblog4cplus_la-connectorthread.o
libtool: compile:  g++ -DHAVE_CONFIG_H -I./include -I./threadpool -I./include -I./catch/single_include/catch2 -DCATCH_CONFIG_PREFIX_ALL=1 -DNDEBUG -DINSIDE_LOG4CPLUS -I/home/GVirtuS/GVirtuS/build/external/include/ -D_GNU_SOURCE=1 -D_REENTRANT -g -O2 -Wall -fdiagnostics-show-caret -ftrack-macro-expansion -fdiagnostics-color=auto -Wextra -pedantic -Wstrict-aliasing -Wstrict-overflow -Woverloaded-virtual -Wold-style-cast -Wc++14-compat -Wundef -Wshadow -Wformat -Wnoexcept -Wsuggest-attribute=format -Wsuggest-attribute=noreturn -Wno-variadic-macros -fvisibility=hidden -pthread -MT src/liblog4cplus_la-consoleappender.lo -MD -MP -MF src/.deps/liblog4cplus_la-consoleappender.Tpo -c src/consoleappender.cxx  -fPIC -DPIC -o src/.libs/liblog4cplus_la-consoleappender.o
libtool: compile:  g++ -DHAVE_CONFIG_H -I./include -I./threadpool -I./include -I./catch/single_include/catch2 -DCATCH_CONFIG_PREFIX_ALL=1 -DNDEBUG -DINSIDE_LOG4CPLUS -I/home/GVirtuS/GVirtuS/build/external/include/ -D_GNU_SOURCE=1 -D_REENTRANT -g -O2 -Wall -fdiagnostics-show-caret -ftrack-macro-expansion -fdiagnostics-color=auto -Wextra -pedantic -Wstrict-aliasing -Wstrict-overflow -Woverloaded-virtual -Wold-style-cast -Wc++14-compat -Wundef -Wshadow -Wformat -Wnoexcept -Wsuggest-attribute=format -Wsuggest-attribute=noreturn -Wno-variadic-macros -fvisibility=hidden -pthread -MT src/liblog4cplus_la-cygwin-win32.lo -MD -MP -MF src/.deps/liblog4cplus_la-cygwin-win32.Tpo -c src/cygwin-win32.cxx  -fPIC -DPIC -o src/.libs/liblog4cplus_la-cygwin-win32.o
libtool: compile:  g++ -DHAVE_CONFIG_H -I./include -I./threadpool -I./include -I./catch/single_include/catch2 -DCATCH_CONFIG_PREFIX_ALL=1 -DNDEBUG -DINSIDE_LOG4CPLUS -I/home/GVirtuS/GVirtuS/build/external/include/ -D_GNU_SOURCE=1 -D_REENTRANT -g -O2 -Wall -fdiagnostics-show-caret -ftrack-macro-expansion -fdiagnostics-color=auto -Wextra -pedantic -Wstrict-aliasing -Wstrict-overflow -Woverloaded-virtual -Wold-style-cast -Wc++14-compat -Wundef -Wshadow -Wformat -Wnoexcept -Wsuggest-attribute=format -Wsuggest-attribute=noreturn -Wno-variadic-macros -fvisibility=hidden -pthread -MT src/liblog4cplus_la-env.lo -MD -MP -MF src/.deps/liblog4cplus_la-env.Tpo -c src/env.cxx  -fPIC -DPIC -o src/.libs/liblog4cplus_la-env.o
libtool: compile:  g++ -DHAVE_CONFIG_H -I./include -I./threadpool -I./include -I./catch/single_include/catch2 -DCATCH_CONFIG_PREFIX_ALL=1 -DNDEBUG -DINSIDE_LOG4CPLUS -I/home/GVirtuS/GVirtuS/build/external/include/ -D_GNU_SOURCE=1 -D_REENTRANT -g -O2 -Wall -fdiagnostics-show-caret -ftrack-macro-expansion -fdiagnostics-color=auto -Wextra -pedantic -Wstrict-aliasing -Wstrict-overflow -Woverloaded-virtual -Wold-style-cast -Wc++14-compat -Wundef -Wshadow -Wformat -Wnoexcept -Wsuggest-attribute=format -Wsuggest-attribute=noreturn -Wno-variadic-macros -fvisibility=hidden -pthread -MT src/liblog4cplus_la-factory.lo -MD -MP -MF src/.deps/liblog4cplus_la-factory.Tpo -c src/factory.cxx  -fPIC -DPIC -o src/.libs/liblog4cplus_la-factory.o
libtool: compile:  g++ -DHAVE_CONFIG_H -I./include -I./threadpool -I./include -I./catch/single_include/catch2 -DCATCH_CONFIG_PREFIX_ALL=1 -DNDEBUG -DINSIDE_LOG4CPLUS -I/home/GVirtuS/GVirtuS/build/external/include/ -D_GNU_SOURCE=1 -D_REENTRANT -g -O2 -Wall -fdiagnostics-show-caret -ftrack-macro-expansion -fdiagnostics-color=auto -Wextra -pedantic -Wstrict-aliasing -Wstrict-overflow -Woverloaded-virtual -Wold-style-cast -Wc++14-compat -Wundef -Wshadow -Wformat -Wnoexcept -Wsuggest-attribute=format -Wsuggest-attribute=noreturn -Wno-variadic-macros -fvisibility=hidden -pthread -MT src/liblog4cplus_la-fileappender.lo -MD -MP -MF src/.deps/liblog4cplus_la-fileappender.Tpo -c src/fileappender.cxx  -fPIC -DPIC -o src/.libs/liblog4cplus_la-fileappender.o
src/fileappender.cxx:727:1: warning: 'log4cplus::helpers::Time log4cplus::{anonymous}::adjust_for_time_zone(const Time&, const seconds&)' defined but not used [-Wunused-function]
  727 | adjust_for_time_zone (Time const & t, std::chrono::seconds const & tzoffset)
      | ^~~~~~~~~~~~~~~~~~~~
src/fileappender.cxx:711:1: warning: 'std::chrono::seconds log4cplus::{anonymous}::local_time_offset(const Time&)' defined but not used [-Wunused-function]
  711 | local_time_offset (Time const & t)
      | ^~~~~~~~~~~~~~~~~
libtool: compile:  g++ -DHAVE_CONFIG_H -I./include -I./threadpool -I./include -I./catch/single_include/catch2 -DCATCH_CONFIG_PREFIX_ALL=1 -DNDEBUG -DINSIDE_LOG4CPLUS -I/home/GVirtuS/GVirtuS/build/external/include/ -D_GNU_SOURCE=1 -D_REENTRANT -g -O2 -Wall -fdiagnostics-show-caret -ftrack-macro-expansion -fdiagnostics-color=auto -Wextra -pedantic -Wstrict-aliasing -Wstrict-overflow -Woverloaded-virtual -Wold-style-cast -Wc++14-compat -Wundef -Wshadow -Wformat -Wnoexcept -Wsuggest-attribute=format -Wsuggest-attribute=noreturn -Wno-variadic-macros -fvisibility=hidden -pthread -MT src/liblog4cplus_la-fileinfo.lo -MD -MP -MF src/.deps/liblog4cplus_la-fileinfo.Tpo -c src/fileinfo.cxx  -fPIC -DPIC -o src/.libs/liblog4cplus_la-fileinfo.o
libtool: compile:  g++ -DHAVE_CONFIG_H -I./include -I./threadpool -I./include -I./catch/single_include/catch2 -DCATCH_CONFIG_PREFIX_ALL=1 -DNDEBUG -DINSIDE_LOG4CPLUS -I/home/GVirtuS/GVirtuS/build/external/include/ -D_GNU_SOURCE=1 -D_REENTRANT -g -O2 -Wall -fdiagnostics-show-caret -ftrack-macro-expansion -fdiagnostics-color=auto -Wextra -pedantic -Wstrict-aliasing -Wstrict-overflow -Woverloaded-virtual -Wold-style-cast -Wc++14-compat -Wundef -Wshadow -Wformat -Wnoexcept -Wsuggest-attribute=format -Wsuggest-attribute=noreturn -Wno-variadic-macros -fvisibility=hidden -pthread -MT src/liblog4cplus_la-filter.lo -MD -MP -MF src/.deps/liblog4cplus_la-filter.Tpo -c src/filter.cxx  -fPIC -DPIC -o src/.libs/liblog4cplus_la-filter.o
libtool: compile:  g++ -DHAVE_CONFIG_H -I./include -I./threadpool -I./include -I./catch/single_include/catch2 -DCATCH_CONFIG_PREFIX_ALL=1 -DNDEBUG -DINSIDE_LOG4CPLUS -I/home/GVirtuS/GVirtuS/build/external/include/ -D_GNU_SOURCE=1 -D_REENTRANT -g -O2 -Wall -fdiagnostics-show-caret -ftrack-macro-expansion -fdiagnostics-color=auto -Wextra -pedantic -Wstrict-aliasing -Wstrict-overflow -Woverloaded-virtual -Wold-style-cast -Wc++14-compat -Wundef -Wshadow -Wformat -Wnoexcept -Wsuggest-attribute=format -Wsuggest-attribute=noreturn -Wno-variadic-macros -fvisibility=hidden -pthread -MT src/liblog4cplus_la-global-init.lo -MD -MP -MF src/.deps/liblog4cplus_la-global-init.Tpo -c src/global-init.cxx  -fPIC -DPIC -o src/.libs/liblog4cplus_la-global-init.o
libtool: compile:  g++ -DHAVE_CONFIG_H -I./include -I./threadpool -I./include -I./catch/single_include/catch2 -DCATCH_CONFIG_PREFIX_ALL=1 -DNDEBUG -DINSIDE_LOG4CPLUS -I/home/GVirtuS/GVirtuS/build/external/include/ -D_GNU_SOURCE=1 -D_REENTRANT -g -O2 -Wall -fdiagnostics-show-caret -ftrack-macro-expansion -fdiagnostics-color=auto -Wextra -pedantic -Wstrict-aliasing -Wstrict-overflow -Woverloaded-virtual -Wold-style-cast -Wc++14-compat -Wundef -Wshadow -Wformat -Wnoexcept -Wsuggest-attribute=format -Wsuggest-attribute=noreturn -Wno-variadic-macros -fvisibility=hidden -pthread -MT src/liblog4cplus_la-hierarchy.lo -MD -MP -MF src/.deps/liblog4cplus_la-hierarchy.Tpo -c src/hierarchy.cxx  -fPIC -DPIC -o src/.libs/liblog4cplus_la-hierarchy.o
libtool: compile:  g++ -DHAVE_CONFIG_H -I./include -I./threadpool -I./include -I./catch/single_include/catch2 -DCATCH_CONFIG_PREFIX_ALL=1 -DNDEBUG -DINSIDE_LOG4CPLUS -I/home/GVirtuS/GVirtuS/build/external/include/ -D_GNU_SOURCE=1 -D_REENTRANT -g -O2 -Wall -fdiagnostics-show-caret -ftrack-macro-expansion -fdiagnostics-color=auto -Wextra -pedantic -Wstrict-aliasing -Wstrict-overflow -Woverloaded-virtual -Wold-style-cast -Wc++14-compat -Wundef -Wshadow -Wformat -Wnoexcept -Wsuggest-attribute=format -Wsuggest-attribute=noreturn -Wno-variadic-macros -fvisibility=hidden -pthread -MT src/liblog4cplus_la-hierarchylocker.lo -MD -MP -MF src/.deps/liblog4cplus_la-hierarchylocker.Tpo -c src/hierarchylocker.cxx  -fPIC -DPIC -o src/.libs/liblog4cplus_la-hierarchylocker.o
libtool: compile:  g++ -DHAVE_CONFIG_H -I./include -I./threadpool -I./include -I./catch/single_include/catch2 -DCATCH_CONFIG_PREFIX_ALL=1 -DNDEBUG -DINSIDE_LOG4CPLUS -I/home/GVirtuS/GVirtuS/build/external/include/ -D_GNU_SOURCE=1 -D_REENTRANT -g -O2 -Wall -fdiagnostics-show-caret -ftrack-macro-expansion -fdiagnostics-color=auto -Wextra -pedantic -Wstrict-aliasing -Wstrict-overflow -Woverloaded-virtual -Wold-style-cast -Wc++14-compat -Wundef -Wshadow -Wformat -Wnoexcept -Wsuggest-attribute=format -Wsuggest-attribute=noreturn -Wno-variadic-macros -fvisibility=hidden -pthread -MT src/liblog4cplus_la-layout.lo -MD -MP -MF src/.deps/liblog4cplus_la-layout.Tpo -c src/layout.cxx  -fPIC -DPIC -o src/.libs/liblog4cplus_la-layout.o
libtool: compile:  g++ -DHAVE_CONFIG_H -I./include -I./threadpool -I./include -I./catch/single_include/catch2 -DCATCH_CONFIG_PREFIX_ALL=1 -DNDEBUG -DINSIDE_LOG4CPLUS -I/home/GVirtuS/GVirtuS/build/external/include/ -D_GNU_SOURCE=1 -D_REENTRANT -g -O2 -Wall -fdiagnostics-show-caret -ftrack-macro-expansion -fdiagnostics-color=auto -Wextra -pedantic -Wstrict-aliasing -Wstrict-overflow -Woverloaded-virtual -Wold-style-cast -Wc++14-compat -Wundef -Wshadow -Wformat -Wnoexcept -Wsuggest-attribute=format -Wsuggest-attribute=noreturn -Wno-variadic-macros -fvisibility=hidden -pthread -MT src/liblog4cplus_la-log4judpappender.lo -MD -MP -MF src/.deps/liblog4cplus_la-log4judpappender.Tpo -c src/log4judpappender.cxx  -fPIC -DPIC -o src/.libs/liblog4cplus_la-log4judpappender.o
libtool: compile:  g++ -DHAVE_CONFIG_H -I./include -I./threadpool -I./include -I./catch/single_include/catch2 -DCATCH_CONFIG_PREFIX_ALL=1 -DNDEBUG -DINSIDE_LOG4CPLUS -I/home/GVirtuS/GVirtuS/build/external/include/ -D_GNU_SOURCE=1 -D_REENTRANT -g -O2 -Wall -fdiagnostics-show-caret -ftrack-macro-expansion -fdiagnostics-color=auto -Wextra -pedantic -Wstrict-aliasing -Wstrict-overflow -Woverloaded-virtual -Wold-style-cast -Wc++14-compat -Wundef -Wshadow -Wformat -Wnoexcept -Wsuggest-attribute=format -Wsuggest-attribute=noreturn -Wno-variadic-macros -fvisibility=hidden -pthread -MT src/liblog4cplus_la-lockfile.lo -MD -MP -MF src/.deps/liblog4cplus_la-lockfile.Tpo -c src/lockfile.cxx  -fPIC -DPIC -o src/.libs/liblog4cplus_la-lockfile.o
libtool: compile:  g++ -DHAVE_CONFIG_H -I./include -I./threadpool -I./include -I./catch/single_include/catch2 -DCATCH_CONFIG_PREFIX_ALL=1 -DNDEBUG -DINSIDE_LOG4CPLUS -I/home/GVirtuS/GVirtuS/build/external/include/ -D_GNU_SOURCE=1 -D_REENTRANT -g -O2 -Wall -fdiagnostics-show-caret -ftrack-macro-expansion -fdiagnostics-color=auto -Wextra -pedantic -Wstrict-aliasing -Wstrict-overflow -Woverloaded-virtual -Wold-style-cast -Wc++14-compat -Wundef -Wshadow -Wformat -Wnoexcept -Wsuggest-attribute=format -Wsuggest-attribute=noreturn -Wno-variadic-macros -fvisibility=hidden -pthread -MT src/liblog4cplus_la-logger.lo -MD -MP -MF src/.deps/liblog4cplus_la-logger.Tpo -c src/logger.cxx  -fPIC -DPIC -o src/.libs/liblog4cplus_la-logger.o
libtool: compile:  g++ -DHAVE_CONFIG_H -I./include -I./threadpool -I./include -I./catch/single_include/catch2 -DCATCH_CONFIG_PREFIX_ALL=1 -DNDEBUG -DINSIDE_LOG4CPLUS -I/home/GVirtuS/GVirtuS/build/external/include/ -D_GNU_SOURCE=1 -D_REENTRANT -g -O2 -Wall -fdiagnostics-show-caret -ftrack-macro-expansion -fdiagnostics-color=auto -Wextra -pedantic -Wstrict-aliasing -Wstrict-overflow -Woverloaded-virtual -Wold-style-cast -Wc++14-compat -Wundef -Wshadow -Wformat -Wnoexcept -Wsuggest-attribute=format -Wsuggest-attribute=noreturn -Wno-variadic-macros -fvisibility=hidden -pthread -MT src/liblog4cplus_la-loggerimpl.lo -MD -MP -MF src/.deps/liblog4cplus_la-loggerimpl.Tpo -c src/loggerimpl.cxx  -fPIC -DPIC -o src/.libs/liblog4cplus_la-loggerimpl.o
libtool: compile:  g++ -DHAVE_CONFIG_H -I./include -I./threadpool -I./include -I./catch/single_include/catch2 -DCATCH_CONFIG_PREFIX_ALL=1 -DNDEBUG -DINSIDE_LOG4CPLUS -I/home/GVirtuS/GVirtuS/build/external/include/ -D_GNU_SOURCE=1 -D_REENTRANT -g -O2 -Wall -fdiagnostics-show-caret -ftrack-macro-expansion -fdiagnostics-color=auto -Wextra -pedantic -Wstrict-aliasing -Wstrict-overflow -Woverloaded-virtual -Wold-style-cast -Wc++14-compat -Wundef -Wshadow -Wformat -Wnoexcept -Wsuggest-attribute=format -Wsuggest-attribute=noreturn -Wno-variadic-macros -fvisibility=hidden -pthread -MT src/liblog4cplus_la-loggingevent.lo -MD -MP -MF src/.deps/liblog4cplus_la-loggingevent.Tpo -c src/loggingevent.cxx  -fPIC -DPIC -o src/.libs/liblog4cplus_la-loggingevent.o
libtool: compile:  g++ -DHAVE_CONFIG_H -I./include -I./threadpool -I./include -I./catch/single_include/catch2 -DCATCH_CONFIG_PREFIX_ALL=1 -DNDEBUG -DINSIDE_LOG4CPLUS -I/home/GVirtuS/GVirtuS/build/external/include/ -D_GNU_SOURCE=1 -D_REENTRANT -g -O2 -Wall -fdiagnostics-show-caret -ftrack-macro-expansion -fdiagnostics-color=auto -Wextra -pedantic -Wstrict-aliasing -Wstrict-overflow -Woverloaded-virtual -Wold-style-cast -Wc++14-compat -Wundef -Wshadow -Wformat -Wnoexcept -Wsuggest-attribute=format -Wsuggest-attribute=noreturn -Wno-variadic-macros -fvisibility=hidden -pthread -MT src/liblog4cplus_la-loggingmacros.lo -MD -MP -MF src/.deps/liblog4cplus_la-loggingmacros.Tpo -c src/loggingmacros.cxx  -fPIC -DPIC -o src/.libs/liblog4cplus_la-loggingmacros.o
libtool: compile:  g++ -DHAVE_CONFIG_H -I./include -I./threadpool -I./include -I./catch/single_include/catch2 -DCATCH_CONFIG_PREFIX_ALL=1 -DNDEBUG -DINSIDE_LOG4CPLUS -I/home/GVirtuS/GVirtuS/build/external/include/ -D_GNU_SOURCE=1 -D_REENTRANT -g -O2 -Wall -fdiagnostics-show-caret -ftrack-macro-expansion -fdiagnostics-color=auto -Wextra -pedantic -Wstrict-aliasing -Wstrict-overflow -Woverloaded-virtual -Wold-style-cast -Wc++14-compat -Wundef -Wshadow -Wformat -Wnoexcept -Wsuggest-attribute=format -Wsuggest-attribute=noreturn -Wno-variadic-macros -fvisibility=hidden -pthread -MT src/liblog4cplus_la-loglevel.lo -MD -MP -MF src/.deps/liblog4cplus_la-loglevel.Tpo -c src/loglevel.cxx  -fPIC -DPIC -o src/.libs/liblog4cplus_la-loglevel.o
libtool: compile:  g++ -DHAVE_CONFIG_H -I./include -I./threadpool -I./include -I./catch/single_include/catch2 -DCATCH_CONFIG_PREFIX_ALL=1 -DNDEBUG -DINSIDE_LOG4CPLUS -I/home/GVirtuS/GVirtuS/build/external/include/ -D_GNU_SOURCE=1 -D_REENTRANT -g -O2 -Wall -fdiagnostics-show-caret -ftrack-macro-expansion -fdiagnostics-color=auto -Wextra -pedantic -Wstrict-aliasing -Wstrict-overflow -Woverloaded-virtual -Wold-style-cast -Wc++14-compat -Wundef -Wshadow -Wformat -Wnoexcept -Wsuggest-attribute=format -Wsuggest-attribute=noreturn -Wno-variadic-macros -fvisibility=hidden -pthread -MT src/liblog4cplus_la-loglog.lo -MD -MP -MF src/.deps/liblog4cplus_la-loglog.Tpo -c src/loglog.cxx  -fPIC -DPIC -o src/.libs/liblog4cplus_la-loglog.o
libtool: compile:  g++ -DHAVE_CONFIG_H -I./include -I./threadpool -I./include -I./catch/single_include/catch2 -DCATCH_CONFIG_PREFIX_ALL=1 -DNDEBUG -DINSIDE_LOG4CPLUS -I/home/GVirtuS/GVirtuS/build/external/include/ -D_GNU_SOURCE=1 -D_REENTRANT -g -O2 -Wall -fdiagnostics-show-caret -ftrack-macro-expansion -fdiagnostics-color=auto -Wextra -pedantic -Wstrict-aliasing -Wstrict-overflow -Woverloaded-virtual -Wold-style-cast -Wc++14-compat -Wundef -Wshadow -Wformat -Wnoexcept -Wsuggest-attribute=format -Wsuggest-attribute=noreturn -Wno-variadic-macros -fvisibility=hidden -pthread -MT src/liblog4cplus_la-mdc.lo -MD -MP -MF src/.deps/liblog4cplus_la-mdc.Tpo -c src/mdc.cxx  -fPIC -DPIC -o src/.libs/liblog4cplus_la-mdc.o
libtool: compile:  g++ -DHAVE_CONFIG_H -I./include -I./threadpool -I./include -I./catch/single_include/catch2 -DCATCH_CONFIG_PREFIX_ALL=1 -DNDEBUG -DINSIDE_LOG4CPLUS -I/home/GVirtuS/GVirtuS/build/external/include/ -D_GNU_SOURCE=1 -D_REENTRANT -g -O2 -Wall -fdiagnostics-show-caret -ftrack-macro-expansion -fdiagnostics-color=auto -Wextra -pedantic -Wstrict-aliasing -Wstrict-overflow -Woverloaded-virtual -Wold-style-cast -Wc++14-compat -Wundef -Wshadow -Wformat -Wnoexcept -Wsuggest-attribute=format -Wsuggest-attribute=noreturn -Wno-variadic-macros -fvisibility=hidden -pthread -MT src/liblog4cplus_la-ndc.lo -MD -MP -MF src/.deps/liblog4cplus_la-ndc.Tpo -c src/ndc.cxx  -fPIC -DPIC -o src/.libs/liblog4cplus_la-ndc.o
libtool: compile:  g++ -DHAVE_CONFIG_H -I./include -I./threadpool -I./include -I./catch/single_include/catch2 -DCATCH_CONFIG_PREFIX_ALL=1 -DNDEBUG -DINSIDE_LOG4CPLUS -I/home/GVirtuS/GVirtuS/build/external/include/ -D_GNU_SOURCE=1 -D_REENTRANT -g -O2 -Wall -fdiagnostics-show-caret -ftrack-macro-expansion -fdiagnostics-color=auto -Wextra -pedantic -Wstrict-aliasing -Wstrict-overflow -Woverloaded-virtual -Wold-style-cast -Wc++14-compat -Wundef -Wshadow -Wformat -Wnoexcept -Wsuggest-attribute=format -Wsuggest-attribute=noreturn -Wno-variadic-macros -fvisibility=hidden -pthread -MT src/liblog4cplus_la-nullappender.lo -MD -MP -MF src/.deps/liblog4cplus_la-nullappender.Tpo -c src/nullappender.cxx  -fPIC -DPIC -o src/.libs/liblog4cplus_la-nullappender.o
libtool: compile:  g++ -DHAVE_CONFIG_H -I./include -I./threadpool -I./include -I./catch/single_include/catch2 -DCATCH_CONFIG_PREFIX_ALL=1 -DNDEBUG -DINSIDE_LOG4CPLUS -I/home/GVirtuS/GVirtuS/build/external/include/ -D_GNU_SOURCE=1 -D_REENTRANT -g -O2 -Wall -fdiagnostics-show-caret -ftrack-macro-expansion -fdiagnostics-color=auto -Wextra -pedantic -Wstrict-aliasing -Wstrict-overflow -Woverloaded-virtual -Wold-style-cast -Wc++14-compat -Wundef -Wshadow -Wformat -Wnoexcept -Wsuggest-attribute=format -Wsuggest-attribute=noreturn -Wno-variadic-macros -fvisibility=hidden -pthread -MT src/liblog4cplus_la-nteventlogappender.lo -MD -MP -MF src/.deps/liblog4cplus_la-nteventlogappender.Tpo -c src/nteventlogappender.cxx  -fPIC -DPIC -o src/.libs/liblog4cplus_la-nteventlogappender.o
libtool: compile:  g++ -DHAVE_CONFIG_H -I./include -I./threadpool -I./include -I./catch/single_include/catch2 -DCATCH_CONFIG_PREFIX_ALL=1 -DNDEBUG -DINSIDE_LOG4CPLUS -I/home/GVirtuS/GVirtuS/build/external/include/ -D_GNU_SOURCE=1 -D_REENTRANT -g -O2 -Wall -fdiagnostics-show-caret -ftrack-macro-expansion -fdiagnostics-color=auto -Wextra -pedantic -Wstrict-aliasing -Wstrict-overflow -Woverloaded-virtual -Wold-style-cast -Wc++14-compat -Wundef -Wshadow -Wformat -Wnoexcept -Wsuggest-attribute=format -Wsuggest-attribute=noreturn -Wno-variadic-macros -fvisibility=hidden -pthread -MT src/liblog4cplus_la-objectregistry.lo -MD -MP -MF src/.deps/liblog4cplus_la-objectregistry.Tpo -c src/objectregistry.cxx  -fPIC -DPIC -o src/.libs/liblog4cplus_la-objectregistry.o
libtool: compile:  g++ -DHAVE_CONFIG_H -I./include -I./threadpool -I./include -I./catch/single_include/catch2 -DCATCH_CONFIG_PREFIX_ALL=1 -DNDEBUG -DINSIDE_LOG4CPLUS -I/home/GVirtuS/GVirtuS/build/external/include/ -D_GNU_SOURCE=1 -D_REENTRANT -g -O2 -Wall -fdiagnostics-show-caret -ftrack-macro-expansion -fdiagnostics-color=auto -Wextra -pedantic -Wstrict-aliasing -Wstrict-overflow -Woverloaded-virtual -Wold-style-cast -Wc++14-compat -Wundef -Wshadow -Wformat -Wnoexcept -Wsuggest-attribute=format -Wsuggest-attribute=noreturn -Wno-variadic-macros -fvisibility=hidden -pthread -MT src/liblog4cplus_la-patternlayout.lo -MD -MP -MF src/.deps/liblog4cplus_la-patternlayout.Tpo -c src/patternlayout.cxx  -fPIC -DPIC -o src/.libs/liblog4cplus_la-patternlayout.o
libtool: compile:  g++ -DHAVE_CONFIG_H -I./include -I./threadpool -I./include -I./catch/single_include/catch2 -DCATCH_CONFIG_PREFIX_ALL=1 -DNDEBUG -DINSIDE_LOG4CPLUS -I/home/GVirtuS/GVirtuS/build/external/include/ -D_GNU_SOURCE=1 -D_REENTRANT -g -O2 -Wall -fdiagnostics-show-caret -ftrack-macro-expansion -fdiagnostics-color=auto -Wextra -pedantic -Wstrict-aliasing -Wstrict-overflow -Woverloaded-virtual -Wold-style-cast -Wc++14-compat -Wundef -Wshadow -Wformat -Wnoexcept -Wsuggest-attribute=format -Wsuggest-attribute=noreturn -Wno-variadic-macros -fvisibility=hidden -pthread -MT src/liblog4cplus_la-pointer.lo -MD -MP -MF src/.deps/liblog4cplus_la-pointer.Tpo -c src/pointer.cxx  -fPIC -DPIC -o src/.libs/liblog4cplus_la-pointer.o
libtool: compile:  g++ -DHAVE_CONFIG_H -I./include -I./threadpool -I./include -I./catch/single_include/catch2 -DCATCH_CONFIG_PREFIX_ALL=1 -DNDEBUG -DINSIDE_LOG4CPLUS -I/home/GVirtuS/GVirtuS/build/external/include/ -D_GNU_SOURCE=1 -D_REENTRANT -g -O2 -Wall -fdiagnostics-show-caret -ftrack-macro-expansion -fdiagnostics-color=auto -Wextra -pedantic -Wstrict-aliasing -Wstrict-overflow -Woverloaded-virtual -Wold-style-cast -Wc++14-compat -Wundef -Wshadow -Wformat -Wnoexcept -Wsuggest-attribute=format -Wsuggest-attribute=noreturn -Wno-variadic-macros -fvisibility=hidden -pthread -MT src/liblog4cplus_la-property.lo -MD -MP -MF src/.deps/liblog4cplus_la-property.Tpo -c src/property.cxx  -fPIC -DPIC -o src/.libs/liblog4cplus_la-property.o
src/property.cxx: In function 'void log4cplus::helpers::{anonymous}::imbue_file_from_flags(log4cplus::tistream&, unsigned int)':
src/property.cxx:137:35: warning: unused parameter 'file' [-Wunused-parameter]
  137 | imbue_file_from_flags (tistream & file, unsigned flags)
      |                        ~~~~~~~~~~~^~~~
libtool: compile:  g++ -DHAVE_CONFIG_H -I./include -I./threadpool -I./include -I./catch/single_include/catch2 -DCATCH_CONFIG_PREFIX_ALL=1 -DNDEBUG -DINSIDE_LOG4CPLUS -I/home/GVirtuS/GVirtuS/build/external/include/ -D_GNU_SOURCE=1 -D_REENTRANT -g -O2 -Wall -fdiagnostics-show-caret -ftrack-macro-expansion -fdiagnostics-color=auto -Wextra -pedantic -Wstrict-aliasing -Wstrict-overflow -Woverloaded-virtual -Wold-style-cast -Wc++14-compat -Wundef -Wshadow -Wformat -Wnoexcept -Wsuggest-attribute=format -Wsuggest-attribute=noreturn -Wno-variadic-macros -fvisibility=hidden -pthread -MT src/liblog4cplus_la-queue.lo -MD -MP -MF src/.deps/liblog4cplus_la-queue.Tpo -c src/queue.cxx  -fPIC -DPIC -o src/.libs/liblog4cplus_la-queue.o
libtool: compile:  g++ -DHAVE_CONFIG_H -I./include -I./threadpool -I./include -I./catch/single_include/catch2 -DCATCH_CONFIG_PREFIX_ALL=1 -DNDEBUG -DINSIDE_LOG4CPLUS -I/home/GVirtuS/GVirtuS/build/external/include/ -D_GNU_SOURCE=1 -D_REENTRANT -g -O2 -Wall -fdiagnostics-show-caret -ftrack-macro-expansion -fdiagnostics-color=auto -Wextra -pedantic -Wstrict-aliasing -Wstrict-overflow -Woverloaded-virtual -Wold-style-cast -Wc++14-compat -Wundef -Wshadow -Wformat -Wnoexcept -Wsuggest-attribute=format -Wsuggest-attribute=noreturn -Wno-variadic-macros -fvisibility=hidden -pthread -MT src/liblog4cplus_la-rootlogger.lo -MD -MP -MF src/.deps/liblog4cplus_la-rootlogger.Tpo -c src/rootlogger.cxx  -fPIC -DPIC -o src/.libs/liblog4cplus_la-rootlogger.o
libtool: compile:  g++ -DHAVE_CONFIG_H -I./include -I./threadpool -I./include -I./catch/single_include/catch2 -DCATCH_CONFIG_PREFIX_ALL=1 -DNDEBUG -DINSIDE_LOG4CPLUS -I/home/GVirtuS/GVirtuS/build/external/include/ -D_GNU_SOURCE=1 -D_REENTRANT -g -O2 -Wall -fdiagnostics-show-caret -ftrack-macro-expansion -fdiagnostics-color=auto -Wextra -pedantic -Wstrict-aliasing -Wstrict-overflow -Woverloaded-virtual -Wold-style-cast -Wc++14-compat -Wundef -Wshadow -Wformat -Wnoexcept -Wsuggest-attribute=format -Wsuggest-attribute=noreturn -Wno-variadic-macros -fvisibility=hidden -pthread -MT src/liblog4cplus_la-snprintf.lo -MD -MP -MF src/.deps/liblog4cplus_la-snprintf.Tpo -c src/snprintf.cxx  -fPIC -DPIC -o src/.libs/liblog4cplus_la-snprintf.o
libtool: compile:  g++ -DHAVE_CONFIG_H -I./include -I./threadpool -I./include -I./catch/single_include/catch2 -DCATCH_CONFIG_PREFIX_ALL=1 -DNDEBUG -DINSIDE_LOG4CPLUS -I/home/GVirtuS/GVirtuS/build/external/include/ -D_GNU_SOURCE=1 -D_REENTRANT -g -O2 -Wall -fdiagnostics-show-caret -ftrack-macro-expansion -fdiagnostics-color=auto -Wextra -pedantic -Wstrict-aliasing -Wstrict-overflow -Woverloaded-virtual -Wold-style-cast -Wc++14-compat -Wundef -Wshadow -Wformat -Wnoexcept -Wsuggest-attribute=format -Wsuggest-attribute=noreturn -Wno-variadic-macros -fvisibility=hidden -pthread -MT src/liblog4cplus_la-socketappender.lo -MD -MP -MF src/.deps/liblog4cplus_la-socketappender.Tpo -c src/socketappender.cxx  -fPIC -DPIC -o src/.libs/liblog4cplus_la-socketappender.o
libtool: compile:  g++ -DHAVE_CONFIG_H -I./include -I./threadpool -I./include -I./catch/single_include/catch2 -DCATCH_CONFIG_PREFIX_ALL=1 -DNDEBUG -DINSIDE_LOG4CPLUS -I/home/GVirtuS/GVirtuS/build/external/include/ -D_GNU_SOURCE=1 -D_REENTRANT -g -O2 -Wall -fdiagnostics-show-caret -ftrack-macro-expansion -fdiagnostics-color=auto -Wextra -pedantic -Wstrict-aliasing -Wstrict-overflow -Woverloaded-virtual -Wold-style-cast -Wc++14-compat -Wundef -Wshadow -Wformat -Wnoexcept -Wsuggest-attribute=format -Wsuggest-attribute=noreturn -Wno-variadic-macros -fvisibility=hidden -pthread -MT src/liblog4cplus_la-socketbuffer.lo -MD -MP -MF src/.deps/liblog4cplus_la-socketbuffer.Tpo -c src/socketbuffer.cxx  -fPIC -DPIC -o src/.libs/liblog4cplus_la-socketbuffer.o
libtool: compile:  g++ -DHAVE_CONFIG_H -I./include -I./threadpool -I./include -I./catch/single_include/catch2 -DCATCH_CONFIG_PREFIX_ALL=1 -DNDEBUG -DINSIDE_LOG4CPLUS -I/home/GVirtuS/GVirtuS/build/external/include/ -D_GNU_SOURCE=1 -D_REENTRANT -g -O2 -Wall -fdiagnostics-show-caret -ftrack-macro-expansion -fdiagnostics-color=auto -Wextra -pedantic -Wstrict-aliasing -Wstrict-overflow -Woverloaded-virtual -Wold-style-cast -Wc++14-compat -Wundef -Wshadow -Wformat -Wnoexcept -Wsuggest-attribute=format -Wsuggest-attribute=noreturn -Wno-variadic-macros -fvisibility=hidden -pthread -MT src/liblog4cplus_la-socket.lo -MD -MP -MF src/.deps/liblog4cplus_la-socket.Tpo -c src/socket.cxx  -fPIC -DPIC -o src/.libs/liblog4cplus_la-socket.o
libtool: compile:  g++ -DHAVE_CONFIG_H -I./include -I./threadpool -I./include -I./catch/single_include/catch2 -DCATCH_CONFIG_PREFIX_ALL=1 -DNDEBUG -DINSIDE_LOG4CPLUS -I/home/GVirtuS/GVirtuS/build/external/include/ -D_GNU_SOURCE=1 -D_REENTRANT -g -O2 -Wall -fdiagnostics-show-caret -ftrack-macro-expansion -fdiagnostics-color=auto -Wextra -pedantic -Wstrict-aliasing -Wstrict-overflow -Woverloaded-virtual -Wold-style-cast -Wc++14-compat -Wundef -Wshadow -Wformat -Wnoexcept -Wsuggest-attribute=format -Wsuggest-attribute=noreturn -Wno-variadic-macros -fvisibility=hidden -pthread -MT src/liblog4cplus_la-socket-unix.lo -MD -MP -MF src/.deps/liblog4cplus_la-socket-unix.Tpo -c src/socket-unix.cxx  -fPIC -DPIC -o src/.libs/liblog4cplus_la-socket-unix.o
libtool: compile:  g++ -DHAVE_CONFIG_H -I./include -I./threadpool -I./include -I./catch/single_include/catch2 -DCATCH_CONFIG_PREFIX_ALL=1 -DNDEBUG -DINSIDE_LOG4CPLUS -I/home/GVirtuS/GVirtuS/build/external/include/ -D_GNU_SOURCE=1 -D_REENTRANT -g -O2 -Wall -fdiagnostics-show-caret -ftrack-macro-expansion -fdiagnostics-color=auto -Wextra -pedantic -Wstrict-aliasing -Wstrict-overflow -Woverloaded-virtual -Wold-style-cast -Wc++14-compat -Wundef -Wshadow -Wformat -Wnoexcept -Wsuggest-attribute=format -Wsuggest-attribute=noreturn -Wno-variadic-macros -fvisibility=hidden -pthread -MT src/liblog4cplus_la-socket-win32.lo -MD -MP -MF src/.deps/liblog4cplus_la-socket-win32.Tpo -c src/socket-win32.cxx  -fPIC -DPIC -o src/.libs/liblog4cplus_la-socket-win32.o
libtool: compile:  g++ -DHAVE_CONFIG_H -I./include -I./threadpool -I./include -I./catch/single_include/catch2 -DCATCH_CONFIG_PREFIX_ALL=1 -DNDEBUG -DINSIDE_LOG4CPLUS -I/home/GVirtuS/GVirtuS/build/external/include/ -D_GNU_SOURCE=1 -D_REENTRANT -g -O2 -Wall -fdiagnostics-show-caret -ftrack-macro-expansion -fdiagnostics-color=auto -Wextra -pedantic -Wstrict-aliasing -Wstrict-overflow -Woverloaded-virtual -Wold-style-cast -Wc++14-compat -Wundef -Wshadow -Wformat -Wnoexcept -Wsuggest-attribute=format -Wsuggest-attribute=noreturn -Wno-variadic-macros -fvisibility=hidden -pthread -MT src/liblog4cplus_la-stringhelper.lo -MD -MP -MF src/.deps/liblog4cplus_la-stringhelper.Tpo -c src/stringhelper.cxx  -fPIC -DPIC -o src/.libs/liblog4cplus_la-stringhelper.o
libtool: compile:  g++ -DHAVE_CONFIG_H -I./include -I./threadpool -I./include -I./catch/single_include/catch2 -DCATCH_CONFIG_PREFIX_ALL=1 -DNDEBUG -DINSIDE_LOG4CPLUS -I/home/GVirtuS/GVirtuS/build/external/include/ -D_GNU_SOURCE=1 -D_REENTRANT -g -O2 -Wall -fdiagnostics-show-caret -ftrack-macro-expansion -fdiagnostics-color=auto -Wextra -pedantic -Wstrict-aliasing -Wstrict-overflow -Woverloaded-virtual -Wold-style-cast -Wc++14-compat -Wundef -Wshadow -Wformat -Wnoexcept -Wsuggest-attribute=format -Wsuggest-attribute=noreturn -Wno-variadic-macros -fvisibility=hidden -pthread -MT src/liblog4cplus_la-stringhelper-clocale.lo -MD -MP -MF src/.deps/liblog4cplus_la-stringhelper-clocale.Tpo -c src/stringhelper-clocale.cxx  -fPIC -DPIC -o src/.libs/liblog4cplus_la-stringhelper-clocale.o
libtool: compile:  g++ -DHAVE_CONFIG_H -I./include -I./threadpool -I./include -I./catch/single_include/catch2 -DCATCH_CONFIG_PREFIX_ALL=1 -DNDEBUG -DINSIDE_LOG4CPLUS -I/home/GVirtuS/GVirtuS/build/external/include/ -D_GNU_SOURCE=1 -D_REENTRANT -g -O2 -Wall -fdiagnostics-show-caret -ftrack-macro-expansion -fdiagnostics-color=auto -Wextra -pedantic -Wstrict-aliasing -Wstrict-overflow -Woverloaded-virtual -Wold-style-cast -Wc++14-compat -Wundef -Wshadow -Wformat -Wnoexcept -Wsuggest-attribute=format -Wsuggest-attribute=noreturn -Wno-variadic-macros -fvisibility=hidden -pthread -MT src/liblog4cplus_la-stringhelper-cxxlocale.lo -MD -MP -MF src/.deps/liblog4cplus_la-stringhelper-cxxlocale.Tpo -c src/stringhelper-cxxlocale.cxx  -fPIC -DPIC -o src/.libs/liblog4cplus_la-stringhelper-cxxlocale.o
libtool: compile:  g++ -DHAVE_CONFIG_H -I./include -I./threadpool -I./include -I./catch/single_include/catch2 -DCATCH_CONFIG_PREFIX_ALL=1 -DNDEBUG -DINSIDE_LOG4CPLUS -I/home/GVirtuS/GVirtuS/build/external/include/ -D_GNU_SOURCE=1 -D_REENTRANT -g -O2 -Wall -fdiagnostics-show-caret -ftrack-macro-expansion -fdiagnostics-color=auto -Wextra -pedantic -Wstrict-aliasing -Wstrict-overflow -Woverloaded-virtual -Wold-style-cast -Wc++14-compat -Wundef -Wshadow -Wformat -Wnoexcept -Wsuggest-attribute=format -Wsuggest-attribute=noreturn -Wno-variadic-macros -fvisibility=hidden -pthread -MT src/liblog4cplus_la-stringhelper-iconv.lo -MD -MP -MF src/.deps/liblog4cplus_la-stringhelper-iconv.Tpo -c src/stringhelper-iconv.cxx  -fPIC -DPIC -o src/.libs/liblog4cplus_la-stringhelper-iconv.o
libtool: compile:  g++ -DHAVE_CONFIG_H -I./include -I./threadpool -I./include -I./catch/single_include/catch2 -DCATCH_CONFIG_PREFIX_ALL=1 -DNDEBUG -DINSIDE_LOG4CPLUS -I/home/GVirtuS/GVirtuS/build/external/include/ -D_GNU_SOURCE=1 -D_REENTRANT -g -O2 -Wall -fdiagnostics-show-caret -ftrack-macro-expansion -fdiagnostics-color=auto -Wextra -pedantic -Wstrict-aliasing -Wstrict-overflow -Woverloaded-virtual -Wold-style-cast -Wc++14-compat -Wundef -Wshadow -Wformat -Wnoexcept -Wsuggest-attribute=format -Wsuggest-attribute=noreturn -Wno-variadic-macros -fvisibility=hidden -pthread -MT src/liblog4cplus_la-syncprims.lo -MD -MP -MF src/.deps/liblog4cplus_la-syncprims.Tpo -c src/syncprims.cxx  -fPIC -DPIC -o src/.libs/liblog4cplus_la-syncprims.o
libtool: compile:  g++ -DHAVE_CONFIG_H -I./include -I./threadpool -I./include -I./catch/single_include/catch2 -DCATCH_CONFIG_PREFIX_ALL=1 -DNDEBUG -DINSIDE_LOG4CPLUS -I/home/GVirtuS/GVirtuS/build/external/include/ -D_GNU_SOURCE=1 -D_REENTRANT -g -O2 -Wall -fdiagnostics-show-caret -ftrack-macro-expansion -fdiagnostics-color=auto -Wextra -pedantic -Wstrict-aliasing -Wstrict-overflow -Woverloaded-virtual -Wold-style-cast -Wc++14-compat -Wundef -Wshadow -Wformat -Wnoexcept -Wsuggest-attribute=format -Wsuggest-attribute=noreturn -Wno-variadic-macros -fvisibility=hidden -pthread -MT src/liblog4cplus_la-syslogappender.lo -MD -MP -MF src/.deps/liblog4cplus_la-syslogappender.Tpo -c src/syslogappender.cxx  -fPIC -DPIC -o src/.libs/liblog4cplus_la-syslogappender.o
libtool: compile:  g++ -DHAVE_CONFIG_H -I./include -I./threadpool -I./include -I./catch/single_include/catch2 -DCATCH_CONFIG_PREFIX_ALL=1 -DNDEBUG -DINSIDE_LOG4CPLUS -I/home/GVirtuS/GVirtuS/build/external/include/ -D_GNU_SOURCE=1 -D_REENTRANT -g -O2 -Wall -fdiagnostics-show-caret -ftrack-macro-expansion -fdiagnostics-color=auto -Wextra -pedantic -Wstrict-aliasing -Wstrict-overflow -Woverloaded-virtual -Wold-style-cast -Wc++14-compat -Wundef -Wshadow -Wformat -Wnoexcept -Wsuggest-attribute=format -Wsuggest-attribute=noreturn -Wno-variadic-macros -fvisibility=hidden -pthread -MT src/liblog4cplus_la-threads.lo -MD -MP -MF src/.deps/liblog4cplus_la-threads.Tpo -c src/threads.cxx  -fPIC -DPIC -o src/.libs/liblog4cplus_la-threads.o
libtool: compile:  g++ -DHAVE_CONFIG_H -I./include -I./threadpool -I./include -I./catch/single_include/catch2 -DCATCH_CONFIG_PREFIX_ALL=1 -DNDEBUG -DINSIDE_LOG4CPLUS -I/home/GVirtuS/GVirtuS/build/external/include/ -D_GNU_SOURCE=1 -D_REENTRANT -g -O2 -Wall -fdiagnostics-show-caret -ftrack-macro-expansion -fdiagnostics-color=auto -Wextra -pedantic -Wstrict-aliasing -Wstrict-overflow -Woverloaded-virtual -Wold-style-cast -Wc++14-compat -Wundef -Wshadow -Wformat -Wnoexcept -Wsuggest-attribute=format -Wsuggest-attribute=noreturn -Wno-variadic-macros -fvisibility=hidden -pthread -MT src/liblog4cplus_la-timehelper.lo -MD -MP -MF src/.deps/liblog4cplus_la-timehelper.Tpo -c src/timehelper.cxx  -fPIC -DPIC -o src/.libs/liblog4cplus_la-timehelper.o
libtool: compile:  g++ -DHAVE_CONFIG_H -I./include -I./threadpool -I./include -I./catch/single_include/catch2 -DCATCH_CONFIG_PREFIX_ALL=1 -DNDEBUG -DINSIDE_LOG4CPLUS -I/home/GVirtuS/GVirtuS/build/external/include/ -D_GNU_SOURCE=1 -D_REENTRANT -g -O2 -Wall -fdiagnostics-show-caret -ftrack-macro-expansion -fdiagnostics-color=auto -Wextra -pedantic -Wstrict-aliasing -Wstrict-overflow -Woverloaded-virtual -Wold-style-cast -Wc++14-compat -Wundef -Wshadow -Wformat -Wnoexcept -Wsuggest-attribute=format -Wsuggest-attribute=noreturn -Wno-variadic-macros -fvisibility=hidden -pthread -MT src/liblog4cplus_la-tls.lo -MD -MP -MF src/.deps/liblog4cplus_la-tls.Tpo -c src/tls.cxx  -fPIC -DPIC -o src/.libs/liblog4cplus_la-tls.o
libtool: compile:  g++ -DHAVE_CONFIG_H -I./include -I./threadpool -I./include -I./catch/single_include/catch2 -DCATCH_CONFIG_PREFIX_ALL=1 -DNDEBUG -DINSIDE_LOG4CPLUS -I/home/GVirtuS/GVirtuS/build/external/include/ -D_GNU_SOURCE=1 -D_REENTRANT -g -O2 -Wall -fdiagnostics-show-caret -ftrack-macro-expansion -fdiagnostics-color=auto -Wextra -pedantic -Wstrict-aliasing -Wstrict-overflow -Woverloaded-virtual -Wold-style-cast -Wc++14-compat -Wundef -Wshadow -Wformat -Wnoexcept -Wsuggest-attribute=format -Wsuggest-attribute=noreturn -Wno-variadic-macros -fvisibility=hidden -pthread -MT src/liblog4cplus_la-version.lo -MD -MP -MF src/.deps/liblog4cplus_la-version.Tpo -c src/version.cxx  -fPIC -DPIC -o src/.libs/liblog4cplus_la-version.o
libtool: compile:  g++ -DHAVE_CONFIG_H -I./include -I./threadpool -I./include -I./catch/single_include/catch2 -DCATCH_CONFIG_PREFIX_ALL=1 -DNDEBUG -DINSIDE_LOG4CPLUS -I/home/GVirtuS/GVirtuS/build/external/include/ -D_GNU_SOURCE=1 -D_REENTRANT -g -O2 -Wall -fdiagnostics-show-caret -ftrack-macro-expansion -fdiagnostics-color=auto -Wextra -pedantic -Wstrict-aliasing -Wstrict-overflow -Woverloaded-virtual -Wold-style-cast -Wc++14-compat -Wundef -Wshadow -Wformat -Wnoexcept -Wsuggest-attribute=format -Wsuggest-attribute=noreturn -Wno-variadic-macros -fvisibility=hidden -pthread -MT src/liblog4cplus_la-win32consoleappender.lo -MD -MP -MF src/.deps/liblog4cplus_la-win32consoleappender.Tpo -c src/win32consoleappender.cxx  -fPIC -DPIC -o src/.libs/liblog4cplus_la-win32consoleappender.o
libtool: compile:  g++ -DHAVE_CONFIG_H -I./include -I./threadpool -I./include -I./catch/single_include/catch2 -DCATCH_CONFIG_PREFIX_ALL=1 -DNDEBUG -DINSIDE_LOG4CPLUS -I/home/GVirtuS/GVirtuS/build/external/include/ -D_GNU_SOURCE=1 -D_REENTRANT -g -O2 -Wall -fdiagnostics-show-caret -ftrack-macro-expansion -fdiagnostics-color=auto -Wextra -pedantic -Wstrict-aliasing -Wstrict-overflow -Woverloaded-virtual -Wold-style-cast -Wc++14-compat -Wundef -Wshadow -Wformat -Wnoexcept -Wsuggest-attribute=format -Wsuggest-attribute=noreturn -Wno-variadic-macros -fvisibility=hidden -pthread -MT src/liblog4cplus_la-win32debugappender.lo -MD -MP -MF src/.deps/liblog4cplus_la-win32debugappender.Tpo -c src/win32debugappender.cxx  -fPIC -DPIC -o src/.libs/liblog4cplus_la-win32debugappender.o
libtool: link: g++  -fPIC -DPIC -shared -nostdlib /usr/lib/gcc/x86_64-linux-gnu/9/../../../x86_64-linux-gnu/crti.o /usr/lib/gcc/x86_64-linux-gnu/9/crtbeginS.o  src/.libs/liblog4cplus_la-appenderattachableimpl.o src/.libs/liblog4cplus_la-appender.o src/.libs/liblog4cplus_la-asyncappender.o src/.libs/liblog4cplus_la-callbackappender.o src/.libs/liblog4cplus_la-clogger.o src/.libs/liblog4cplus_la-configurator.o src/.libs/liblog4cplus_la-connectorthread.o src/.libs/liblog4cplus_la-consoleappender.o src/.libs/liblog4cplus_la-cygwin-win32.o src/.libs/liblog4cplus_la-env.o src/.libs/liblog4cplus_la-factory.o src/.libs/liblog4cplus_la-fileappender.o src/.libs/liblog4cplus_la-fileinfo.o src/.libs/liblog4cplus_la-filter.o src/.libs/liblog4cplus_la-global-init.o src/.libs/liblog4cplus_la-hierarchy.o src/.libs/liblog4cplus_la-hierarchylocker.o src/.libs/liblog4cplus_la-layout.o src/.libs/liblog4cplus_la-log4judpappender.o src/.libs/liblog4cplus_la-lockfile.o src/.libs/liblog4cplus_la-logger.o src/.libs/liblog4cplus_la-loggerimpl.o src/.libs/liblog4cplus_la-loggingevent.o src/.libs/liblog4cplus_la-loggingmacros.o src/.libs/liblog4cplus_la-loglevel.o src/.libs/liblog4cplus_la-loglog.o src/.libs/liblog4cplus_la-mdc.o src/.libs/liblog4cplus_la-ndc.o src/.libs/liblog4cplus_la-nullappender.o src/.libs/liblog4cplus_la-nteventlogappender.o src/.libs/liblog4cplus_la-objectregistry.o src/.libs/liblog4cplus_la-patternlayout.o src/.libs/liblog4cplus_la-pointer.o src/.libs/liblog4cplus_la-property.o src/.libs/liblog4cplus_la-queue.o src/.libs/liblog4cplus_la-rootlogger.o src/.libs/liblog4cplus_la-snprintf.o src/.libs/liblog4cplus_la-socketappender.o src/.libs/liblog4cplus_la-socketbuffer.o src/.libs/liblog4cplus_la-socket.o src/.libs/liblog4cplus_la-socket-unix.o src/.libs/liblog4cplus_la-socket-win32.o src/.libs/liblog4cplus_la-stringhelper.o src/.libs/liblog4cplus_la-stringhelper-clocale.o src/.libs/liblog4cplus_la-stringhelper-cxxlocale.o src/.libs/liblog4cplus_la-stringhelper-iconv.o src/.libs/liblog4cplus_la-syncprims.o src/.libs/liblog4cplus_la-syslogappender.o src/.libs/liblog4cplus_la-threads.o src/.libs/liblog4cplus_la-timehelper.o src/.libs/liblog4cplus_la-tls.o src/.libs/liblog4cplus_la-version.o src/.libs/liblog4cplus_la-win32consoleappender.o src/.libs/liblog4cplus_la-win32debugappender.o   -L/home/GVirtuS/GVirtuS/build/external/lib/ -L/usr/lib/gcc/x86_64-linux-gnu/9 -L/usr/lib/gcc/x86_64-linux-gnu/9/../../../x86_64-linux-gnu -L/usr/lib/gcc/x86_64-linux-gnu/9/../../../../lib -L/lib/x86_64-linux-gnu -L/lib/../lib -L/usr/lib/x86_64-linux-gnu -L/usr/lib/../lib -L/usr/local/cuda/lib64/stubs -L/usr/lib/gcc/x86_64-linux-gnu/9/../../.. -lstdc++ -lm -lpthread -lc -lgcc_s /usr/lib/gcc/x86_64-linux-gnu/9/crtendS.o /usr/lib/gcc/x86_64-linux-gnu/9/../../../x86_64-linux-gnu/crtn.o  -g -O2 -pthread   -pthread -Wl,-soname -Wl,liblog4cplus-2.0.so.3 -o .libs/liblog4cplus-2.0.so.3.4.5
libtool: link: (cd ".libs" && rm -f "liblog4cplus-2.0.so.3" && ln -s "liblog4cplus-2.0.so.3.4.5" "liblog4cplus-2.0.so.3")
libtool: link: (cd ".libs" && rm -f "liblog4cplus.so" && ln -s "liblog4cplus-2.0.so.3.4.5" "liblog4cplus.so")
libtool: link: ( cd ".libs" && rm -f "liblog4cplus.la" && ln -s "../liblog4cplus.la" "liblog4cplus.la" )
libtool: link: g++ -g -O2 -Wall -fdiagnostics-show-caret -ftrack-macro-expansion -fdiagnostics-color=auto -Wextra -pedantic -Wstrict-aliasing -Wstrict-overflow -Woverloaded-virtual -Wold-style-cast -Wc++14-compat -Wundef -Wshadow -Wformat -Wnoexcept -Wsuggest-attribute=format -Wsuggest-attribute=noreturn -Wno-variadic-macros -fvisibility=hidden -pthread -o .libs/loggingserver simpleserver/loggingserver.o  -L/home/GVirtuS/GVirtuS/build/external/lib/ ./.libs/liblog4cplus.so -pthread -Wl,-rpath -Wl,/home/GVirtuS/GVirtuS/build/external/lib
libtool: compile:  g++ -DHAVE_CONFIG_H -I./include -I./threadpool -I./include -I./catch/single_include/catch2 -DCATCH_CONFIG_PREFIX_ALL=1 -DNDEBUG -DINSIDE_LOG4CPLUS -DUNICODE=1 -D_UNICODE=1 -I/home/GVirtuS/GVirtuS/build/external/include/ -D_GNU_SOURCE=1 -D_REENTRANT -g -O2 -Wall -fdiagnostics-show-caret -ftrack-macro-expansion -fdiagnostics-color=auto -Wextra -pedantic -Wstrict-aliasing -Wstrict-overflow -Woverloaded-virtual -Wold-style-cast -Wc++14-compat -Wundef -Wshadow -Wformat -Wnoexcept -Wsuggest-attribute=format -Wsuggest-attribute=noreturn -Wno-variadic-macros -fvisibility=hidden -pthread -MT src/liblog4cplusU_la-appenderattachableimpl.lo -MD -MP -MF src/.deps/liblog4cplusU_la-appenderattachableimpl.Tpo -c src/appenderattachableimpl.cxx  -fPIC -DPIC -o src/.libs/liblog4cplusU_la-appenderattachableimpl.o
libtool: compile:  g++ -DHAVE_CONFIG_H -I./include -I./threadpool -I./include -I./catch/single_include/catch2 -DCATCH_CONFIG_PREFIX_ALL=1 -DNDEBUG -DINSIDE_LOG4CPLUS -DUNICODE=1 -D_UNICODE=1 -I/home/GVirtuS/GVirtuS/build/external/include/ -D_GNU_SOURCE=1 -D_REENTRANT -g -O2 -Wall -fdiagnostics-show-caret -ftrack-macro-expansion -fdiagnostics-color=auto -Wextra -pedantic -Wstrict-aliasing -Wstrict-overflow -Woverloaded-virtual -Wold-style-cast -Wc++14-compat -Wundef -Wshadow -Wformat -Wnoexcept -Wsuggest-attribute=format -Wsuggest-attribute=noreturn -Wno-variadic-macros -fvisibility=hidden -pthread -MT src/liblog4cplusU_la-appender.lo -MD -MP -MF src/.deps/liblog4cplusU_la-appender.Tpo -c src/appender.cxx  -fPIC -DPIC -o src/.libs/liblog4cplusU_la-appender.o
libtool: compile:  g++ -DHAVE_CONFIG_H -I./include -I./threadpool -I./include -I./catch/single_include/catch2 -DCATCH_CONFIG_PREFIX_ALL=1 -DNDEBUG -DINSIDE_LOG4CPLUS -DUNICODE=1 -D_UNICODE=1 -I/home/GVirtuS/GVirtuS/build/external/include/ -D_GNU_SOURCE=1 -D_REENTRANT -g -O2 -Wall -fdiagnostics-show-caret -ftrack-macro-expansion -fdiagnostics-color=auto -Wextra -pedantic -Wstrict-aliasing -Wstrict-overflow -Woverloaded-virtual -Wold-style-cast -Wc++14-compat -Wundef -Wshadow -Wformat -Wnoexcept -Wsuggest-attribute=format -Wsuggest-attribute=noreturn -Wno-variadic-macros -fvisibility=hidden -pthread -MT src/liblog4cplusU_la-asyncappender.lo -MD -MP -MF src/.deps/liblog4cplusU_la-asyncappender.Tpo -c src/asyncappender.cxx  -fPIC -DPIC -o src/.libs/liblog4cplusU_la-asyncappender.o
libtool: compile:  g++ -DHAVE_CONFIG_H -I./include -I./threadpool -I./include -I./catch/single_include/catch2 -DCATCH_CONFIG_PREFIX_ALL=1 -DNDEBUG -DINSIDE_LOG4CPLUS -DUNICODE=1 -D_UNICODE=1 -I/home/GVirtuS/GVirtuS/build/external/include/ -D_GNU_SOURCE=1 -D_REENTRANT -g -O2 -Wall -fdiagnostics-show-caret -ftrack-macro-expansion -fdiagnostics-color=auto -Wextra -pedantic -Wstrict-aliasing -Wstrict-overflow -Woverloaded-virtual -Wold-style-cast -Wc++14-compat -Wundef -Wshadow -Wformat -Wnoexcept -Wsuggest-attribute=format -Wsuggest-attribute=noreturn -Wno-variadic-macros -fvisibility=hidden -pthread -MT src/liblog4cplusU_la-callbackappender.lo -MD -MP -MF src/.deps/liblog4cplusU_la-callbackappender.Tpo -c src/callbackappender.cxx  -fPIC -DPIC -o src/.libs/liblog4cplusU_la-callbackappender.o
libtool: compile:  g++ -DHAVE_CONFIG_H -I./include -I./threadpool -I./include -I./catch/single_include/catch2 -DCATCH_CONFIG_PREFIX_ALL=1 -DNDEBUG -DINSIDE_LOG4CPLUS -DUNICODE=1 -D_UNICODE=1 -I/home/GVirtuS/GVirtuS/build/external/include/ -D_GNU_SOURCE=1 -D_REENTRANT -g -O2 -Wall -fdiagnostics-show-caret -ftrack-macro-expansion -fdiagnostics-color=auto -Wextra -pedantic -Wstrict-aliasing -Wstrict-overflow -Woverloaded-virtual -Wold-style-cast -Wc++14-compat -Wundef -Wshadow -Wformat -Wnoexcept -Wsuggest-attribute=format -Wsuggest-attribute=noreturn -Wno-variadic-macros -fvisibility=hidden -pthread -MT src/liblog4cplusU_la-clogger.lo -MD -MP -MF src/.deps/liblog4cplusU_la-clogger.Tpo -c src/clogger.cxx  -fPIC -DPIC -o src/.libs/liblog4cplusU_la-clogger.o
libtool: compile:  g++ -DHAVE_CONFIG_H -I./include -I./threadpool -I./include -I./catch/single_include/catch2 -DCATCH_CONFIG_PREFIX_ALL=1 -DNDEBUG -DINSIDE_LOG4CPLUS -DUNICODE=1 -D_UNICODE=1 -I/home/GVirtuS/GVirtuS/build/external/include/ -D_GNU_SOURCE=1 -D_REENTRANT -g -O2 -Wall -fdiagnostics-show-caret -ftrack-macro-expansion -fdiagnostics-color=auto -Wextra -pedantic -Wstrict-aliasing -Wstrict-overflow -Woverloaded-virtual -Wold-style-cast -Wc++14-compat -Wundef -Wshadow -Wformat -Wnoexcept -Wsuggest-attribute=format -Wsuggest-attribute=noreturn -Wno-variadic-macros -fvisibility=hidden -pthread -MT src/liblog4cplusU_la-configurator.lo -MD -MP -MF src/.deps/liblog4cplusU_la-configurator.Tpo -c src/configurator.cxx  -fPIC -DPIC -o src/.libs/liblog4cplusU_la-configurator.o
libtool: compile:  g++ -DHAVE_CONFIG_H -I./include -I./threadpool -I./include -I./catch/single_include/catch2 -DCATCH_CONFIG_PREFIX_ALL=1 -DNDEBUG -DINSIDE_LOG4CPLUS -DUNICODE=1 -D_UNICODE=1 -I/home/GVirtuS/GVirtuS/build/external/include/ -D_GNU_SOURCE=1 -D_REENTRANT -g -O2 -Wall -fdiagnostics-show-caret -ftrack-macro-expansion -fdiagnostics-color=auto -Wextra -pedantic -Wstrict-aliasing -Wstrict-overflow -Woverloaded-virtual -Wold-style-cast -Wc++14-compat -Wundef -Wshadow -Wformat -Wnoexcept -Wsuggest-attribute=format -Wsuggest-attribute=noreturn -Wno-variadic-macros -fvisibility=hidden -pthread -MT src/liblog4cplusU_la-connectorthread.lo -MD -MP -MF src/.deps/liblog4cplusU_la-connectorthread.Tpo -c src/connectorthread.cxx  -fPIC -DPIC -o src/.libs/liblog4cplusU_la-connectorthread.o
libtool: compile:  g++ -DHAVE_CONFIG_H -I./include -I./threadpool -I./include -I./catch/single_include/catch2 -DCATCH_CONFIG_PREFIX_ALL=1 -DNDEBUG -DINSIDE_LOG4CPLUS -DUNICODE=1 -D_UNICODE=1 -I/home/GVirtuS/GVirtuS/build/external/include/ -D_GNU_SOURCE=1 -D_REENTRANT -g -O2 -Wall -fdiagnostics-show-caret -ftrack-macro-expansion -fdiagnostics-color=auto -Wextra -pedantic -Wstrict-aliasing -Wstrict-overflow -Woverloaded-virtual -Wold-style-cast -Wc++14-compat -Wundef -Wshadow -Wformat -Wnoexcept -Wsuggest-attribute=format -Wsuggest-attribute=noreturn -Wno-variadic-macros -fvisibility=hidden -pthread -MT src/liblog4cplusU_la-consoleappender.lo -MD -MP -MF src/.deps/liblog4cplusU_la-consoleappender.Tpo -c src/consoleappender.cxx  -fPIC -DPIC -o src/.libs/liblog4cplusU_la-consoleappender.o
libtool: compile:  g++ -DHAVE_CONFIG_H -I./include -I./threadpool -I./include -I./catch/single_include/catch2 -DCATCH_CONFIG_PREFIX_ALL=1 -DNDEBUG -DINSIDE_LOG4CPLUS -DUNICODE=1 -D_UNICODE=1 -I/home/GVirtuS/GVirtuS/build/external/include/ -D_GNU_SOURCE=1 -D_REENTRANT -g -O2 -Wall -fdiagnostics-show-caret -ftrack-macro-expansion -fdiagnostics-color=auto -Wextra -pedantic -Wstrict-aliasing -Wstrict-overflow -Woverloaded-virtual -Wold-style-cast -Wc++14-compat -Wundef -Wshadow -Wformat -Wnoexcept -Wsuggest-attribute=format -Wsuggest-attribute=noreturn -Wno-variadic-macros -fvisibility=hidden -pthread -MT src/liblog4cplusU_la-cygwin-win32.lo -MD -MP -MF src/.deps/liblog4cplusU_la-cygwin-win32.Tpo -c src/cygwin-win32.cxx  -fPIC -DPIC -o src/.libs/liblog4cplusU_la-cygwin-win32.o
libtool: compile:  g++ -DHAVE_CONFIG_H -I./include -I./threadpool -I./include -I./catch/single_include/catch2 -DCATCH_CONFIG_PREFIX_ALL=1 -DNDEBUG -DINSIDE_LOG4CPLUS -DUNICODE=1 -D_UNICODE=1 -I/home/GVirtuS/GVirtuS/build/external/include/ -D_GNU_SOURCE=1 -D_REENTRANT -g -O2 -Wall -fdiagnostics-show-caret -ftrack-macro-expansion -fdiagnostics-color=auto -Wextra -pedantic -Wstrict-aliasing -Wstrict-overflow -Woverloaded-virtual -Wold-style-cast -Wc++14-compat -Wundef -Wshadow -Wformat -Wnoexcept -Wsuggest-attribute=format -Wsuggest-attribute=noreturn -Wno-variadic-macros -fvisibility=hidden -pthread -MT src/liblog4cplusU_la-env.lo -MD -MP -MF src/.deps/liblog4cplusU_la-env.Tpo -c src/env.cxx  -fPIC -DPIC -o src/.libs/liblog4cplusU_la-env.o
libtool: compile:  g++ -DHAVE_CONFIG_H -I./include -I./threadpool -I./include -I./catch/single_include/catch2 -DCATCH_CONFIG_PREFIX_ALL=1 -DNDEBUG -DINSIDE_LOG4CPLUS -DUNICODE=1 -D_UNICODE=1 -I/home/GVirtuS/GVirtuS/build/external/include/ -D_GNU_SOURCE=1 -D_REENTRANT -g -O2 -Wall -fdiagnostics-show-caret -ftrack-macro-expansion -fdiagnostics-color=auto -Wextra -pedantic -Wstrict-aliasing -Wstrict-overflow -Woverloaded-virtual -Wold-style-cast -Wc++14-compat -Wundef -Wshadow -Wformat -Wnoexcept -Wsuggest-attribute=format -Wsuggest-attribute=noreturn -Wno-variadic-macros -fvisibility=hidden -pthread -MT src/liblog4cplusU_la-factory.lo -MD -MP -MF src/.deps/liblog4cplusU_la-factory.Tpo -c src/factory.cxx  -fPIC -DPIC -o src/.libs/liblog4cplusU_la-factory.o
libtool: compile:  g++ -DHAVE_CONFIG_H -I./include -I./threadpool -I./include -I./catch/single_include/catch2 -DCATCH_CONFIG_PREFIX_ALL=1 -DNDEBUG -DINSIDE_LOG4CPLUS -DUNICODE=1 -D_UNICODE=1 -I/home/GVirtuS/GVirtuS/build/external/include/ -D_GNU_SOURCE=1 -D_REENTRANT -g -O2 -Wall -fdiagnostics-show-caret -ftrack-macro-expansion -fdiagnostics-color=auto -Wextra -pedantic -Wstrict-aliasing -Wstrict-overflow -Woverloaded-virtual -Wold-style-cast -Wc++14-compat -Wundef -Wshadow -Wformat -Wnoexcept -Wsuggest-attribute=format -Wsuggest-attribute=noreturn -Wno-variadic-macros -fvisibility=hidden -pthread -MT src/liblog4cplusU_la-fileappender.lo -MD -MP -MF src/.deps/liblog4cplusU_la-fileappender.Tpo -c src/fileappender.cxx  -fPIC -DPIC -o src/.libs/liblog4cplusU_la-fileappender.o
src/fileappender.cxx:727:1: warning: 'log4cplus::helpers::Time log4cplus::{anonymous}::adjust_for_time_zone(const Time&, const seconds&)' defined but not used [-Wunused-function]
  727 | adjust_for_time_zone (Time const & t, std::chrono::seconds const & tzoffset)
      | ^~~~~~~~~~~~~~~~~~~~
src/fileappender.cxx:711:1: warning: 'std::chrono::seconds log4cplus::{anonymous}::local_time_offset(const Time&)' defined but not used [-Wunused-function]
  711 | local_time_offset (Time const & t)
      | ^~~~~~~~~~~~~~~~~
libtool: compile:  g++ -DHAVE_CONFIG_H -I./include -I./threadpool -I./include -I./catch/single_include/catch2 -DCATCH_CONFIG_PREFIX_ALL=1 -DNDEBUG -DINSIDE_LOG4CPLUS -DUNICODE=1 -D_UNICODE=1 -I/home/GVirtuS/GVirtuS/build/external/include/ -D_GNU_SOURCE=1 -D_REENTRANT -g -O2 -Wall -fdiagnostics-show-caret -ftrack-macro-expansion -fdiagnostics-color=auto -Wextra -pedantic -Wstrict-aliasing -Wstrict-overflow -Woverloaded-virtual -Wold-style-cast -Wc++14-compat -Wundef -Wshadow -Wformat -Wnoexcept -Wsuggest-attribute=format -Wsuggest-attribute=noreturn -Wno-variadic-macros -fvisibility=hidden -pthread -MT src/liblog4cplusU_la-fileinfo.lo -MD -MP -MF src/.deps/liblog4cplusU_la-fileinfo.Tpo -c src/fileinfo.cxx  -fPIC -DPIC -o src/.libs/liblog4cplusU_la-fileinfo.o
libtool: compile:  g++ -DHAVE_CONFIG_H -I./include -I./threadpool -I./include -I./catch/single_include/catch2 -DCATCH_CONFIG_PREFIX_ALL=1 -DNDEBUG -DINSIDE_LOG4CPLUS -DUNICODE=1 -D_UNICODE=1 -I/home/GVirtuS/GVirtuS/build/external/include/ -D_GNU_SOURCE=1 -D_REENTRANT -g -O2 -Wall -fdiagnostics-show-caret -ftrack-macro-expansion -fdiagnostics-color=auto -Wextra -pedantic -Wstrict-aliasing -Wstrict-overflow -Woverloaded-virtual -Wold-style-cast -Wc++14-compat -Wundef -Wshadow -Wformat -Wnoexcept -Wsuggest-attribute=format -Wsuggest-attribute=noreturn -Wno-variadic-macros -fvisibility=hidden -pthread -MT src/liblog4cplusU_la-filter.lo -MD -MP -MF src/.deps/liblog4cplusU_la-filter.Tpo -c src/filter.cxx  -fPIC -DPIC -o src/.libs/liblog4cplusU_la-filter.o
libtool: compile:  g++ -DHAVE_CONFIG_H -I./include -I./threadpool -I./include -I./catch/single_include/catch2 -DCATCH_CONFIG_PREFIX_ALL=1 -DNDEBUG -DINSIDE_LOG4CPLUS -DUNICODE=1 -D_UNICODE=1 -I/home/GVirtuS/GVirtuS/build/external/include/ -D_GNU_SOURCE=1 -D_REENTRANT -g -O2 -Wall -fdiagnostics-show-caret -ftrack-macro-expansion -fdiagnostics-color=auto -Wextra -pedantic -Wstrict-aliasing -Wstrict-overflow -Woverloaded-virtual -Wold-style-cast -Wc++14-compat -Wundef -Wshadow -Wformat -Wnoexcept -Wsuggest-attribute=format -Wsuggest-attribute=noreturn -Wno-variadic-macros -fvisibility=hidden -pthread -MT src/liblog4cplusU_la-global-init.lo -MD -MP -MF src/.deps/liblog4cplusU_la-global-init.Tpo -c src/global-init.cxx  -fPIC -DPIC -o src/.libs/liblog4cplusU_la-global-init.o
libtool: compile:  g++ -DHAVE_CONFIG_H -I./include -I./threadpool -I./include -I./catch/single_include/catch2 -DCATCH_CONFIG_PREFIX_ALL=1 -DNDEBUG -DINSIDE_LOG4CPLUS -DUNICODE=1 -D_UNICODE=1 -I/home/GVirtuS/GVirtuS/build/external/include/ -D_GNU_SOURCE=1 -D_REENTRANT -g -O2 -Wall -fdiagnostics-show-caret -ftrack-macro-expansion -fdiagnostics-color=auto -Wextra -pedantic -Wstrict-aliasing -Wstrict-overflow -Woverloaded-virtual -Wold-style-cast -Wc++14-compat -Wundef -Wshadow -Wformat -Wnoexcept -Wsuggest-attribute=format -Wsuggest-attribute=noreturn -Wno-variadic-macros -fvisibility=hidden -pthread -MT src/liblog4cplusU_la-hierarchy.lo -MD -MP -MF src/.deps/liblog4cplusU_la-hierarchy.Tpo -c src/hierarchy.cxx  -fPIC -DPIC -o src/.libs/liblog4cplusU_la-hierarchy.o
libtool: compile:  g++ -DHAVE_CONFIG_H -I./include -I./threadpool -I./include -I./catch/single_include/catch2 -DCATCH_CONFIG_PREFIX_ALL=1 -DNDEBUG -DINSIDE_LOG4CPLUS -DUNICODE=1 -D_UNICODE=1 -I/home/GVirtuS/GVirtuS/build/external/include/ -D_GNU_SOURCE=1 -D_REENTRANT -g -O2 -Wall -fdiagnostics-show-caret -ftrack-macro-expansion -fdiagnostics-color=auto -Wextra -pedantic -Wstrict-aliasing -Wstrict-overflow -Woverloaded-virtual -Wold-style-cast -Wc++14-compat -Wundef -Wshadow -Wformat -Wnoexcept -Wsuggest-attribute=format -Wsuggest-attribute=noreturn -Wno-variadic-macros -fvisibility=hidden -pthread -MT src/liblog4cplusU_la-hierarchylocker.lo -MD -MP -MF src/.deps/liblog4cplusU_la-hierarchylocker.Tpo -c src/hierarchylocker.cxx  -fPIC -DPIC -o src/.libs/liblog4cplusU_la-hierarchylocker.o
libtool: compile:  g++ -DHAVE_CONFIG_H -I./include -I./threadpool -I./include -I./catch/single_include/catch2 -DCATCH_CONFIG_PREFIX_ALL=1 -DNDEBUG -DINSIDE_LOG4CPLUS -DUNICODE=1 -D_UNICODE=1 -I/home/GVirtuS/GVirtuS/build/external/include/ -D_GNU_SOURCE=1 -D_REENTRANT -g -O2 -Wall -fdiagnostics-show-caret -ftrack-macro-expansion -fdiagnostics-color=auto -Wextra -pedantic -Wstrict-aliasing -Wstrict-overflow -Woverloaded-virtual -Wold-style-cast -Wc++14-compat -Wundef -Wshadow -Wformat -Wnoexcept -Wsuggest-attribute=format -Wsuggest-attribute=noreturn -Wno-variadic-macros -fvisibility=hidden -pthread -MT src/liblog4cplusU_la-layout.lo -MD -MP -MF src/.deps/liblog4cplusU_la-layout.Tpo -c src/layout.cxx  -fPIC -DPIC -o src/.libs/liblog4cplusU_la-layout.o
libtool: compile:  g++ -DHAVE_CONFIG_H -I./include -I./threadpool -I./include -I./catch/single_include/catch2 -DCATCH_CONFIG_PREFIX_ALL=1 -DNDEBUG -DINSIDE_LOG4CPLUS -DUNICODE=1 -D_UNICODE=1 -I/home/GVirtuS/GVirtuS/build/external/include/ -D_GNU_SOURCE=1 -D_REENTRANT -g -O2 -Wall -fdiagnostics-show-caret -ftrack-macro-expansion -fdiagnostics-color=auto -Wextra -pedantic -Wstrict-aliasing -Wstrict-overflow -Woverloaded-virtual -Wold-style-cast -Wc++14-compat -Wundef -Wshadow -Wformat -Wnoexcept -Wsuggest-attribute=format -Wsuggest-attribute=noreturn -Wno-variadic-macros -fvisibility=hidden -pthread -MT src/liblog4cplusU_la-log4judpappender.lo -MD -MP -MF src/.deps/liblog4cplusU_la-log4judpappender.Tpo -c src/log4judpappender.cxx  -fPIC -DPIC -o src/.libs/liblog4cplusU_la-log4judpappender.o
libtool: compile:  g++ -DHAVE_CONFIG_H -I./include -I./threadpool -I./include -I./catch/single_include/catch2 -DCATCH_CONFIG_PREFIX_ALL=1 -DNDEBUG -DINSIDE_LOG4CPLUS -DUNICODE=1 -D_UNICODE=1 -I/home/GVirtuS/GVirtuS/build/external/include/ -D_GNU_SOURCE=1 -D_REENTRANT -g -O2 -Wall -fdiagnostics-show-caret -ftrack-macro-expansion -fdiagnostics-color=auto -Wextra -pedantic -Wstrict-aliasing -Wstrict-overflow -Woverloaded-virtual -Wold-style-cast -Wc++14-compat -Wundef -Wshadow -Wformat -Wnoexcept -Wsuggest-attribute=format -Wsuggest-attribute=noreturn -Wno-variadic-macros -fvisibility=hidden -pthread -MT src/liblog4cplusU_la-lockfile.lo -MD -MP -MF src/.deps/liblog4cplusU_la-lockfile.Tpo -c src/lockfile.cxx  -fPIC -DPIC -o src/.libs/liblog4cplusU_la-lockfile.o
libtool: compile:  g++ -DHAVE_CONFIG_H -I./include -I./threadpool -I./include -I./catch/single_include/catch2 -DCATCH_CONFIG_PREFIX_ALL=1 -DNDEBUG -DINSIDE_LOG4CPLUS -DUNICODE=1 -D_UNICODE=1 -I/home/GVirtuS/GVirtuS/build/external/include/ -D_GNU_SOURCE=1 -D_REENTRANT -g -O2 -Wall -fdiagnostics-show-caret -ftrack-macro-expansion -fdiagnostics-color=auto -Wextra -pedantic -Wstrict-aliasing -Wstrict-overflow -Woverloaded-virtual -Wold-style-cast -Wc++14-compat -Wundef -Wshadow -Wformat -Wnoexcept -Wsuggest-attribute=format -Wsuggest-attribute=noreturn -Wno-variadic-macros -fvisibility=hidden -pthread -MT src/liblog4cplusU_la-logger.lo -MD -MP -MF src/.deps/liblog4cplusU_la-logger.Tpo -c src/logger.cxx  -fPIC -DPIC -o src/.libs/liblog4cplusU_la-logger.o
libtool: compile:  g++ -DHAVE_CONFIG_H -I./include -I./threadpool -I./include -I./catch/single_include/catch2 -DCATCH_CONFIG_PREFIX_ALL=1 -DNDEBUG -DINSIDE_LOG4CPLUS -DUNICODE=1 -D_UNICODE=1 -I/home/GVirtuS/GVirtuS/build/external/include/ -D_GNU_SOURCE=1 -D_REENTRANT -g -O2 -Wall -fdiagnostics-show-caret -ftrack-macro-expansion -fdiagnostics-color=auto -Wextra -pedantic -Wstrict-aliasing -Wstrict-overflow -Woverloaded-virtual -Wold-style-cast -Wc++14-compat -Wundef -Wshadow -Wformat -Wnoexcept -Wsuggest-attribute=format -Wsuggest-attribute=noreturn -Wno-variadic-macros -fvisibility=hidden -pthread -MT src/liblog4cplusU_la-loggerimpl.lo -MD -MP -MF src/.deps/liblog4cplusU_la-loggerimpl.Tpo -c src/loggerimpl.cxx  -fPIC -DPIC -o src/.libs/liblog4cplusU_la-loggerimpl.o
libtool: compile:  g++ -DHAVE_CONFIG_H -I./include -I./threadpool -I./include -I./catch/single_include/catch2 -DCATCH_CONFIG_PREFIX_ALL=1 -DNDEBUG -DINSIDE_LOG4CPLUS -DUNICODE=1 -D_UNICODE=1 -I/home/GVirtuS/GVirtuS/build/external/include/ -D_GNU_SOURCE=1 -D_REENTRANT -g -O2 -Wall -fdiagnostics-show-caret -ftrack-macro-expansion -fdiagnostics-color=auto -Wextra -pedantic -Wstrict-aliasing -Wstrict-overflow -Woverloaded-virtual -Wold-style-cast -Wc++14-compat -Wundef -Wshadow -Wformat -Wnoexcept -Wsuggest-attribute=format -Wsuggest-attribute=noreturn -Wno-variadic-macros -fvisibility=hidden -pthread -MT src/liblog4cplusU_la-loggingevent.lo -MD -MP -MF src/.deps/liblog4cplusU_la-loggingevent.Tpo -c src/loggingevent.cxx  -fPIC -DPIC -o src/.libs/liblog4cplusU_la-loggingevent.o
libtool: compile:  g++ -DHAVE_CONFIG_H -I./include -I./threadpool -I./include -I./catch/single_include/catch2 -DCATCH_CONFIG_PREFIX_ALL=1 -DNDEBUG -DINSIDE_LOG4CPLUS -DUNICODE=1 -D_UNICODE=1 -I/home/GVirtuS/GVirtuS/build/external/include/ -D_GNU_SOURCE=1 -D_REENTRANT -g -O2 -Wall -fdiagnostics-show-caret -ftrack-macro-expansion -fdiagnostics-color=auto -Wextra -pedantic -Wstrict-aliasing -Wstrict-overflow -Woverloaded-virtual -Wold-style-cast -Wc++14-compat -Wundef -Wshadow -Wformat -Wnoexcept -Wsuggest-attribute=format -Wsuggest-attribute=noreturn -Wno-variadic-macros -fvisibility=hidden -pthread -MT src/liblog4cplusU_la-loggingmacros.lo -MD -MP -MF src/.deps/liblog4cplusU_la-loggingmacros.Tpo -c src/loggingmacros.cxx  -fPIC -DPIC -o src/.libs/liblog4cplusU_la-loggingmacros.o
libtool: compile:  g++ -DHAVE_CONFIG_H -I./include -I./threadpool -I./include -I./catch/single_include/catch2 -DCATCH_CONFIG_PREFIX_ALL=1 -DNDEBUG -DINSIDE_LOG4CPLUS -DUNICODE=1 -D_UNICODE=1 -I/home/GVirtuS/GVirtuS/build/external/include/ -D_GNU_SOURCE=1 -D_REENTRANT -g -O2 -Wall -fdiagnostics-show-caret -ftrack-macro-expansion -fdiagnostics-color=auto -Wextra -pedantic -Wstrict-aliasing -Wstrict-overflow -Woverloaded-virtual -Wold-style-cast -Wc++14-compat -Wundef -Wshadow -Wformat -Wnoexcept -Wsuggest-attribute=format -Wsuggest-attribute=noreturn -Wno-variadic-macros -fvisibility=hidden -pthread -MT src/liblog4cplusU_la-loglevel.lo -MD -MP -MF src/.deps/liblog4cplusU_la-loglevel.Tpo -c src/loglevel.cxx  -fPIC -DPIC -o src/.libs/liblog4cplusU_la-loglevel.o
libtool: compile:  g++ -DHAVE_CONFIG_H -I./include -I./threadpool -I./include -I./catch/single_include/catch2 -DCATCH_CONFIG_PREFIX_ALL=1 -DNDEBUG -DINSIDE_LOG4CPLUS -DUNICODE=1 -D_UNICODE=1 -I/home/GVirtuS/GVirtuS/build/external/include/ -D_GNU_SOURCE=1 -D_REENTRANT -g -O2 -Wall -fdiagnostics-show-caret -ftrack-macro-expansion -fdiagnostics-color=auto -Wextra -pedantic -Wstrict-aliasing -Wstrict-overflow -Woverloaded-virtual -Wold-style-cast -Wc++14-compat -Wundef -Wshadow -Wformat -Wnoexcept -Wsuggest-attribute=format -Wsuggest-attribute=noreturn -Wno-variadic-macros -fvisibility=hidden -pthread -MT src/liblog4cplusU_la-loglog.lo -MD -MP -MF src/.deps/liblog4cplusU_la-loglog.Tpo -c src/loglog.cxx  -fPIC -DPIC -o src/.libs/liblog4cplusU_la-loglog.o
libtool: compile:  g++ -DHAVE_CONFIG_H -I./include -I./threadpool -I./include -I./catch/single_include/catch2 -DCATCH_CONFIG_PREFIX_ALL=1 -DNDEBUG -DINSIDE_LOG4CPLUS -DUNICODE=1 -D_UNICODE=1 -I/home/GVirtuS/GVirtuS/build/external/include/ -D_GNU_SOURCE=1 -D_REENTRANT -g -O2 -Wall -fdiagnostics-show-caret -ftrack-macro-expansion -fdiagnostics-color=auto -Wextra -pedantic -Wstrict-aliasing -Wstrict-overflow -Woverloaded-virtual -Wold-style-cast -Wc++14-compat -Wundef -Wshadow -Wformat -Wnoexcept -Wsuggest-attribute=format -Wsuggest-attribute=noreturn -Wno-variadic-macros -fvisibility=hidden -pthread -MT src/liblog4cplusU_la-mdc.lo -MD -MP -MF src/.deps/liblog4cplusU_la-mdc.Tpo -c src/mdc.cxx  -fPIC -DPIC -o src/.libs/liblog4cplusU_la-mdc.o
libtool: compile:  g++ -DHAVE_CONFIG_H -I./include -I./threadpool -I./include -I./catch/single_include/catch2 -DCATCH_CONFIG_PREFIX_ALL=1 -DNDEBUG -DINSIDE_LOG4CPLUS -DUNICODE=1 -D_UNICODE=1 -I/home/GVirtuS/GVirtuS/build/external/include/ -D_GNU_SOURCE=1 -D_REENTRANT -g -O2 -Wall -fdiagnostics-show-caret -ftrack-macro-expansion -fdiagnostics-color=auto -Wextra -pedantic -Wstrict-aliasing -Wstrict-overflow -Woverloaded-virtual -Wold-style-cast -Wc++14-compat -Wundef -Wshadow -Wformat -Wnoexcept -Wsuggest-attribute=format -Wsuggest-attribute=noreturn -Wno-variadic-macros -fvisibility=hidden -pthread -MT src/liblog4cplusU_la-ndc.lo -MD -MP -MF src/.deps/liblog4cplusU_la-ndc.Tpo -c src/ndc.cxx  -fPIC -DPIC -o src/.libs/liblog4cplusU_la-ndc.o
libtool: compile:  g++ -DHAVE_CONFIG_H -I./include -I./threadpool -I./include -I./catch/single_include/catch2 -DCATCH_CONFIG_PREFIX_ALL=1 -DNDEBUG -DINSIDE_LOG4CPLUS -DUNICODE=1 -D_UNICODE=1 -I/home/GVirtuS/GVirtuS/build/external/include/ -D_GNU_SOURCE=1 -D_REENTRANT -g -O2 -Wall -fdiagnostics-show-caret -ftrack-macro-expansion -fdiagnostics-color=auto -Wextra -pedantic -Wstrict-aliasing -Wstrict-overflow -Woverloaded-virtual -Wold-style-cast -Wc++14-compat -Wundef -Wshadow -Wformat -Wnoexcept -Wsuggest-attribute=format -Wsuggest-attribute=noreturn -Wno-variadic-macros -fvisibility=hidden -pthread -MT src/liblog4cplusU_la-nullappender.lo -MD -MP -MF src/.deps/liblog4cplusU_la-nullappender.Tpo -c src/nullappender.cxx  -fPIC -DPIC -o src/.libs/liblog4cplusU_la-nullappender.o
libtool: compile:  g++ -DHAVE_CONFIG_H -I./include -I./threadpool -I./include -I./catch/single_include/catch2 -DCATCH_CONFIG_PREFIX_ALL=1 -DNDEBUG -DINSIDE_LOG4CPLUS -DUNICODE=1 -D_UNICODE=1 -I/home/GVirtuS/GVirtuS/build/external/include/ -D_GNU_SOURCE=1 -D_REENTRANT -g -O2 -Wall -fdiagnostics-show-caret -ftrack-macro-expansion -fdiagnostics-color=auto -Wextra -pedantic -Wstrict-aliasing -Wstrict-overflow -Woverloaded-virtual -Wold-style-cast -Wc++14-compat -Wundef -Wshadow -Wformat -Wnoexcept -Wsuggest-attribute=format -Wsuggest-attribute=noreturn -Wno-variadic-macros -fvisibility=hidden -pthread -MT src/liblog4cplusU_la-nteventlogappender.lo -MD -MP -MF src/.deps/liblog4cplusU_la-nteventlogappender.Tpo -c src/nteventlogappender.cxx  -fPIC -DPIC -o src/.libs/liblog4cplusU_la-nteventlogappender.o
libtool: compile:  g++ -DHAVE_CONFIG_H -I./include -I./threadpool -I./include -I./catch/single_include/catch2 -DCATCH_CONFIG_PREFIX_ALL=1 -DNDEBUG -DINSIDE_LOG4CPLUS -DUNICODE=1 -D_UNICODE=1 -I/home/GVirtuS/GVirtuS/build/external/include/ -D_GNU_SOURCE=1 -D_REENTRANT -g -O2 -Wall -fdiagnostics-show-caret -ftrack-macro-expansion -fdiagnostics-color=auto -Wextra -pedantic -Wstrict-aliasing -Wstrict-overflow -Woverloaded-virtual -Wold-style-cast -Wc++14-compat -Wundef -Wshadow -Wformat -Wnoexcept -Wsuggest-attribute=format -Wsuggest-attribute=noreturn -Wno-variadic-macros -fvisibility=hidden -pthread -MT src/liblog4cplusU_la-objectregistry.lo -MD -MP -MF src/.deps/liblog4cplusU_la-objectregistry.Tpo -c src/objectregistry.cxx  -fPIC -DPIC -o src/.libs/liblog4cplusU_la-objectregistry.o
libtool: compile:  g++ -DHAVE_CONFIG_H -I./include -I./threadpool -I./include -I./catch/single_include/catch2 -DCATCH_CONFIG_PREFIX_ALL=1 -DNDEBUG -DINSIDE_LOG4CPLUS -DUNICODE=1 -D_UNICODE=1 -I/home/GVirtuS/GVirtuS/build/external/include/ -D_GNU_SOURCE=1 -D_REENTRANT -g -O2 -Wall -fdiagnostics-show-caret -ftrack-macro-expansion -fdiagnostics-color=auto -Wextra -pedantic -Wstrict-aliasing -Wstrict-overflow -Woverloaded-virtual -Wold-style-cast -Wc++14-compat -Wundef -Wshadow -Wformat -Wnoexcept -Wsuggest-attribute=format -Wsuggest-attribute=noreturn -Wno-variadic-macros -fvisibility=hidden -pthread -MT src/liblog4cplusU_la-patternlayout.lo -MD -MP -MF src/.deps/liblog4cplusU_la-patternlayout.Tpo -c src/patternlayout.cxx  -fPIC -DPIC -o src/.libs/liblog4cplusU_la-patternlayout.o
libtool: compile:  g++ -DHAVE_CONFIG_H -I./include -I./threadpool -I./include -I./catch/single_include/catch2 -DCATCH_CONFIG_PREFIX_ALL=1 -DNDEBUG -DINSIDE_LOG4CPLUS -DUNICODE=1 -D_UNICODE=1 -I/home/GVirtuS/GVirtuS/build/external/include/ -D_GNU_SOURCE=1 -D_REENTRANT -g -O2 -Wall -fdiagnostics-show-caret -ftrack-macro-expansion -fdiagnostics-color=auto -Wextra -pedantic -Wstrict-aliasing -Wstrict-overflow -Woverloaded-virtual -Wold-style-cast -Wc++14-compat -Wundef -Wshadow -Wformat -Wnoexcept -Wsuggest-attribute=format -Wsuggest-attribute=noreturn -Wno-variadic-macros -fvisibility=hidden -pthread -MT src/liblog4cplusU_la-pointer.lo -MD -MP -MF src/.deps/liblog4cplusU_la-pointer.Tpo -c src/pointer.cxx  -fPIC -DPIC -o src/.libs/liblog4cplusU_la-pointer.o
libtool: compile:  g++ -DHAVE_CONFIG_H -I./include -I./threadpool -I./include -I./catch/single_include/catch2 -DCATCH_CONFIG_PREFIX_ALL=1 -DNDEBUG -DINSIDE_LOG4CPLUS -DUNICODE=1 -D_UNICODE=1 -I/home/GVirtuS/GVirtuS/build/external/include/ -D_GNU_SOURCE=1 -D_REENTRANT -g -O2 -Wall -fdiagnostics-show-caret -ftrack-macro-expansion -fdiagnostics-color=auto -Wextra -pedantic -Wstrict-aliasing -Wstrict-overflow -Woverloaded-virtual -Wold-style-cast -Wc++14-compat -Wundef -Wshadow -Wformat -Wnoexcept -Wsuggest-attribute=format -Wsuggest-attribute=noreturn -Wno-variadic-macros -fvisibility=hidden -pthread -MT src/liblog4cplusU_la-property.lo -MD -MP -MF src/.deps/liblog4cplusU_la-property.Tpo -c src/property.cxx  -fPIC -DPIC -o src/.libs/liblog4cplusU_la-property.o
src/property.cxx: In function 'void log4cplus::helpers::{anonymous}::imbue_file_from_flags(log4cplus::tistream&, unsigned int)':
src/property.cxx:137:35: warning: unused parameter 'file' [-Wunused-parameter]
  137 | imbue_file_from_flags (tistream & file, unsigned flags)
      |                        ~~~~~~~~~~~^~~~
libtool: compile:  g++ -DHAVE_CONFIG_H -I./include -I./threadpool -I./include -I./catch/single_include/catch2 -DCATCH_CONFIG_PREFIX_ALL=1 -DNDEBUG -DINSIDE_LOG4CPLUS -DUNICODE=1 -D_UNICODE=1 -I/home/GVirtuS/GVirtuS/build/external/include/ -D_GNU_SOURCE=1 -D_REENTRANT -g -O2 -Wall -fdiagnostics-show-caret -ftrack-macro-expansion -fdiagnostics-color=auto -Wextra -pedantic -Wstrict-aliasing -Wstrict-overflow -Woverloaded-virtual -Wold-style-cast -Wc++14-compat -Wundef -Wshadow -Wformat -Wnoexcept -Wsuggest-attribute=format -Wsuggest-attribute=noreturn -Wno-variadic-macros -fvisibility=hidden -pthread -MT src/liblog4cplusU_la-queue.lo -MD -MP -MF src/.deps/liblog4cplusU_la-queue.Tpo -c src/queue.cxx  -fPIC -DPIC -o src/.libs/liblog4cplusU_la-queue.o
libtool: compile:  g++ -DHAVE_CONFIG_H -I./include -I./threadpool -I./include -I./catch/single_include/catch2 -DCATCH_CONFIG_PREFIX_ALL=1 -DNDEBUG -DINSIDE_LOG4CPLUS -DUNICODE=1 -D_UNICODE=1 -I/home/GVirtuS/GVirtuS/build/external/include/ -D_GNU_SOURCE=1 -D_REENTRANT -g -O2 -Wall -fdiagnostics-show-caret -ftrack-macro-expansion -fdiagnostics-color=auto -Wextra -pedantic -Wstrict-aliasing -Wstrict-overflow -Woverloaded-virtual -Wold-style-cast -Wc++14-compat -Wundef -Wshadow -Wformat -Wnoexcept -Wsuggest-attribute=format -Wsuggest-attribute=noreturn -Wno-variadic-macros -fvisibility=hidden -pthread -MT src/liblog4cplusU_la-rootlogger.lo -MD -MP -MF src/.deps/liblog4cplusU_la-rootlogger.Tpo -c src/rootlogger.cxx  -fPIC -DPIC -o src/.libs/liblog4cplusU_la-rootlogger.o
libtool: compile:  g++ -DHAVE_CONFIG_H -I./include -I./threadpool -I./include -I./catch/single_include/catch2 -DCATCH_CONFIG_PREFIX_ALL=1 -DNDEBUG -DINSIDE_LOG4CPLUS -DUNICODE=1 -D_UNICODE=1 -I/home/GVirtuS/GVirtuS/build/external/include/ -D_GNU_SOURCE=1 -D_REENTRANT -g -O2 -Wall -fdiagnostics-show-caret -ftrack-macro-expansion -fdiagnostics-color=auto -Wextra -pedantic -Wstrict-aliasing -Wstrict-overflow -Woverloaded-virtual -Wold-style-cast -Wc++14-compat -Wundef -Wshadow -Wformat -Wnoexcept -Wsuggest-attribute=format -Wsuggest-attribute=noreturn -Wno-variadic-macros -fvisibility=hidden -pthread -MT src/liblog4cplusU_la-snprintf.lo -MD -MP -MF src/.deps/liblog4cplusU_la-snprintf.Tpo -c src/snprintf.cxx  -fPIC -DPIC -o src/.libs/liblog4cplusU_la-snprintf.o
libtool: compile:  g++ -DHAVE_CONFIG_H -I./include -I./threadpool -I./include -I./catch/single_include/catch2 -DCATCH_CONFIG_PREFIX_ALL=1 -DNDEBUG -DINSIDE_LOG4CPLUS -DUNICODE=1 -D_UNICODE=1 -I/home/GVirtuS/GVirtuS/build/external/include/ -D_GNU_SOURCE=1 -D_REENTRANT -g -O2 -Wall -fdiagnostics-show-caret -ftrack-macro-expansion -fdiagnostics-color=auto -Wextra -pedantic -Wstrict-aliasing -Wstrict-overflow -Woverloaded-virtual -Wold-style-cast -Wc++14-compat -Wundef -Wshadow -Wformat -Wnoexcept -Wsuggest-attribute=format -Wsuggest-attribute=noreturn -Wno-variadic-macros -fvisibility=hidden -pthread -MT src/liblog4cplusU_la-socketappender.lo -MD -MP -MF src/.deps/liblog4cplusU_la-socketappender.Tpo -c src/socketappender.cxx  -fPIC -DPIC -o src/.libs/liblog4cplusU_la-socketappender.o
libtool: compile:  g++ -DHAVE_CONFIG_H -I./include -I./threadpool -I./include -I./catch/single_include/catch2 -DCATCH_CONFIG_PREFIX_ALL=1 -DNDEBUG -DINSIDE_LOG4CPLUS -DUNICODE=1 -D_UNICODE=1 -I/home/GVirtuS/GVirtuS/build/external/include/ -D_GNU_SOURCE=1 -D_REENTRANT -g -O2 -Wall -fdiagnostics-show-caret -ftrack-macro-expansion -fdiagnostics-color=auto -Wextra -pedantic -Wstrict-aliasing -Wstrict-overflow -Woverloaded-virtual -Wold-style-cast -Wc++14-compat -Wundef -Wshadow -Wformat -Wnoexcept -Wsuggest-attribute=format -Wsuggest-attribute=noreturn -Wno-variadic-macros -fvisibility=hidden -pthread -MT src/liblog4cplusU_la-socketbuffer.lo -MD -MP -MF src/.deps/liblog4cplusU_la-socketbuffer.Tpo -c src/socketbuffer.cxx  -fPIC -DPIC -o src/.libs/liblog4cplusU_la-socketbuffer.o
libtool: compile:  g++ -DHAVE_CONFIG_H -I./include -I./threadpool -I./include -I./catch/single_include/catch2 -DCATCH_CONFIG_PREFIX_ALL=1 -DNDEBUG -DINSIDE_LOG4CPLUS -DUNICODE=1 -D_UNICODE=1 -I/home/GVirtuS/GVirtuS/build/external/include/ -D_GNU_SOURCE=1 -D_REENTRANT -g -O2 -Wall -fdiagnostics-show-caret -ftrack-macro-expansion -fdiagnostics-color=auto -Wextra -pedantic -Wstrict-aliasing -Wstrict-overflow -Woverloaded-virtual -Wold-style-cast -Wc++14-compat -Wundef -Wshadow -Wformat -Wnoexcept -Wsuggest-attribute=format -Wsuggest-attribute=noreturn -Wno-variadic-macros -fvisibility=hidden -pthread -MT src/liblog4cplusU_la-socket.lo -MD -MP -MF src/.deps/liblog4cplusU_la-socket.Tpo -c src/socket.cxx  -fPIC -DPIC -o src/.libs/liblog4cplusU_la-socket.o
libtool: compile:  g++ -DHAVE_CONFIG_H -I./include -I./threadpool -I./include -I./catch/single_include/catch2 -DCATCH_CONFIG_PREFIX_ALL=1 -DNDEBUG -DINSIDE_LOG4CPLUS -DUNICODE=1 -D_UNICODE=1 -I/home/GVirtuS/GVirtuS/build/external/include/ -D_GNU_SOURCE=1 -D_REENTRANT -g -O2 -Wall -fdiagnostics-show-caret -ftrack-macro-expansion -fdiagnostics-color=auto -Wextra -pedantic -Wstrict-aliasing -Wstrict-overflow -Woverloaded-virtual -Wold-style-cast -Wc++14-compat -Wundef -Wshadow -Wformat -Wnoexcept -Wsuggest-attribute=format -Wsuggest-attribute=noreturn -Wno-variadic-macros -fvisibility=hidden -pthread -MT src/liblog4cplusU_la-socket-unix.lo -MD -MP -MF src/.deps/liblog4cplusU_la-socket-unix.Tpo -c src/socket-unix.cxx  -fPIC -DPIC -o src/.libs/liblog4cplusU_la-socket-unix.o
libtool: compile:  g++ -DHAVE_CONFIG_H -I./include -I./threadpool -I./include -I./catch/single_include/catch2 -DCATCH_CONFIG_PREFIX_ALL=1 -DNDEBUG -DINSIDE_LOG4CPLUS -DUNICODE=1 -D_UNICODE=1 -I/home/GVirtuS/GVirtuS/build/external/include/ -D_GNU_SOURCE=1 -D_REENTRANT -g -O2 -Wall -fdiagnostics-show-caret -ftrack-macro-expansion -fdiagnostics-color=auto -Wextra -pedantic -Wstrict-aliasing -Wstrict-overflow -Woverloaded-virtual -Wold-style-cast -Wc++14-compat -Wundef -Wshadow -Wformat -Wnoexcept -Wsuggest-attribute=format -Wsuggest-attribute=noreturn -Wno-variadic-macros -fvisibility=hidden -pthread -MT src/liblog4cplusU_la-socket-win32.lo -MD -MP -MF src/.deps/liblog4cplusU_la-socket-win32.Tpo -c src/socket-win32.cxx  -fPIC -DPIC -o src/.libs/liblog4cplusU_la-socket-win32.o
libtool: compile:  g++ -DHAVE_CONFIG_H -I./include -I./threadpool -I./include -I./catch/single_include/catch2 -DCATCH_CONFIG_PREFIX_ALL=1 -DNDEBUG -DINSIDE_LOG4CPLUS -DUNICODE=1 -D_UNICODE=1 -I/home/GVirtuS/GVirtuS/build/external/include/ -D_GNU_SOURCE=1 -D_REENTRANT -g -O2 -Wall -fdiagnostics-show-caret -ftrack-macro-expansion -fdiagnostics-color=auto -Wextra -pedantic -Wstrict-aliasing -Wstrict-overflow -Woverloaded-virtual -Wold-style-cast -Wc++14-compat -Wundef -Wshadow -Wformat -Wnoexcept -Wsuggest-attribute=format -Wsuggest-attribute=noreturn -Wno-variadic-macros -fvisibility=hidden -pthread -MT src/liblog4cplusU_la-stringhelper.lo -MD -MP -MF src/.deps/liblog4cplusU_la-stringhelper.Tpo -c src/stringhelper.cxx  -fPIC -DPIC -o src/.libs/liblog4cplusU_la-stringhelper.o
libtool: compile:  g++ -DHAVE_CONFIG_H -I./include -I./threadpool -I./include -I./catch/single_include/catch2 -DCATCH_CONFIG_PREFIX_ALL=1 -DNDEBUG -DINSIDE_LOG4CPLUS -DUNICODE=1 -D_UNICODE=1 -I/home/GVirtuS/GVirtuS/build/external/include/ -D_GNU_SOURCE=1 -D_REENTRANT -g -O2 -Wall -fdiagnostics-show-caret -ftrack-macro-expansion -fdiagnostics-color=auto -Wextra -pedantic -Wstrict-aliasing -Wstrict-overflow -Woverloaded-virtual -Wold-style-cast -Wc++14-compat -Wundef -Wshadow -Wformat -Wnoexcept -Wsuggest-attribute=format -Wsuggest-attribute=noreturn -Wno-variadic-macros -fvisibility=hidden -pthread -MT src/liblog4cplusU_la-stringhelper-clocale.lo -MD -MP -MF src/.deps/liblog4cplusU_la-stringhelper-clocale.Tpo -c src/stringhelper-clocale.cxx  -fPIC -DPIC -o src/.libs/liblog4cplusU_la-stringhelper-clocale.o
libtool: compile:  g++ -DHAVE_CONFIG_H -I./include -I./threadpool -I./include -I./catch/single_include/catch2 -DCATCH_CONFIG_PREFIX_ALL=1 -DNDEBUG -DINSIDE_LOG4CPLUS -DUNICODE=1 -D_UNICODE=1 -I/home/GVirtuS/GVirtuS/build/external/include/ -D_GNU_SOURCE=1 -D_REENTRANT -g -O2 -Wall -fdiagnostics-show-caret -ftrack-macro-expansion -fdiagnostics-color=auto -Wextra -pedantic -Wstrict-aliasing -Wstrict-overflow -Woverloaded-virtual -Wold-style-cast -Wc++14-compat -Wundef -Wshadow -Wformat -Wnoexcept -Wsuggest-attribute=format -Wsuggest-attribute=noreturn -Wno-variadic-macros -fvisibility=hidden -pthread -MT src/liblog4cplusU_la-stringhelper-cxxlocale.lo -MD -MP -MF src/.deps/liblog4cplusU_la-stringhelper-cxxlocale.Tpo -c src/stringhelper-cxxlocale.cxx  -fPIC -DPIC -o src/.libs/liblog4cplusU_la-stringhelper-cxxlocale.o
libtool: compile:  g++ -DHAVE_CONFIG_H -I./include -I./threadpool -I./include -I./catch/single_include/catch2 -DCATCH_CONFIG_PREFIX_ALL=1 -DNDEBUG -DINSIDE_LOG4CPLUS -DUNICODE=1 -D_UNICODE=1 -I/home/GVirtuS/GVirtuS/build/external/include/ -D_GNU_SOURCE=1 -D_REENTRANT -g -O2 -Wall -fdiagnostics-show-caret -ftrack-macro-expansion -fdiagnostics-color=auto -Wextra -pedantic -Wstrict-aliasing -Wstrict-overflow -Woverloaded-virtual -Wold-style-cast -Wc++14-compat -Wundef -Wshadow -Wformat -Wnoexcept -Wsuggest-attribute=format -Wsuggest-attribute=noreturn -Wno-variadic-macros -fvisibility=hidden -pthread -MT src/liblog4cplusU_la-stringhelper-iconv.lo -MD -MP -MF src/.deps/liblog4cplusU_la-stringhelper-iconv.Tpo -c src/stringhelper-iconv.cxx  -fPIC -DPIC -o src/.libs/liblog4cplusU_la-stringhelper-iconv.o
libtool: compile:  g++ -DHAVE_CONFIG_H -I./include -I./threadpool -I./include -I./catch/single_include/catch2 -DCATCH_CONFIG_PREFIX_ALL=1 -DNDEBUG -DINSIDE_LOG4CPLUS -DUNICODE=1 -D_UNICODE=1 -I/home/GVirtuS/GVirtuS/build/external/include/ -D_GNU_SOURCE=1 -D_REENTRANT -g -O2 -Wall -fdiagnostics-show-caret -ftrack-macro-expansion -fdiagnostics-color=auto -Wextra -pedantic -Wstrict-aliasing -Wstrict-overflow -Woverloaded-virtual -Wold-style-cast -Wc++14-compat -Wundef -Wshadow -Wformat -Wnoexcept -Wsuggest-attribute=format -Wsuggest-attribute=noreturn -Wno-variadic-macros -fvisibility=hidden -pthread -MT src/liblog4cplusU_la-syncprims.lo -MD -MP -MF src/.deps/liblog4cplusU_la-syncprims.Tpo -c src/syncprims.cxx  -fPIC -DPIC -o src/.libs/liblog4cplusU_la-syncprims.o
libtool: compile:  g++ -DHAVE_CONFIG_H -I./include -I./threadpool -I./include -I./catch/single_include/catch2 -DCATCH_CONFIG_PREFIX_ALL=1 -DNDEBUG -DINSIDE_LOG4CPLUS -DUNICODE=1 -D_UNICODE=1 -I/home/GVirtuS/GVirtuS/build/external/include/ -D_GNU_SOURCE=1 -D_REENTRANT -g -O2 -Wall -fdiagnostics-show-caret -ftrack-macro-expansion -fdiagnostics-color=auto -Wextra -pedantic -Wstrict-aliasing -Wstrict-overflow -Woverloaded-virtual -Wold-style-cast -Wc++14-compat -Wundef -Wshadow -Wformat -Wnoexcept -Wsuggest-attribute=format -Wsuggest-attribute=noreturn -Wno-variadic-macros -fvisibility=hidden -pthread -MT src/liblog4cplusU_la-syslogappender.lo -MD -MP -MF src/.deps/liblog4cplusU_la-syslogappender.Tpo -c src/syslogappender.cxx  -fPIC -DPIC -o src/.libs/liblog4cplusU_la-syslogappender.o
libtool: compile:  g++ -DHAVE_CONFIG_H -I./include -I./threadpool -I./include -I./catch/single_include/catch2 -DCATCH_CONFIG_PREFIX_ALL=1 -DNDEBUG -DINSIDE_LOG4CPLUS -DUNICODE=1 -D_UNICODE=1 -I/home/GVirtuS/GVirtuS/build/external/include/ -D_GNU_SOURCE=1 -D_REENTRANT -g -O2 -Wall -fdiagnostics-show-caret -ftrack-macro-expansion -fdiagnostics-color=auto -Wextra -pedantic -Wstrict-aliasing -Wstrict-overflow -Woverloaded-virtual -Wold-style-cast -Wc++14-compat -Wundef -Wshadow -Wformat -Wnoexcept -Wsuggest-attribute=format -Wsuggest-attribute=noreturn -Wno-variadic-macros -fvisibility=hidden -pthread -MT src/liblog4cplusU_la-threads.lo -MD -MP -MF src/.deps/liblog4cplusU_la-threads.Tpo -c src/threads.cxx  -fPIC -DPIC -o src/.libs/liblog4cplusU_la-threads.o
libtool: compile:  g++ -DHAVE_CONFIG_H -I./include -I./threadpool -I./include -I./catch/single_include/catch2 -DCATCH_CONFIG_PREFIX_ALL=1 -DNDEBUG -DINSIDE_LOG4CPLUS -DUNICODE=1 -D_UNICODE=1 -I/home/GVirtuS/GVirtuS/build/external/include/ -D_GNU_SOURCE=1 -D_REENTRANT -g -O2 -Wall -fdiagnostics-show-caret -ftrack-macro-expansion -fdiagnostics-color=auto -Wextra -pedantic -Wstrict-aliasing -Wstrict-overflow -Woverloaded-virtual -Wold-style-cast -Wc++14-compat -Wundef -Wshadow -Wformat -Wnoexcept -Wsuggest-attribute=format -Wsuggest-attribute=noreturn -Wno-variadic-macros -fvisibility=hidden -pthread -MT src/liblog4cplusU_la-timehelper.lo -MD -MP -MF src/.deps/liblog4cplusU_la-timehelper.Tpo -c src/timehelper.cxx  -fPIC -DPIC -o src/.libs/liblog4cplusU_la-timehelper.o
libtool: compile:  g++ -DHAVE_CONFIG_H -I./include -I./threadpool -I./include -I./catch/single_include/catch2 -DCATCH_CONFIG_PREFIX_ALL=1 -DNDEBUG -DINSIDE_LOG4CPLUS -DUNICODE=1 -D_UNICODE=1 -I/home/GVirtuS/GVirtuS/build/external/include/ -D_GNU_SOURCE=1 -D_REENTRANT -g -O2 -Wall -fdiagnostics-show-caret -ftrack-macro-expansion -fdiagnostics-color=auto -Wextra -pedantic -Wstrict-aliasing -Wstrict-overflow -Woverloaded-virtual -Wold-style-cast -Wc++14-compat -Wundef -Wshadow -Wformat -Wnoexcept -Wsuggest-attribute=format -Wsuggest-attribute=noreturn -Wno-variadic-macros -fvisibility=hidden -pthread -MT src/liblog4cplusU_la-tls.lo -MD -MP -MF src/.deps/liblog4cplusU_la-tls.Tpo -c src/tls.cxx  -fPIC -DPIC -o src/.libs/liblog4cplusU_la-tls.o
libtool: compile:  g++ -DHAVE_CONFIG_H -I./include -I./threadpool -I./include -I./catch/single_include/catch2 -DCATCH_CONFIG_PREFIX_ALL=1 -DNDEBUG -DINSIDE_LOG4CPLUS -DUNICODE=1 -D_UNICODE=1 -I/home/GVirtuS/GVirtuS/build/external/include/ -D_GNU_SOURCE=1 -D_REENTRANT -g -O2 -Wall -fdiagnostics-show-caret -ftrack-macro-expansion -fdiagnostics-color=auto -Wextra -pedantic -Wstrict-aliasing -Wstrict-overflow -Woverloaded-virtual -Wold-style-cast -Wc++14-compat -Wundef -Wshadow -Wformat -Wnoexcept -Wsuggest-attribute=format -Wsuggest-attribute=noreturn -Wno-variadic-macros -fvisibility=hidden -pthread -MT src/liblog4cplusU_la-version.lo -MD -MP -MF src/.deps/liblog4cplusU_la-version.Tpo -c src/version.cxx  -fPIC -DPIC -o src/.libs/liblog4cplusU_la-version.o
libtool: compile:  g++ -DHAVE_CONFIG_H -I./include -I./threadpool -I./include -I./catch/single_include/catch2 -DCATCH_CONFIG_PREFIX_ALL=1 -DNDEBUG -DINSIDE_LOG4CPLUS -DUNICODE=1 -D_UNICODE=1 -I/home/GVirtuS/GVirtuS/build/external/include/ -D_GNU_SOURCE=1 -D_REENTRANT -g -O2 -Wall -fdiagnostics-show-caret -ftrack-macro-expansion -fdiagnostics-color=auto -Wextra -pedantic -Wstrict-aliasing -Wstrict-overflow -Woverloaded-virtual -Wold-style-cast -Wc++14-compat -Wundef -Wshadow -Wformat -Wnoexcept -Wsuggest-attribute=format -Wsuggest-attribute=noreturn -Wno-variadic-macros -fvisibility=hidden -pthread -MT src/liblog4cplusU_la-win32consoleappender.lo -MD -MP -MF src/.deps/liblog4cplusU_la-win32consoleappender.Tpo -c src/win32consoleappender.cxx  -fPIC -DPIC -o src/.libs/liblog4cplusU_la-win32consoleappender.o
libtool: compile:  g++ -DHAVE_CONFIG_H -I./include -I./threadpool -I./include -I./catch/single_include/catch2 -DCATCH_CONFIG_PREFIX_ALL=1 -DNDEBUG -DINSIDE_LOG4CPLUS -DUNICODE=1 -D_UNICODE=1 -I/home/GVirtuS/GVirtuS/build/external/include/ -D_GNU_SOURCE=1 -D_REENTRANT -g -O2 -Wall -fdiagnostics-show-caret -ftrack-macro-expansion -fdiagnostics-color=auto -Wextra -pedantic -Wstrict-aliasing -Wstrict-overflow -Woverloaded-virtual -Wold-style-cast -Wc++14-compat -Wundef -Wshadow -Wformat -Wnoexcept -Wsuggest-attribute=format -Wsuggest-attribute=noreturn -Wno-variadic-macros -fvisibility=hidden -pthread -MT src/liblog4cplusU_la-win32debugappender.lo -MD -MP -MF src/.deps/liblog4cplusU_la-win32debugappender.Tpo -c src/win32debugappender.cxx  -fPIC -DPIC -o src/.libs/liblog4cplusU_la-win32debugappender.o
libtool: link: g++  -fPIC -DPIC -shared -nostdlib /usr/lib/gcc/x86_64-linux-gnu/9/../../../x86_64-linux-gnu/crti.o /usr/lib/gcc/x86_64-linux-gnu/9/crtbeginS.o  src/.libs/liblog4cplusU_la-appenderattachableimpl.o src/.libs/liblog4cplusU_la-appender.o src/.libs/liblog4cplusU_la-asyncappender.o src/.libs/liblog4cplusU_la-callbackappender.o src/.libs/liblog4cplusU_la-clogger.o src/.libs/liblog4cplusU_la-configurator.o src/.libs/liblog4cplusU_la-connectorthread.o src/.libs/liblog4cplusU_la-consoleappender.o src/.libs/liblog4cplusU_la-cygwin-win32.o src/.libs/liblog4cplusU_la-env.o src/.libs/liblog4cplusU_la-factory.o src/.libs/liblog4cplusU_la-fileappender.o src/.libs/liblog4cplusU_la-fileinfo.o src/.libs/liblog4cplusU_la-filter.o src/.libs/liblog4cplusU_la-global-init.o src/.libs/liblog4cplusU_la-hierarchy.o src/.libs/liblog4cplusU_la-hierarchylocker.o src/.libs/liblog4cplusU_la-layout.o src/.libs/liblog4cplusU_la-log4judpappender.o src/.libs/liblog4cplusU_la-lockfile.o src/.libs/liblog4cplusU_la-logger.o src/.libs/liblog4cplusU_la-loggerimpl.o src/.libs/liblog4cplusU_la-loggingevent.o src/.libs/liblog4cplusU_la-loggingmacros.o src/.libs/liblog4cplusU_la-loglevel.o src/.libs/liblog4cplusU_la-loglog.o src/.libs/liblog4cplusU_la-mdc.o src/.libs/liblog4cplusU_la-ndc.o src/.libs/liblog4cplusU_la-nullappender.o src/.libs/liblog4cplusU_la-nteventlogappender.o src/.libs/liblog4cplusU_la-objectregistry.o src/.libs/liblog4cplusU_la-patternlayout.o src/.libs/liblog4cplusU_la-pointer.o src/.libs/liblog4cplusU_la-property.o src/.libs/liblog4cplusU_la-queue.o src/.libs/liblog4cplusU_la-rootlogger.o src/.libs/liblog4cplusU_la-snprintf.o src/.libs/liblog4cplusU_la-socketappender.o src/.libs/liblog4cplusU_la-socketbuffer.o src/.libs/liblog4cplusU_la-socket.o src/.libs/liblog4cplusU_la-socket-unix.o src/.libs/liblog4cplusU_la-socket-win32.o src/.libs/liblog4cplusU_la-stringhelper.o src/.libs/liblog4cplusU_la-stringhelper-clocale.o src/.libs/liblog4cplusU_la-stringhelper-cxxlocale.o src/.libs/liblog4cplusU_la-stringhelper-iconv.o src/.libs/liblog4cplusU_la-syncprims.o src/.libs/liblog4cplusU_la-syslogappender.o src/.libs/liblog4cplusU_la-threads.o src/.libs/liblog4cplusU_la-timehelper.o src/.libs/liblog4cplusU_la-tls.o src/.libs/liblog4cplusU_la-version.o src/.libs/liblog4cplusU_la-win32consoleappender.o src/.libs/liblog4cplusU_la-win32debugappender.o   -L/home/GVirtuS/GVirtuS/build/external/lib/ -L/usr/lib/gcc/x86_64-linux-gnu/9 -L/usr/lib/gcc/x86_64-linux-gnu/9/../../../x86_64-linux-gnu -L/usr/lib/gcc/x86_64-linux-gnu/9/../../../../lib -L/lib/x86_64-linux-gnu -L/lib/../lib -L/usr/lib/x86_64-linux-gnu -L/usr/lib/../lib -L/usr/local/cuda/lib64/stubs -L/usr/lib/gcc/x86_64-linux-gnu/9/../../.. -lstdc++ -lm -lpthread -lc -lgcc_s /usr/lib/gcc/x86_64-linux-gnu/9/crtendS.o /usr/lib/gcc/x86_64-linux-gnu/9/../../../x86_64-linux-gnu/crtn.o  -g -O2 -pthread   -pthread -Wl,-soname -Wl,liblog4cplusU-2.0.so.3 -o .libs/liblog4cplusU-2.0.so.3.4.5
libtool: link: (cd ".libs" && rm -f "liblog4cplusU-2.0.so.3" && ln -s "liblog4cplusU-2.0.so.3.4.5" "liblog4cplusU-2.0.so.3")
libtool: link: (cd ".libs" && rm -f "liblog4cplusU.so" && ln -s "liblog4cplusU-2.0.so.3.4.5" "liblog4cplusU.so")
libtool: link: ( cd ".libs" && rm -f "liblog4cplusU.la" && ln -s "../liblog4cplusU.la" "liblog4cplusU.la" )
libtool: link: g++ -g -O2 -Wall -fdiagnostics-show-caret -ftrack-macro-expansion -fdiagnostics-color=auto -Wextra -pedantic -Wstrict-aliasing -Wstrict-overflow -Woverloaded-virtual -Wold-style-cast -Wc++14-compat -Wundef -Wshadow -Wformat -Wnoexcept -Wsuggest-attribute=format -Wsuggest-attribute=noreturn -Wno-variadic-macros -fvisibility=hidden -pthread -o .libs/loggingserverU simpleserver/loggingserverU-loggingserver.o  -L/home/GVirtuS/GVirtuS/build/external/lib/ ./.libs/liblog4cplusU.so -pthread -Wl,-rpath -Wl,/home/GVirtuS/GVirtuS/build/external/lib
libtool: link: g++ -g -O2 -Wall -fdiagnostics-show-caret -ftrack-macro-expansion -fdiagnostics-color=auto -Wextra -pedantic -Wstrict-aliasing -Wstrict-overflow -Woverloaded-virtual -Wold-style-cast -Wc++14-compat -Wundef -Wshadow -Wformat -Wnoexcept -Wsuggest-attribute=format -Wsuggest-attribute=noreturn -Wno-variadic-macros -fvisibility=hidden -pthread -o appender_test tests/appender_test/main.o  -L/home/GVirtuS/GVirtuS/build/external/lib/ ./.libs/liblog4cplus.so -pthread -Wl,-rpath -Wl,/home/GVirtuS/GVirtuS/build/log4cplus-prefix/src/log4cplus/.libs -Wl,-rpath -Wl,/home/GVirtuS/GVirtuS/build/external/lib
libtool: link: g++ -g -O2 -Wall -fdiagnostics-show-caret -ftrack-macro-expansion -fdiagnostics-color=auto -Wextra -pedantic -Wstrict-aliasing -Wstrict-overflow -Woverloaded-virtual -Wold-style-cast -Wc++14-compat -Wundef -Wshadow -Wformat -Wnoexcept -Wsuggest-attribute=format -Wsuggest-attribute=noreturn -Wno-variadic-macros -fvisibility=hidden -pthread -o appender_testU tests/appender_test/appender_testU-main.o  -L/home/GVirtuS/GVirtuS/build/external/lib/ ./.libs/liblog4cplusU.so -pthread -Wl,-rpath -Wl,/home/GVirtuS/GVirtuS/build/log4cplus-prefix/src/log4cplus/.libs -Wl,-rpath -Wl,/home/GVirtuS/GVirtuS/build/external/lib
libtool: link: g++ -g -O2 -Wall -fdiagnostics-show-caret -ftrack-macro-expansion -fdiagnostics-color=auto -Wextra -pedantic -Wstrict-aliasing -Wstrict-overflow -Woverloaded-virtual -Wold-style-cast -Wc++14-compat -Wundef -Wshadow -Wformat -Wnoexcept -Wsuggest-attribute=format -Wsuggest-attribute=noreturn -Wno-variadic-macros -fvisibility=hidden -pthread -o configandwatch_test tests/configandwatch_test/main.o  -L/home/GVirtuS/GVirtuS/build/external/lib/ ./.libs/liblog4cplus.so -pthread -Wl,-rpath -Wl,/home/GVirtuS/GVirtuS/build/log4cplus-prefix/src/log4cplus/.libs -Wl,-rpath -Wl,/home/GVirtuS/GVirtuS/build/external/lib
libtool: link: g++ -g -O2 -Wall -fdiagnostics-show-caret -ftrack-macro-expansion -fdiagnostics-color=auto -Wextra -pedantic -Wstrict-aliasing -Wstrict-overflow -Woverloaded-virtual -Wold-style-cast -Wc++14-compat -Wundef -Wshadow -Wformat -Wnoexcept -Wsuggest-attribute=format -Wsuggest-attribute=noreturn -Wno-variadic-macros -fvisibility=hidden -pthread -o configandwatch_testU tests/configandwatch_test/configandwatch_testU-main.o  -L/home/GVirtuS/GVirtuS/build/external/lib/ ./.libs/liblog4cplusU.so -pthread -Wl,-rpath -Wl,/home/GVirtuS/GVirtuS/build/log4cplus-prefix/src/log4cplus/.libs -Wl,-rpath -Wl,/home/GVirtuS/GVirtuS/build/external/lib
libtool: link: g++ -g -O2 -Wall -fdiagnostics-show-caret -ftrack-macro-expansion -fdiagnostics-color=auto -Wextra -pedantic -Wstrict-aliasing -Wstrict-overflow -Woverloaded-virtual -Wold-style-cast -Wc++14-compat -Wundef -Wshadow -Wformat -Wnoexcept -Wsuggest-attribute=format -Wsuggest-attribute=noreturn -Wno-variadic-macros -fvisibility=hidden -pthread -o customloglevel_test tests/customloglevel_test/customloglevel.o tests/customloglevel_test/func.o tests/customloglevel_test/main.o  -L/home/GVirtuS/GVirtuS/build/external/lib/ ./.libs/liblog4cplus.so -pthread -Wl,-rpath -Wl,/home/GVirtuS/GVirtuS/build/log4cplus-prefix/src/log4cplus/.libs -Wl,-rpath -Wl,/home/GVirtuS/GVirtuS/build/external/lib
libtool: link: g++ -g -O2 -Wall -fdiagnostics-show-caret -ftrack-macro-expansion -fdiagnostics-color=auto -Wextra -pedantic -Wstrict-aliasing -Wstrict-overflow -Woverloaded-virtual -Wold-style-cast -Wc++14-compat -Wundef -Wshadow -Wformat -Wnoexcept -Wsuggest-attribute=format -Wsuggest-attribute=noreturn -Wno-variadic-macros -fvisibility=hidden -pthread -o customloglevel_testU tests/customloglevel_test/customloglevel_testU-customloglevel.o tests/customloglevel_test/customloglevel_testU-func.o tests/customloglevel_test/customloglevel_testU-main.o  -L/home/GVirtuS/GVirtuS/build/external/lib/ ./.libs/liblog4cplusU.so -pthread -Wl,-rpath -Wl,/home/GVirtuS/GVirtuS/build/log4cplus-prefix/src/log4cplus/.libs -Wl,-rpath -Wl,/home/GVirtuS/GVirtuS/build/external/lib
libtool: link: g++ -g -O2 -Wall -fdiagnostics-show-caret -ftrack-macro-expansion -fdiagnostics-color=auto -Wextra -pedantic -Wstrict-aliasing -Wstrict-overflow -Woverloaded-virtual -Wold-style-cast -Wc++14-compat -Wundef -Wshadow -Wformat -Wnoexcept -Wsuggest-attribute=format -Wsuggest-attribute=noreturn -Wno-variadic-macros -fvisibility=hidden -pthread -o fileappender_test tests/fileappender_test/main.o  -L/home/GVirtuS/GVirtuS/build/external/lib/ ./.libs/liblog4cplus.so -pthread -Wl,-rpath -Wl,/home/GVirtuS/GVirtuS/build/log4cplus-prefix/src/log4cplus/.libs -Wl,-rpath -Wl,/home/GVirtuS/GVirtuS/build/external/lib
libtool: link: g++ -g -O2 -Wall -fdiagnostics-show-caret -ftrack-macro-expansion -fdiagnostics-color=auto -Wextra -pedantic -Wstrict-aliasing -Wstrict-overflow -Woverloaded-virtual -Wold-style-cast -Wc++14-compat -Wundef -Wshadow -Wformat -Wnoexcept -Wsuggest-attribute=format -Wsuggest-attribute=noreturn -Wno-variadic-macros -fvisibility=hidden -pthread -o fileappender_testU tests/fileappender_test/fileappender_testU-main.o  -L/home/GVirtuS/GVirtuS/build/external/lib/ ./.libs/liblog4cplusU.so -pthread -Wl,-rpath -Wl,/home/GVirtuS/GVirtuS/build/log4cplus-prefix/src/log4cplus/.libs -Wl,-rpath -Wl,/home/GVirtuS/GVirtuS/build/external/lib
libtool: link: g++ -g -O2 -Wall -fdiagnostics-show-caret -ftrack-macro-expansion -fdiagnostics-color=auto -Wextra -pedantic -Wstrict-aliasing -Wstrict-overflow -Woverloaded-virtual -Wold-style-cast -Wc++14-compat -Wundef -Wshadow -Wformat -Wnoexcept -Wsuggest-attribute=format -Wsuggest-attribute=noreturn -Wno-variadic-macros -fvisibility=hidden -pthread -o filter_test tests/filter_test/main.o  -L/home/GVirtuS/GVirtuS/build/external/lib/ ./.libs/liblog4cplus.so -pthread -Wl,-rpath -Wl,/home/GVirtuS/GVirtuS/build/log4cplus-prefix/src/log4cplus/.libs -Wl,-rpath -Wl,/home/GVirtuS/GVirtuS/build/external/lib
libtool: link: g++ -g -O2 -Wall -fdiagnostics-show-caret -ftrack-macro-expansion -fdiagnostics-color=auto -Wextra -pedantic -Wstrict-aliasing -Wstrict-overflow -Woverloaded-virtual -Wold-style-cast -Wc++14-compat -Wundef -Wshadow -Wformat -Wnoexcept -Wsuggest-attribute=format -Wsuggest-attribute=noreturn -Wno-variadic-macros -fvisibility=hidden -pthread -o filter_testU tests/filter_test/filter_testU-main.o  -L/home/GVirtuS/GVirtuS/build/external/lib/ ./.libs/liblog4cplusU.so -pthread -Wl,-rpath -Wl,/home/GVirtuS/GVirtuS/build/log4cplus-prefix/src/log4cplus/.libs -Wl,-rpath -Wl,/home/GVirtuS/GVirtuS/build/external/lib
libtool: link: g++ -g -O2 -Wall -fdiagnostics-show-caret -ftrack-macro-expansion -fdiagnostics-color=auto -Wextra -pedantic -Wstrict-aliasing -Wstrict-overflow -Woverloaded-virtual -Wold-style-cast -Wc++14-compat -Wundef -Wshadow -Wformat -Wnoexcept -Wsuggest-attribute=format -Wsuggest-attribute=noreturn -Wno-variadic-macros -fvisibility=hidden -pthread -o hierarchy_test tests/hierarchy_test/main.o  -L/home/GVirtuS/GVirtuS/build/external/lib/ ./.libs/liblog4cplus.so -pthread -Wl,-rpath -Wl,/home/GVirtuS/GVirtuS/build/log4cplus-prefix/src/log4cplus/.libs -Wl,-rpath -Wl,/home/GVirtuS/GVirtuS/build/external/lib
libtool: link: g++ -g -O2 -Wall -fdiagnostics-show-caret -ftrack-macro-expansion -fdiagnostics-color=auto -Wextra -pedantic -Wstrict-aliasing -Wstrict-overflow -Woverloaded-virtual -Wold-style-cast -Wc++14-compat -Wundef -Wshadow -Wformat -Wnoexcept -Wsuggest-attribute=format -Wsuggest-attribute=noreturn -Wno-variadic-macros -fvisibility=hidden -pthread -o hierarchy_testU tests/hierarchy_test/hierarchy_testU-main.o  -L/home/GVirtuS/GVirtuS/build/external/lib/ ./.libs/liblog4cplusU.so -pthread -Wl,-rpath -Wl,/home/GVirtuS/GVirtuS/build/log4cplus-prefix/src/log4cplus/.libs -Wl,-rpath -Wl,/home/GVirtuS/GVirtuS/build/external/lib
libtool: link: g++ -g -O2 -Wall -fdiagnostics-show-caret -ftrack-macro-expansion -fdiagnostics-color=auto -Wextra -pedantic -Wstrict-aliasing -Wstrict-overflow -Woverloaded-virtual -Wold-style-cast -Wc++14-compat -Wundef -Wshadow -Wformat -Wnoexcept -Wsuggest-attribute=format -Wsuggest-attribute=noreturn -Wno-variadic-macros -fvisibility=hidden -pthread -o loglog_test tests/loglog_test/main.o  -L/home/GVirtuS/GVirtuS/build/external/lib/ ./.libs/liblog4cplus.so -pthread -Wl,-rpath -Wl,/home/GVirtuS/GVirtuS/build/log4cplus-prefix/src/log4cplus/.libs -Wl,-rpath -Wl,/home/GVirtuS/GVirtuS/build/external/lib
libtool: link: g++ -g -O2 -Wall -fdiagnostics-show-caret -ftrack-macro-expansion -fdiagnostics-color=auto -Wextra -pedantic -Wstrict-aliasing -Wstrict-overflow -Woverloaded-virtual -Wold-style-cast -Wc++14-compat -Wundef -Wshadow -Wformat -Wnoexcept -Wsuggest-attribute=format -Wsuggest-attribute=noreturn -Wno-variadic-macros -fvisibility=hidden -pthread -o loglog_testU tests/loglog_test/loglog_testU-main.o  -L/home/GVirtuS/GVirtuS/build/external/lib/ ./.libs/liblog4cplusU.so -pthread -Wl,-rpath -Wl,/home/GVirtuS/GVirtuS/build/log4cplus-prefix/src/log4cplus/.libs -Wl,-rpath -Wl,/home/GVirtuS/GVirtuS/build/external/lib
libtool: link: g++ -g -O2 -Wall -fdiagnostics-show-caret -ftrack-macro-expansion -fdiagnostics-color=auto -Wextra -pedantic -Wstrict-aliasing -Wstrict-overflow -Woverloaded-virtual -Wold-style-cast -Wc++14-compat -Wundef -Wshadow -Wformat -Wnoexcept -Wsuggest-attribute=format -Wsuggest-attribute=noreturn -Wno-variadic-macros -fvisibility=hidden -pthread -o ndc_test tests/ndc_test/main.o  -L/home/GVirtuS/GVirtuS/build/external/lib/ ./.libs/liblog4cplus.so -pthread -Wl,-rpath -Wl,/home/GVirtuS/GVirtuS/build/log4cplus-prefix/src/log4cplus/.libs -Wl,-rpath -Wl,/home/GVirtuS/GVirtuS/build/external/lib
libtool: link: g++ -g -O2 -Wall -fdiagnostics-show-caret -ftrack-macro-expansion -fdiagnostics-color=auto -Wextra -pedantic -Wstrict-aliasing -Wstrict-overflow -Woverloaded-virtual -Wold-style-cast -Wc++14-compat -Wundef -Wshadow -Wformat -Wnoexcept -Wsuggest-attribute=format -Wsuggest-attribute=noreturn -Wno-variadic-macros -fvisibility=hidden -pthread -o ndc_testU tests/ndc_test/ndc_testU-main.o  -L/home/GVirtuS/GVirtuS/build/external/lib/ ./.libs/liblog4cplusU.so -pthread -Wl,-rpath -Wl,/home/GVirtuS/GVirtuS/build/log4cplus-prefix/src/log4cplus/.libs -Wl,-rpath -Wl,/home/GVirtuS/GVirtuS/build/external/lib
libtool: link: g++ -g -O2 -Wall -fdiagnostics-show-caret -ftrack-macro-expansion -fdiagnostics-color=auto -Wextra -pedantic -Wstrict-aliasing -Wstrict-overflow -Woverloaded-virtual -Wold-style-cast -Wc++14-compat -Wundef -Wshadow -Wformat -Wnoexcept -Wsuggest-attribute=format -Wsuggest-attribute=noreturn -Wno-variadic-macros -fvisibility=hidden -pthread -o ostream_test tests/ostream_test/main.o  -L/home/GVirtuS/GVirtuS/build/external/lib/ ./.libs/liblog4cplus.so -pthread -Wl,-rpath -Wl,/home/GVirtuS/GVirtuS/build/log4cplus-prefix/src/log4cplus/.libs -Wl,-rpath -Wl,/home/GVirtuS/GVirtuS/build/external/lib
libtool: link: g++ -g -O2 -Wall -fdiagnostics-show-caret -ftrack-macro-expansion -fdiagnostics-color=auto -Wextra -pedantic -Wstrict-aliasing -Wstrict-overflow -Woverloaded-virtual -Wold-style-cast -Wc++14-compat -Wundef -Wshadow -Wformat -Wnoexcept -Wsuggest-attribute=format -Wsuggest-attribute=noreturn -Wno-variadic-macros -fvisibility=hidden -pthread -o ostream_testU tests/ostream_test/ostream_testU-main.o  -L/home/GVirtuS/GVirtuS/build/external/lib/ ./.libs/liblog4cplusU.so -pthread -Wl,-rpath -Wl,/home/GVirtuS/GVirtuS/build/log4cplus-prefix/src/log4cplus/.libs -Wl,-rpath -Wl,/home/GVirtuS/GVirtuS/build/external/lib
libtool: link: g++ -g -O2 -Wall -fdiagnostics-show-caret -ftrack-macro-expansion -fdiagnostics-color=auto -Wextra -pedantic -Wstrict-aliasing -Wstrict-overflow -Woverloaded-virtual -Wold-style-cast -Wc++14-compat -Wundef -Wshadow -Wformat -Wnoexcept -Wsuggest-attribute=format -Wsuggest-attribute=noreturn -Wno-variadic-macros -fvisibility=hidden -pthread -o patternlayout_test tests/patternlayout_test/main.o  -L/home/GVirtuS/GVirtuS/build/external/lib/ ./.libs/liblog4cplus.so -pthread -Wl,-rpath -Wl,/home/GVirtuS/GVirtuS/build/log4cplus-prefix/src/log4cplus/.libs -Wl,-rpath -Wl,/home/GVirtuS/GVirtuS/build/external/lib
libtool: link: g++ -g -O2 -Wall -fdiagnostics-show-caret -ftrack-macro-expansion -fdiagnostics-color=auto -Wextra -pedantic -Wstrict-aliasing -Wstrict-overflow -Woverloaded-virtual -Wold-style-cast -Wc++14-compat -Wundef -Wshadow -Wformat -Wnoexcept -Wsuggest-attribute=format -Wsuggest-attribute=noreturn -Wno-variadic-macros -fvisibility=hidden -pthread -o patternlayout_testU tests/patternlayout_test/patternlayout_testU-main.o  -L/home/GVirtuS/GVirtuS/build/external/lib/ ./.libs/liblog4cplusU.so -pthread -Wl,-rpath -Wl,/home/GVirtuS/GVirtuS/build/log4cplus-prefix/src/log4cplus/.libs -Wl,-rpath -Wl,/home/GVirtuS/GVirtuS/build/external/lib
libtool: link: g++ -g -O2 -Wall -fdiagnostics-show-caret -ftrack-macro-expansion -fdiagnostics-color=auto -Wextra -pedantic -Wstrict-aliasing -Wstrict-overflow -Woverloaded-virtual -Wold-style-cast -Wc++14-compat -Wundef -Wshadow -Wformat -Wnoexcept -Wsuggest-attribute=format -Wsuggest-attribute=noreturn -Wno-variadic-macros -fvisibility=hidden -pthread -o performance_test tests/performance_test/main.o  -L/home/GVirtuS/GVirtuS/build/external/lib/ ./.libs/liblog4cplus.so -pthread -Wl,-rpath -Wl,/home/GVirtuS/GVirtuS/build/log4cplus-prefix/src/log4cplus/.libs -Wl,-rpath -Wl,/home/GVirtuS/GVirtuS/build/external/lib
libtool: link: g++ -g -O2 -Wall -fdiagnostics-show-caret -ftrack-macro-expansion -fdiagnostics-color=auto -Wextra -pedantic -Wstrict-aliasing -Wstrict-overflow -Woverloaded-virtual -Wold-style-cast -Wc++14-compat -Wundef -Wshadow -Wformat -Wnoexcept -Wsuggest-attribute=format -Wsuggest-attribute=noreturn -Wno-variadic-macros -fvisibility=hidden -pthread -o performance_testU tests/performance_test/performance_testU-main.o  -L/home/GVirtuS/GVirtuS/build/external/lib/ ./.libs/liblog4cplusU.so -pthread -Wl,-rpath -Wl,/home/GVirtuS/GVirtuS/build/log4cplus-prefix/src/log4cplus/.libs -Wl,-rpath -Wl,/home/GVirtuS/GVirtuS/build/external/lib
libtool: link: g++ -g -O2 -Wall -fdiagnostics-show-caret -ftrack-macro-expansion -fdiagnostics-color=auto -Wextra -pedantic -Wstrict-aliasing -Wstrict-overflow -Woverloaded-virtual -Wold-style-cast -Wc++14-compat -Wundef -Wshadow -Wformat -Wnoexcept -Wsuggest-attribute=format -Wsuggest-attribute=noreturn -Wno-variadic-macros -fvisibility=hidden -pthread -o priority_test tests/priority_test/func.o tests/priority_test/main.o  -L/home/GVirtuS/GVirtuS/build/external/lib/ ./.libs/liblog4cplus.so -pthread -Wl,-rpath -Wl,/home/GVirtuS/GVirtuS/build/log4cplus-prefix/src/log4cplus/.libs -Wl,-rpath -Wl,/home/GVirtuS/GVirtuS/build/external/lib
libtool: link: g++ -g -O2 -Wall -fdiagnostics-show-caret -ftrack-macro-expansion -fdiagnostics-color=auto -Wextra -pedantic -Wstrict-aliasing -Wstrict-overflow -Woverloaded-virtual -Wold-style-cast -Wc++14-compat -Wundef -Wshadow -Wformat -Wnoexcept -Wsuggest-attribute=format -Wsuggest-attribute=noreturn -Wno-variadic-macros -fvisibility=hidden -pthread -o priority_testU tests/priority_test/priority_testU-func.o tests/priority_test/priority_testU-main.o  -L/home/GVirtuS/GVirtuS/build/external/lib/ ./.libs/liblog4cplusU.so -pthread -Wl,-rpath -Wl,/home/GVirtuS/GVirtuS/build/log4cplus-prefix/src/log4cplus/.libs -Wl,-rpath -Wl,/home/GVirtuS/GVirtuS/build/external/lib
libtool: link: g++ -g -O2 -Wall -fdiagnostics-show-caret -ftrack-macro-expansion -fdiagnostics-color=auto -Wextra -pedantic -Wstrict-aliasing -Wstrict-overflow -Woverloaded-virtual -Wold-style-cast -Wc++14-compat -Wundef -Wshadow -Wformat -Wnoexcept -Wsuggest-attribute=format -Wsuggest-attribute=noreturn -Wno-variadic-macros -fvisibility=hidden -pthread -o propertyconfig_test tests/propertyconfig_test/main.o  -L/home/GVirtuS/GVirtuS/build/external/lib/ ./.libs/liblog4cplus.so -pthread -Wl,-rpath -Wl,/home/GVirtuS/GVirtuS/build/log4cplus-prefix/src/log4cplus/.libs -Wl,-rpath -Wl,/home/GVirtuS/GVirtuS/build/external/lib
libtool: link: g++ -g -O2 -Wall -fdiagnostics-show-caret -ftrack-macro-expansion -fdiagnostics-color=auto -Wextra -pedantic -Wstrict-aliasing -Wstrict-overflow -Woverloaded-virtual -Wold-style-cast -Wc++14-compat -Wundef -Wshadow -Wformat -Wnoexcept -Wsuggest-attribute=format -Wsuggest-attribute=noreturn -Wno-variadic-macros -fvisibility=hidden -pthread -o propertyconfig_testU tests/propertyconfig_test/propertyconfig_testU-main.o  -L/home/GVirtuS/GVirtuS/build/external/lib/ ./.libs/liblog4cplusU.so -pthread -Wl,-rpath -Wl,/home/GVirtuS/GVirtuS/build/log4cplus-prefix/src/log4cplus/.libs -Wl,-rpath -Wl,/home/GVirtuS/GVirtuS/build/external/lib
libtool: link: g++ -g -O2 -Wall -fdiagnostics-show-caret -ftrack-macro-expansion -fdiagnostics-color=auto -Wextra -pedantic -Wstrict-aliasing -Wstrict-overflow -Woverloaded-virtual -Wold-style-cast -Wc++14-compat -Wundef -Wshadow -Wformat -Wnoexcept -Wsuggest-attribute=format -Wsuggest-attribute=noreturn -Wno-variadic-macros -fvisibility=hidden -pthread -o socket_test tests/socket_test/main.o  -L/home/GVirtuS/GVirtuS/build/external/lib/ ./.libs/liblog4cplus.so -pthread -Wl,-rpath -Wl,/home/GVirtuS/GVirtuS/build/log4cplus-prefix/src/log4cplus/.libs -Wl,-rpath -Wl,/home/GVirtuS/GVirtuS/build/external/lib
libtool: link: g++ -g -O2 -Wall -fdiagnostics-show-caret -ftrack-macro-expansion -fdiagnostics-color=auto -Wextra -pedantic -Wstrict-aliasing -Wstrict-overflow -Woverloaded-virtual -Wold-style-cast -Wc++14-compat -Wundef -Wshadow -Wformat -Wnoexcept -Wsuggest-attribute=format -Wsuggest-attribute=noreturn -Wno-variadic-macros -fvisibility=hidden -pthread -o socket_testU tests/socket_test/socket_testU-main.o  -L/home/GVirtuS/GVirtuS/build/external/lib/ ./.libs/liblog4cplusU.so -pthread -Wl,-rpath -Wl,/home/GVirtuS/GVirtuS/build/log4cplus-prefix/src/log4cplus/.libs -Wl,-rpath -Wl,/home/GVirtuS/GVirtuS/build/external/lib
libtool: link: g++ -g -O2 -Wall -fdiagnostics-show-caret -ftrack-macro-expansion -fdiagnostics-color=auto -Wextra -pedantic -Wstrict-aliasing -Wstrict-overflow -Woverloaded-virtual -Wold-style-cast -Wc++14-compat -Wundef -Wshadow -Wformat -Wnoexcept -Wsuggest-attribute=format -Wsuggest-attribute=noreturn -Wno-variadic-macros -fvisibility=hidden -pthread -o thread_test tests/thread_test/main.o  -L/home/GVirtuS/GVirtuS/build/external/lib/ ./.libs/liblog4cplus.so -pthread -Wl,-rpath -Wl,/home/GVirtuS/GVirtuS/build/log4cplus-prefix/src/log4cplus/.libs -Wl,-rpath -Wl,/home/GVirtuS/GVirtuS/build/external/lib
libtool: link: g++ -g -O2 -Wall -fdiagnostics-show-caret -ftrack-macro-expansion -fdiagnostics-color=auto -Wextra -pedantic -Wstrict-aliasing -Wstrict-overflow -Woverloaded-virtual -Wold-style-cast -Wc++14-compat -Wundef -Wshadow -Wformat -Wnoexcept -Wsuggest-attribute=format -Wsuggest-attribute=noreturn -Wno-variadic-macros -fvisibility=hidden -pthread -o thread_testU tests/thread_test/thread_testU-main.o  -L/home/GVirtuS/GVirtuS/build/external/lib/ ./.libs/liblog4cplusU.so -pthread -Wl,-rpath -Wl,/home/GVirtuS/GVirtuS/build/log4cplus-prefix/src/log4cplus/.libs -Wl,-rpath -Wl,/home/GVirtuS/GVirtuS/build/external/lib
libtool: link: g++ -g -O2 -Wall -fdiagnostics-show-caret -ftrack-macro-expansion -fdiagnostics-color=auto -Wextra -pedantic -Wstrict-aliasing -Wstrict-overflow -Woverloaded-virtual -Wold-style-cast -Wc++14-compat -Wundef -Wshadow -Wformat -Wnoexcept -Wsuggest-attribute=format -Wsuggest-attribute=noreturn -Wno-variadic-macros -fvisibility=hidden -pthread -o timeformat_test tests/timeformat_test/main.o  -L/home/GVirtuS/GVirtuS/build/external/lib/ ./.libs/liblog4cplus.so -pthread -Wl,-rpath -Wl,/home/GVirtuS/GVirtuS/build/log4cplus-prefix/src/log4cplus/.libs -Wl,-rpath -Wl,/home/GVirtuS/GVirtuS/build/external/lib
libtool: link: g++ -g -O2 -Wall -fdiagnostics-show-caret -ftrack-macro-expansion -fdiagnostics-color=auto -Wextra -pedantic -Wstrict-aliasing -Wstrict-overflow -Woverloaded-virtual -Wold-style-cast -Wc++14-compat -Wundef -Wshadow -Wformat -Wnoexcept -Wsuggest-attribute=format -Wsuggest-attribute=noreturn -Wno-variadic-macros -fvisibility=hidden -pthread -o timeformat_testU tests/timeformat_test/timeformat_testU-main.o  -L/home/GVirtuS/GVirtuS/build/external/lib/ ./.libs/liblog4cplusU.so -pthread -Wl,-rpath -Wl,/home/GVirtuS/GVirtuS/build/log4cplus-prefix/src/log4cplus/.libs -Wl,-rpath -Wl,/home/GVirtuS/GVirtuS/build/external/lib
tests/unit_tests/unit_tests.cxx: In function 'int main(int, char**)':
tests/unit_tests/unit_tests.cxx:4:11: warning: unused parameter 'argc' [-Wunused-parameter]
    4 | main (int argc, char* argv[])
      |       ~~~~^~~~
tests/unit_tests/unit_tests.cxx:4:23: warning: unused parameter 'argv' [-Wunused-parameter]
    4 | main (int argc, char* argv[])
      |                 ~~~~~~^~~~~~
libtool: link: g++ -g -O2 -Wall -fdiagnostics-show-caret -ftrack-macro-expansion -fdiagnostics-color=auto -Wextra -pedantic -Wstrict-aliasing -Wstrict-overflow -Woverloaded-virtual -Wold-style-cast -Wc++14-compat -Wundef -Wshadow -Wformat -Wnoexcept -Wsuggest-attribute=format -Wsuggest-attribute=noreturn -Wno-variadic-macros -fvisibility=hidden -pthread -o unit_tests tests/unit_tests/unit_tests.o  -L/home/GVirtuS/GVirtuS/build/external/lib/ ./.libs/liblog4cplus.so -pthread -Wl,-rpath -Wl,/home/GVirtuS/GVirtuS/build/log4cplus-prefix/src/log4cplus/.libs -Wl,-rpath -Wl,/home/GVirtuS/GVirtuS/build/external/lib
tests/unit_tests/unit_tests.cxx: In function 'int main(int, char**)':
tests/unit_tests/unit_tests.cxx:4:11: warning: unused parameter 'argc' [-Wunused-parameter]
    4 | main (int argc, char* argv[])
      |       ~~~~^~~~
tests/unit_tests/unit_tests.cxx:4:23: warning: unused parameter 'argv' [-Wunused-parameter]
    4 | main (int argc, char* argv[])
      |                 ~~~~~~^~~~~~
libtool: link: g++ -g -O2 -Wall -fdiagnostics-show-caret -ftrack-macro-expansion -fdiagnostics-color=auto -Wextra -pedantic -Wstrict-aliasing -Wstrict-overflow -Woverloaded-virtual -Wold-style-cast -Wc++14-compat -Wundef -Wshadow -Wformat -Wnoexcept -Wsuggest-attribute=format -Wsuggest-attribute=noreturn -Wno-variadic-macros -fvisibility=hidden -pthread -o unit_testsU tests/unit_tests/unit_testsU-unit_tests.o  -L/home/GVirtuS/GVirtuS/build/external/lib/ ./.libs/liblog4cplusU.so -pthread -Wl,-rpath -Wl,/home/GVirtuS/GVirtuS/build/log4cplus-prefix/src/log4cplus/.libs -Wl,-rpath -Wl,/home/GVirtuS/GVirtuS/build/external/lib
[  7%] Performing install step for 'log4cplus'
Making install in include
 /usr/bin/mkdir -p '/home/GVirtuS/GVirtuS/build/external/include'
 /usr/bin/mkdir -p '/home/GVirtuS/GVirtuS/build/external/include/log4cplus/thread/impl'
 /usr/bin/install -c -m 644  log4cplus/thread/impl/syncprims-cxx11.h log4cplus/thread/impl/syncprims-impl.h log4cplus/thread/impl/syncprims-pmsm.h log4cplus/thread/impl/threads-impl.h log4cplus/thread/impl/tls.h '/home/GVirtuS/GVirtuS/build/external/include/log4cplus/thread/impl'
 /usr/bin/mkdir -p '/home/GVirtuS/GVirtuS/build/external/include/log4cplus'
 /usr/bin/install -c -m 644  log4cplus/appender.h log4cplus/asyncappender.h log4cplus/callbackappender.h log4cplus/clfsappender.h log4cplus/clogger.h log4cplus/config.hxx log4cplus/configurator.h log4cplus/consoleappender.h log4cplus/fileappender.h log4cplus/fstreams.h log4cplus/hierarchy.h log4cplus/hierarchylocker.h log4cplus/initializer.h log4cplus/layout.h log4cplus/log4cplus.h log4cplus/log4judpappender.h log4cplus/logger.h log4cplus/loggingmacros.h log4cplus/loglevel.h log4cplus/mdc.h log4cplus/msttsappender.h log4cplus/ndc.h log4cplus/nteventlogappender.h log4cplus/nullappender.h log4cplus/qt4debugappender.h log4cplus/qt5debugappender.h log4cplus/socketappender.h log4cplus/streams.h log4cplus/syslogappender.h log4cplus/tchar.h log4cplus/tracelogger.h log4cplus/tstring.h log4cplus/version.h log4cplus/win32consoleappender.h log4cplus/win32debugappender.h '/home/GVirtuS/GVirtuS/build/external/include/log4cplus'
 /usr/bin/mkdir -p '/home/GVirtuS/GVirtuS/build/external/include/log4cplus/spi'
 /usr/bin/install -c -m 644  log4cplus/spi/appenderattachable.h log4cplus/spi/factory.h log4cplus/spi/filter.h log4cplus/spi/loggerfactory.h log4cplus/spi/loggerimpl.h log4cplus/spi/loggingevent.h log4cplus/spi/objectregistry.h log4cplus/spi/rootlogger.h '/home/GVirtuS/GVirtuS/build/external/include/log4cplus/spi'
 /usr/bin/mkdir -p '/home/GVirtuS/GVirtuS/build/external/include/log4cplus/config'
 /usr/bin/install -c -m 644  log4cplus/config/defines.hxx log4cplus/config/macosx.h log4cplus/config/win32.h log4cplus/config/windowsh-inc-full.h log4cplus/config/windowsh-inc.h '/home/GVirtuS/GVirtuS/build/external/include/log4cplus/config'
 /usr/bin/mkdir -p '/home/GVirtuS/GVirtuS/build/external/include/log4cplus/internal'
 /usr/bin/install -c -m 644  log4cplus/internal/customloglevelmanager.h log4cplus/internal/cygwin-win32.h log4cplus/internal/env.h log4cplus/internal/internal.h log4cplus/internal/socket.h '/home/GVirtuS/GVirtuS/build/external/include/log4cplus/internal'
 /usr/bin/mkdir -p '/home/GVirtuS/GVirtuS/build/external/include/log4cplus/thread'
 /usr/bin/install -c -m 644  log4cplus/thread/syncprims-pub-impl.h log4cplus/thread/syncprims.h log4cplus/thread/threads.h '/home/GVirtuS/GVirtuS/build/external/include/log4cplus/thread'
 /usr/bin/mkdir -p '/home/GVirtuS/GVirtuS/build/external/include/log4cplus/helpers'
 /usr/bin/install -c -m 644  log4cplus/helpers/appenderattachableimpl.h log4cplus/helpers/connectorthread.h log4cplus/helpers/fileinfo.h log4cplus/helpers/lockfile.h log4cplus/helpers/loglog.h log4cplus/helpers/pointer.h log4cplus/helpers/property.h log4cplus/helpers/queue.h log4cplus/helpers/snprintf.h log4cplus/helpers/socket.h log4cplus/helpers/socketbuffer.h log4cplus/helpers/stringhelper.h log4cplus/helpers/thread-config.h log4cplus/helpers/timehelper.h '/home/GVirtuS/GVirtuS/build/external/include/log4cplus/helpers'
 /usr/bin/mkdir -p '/home/GVirtuS/GVirtuS/build/external/include/log4cplus/boost'
 /usr/bin/install -c -m 644  log4cplus/boost/deviceappender.hxx '/home/GVirtuS/GVirtuS/build/external/include/log4cplus/boost'
 /usr/bin/mkdir -p '/home/GVirtuS/GVirtuS/build/external/lib'
 /bin/bash ./libtool   --mode=install /usr/bin/install -c   liblog4cplus.la liblog4cplusU.la '/home/GVirtuS/GVirtuS/build/external/lib'
libtool: install: /usr/bin/install -c .libs/liblog4cplus-2.0.so.3.4.5 /home/GVirtuS/GVirtuS/build/external/lib/liblog4cplus-2.0.so.3.4.5
libtool: install: (cd /home/GVirtuS/GVirtuS/build/external/lib && { ln -s -f liblog4cplus-2.0.so.3.4.5 liblog4cplus-2.0.so.3 || { rm -f liblog4cplus-2.0.so.3 && ln -s liblog4cplus-2.0.so.3.4.5 liblog4cplus-2.0.so.3; }; })
libtool: install: (cd /home/GVirtuS/GVirtuS/build/external/lib && { ln -s -f liblog4cplus-2.0.so.3.4.5 liblog4cplus.so || { rm -f liblog4cplus.so && ln -s liblog4cplus-2.0.so.3.4.5 liblog4cplus.so; }; })
libtool: install: /usr/bin/install -c .libs/liblog4cplus.lai /home/GVirtuS/GVirtuS/build/external/lib/liblog4cplus.la
libtool: install: /usr/bin/install -c .libs/liblog4cplusU-2.0.so.3.4.5 /home/GVirtuS/GVirtuS/build/external/lib/liblog4cplusU-2.0.so.3.4.5
libtool: install: (cd /home/GVirtuS/GVirtuS/build/external/lib && { ln -s -f liblog4cplusU-2.0.so.3.4.5 liblog4cplusU-2.0.so.3 || { rm -f liblog4cplusU-2.0.so.3 && ln -s liblog4cplusU-2.0.so.3.4.5 liblog4cplusU-2.0.so.3; }; })
libtool: install: (cd /home/GVirtuS/GVirtuS/build/external/lib && { ln -s -f liblog4cplusU-2.0.so.3.4.5 liblog4cplusU.so || { rm -f liblog4cplusU.so && ln -s liblog4cplusU-2.0.so.3.4.5 liblog4cplusU.so; }; })
libtool: install: /usr/bin/install -c .libs/liblog4cplusU.lai /home/GVirtuS/GVirtuS/build/external/lib/liblog4cplusU.la
libtool: finish: PATH="/opt/cmake-3.17.1/bin:/home/GVirtuS/bin:/usr/local/nvidia/bin:/usr/local/cuda/bin:/usr/local/sbin:/usr/local/bin:/usr/sbin:/usr/bin:/sbin:/bin:/sbin" ldconfig -n /home/GVirtuS/GVirtuS/build/external/lib
----------------------------------------------------------------------
Libraries have been installed in:
   /home/GVirtuS/GVirtuS/build/external/lib

If you ever happen to want to link against installed libraries
in a given directory, LIBDIR, you must either use libtool, and
specify the full pathname of the library, or use the '-LLIBDIR'
flag during linking and do at least one of the following:
   - add LIBDIR to the 'LD_LIBRARY_PATH' environment variable
     during execution
   - add LIBDIR to the 'LD_RUN_PATH' environment variable
     during linking
   - use the '-Wl,-rpath -Wl,LIBDIR' linker flag
   - have your system administrator add LIBDIR to '/etc/ld.so.conf'

See any operating system documentation about shared libraries for
more information, such as the ld(1) and ld.so(8) manual pages.
----------------------------------------------------------------------
 /usr/bin/mkdir -p '/home/GVirtuS/GVirtuS/build/external/lib/pkgconfig'
 /usr/bin/install -c -m 644 log4cplus.pc '/home/GVirtuS/GVirtuS/build/external/lib/pkgconfig'
[  8%] Completed 'log4cplus'
[  8%] Built target log4cplus
[  9%] Generating include/nlohmann/json.hpp
  % Total    % Received % Xferd  Average Speed   Time    Time     Time  Current
                                 Dload  Upload   Total   Spent    Left  Speed
  0     0    0     0    0     0      0      0 --:--:-- --:--:-- --:--:--     0  0     0    0     0    0     0      0      0 --:--:-- --:--:-- --:--:--     0  0     0    0     0    0     0      0      0 --:--:-- --:--:-- --:--:--     0
 60  790k   60  479k    0     0   452k      0  0:00:01  0:00:01 --:--:--  452k100  790k  100  790k    0     0   729k      0  0:00:01  0:00:01 --:--:-- 13.1M
Scanning dependencies of target gvirtus-common
[ 10%] Building CXX object CMakeFiles/gvirtus-common.dir/src/common/Decoder.cpp.o
[ 11%] Building CXX object CMakeFiles/gvirtus-common.dir/src/common/Encoder.cpp.o
[ 12%] Building CXX object CMakeFiles/gvirtus-common.dir/src/common/JSON.cpp.o
[ 13%] Building CXX object CMakeFiles/gvirtus-common.dir/src/common/LD_Lib.cpp.o
[ 14%] Building CXX object CMakeFiles/gvirtus-common.dir/src/common/MessageDispatcher.cpp.o
[ 15%] Building CXX object CMakeFiles/gvirtus-common.dir/src/common/Mutex.cpp.o
[ 16%] Building CXX object CMakeFiles/gvirtus-common.dir/src/common/Observable.cpp.o
[ 17%] Building CXX object CMakeFiles/gvirtus-common.dir/src/common/Observer.cpp.o
[ 18%] Building CXX object CMakeFiles/gvirtus-common.dir/src/common/SignalException.cpp.o
[ 19%] Building CXX object CMakeFiles/gvirtus-common.dir/src/common/SignalState.cpp.o
[ 19%] Building CXX object CMakeFiles/gvirtus-common.dir/src/common/Util.cpp.o
[ 20%] Linking CXX shared library libgvirtus-common.so
[ 20%] Built target gvirtus-common
Scanning dependencies of target gvirtus-communicators
[ 21%] Building CXX object CMakeFiles/gvirtus-communicators.dir/src/communicators/Buffer.cpp.o
[ 22%] Building CXX object CMakeFiles/gvirtus-communicators.dir/src/communicators/CommunicatorFactory.cpp.o
[ 23%] Building CXX object CMakeFiles/gvirtus-communicators.dir/src/communicators/Endpoint_Tcp.cpp.o
[ 24%] Building CXX object CMakeFiles/gvirtus-communicators.dir/src/communicators/Endpoint_Rdma.cpp.o
[ 25%] Building CXX object CMakeFiles/gvirtus-communicators.dir/src/communicators/EndpointFactory.cpp.o
[ 26%] Building CXX object CMakeFiles/gvirtus-communicators.dir/src/communicators/rdma/ktmrdma.cpp.o
[ 27%] Building CXX object CMakeFiles/gvirtus-communicators.dir/src/communicators/Result.cpp.o
[ 28%] Linking CXX shared library libgvirtus-communicators.so
[ 28%] Built target gvirtus-communicators
Scanning dependencies of target gvirtus-communicators-tcp
[ 29%] Building CXX object CMakeFiles/gvirtus-communicators-tcp.dir/src/communicators/tcp/TcpCommunicator.cpp.o
[ 30%] Linking CXX shared library libgvirtus-communicators-tcp.so
[ 30%] Built target gvirtus-communicators-tcp
Scanning dependencies of target gvirtus-frontend
[ 31%] Building CXX object CMakeFiles/gvirtus-frontend.dir/src/frontend/Frontend.cpp.o
[ 32%] Linking CXX shared library libgvirtus-frontend.so
[ 32%] Built target gvirtus-frontend
Scanning dependencies of target gvirtus-backend
[ 33%] Building CXX object CMakeFiles/gvirtus-backend.dir/src/backend/Backend.cpp.o
[ 34%] Building CXX object CMakeFiles/gvirtus-backend.dir/src/backend/main.cpp.o
[ 35%] Building CXX object CMakeFiles/gvirtus-backend.dir/src/backend/Process.cpp.o
[ 36%] Building CXX object CMakeFiles/gvirtus-backend.dir/src/backend/Property.cpp.o
[ 37%] Linking CXX executable gvirtus-backend
[ 37%] Built target gvirtus-backend
Scanning dependencies of target gvirtus-communicators-ib
[ 38%] Building CXX object CMakeFiles/gvirtus-communicators-ib.dir/src/communicators/rdma/ktmrdma.cpp.o
[ 39%] Building CXX object CMakeFiles/gvirtus-communicators-ib.dir/src/communicators/rdma/RdmaCommunicator.cpp.o
[ 40%] Linking CXX shared library libgvirtus-communicators-ib.so
[ 40%] Built target gvirtus-communicators-ib
Scanning dependencies of target gvirtus-plugin-cublas
[ 40%] Building CXX object plugins/cublas/CMakeFiles/gvirtus-plugin-cublas.dir/backend/CublasHandler.cpp.o
In file included from /home/GVirtuS/GVirtuS/include/gvirtus/communicators/Result.h:40,
                 from /home/GVirtuS/GVirtuS/include/gvirtus/backend/Handler.h:38,
                 from /home/GVirtuS/GVirtuS/plugins/cublas/backend/CublasHandler.h:46,
                 from /home/GVirtuS/GVirtuS/plugins/cublas/backend/CublasHandler.cpp:24:
/home/GVirtuS/GVirtuS/include/gvirtus/communicators/Buffer.h: In instantiation of 'T* gvirtus::communicators::Buffer::Assign(size_t) [with T = void; size_t = long unsigned int]':
/home/GVirtuS/GVirtuS/plugins/cublas/backend/CublasHandler_Helper.cpp:142:33:   required from here
/home/GVirtuS/GVirtuS/include/gvirtus/communicators/Buffer.h:210:19: warning: invalid application of 'sizeof' to a void type [-Wpointer-arith]
  210 |     if (mOffset + sizeof(T) * n > mLength) {
      |                   ^~~~~~~~~
/home/GVirtuS/GVirtuS/include/gvirtus/communicators/Buffer.h:214:16: warning: invalid application of 'sizeof' to a void type [-Wpointer-arith]
  214 |     mOffset += sizeof(T) * n;
      |                ^~~~~~~~~
[ 41%] Linking CXX shared library libgvirtus-plugin-cublas.so
[ 41%] Built target gvirtus-plugin-cublas
Scanning dependencies of target cublas
[ 42%] Building CXX object plugins/cublas/CMakeFiles/cublas.dir/frontend/Cublas_helper.cpp.o
In file included from /home/GVirtuS/GVirtuS/include/gvirtus/frontend/Frontend.h:47,
                 from /home/GVirtuS/GVirtuS/plugins/cublas/frontend/CublasFrontend.h:35,
                 from /home/GVirtuS/GVirtuS/plugins/cublas/frontend/Cublas_helper.cpp:30:
/home/GVirtuS/GVirtuS/include/gvirtus/communicators/Buffer.h: In instantiation of 'void gvirtus::communicators::Buffer::Add(T*, size_t) [with T = void; size_t = long unsigned int]':
/home/GVirtuS/GVirtuS/plugins/cublas/frontend/CublasFrontend.h:87:7:   required from 'static void CublasFrontend::AddHostPointerForArguments(T*, size_t) [with T = void; size_t = long unsigned int]'
/home/GVirtuS/GVirtuS/plugins/cublas/frontend/Cublas_helper.cpp:87:55:   required from here
/home/GVirtuS/GVirtuS/include/gvirtus/communicators/Buffer.h:83:19: warning: invalid application of 'sizeof' to a void type [-Wpointer-arith]
   83 |     size_t size = sizeof(T) * n;
      |                   ^~~~~~~~~
[ 43%] Building CXX object plugins/cublas/CMakeFiles/cublas.dir/frontend/Cublas_level1.cpp.o
[ 44%] Building CXX object plugins/cublas/CMakeFiles/cublas.dir/frontend/Cublas_level2.cpp.o
[ 45%] Building CXX object plugins/cublas/CMakeFiles/cublas.dir/frontend/Cublas_level3.cpp.o
[ 46%] Building CXX object plugins/cublas/CMakeFiles/cublas.dir/frontend/CublasFrontend.cpp.o
[ 47%] Linking CXX shared library libcublas.so
[ 47%] Built target cublas
Scanning dependencies of target gvirtus-plugin-cudart
[ 48%] Building CXX object plugins/cudart/CMakeFiles/gvirtus-plugin-cudart.dir/backend/CudaRtHandler_texture.cpp.o
In file included from /home/GVirtuS/GVirtuS/plugins/cudart/backend/CudaRtHandler.h:71,
                 from /home/GVirtuS/GVirtuS/plugins/cudart/backend/CudaRtHandler_texture.cpp:26:
/usr/local/cuda/include/crt/device_functions.h:54:2: warning: #warning "crt/device_functions.h is an internal header file and must not be used directly.  Please use cuda_runtime_api.h or cuda_runtime.h instead." [-Wcpp]
   54 | #warning "crt/device_functions.h is an internal header file and must not be used directly.  Please use cuda_runtime_api.h or cuda_runtime.h instead."
      |  ^~~~~~~
In file included from /usr/local/cuda/include/crt/device_functions.h:3615,
                 from /home/GVirtuS/GVirtuS/plugins/cudart/backend/CudaRtHandler.h:71,
                 from /home/GVirtuS/GVirtuS/plugins/cudart/backend/CudaRtHandler_texture.cpp:26:
/usr/local/cuda/include/device_atomic_functions.h: In function 'int atomicAdd(int*, int)':
/usr/local/cuda/include/device_atomic_functions.h:74:25: warning: no return statement in function returning non-void [-Wreturn-type]
   74 | #define __DEF_IF_HOST { }
      |                         ^
/usr/local/cuda/include/device_atomic_functions.h:86:71: note: in expansion of macro '__DEF_IF_HOST'
   86 | __DEVICE_ATOMIC_FUNCTIONS_DECL__ int atomicAdd(int *address, int val) __DEF_IF_HOST
      |                                                                       ^~~~~~~~~~~~~
/usr/local/cuda/include/device_atomic_functions.h: In function 'unsigned int atomicAdd(unsigned int*, unsigned int)':
/usr/local/cuda/include/device_atomic_functions.h:74:25: warning: no return statement in function returning non-void [-Wreturn-type]
   74 | #define __DEF_IF_HOST { }
      |                         ^
/usr/local/cuda/include/device_atomic_functions.h:88:98: note: in expansion of macro '__DEF_IF_HOST'
   88 | __DEVICE_ATOMIC_FUNCTIONS_DECL__ unsigned int atomicAdd(unsigned int *address, unsigned int val) __DEF_IF_HOST
      |                                                                                                  ^~~~~~~~~~~~~
/usr/local/cuda/include/device_atomic_functions.h: In function 'int atomicSub(int*, int)':
/usr/local/cuda/include/device_atomic_functions.h:74:25: warning: no return statement in function returning non-void [-Wreturn-type]
   74 | #define __DEF_IF_HOST { }
      |                         ^
/usr/local/cuda/include/device_atomic_functions.h:90:71: note: in expansion of macro '__DEF_IF_HOST'
   90 | __DEVICE_ATOMIC_FUNCTIONS_DECL__ int atomicSub(int *address, int val) __DEF_IF_HOST
      |                                                                       ^~~~~~~~~~~~~
/usr/local/cuda/include/device_atomic_functions.h: In function 'unsigned int atomicSub(unsigned int*, unsigned int)':
/usr/local/cuda/include/device_atomic_functions.h:74:25: warning: no return statement in function returning non-void [-Wreturn-type]
   74 | #define __DEF_IF_HOST { }
      |                         ^
/usr/local/cuda/include/device_atomic_functions.h:92:98: note: in expansion of macro '__DEF_IF_HOST'
   92 | __DEVICE_ATOMIC_FUNCTIONS_DECL__ unsigned int atomicSub(unsigned int *address, unsigned int val) __DEF_IF_HOST
      |                                                                                                  ^~~~~~~~~~~~~
/usr/local/cuda/include/device_atomic_functions.h: In function 'int atomicExch(int*, int)':
/usr/local/cuda/include/device_atomic_functions.h:74:25: warning: no return statement in function returning non-void [-Wreturn-type]
   74 | #define __DEF_IF_HOST { }
      |                         ^
/usr/local/cuda/include/device_atomic_functions.h:94:72: note: in expansion of macro '__DEF_IF_HOST'
   94 | __DEVICE_ATOMIC_FUNCTIONS_DECL__ int atomicExch(int *address, int val) __DEF_IF_HOST
      |                                                                        ^~~~~~~~~~~~~
/usr/local/cuda/include/device_atomic_functions.h: In function 'unsigned int atomicExch(unsigned int*, unsigned int)':
/usr/local/cuda/include/device_atomic_functions.h:74:25: warning: no return statement in function returning non-void [-Wreturn-type]
   74 | #define __DEF_IF_HOST { }
      |                         ^
/usr/local/cuda/include/device_atomic_functions.h:96:99: note: in expansion of macro '__DEF_IF_HOST'
   96 | __DEVICE_ATOMIC_FUNCTIONS_DECL__ unsigned int atomicExch(unsigned int *address, unsigned int val) __DEF_IF_HOST
      |                                                                                                   ^~~~~~~~~~~~~
/usr/local/cuda/include/device_atomic_functions.h: In function 'float atomicExch(float*, float)':
/usr/local/cuda/include/device_atomic_functions.h:74:25: warning: no return statement in function returning non-void [-Wreturn-type]
   74 | #define __DEF_IF_HOST { }
      |                         ^
/usr/local/cuda/include/device_atomic_functions.h:98:78: note: in expansion of macro '__DEF_IF_HOST'
   98 | __DEVICE_ATOMIC_FUNCTIONS_DECL__ float atomicExch(float *address, float val) __DEF_IF_HOST
      |                                                                              ^~~~~~~~~~~~~
/usr/local/cuda/include/device_atomic_functions.h: In function 'int atomicMin(int*, int)':
/usr/local/cuda/include/device_atomic_functions.h:74:25: warning: no return statement in function returning non-void [-Wreturn-type]
   74 | #define __DEF_IF_HOST { }
      |                         ^
/usr/local/cuda/include/device_atomic_functions.h:100:71: note: in expansion of macro '__DEF_IF_HOST'
  100 | __DEVICE_ATOMIC_FUNCTIONS_DECL__ int atomicMin(int *address, int val) __DEF_IF_HOST
      |                                                                       ^~~~~~~~~~~~~
/usr/local/cuda/include/device_atomic_functions.h: In function 'unsigned int atomicMin(unsigned int*, unsigned int)':
/usr/local/cuda/include/device_atomic_functions.h:74:25: warning: no return statement in function returning non-void [-Wreturn-type]
   74 | #define __DEF_IF_HOST { }
      |                         ^
/usr/local/cuda/include/device_atomic_functions.h:102:98: note: in expansion of macro '__DEF_IF_HOST'
  102 | __DEVICE_ATOMIC_FUNCTIONS_DECL__ unsigned int atomicMin(unsigned int *address, unsigned int val) __DEF_IF_HOST
      |                                                                                                  ^~~~~~~~~~~~~
/usr/local/cuda/include/device_atomic_functions.h: In function 'int atomicMax(int*, int)':
/usr/local/cuda/include/device_atomic_functions.h:74:25: warning: no return statement in function returning non-void [-Wreturn-type]
   74 | #define __DEF_IF_HOST { }
      |                         ^
/usr/local/cuda/include/device_atomic_functions.h:104:71: note: in expansion of macro '__DEF_IF_HOST'
  104 | __DEVICE_ATOMIC_FUNCTIONS_DECL__ int atomicMax(int *address, int val) __DEF_IF_HOST
      |                                                                       ^~~~~~~~~~~~~
/usr/local/cuda/include/device_atomic_functions.h: In function 'unsigned int atomicMax(unsigned int*, unsigned int)':
/usr/local/cuda/include/device_atomic_functions.h:74:25: warning: no return statement in function returning non-void [-Wreturn-type]
   74 | #define __DEF_IF_HOST { }
      |                         ^
/usr/local/cuda/include/device_atomic_functions.h:106:98: note: in expansion of macro '__DEF_IF_HOST'
  106 | __DEVICE_ATOMIC_FUNCTIONS_DECL__ unsigned int atomicMax(unsigned int *address, unsigned int val) __DEF_IF_HOST
      |                                                                                                  ^~~~~~~~~~~~~
/usr/local/cuda/include/device_atomic_functions.h: In function 'unsigned int atomicInc(unsigned int*, unsigned int)':
/usr/local/cuda/include/device_atomic_functions.h:74:25: warning: no return statement in function returning non-void [-Wreturn-type]
   74 | #define __DEF_IF_HOST { }
      |                         ^
/usr/local/cuda/include/device_atomic_functions.h:108:98: note: in expansion of macro '__DEF_IF_HOST'
  108 | __DEVICE_ATOMIC_FUNCTIONS_DECL__ unsigned int atomicInc(unsigned int *address, unsigned int val) __DEF_IF_HOST
      |                                                                                                  ^~~~~~~~~~~~~
/usr/local/cuda/include/device_atomic_functions.h: In function 'unsigned int atomicDec(unsigned int*, unsigned int)':
/usr/local/cuda/include/device_atomic_functions.h:74:25: warning: no return statement in function returning non-void [-Wreturn-type]
   74 | #define __DEF_IF_HOST { }
      |                         ^
/usr/local/cuda/include/device_atomic_functions.h:110:98: note: in expansion of macro '__DEF_IF_HOST'
  110 | __DEVICE_ATOMIC_FUNCTIONS_DECL__ unsigned int atomicDec(unsigned int *address, unsigned int val) __DEF_IF_HOST
      |                                                                                                  ^~~~~~~~~~~~~
/usr/local/cuda/include/device_atomic_functions.h: In function 'int atomicAnd(int*, int)':
/usr/local/cuda/include/device_atomic_functions.h:74:25: warning: no return statement in function returning non-void [-Wreturn-type]
   74 | #define __DEF_IF_HOST { }
      |                         ^
/usr/local/cuda/include/device_atomic_functions.h:112:71: note: in expansion of macro '__DEF_IF_HOST'
  112 | __DEVICE_ATOMIC_FUNCTIONS_DECL__ int atomicAnd(int *address, int val) __DEF_IF_HOST
      |                                                                       ^~~~~~~~~~~~~
/usr/local/cuda/include/device_atomic_functions.h: In function 'unsigned int atomicAnd(unsigned int*, unsigned int)':
/usr/local/cuda/include/device_atomic_functions.h:74:25: warning: no return statement in function returning non-void [-Wreturn-type]
   74 | #define __DEF_IF_HOST { }
      |                         ^
/usr/local/cuda/include/device_atomic_functions.h:114:98: note: in expansion of macro '__DEF_IF_HOST'
  114 | __DEVICE_ATOMIC_FUNCTIONS_DECL__ unsigned int atomicAnd(unsigned int *address, unsigned int val) __DEF_IF_HOST
      |                                                                                                  ^~~~~~~~~~~~~
/usr/local/cuda/include/device_atomic_functions.h: In function 'int atomicOr(int*, int)':
/usr/local/cuda/include/device_atomic_functions.h:74:25: warning: no return statement in function returning non-void [-Wreturn-type]
   74 | #define __DEF_IF_HOST { }
      |                         ^
/usr/local/cuda/include/device_atomic_functions.h:116:70: note: in expansion of macro '__DEF_IF_HOST'
  116 | __DEVICE_ATOMIC_FUNCTIONS_DECL__ int atomicOr(int *address, int val) __DEF_IF_HOST
      |                                                                      ^~~~~~~~~~~~~
/usr/local/cuda/include/device_atomic_functions.h: In function 'unsigned int atomicOr(unsigned int*, unsigned int)':
/usr/local/cuda/include/device_atomic_functions.h:74:25: warning: no return statement in function returning non-void [-Wreturn-type]
   74 | #define __DEF_IF_HOST { }
      |                         ^
/usr/local/cuda/include/device_atomic_functions.h:118:97: note: in expansion of macro '__DEF_IF_HOST'
  118 | __DEVICE_ATOMIC_FUNCTIONS_DECL__ unsigned int atomicOr(unsigned int *address, unsigned int val) __DEF_IF_HOST
      |                                                                                                 ^~~~~~~~~~~~~
/usr/local/cuda/include/device_atomic_functions.h: In function 'int atomicXor(int*, int)':
/usr/local/cuda/include/device_atomic_functions.h:74:25: warning: no return statement in function returning non-void [-Wreturn-type]
   74 | #define __DEF_IF_HOST { }
      |                         ^
/usr/local/cuda/include/device_atomic_functions.h:120:71: note: in expansion of macro '__DEF_IF_HOST'
  120 | __DEVICE_ATOMIC_FUNCTIONS_DECL__ int atomicXor(int *address, int val) __DEF_IF_HOST
      |                                                                       ^~~~~~~~~~~~~
/usr/local/cuda/include/device_atomic_functions.h: In function 'unsigned int atomicXor(unsigned int*, unsigned int)':
/usr/local/cuda/include/device_atomic_functions.h:74:25: warning: no return statement in function returning non-void [-Wreturn-type]
   74 | #define __DEF_IF_HOST { }
      |                         ^
/usr/local/cuda/include/device_atomic_functions.h:122:98: note: in expansion of macro '__DEF_IF_HOST'
  122 | __DEVICE_ATOMIC_FUNCTIONS_DECL__ unsigned int atomicXor(unsigned int *address, unsigned int val) __DEF_IF_HOST
      |                                                                                                  ^~~~~~~~~~~~~
/usr/local/cuda/include/device_atomic_functions.h: In function 'int atomicCAS(int*, int, int)':
/usr/local/cuda/include/device_atomic_functions.h:74:25: warning: no return statement in function returning non-void [-Wreturn-type]
   74 | #define __DEF_IF_HOST { }
      |                         ^
/usr/local/cuda/include/device_atomic_functions.h:124:84: note: in expansion of macro '__DEF_IF_HOST'
  124 | __DEVICE_ATOMIC_FUNCTIONS_DECL__ int atomicCAS(int *address, int compare, int val) __DEF_IF_HOST
      |                                                                                    ^~~~~~~~~~~~~
/usr/local/cuda/include/device_atomic_functions.h: In function 'unsigned int atomicCAS(unsigned int*, unsigned int, unsigned int)':
/usr/local/cuda/include/device_atomic_functions.h:74:25: warning: no return statement in function returning non-void [-Wreturn-type]
   74 | #define __DEF_IF_HOST { }
      |                         ^
/usr/local/cuda/include/device_atomic_functions.h:126:120: note: in expansion of macro '__DEF_IF_HOST'
  126 | __DEVICE_ATOMIC_FUNCTIONS_DECL__ unsigned int atomicCAS(unsigned int *address, unsigned int compare, unsigned int val) __DEF_IF_HOST
      |                                                                                                                        ^~~~~~~~~~~~~
/usr/local/cuda/include/device_atomic_functions.h: In function 'long long unsigned int atomicAdd(long long unsigned int*, long long unsigned int)':
/usr/local/cuda/include/device_atomic_functions.h:74:25: warning: no return statement in function returning non-void [-Wreturn-type]
   74 | #define __DEF_IF_HOST { }
      |                         ^
/usr/local/cuda/include/device_atomic_functions.h:166:128: note: in expansion of macro '__DEF_IF_HOST'
  166 | __DEVICE_ATOMIC_FUNCTIONS_DECL__ unsigned long long int atomicAdd(unsigned long long int *address, unsigned long long int val) __DEF_IF_HOST
      |                                                                                                                                ^~~~~~~~~~~~~
/usr/local/cuda/include/device_atomic_functions.h: In function 'long long unsigned int atomicExch(long long unsigned int*, long long unsigned int)':
/usr/local/cuda/include/device_atomic_functions.h:74:25: warning: no return statement in function returning non-void [-Wreturn-type]
   74 | #define __DEF_IF_HOST { }
      |                         ^
/usr/local/cuda/include/device_atomic_functions.h:168:129: note: in expansion of macro '__DEF_IF_HOST'
  168 | __DEVICE_ATOMIC_FUNCTIONS_DECL__ unsigned long long int atomicExch(unsigned long long int *address, unsigned long long int val) __DEF_IF_HOST
      |                                                                                                                                 ^~~~~~~~~~~~~
/usr/local/cuda/include/device_atomic_functions.h: In function 'long long unsigned int atomicCAS(long long unsigned int*, long long unsigned int, long long unsigned int)':
/usr/local/cuda/include/device_atomic_functions.h:74:25: warning: no return statement in function returning non-void [-Wreturn-type]
   74 | #define __DEF_IF_HOST { }
      |                         ^
/usr/local/cuda/include/device_atomic_functions.h:170:160: note: in expansion of macro '__DEF_IF_HOST'
  170 | __DEVICE_ATOMIC_FUNCTIONS_DECL__ unsigned long long int atomicCAS(unsigned long long int *address, unsigned long long int compare, unsigned long long int val) __DEF_IF_HOST
      |                                                                                                                                                                ^~~~~~~~~~~~~
/usr/local/cuda/include/device_atomic_functions.h: In function 'bool any(bool)':
/usr/local/cuda/include/device_atomic_functions.h:74:25: warning: no return statement in function returning non-void [-Wreturn-type]
   74 | #define __DEF_IF_HOST { }
      |                         ^
/usr/local/cuda/include/device_atomic_functions.h:172:103: note: in expansion of macro '__DEF_IF_HOST'
  172 | __DEVICE_ATOMIC_FUNCTIONS_DECL__ __DEPRECATED__(__WSB_DEPRECATION_MESSAGE(__any)) bool any(bool cond) __DEF_IF_HOST
      |                                                                                                       ^~~~~~~~~~~~~
/usr/local/cuda/include/device_atomic_functions.h: In function 'bool all(bool)':
/usr/local/cuda/include/device_atomic_functions.h:74:25: warning: no return statement in function returning non-void [-Wreturn-type]
   74 | #define __DEF_IF_HOST { }
      |                         ^
/usr/local/cuda/include/device_atomic_functions.h:174:103: note: in expansion of macro '__DEF_IF_HOST'
  174 | __DEVICE_ATOMIC_FUNCTIONS_DECL__ __DEPRECATED__(__WSB_DEPRECATION_MESSAGE(__all)) bool all(bool cond) __DEF_IF_HOST
      |                                                                                                       ^~~~~~~~~~~~~
In file included from /usr/local/cuda/include/crt/device_functions.h:3617,
                 from /home/GVirtuS/GVirtuS/plugins/cudart/backend/CudaRtHandler.h:71,
                 from /home/GVirtuS/GVirtuS/plugins/cudart/backend/CudaRtHandler_texture.cpp:26:
/usr/local/cuda/include/sm_20_atomic_functions.h: In function 'float atomicAdd(float*, float)':
/usr/local/cuda/include/sm_20_atomic_functions.h:79:25: warning: no return statement in function returning non-void [-Wreturn-type]
   79 | #define __DEF_IF_HOST { }
      |                         ^
/usr/local/cuda/include/sm_20_atomic_functions.h:96:76: note: in expansion of macro '__DEF_IF_HOST'
   96 | __SM_20_ATOMIC_FUNCTIONS_DECL__ float atomicAdd(float *address, float val) __DEF_IF_HOST
      |                                                                            ^~~~~~~~~~~~~
In file included from /usr/local/cuda/include/crt/device_functions.h:3618,
                 from /home/GVirtuS/GVirtuS/plugins/cudart/backend/CudaRtHandler.h:71,
                 from /home/GVirtuS/GVirtuS/plugins/cudart/backend/CudaRtHandler_texture.cpp:26:
/usr/local/cuda/include/sm_32_atomic_functions.h: In function 'long long int atomicMin(long long int*, long long int)':
/usr/local/cuda/include/sm_32_atomic_functions.h:72:25: warning: no return statement in function returning non-void [-Wreturn-type]
   72 | #define __DEF_IF_HOST { }
      |                         ^
/usr/local/cuda/include/sm_32_atomic_functions.h:89:88: note: in expansion of macro '__DEF_IF_HOST'
   89 | __SM_32_ATOMIC_FUNCTIONS_DECL__ long long atomicMin(long long *address, long long val) __DEF_IF_HOST
      |                                                                                        ^~~~~~~~~~~~~
/usr/local/cuda/include/sm_32_atomic_functions.h: In function 'long long int atomicMax(long long int*, long long int)':
/usr/local/cuda/include/sm_32_atomic_functions.h:72:25: warning: no return statement in function returning non-void [-Wreturn-type]
   72 | #define __DEF_IF_HOST { }
      |                         ^
/usr/local/cuda/include/sm_32_atomic_functions.h:91:88: note: in expansion of macro '__DEF_IF_HOST'
   91 | __SM_32_ATOMIC_FUNCTIONS_DECL__ long long atomicMax(long long *address, long long val) __DEF_IF_HOST
      |                                                                                        ^~~~~~~~~~~~~
/usr/local/cuda/include/sm_32_atomic_functions.h: In function 'long long int atomicAnd(long long int*, long long int)':
/usr/local/cuda/include/sm_32_atomic_functions.h:72:25: warning: no return statement in function returning non-void [-Wreturn-type]
   72 | #define __DEF_IF_HOST { }
      |                         ^
/usr/local/cuda/include/sm_32_atomic_functions.h:93:88: note: in expansion of macro '__DEF_IF_HOST'
   93 | __SM_32_ATOMIC_FUNCTIONS_DECL__ long long atomicAnd(long long *address, long long val) __DEF_IF_HOST
      |                                                                                        ^~~~~~~~~~~~~
/usr/local/cuda/include/sm_32_atomic_functions.h: In function 'long long int atomicOr(long long int*, long long int)':
/usr/local/cuda/include/sm_32_atomic_functions.h:72:25: warning: no return statement in function returning non-void [-Wreturn-type]
   72 | #define __DEF_IF_HOST { }
      |                         ^
/usr/local/cuda/include/sm_32_atomic_functions.h:95:87: note: in expansion of macro '__DEF_IF_HOST'
   95 | __SM_32_ATOMIC_FUNCTIONS_DECL__ long long atomicOr(long long *address, long long val) __DEF_IF_HOST
      |                                                                                       ^~~~~~~~~~~~~
/usr/local/cuda/include/sm_32_atomic_functions.h: In function 'long long int atomicXor(long long int*, long long int)':
/usr/local/cuda/include/sm_32_atomic_functions.h:72:25: warning: no return statement in function returning non-void [-Wreturn-type]
   72 | #define __DEF_IF_HOST { }
      |                         ^
/usr/local/cuda/include/sm_32_atomic_functions.h:97:88: note: in expansion of macro '__DEF_IF_HOST'
   97 | __SM_32_ATOMIC_FUNCTIONS_DECL__ long long atomicXor(long long *address, long long val) __DEF_IF_HOST
      |                                                                                        ^~~~~~~~~~~~~
/usr/local/cuda/include/sm_32_atomic_functions.h: In function 'long long unsigned int atomicMin(long long unsigned int*, long long unsigned int)':
/usr/local/cuda/include/sm_32_atomic_functions.h:72:25: warning: no return statement in function returning non-void [-Wreturn-type]
   72 | #define __DEF_IF_HOST { }
      |                         ^
/usr/local/cuda/include/sm_32_atomic_functions.h:99:115: note: in expansion of macro '__DEF_IF_HOST'
   99 | __SM_32_ATOMIC_FUNCTIONS_DECL__ unsigned long long atomicMin(unsigned long long *address, unsigned long long val) __DEF_IF_HOST
      |                                                                                                                   ^~~~~~~~~~~~~
/usr/local/cuda/include/sm_32_atomic_functions.h: In function 'long long unsigned int atomicMax(long long unsigned int*, long long unsigned int)':
/usr/local/cuda/include/sm_32_atomic_functions.h:72:25: warning: no return statement in function returning non-void [-Wreturn-type]
   72 | #define __DEF_IF_HOST { }
      |                         ^
/usr/local/cuda/include/sm_32_atomic_functions.h:101:115: note: in expansion of macro '__DEF_IF_HOST'
  101 | __SM_32_ATOMIC_FUNCTIONS_DECL__ unsigned long long atomicMax(unsigned long long *address, unsigned long long val) __DEF_IF_HOST
      |                                                                                                                   ^~~~~~~~~~~~~
/usr/local/cuda/include/sm_32_atomic_functions.h: In function 'long long unsigned int atomicAnd(long long unsigned int*, long long unsigned int)':
/usr/local/cuda/include/sm_32_atomic_functions.h:72:25: warning: no return statement in function returning non-void [-Wreturn-type]
   72 | #define __DEF_IF_HOST { }
      |                         ^
/usr/local/cuda/include/sm_32_atomic_functions.h:103:115: note: in expansion of macro '__DEF_IF_HOST'
  103 | __SM_32_ATOMIC_FUNCTIONS_DECL__ unsigned long long atomicAnd(unsigned long long *address, unsigned long long val) __DEF_IF_HOST
      |                                                                                                                   ^~~~~~~~~~~~~
/usr/local/cuda/include/sm_32_atomic_functions.h: In function 'long long unsigned int atomicOr(long long unsigned int*, long long unsigned int)':
/usr/local/cuda/include/sm_32_atomic_functions.h:72:25: warning: no return statement in function returning non-void [-Wreturn-type]
   72 | #define __DEF_IF_HOST { }
      |                         ^
/usr/local/cuda/include/sm_32_atomic_functions.h:105:114: note: in expansion of macro '__DEF_IF_HOST'
  105 | __SM_32_ATOMIC_FUNCTIONS_DECL__ unsigned long long atomicOr(unsigned long long *address, unsigned long long val) __DEF_IF_HOST
      |                                                                                                                  ^~~~~~~~~~~~~
/usr/local/cuda/include/sm_32_atomic_functions.h: In function 'long long unsigned int atomicXor(long long unsigned int*, long long unsigned int)':
/usr/local/cuda/include/sm_32_atomic_functions.h:72:25: warning: no return statement in function returning non-void [-Wreturn-type]
   72 | #define __DEF_IF_HOST { }
      |                         ^
/usr/local/cuda/include/sm_32_atomic_functions.h:107:115: note: in expansion of macro '__DEF_IF_HOST'
  107 | __SM_32_ATOMIC_FUNCTIONS_DECL__ unsigned long long atomicXor(unsigned long long *address, unsigned long long val) __DEF_IF_HOST
      |                                                                                                                   ^~~~~~~~~~~~~
In file included from /usr/local/cuda/include/crt/device_functions.h:3620,
                 from /home/GVirtuS/GVirtuS/plugins/cudart/backend/CudaRtHandler.h:71,
                 from /home/GVirtuS/GVirtuS/plugins/cudart/backend/CudaRtHandler_texture.cpp:26:
/usr/local/cuda/include/sm_60_atomic_functions.h: In function 'double atomicAdd(double*, double)':
/usr/local/cuda/include/sm_60_atomic_functions.h:77:25: warning: no return statement in function returning non-void [-Wreturn-type]
   77 | #define __DEF_IF_HOST { }
      |                         ^
/usr/local/cuda/include/sm_60_atomic_functions.h:90:79: note: in expansion of macro '__DEF_IF_HOST'
   90 | __SM_60_ATOMIC_FUNCTIONS_DECL__ double atomicAdd(double *address, double val) __DEF_IF_HOST
      |                                                                               ^~~~~~~~~~~~~
/usr/local/cuda/include/sm_60_atomic_functions.h: In function 'int atomicAdd_block(int*, int)':
/usr/local/cuda/include/sm_60_atomic_functions.h:77:25: warning: no return statement in function returning non-void [-Wreturn-type]
   77 | #define __DEF_IF_HOST { }
      |                         ^
/usr/local/cuda/include/sm_60_atomic_functions.h:93:44: note: in expansion of macro '__DEF_IF_HOST'
   93 | int atomicAdd_block(int *address, int val) __DEF_IF_HOST
      |                                            ^~~~~~~~~~~~~
/usr/local/cuda/include/sm_60_atomic_functions.h: In function 'int atomicAdd_system(int*, int)':
/usr/local/cuda/include/sm_60_atomic_functions.h:77:25: warning: no return statement in function returning non-void [-Wreturn-type]
   77 | #define __DEF_IF_HOST { }
      |                         ^
/usr/local/cuda/include/sm_60_atomic_functions.h:96:45: note: in expansion of macro '__DEF_IF_HOST'
   96 | int atomicAdd_system(int *address, int val) __DEF_IF_HOST
      |                                             ^~~~~~~~~~~~~
/usr/local/cuda/include/sm_60_atomic_functions.h: In function 'unsigned int atomicAdd_block(unsigned int*, unsigned int)':
/usr/local/cuda/include/sm_60_atomic_functions.h:77:25: warning: no return statement in function returning non-void [-Wreturn-type]
   77 | #define __DEF_IF_HOST { }
      |                         ^
/usr/local/cuda/include/sm_60_atomic_functions.h:99:71: note: in expansion of macro '__DEF_IF_HOST'
   99 | unsigned int atomicAdd_block(unsigned int *address, unsigned int val) __DEF_IF_HOST
      |                                                                       ^~~~~~~~~~~~~
/usr/local/cuda/include/sm_60_atomic_functions.h: In function 'unsigned int atomicAdd_system(unsigned int*, unsigned int)':
/usr/local/cuda/include/sm_60_atomic_functions.h:77:25: warning: no return statement in function returning non-void [-Wreturn-type]
   77 | #define __DEF_IF_HOST { }
      |                         ^
/usr/local/cuda/include/sm_60_atomic_functions.h:102:72: note: in expansion of macro '__DEF_IF_HOST'
  102 | unsigned int atomicAdd_system(unsigned int *address, unsigned int val) __DEF_IF_HOST
      |                                                                        ^~~~~~~~~~~~~
/usr/local/cuda/include/sm_60_atomic_functions.h: In function 'long long unsigned int atomicAdd_block(long long unsigned int*, long long unsigned int)':
/usr/local/cuda/include/sm_60_atomic_functions.h:77:25: warning: no return statement in function returning non-void [-Wreturn-type]
   77 | #define __DEF_IF_HOST { }
      |                         ^
/usr/local/cuda/include/sm_60_atomic_functions.h:105:89: note: in expansion of macro '__DEF_IF_HOST'
  105 | unsigned long long atomicAdd_block(unsigned long long *address, unsigned long long val) __DEF_IF_HOST
      |                                                                                         ^~~~~~~~~~~~~
/usr/local/cuda/include/sm_60_atomic_functions.h: In function 'long long unsigned int atomicAdd_system(long long unsigned int*, long long unsigned int)':
/usr/local/cuda/include/sm_60_atomic_functions.h:77:25: warning: no return statement in function returning non-void [-Wreturn-type]
   77 | #define __DEF_IF_HOST { }
      |                         ^
/usr/local/cuda/include/sm_60_atomic_functions.h:108:90: note: in expansion of macro '__DEF_IF_HOST'
  108 | unsigned long long atomicAdd_system(unsigned long long *address, unsigned long long val) __DEF_IF_HOST
      |                                                                                          ^~~~~~~~~~~~~
/usr/local/cuda/include/sm_60_atomic_functions.h: In function 'float atomicAdd_block(float*, float)':
/usr/local/cuda/include/sm_60_atomic_functions.h:77:25: warning: no return statement in function returning non-void [-Wreturn-type]
   77 | #define __DEF_IF_HOST { }
      |                         ^
/usr/local/cuda/include/sm_60_atomic_functions.h:111:50: note: in expansion of macro '__DEF_IF_HOST'
  111 | float atomicAdd_block(float *address, float val) __DEF_IF_HOST
      |                                                  ^~~~~~~~~~~~~
/usr/local/cuda/include/sm_60_atomic_functions.h: In function 'float atomicAdd_system(float*, float)':
/usr/local/cuda/include/sm_60_atomic_functions.h:77:25: warning: no return statement in function returning non-void [-Wreturn-type]
   77 | #define __DEF_IF_HOST { }
      |                         ^
/usr/local/cuda/include/sm_60_atomic_functions.h:114:51: note: in expansion of macro '__DEF_IF_HOST'
  114 | float atomicAdd_system(float *address, float val) __DEF_IF_HOST
      |                                                   ^~~~~~~~~~~~~
/usr/local/cuda/include/sm_60_atomic_functions.h: In function 'double atomicAdd_block(double*, double)':
/usr/local/cuda/include/sm_60_atomic_functions.h:77:25: warning: no return statement in function returning non-void [-Wreturn-type]
   77 | #define __DEF_IF_HOST { }
      |                         ^
/usr/local/cuda/include/sm_60_atomic_functions.h:117:53: note: in expansion of macro '__DEF_IF_HOST'
  117 | double atomicAdd_block(double *address, double val) __DEF_IF_HOST
      |                                                     ^~~~~~~~~~~~~
/usr/local/cuda/include/sm_60_atomic_functions.h: In function 'double atomicAdd_system(double*, double)':
/usr/local/cuda/include/sm_60_atomic_functions.h:77:25: warning: no return statement in function returning non-void [-Wreturn-type]
   77 | #define __DEF_IF_HOST { }
      |                         ^
/usr/local/cuda/include/sm_60_atomic_functions.h:120:54: note: in expansion of macro '__DEF_IF_HOST'
  120 | double atomicAdd_system(double *address, double val) __DEF_IF_HOST
      |                                                      ^~~~~~~~~~~~~
/usr/local/cuda/include/sm_60_atomic_functions.h: In function 'int atomicSub_block(int*, int)':
/usr/local/cuda/include/sm_60_atomic_functions.h:77:25: warning: no return statement in function returning non-void [-Wreturn-type]
   77 | #define __DEF_IF_HOST { }
      |                         ^
/usr/local/cuda/include/sm_60_atomic_functions.h:123:44: note: in expansion of macro '__DEF_IF_HOST'
  123 | int atomicSub_block(int *address, int val) __DEF_IF_HOST
      |                                            ^~~~~~~~~~~~~
/usr/local/cuda/include/sm_60_atomic_functions.h: In function 'int atomicSub_system(int*, int)':
/usr/local/cuda/include/sm_60_atomic_functions.h:77:25: warning: no return statement in function returning non-void [-Wreturn-type]
   77 | #define __DEF_IF_HOST { }
      |                         ^
/usr/local/cuda/include/sm_60_atomic_functions.h:126:45: note: in expansion of macro '__DEF_IF_HOST'
  126 | int atomicSub_system(int *address, int val) __DEF_IF_HOST
      |                                             ^~~~~~~~~~~~~
/usr/local/cuda/include/sm_60_atomic_functions.h: In function 'unsigned int atomicSub_block(unsigned int*, unsigned int)':
/usr/local/cuda/include/sm_60_atomic_functions.h:77:25: warning: no return statement in function returning non-void [-Wreturn-type]
   77 | #define __DEF_IF_HOST { }
      |                         ^
/usr/local/cuda/include/sm_60_atomic_functions.h:129:71: note: in expansion of macro '__DEF_IF_HOST'
  129 | unsigned int atomicSub_block(unsigned int *address, unsigned int val) __DEF_IF_HOST
      |                                                                       ^~~~~~~~~~~~~
/usr/local/cuda/include/sm_60_atomic_functions.h: In function 'unsigned int atomicSub_system(unsigned int*, unsigned int)':
/usr/local/cuda/include/sm_60_atomic_functions.h:77:25: warning: no return statement in function returning non-void [-Wreturn-type]
   77 | #define __DEF_IF_HOST { }
      |                         ^
/usr/local/cuda/include/sm_60_atomic_functions.h:132:72: note: in expansion of macro '__DEF_IF_HOST'
  132 | unsigned int atomicSub_system(unsigned int *address, unsigned int val) __DEF_IF_HOST
      |                                                                        ^~~~~~~~~~~~~
/usr/local/cuda/include/sm_60_atomic_functions.h: In function 'int atomicExch_block(int*, int)':
/usr/local/cuda/include/sm_60_atomic_functions.h:77:25: warning: no return statement in function returning non-void [-Wreturn-type]
   77 | #define __DEF_IF_HOST { }
      |                         ^
/usr/local/cuda/include/sm_60_atomic_functions.h:135:45: note: in expansion of macro '__DEF_IF_HOST'
  135 | int atomicExch_block(int *address, int val) __DEF_IF_HOST
      |                                             ^~~~~~~~~~~~~
/usr/local/cuda/include/sm_60_atomic_functions.h: In function 'int atomicExch_system(int*, int)':
/usr/local/cuda/include/sm_60_atomic_functions.h:77:25: warning: no return statement in function returning non-void [-Wreturn-type]
   77 | #define __DEF_IF_HOST { }
      |                         ^
/usr/local/cuda/include/sm_60_atomic_functions.h:138:46: note: in expansion of macro '__DEF_IF_HOST'
  138 | int atomicExch_system(int *address, int val) __DEF_IF_HOST
      |                                              ^~~~~~~~~~~~~
/usr/local/cuda/include/sm_60_atomic_functions.h: In function 'unsigned int atomicExch_block(unsigned int*, unsigned int)':
/usr/local/cuda/include/sm_60_atomic_functions.h:77:25: warning: no return statement in function returning non-void [-Wreturn-type]
   77 | #define __DEF_IF_HOST { }
      |                         ^
/usr/local/cuda/include/sm_60_atomic_functions.h:141:72: note: in expansion of macro '__DEF_IF_HOST'
  141 | unsigned int atomicExch_block(unsigned int *address, unsigned int val) __DEF_IF_HOST
      |                                                                        ^~~~~~~~~~~~~
/usr/local/cuda/include/sm_60_atomic_functions.h: In function 'unsigned int atomicExch_system(unsigned int*, unsigned int)':
/usr/local/cuda/include/sm_60_atomic_functions.h:77:25: warning: no return statement in function returning non-void [-Wreturn-type]
   77 | #define __DEF_IF_HOST { }
      |                         ^
/usr/local/cuda/include/sm_60_atomic_functions.h:144:73: note: in expansion of macro '__DEF_IF_HOST'
  144 | unsigned int atomicExch_system(unsigned int *address, unsigned int val) __DEF_IF_HOST
      |                                                                         ^~~~~~~~~~~~~
/usr/local/cuda/include/sm_60_atomic_functions.h: In function 'long long unsigned int atomicExch_block(long long unsigned int*, long long unsigned int)':
/usr/local/cuda/include/sm_60_atomic_functions.h:77:25: warning: no return statement in function returning non-void [-Wreturn-type]
   77 | #define __DEF_IF_HOST { }
      |                         ^
/usr/local/cuda/include/sm_60_atomic_functions.h:147:90: note: in expansion of macro '__DEF_IF_HOST'
  147 | unsigned long long atomicExch_block(unsigned long long *address, unsigned long long val) __DEF_IF_HOST
      |                                                                                          ^~~~~~~~~~~~~
/usr/local/cuda/include/sm_60_atomic_functions.h: In function 'long long unsigned int atomicExch_system(long long unsigned int*, long long unsigned int)':
/usr/local/cuda/include/sm_60_atomic_functions.h:77:25: warning: no return statement in function returning non-void [-Wreturn-type]
   77 | #define __DEF_IF_HOST { }
      |                         ^
/usr/local/cuda/include/sm_60_atomic_functions.h:150:91: note: in expansion of macro '__DEF_IF_HOST'
  150 | unsigned long long atomicExch_system(unsigned long long *address, unsigned long long val) __DEF_IF_HOST
      |                                                                                           ^~~~~~~~~~~~~
/usr/local/cuda/include/sm_60_atomic_functions.h: In function 'float atomicExch_block(float*, float)':
/usr/local/cuda/include/sm_60_atomic_functions.h:77:25: warning: no return statement in function returning non-void [-Wreturn-type]
   77 | #define __DEF_IF_HOST { }
      |                         ^
/usr/local/cuda/include/sm_60_atomic_functions.h:153:51: note: in expansion of macro '__DEF_IF_HOST'
  153 | float atomicExch_block(float *address, float val) __DEF_IF_HOST
      |                                                   ^~~~~~~~~~~~~
/usr/local/cuda/include/sm_60_atomic_functions.h: In function 'float atomicExch_system(float*, float)':
/usr/local/cuda/include/sm_60_atomic_functions.h:77:25: warning: no return statement in function returning non-void [-Wreturn-type]
   77 | #define __DEF_IF_HOST { }
      |                         ^
/usr/local/cuda/include/sm_60_atomic_functions.h:156:52: note: in expansion of macro '__DEF_IF_HOST'
  156 | float atomicExch_system(float *address, float val) __DEF_IF_HOST
      |                                                    ^~~~~~~~~~~~~
/usr/local/cuda/include/sm_60_atomic_functions.h: In function 'int atomicMin_block(int*, int)':
/usr/local/cuda/include/sm_60_atomic_functions.h:77:25: warning: no return statement in function returning non-void [-Wreturn-type]
   77 | #define __DEF_IF_HOST { }
      |                         ^
/usr/local/cuda/include/sm_60_atomic_functions.h:159:44: note: in expansion of macro '__DEF_IF_HOST'
  159 | int atomicMin_block(int *address, int val) __DEF_IF_HOST
      |                                            ^~~~~~~~~~~~~
/usr/local/cuda/include/sm_60_atomic_functions.h: In function 'int atomicMin_system(int*, int)':
/usr/local/cuda/include/sm_60_atomic_functions.h:77:25: warning: no return statement in function returning non-void [-Wreturn-type]
   77 | #define __DEF_IF_HOST { }
      |                         ^
/usr/local/cuda/include/sm_60_atomic_functions.h:162:45: note: in expansion of macro '__DEF_IF_HOST'
  162 | int atomicMin_system(int *address, int val) __DEF_IF_HOST
      |                                             ^~~~~~~~~~~~~
/usr/local/cuda/include/sm_60_atomic_functions.h: In function 'long long int atomicMin_block(long long int*, long long int)':
/usr/local/cuda/include/sm_60_atomic_functions.h:77:25: warning: no return statement in function returning non-void [-Wreturn-type]
   77 | #define __DEF_IF_HOST { }
      |                         ^
/usr/local/cuda/include/sm_60_atomic_functions.h:165:62: note: in expansion of macro '__DEF_IF_HOST'
  165 | long long atomicMin_block(long long *address, long long val) __DEF_IF_HOST
      |                                                              ^~~~~~~~~~~~~
/usr/local/cuda/include/sm_60_atomic_functions.h: In function 'long long int atomicMin_system(long long int*, long long int)':
/usr/local/cuda/include/sm_60_atomic_functions.h:77:25: warning: no return statement in function returning non-void [-Wreturn-type]
   77 | #define __DEF_IF_HOST { }
      |                         ^
/usr/local/cuda/include/sm_60_atomic_functions.h:168:63: note: in expansion of macro '__DEF_IF_HOST'
  168 | long long atomicMin_system(long long *address, long long val) __DEF_IF_HOST
      |                                                               ^~~~~~~~~~~~~
/usr/local/cuda/include/sm_60_atomic_functions.h: In function 'unsigned int atomicMin_block(unsigned int*, unsigned int)':
/usr/local/cuda/include/sm_60_atomic_functions.h:77:25: warning: no return statement in function returning non-void [-Wreturn-type]
   77 | #define __DEF_IF_HOST { }
      |                         ^
/usr/local/cuda/include/sm_60_atomic_functions.h:171:71: note: in expansion of macro '__DEF_IF_HOST'
  171 | unsigned int atomicMin_block(unsigned int *address, unsigned int val) __DEF_IF_HOST
      |                                                                       ^~~~~~~~~~~~~
/usr/local/cuda/include/sm_60_atomic_functions.h: In function 'unsigned int atomicMin_system(unsigned int*, unsigned int)':
/usr/local/cuda/include/sm_60_atomic_functions.h:77:25: warning: no return statement in function returning non-void [-Wreturn-type]
   77 | #define __DEF_IF_HOST { }
      |                         ^
/usr/local/cuda/include/sm_60_atomic_functions.h:174:72: note: in expansion of macro '__DEF_IF_HOST'
  174 | unsigned int atomicMin_system(unsigned int *address, unsigned int val) __DEF_IF_HOST
      |                                                                        ^~~~~~~~~~~~~
/usr/local/cuda/include/sm_60_atomic_functions.h: In function 'long long unsigned int atomicMin_block(long long unsigned int*, long long unsigned int)':
/usr/local/cuda/include/sm_60_atomic_functions.h:77:25: warning: no return statement in function returning non-void [-Wreturn-type]
   77 | #define __DEF_IF_HOST { }
      |                         ^
/usr/local/cuda/include/sm_60_atomic_functions.h:177:89: note: in expansion of macro '__DEF_IF_HOST'
  177 | unsigned long long atomicMin_block(unsigned long long *address, unsigned long long val) __DEF_IF_HOST
      |                                                                                         ^~~~~~~~~~~~~
/usr/local/cuda/include/sm_60_atomic_functions.h: In function 'long long unsigned int atomicMin_system(long long unsigned int*, long long unsigned int)':
/usr/local/cuda/include/sm_60_atomic_functions.h:77:25: warning: no return statement in function returning non-void [-Wreturn-type]
   77 | #define __DEF_IF_HOST { }
      |                         ^
/usr/local/cuda/include/sm_60_atomic_functions.h:180:90: note: in expansion of macro '__DEF_IF_HOST'
  180 | unsigned long long atomicMin_system(unsigned long long *address, unsigned long long val) __DEF_IF_HOST
      |                                                                                          ^~~~~~~~~~~~~
/usr/local/cuda/include/sm_60_atomic_functions.h: In function 'int atomicMax_block(int*, int)':
/usr/local/cuda/include/sm_60_atomic_functions.h:77:25: warning: no return statement in function returning non-void [-Wreturn-type]
   77 | #define __DEF_IF_HOST { }
      |                         ^
/usr/local/cuda/include/sm_60_atomic_functions.h:183:44: note: in expansion of macro '__DEF_IF_HOST'
  183 | int atomicMax_block(int *address, int val) __DEF_IF_HOST
      |                                            ^~~~~~~~~~~~~
/usr/local/cuda/include/sm_60_atomic_functions.h: In function 'int atomicMax_system(int*, int)':
/usr/local/cuda/include/sm_60_atomic_functions.h:77:25: warning: no return statement in function returning non-void [-Wreturn-type]
   77 | #define __DEF_IF_HOST { }
      |                         ^
/usr/local/cuda/include/sm_60_atomic_functions.h:186:45: note: in expansion of macro '__DEF_IF_HOST'
  186 | int atomicMax_system(int *address, int val) __DEF_IF_HOST
      |                                             ^~~~~~~~~~~~~
/usr/local/cuda/include/sm_60_atomic_functions.h: In function 'long long int atomicMax_block(long long int*, long long int)':
/usr/local/cuda/include/sm_60_atomic_functions.h:77:25: warning: no return statement in function returning non-void [-Wreturn-type]
   77 | #define __DEF_IF_HOST { }
      |                         ^
/usr/local/cuda/include/sm_60_atomic_functions.h:189:62: note: in expansion of macro '__DEF_IF_HOST'
  189 | long long atomicMax_block(long long *address, long long val) __DEF_IF_HOST
      |                                                              ^~~~~~~~~~~~~
/usr/local/cuda/include/sm_60_atomic_functions.h: In function 'long long int atomicMax_system(long long int*, long long int)':
/usr/local/cuda/include/sm_60_atomic_functions.h:77:25: warning: no return statement in function returning non-void [-Wreturn-type]
   77 | #define __DEF_IF_HOST { }
      |                         ^
/usr/local/cuda/include/sm_60_atomic_functions.h:192:63: note: in expansion of macro '__DEF_IF_HOST'
  192 | long long atomicMax_system(long long *address, long long val) __DEF_IF_HOST
      |                                                               ^~~~~~~~~~~~~
/usr/local/cuda/include/sm_60_atomic_functions.h: In function 'unsigned int atomicMax_block(unsigned int*, unsigned int)':
/usr/local/cuda/include/sm_60_atomic_functions.h:77:25: warning: no return statement in function returning non-void [-Wreturn-type]
   77 | #define __DEF_IF_HOST { }
      |                         ^
/usr/local/cuda/include/sm_60_atomic_functions.h:195:71: note: in expansion of macro '__DEF_IF_HOST'
  195 | unsigned int atomicMax_block(unsigned int *address, unsigned int val) __DEF_IF_HOST
      |                                                                       ^~~~~~~~~~~~~
/usr/local/cuda/include/sm_60_atomic_functions.h: In function 'unsigned int atomicMax_system(unsigned int*, unsigned int)':
/usr/local/cuda/include/sm_60_atomic_functions.h:77:25: warning: no return statement in function returning non-void [-Wreturn-type]
   77 | #define __DEF_IF_HOST { }
      |                         ^
/usr/local/cuda/include/sm_60_atomic_functions.h:198:72: note: in expansion of macro '__DEF_IF_HOST'
  198 | unsigned int atomicMax_system(unsigned int *address, unsigned int val) __DEF_IF_HOST
      |                                                                        ^~~~~~~~~~~~~
/usr/local/cuda/include/sm_60_atomic_functions.h: In function 'long long unsigned int atomicMax_block(long long unsigned int*, long long unsigned int)':
/usr/local/cuda/include/sm_60_atomic_functions.h:77:25: warning: no return statement in function returning non-void [-Wreturn-type]
   77 | #define __DEF_IF_HOST { }
      |                         ^
/usr/local/cuda/include/sm_60_atomic_functions.h:201:89: note: in expansion of macro '__DEF_IF_HOST'
  201 | unsigned long long atomicMax_block(unsigned long long *address, unsigned long long val) __DEF_IF_HOST
      |                                                                                         ^~~~~~~~~~~~~
/usr/local/cuda/include/sm_60_atomic_functions.h: In function 'long long unsigned int atomicMax_system(long long unsigned int*, long long unsigned int)':
/usr/local/cuda/include/sm_60_atomic_functions.h:77:25: warning: no return statement in function returning non-void [-Wreturn-type]
   77 | #define __DEF_IF_HOST { }
      |                         ^
/usr/local/cuda/include/sm_60_atomic_functions.h:204:90: note: in expansion of macro '__DEF_IF_HOST'
  204 | unsigned long long atomicMax_system(unsigned long long *address, unsigned long long val) __DEF_IF_HOST
      |                                                                                          ^~~~~~~~~~~~~
/usr/local/cuda/include/sm_60_atomic_functions.h: In function 'unsigned int atomicInc_block(unsigned int*, unsigned int)':
/usr/local/cuda/include/sm_60_atomic_functions.h:77:25: warning: no return statement in function returning non-void [-Wreturn-type]
   77 | #define __DEF_IF_HOST { }
      |                         ^
/usr/local/cuda/include/sm_60_atomic_functions.h:207:71: note: in expansion of macro '__DEF_IF_HOST'
  207 | unsigned int atomicInc_block(unsigned int *address, unsigned int val) __DEF_IF_HOST
      |                                                                       ^~~~~~~~~~~~~
/usr/local/cuda/include/sm_60_atomic_functions.h: In function 'unsigned int atomicInc_system(unsigned int*, unsigned int)':
/usr/local/cuda/include/sm_60_atomic_functions.h:77:25: warning: no return statement in function returning non-void [-Wreturn-type]
   77 | #define __DEF_IF_HOST { }
      |                         ^
/usr/local/cuda/include/sm_60_atomic_functions.h:210:72: note: in expansion of macro '__DEF_IF_HOST'
  210 | unsigned int atomicInc_system(unsigned int *address, unsigned int val) __DEF_IF_HOST
      |                                                                        ^~~~~~~~~~~~~
/usr/local/cuda/include/sm_60_atomic_functions.h: In function 'unsigned int atomicDec_block(unsigned int*, unsigned int)':
/usr/local/cuda/include/sm_60_atomic_functions.h:77:25: warning: no return statement in function returning non-void [-Wreturn-type]
   77 | #define __DEF_IF_HOST { }
      |                         ^
/usr/local/cuda/include/sm_60_atomic_functions.h:213:71: note: in expansion of macro '__DEF_IF_HOST'
  213 | unsigned int atomicDec_block(unsigned int *address, unsigned int val) __DEF_IF_HOST
      |                                                                       ^~~~~~~~~~~~~
/usr/local/cuda/include/sm_60_atomic_functions.h: In function 'unsigned int atomicDec_system(unsigned int*, unsigned int)':
/usr/local/cuda/include/sm_60_atomic_functions.h:77:25: warning: no return statement in function returning non-void [-Wreturn-type]
   77 | #define __DEF_IF_HOST { }
      |                         ^
/usr/local/cuda/include/sm_60_atomic_functions.h:216:72: note: in expansion of macro '__DEF_IF_HOST'
  216 | unsigned int atomicDec_system(unsigned int *address, unsigned int val) __DEF_IF_HOST
      |                                                                        ^~~~~~~~~~~~~
/usr/local/cuda/include/sm_60_atomic_functions.h: In function 'int atomicCAS_block(int*, int, int)':
/usr/local/cuda/include/sm_60_atomic_functions.h:77:25: warning: no return statement in function returning non-void [-Wreturn-type]
   77 | #define __DEF_IF_HOST { }
      |                         ^
/usr/local/cuda/include/sm_60_atomic_functions.h:219:57: note: in expansion of macro '__DEF_IF_HOST'
  219 | int atomicCAS_block(int *address, int compare, int val) __DEF_IF_HOST
      |                                                         ^~~~~~~~~~~~~
/usr/local/cuda/include/sm_60_atomic_functions.h: In function 'int atomicCAS_system(int*, int, int)':
/usr/local/cuda/include/sm_60_atomic_functions.h:77:25: warning: no return statement in function returning non-void [-Wreturn-type]
   77 | #define __DEF_IF_HOST { }
      |                         ^
/usr/local/cuda/include/sm_60_atomic_functions.h:222:58: note: in expansion of macro '__DEF_IF_HOST'
  222 | int atomicCAS_system(int *address, int compare, int val) __DEF_IF_HOST
      |                                                          ^~~~~~~~~~~~~
/usr/local/cuda/include/sm_60_atomic_functions.h: In function 'unsigned int atomicCAS_block(unsigned int*, unsigned int, unsigned int)':
/usr/local/cuda/include/sm_60_atomic_functions.h:77:25: warning: no return statement in function returning non-void [-Wreturn-type]
   77 | #define __DEF_IF_HOST { }
      |                         ^
/usr/local/cuda/include/sm_60_atomic_functions.h:226:48: note: in expansion of macro '__DEF_IF_HOST'
  226 |                              unsigned int val) __DEF_IF_HOST
      |                                                ^~~~~~~~~~~~~
/usr/local/cuda/include/sm_60_atomic_functions.h: In function 'unsigned int atomicCAS_system(unsigned int*, unsigned int, unsigned int)':
/usr/local/cuda/include/sm_60_atomic_functions.h:77:25: warning: no return statement in function returning non-void [-Wreturn-type]
   77 | #define __DEF_IF_HOST { }
      |                         ^
/usr/local/cuda/include/sm_60_atomic_functions.h:230:49: note: in expansion of macro '__DEF_IF_HOST'
  230 |                               unsigned int val) __DEF_IF_HOST
      |                                                 ^~~~~~~~~~~~~
/usr/local/cuda/include/sm_60_atomic_functions.h: In function 'long long unsigned int atomicCAS_block(long long unsigned int*, long long unsigned int, long long unsigned int)':
/usr/local/cuda/include/sm_60_atomic_functions.h:77:25: warning: no return statement in function returning non-void [-Wreturn-type]
   77 | #define __DEF_IF_HOST { }
      |                         ^
/usr/local/cuda/include/sm_60_atomic_functions.h:235:68: note: in expansion of macro '__DEF_IF_HOST'
  235 |                                        unsigned long long int val) __DEF_IF_HOST
      |                                                                    ^~~~~~~~~~~~~
/usr/local/cuda/include/sm_60_atomic_functions.h: In function 'long long unsigned int atomicCAS_system(long long unsigned int*, long long unsigned int, long long unsigned int)':
/usr/local/cuda/include/sm_60_atomic_functions.h:77:25: warning: no return statement in function returning non-void [-Wreturn-type]
   77 | #define __DEF_IF_HOST { }
      |                         ^
/usr/local/cuda/include/sm_60_atomic_functions.h:240:69: note: in expansion of macro '__DEF_IF_HOST'
  240 |                                         unsigned long long int val) __DEF_IF_HOST
      |                                                                     ^~~~~~~~~~~~~
/usr/local/cuda/include/sm_60_atomic_functions.h: In function 'int atomicAnd_block(int*, int)':
/usr/local/cuda/include/sm_60_atomic_functions.h:77:25: warning: no return statement in function returning non-void [-Wreturn-type]
   77 | #define __DEF_IF_HOST { }
      |                         ^
/usr/local/cuda/include/sm_60_atomic_functions.h:243:44: note: in expansion of macro '__DEF_IF_HOST'
  243 | int atomicAnd_block(int *address, int val) __DEF_IF_HOST
      |                                            ^~~~~~~~~~~~~
/usr/local/cuda/include/sm_60_atomic_functions.h: In function 'int atomicAnd_system(int*, int)':
/usr/local/cuda/include/sm_60_atomic_functions.h:77:25: warning: no return statement in function returning non-void [-Wreturn-type]
   77 | #define __DEF_IF_HOST { }
      |                         ^
/usr/local/cuda/include/sm_60_atomic_functions.h:246:45: note: in expansion of macro '__DEF_IF_HOST'
  246 | int atomicAnd_system(int *address, int val) __DEF_IF_HOST
      |                                             ^~~~~~~~~~~~~
/usr/local/cuda/include/sm_60_atomic_functions.h: In function 'long long int atomicAnd_block(long long int*, long long int)':
/usr/local/cuda/include/sm_60_atomic_functions.h:77:25: warning: no return statement in function returning non-void [-Wreturn-type]
   77 | #define __DEF_IF_HOST { }
      |                         ^
/usr/local/cuda/include/sm_60_atomic_functions.h:249:62: note: in expansion of macro '__DEF_IF_HOST'
  249 | long long atomicAnd_block(long long *address, long long val) __DEF_IF_HOST
      |                                                              ^~~~~~~~~~~~~
/usr/local/cuda/include/sm_60_atomic_functions.h: In function 'long long int atomicAnd_system(long long int*, long long int)':
/usr/local/cuda/include/sm_60_atomic_functions.h:77:25: warning: no return statement in function returning non-void [-Wreturn-type]
   77 | #define __DEF_IF_HOST { }
      |                         ^
/usr/local/cuda/include/sm_60_atomic_functions.h:252:63: note: in expansion of macro '__DEF_IF_HOST'
  252 | long long atomicAnd_system(long long *address, long long val) __DEF_IF_HOST
      |                                                               ^~~~~~~~~~~~~
/usr/local/cuda/include/sm_60_atomic_functions.h: In function 'unsigned int atomicAnd_block(unsigned int*, unsigned int)':
/usr/local/cuda/include/sm_60_atomic_functions.h:77:25: warning: no return statement in function returning non-void [-Wreturn-type]
   77 | #define __DEF_IF_HOST { }
      |                         ^
/usr/local/cuda/include/sm_60_atomic_functions.h:255:71: note: in expansion of macro '__DEF_IF_HOST'
  255 | unsigned int atomicAnd_block(unsigned int *address, unsigned int val) __DEF_IF_HOST
      |                                                                       ^~~~~~~~~~~~~
/usr/local/cuda/include/sm_60_atomic_functions.h: In function 'unsigned int atomicAnd_system(unsigned int*, unsigned int)':
/usr/local/cuda/include/sm_60_atomic_functions.h:77:25: warning: no return statement in function returning non-void [-Wreturn-type]
   77 | #define __DEF_IF_HOST { }
      |                         ^
/usr/local/cuda/include/sm_60_atomic_functions.h:258:72: note: in expansion of macro '__DEF_IF_HOST'
  258 | unsigned int atomicAnd_system(unsigned int *address, unsigned int val) __DEF_IF_HOST
      |                                                                        ^~~~~~~~~~~~~
/usr/local/cuda/include/sm_60_atomic_functions.h: In function 'long long unsigned int atomicAnd_block(long long unsigned int*, long long unsigned int)':
/usr/local/cuda/include/sm_60_atomic_functions.h:77:25: warning: no return statement in function returning non-void [-Wreturn-type]
   77 | #define __DEF_IF_HOST { }
      |                         ^
/usr/local/cuda/include/sm_60_atomic_functions.h:261:89: note: in expansion of macro '__DEF_IF_HOST'
  261 | unsigned long long atomicAnd_block(unsigned long long *address, unsigned long long val) __DEF_IF_HOST
      |                                                                                         ^~~~~~~~~~~~~
/usr/local/cuda/include/sm_60_atomic_functions.h: In function 'long long unsigned int atomicAnd_system(long long unsigned int*, long long unsigned int)':
/usr/local/cuda/include/sm_60_atomic_functions.h:77:25: warning: no return statement in function returning non-void [-Wreturn-type]
   77 | #define __DEF_IF_HOST { }
      |                         ^
/usr/local/cuda/include/sm_60_atomic_functions.h:264:90: note: in expansion of macro '__DEF_IF_HOST'
  264 | unsigned long long atomicAnd_system(unsigned long long *address, unsigned long long val) __DEF_IF_HOST
      |                                                                                          ^~~~~~~~~~~~~
/usr/local/cuda/include/sm_60_atomic_functions.h: In function 'int atomicOr_block(int*, int)':
/usr/local/cuda/include/sm_60_atomic_functions.h:77:25: warning: no return statement in function returning non-void [-Wreturn-type]
   77 | #define __DEF_IF_HOST { }
      |                         ^
/usr/local/cuda/include/sm_60_atomic_functions.h:267:43: note: in expansion of macro '__DEF_IF_HOST'
  267 | int atomicOr_block(int *address, int val) __DEF_IF_HOST
      |                                           ^~~~~~~~~~~~~
/usr/local/cuda/include/sm_60_atomic_functions.h: In function 'int atomicOr_system(int*, int)':
/usr/local/cuda/include/sm_60_atomic_functions.h:77:25: warning: no return statement in function returning non-void [-Wreturn-type]
   77 | #define __DEF_IF_HOST { }
      |                         ^
/usr/local/cuda/include/sm_60_atomic_functions.h:270:44: note: in expansion of macro '__DEF_IF_HOST'
  270 | int atomicOr_system(int *address, int val) __DEF_IF_HOST
      |                                            ^~~~~~~~~~~~~
/usr/local/cuda/include/sm_60_atomic_functions.h: In function 'long long int atomicOr_block(long long int*, long long int)':
/usr/local/cuda/include/sm_60_atomic_functions.h:77:25: warning: no return statement in function returning non-void [-Wreturn-type]
   77 | #define __DEF_IF_HOST { }
      |                         ^
/usr/local/cuda/include/sm_60_atomic_functions.h:273:61: note: in expansion of macro '__DEF_IF_HOST'
  273 | long long atomicOr_block(long long *address, long long val) __DEF_IF_HOST
      |                                                             ^~~~~~~~~~~~~
/usr/local/cuda/include/sm_60_atomic_functions.h: In function 'long long int atomicOr_system(long long int*, long long int)':
/usr/local/cuda/include/sm_60_atomic_functions.h:77:25: warning: no return statement in function returning non-void [-Wreturn-type]
   77 | #define __DEF_IF_HOST { }
      |                         ^
/usr/local/cuda/include/sm_60_atomic_functions.h:276:62: note: in expansion of macro '__DEF_IF_HOST'
  276 | long long atomicOr_system(long long *address, long long val) __DEF_IF_HOST
      |                                                              ^~~~~~~~~~~~~
/usr/local/cuda/include/sm_60_atomic_functions.h: In function 'unsigned int atomicOr_block(unsigned int*, unsigned int)':
/usr/local/cuda/include/sm_60_atomic_functions.h:77:25: warning: no return statement in function returning non-void [-Wreturn-type]
   77 | #define __DEF_IF_HOST { }
      |                         ^
/usr/local/cuda/include/sm_60_atomic_functions.h:279:70: note: in expansion of macro '__DEF_IF_HOST'
  279 | unsigned int atomicOr_block(unsigned int *address, unsigned int val) __DEF_IF_HOST
      |                                                                      ^~~~~~~~~~~~~
/usr/local/cuda/include/sm_60_atomic_functions.h: In function 'unsigned int atomicOr_system(unsigned int*, unsigned int)':
/usr/local/cuda/include/sm_60_atomic_functions.h:77:25: warning: no return statement in function returning non-void [-Wreturn-type]
   77 | #define __DEF_IF_HOST { }
      |                         ^
/usr/local/cuda/include/sm_60_atomic_functions.h:282:71: note: in expansion of macro '__DEF_IF_HOST'
  282 | unsigned int atomicOr_system(unsigned int *address, unsigned int val) __DEF_IF_HOST
      |                                                                       ^~~~~~~~~~~~~
/usr/local/cuda/include/sm_60_atomic_functions.h: In function 'long long unsigned int atomicOr_block(long long unsigned int*, long long unsigned int)':
/usr/local/cuda/include/sm_60_atomic_functions.h:77:25: warning: no return statement in function returning non-void [-Wreturn-type]
   77 | #define __DEF_IF_HOST { }
      |                         ^
/usr/local/cuda/include/sm_60_atomic_functions.h:285:88: note: in expansion of macro '__DEF_IF_HOST'
  285 | unsigned long long atomicOr_block(unsigned long long *address, unsigned long long val) __DEF_IF_HOST
      |                                                                                        ^~~~~~~~~~~~~
/usr/local/cuda/include/sm_60_atomic_functions.h: In function 'long long unsigned int atomicOr_system(long long unsigned int*, long long unsigned int)':
/usr/local/cuda/include/sm_60_atomic_functions.h:77:25: warning: no return statement in function returning non-void [-Wreturn-type]
   77 | #define __DEF_IF_HOST { }
      |                         ^
/usr/local/cuda/include/sm_60_atomic_functions.h:288:89: note: in expansion of macro '__DEF_IF_HOST'
  288 | unsigned long long atomicOr_system(unsigned long long *address, unsigned long long val) __DEF_IF_HOST
      |                                                                                         ^~~~~~~~~~~~~
/usr/local/cuda/include/sm_60_atomic_functions.h: In function 'int atomicXor_block(int*, int)':
/usr/local/cuda/include/sm_60_atomic_functions.h:77:25: warning: no return statement in function returning non-void [-Wreturn-type]
   77 | #define __DEF_IF_HOST { }
      |                         ^
/usr/local/cuda/include/sm_60_atomic_functions.h:291:44: note: in expansion of macro '__DEF_IF_HOST'
  291 | int atomicXor_block(int *address, int val) __DEF_IF_HOST
      |                                            ^~~~~~~~~~~~~
/usr/local/cuda/include/sm_60_atomic_functions.h: In function 'int atomicXor_system(int*, int)':
/usr/local/cuda/include/sm_60_atomic_functions.h:77:25: warning: no return statement in function returning non-void [-Wreturn-type]
   77 | #define __DEF_IF_HOST { }
      |                         ^
/usr/local/cuda/include/sm_60_atomic_functions.h:294:45: note: in expansion of macro '__DEF_IF_HOST'
  294 | int atomicXor_system(int *address, int val) __DEF_IF_HOST
      |                                             ^~~~~~~~~~~~~
/usr/local/cuda/include/sm_60_atomic_functions.h: In function 'long long int atomicXor_block(long long int*, long long int)':
/usr/local/cuda/include/sm_60_atomic_functions.h:77:25: warning: no return statement in function returning non-void [-Wreturn-type]
   77 | #define __DEF_IF_HOST { }
      |                         ^
/usr/local/cuda/include/sm_60_atomic_functions.h:297:62: note: in expansion of macro '__DEF_IF_HOST'
  297 | long long atomicXor_block(long long *address, long long val) __DEF_IF_HOST
      |                                                              ^~~~~~~~~~~~~
/usr/local/cuda/include/sm_60_atomic_functions.h: In function 'long long int atomicXor_system(long long int*, long long int)':
/usr/local/cuda/include/sm_60_atomic_functions.h:77:25: warning: no return statement in function returning non-void [-Wreturn-type]
   77 | #define __DEF_IF_HOST { }
      |                         ^
/usr/local/cuda/include/sm_60_atomic_functions.h:300:63: note: in expansion of macro '__DEF_IF_HOST'
  300 | long long atomicXor_system(long long *address, long long val) __DEF_IF_HOST
      |                                                               ^~~~~~~~~~~~~
/usr/local/cuda/include/sm_60_atomic_functions.h: In function 'unsigned int atomicXor_block(unsigned int*, unsigned int)':
/usr/local/cuda/include/sm_60_atomic_functions.h:77:25: warning: no return statement in function returning non-void [-Wreturn-type]
   77 | #define __DEF_IF_HOST { }
      |                         ^
/usr/local/cuda/include/sm_60_atomic_functions.h:303:71: note: in expansion of macro '__DEF_IF_HOST'
  303 | unsigned int atomicXor_block(unsigned int *address, unsigned int val) __DEF_IF_HOST
      |                                                                       ^~~~~~~~~~~~~
/usr/local/cuda/include/sm_60_atomic_functions.h: In function 'unsigned int atomicXor_system(unsigned int*, unsigned int)':
/usr/local/cuda/include/sm_60_atomic_functions.h:77:25: warning: no return statement in function returning non-void [-Wreturn-type]
   77 | #define __DEF_IF_HOST { }
      |                         ^
/usr/local/cuda/include/sm_60_atomic_functions.h:306:72: note: in expansion of macro '__DEF_IF_HOST'
  306 | unsigned int atomicXor_system(unsigned int *address, unsigned int val) __DEF_IF_HOST
      |                                                                        ^~~~~~~~~~~~~
/usr/local/cuda/include/sm_60_atomic_functions.h: In function 'long long unsigned int atomicXor_block(long long unsigned int*, long long unsigned int)':
/usr/local/cuda/include/sm_60_atomic_functions.h:77:25: warning: no return statement in function returning non-void [-Wreturn-type]
   77 | #define __DEF_IF_HOST { }
      |                         ^
/usr/local/cuda/include/sm_60_atomic_functions.h:309:89: note: in expansion of macro '__DEF_IF_HOST'
  309 | unsigned long long atomicXor_block(unsigned long long *address, unsigned long long val) __DEF_IF_HOST
      |                                                                                         ^~~~~~~~~~~~~
/usr/local/cuda/include/sm_60_atomic_functions.h: In function 'long long unsigned int atomicXor_system(long long unsigned int*, long long unsigned int)':
/usr/local/cuda/include/sm_60_atomic_functions.h:77:25: warning: no return statement in function returning non-void [-Wreturn-type]
   77 | #define __DEF_IF_HOST { }
      |                         ^
/usr/local/cuda/include/sm_60_atomic_functions.h:312:90: note: in expansion of macro '__DEF_IF_HOST'
  312 | unsigned long long atomicXor_system(unsigned long long *address, unsigned long long val) __DEF_IF_HOST
      |                                                                                          ^~~~~~~~~~~~~
In file included from /usr/local/cuda/include/crt/device_functions.h:3621,
                 from /home/GVirtuS/GVirtuS/plugins/cudart/backend/CudaRtHandler.h:71,
                 from /home/GVirtuS/GVirtuS/plugins/cudart/backend/CudaRtHandler_texture.cpp:26:
/usr/local/cuda/include/sm_20_intrinsics.h: In function 'unsigned int ballot(bool)':
/usr/local/cuda/include/sm_20_intrinsics.h:75:25: warning: no return statement in function returning non-void [-Wreturn-type]
   75 | #define __DEF_IF_HOST { }
      |                         ^
/usr/local/cuda/include/sm_20_intrinsics.h:1522:110: note: in expansion of macro '__DEF_IF_HOST'
 1522 | __SM_20_INTRINSICS_DECL__ __DEPRECATED__(__WSB_DEPRECATION_MESSAGE(__ballot)) unsigned int ballot(bool pred) __DEF_IF_HOST
      |                                                                                                              ^~~~~~~~~~~~~
/usr/local/cuda/include/sm_20_intrinsics.h: In function 'int syncthreads_count(bool)':
/usr/local/cuda/include/sm_20_intrinsics.h:75:25: warning: no return statement in function returning non-void [-Wreturn-type]
   75 | #define __DEF_IF_HOST { }
      |                         ^
/usr/local/cuda/include/sm_20_intrinsics.h:1524:60: note: in expansion of macro '__DEF_IF_HOST'
 1524 | __SM_20_INTRINSICS_DECL__ int syncthreads_count(bool pred) __DEF_IF_HOST
      |                                                            ^~~~~~~~~~~~~
/usr/local/cuda/include/sm_20_intrinsics.h: In function 'bool syncthreads_and(bool)':
/usr/local/cuda/include/sm_20_intrinsics.h:75:25: warning: no return statement in function returning non-void [-Wreturn-type]
   75 | #define __DEF_IF_HOST { }
      |                         ^
/usr/local/cuda/include/sm_20_intrinsics.h:1526:59: note: in expansion of macro '__DEF_IF_HOST'
 1526 | __SM_20_INTRINSICS_DECL__ bool syncthreads_and(bool pred) __DEF_IF_HOST
      |                                                           ^~~~~~~~~~~~~
/usr/local/cuda/include/sm_20_intrinsics.h: In function 'bool syncthreads_or(bool)':
/usr/local/cuda/include/sm_20_intrinsics.h:75:25: warning: no return statement in function returning non-void [-Wreturn-type]
   75 | #define __DEF_IF_HOST { }
      |                         ^
/usr/local/cuda/include/sm_20_intrinsics.h:1528:58: note: in expansion of macro '__DEF_IF_HOST'
 1528 | __SM_20_INTRINSICS_DECL__ bool syncthreads_or(bool pred) __DEF_IF_HOST
      |                                                          ^~~~~~~~~~~~~
/usr/local/cuda/include/sm_20_intrinsics.h: In function 'unsigned int __isGlobal(const void*)':
/usr/local/cuda/include/sm_20_intrinsics.h:75:25: warning: no return statement in function returning non-void [-Wreturn-type]
   75 | #define __DEF_IF_HOST { }
      |                         ^
/usr/local/cuda/include/sm_20_intrinsics.h:1533:68: note: in expansion of macro '__DEF_IF_HOST'
 1533 | __SM_20_INTRINSICS_DECL__ unsigned int __isGlobal(const void *ptr) __DEF_IF_HOST
      |                                                                    ^~~~~~~~~~~~~
/usr/local/cuda/include/sm_20_intrinsics.h: In function 'unsigned int __isShared(const void*)':
/usr/local/cuda/include/sm_20_intrinsics.h:75:25: warning: no return statement in function returning non-void [-Wreturn-type]
   75 | #define __DEF_IF_HOST { }
      |                         ^
/usr/local/cuda/include/sm_20_intrinsics.h:1534:68: note: in expansion of macro '__DEF_IF_HOST'
 1534 | __SM_20_INTRINSICS_DECL__ unsigned int __isShared(const void *ptr) __DEF_IF_HOST
      |                                                                    ^~~~~~~~~~~~~
/usr/local/cuda/include/sm_20_intrinsics.h: In function 'unsigned int __isConstant(const void*)':
/usr/local/cuda/include/sm_20_intrinsics.h:75:25: warning: no return statement in function returning non-void [-Wreturn-type]
   75 | #define __DEF_IF_HOST { }
      |                         ^
/usr/local/cuda/include/sm_20_intrinsics.h:1535:70: note: in expansion of macro '__DEF_IF_HOST'
 1535 | __SM_20_INTRINSICS_DECL__ unsigned int __isConstant(const void *ptr) __DEF_IF_HOST
      |                                                                      ^~~~~~~~~~~~~
/usr/local/cuda/include/sm_20_intrinsics.h: In function 'unsigned int __isLocal(const void*)':
/usr/local/cuda/include/sm_20_intrinsics.h:75:25: warning: no return statement in function returning non-void [-Wreturn-type]
   75 | #define __DEF_IF_HOST { }
      |                         ^
/usr/local/cuda/include/sm_20_intrinsics.h:1536:67: note: in expansion of macro '__DEF_IF_HOST'
 1536 | __SM_20_INTRINSICS_DECL__ unsigned int __isLocal(const void *ptr) __DEF_IF_HOST
      |                                                                   ^~~~~~~~~~~~~
/usr/local/cuda/include/sm_20_intrinsics.h: In function 'unsigned int __isGridConstant(const void*)':
/usr/local/cuda/include/sm_20_intrinsics.h:75:25: warning: no return statement in function returning non-void [-Wreturn-type]
   75 | #define __DEF_IF_HOST { }
      |                         ^
/usr/local/cuda/include/sm_20_intrinsics.h:1538:74: note: in expansion of macro '__DEF_IF_HOST'
 1538 | __SM_20_INTRINSICS_DECL__ unsigned int __isGridConstant(const void *ptr) __DEF_IF_HOST
      |                                                                          ^~~~~~~~~~~~~
/usr/local/cuda/include/sm_20_intrinsics.h: In function 'size_t __cvta_generic_to_global(const void*)':
/usr/local/cuda/include/sm_20_intrinsics.h:75:25: warning: no return statement in function returning non-void [-Wreturn-type]
   75 | #define __DEF_IF_HOST { }
      |                         ^
/usr/local/cuda/include/sm_20_intrinsics.h:1540:76: note: in expansion of macro '__DEF_IF_HOST'
 1540 | __SM_20_INTRINSICS_DECL__ size_t __cvta_generic_to_global(const void *ptr) __DEF_IF_HOST
      |                                                                            ^~~~~~~~~~~~~
/usr/local/cuda/include/sm_20_intrinsics.h: In function 'size_t __cvta_generic_to_shared(const void*)':
/usr/local/cuda/include/sm_20_intrinsics.h:75:25: warning: no return statement in function returning non-void [-Wreturn-type]
   75 | #define __DEF_IF_HOST { }
      |                         ^
/usr/local/cuda/include/sm_20_intrinsics.h:1541:76: note: in expansion of macro '__DEF_IF_HOST'
 1541 | __SM_20_INTRINSICS_DECL__ size_t __cvta_generic_to_shared(const void *ptr) __DEF_IF_HOST
      |                                                                            ^~~~~~~~~~~~~
/usr/local/cuda/include/sm_20_intrinsics.h: In function 'size_t __cvta_generic_to_constant(const void*)':
/usr/local/cuda/include/sm_20_intrinsics.h:75:25: warning: no return statement in function returning non-void [-Wreturn-type]
   75 | #define __DEF_IF_HOST { }
      |                         ^
/usr/local/cuda/include/sm_20_intrinsics.h:1542:78: note: in expansion of macro '__DEF_IF_HOST'
 1542 | __SM_20_INTRINSICS_DECL__ size_t __cvta_generic_to_constant(const void *ptr) __DEF_IF_HOST
      |                                                                              ^~~~~~~~~~~~~
/usr/local/cuda/include/sm_20_intrinsics.h: In function 'size_t __cvta_generic_to_local(const void*)':
/usr/local/cuda/include/sm_20_intrinsics.h:75:25: warning: no return statement in function returning non-void [-Wreturn-type]
   75 | #define __DEF_IF_HOST { }
      |                         ^
/usr/local/cuda/include/sm_20_intrinsics.h:1543:75: note: in expansion of macro '__DEF_IF_HOST'
 1543 | __SM_20_INTRINSICS_DECL__ size_t __cvta_generic_to_local(const void *ptr) __DEF_IF_HOST
      |                                                                           ^~~~~~~~~~~~~
/usr/local/cuda/include/sm_20_intrinsics.h: In function 'size_t __cvta_generic_to_grid_constant(const void*)':
/usr/local/cuda/include/sm_20_intrinsics.h:75:25: warning: no return statement in function returning non-void [-Wreturn-type]
   75 | #define __DEF_IF_HOST { }
      |                         ^
/usr/local/cuda/include/sm_20_intrinsics.h:1545:83: note: in expansion of macro '__DEF_IF_HOST'
 1545 | __SM_20_INTRINSICS_DECL__ size_t __cvta_generic_to_grid_constant(const void *ptr) __DEF_IF_HOST
      |                                                                                   ^~~~~~~~~~~~~
/usr/local/cuda/include/sm_20_intrinsics.h: In function 'void* __cvta_global_to_generic(size_t)':
/usr/local/cuda/include/sm_20_intrinsics.h:75:25: warning: no return statement in function returning non-void [-Wreturn-type]
   75 | #define __DEF_IF_HOST { }
      |                         ^
/usr/local/cuda/include/sm_20_intrinsics.h:1548:75: note: in expansion of macro '__DEF_IF_HOST'
 1548 | __SM_20_INTRINSICS_DECL__ void * __cvta_global_to_generic(size_t rawbits) __DEF_IF_HOST
      |                                                                           ^~~~~~~~~~~~~
/usr/local/cuda/include/sm_20_intrinsics.h: In function 'void* __cvta_shared_to_generic(size_t)':
/usr/local/cuda/include/sm_20_intrinsics.h:75:25: warning: no return statement in function returning non-void [-Wreturn-type]
   75 | #define __DEF_IF_HOST { }
      |                         ^
/usr/local/cuda/include/sm_20_intrinsics.h:1549:75: note: in expansion of macro '__DEF_IF_HOST'
 1549 | __SM_20_INTRINSICS_DECL__ void * __cvta_shared_to_generic(size_t rawbits) __DEF_IF_HOST
      |                                                                           ^~~~~~~~~~~~~
/usr/local/cuda/include/sm_20_intrinsics.h: In function 'void* __cvta_constant_to_generic(size_t)':
/usr/local/cuda/include/sm_20_intrinsics.h:75:25: warning: no return statement in function returning non-void [-Wreturn-type]
   75 | #define __DEF_IF_HOST { }
      |                         ^
/usr/local/cuda/include/sm_20_intrinsics.h:1550:77: note: in expansion of macro '__DEF_IF_HOST'
 1550 | __SM_20_INTRINSICS_DECL__ void * __cvta_constant_to_generic(size_t rawbits) __DEF_IF_HOST
      |                                                                             ^~~~~~~~~~~~~
/usr/local/cuda/include/sm_20_intrinsics.h: In function 'void* __cvta_local_to_generic(size_t)':
/usr/local/cuda/include/sm_20_intrinsics.h:75:25: warning: no return statement in function returning non-void [-Wreturn-type]
   75 | #define __DEF_IF_HOST { }
      |                         ^
/usr/local/cuda/include/sm_20_intrinsics.h:1551:74: note: in expansion of macro '__DEF_IF_HOST'
 1551 | __SM_20_INTRINSICS_DECL__ void * __cvta_local_to_generic(size_t rawbits) __DEF_IF_HOST
      |                                                                          ^~~~~~~~~~~~~
/usr/local/cuda/include/sm_20_intrinsics.h: In function 'void* __cvta_grid_constant_to_generic(size_t)':
/usr/local/cuda/include/sm_20_intrinsics.h:75:25: warning: no return statement in function returning non-void [-Wreturn-type]
   75 | #define __DEF_IF_HOST { }
      |                         ^
/usr/local/cuda/include/sm_20_intrinsics.h:1553:82: note: in expansion of macro '__DEF_IF_HOST'
 1553 | __SM_20_INTRINSICS_DECL__ void * __cvta_grid_constant_to_generic(size_t rawbits) __DEF_IF_HOST
      |                                                                                  ^~~~~~~~~~~~~
In file included from /usr/local/cuda/include/crt/device_functions.h:3622,
                 from /home/GVirtuS/GVirtuS/plugins/cudart/backend/CudaRtHandler.h:71,
                 from /home/GVirtuS/GVirtuS/plugins/cudart/backend/CudaRtHandler_texture.cpp:26:
/usr/local/cuda/include/sm_30_intrinsics.h: In function 'unsigned int __fns(unsigned int, unsigned int, int)':
/usr/local/cuda/include/sm_30_intrinsics.h:76:25: warning: no return statement in function returning non-void [-Wreturn-type]
   76 | #define __DEF_IF_HOST { }
      |                         ^
/usr/local/cuda/include/sm_30_intrinsics.h:123:85: note: in expansion of macro '__DEF_IF_HOST'
  123 | __SM_30_INTRINSICS_DECL__ unsigned  __fns(unsigned mask, unsigned base, int offset) __DEF_IF_HOST
      |                                                                                     ^~~~~~~~~~~~~
/usr/local/cuda/include/sm_30_intrinsics.h: In function 'int __all_sync(unsigned int, int)':
/usr/local/cuda/include/sm_30_intrinsics.h:76:25: warning: no return statement in function returning non-void [-Wreturn-type]
   76 | #define __DEF_IF_HOST { }
      |                         ^
/usr/local/cuda/include/sm_30_intrinsics.h:127:67: note: in expansion of macro '__DEF_IF_HOST'
  127 | __SM_30_INTRINSICS_DECL__ int __all_sync(unsigned mask, int pred) __DEF_IF_HOST
      |                                                                   ^~~~~~~~~~~~~
/usr/local/cuda/include/sm_30_intrinsics.h: In function 'int __any_sync(unsigned int, int)':
/usr/local/cuda/include/sm_30_intrinsics.h:76:25: warning: no return statement in function returning non-void [-Wreturn-type]
   76 | #define __DEF_IF_HOST { }
      |                         ^
/usr/local/cuda/include/sm_30_intrinsics.h:128:67: note: in expansion of macro '__DEF_IF_HOST'
  128 | __SM_30_INTRINSICS_DECL__ int __any_sync(unsigned mask, int pred) __DEF_IF_HOST
      |                                                                   ^~~~~~~~~~~~~
/usr/local/cuda/include/sm_30_intrinsics.h: In function 'int __uni_sync(unsigned int, int)':
/usr/local/cuda/include/sm_30_intrinsics.h:76:25: warning: no return statement in function returning non-void [-Wreturn-type]
   76 | #define __DEF_IF_HOST { }
      |                         ^
/usr/local/cuda/include/sm_30_intrinsics.h:129:67: note: in expansion of macro '__DEF_IF_HOST'
  129 | __SM_30_INTRINSICS_DECL__ int __uni_sync(unsigned mask, int pred) __DEF_IF_HOST
      |                                                                   ^~~~~~~~~~~~~
/usr/local/cuda/include/sm_30_intrinsics.h: In function 'unsigned int __ballot_sync(unsigned int, int)':
/usr/local/cuda/include/sm_30_intrinsics.h:76:25: warning: no return statement in function returning non-void [-Wreturn-type]
   76 | #define __DEF_IF_HOST { }
      |                         ^
/usr/local/cuda/include/sm_30_intrinsics.h:130:75: note: in expansion of macro '__DEF_IF_HOST'
  130 | __SM_30_INTRINSICS_DECL__ unsigned __ballot_sync(unsigned mask, int pred) __DEF_IF_HOST
      |                                                                           ^~~~~~~~~~~~~
/usr/local/cuda/include/sm_30_intrinsics.h: In function 'unsigned int __activemask()':
/usr/local/cuda/include/sm_30_intrinsics.h:76:25: warning: no return statement in function returning non-void [-Wreturn-type]
   76 | #define __DEF_IF_HOST { }
      |                         ^
/usr/local/cuda/include/sm_30_intrinsics.h:131:51: note: in expansion of macro '__DEF_IF_HOST'
  131 | __SM_30_INTRINSICS_DECL__ unsigned __activemask() __DEF_IF_HOST
      |                                                   ^~~~~~~~~~~~~
/usr/local/cuda/include/sm_30_intrinsics.h: In function 'int __shfl(int, int, int)':
/usr/local/cuda/include/sm_30_intrinsics.h:76:25: warning: no return statement in function returning non-void [-Wreturn-type]
   76 | #define __DEF_IF_HOST { }
      |                         ^
/usr/local/cuda/include/sm_30_intrinsics.h:140:130: note: in expansion of macro '__DEF_IF_HOST'
  140 | __SM_30_INTRINSICS_DECL__ __DEPRECATED__(__WSB_DEPRECATION_MESSAGE(__shfl)) int __shfl(int var, int srcLane, int width=warpSize) __DEF_IF_HOST
      |                                                                                                                                  ^~~~~~~~~~~~~
/usr/local/cuda/include/sm_30_intrinsics.h: In function 'unsigned int __shfl(unsigned int, int, int)':
/usr/local/cuda/include/sm_30_intrinsics.h:76:25: warning: no return statement in function returning non-void [-Wreturn-type]
   76 | #define __DEF_IF_HOST { }
      |                         ^
/usr/local/cuda/include/sm_30_intrinsics.h:141:148: note: in expansion of macro '__DEF_IF_HOST'
  141 | __SM_30_INTRINSICS_DECL__ __DEPRECATED__(__WSB_DEPRECATION_MESSAGE(__shfl)) unsigned int __shfl(unsigned int var, int srcLane, int width=warpSize) __DEF_IF_HOST
      |                                                                                                                                                    ^~~~~~~~~~~~~
/usr/local/cuda/include/sm_30_intrinsics.h: In function 'int __shfl_up(int, unsigned int, int)':
/usr/local/cuda/include/sm_30_intrinsics.h:76:25: warning: no return statement in function returning non-void [-Wreturn-type]
   76 | #define __DEF_IF_HOST { }
      |                         ^
/usr/local/cuda/include/sm_30_intrinsics.h:142:143: note: in expansion of macro '__DEF_IF_HOST'
  142 | __SM_30_INTRINSICS_DECL__ __DEPRECATED__(__WSB_DEPRECATION_MESSAGE(__shfl_up)) int __shfl_up(int var, unsigned int delta, int width=warpSize) __DEF_IF_HOST
      |                                                                                                                                               ^~~~~~~~~~~~~
/usr/local/cuda/include/sm_30_intrinsics.h: In function 'unsigned int __shfl_up(unsigned int, unsigned int, int)':
/usr/local/cuda/include/sm_30_intrinsics.h:76:25: warning: no return statement in function returning non-void [-Wreturn-type]
   76 | #define __DEF_IF_HOST { }
      |                         ^
/usr/local/cuda/include/sm_30_intrinsics.h:143:161: note: in expansion of macro '__DEF_IF_HOST'
  143 | __SM_30_INTRINSICS_DECL__ __DEPRECATED__(__WSB_DEPRECATION_MESSAGE(__shfl_up)) unsigned int __shfl_up(unsigned int var, unsigned int delta, int width=warpSize) __DEF_IF_HOST
      |                                                                                                                                                                 ^~~~~~~~~~~~~
/usr/local/cuda/include/sm_30_intrinsics.h: In function 'int __shfl_down(int, unsigned int, int)':
/usr/local/cuda/include/sm_30_intrinsics.h:76:25: warning: no return statement in function returning non-void [-Wreturn-type]
   76 | #define __DEF_IF_HOST { }
      |                         ^
/usr/local/cuda/include/sm_30_intrinsics.h:144:147: note: in expansion of macro '__DEF_IF_HOST'
  144 | __SM_30_INTRINSICS_DECL__ __DEPRECATED__(__WSB_DEPRECATION_MESSAGE(__shfl_down)) int __shfl_down(int var, unsigned int delta, int width=warpSize) __DEF_IF_HOST
      |                                                                                                                                                   ^~~~~~~~~~~~~
/usr/local/cuda/include/sm_30_intrinsics.h: In function 'unsigned int __shfl_down(unsigned int, unsigned int, int)':
/usr/local/cuda/include/sm_30_intrinsics.h:76:25: warning: no return statement in function returning non-void [-Wreturn-type]
   76 | #define __DEF_IF_HOST { }
      |                         ^
/usr/local/cuda/include/sm_30_intrinsics.h:145:165: note: in expansion of macro '__DEF_IF_HOST'
  145 | __SM_30_INTRINSICS_DECL__ __DEPRECATED__(__WSB_DEPRECATION_MESSAGE(__shfl_down)) unsigned int __shfl_down(unsigned int var, unsigned int delta, int width=warpSize) __DEF_IF_HOST
      |                                                                                                                                                                     ^~~~~~~~~~~~~
/usr/local/cuda/include/sm_30_intrinsics.h: In function 'int __shfl_xor(int, int, int)':
/usr/local/cuda/include/sm_30_intrinsics.h:76:25: warning: no return statement in function returning non-void [-Wreturn-type]
   76 | #define __DEF_IF_HOST { }
      |                         ^
/usr/local/cuda/include/sm_30_intrinsics.h:146:139: note: in expansion of macro '__DEF_IF_HOST'
  146 | __SM_30_INTRINSICS_DECL__ __DEPRECATED__(__WSB_DEPRECATION_MESSAGE(__shfl_xor)) int __shfl_xor(int var, int laneMask, int width=warpSize) __DEF_IF_HOST
      |                                                                                                                                           ^~~~~~~~~~~~~
/usr/local/cuda/include/sm_30_intrinsics.h: In function 'unsigned int __shfl_xor(unsigned int, int, int)':
/usr/local/cuda/include/sm_30_intrinsics.h:76:25: warning: no return statement in function returning non-void [-Wreturn-type]
   76 | #define __DEF_IF_HOST { }
      |                         ^
/usr/local/cuda/include/sm_30_intrinsics.h:147:157: note: in expansion of macro '__DEF_IF_HOST'
  147 | __SM_30_INTRINSICS_DECL__ __DEPRECATED__(__WSB_DEPRECATION_MESSAGE(__shfl_xor)) unsigned int __shfl_xor(unsigned int var, int laneMask, int width=warpSize) __DEF_IF_HOST
      |                                                                                                                                                             ^~~~~~~~~~~~~
/usr/local/cuda/include/sm_30_intrinsics.h: In function 'float __shfl(float, int, int)':
/usr/local/cuda/include/sm_30_intrinsics.h:76:25: warning: no return statement in function returning non-void [-Wreturn-type]
   76 | #define __DEF_IF_HOST { }
      |                         ^
/usr/local/cuda/include/sm_30_intrinsics.h:148:134: note: in expansion of macro '__DEF_IF_HOST'
  148 | __SM_30_INTRINSICS_DECL__ __DEPRECATED__(__WSB_DEPRECATION_MESSAGE(__shfl)) float __shfl(float var, int srcLane, int width=warpSize) __DEF_IF_HOST
      |                                                                                                                                      ^~~~~~~~~~~~~
/usr/local/cuda/include/sm_30_intrinsics.h: In function 'float __shfl_up(float, unsigned int, int)':
/usr/local/cuda/include/sm_30_intrinsics.h:76:25: warning: no return statement in function returning non-void [-Wreturn-type]
   76 | #define __DEF_IF_HOST { }
      |                         ^
/usr/local/cuda/include/sm_30_intrinsics.h:149:147: note: in expansion of macro '__DEF_IF_HOST'
  149 | __SM_30_INTRINSICS_DECL__ __DEPRECATED__(__WSB_DEPRECATION_MESSAGE(__shfl_up)) float __shfl_up(float var, unsigned int delta, int width=warpSize) __DEF_IF_HOST
      |                                                                                                                                                   ^~~~~~~~~~~~~
/usr/local/cuda/include/sm_30_intrinsics.h: In function 'float __shfl_down(float, unsigned int, int)':
/usr/local/cuda/include/sm_30_intrinsics.h:76:25: warning: no return statement in function returning non-void [-Wreturn-type]
   76 | #define __DEF_IF_HOST { }
      |                         ^
/usr/local/cuda/include/sm_30_intrinsics.h:150:151: note: in expansion of macro '__DEF_IF_HOST'
  150 | __SM_30_INTRINSICS_DECL__ __DEPRECATED__(__WSB_DEPRECATION_MESSAGE(__shfl_down)) float __shfl_down(float var, unsigned int delta, int width=warpSize) __DEF_IF_HOST
      |                                                                                                                                                       ^~~~~~~~~~~~~
/usr/local/cuda/include/sm_30_intrinsics.h: In function 'float __shfl_xor(float, int, int)':
/usr/local/cuda/include/sm_30_intrinsics.h:76:25: warning: no return statement in function returning non-void [-Wreturn-type]
   76 | #define __DEF_IF_HOST { }
      |                         ^
/usr/local/cuda/include/sm_30_intrinsics.h:151:143: note: in expansion of macro '__DEF_IF_HOST'
  151 | __SM_30_INTRINSICS_DECL__ __DEPRECATED__(__WSB_DEPRECATION_MESSAGE(__shfl_xor)) float __shfl_xor(float var, int laneMask, int width=warpSize) __DEF_IF_HOST
      |                                                                                                                                               ^~~~~~~~~~~~~
/usr/local/cuda/include/sm_30_intrinsics.h: In function 'int __shfl_sync(unsigned int, int, int, int)':
/usr/local/cuda/include/sm_30_intrinsics.h:76:25: warning: no return statement in function returning non-void [-Wreturn-type]
   76 | #define __DEF_IF_HOST { }
      |                         ^
/usr/local/cuda/include/sm_30_intrinsics.h:154:100: note: in expansion of macro '__DEF_IF_HOST'
  154 | __SM_30_INTRINSICS_DECL__ int __shfl_sync(unsigned mask, int var, int srcLane, int width=warpSize) __DEF_IF_HOST
      |                                                                                                    ^~~~~~~~~~~~~
/usr/local/cuda/include/sm_30_intrinsics.h: In function 'unsigned int __shfl_sync(unsigned int, unsigned int, int, int)':
/usr/local/cuda/include/sm_30_intrinsics.h:76:25: warning: no return statement in function returning non-void [-Wreturn-type]
   76 | #define __DEF_IF_HOST { }
      |                         ^
/usr/local/cuda/include/sm_30_intrinsics.h:155:118: note: in expansion of macro '__DEF_IF_HOST'
  155 | __SM_30_INTRINSICS_DECL__ unsigned int __shfl_sync(unsigned mask, unsigned int var, int srcLane, int width=warpSize) __DEF_IF_HOST
      |                                                                                                                      ^~~~~~~~~~~~~
/usr/local/cuda/include/sm_30_intrinsics.h: In function 'int __shfl_up_sync(unsigned int, int, unsigned int, int)':
/usr/local/cuda/include/sm_30_intrinsics.h:76:25: warning: no return statement in function returning non-void [-Wreturn-type]
   76 | #define __DEF_IF_HOST { }
      |                         ^
/usr/local/cuda/include/sm_30_intrinsics.h:156:110: note: in expansion of macro '__DEF_IF_HOST'
  156 | __SM_30_INTRINSICS_DECL__ int __shfl_up_sync(unsigned mask, int var, unsigned int delta, int width=warpSize) __DEF_IF_HOST
      |                                                                                                              ^~~~~~~~~~~~~
/usr/local/cuda/include/sm_30_intrinsics.h: In function 'unsigned int __shfl_up_sync(unsigned int, unsigned int, unsigned int, int)':
/usr/local/cuda/include/sm_30_intrinsics.h:76:25: warning: no return statement in function returning non-void [-Wreturn-type]
   76 | #define __DEF_IF_HOST { }
      |                         ^
/usr/local/cuda/include/sm_30_intrinsics.h:157:128: note: in expansion of macro '__DEF_IF_HOST'
  157 | __SM_30_INTRINSICS_DECL__ unsigned int __shfl_up_sync(unsigned mask, unsigned int var, unsigned int delta, int width=warpSize) __DEF_IF_HOST
      |                                                                                                                                ^~~~~~~~~~~~~
/usr/local/cuda/include/sm_30_intrinsics.h: In function 'int __shfl_down_sync(unsigned int, int, unsigned int, int)':
/usr/local/cuda/include/sm_30_intrinsics.h:76:25: warning: no return statement in function returning non-void [-Wreturn-type]
   76 | #define __DEF_IF_HOST { }
      |                         ^
/usr/local/cuda/include/sm_30_intrinsics.h:158:112: note: in expansion of macro '__DEF_IF_HOST'
  158 | __SM_30_INTRINSICS_DECL__ int __shfl_down_sync(unsigned mask, int var, unsigned int delta, int width=warpSize) __DEF_IF_HOST
      |                                                                                                                ^~~~~~~~~~~~~
/usr/local/cuda/include/sm_30_intrinsics.h: In function 'unsigned int __shfl_down_sync(unsigned int, unsigned int, unsigned int, int)':
/usr/local/cuda/include/sm_30_intrinsics.h:76:25: warning: no return statement in function returning non-void [-Wreturn-type]
   76 | #define __DEF_IF_HOST { }
      |                         ^
/usr/local/cuda/include/sm_30_intrinsics.h:159:130: note: in expansion of macro '__DEF_IF_HOST'
  159 | __SM_30_INTRINSICS_DECL__ unsigned int __shfl_down_sync(unsigned mask, unsigned int var, unsigned int delta, int width=warpSize) __DEF_IF_HOST
      |                                                                                                                                  ^~~~~~~~~~~~~
/usr/local/cuda/include/sm_30_intrinsics.h: In function 'int __shfl_xor_sync(unsigned int, int, int, int)':
/usr/local/cuda/include/sm_30_intrinsics.h:76:25: warning: no return statement in function returning non-void [-Wreturn-type]
   76 | #define __DEF_IF_HOST { }
      |                         ^
/usr/local/cuda/include/sm_30_intrinsics.h:160:105: note: in expansion of macro '__DEF_IF_HOST'
  160 | __SM_30_INTRINSICS_DECL__ int __shfl_xor_sync(unsigned mask, int var, int laneMask, int width=warpSize) __DEF_IF_HOST
      |                                                                                                         ^~~~~~~~~~~~~
/usr/local/cuda/include/sm_30_intrinsics.h: In function 'unsigned int __shfl_xor_sync(unsigned int, unsigned int, int, int)':
/usr/local/cuda/include/sm_30_intrinsics.h:76:25: warning: no return statement in function returning non-void [-Wreturn-type]
   76 | #define __DEF_IF_HOST { }
      |                         ^
/usr/local/cuda/include/sm_30_intrinsics.h:161:123: note: in expansion of macro '__DEF_IF_HOST'
  161 | __SM_30_INTRINSICS_DECL__ unsigned int __shfl_xor_sync(unsigned mask, unsigned int var, int laneMask, int width=warpSize) __DEF_IF_HOST
      |                                                                                                                           ^~~~~~~~~~~~~
/usr/local/cuda/include/sm_30_intrinsics.h: In function 'float __shfl_sync(unsigned int, float, int, int)':
/usr/local/cuda/include/sm_30_intrinsics.h:76:25: warning: no return statement in function returning non-void [-Wreturn-type]
   76 | #define __DEF_IF_HOST { }
      |                         ^
/usr/local/cuda/include/sm_30_intrinsics.h:162:104: note: in expansion of macro '__DEF_IF_HOST'
  162 | __SM_30_INTRINSICS_DECL__ float __shfl_sync(unsigned mask, float var, int srcLane, int width=warpSize) __DEF_IF_HOST
      |                                                                                                        ^~~~~~~~~~~~~
/usr/local/cuda/include/sm_30_intrinsics.h: In function 'float __shfl_up_sync(unsigned int, float, unsigned int, int)':
/usr/local/cuda/include/sm_30_intrinsics.h:76:25: warning: no return statement in function returning non-void [-Wreturn-type]
   76 | #define __DEF_IF_HOST { }
      |                         ^
/usr/local/cuda/include/sm_30_intrinsics.h:163:114: note: in expansion of macro '__DEF_IF_HOST'
  163 | __SM_30_INTRINSICS_DECL__ float __shfl_up_sync(unsigned mask, float var, unsigned int delta, int width=warpSize) __DEF_IF_HOST
      |                                                                                                                  ^~~~~~~~~~~~~
/usr/local/cuda/include/sm_30_intrinsics.h: In function 'float __shfl_down_sync(unsigned int, float, unsigned int, int)':
/usr/local/cuda/include/sm_30_intrinsics.h:76:25: warning: no return statement in function returning non-void [-Wreturn-type]
   76 | #define __DEF_IF_HOST { }
      |                         ^
/usr/local/cuda/include/sm_30_intrinsics.h:164:116: note: in expansion of macro '__DEF_IF_HOST'
  164 | __SM_30_INTRINSICS_DECL__ float __shfl_down_sync(unsigned mask, float var, unsigned int delta, int width=warpSize) __DEF_IF_HOST
      |                                                                                                                    ^~~~~~~~~~~~~
/usr/local/cuda/include/sm_30_intrinsics.h: In function 'float __shfl_xor_sync(unsigned int, float, int, int)':
/usr/local/cuda/include/sm_30_intrinsics.h:76:25: warning: no return statement in function returning non-void [-Wreturn-type]
   76 | #define __DEF_IF_HOST { }
      |                         ^
/usr/local/cuda/include/sm_30_intrinsics.h:165:109: note: in expansion of macro '__DEF_IF_HOST'
  165 | __SM_30_INTRINSICS_DECL__ float __shfl_xor_sync(unsigned mask, float var, int laneMask, int width=warpSize) __DEF_IF_HOST
      |                                                                                                             ^~~~~~~~~~~~~
/usr/local/cuda/include/sm_30_intrinsics.h: In function 'long long unsigned int __shfl(long long unsigned int, int, int)':
/usr/local/cuda/include/sm_30_intrinsics.h:76:25: warning: no return statement in function returning non-void [-Wreturn-type]
   76 | #define __DEF_IF_HOST { }
      |                         ^
/usr/local/cuda/include/sm_30_intrinsics.h:169:160: note: in expansion of macro '__DEF_IF_HOST'
  169 | __SM_30_INTRINSICS_DECL__ __DEPRECATED__(__WSB_DEPRECATION_MESSAGE(__shfl)) unsigned long long __shfl(unsigned long long var, int srcLane, int width=warpSize) __DEF_IF_HOST
      |                                                                                                                                                                ^~~~~~~~~~~~~
/usr/local/cuda/include/sm_30_intrinsics.h: In function 'long long int __shfl(long long int, int, int)':
/usr/local/cuda/include/sm_30_intrinsics.h:76:25: warning: no return statement in function returning non-void [-Wreturn-type]
   76 | #define __DEF_IF_HOST { }
      |                         ^
/usr/local/cuda/include/sm_30_intrinsics.h:170:142: note: in expansion of macro '__DEF_IF_HOST'
  170 | __SM_30_INTRINSICS_DECL__ __DEPRECATED__(__WSB_DEPRECATION_MESSAGE(__shfl)) long long __shfl(long long var, int srcLane, int width=warpSize) __DEF_IF_HOST
      |                                                                                                                                              ^~~~~~~~~~~~~
/usr/local/cuda/include/sm_30_intrinsics.h: In function 'long long int __shfl_up(long long int, unsigned int, int)':
/usr/local/cuda/include/sm_30_intrinsics.h:76:25: warning: no return statement in function returning non-void [-Wreturn-type]
   76 | #define __DEF_IF_HOST { }
      |                         ^
/usr/local/cuda/include/sm_30_intrinsics.h:171:155: note: in expansion of macro '__DEF_IF_HOST'
  171 | __SM_30_INTRINSICS_DECL__ __DEPRECATED__(__WSB_DEPRECATION_MESSAGE(__shfl_up)) long long __shfl_up(long long var, unsigned int delta, int width=warpSize) __DEF_IF_HOST
      |                                                                                                                                                           ^~~~~~~~~~~~~
/usr/local/cuda/include/sm_30_intrinsics.h: In function 'long long unsigned int __shfl_up(long long unsigned int, unsigned int, int)':
/usr/local/cuda/include/sm_30_intrinsics.h:76:25: warning: no return statement in function returning non-void [-Wreturn-type]
   76 | #define __DEF_IF_HOST { }
      |                         ^
/usr/local/cuda/include/sm_30_intrinsics.h:172:173: note: in expansion of macro '__DEF_IF_HOST'
  172 | __SM_30_INTRINSICS_DECL__ __DEPRECATED__(__WSB_DEPRECATION_MESSAGE(__shfl_up)) unsigned long long __shfl_up(unsigned long long var, unsigned int delta, int width=warpSize) __DEF_IF_HOST
      |                                                                                                                                                                             ^~~~~~~~~~~~~
/usr/local/cuda/include/sm_30_intrinsics.h: In function 'long long int __shfl_down(long long int, unsigned int, int)':
/usr/local/cuda/include/sm_30_intrinsics.h:76:25: warning: no return statement in function returning non-void [-Wreturn-type]
   76 | #define __DEF_IF_HOST { }
      |                         ^
/usr/local/cuda/include/sm_30_intrinsics.h:173:159: note: in expansion of macro '__DEF_IF_HOST'
  173 | __SM_30_INTRINSICS_DECL__ __DEPRECATED__(__WSB_DEPRECATION_MESSAGE(__shfl_down)) long long __shfl_down(long long var, unsigned int delta, int width=warpSize) __DEF_IF_HOST
      |                                                                                                                                                               ^~~~~~~~~~~~~
/usr/local/cuda/include/sm_30_intrinsics.h: In function 'long long unsigned int __shfl_down(long long unsigned int, unsigned int, int)':
/usr/local/cuda/include/sm_30_intrinsics.h:76:25: warning: no return statement in function returning non-void [-Wreturn-type]
   76 | #define __DEF_IF_HOST { }
      |                         ^
/usr/local/cuda/include/sm_30_intrinsics.h:174:177: note: in expansion of macro '__DEF_IF_HOST'
  174 | __SM_30_INTRINSICS_DECL__ __DEPRECATED__(__WSB_DEPRECATION_MESSAGE(__shfl_down)) unsigned long long __shfl_down(unsigned long long var, unsigned int delta, int width=warpSize) __DEF_IF_HOST
      |                                                                                                                                                                                 ^~~~~~~~~~~~~
/usr/local/cuda/include/sm_30_intrinsics.h: In function 'long long int __shfl_xor(long long int, int, int)':
/usr/local/cuda/include/sm_30_intrinsics.h:76:25: warning: no return statement in function returning non-void [-Wreturn-type]
   76 | #define __DEF_IF_HOST { }
      |                         ^
/usr/local/cuda/include/sm_30_intrinsics.h:175:151: note: in expansion of macro '__DEF_IF_HOST'
  175 | __SM_30_INTRINSICS_DECL__ __DEPRECATED__(__WSB_DEPRECATION_MESSAGE(__shfl_xor)) long long __shfl_xor(long long var, int laneMask, int width=warpSize) __DEF_IF_HOST
      |                                                                                                                                                       ^~~~~~~~~~~~~
/usr/local/cuda/include/sm_30_intrinsics.h: In function 'long long unsigned int __shfl_xor(long long unsigned int, int, int)':
/usr/local/cuda/include/sm_30_intrinsics.h:76:25: warning: no return statement in function returning non-void [-Wreturn-type]
   76 | #define __DEF_IF_HOST { }
      |                         ^
/usr/local/cuda/include/sm_30_intrinsics.h:176:169: note: in expansion of macro '__DEF_IF_HOST'
  176 | __SM_30_INTRINSICS_DECL__ __DEPRECATED__(__WSB_DEPRECATION_MESSAGE(__shfl_xor)) unsigned long long __shfl_xor(unsigned long long var, int laneMask, int width=warpSize) __DEF_IF_HOST
      |                                                                                                                                                                         ^~~~~~~~~~~~~
/usr/local/cuda/include/sm_30_intrinsics.h: In function 'double __shfl(double, int, int)':
/usr/local/cuda/include/sm_30_intrinsics.h:76:25: warning: no return statement in function returning non-void [-Wreturn-type]
   76 | #define __DEF_IF_HOST { }
      |                         ^
/usr/local/cuda/include/sm_30_intrinsics.h:177:136: note: in expansion of macro '__DEF_IF_HOST'
  177 | __SM_30_INTRINSICS_DECL__ __DEPRECATED__(__WSB_DEPRECATION_MESSAGE(__shfl)) double __shfl(double var, int srcLane, int width=warpSize) __DEF_IF_HOST
      |                                                                                                                                        ^~~~~~~~~~~~~
/usr/local/cuda/include/sm_30_intrinsics.h: In function 'double __shfl_up(double, unsigned int, int)':
/usr/local/cuda/include/sm_30_intrinsics.h:76:25: warning: no return statement in function returning non-void [-Wreturn-type]
   76 | #define __DEF_IF_HOST { }
      |                         ^
/usr/local/cuda/include/sm_30_intrinsics.h:178:149: note: in expansion of macro '__DEF_IF_HOST'
  178 | __SM_30_INTRINSICS_DECL__ __DEPRECATED__(__WSB_DEPRECATION_MESSAGE(__shfl_up)) double __shfl_up(double var, unsigned int delta, int width=warpSize) __DEF_IF_HOST
      |                                                                                                                                                     ^~~~~~~~~~~~~
/usr/local/cuda/include/sm_30_intrinsics.h: In function 'double __shfl_down(double, unsigned int, int)':
/usr/local/cuda/include/sm_30_intrinsics.h:76:25: warning: no return statement in function returning non-void [-Wreturn-type]
   76 | #define __DEF_IF_HOST { }
      |                         ^
/usr/local/cuda/include/sm_30_intrinsics.h:179:153: note: in expansion of macro '__DEF_IF_HOST'
  179 | __SM_30_INTRINSICS_DECL__ __DEPRECATED__(__WSB_DEPRECATION_MESSAGE(__shfl_down)) double __shfl_down(double var, unsigned int delta, int width=warpSize) __DEF_IF_HOST
      |                                                                                                                                                         ^~~~~~~~~~~~~
/usr/local/cuda/include/sm_30_intrinsics.h: In function 'double __shfl_xor(double, int, int)':
/usr/local/cuda/include/sm_30_intrinsics.h:76:25: warning: no return statement in function returning non-void [-Wreturn-type]
   76 | #define __DEF_IF_HOST { }
      |                         ^
/usr/local/cuda/include/sm_30_intrinsics.h:180:145: note: in expansion of macro '__DEF_IF_HOST'
  180 | __SM_30_INTRINSICS_DECL__ __DEPRECATED__(__WSB_DEPRECATION_MESSAGE(__shfl_xor)) double __shfl_xor(double var, int laneMask, int width=warpSize) __DEF_IF_HOST
      |                                                                                                                                                 ^~~~~~~~~~~~~
/usr/local/cuda/include/sm_30_intrinsics.h: In function 'long long int __shfl_sync(unsigned int, long long int, int, int)':
/usr/local/cuda/include/sm_30_intrinsics.h:76:25: warning: no return statement in function returning non-void [-Wreturn-type]
   76 | #define __DEF_IF_HOST { }
      |                         ^
/usr/local/cuda/include/sm_30_intrinsics.h:183:112: note: in expansion of macro '__DEF_IF_HOST'
  183 | __SM_30_INTRINSICS_DECL__ long long __shfl_sync(unsigned mask, long long var, int srcLane, int width=warpSize) __DEF_IF_HOST
      |                                                                                                                ^~~~~~~~~~~~~
/usr/local/cuda/include/sm_30_intrinsics.h: In function 'long long unsigned int __shfl_sync(unsigned int, long long unsigned int, int, int)':
/usr/local/cuda/include/sm_30_intrinsics.h:76:25: warning: no return statement in function returning non-void [-Wreturn-type]
   76 | #define __DEF_IF_HOST { }
      |                         ^
/usr/local/cuda/include/sm_30_intrinsics.h:184:130: note: in expansion of macro '__DEF_IF_HOST'
  184 | __SM_30_INTRINSICS_DECL__ unsigned long long __shfl_sync(unsigned mask, unsigned long long var, int srcLane, int width=warpSize) __DEF_IF_HOST
      |                                                                                                                                  ^~~~~~~~~~~~~
/usr/local/cuda/include/sm_30_intrinsics.h: In function 'long long int __shfl_up_sync(unsigned int, long long int, unsigned int, int)':
/usr/local/cuda/include/sm_30_intrinsics.h:76:25: warning: no return statement in function returning non-void [-Wreturn-type]
   76 | #define __DEF_IF_HOST { }
      |                         ^
/usr/local/cuda/include/sm_30_intrinsics.h:185:122: note: in expansion of macro '__DEF_IF_HOST'
  185 | __SM_30_INTRINSICS_DECL__ long long __shfl_up_sync(unsigned mask, long long var, unsigned int delta, int width=warpSize) __DEF_IF_HOST
      |                                                                                                                          ^~~~~~~~~~~~~
/usr/local/cuda/include/sm_30_intrinsics.h: In function 'long long unsigned int __shfl_up_sync(unsigned int, long long unsigned int, unsigned int, int)':
/usr/local/cuda/include/sm_30_intrinsics.h:76:25: warning: no return statement in function returning non-void [-Wreturn-type]
   76 | #define __DEF_IF_HOST { }
      |                         ^
/usr/local/cuda/include/sm_30_intrinsics.h:186:140: note: in expansion of macro '__DEF_IF_HOST'
  186 | __SM_30_INTRINSICS_DECL__ unsigned long long __shfl_up_sync(unsigned mask, unsigned long long var, unsigned int delta, int width=warpSize) __DEF_IF_HOST
      |                                                                                                                                            ^~~~~~~~~~~~~
/usr/local/cuda/include/sm_30_intrinsics.h: In function 'long long int __shfl_down_sync(unsigned int, long long int, unsigned int, int)':
/usr/local/cuda/include/sm_30_intrinsics.h:76:25: warning: no return statement in function returning non-void [-Wreturn-type]
   76 | #define __DEF_IF_HOST { }
      |                         ^
/usr/local/cuda/include/sm_30_intrinsics.h:187:124: note: in expansion of macro '__DEF_IF_HOST'
  187 | __SM_30_INTRINSICS_DECL__ long long __shfl_down_sync(unsigned mask, long long var, unsigned int delta, int width=warpSize) __DEF_IF_HOST
      |                                                                                                                            ^~~~~~~~~~~~~
/usr/local/cuda/include/sm_30_intrinsics.h: In function 'long long unsigned int __shfl_down_sync(unsigned int, long long unsigned int, unsigned int, int)':
/usr/local/cuda/include/sm_30_intrinsics.h:76:25: warning: no return statement in function returning non-void [-Wreturn-type]
   76 | #define __DEF_IF_HOST { }
      |                         ^
/usr/local/cuda/include/sm_30_intrinsics.h:188:142: note: in expansion of macro '__DEF_IF_HOST'
  188 | __SM_30_INTRINSICS_DECL__ unsigned long long __shfl_down_sync(unsigned mask, unsigned long long var, unsigned int delta, int width=warpSize) __DEF_IF_HOST
      |                                                                                                                                              ^~~~~~~~~~~~~
/usr/local/cuda/include/sm_30_intrinsics.h: In function 'long long int __shfl_xor_sync(unsigned int, long long int, int, int)':
/usr/local/cuda/include/sm_30_intrinsics.h:76:25: warning: no return statement in function returning non-void [-Wreturn-type]
   76 | #define __DEF_IF_HOST { }
      |                         ^
/usr/local/cuda/include/sm_30_intrinsics.h:189:117: note: in expansion of macro '__DEF_IF_HOST'
  189 | __SM_30_INTRINSICS_DECL__ long long __shfl_xor_sync(unsigned mask, long long var, int laneMask, int width=warpSize) __DEF_IF_HOST
      |                                                                                                                     ^~~~~~~~~~~~~
/usr/local/cuda/include/sm_30_intrinsics.h: In function 'long long unsigned int __shfl_xor_sync(unsigned int, long long unsigned int, int, int)':
/usr/local/cuda/include/sm_30_intrinsics.h:76:25: warning: no return statement in function returning non-void [-Wreturn-type]
   76 | #define __DEF_IF_HOST { }
      |                         ^
/usr/local/cuda/include/sm_30_intrinsics.h:190:135: note: in expansion of macro '__DEF_IF_HOST'
  190 | __SM_30_INTRINSICS_DECL__ unsigned long long __shfl_xor_sync(unsigned mask, unsigned long long var, int laneMask, int width=warpSize) __DEF_IF_HOST
      |                                                                                                                                       ^~~~~~~~~~~~~
/usr/local/cuda/include/sm_30_intrinsics.h: In function 'double __shfl_sync(unsigned int, double, int, int)':
/usr/local/cuda/include/sm_30_intrinsics.h:76:25: warning: no return statement in function returning non-void [-Wreturn-type]
   76 | #define __DEF_IF_HOST { }
      |                         ^
/usr/local/cuda/include/sm_30_intrinsics.h:191:106: note: in expansion of macro '__DEF_IF_HOST'
  191 | __SM_30_INTRINSICS_DECL__ double __shfl_sync(unsigned mask, double var, int srcLane, int width=warpSize) __DEF_IF_HOST
      |                                                                                                          ^~~~~~~~~~~~~
/usr/local/cuda/include/sm_30_intrinsics.h: In function 'double __shfl_up_sync(unsigned int, double, unsigned int, int)':
/usr/local/cuda/include/sm_30_intrinsics.h:76:25: warning: no return statement in function returning non-void [-Wreturn-type]
   76 | #define __DEF_IF_HOST { }
      |                         ^
/usr/local/cuda/include/sm_30_intrinsics.h:192:116: note: in expansion of macro '__DEF_IF_HOST'
  192 | __SM_30_INTRINSICS_DECL__ double __shfl_up_sync(unsigned mask, double var, unsigned int delta, int width=warpSize) __DEF_IF_HOST
      |                                                                                                                    ^~~~~~~~~~~~~
/usr/local/cuda/include/sm_30_intrinsics.h: In function 'double __shfl_down_sync(unsigned int, double, unsigned int, int)':
/usr/local/cuda/include/sm_30_intrinsics.h:76:25: warning: no return statement in function returning non-void [-Wreturn-type]
   76 | #define __DEF_IF_HOST { }
      |                         ^
/usr/local/cuda/include/sm_30_intrinsics.h:193:118: note: in expansion of macro '__DEF_IF_HOST'
  193 | __SM_30_INTRINSICS_DECL__ double __shfl_down_sync(unsigned mask, double var, unsigned int delta, int width=warpSize) __DEF_IF_HOST
      |                                                                                                                      ^~~~~~~~~~~~~
/usr/local/cuda/include/sm_30_intrinsics.h: In function 'double __shfl_xor_sync(unsigned int, double, int, int)':
/usr/local/cuda/include/sm_30_intrinsics.h:76:25: warning: no return statement in function returning non-void [-Wreturn-type]
   76 | #define __DEF_IF_HOST { }
      |                         ^
/usr/local/cuda/include/sm_30_intrinsics.h:194:111: note: in expansion of macro '__DEF_IF_HOST'
  194 | __SM_30_INTRINSICS_DECL__ double __shfl_xor_sync(unsigned mask, double var, int laneMask, int width=warpSize) __DEF_IF_HOST
      |                                                                                                               ^~~~~~~~~~~~~
/usr/local/cuda/include/sm_30_intrinsics.h: In function 'long int __shfl(long int, int, int)':
/usr/local/cuda/include/sm_30_intrinsics.h:76:25: warning: no return statement in function returning non-void [-Wreturn-type]
   76 | #define __DEF_IF_HOST { }
      |                         ^
/usr/local/cuda/include/sm_30_intrinsics.h:198:132: note: in expansion of macro '__DEF_IF_HOST'
  198 | __SM_30_INTRINSICS_DECL__ __DEPRECATED__(__WSB_DEPRECATION_MESSAGE(__shfl)) long __shfl(long var, int srcLane, int width=warpSize) __DEF_IF_HOST
      |                                                                                                                                    ^~~~~~~~~~~~~
/usr/local/cuda/include/sm_30_intrinsics.h: In function 'long unsigned int __shfl(long unsigned int, int, int)':
/usr/local/cuda/include/sm_30_intrinsics.h:76:25: warning: no return statement in function returning non-void [-Wreturn-type]
   76 | #define __DEF_IF_HOST { }
      |                         ^
/usr/local/cuda/include/sm_30_intrinsics.h:199:150: note: in expansion of macro '__DEF_IF_HOST'
  199 | __SM_30_INTRINSICS_DECL__ __DEPRECATED__(__WSB_DEPRECATION_MESSAGE(__shfl)) unsigned long __shfl(unsigned long var, int srcLane, int width=warpSize) __DEF_IF_HOST
      |                                                                                                                                                      ^~~~~~~~~~~~~
/usr/local/cuda/include/sm_30_intrinsics.h: In function 'long int __shfl_up(long int, unsigned int, int)':
/usr/local/cuda/include/sm_30_intrinsics.h:76:25: warning: no return statement in function returning non-void [-Wreturn-type]
   76 | #define __DEF_IF_HOST { }
      |                         ^
/usr/local/cuda/include/sm_30_intrinsics.h:200:145: note: in expansion of macro '__DEF_IF_HOST'
  200 | __SM_30_INTRINSICS_DECL__ __DEPRECATED__(__WSB_DEPRECATION_MESSAGE(__shfl_up)) long __shfl_up(long var, unsigned int delta, int width=warpSize) __DEF_IF_HOST
      |                                                                                                                                                 ^~~~~~~~~~~~~
/usr/local/cuda/include/sm_30_intrinsics.h: In function 'long unsigned int __shfl_up(long unsigned int, unsigned int, int)':
/usr/local/cuda/include/sm_30_intrinsics.h:76:25: warning: no return statement in function returning non-void [-Wreturn-type]
   76 | #define __DEF_IF_HOST { }
      |                         ^
/usr/local/cuda/include/sm_30_intrinsics.h:201:163: note: in expansion of macro '__DEF_IF_HOST'
  201 | __SM_30_INTRINSICS_DECL__ __DEPRECATED__(__WSB_DEPRECATION_MESSAGE(__shfl_up)) unsigned long __shfl_up(unsigned long var, unsigned int delta, int width=warpSize) __DEF_IF_HOST
      |                                                                                                                                                                   ^~~~~~~~~~~~~
/usr/local/cuda/include/sm_30_intrinsics.h: In function 'long int __shfl_down(long int, unsigned int, int)':
/usr/local/cuda/include/sm_30_intrinsics.h:76:25: warning: no return statement in function returning non-void [-Wreturn-type]
   76 | #define __DEF_IF_HOST { }
      |                         ^
/usr/local/cuda/include/sm_30_intrinsics.h:202:149: note: in expansion of macro '__DEF_IF_HOST'
  202 | __SM_30_INTRINSICS_DECL__ __DEPRECATED__(__WSB_DEPRECATION_MESSAGE(__shfl_down)) long __shfl_down(long var, unsigned int delta, int width=warpSize) __DEF_IF_HOST
      |                                                                                                                                                     ^~~~~~~~~~~~~
/usr/local/cuda/include/sm_30_intrinsics.h: In function 'long unsigned int __shfl_down(long unsigned int, unsigned int, int)':
/usr/local/cuda/include/sm_30_intrinsics.h:76:25: warning: no return statement in function returning non-void [-Wreturn-type]
   76 | #define __DEF_IF_HOST { }
      |                         ^
/usr/local/cuda/include/sm_30_intrinsics.h:203:167: note: in expansion of macro '__DEF_IF_HOST'
  203 | __SM_30_INTRINSICS_DECL__ __DEPRECATED__(__WSB_DEPRECATION_MESSAGE(__shfl_down)) unsigned long __shfl_down(unsigned long var, unsigned int delta, int width=warpSize) __DEF_IF_HOST
      |                                                                                                                                                                       ^~~~~~~~~~~~~
/usr/local/cuda/include/sm_30_intrinsics.h: In function 'long int __shfl_xor(long int, int, int)':
/usr/local/cuda/include/sm_30_intrinsics.h:76:25: warning: no return statement in function returning non-void [-Wreturn-type]
   76 | #define __DEF_IF_HOST { }
      |                         ^
/usr/local/cuda/include/sm_30_intrinsics.h:204:141: note: in expansion of macro '__DEF_IF_HOST'
  204 | __SM_30_INTRINSICS_DECL__ __DEPRECATED__(__WSB_DEPRECATION_MESSAGE(__shfl_xor)) long __shfl_xor(long var, int laneMask, int width=warpSize) __DEF_IF_HOST
      |                                                                                                                                             ^~~~~~~~~~~~~
/usr/local/cuda/include/sm_30_intrinsics.h: In function 'long unsigned int __shfl_xor(long unsigned int, int, int)':
/usr/local/cuda/include/sm_30_intrinsics.h:76:25: warning: no return statement in function returning non-void [-Wreturn-type]
   76 | #define __DEF_IF_HOST { }
      |                         ^
/usr/local/cuda/include/sm_30_intrinsics.h:205:159: note: in expansion of macro '__DEF_IF_HOST'
  205 | __SM_30_INTRINSICS_DECL__ __DEPRECATED__(__WSB_DEPRECATION_MESSAGE(__shfl_xor)) unsigned long __shfl_xor(unsigned long var, int laneMask, int width=warpSize) __DEF_IF_HOST
      |                                                                                                                                                               ^~~~~~~~~~~~~
/usr/local/cuda/include/sm_30_intrinsics.h: In function 'long int __shfl_sync(unsigned int, long int, int, int)':
/usr/local/cuda/include/sm_30_intrinsics.h:76:25: warning: no return statement in function returning non-void [-Wreturn-type]
   76 | #define __DEF_IF_HOST { }
      |                         ^
/usr/local/cuda/include/sm_30_intrinsics.h:208:102: note: in expansion of macro '__DEF_IF_HOST'
  208 | __SM_30_INTRINSICS_DECL__ long __shfl_sync(unsigned mask, long var, int srcLane, int width=warpSize) __DEF_IF_HOST
      |                                                                                                      ^~~~~~~~~~~~~
/usr/local/cuda/include/sm_30_intrinsics.h: In function 'long unsigned int __shfl_sync(unsigned int, long unsigned int, int, int)':
/usr/local/cuda/include/sm_30_intrinsics.h:76:25: warning: no return statement in function returning non-void [-Wreturn-type]
   76 | #define __DEF_IF_HOST { }
      |                         ^
/usr/local/cuda/include/sm_30_intrinsics.h:209:120: note: in expansion of macro '__DEF_IF_HOST'
  209 | __SM_30_INTRINSICS_DECL__ unsigned long __shfl_sync(unsigned mask, unsigned long var, int srcLane, int width=warpSize) __DEF_IF_HOST
      |                                                                                                                        ^~~~~~~~~~~~~
/usr/local/cuda/include/sm_30_intrinsics.h: In function 'long int __shfl_up_sync(unsigned int, long int, unsigned int, int)':
/usr/local/cuda/include/sm_30_intrinsics.h:76:25: warning: no return statement in function returning non-void [-Wreturn-type]
   76 | #define __DEF_IF_HOST { }
      |                         ^
/usr/local/cuda/include/sm_30_intrinsics.h:210:112: note: in expansion of macro '__DEF_IF_HOST'
  210 | __SM_30_INTRINSICS_DECL__ long __shfl_up_sync(unsigned mask, long var, unsigned int delta, int width=warpSize) __DEF_IF_HOST
      |                                                                                                                ^~~~~~~~~~~~~
/usr/local/cuda/include/sm_30_intrinsics.h: In function 'long unsigned int __shfl_up_sync(unsigned int, long unsigned int, unsigned int, int)':
/usr/local/cuda/include/sm_30_intrinsics.h:76:25: warning: no return statement in function returning non-void [-Wreturn-type]
   76 | #define __DEF_IF_HOST { }
      |                         ^
/usr/local/cuda/include/sm_30_intrinsics.h:211:130: note: in expansion of macro '__DEF_IF_HOST'
  211 | __SM_30_INTRINSICS_DECL__ unsigned long __shfl_up_sync(unsigned mask, unsigned long var, unsigned int delta, int width=warpSize) __DEF_IF_HOST
      |                                                                                                                                  ^~~~~~~~~~~~~
/usr/local/cuda/include/sm_30_intrinsics.h: In function 'long int __shfl_down_sync(unsigned int, long int, unsigned int, int)':
/usr/local/cuda/include/sm_30_intrinsics.h:76:25: warning: no return statement in function returning non-void [-Wreturn-type]
   76 | #define __DEF_IF_HOST { }
      |                         ^
/usr/local/cuda/include/sm_30_intrinsics.h:212:114: note: in expansion of macro '__DEF_IF_HOST'
  212 | __SM_30_INTRINSICS_DECL__ long __shfl_down_sync(unsigned mask, long var, unsigned int delta, int width=warpSize) __DEF_IF_HOST
      |                                                                                                                  ^~~~~~~~~~~~~
/usr/local/cuda/include/sm_30_intrinsics.h: In function 'long unsigned int __shfl_down_sync(unsigned int, long unsigned int, unsigned int, int)':
/usr/local/cuda/include/sm_30_intrinsics.h:76:25: warning: no return statement in function returning non-void [-Wreturn-type]
   76 | #define __DEF_IF_HOST { }
      |                         ^
/usr/local/cuda/include/sm_30_intrinsics.h:213:132: note: in expansion of macro '__DEF_IF_HOST'
  213 | __SM_30_INTRINSICS_DECL__ unsigned long __shfl_down_sync(unsigned mask, unsigned long var, unsigned int delta, int width=warpSize) __DEF_IF_HOST
      |                                                                                                                                    ^~~~~~~~~~~~~
/usr/local/cuda/include/sm_30_intrinsics.h: In function 'long int __shfl_xor_sync(unsigned int, long int, int, int)':
/usr/local/cuda/include/sm_30_intrinsics.h:76:25: warning: no return statement in function returning non-void [-Wreturn-type]
   76 | #define __DEF_IF_HOST { }
      |                         ^
/usr/local/cuda/include/sm_30_intrinsics.h:214:107: note: in expansion of macro '__DEF_IF_HOST'
  214 | __SM_30_INTRINSICS_DECL__ long __shfl_xor_sync(unsigned mask, long var, int laneMask, int width=warpSize) __DEF_IF_HOST
      |                                                                                                           ^~~~~~~~~~~~~
/usr/local/cuda/include/sm_30_intrinsics.h: In function 'long unsigned int __shfl_xor_sync(unsigned int, long unsigned int, int, int)':
/usr/local/cuda/include/sm_30_intrinsics.h:76:25: warning: no return statement in function returning non-void [-Wreturn-type]
   76 | #define __DEF_IF_HOST { }
      |                         ^
/usr/local/cuda/include/sm_30_intrinsics.h:215:125: note: in expansion of macro '__DEF_IF_HOST'
  215 | __SM_30_INTRINSICS_DECL__ unsigned long __shfl_xor_sync(unsigned mask, unsigned long var, int laneMask, int width=warpSize) __DEF_IF_HOST
      |                                                                                                                             ^~~~~~~~~~~~~
In file included from /usr/local/cuda/include/crt/device_functions.h:3623,
                 from /home/GVirtuS/GVirtuS/plugins/cudart/backend/CudaRtHandler.h:71,
                 from /home/GVirtuS/GVirtuS/plugins/cudart/backend/CudaRtHandler_texture.cpp:26:
/usr/local/cuda/include/sm_32_intrinsics.h: In function 'long int __ldg(const long int*)':
/usr/local/cuda/include/sm_32_intrinsics.h:74:25: warning: no return statement in function returning non-void [-Wreturn-type]
   74 | #define __DEF_IF_HOST { }
      |                         ^
/usr/local/cuda/include/sm_32_intrinsics.h:87:55: note: in expansion of macro '__DEF_IF_HOST'
   87 | __SM_32_INTRINSICS_DECL__ long __ldg(const long *ptr) __DEF_IF_HOST
      |                                                       ^~~~~~~~~~~~~
/usr/local/cuda/include/sm_32_intrinsics.h: In function 'long unsigned int __ldg(const long unsigned int*)':
/usr/local/cuda/include/sm_32_intrinsics.h:74:25: warning: no return statement in function returning non-void [-Wreturn-type]
   74 | #define __DEF_IF_HOST { }
      |                         ^
/usr/local/cuda/include/sm_32_intrinsics.h:88:73: note: in expansion of macro '__DEF_IF_HOST'
   88 | __SM_32_INTRINSICS_DECL__ unsigned long __ldg(const unsigned long *ptr) __DEF_IF_HOST
      |                                                                         ^~~~~~~~~~~~~
/usr/local/cuda/include/sm_32_intrinsics.h: In function 'char __ldg(const char*)':
/usr/local/cuda/include/sm_32_intrinsics.h:74:25: warning: no return statement in function returning non-void [-Wreturn-type]
   74 | #define __DEF_IF_HOST { }
      |                         ^
/usr/local/cuda/include/sm_32_intrinsics.h:90:55: note: in expansion of macro '__DEF_IF_HOST'
   90 | __SM_32_INTRINSICS_DECL__ char __ldg(const char *ptr) __DEF_IF_HOST
      |                                                       ^~~~~~~~~~~~~
/usr/local/cuda/include/sm_32_intrinsics.h: In function 'signed char __ldg(const signed char*)':
/usr/local/cuda/include/sm_32_intrinsics.h:74:25: warning: no return statement in function returning non-void [-Wreturn-type]
   74 | #define __DEF_IF_HOST { }
      |                         ^
/usr/local/cuda/include/sm_32_intrinsics.h:91:69: note: in expansion of macro '__DEF_IF_HOST'
   91 | __SM_32_INTRINSICS_DECL__ signed char __ldg(const signed char *ptr) __DEF_IF_HOST
      |                                                                     ^~~~~~~~~~~~~
/usr/local/cuda/include/sm_32_intrinsics.h: In function 'short int __ldg(const short int*)':
/usr/local/cuda/include/sm_32_intrinsics.h:74:25: warning: no return statement in function returning non-void [-Wreturn-type]
   74 | #define __DEF_IF_HOST { }
      |                         ^
/usr/local/cuda/include/sm_32_intrinsics.h:92:57: note: in expansion of macro '__DEF_IF_HOST'
   92 | __SM_32_INTRINSICS_DECL__ short __ldg(const short *ptr) __DEF_IF_HOST
      |                                                         ^~~~~~~~~~~~~
/usr/local/cuda/include/sm_32_intrinsics.h: In function 'int __ldg(const int*)':
/usr/local/cuda/include/sm_32_intrinsics.h:74:25: warning: no return statement in function returning non-void [-Wreturn-type]
   74 | #define __DEF_IF_HOST { }
      |                         ^
/usr/local/cuda/include/sm_32_intrinsics.h:93:53: note: in expansion of macro '__DEF_IF_HOST'
   93 | __SM_32_INTRINSICS_DECL__ int __ldg(const int *ptr) __DEF_IF_HOST
      |                                                     ^~~~~~~~~~~~~
/usr/local/cuda/include/sm_32_intrinsics.h: In function 'long long int __ldg(const long long int*)':
/usr/local/cuda/include/sm_32_intrinsics.h:74:25: warning: no return statement in function returning non-void [-Wreturn-type]
   74 | #define __DEF_IF_HOST { }
      |                         ^
/usr/local/cuda/include/sm_32_intrinsics.h:94:65: note: in expansion of macro '__DEF_IF_HOST'
   94 | __SM_32_INTRINSICS_DECL__ long long __ldg(const long long *ptr) __DEF_IF_HOST
      |                                                                 ^~~~~~~~~~~~~
/usr/local/cuda/include/sm_32_intrinsics.h: In function 'char2 __ldg(const char2*)':
/usr/local/cuda/include/sm_32_intrinsics.h:74:25: warning: no return statement in function returning non-void [-Wreturn-type]
   74 | #define __DEF_IF_HOST { }
      |                         ^
/usr/local/cuda/include/sm_32_intrinsics.h:95:57: note: in expansion of macro '__DEF_IF_HOST'
   95 | __SM_32_INTRINSICS_DECL__ char2 __ldg(const char2 *ptr) __DEF_IF_HOST
      |                                                         ^~~~~~~~~~~~~
/usr/local/cuda/include/sm_32_intrinsics.h: In function 'char4 __ldg(const char4*)':
/usr/local/cuda/include/sm_32_intrinsics.h:74:25: warning: no return statement in function returning non-void [-Wreturn-type]
   74 | #define __DEF_IF_HOST { }
      |                         ^
/usr/local/cuda/include/sm_32_intrinsics.h:96:57: note: in expansion of macro '__DEF_IF_HOST'
   96 | __SM_32_INTRINSICS_DECL__ char4 __ldg(const char4 *ptr) __DEF_IF_HOST
      |                                                         ^~~~~~~~~~~~~
/usr/local/cuda/include/sm_32_intrinsics.h: In function 'short2 __ldg(const short2*)':
/usr/local/cuda/include/sm_32_intrinsics.h:74:25: warning: no return statement in function returning non-void [-Wreturn-type]
   74 | #define __DEF_IF_HOST { }
      |                         ^
/usr/local/cuda/include/sm_32_intrinsics.h:97:59: note: in expansion of macro '__DEF_IF_HOST'
   97 | __SM_32_INTRINSICS_DECL__ short2 __ldg(const short2 *ptr) __DEF_IF_HOST
      |                                                           ^~~~~~~~~~~~~
/usr/local/cuda/include/sm_32_intrinsics.h: In function 'short4 __ldg(const short4*)':
/usr/local/cuda/include/sm_32_intrinsics.h:74:25: warning: no return statement in function returning non-void [-Wreturn-type]
   74 | #define __DEF_IF_HOST { }
      |                         ^
/usr/local/cuda/include/sm_32_intrinsics.h:98:59: note: in expansion of macro '__DEF_IF_HOST'
   98 | __SM_32_INTRINSICS_DECL__ short4 __ldg(const short4 *ptr) __DEF_IF_HOST
      |                                                           ^~~~~~~~~~~~~
/usr/local/cuda/include/sm_32_intrinsics.h: In function 'int2 __ldg(const int2*)':
/usr/local/cuda/include/sm_32_intrinsics.h:74:25: warning: no return statement in function returning non-void [-Wreturn-type]
   74 | #define __DEF_IF_HOST { }
      |                         ^
/usr/local/cuda/include/sm_32_intrinsics.h:99:55: note: in expansion of macro '__DEF_IF_HOST'
   99 | __SM_32_INTRINSICS_DECL__ int2 __ldg(const int2 *ptr) __DEF_IF_HOST
      |                                                       ^~~~~~~~~~~~~
/usr/local/cuda/include/sm_32_intrinsics.h: In function 'int4 __ldg(const int4*)':
/usr/local/cuda/include/sm_32_intrinsics.h:74:25: warning: no return statement in function returning non-void [-Wreturn-type]
   74 | #define __DEF_IF_HOST { }
      |                         ^
/usr/local/cuda/include/sm_32_intrinsics.h:100:55: note: in expansion of macro '__DEF_IF_HOST'
  100 | __SM_32_INTRINSICS_DECL__ int4 __ldg(const int4 *ptr) __DEF_IF_HOST
      |                                                       ^~~~~~~~~~~~~
/usr/local/cuda/include/sm_32_intrinsics.h: In function 'longlong2 __ldg(const longlong2*)':
/usr/local/cuda/include/sm_32_intrinsics.h:74:25: warning: no return statement in function returning non-void [-Wreturn-type]
   74 | #define __DEF_IF_HOST { }
      |                         ^
/usr/local/cuda/include/sm_32_intrinsics.h:101:65: note: in expansion of macro '__DEF_IF_HOST'
  101 | __SM_32_INTRINSICS_DECL__ longlong2 __ldg(const longlong2 *ptr) __DEF_IF_HOST
      |                                                                 ^~~~~~~~~~~~~
/usr/local/cuda/include/sm_32_intrinsics.h: In function 'unsigned char __ldg(const unsigned char*)':
/usr/local/cuda/include/sm_32_intrinsics.h:74:25: warning: no return statement in function returning non-void [-Wreturn-type]
   74 | #define __DEF_IF_HOST { }
      |                         ^
/usr/local/cuda/include/sm_32_intrinsics.h:103:73: note: in expansion of macro '__DEF_IF_HOST'
  103 | __SM_32_INTRINSICS_DECL__ unsigned char __ldg(const unsigned char *ptr) __DEF_IF_HOST
      |                                                                         ^~~~~~~~~~~~~
/usr/local/cuda/include/sm_32_intrinsics.h: In function 'short unsigned int __ldg(const short unsigned int*)':
/usr/local/cuda/include/sm_32_intrinsics.h:74:25: warning: no return statement in function returning non-void [-Wreturn-type]
   74 | #define __DEF_IF_HOST { }
      |                         ^
/usr/local/cuda/include/sm_32_intrinsics.h:104:75: note: in expansion of macro '__DEF_IF_HOST'
  104 | __SM_32_INTRINSICS_DECL__ unsigned short __ldg(const unsigned short *ptr) __DEF_IF_HOST
      |                                                                           ^~~~~~~~~~~~~
/usr/local/cuda/include/sm_32_intrinsics.h: In function 'unsigned int __ldg(const unsigned int*)':
/usr/local/cuda/include/sm_32_intrinsics.h:74:25: warning: no return statement in function returning non-void [-Wreturn-type]
   74 | #define __DEF_IF_HOST { }
      |                         ^
/usr/local/cuda/include/sm_32_intrinsics.h:105:71: note: in expansion of macro '__DEF_IF_HOST'
  105 | __SM_32_INTRINSICS_DECL__ unsigned int __ldg(const unsigned int *ptr) __DEF_IF_HOST
      |                                                                       ^~~~~~~~~~~~~
/usr/local/cuda/include/sm_32_intrinsics.h: In function 'long long unsigned int __ldg(const long long unsigned int*)':
/usr/local/cuda/include/sm_32_intrinsics.h:74:25: warning: no return statement in function returning non-void [-Wreturn-type]
   74 | #define __DEF_IF_HOST { }
      |                         ^
/usr/local/cuda/include/sm_32_intrinsics.h:106:83: note: in expansion of macro '__DEF_IF_HOST'
  106 | __SM_32_INTRINSICS_DECL__ unsigned long long __ldg(const unsigned long long *ptr) __DEF_IF_HOST
      |                                                                                   ^~~~~~~~~~~~~
/usr/local/cuda/include/sm_32_intrinsics.h: In function 'uchar2 __ldg(const uchar2*)':
/usr/local/cuda/include/sm_32_intrinsics.h:74:25: warning: no return statement in function returning non-void [-Wreturn-type]
   74 | #define __DEF_IF_HOST { }
      |                         ^
/usr/local/cuda/include/sm_32_intrinsics.h:107:59: note: in expansion of macro '__DEF_IF_HOST'
  107 | __SM_32_INTRINSICS_DECL__ uchar2 __ldg(const uchar2 *ptr) __DEF_IF_HOST
      |                                                           ^~~~~~~~~~~~~
/usr/local/cuda/include/sm_32_intrinsics.h: In function 'uchar4 __ldg(const uchar4*)':
/usr/local/cuda/include/sm_32_intrinsics.h:74:25: warning: no return statement in function returning non-void [-Wreturn-type]
   74 | #define __DEF_IF_HOST { }
      |                         ^
/usr/local/cuda/include/sm_32_intrinsics.h:108:59: note: in expansion of macro '__DEF_IF_HOST'
  108 | __SM_32_INTRINSICS_DECL__ uchar4 __ldg(const uchar4 *ptr) __DEF_IF_HOST
      |                                                           ^~~~~~~~~~~~~
/usr/local/cuda/include/sm_32_intrinsics.h: In function 'ushort2 __ldg(const ushort2*)':
/usr/local/cuda/include/sm_32_intrinsics.h:74:25: warning: no return statement in function returning non-void [-Wreturn-type]
   74 | #define __DEF_IF_HOST { }
      |                         ^
/usr/local/cuda/include/sm_32_intrinsics.h:109:61: note: in expansion of macro '__DEF_IF_HOST'
  109 | __SM_32_INTRINSICS_DECL__ ushort2 __ldg(const ushort2 *ptr) __DEF_IF_HOST
      |                                                             ^~~~~~~~~~~~~
/usr/local/cuda/include/sm_32_intrinsics.h: In function 'ushort4 __ldg(const ushort4*)':
/usr/local/cuda/include/sm_32_intrinsics.h:74:25: warning: no return statement in function returning non-void [-Wreturn-type]
   74 | #define __DEF_IF_HOST { }
      |                         ^
/usr/local/cuda/include/sm_32_intrinsics.h:110:61: note: in expansion of macro '__DEF_IF_HOST'
  110 | __SM_32_INTRINSICS_DECL__ ushort4 __ldg(const ushort4 *ptr) __DEF_IF_HOST
      |                                                             ^~~~~~~~~~~~~
/usr/local/cuda/include/sm_32_intrinsics.h: In function 'uint2 __ldg(const uint2*)':
/usr/local/cuda/include/sm_32_intrinsics.h:74:25: warning: no return statement in function returning non-void [-Wreturn-type]
   74 | #define __DEF_IF_HOST { }
      |                         ^
/usr/local/cuda/include/sm_32_intrinsics.h:111:57: note: in expansion of macro '__DEF_IF_HOST'
  111 | __SM_32_INTRINSICS_DECL__ uint2 __ldg(const uint2 *ptr) __DEF_IF_HOST
      |                                                         ^~~~~~~~~~~~~
/usr/local/cuda/include/sm_32_intrinsics.h: In function 'uint4 __ldg(const uint4*)':
/usr/local/cuda/include/sm_32_intrinsics.h:74:25: warning: no return statement in function returning non-void [-Wreturn-type]
   74 | #define __DEF_IF_HOST { }
      |                         ^
/usr/local/cuda/include/sm_32_intrinsics.h:112:57: note: in expansion of macro '__DEF_IF_HOST'
  112 | __SM_32_INTRINSICS_DECL__ uint4 __ldg(const uint4 *ptr) __DEF_IF_HOST
      |                                                         ^~~~~~~~~~~~~
/usr/local/cuda/include/sm_32_intrinsics.h: In function 'ulonglong2 __ldg(const ulonglong2*)':
/usr/local/cuda/include/sm_32_intrinsics.h:74:25: warning: no return statement in function returning non-void [-Wreturn-type]
   74 | #define __DEF_IF_HOST { }
      |                         ^
/usr/local/cuda/include/sm_32_intrinsics.h:113:67: note: in expansion of macro '__DEF_IF_HOST'
  113 | __SM_32_INTRINSICS_DECL__ ulonglong2 __ldg(const ulonglong2 *ptr) __DEF_IF_HOST
      |                                                                   ^~~~~~~~~~~~~
/usr/local/cuda/include/sm_32_intrinsics.h: In function 'float __ldg(const float*)':
/usr/local/cuda/include/sm_32_intrinsics.h:74:25: warning: no return statement in function returning non-void [-Wreturn-type]
   74 | #define __DEF_IF_HOST { }
      |                         ^
/usr/local/cuda/include/sm_32_intrinsics.h:115:57: note: in expansion of macro '__DEF_IF_HOST'
  115 | __SM_32_INTRINSICS_DECL__ float __ldg(const float *ptr) __DEF_IF_HOST
      |                                                         ^~~~~~~~~~~~~
/usr/local/cuda/include/sm_32_intrinsics.h: In function 'double __ldg(const double*)':
/usr/local/cuda/include/sm_32_intrinsics.h:74:25: warning: no return statement in function returning non-void [-Wreturn-type]
   74 | #define __DEF_IF_HOST { }
      |                         ^
/usr/local/cuda/include/sm_32_intrinsics.h:116:59: note: in expansion of macro '__DEF_IF_HOST'
  116 | __SM_32_INTRINSICS_DECL__ double __ldg(const double *ptr) __DEF_IF_HOST
      |                                                           ^~~~~~~~~~~~~
/usr/local/cuda/include/sm_32_intrinsics.h: In function 'float2 __ldg(const float2*)':
/usr/local/cuda/include/sm_32_intrinsics.h:74:25: warning: no return statement in function returning non-void [-Wreturn-type]
   74 | #define __DEF_IF_HOST { }
      |                         ^
/usr/local/cuda/include/sm_32_intrinsics.h:117:59: note: in expansion of macro '__DEF_IF_HOST'
  117 | __SM_32_INTRINSICS_DECL__ float2 __ldg(const float2 *ptr) __DEF_IF_HOST
      |                                                           ^~~~~~~~~~~~~
/usr/local/cuda/include/sm_32_intrinsics.h: In function 'float4 __ldg(const float4*)':
/usr/local/cuda/include/sm_32_intrinsics.h:74:25: warning: no return statement in function returning non-void [-Wreturn-type]
   74 | #define __DEF_IF_HOST { }
      |                         ^
/usr/local/cuda/include/sm_32_intrinsics.h:118:59: note: in expansion of macro '__DEF_IF_HOST'
  118 | __SM_32_INTRINSICS_DECL__ float4 __ldg(const float4 *ptr) __DEF_IF_HOST
      |                                                           ^~~~~~~~~~~~~
/usr/local/cuda/include/sm_32_intrinsics.h: In function 'double2 __ldg(const double2*)':
/usr/local/cuda/include/sm_32_intrinsics.h:74:25: warning: no return statement in function returning non-void [-Wreturn-type]
   74 | #define __DEF_IF_HOST { }
      |                         ^
/usr/local/cuda/include/sm_32_intrinsics.h:119:61: note: in expansion of macro '__DEF_IF_HOST'
  119 | __SM_32_INTRINSICS_DECL__ double2 __ldg(const double2 *ptr) __DEF_IF_HOST
      |                                                             ^~~~~~~~~~~~~
/usr/local/cuda/include/sm_32_intrinsics.h: In function 'long int __ldcg(const long int*)':
/usr/local/cuda/include/sm_32_intrinsics.h:74:25: warning: no return statement in function returning non-void [-Wreturn-type]
   74 | #define __DEF_IF_HOST { }
      |                         ^
/usr/local/cuda/include/sm_32_intrinsics.h:123:56: note: in expansion of macro '__DEF_IF_HOST'
  123 | __SM_32_INTRINSICS_DECL__ long __ldcg(const long *ptr) __DEF_IF_HOST
      |                                                        ^~~~~~~~~~~~~
/usr/local/cuda/include/sm_32_intrinsics.h: In function 'long unsigned int __ldcg(const long unsigned int*)':
/usr/local/cuda/include/sm_32_intrinsics.h:74:25: warning: no return statement in function returning non-void [-Wreturn-type]
   74 | #define __DEF_IF_HOST { }
      |                         ^
/usr/local/cuda/include/sm_32_intrinsics.h:124:74: note: in expansion of macro '__DEF_IF_HOST'
  124 | __SM_32_INTRINSICS_DECL__ unsigned long __ldcg(const unsigned long *ptr) __DEF_IF_HOST
      |                                                                          ^~~~~~~~~~~~~
/usr/local/cuda/include/sm_32_intrinsics.h: In function 'char __ldcg(const char*)':
/usr/local/cuda/include/sm_32_intrinsics.h:74:25: warning: no return statement in function returning non-void [-Wreturn-type]
   74 | #define __DEF_IF_HOST { }
      |                         ^
/usr/local/cuda/include/sm_32_intrinsics.h:126:56: note: in expansion of macro '__DEF_IF_HOST'
  126 | __SM_32_INTRINSICS_DECL__ char __ldcg(const char *ptr) __DEF_IF_HOST
      |                                                        ^~~~~~~~~~~~~
/usr/local/cuda/include/sm_32_intrinsics.h: In function 'signed char __ldcg(const signed char*)':
/usr/local/cuda/include/sm_32_intrinsics.h:74:25: warning: no return statement in function returning non-void [-Wreturn-type]
   74 | #define __DEF_IF_HOST { }
      |                         ^
/usr/local/cuda/include/sm_32_intrinsics.h:127:70: note: in expansion of macro '__DEF_IF_HOST'
  127 | __SM_32_INTRINSICS_DECL__ signed char __ldcg(const signed char *ptr) __DEF_IF_HOST
      |                                                                      ^~~~~~~~~~~~~
/usr/local/cuda/include/sm_32_intrinsics.h: In function 'short int __ldcg(const short int*)':
/usr/local/cuda/include/sm_32_intrinsics.h:74:25: warning: no return statement in function returning non-void [-Wreturn-type]
   74 | #define __DEF_IF_HOST { }
      |                         ^
/usr/local/cuda/include/sm_32_intrinsics.h:128:58: note: in expansion of macro '__DEF_IF_HOST'
  128 | __SM_32_INTRINSICS_DECL__ short __ldcg(const short *ptr) __DEF_IF_HOST
      |                                                          ^~~~~~~~~~~~~
/usr/local/cuda/include/sm_32_intrinsics.h: In function 'int __ldcg(const int*)':
/usr/local/cuda/include/sm_32_intrinsics.h:74:25: warning: no return statement in function returning non-void [-Wreturn-type]
   74 | #define __DEF_IF_HOST { }
      |                         ^
/usr/local/cuda/include/sm_32_intrinsics.h:129:54: note: in expansion of macro '__DEF_IF_HOST'
  129 | __SM_32_INTRINSICS_DECL__ int __ldcg(const int *ptr) __DEF_IF_HOST
      |                                                      ^~~~~~~~~~~~~
/usr/local/cuda/include/sm_32_intrinsics.h: In function 'long long int __ldcg(const long long int*)':
/usr/local/cuda/include/sm_32_intrinsics.h:74:25: warning: no return statement in function returning non-void [-Wreturn-type]
   74 | #define __DEF_IF_HOST { }
      |                         ^
/usr/local/cuda/include/sm_32_intrinsics.h:130:66: note: in expansion of macro '__DEF_IF_HOST'
  130 | __SM_32_INTRINSICS_DECL__ long long __ldcg(const long long *ptr) __DEF_IF_HOST
      |                                                                  ^~~~~~~~~~~~~
/usr/local/cuda/include/sm_32_intrinsics.h: In function 'char2 __ldcg(const char2*)':
/usr/local/cuda/include/sm_32_intrinsics.h:74:25: warning: no return statement in function returning non-void [-Wreturn-type]
   74 | #define __DEF_IF_HOST { }
      |                         ^
/usr/local/cuda/include/sm_32_intrinsics.h:131:58: note: in expansion of macro '__DEF_IF_HOST'
  131 | __SM_32_INTRINSICS_DECL__ char2 __ldcg(const char2 *ptr) __DEF_IF_HOST
      |                                                          ^~~~~~~~~~~~~
/usr/local/cuda/include/sm_32_intrinsics.h: In function 'char4 __ldcg(const char4*)':
/usr/local/cuda/include/sm_32_intrinsics.h:74:25: warning: no return statement in function returning non-void [-Wreturn-type]
   74 | #define __DEF_IF_HOST { }
      |                         ^
/usr/local/cuda/include/sm_32_intrinsics.h:132:58: note: in expansion of macro '__DEF_IF_HOST'
  132 | __SM_32_INTRINSICS_DECL__ char4 __ldcg(const char4 *ptr) __DEF_IF_HOST
      |                                                          ^~~~~~~~~~~~~
/usr/local/cuda/include/sm_32_intrinsics.h: In function 'short2 __ldcg(const short2*)':
/usr/local/cuda/include/sm_32_intrinsics.h:74:25: warning: no return statement in function returning non-void [-Wreturn-type]
   74 | #define __DEF_IF_HOST { }
      |                         ^
/usr/local/cuda/include/sm_32_intrinsics.h:133:60: note: in expansion of macro '__DEF_IF_HOST'
  133 | __SM_32_INTRINSICS_DECL__ short2 __ldcg(const short2 *ptr) __DEF_IF_HOST
      |                                                            ^~~~~~~~~~~~~
/usr/local/cuda/include/sm_32_intrinsics.h: In function 'short4 __ldcg(const short4*)':
/usr/local/cuda/include/sm_32_intrinsics.h:74:25: warning: no return statement in function returning non-void [-Wreturn-type]
   74 | #define __DEF_IF_HOST { }
      |                         ^
/usr/local/cuda/include/sm_32_intrinsics.h:134:60: note: in expansion of macro '__DEF_IF_HOST'
  134 | __SM_32_INTRINSICS_DECL__ short4 __ldcg(const short4 *ptr) __DEF_IF_HOST
      |                                                            ^~~~~~~~~~~~~
/usr/local/cuda/include/sm_32_intrinsics.h: In function 'int2 __ldcg(const int2*)':
/usr/local/cuda/include/sm_32_intrinsics.h:74:25: warning: no return statement in function returning non-void [-Wreturn-type]
   74 | #define __DEF_IF_HOST { }
      |                         ^
/usr/local/cuda/include/sm_32_intrinsics.h:135:56: note: in expansion of macro '__DEF_IF_HOST'
  135 | __SM_32_INTRINSICS_DECL__ int2 __ldcg(const int2 *ptr) __DEF_IF_HOST
      |                                                        ^~~~~~~~~~~~~
/usr/local/cuda/include/sm_32_intrinsics.h: In function 'int4 __ldcg(const int4*)':
/usr/local/cuda/include/sm_32_intrinsics.h:74:25: warning: no return statement in function returning non-void [-Wreturn-type]
   74 | #define __DEF_IF_HOST { }
      |                         ^
/usr/local/cuda/include/sm_32_intrinsics.h:136:56: note: in expansion of macro '__DEF_IF_HOST'
  136 | __SM_32_INTRINSICS_DECL__ int4 __ldcg(const int4 *ptr) __DEF_IF_HOST
      |                                                        ^~~~~~~~~~~~~
/usr/local/cuda/include/sm_32_intrinsics.h: In function 'longlong2 __ldcg(const longlong2*)':
/usr/local/cuda/include/sm_32_intrinsics.h:74:25: warning: no return statement in function returning non-void [-Wreturn-type]
   74 | #define __DEF_IF_HOST { }
      |                         ^
/usr/local/cuda/include/sm_32_intrinsics.h:137:66: note: in expansion of macro '__DEF_IF_HOST'
  137 | __SM_32_INTRINSICS_DECL__ longlong2 __ldcg(const longlong2 *ptr) __DEF_IF_HOST
      |                                                                  ^~~~~~~~~~~~~
/usr/local/cuda/include/sm_32_intrinsics.h: In function 'unsigned char __ldcg(const unsigned char*)':
/usr/local/cuda/include/sm_32_intrinsics.h:74:25: warning: no return statement in function returning non-void [-Wreturn-type]
   74 | #define __DEF_IF_HOST { }
      |                         ^
/usr/local/cuda/include/sm_32_intrinsics.h:139:74: note: in expansion of macro '__DEF_IF_HOST'
  139 | __SM_32_INTRINSICS_DECL__ unsigned char __ldcg(const unsigned char *ptr) __DEF_IF_HOST
      |                                                                          ^~~~~~~~~~~~~
/usr/local/cuda/include/sm_32_intrinsics.h: In function 'short unsigned int __ldcg(const short unsigned int*)':
/usr/local/cuda/include/sm_32_intrinsics.h:74:25: warning: no return statement in function returning non-void [-Wreturn-type]
   74 | #define __DEF_IF_HOST { }
      |                         ^
/usr/local/cuda/include/sm_32_intrinsics.h:140:76: note: in expansion of macro '__DEF_IF_HOST'
  140 | __SM_32_INTRINSICS_DECL__ unsigned short __ldcg(const unsigned short *ptr) __DEF_IF_HOST
      |                                                                            ^~~~~~~~~~~~~
/usr/local/cuda/include/sm_32_intrinsics.h: In function 'unsigned int __ldcg(const unsigned int*)':
/usr/local/cuda/include/sm_32_intrinsics.h:74:25: warning: no return statement in function returning non-void [-Wreturn-type]
   74 | #define __DEF_IF_HOST { }
      |                         ^
/usr/local/cuda/include/sm_32_intrinsics.h:141:72: note: in expansion of macro '__DEF_IF_HOST'
  141 | __SM_32_INTRINSICS_DECL__ unsigned int __ldcg(const unsigned int *ptr) __DEF_IF_HOST
      |                                                                        ^~~~~~~~~~~~~
/usr/local/cuda/include/sm_32_intrinsics.h: In function 'long long unsigned int __ldcg(const long long unsigned int*)':
/usr/local/cuda/include/sm_32_intrinsics.h:74:25: warning: no return statement in function returning non-void [-Wreturn-type]
   74 | #define __DEF_IF_HOST { }
      |                         ^
/usr/local/cuda/include/sm_32_intrinsics.h:142:84: note: in expansion of macro '__DEF_IF_HOST'
  142 | __SM_32_INTRINSICS_DECL__ unsigned long long __ldcg(const unsigned long long *ptr) __DEF_IF_HOST
      |                                                                                    ^~~~~~~~~~~~~
/usr/local/cuda/include/sm_32_intrinsics.h: In function 'uchar2 __ldcg(const uchar2*)':
/usr/local/cuda/include/sm_32_intrinsics.h:74:25: warning: no return statement in function returning non-void [-Wreturn-type]
   74 | #define __DEF_IF_HOST { }
      |                         ^
/usr/local/cuda/include/sm_32_intrinsics.h:143:60: note: in expansion of macro '__DEF_IF_HOST'
  143 | __SM_32_INTRINSICS_DECL__ uchar2 __ldcg(const uchar2 *ptr) __DEF_IF_HOST
      |                                                            ^~~~~~~~~~~~~
/usr/local/cuda/include/sm_32_intrinsics.h: In function 'uchar4 __ldcg(const uchar4*)':
/usr/local/cuda/include/sm_32_intrinsics.h:74:25: warning: no return statement in function returning non-void [-Wreturn-type]
   74 | #define __DEF_IF_HOST { }
      |                         ^
/usr/local/cuda/include/sm_32_intrinsics.h:144:60: note: in expansion of macro '__DEF_IF_HOST'
  144 | __SM_32_INTRINSICS_DECL__ uchar4 __ldcg(const uchar4 *ptr) __DEF_IF_HOST
      |                                                            ^~~~~~~~~~~~~
/usr/local/cuda/include/sm_32_intrinsics.h: In function 'ushort2 __ldcg(const ushort2*)':
/usr/local/cuda/include/sm_32_intrinsics.h:74:25: warning: no return statement in function returning non-void [-Wreturn-type]
   74 | #define __DEF_IF_HOST { }
      |                         ^
/usr/local/cuda/include/sm_32_intrinsics.h:145:62: note: in expansion of macro '__DEF_IF_HOST'
  145 | __SM_32_INTRINSICS_DECL__ ushort2 __ldcg(const ushort2 *ptr) __DEF_IF_HOST
      |                                                              ^~~~~~~~~~~~~
/usr/local/cuda/include/sm_32_intrinsics.h: In function 'ushort4 __ldcg(const ushort4*)':
/usr/local/cuda/include/sm_32_intrinsics.h:74:25: warning: no return statement in function returning non-void [-Wreturn-type]
   74 | #define __DEF_IF_HOST { }
      |                         ^
/usr/local/cuda/include/sm_32_intrinsics.h:146:62: note: in expansion of macro '__DEF_IF_HOST'
  146 | __SM_32_INTRINSICS_DECL__ ushort4 __ldcg(const ushort4 *ptr) __DEF_IF_HOST
      |                                                              ^~~~~~~~~~~~~
/usr/local/cuda/include/sm_32_intrinsics.h: In function 'uint2 __ldcg(const uint2*)':
/usr/local/cuda/include/sm_32_intrinsics.h:74:25: warning: no return statement in function returning non-void [-Wreturn-type]
   74 | #define __DEF_IF_HOST { }
      |                         ^
/usr/local/cuda/include/sm_32_intrinsics.h:147:58: note: in expansion of macro '__DEF_IF_HOST'
  147 | __SM_32_INTRINSICS_DECL__ uint2 __ldcg(const uint2 *ptr) __DEF_IF_HOST
      |                                                          ^~~~~~~~~~~~~
/usr/local/cuda/include/sm_32_intrinsics.h: In function 'uint4 __ldcg(const uint4*)':
/usr/local/cuda/include/sm_32_intrinsics.h:74:25: warning: no return statement in function returning non-void [-Wreturn-type]
   74 | #define __DEF_IF_HOST { }
      |                         ^
/usr/local/cuda/include/sm_32_intrinsics.h:148:58: note: in expansion of macro '__DEF_IF_HOST'
  148 | __SM_32_INTRINSICS_DECL__ uint4 __ldcg(const uint4 *ptr) __DEF_IF_HOST
      |                                                          ^~~~~~~~~~~~~
/usr/local/cuda/include/sm_32_intrinsics.h: In function 'ulonglong2 __ldcg(const ulonglong2*)':
/usr/local/cuda/include/sm_32_intrinsics.h:74:25: warning: no return statement in function returning non-void [-Wreturn-type]
   74 | #define __DEF_IF_HOST { }
      |                         ^
/usr/local/cuda/include/sm_32_intrinsics.h:149:68: note: in expansion of macro '__DEF_IF_HOST'
  149 | __SM_32_INTRINSICS_DECL__ ulonglong2 __ldcg(const ulonglong2 *ptr) __DEF_IF_HOST
      |                                                                    ^~~~~~~~~~~~~
/usr/local/cuda/include/sm_32_intrinsics.h: In function 'float __ldcg(const float*)':
/usr/local/cuda/include/sm_32_intrinsics.h:74:25: warning: no return statement in function returning non-void [-Wreturn-type]
   74 | #define __DEF_IF_HOST { }
      |                         ^
/usr/local/cuda/include/sm_32_intrinsics.h:151:58: note: in expansion of macro '__DEF_IF_HOST'
  151 | __SM_32_INTRINSICS_DECL__ float __ldcg(const float *ptr) __DEF_IF_HOST
      |                                                          ^~~~~~~~~~~~~
/usr/local/cuda/include/sm_32_intrinsics.h: In function 'double __ldcg(const double*)':
/usr/local/cuda/include/sm_32_intrinsics.h:74:25: warning: no return statement in function returning non-void [-Wreturn-type]
   74 | #define __DEF_IF_HOST { }
      |                         ^
/usr/local/cuda/include/sm_32_intrinsics.h:152:60: note: in expansion of macro '__DEF_IF_HOST'
  152 | __SM_32_INTRINSICS_DECL__ double __ldcg(const double *ptr) __DEF_IF_HOST
      |                                                            ^~~~~~~~~~~~~
/usr/local/cuda/include/sm_32_intrinsics.h: In function 'float2 __ldcg(const float2*)':
/usr/local/cuda/include/sm_32_intrinsics.h:74:25: warning: no return statement in function returning non-void [-Wreturn-type]
   74 | #define __DEF_IF_HOST { }
      |                         ^
/usr/local/cuda/include/sm_32_intrinsics.h:153:60: note: in expansion of macro '__DEF_IF_HOST'
  153 | __SM_32_INTRINSICS_DECL__ float2 __ldcg(const float2 *ptr) __DEF_IF_HOST
      |                                                            ^~~~~~~~~~~~~
/usr/local/cuda/include/sm_32_intrinsics.h: In function 'float4 __ldcg(const float4*)':
/usr/local/cuda/include/sm_32_intrinsics.h:74:25: warning: no return statement in function returning non-void [-Wreturn-type]
   74 | #define __DEF_IF_HOST { }
      |                         ^
/usr/local/cuda/include/sm_32_intrinsics.h:154:60: note: in expansion of macro '__DEF_IF_HOST'
  154 | __SM_32_INTRINSICS_DECL__ float4 __ldcg(const float4 *ptr) __DEF_IF_HOST
      |                                                            ^~~~~~~~~~~~~
/usr/local/cuda/include/sm_32_intrinsics.h: In function 'double2 __ldcg(const double2*)':
/usr/local/cuda/include/sm_32_intrinsics.h:74:25: warning: no return statement in function returning non-void [-Wreturn-type]
   74 | #define __DEF_IF_HOST { }
      |                         ^
/usr/local/cuda/include/sm_32_intrinsics.h:155:62: note: in expansion of macro '__DEF_IF_HOST'
  155 | __SM_32_INTRINSICS_DECL__ double2 __ldcg(const double2 *ptr) __DEF_IF_HOST
      |                                                              ^~~~~~~~~~~~~
/usr/local/cuda/include/sm_32_intrinsics.h: In function 'long int __ldca(const long int*)':
/usr/local/cuda/include/sm_32_intrinsics.h:74:25: warning: no return statement in function returning non-void [-Wreturn-type]
   74 | #define __DEF_IF_HOST { }
      |                         ^
/usr/local/cuda/include/sm_32_intrinsics.h:159:56: note: in expansion of macro '__DEF_IF_HOST'
  159 | __SM_32_INTRINSICS_DECL__ long __ldca(const long *ptr) __DEF_IF_HOST
      |                                                        ^~~~~~~~~~~~~
/usr/local/cuda/include/sm_32_intrinsics.h: In function 'long unsigned int __ldca(const long unsigned int*)':
/usr/local/cuda/include/sm_32_intrinsics.h:74:25: warning: no return statement in function returning non-void [-Wreturn-type]
   74 | #define __DEF_IF_HOST { }
      |                         ^
/usr/local/cuda/include/sm_32_intrinsics.h:160:74: note: in expansion of macro '__DEF_IF_HOST'
  160 | __SM_32_INTRINSICS_DECL__ unsigned long __ldca(const unsigned long *ptr) __DEF_IF_HOST
      |                                                                          ^~~~~~~~~~~~~
/usr/local/cuda/include/sm_32_intrinsics.h: In function 'char __ldca(const char*)':
/usr/local/cuda/include/sm_32_intrinsics.h:74:25: warning: no return statement in function returning non-void [-Wreturn-type]
   74 | #define __DEF_IF_HOST { }
      |                         ^
/usr/local/cuda/include/sm_32_intrinsics.h:162:56: note: in expansion of macro '__DEF_IF_HOST'
  162 | __SM_32_INTRINSICS_DECL__ char __ldca(const char *ptr) __DEF_IF_HOST
      |                                                        ^~~~~~~~~~~~~
/usr/local/cuda/include/sm_32_intrinsics.h: In function 'signed char __ldca(const signed char*)':
/usr/local/cuda/include/sm_32_intrinsics.h:74:25: warning: no return statement in function returning non-void [-Wreturn-type]
   74 | #define __DEF_IF_HOST { }
      |                         ^
/usr/local/cuda/include/sm_32_intrinsics.h:163:70: note: in expansion of macro '__DEF_IF_HOST'
  163 | __SM_32_INTRINSICS_DECL__ signed char __ldca(const signed char *ptr) __DEF_IF_HOST
      |                                                                      ^~~~~~~~~~~~~
/usr/local/cuda/include/sm_32_intrinsics.h: In function 'short int __ldca(const short int*)':
/usr/local/cuda/include/sm_32_intrinsics.h:74:25: warning: no return statement in function returning non-void [-Wreturn-type]
   74 | #define __DEF_IF_HOST { }
      |                         ^
/usr/local/cuda/include/sm_32_intrinsics.h:164:58: note: in expansion of macro '__DEF_IF_HOST'
  164 | __SM_32_INTRINSICS_DECL__ short __ldca(const short *ptr) __DEF_IF_HOST
      |                                                          ^~~~~~~~~~~~~
/usr/local/cuda/include/sm_32_intrinsics.h: In function 'int __ldca(const int*)':
/usr/local/cuda/include/sm_32_intrinsics.h:74:25: warning: no return statement in function returning non-void [-Wreturn-type]
   74 | #define __DEF_IF_HOST { }
      |                         ^
/usr/local/cuda/include/sm_32_intrinsics.h:165:54: note: in expansion of macro '__DEF_IF_HOST'
  165 | __SM_32_INTRINSICS_DECL__ int __ldca(const int *ptr) __DEF_IF_HOST
      |                                                      ^~~~~~~~~~~~~
/usr/local/cuda/include/sm_32_intrinsics.h: In function 'long long int __ldca(const long long int*)':
/usr/local/cuda/include/sm_32_intrinsics.h:74:25: warning: no return statement in function returning non-void [-Wreturn-type]
   74 | #define __DEF_IF_HOST { }
      |                         ^
/usr/local/cuda/include/sm_32_intrinsics.h:166:66: note: in expansion of macro '__DEF_IF_HOST'
  166 | __SM_32_INTRINSICS_DECL__ long long __ldca(const long long *ptr) __DEF_IF_HOST
      |                                                                  ^~~~~~~~~~~~~
/usr/local/cuda/include/sm_32_intrinsics.h: In function 'char2 __ldca(const char2*)':
/usr/local/cuda/include/sm_32_intrinsics.h:74:25: warning: no return statement in function returning non-void [-Wreturn-type]
   74 | #define __DEF_IF_HOST { }
      |                         ^
/usr/local/cuda/include/sm_32_intrinsics.h:167:58: note: in expansion of macro '__DEF_IF_HOST'
  167 | __SM_32_INTRINSICS_DECL__ char2 __ldca(const char2 *ptr) __DEF_IF_HOST
      |                                                          ^~~~~~~~~~~~~
/usr/local/cuda/include/sm_32_intrinsics.h: In function 'char4 __ldca(const char4*)':
/usr/local/cuda/include/sm_32_intrinsics.h:74:25: warning: no return statement in function returning non-void [-Wreturn-type]
   74 | #define __DEF_IF_HOST { }
      |                         ^
/usr/local/cuda/include/sm_32_intrinsics.h:168:58: note: in expansion of macro '__DEF_IF_HOST'
  168 | __SM_32_INTRINSICS_DECL__ char4 __ldca(const char4 *ptr) __DEF_IF_HOST
      |                                                          ^~~~~~~~~~~~~
/usr/local/cuda/include/sm_32_intrinsics.h: In function 'short2 __ldca(const short2*)':
/usr/local/cuda/include/sm_32_intrinsics.h:74:25: warning: no return statement in function returning non-void [-Wreturn-type]
   74 | #define __DEF_IF_HOST { }
      |                         ^
/usr/local/cuda/include/sm_32_intrinsics.h:169:60: note: in expansion of macro '__DEF_IF_HOST'
  169 | __SM_32_INTRINSICS_DECL__ short2 __ldca(const short2 *ptr) __DEF_IF_HOST
      |                                                            ^~~~~~~~~~~~~
/usr/local/cuda/include/sm_32_intrinsics.h: In function 'short4 __ldca(const short4*)':
/usr/local/cuda/include/sm_32_intrinsics.h:74:25: warning: no return statement in function returning non-void [-Wreturn-type]
   74 | #define __DEF_IF_HOST { }
      |                         ^
/usr/local/cuda/include/sm_32_intrinsics.h:170:60: note: in expansion of macro '__DEF_IF_HOST'
  170 | __SM_32_INTRINSICS_DECL__ short4 __ldca(const short4 *ptr) __DEF_IF_HOST
      |                                                            ^~~~~~~~~~~~~
/usr/local/cuda/include/sm_32_intrinsics.h: In function 'int2 __ldca(const int2*)':
/usr/local/cuda/include/sm_32_intrinsics.h:74:25: warning: no return statement in function returning non-void [-Wreturn-type]
   74 | #define __DEF_IF_HOST { }
      |                         ^
/usr/local/cuda/include/sm_32_intrinsics.h:171:56: note: in expansion of macro '__DEF_IF_HOST'
  171 | __SM_32_INTRINSICS_DECL__ int2 __ldca(const int2 *ptr) __DEF_IF_HOST
      |                                                        ^~~~~~~~~~~~~
/usr/local/cuda/include/sm_32_intrinsics.h: In function 'int4 __ldca(const int4*)':
/usr/local/cuda/include/sm_32_intrinsics.h:74:25: warning: no return statement in function returning non-void [-Wreturn-type]
   74 | #define __DEF_IF_HOST { }
      |                         ^
/usr/local/cuda/include/sm_32_intrinsics.h:172:56: note: in expansion of macro '__DEF_IF_HOST'
  172 | __SM_32_INTRINSICS_DECL__ int4 __ldca(const int4 *ptr) __DEF_IF_HOST
      |                                                        ^~~~~~~~~~~~~
/usr/local/cuda/include/sm_32_intrinsics.h: In function 'longlong2 __ldca(const longlong2*)':
/usr/local/cuda/include/sm_32_intrinsics.h:74:25: warning: no return statement in function returning non-void [-Wreturn-type]
   74 | #define __DEF_IF_HOST { }
      |                         ^
/usr/local/cuda/include/sm_32_intrinsics.h:173:66: note: in expansion of macro '__DEF_IF_HOST'
  173 | __SM_32_INTRINSICS_DECL__ longlong2 __ldca(const longlong2 *ptr) __DEF_IF_HOST
      |                                                                  ^~~~~~~~~~~~~
/usr/local/cuda/include/sm_32_intrinsics.h: In function 'unsigned char __ldca(const unsigned char*)':
/usr/local/cuda/include/sm_32_intrinsics.h:74:25: warning: no return statement in function returning non-void [-Wreturn-type]
   74 | #define __DEF_IF_HOST { }
      |                         ^
/usr/local/cuda/include/sm_32_intrinsics.h:175:74: note: in expansion of macro '__DEF_IF_HOST'
  175 | __SM_32_INTRINSICS_DECL__ unsigned char __ldca(const unsigned char *ptr) __DEF_IF_HOST
      |                                                                          ^~~~~~~~~~~~~
/usr/local/cuda/include/sm_32_intrinsics.h: In function 'short unsigned int __ldca(const short unsigned int*)':
/usr/local/cuda/include/sm_32_intrinsics.h:74:25: warning: no return statement in function returning non-void [-Wreturn-type]
   74 | #define __DEF_IF_HOST { }
      |                         ^
/usr/local/cuda/include/sm_32_intrinsics.h:176:76: note: in expansion of macro '__DEF_IF_HOST'
  176 | __SM_32_INTRINSICS_DECL__ unsigned short __ldca(const unsigned short *ptr) __DEF_IF_HOST
      |                                                                            ^~~~~~~~~~~~~
/usr/local/cuda/include/sm_32_intrinsics.h: In function 'unsigned int __ldca(const unsigned int*)':
/usr/local/cuda/include/sm_32_intrinsics.h:74:25: warning: no return statement in function returning non-void [-Wreturn-type]
   74 | #define __DEF_IF_HOST { }
      |                         ^
/usr/local/cuda/include/sm_32_intrinsics.h:177:72: note: in expansion of macro '__DEF_IF_HOST'
  177 | __SM_32_INTRINSICS_DECL__ unsigned int __ldca(const unsigned int *ptr) __DEF_IF_HOST
      |                                                                        ^~~~~~~~~~~~~
/usr/local/cuda/include/sm_32_intrinsics.h: In function 'long long unsigned int __ldca(const long long unsigned int*)':
/usr/local/cuda/include/sm_32_intrinsics.h:74:25: warning: no return statement in function returning non-void [-Wreturn-type]
   74 | #define __DEF_IF_HOST { }
      |                         ^
/usr/local/cuda/include/sm_32_intrinsics.h:178:84: note: in expansion of macro '__DEF_IF_HOST'
  178 | __SM_32_INTRINSICS_DECL__ unsigned long long __ldca(const unsigned long long *ptr) __DEF_IF_HOST
      |                                                                                    ^~~~~~~~~~~~~
/usr/local/cuda/include/sm_32_intrinsics.h: In function 'uchar2 __ldca(const uchar2*)':
/usr/local/cuda/include/sm_32_intrinsics.h:74:25: warning: no return statement in function returning non-void [-Wreturn-type]
   74 | #define __DEF_IF_HOST { }
      |                         ^
/usr/local/cuda/include/sm_32_intrinsics.h:179:60: note: in expansion of macro '__DEF_IF_HOST'
  179 | __SM_32_INTRINSICS_DECL__ uchar2 __ldca(const uchar2 *ptr) __DEF_IF_HOST
      |                                                            ^~~~~~~~~~~~~
/usr/local/cuda/include/sm_32_intrinsics.h: In function 'uchar4 __ldca(const uchar4*)':
/usr/local/cuda/include/sm_32_intrinsics.h:74:25: warning: no return statement in function returning non-void [-Wreturn-type]
   74 | #define __DEF_IF_HOST { }
      |                         ^
/usr/local/cuda/include/sm_32_intrinsics.h:180:60: note: in expansion of macro '__DEF_IF_HOST'
  180 | __SM_32_INTRINSICS_DECL__ uchar4 __ldca(const uchar4 *ptr) __DEF_IF_HOST
      |                                                            ^~~~~~~~~~~~~
/usr/local/cuda/include/sm_32_intrinsics.h: In function 'ushort2 __ldca(const ushort2*)':
/usr/local/cuda/include/sm_32_intrinsics.h:74:25: warning: no return statement in function returning non-void [-Wreturn-type]
   74 | #define __DEF_IF_HOST { }
      |                         ^
/usr/local/cuda/include/sm_32_intrinsics.h:181:62: note: in expansion of macro '__DEF_IF_HOST'
  181 | __SM_32_INTRINSICS_DECL__ ushort2 __ldca(const ushort2 *ptr) __DEF_IF_HOST
      |                                                              ^~~~~~~~~~~~~
/usr/local/cuda/include/sm_32_intrinsics.h: In function 'ushort4 __ldca(const ushort4*)':
/usr/local/cuda/include/sm_32_intrinsics.h:74:25: warning: no return statement in function returning non-void [-Wreturn-type]
   74 | #define __DEF_IF_HOST { }
      |                         ^
/usr/local/cuda/include/sm_32_intrinsics.h:182:62: note: in expansion of macro '__DEF_IF_HOST'
  182 | __SM_32_INTRINSICS_DECL__ ushort4 __ldca(const ushort4 *ptr) __DEF_IF_HOST
      |                                                              ^~~~~~~~~~~~~
/usr/local/cuda/include/sm_32_intrinsics.h: In function 'uint2 __ldca(const uint2*)':
/usr/local/cuda/include/sm_32_intrinsics.h:74:25: warning: no return statement in function returning non-void [-Wreturn-type]
   74 | #define __DEF_IF_HOST { }
      |                         ^
/usr/local/cuda/include/sm_32_intrinsics.h:183:58: note: in expansion of macro '__DEF_IF_HOST'
  183 | __SM_32_INTRINSICS_DECL__ uint2 __ldca(const uint2 *ptr) __DEF_IF_HOST
      |                                                          ^~~~~~~~~~~~~
/usr/local/cuda/include/sm_32_intrinsics.h: In function 'uint4 __ldca(const uint4*)':
/usr/local/cuda/include/sm_32_intrinsics.h:74:25: warning: no return statement in function returning non-void [-Wreturn-type]
   74 | #define __DEF_IF_HOST { }
      |                         ^
/usr/local/cuda/include/sm_32_intrinsics.h:184:58: note: in expansion of macro '__DEF_IF_HOST'
  184 | __SM_32_INTRINSICS_DECL__ uint4 __ldca(const uint4 *ptr) __DEF_IF_HOST
      |                                                          ^~~~~~~~~~~~~
/usr/local/cuda/include/sm_32_intrinsics.h: In function 'ulonglong2 __ldca(const ulonglong2*)':
/usr/local/cuda/include/sm_32_intrinsics.h:74:25: warning: no return statement in function returning non-void [-Wreturn-type]
   74 | #define __DEF_IF_HOST { }
      |                         ^
/usr/local/cuda/include/sm_32_intrinsics.h:185:68: note: in expansion of macro '__DEF_IF_HOST'
  185 | __SM_32_INTRINSICS_DECL__ ulonglong2 __ldca(const ulonglong2 *ptr) __DEF_IF_HOST
      |                                                                    ^~~~~~~~~~~~~
/usr/local/cuda/include/sm_32_intrinsics.h: In function 'float __ldca(const float*)':
/usr/local/cuda/include/sm_32_intrinsics.h:74:25: warning: no return statement in function returning non-void [-Wreturn-type]
   74 | #define __DEF_IF_HOST { }
      |                         ^
/usr/local/cuda/include/sm_32_intrinsics.h:187:58: note: in expansion of macro '__DEF_IF_HOST'
  187 | __SM_32_INTRINSICS_DECL__ float __ldca(const float *ptr) __DEF_IF_HOST
      |                                                          ^~~~~~~~~~~~~
/usr/local/cuda/include/sm_32_intrinsics.h: In function 'double __ldca(const double*)':
/usr/local/cuda/include/sm_32_intrinsics.h:74:25: warning: no return statement in function returning non-void [-Wreturn-type]
   74 | #define __DEF_IF_HOST { }
      |                         ^
/usr/local/cuda/include/sm_32_intrinsics.h:188:60: note: in expansion of macro '__DEF_IF_HOST'
  188 | __SM_32_INTRINSICS_DECL__ double __ldca(const double *ptr) __DEF_IF_HOST
      |                                                            ^~~~~~~~~~~~~
/usr/local/cuda/include/sm_32_intrinsics.h: In function 'float2 __ldca(const float2*)':
/usr/local/cuda/include/sm_32_intrinsics.h:74:25: warning: no return statement in function returning non-void [-Wreturn-type]
   74 | #define __DEF_IF_HOST { }
      |                         ^
/usr/local/cuda/include/sm_32_intrinsics.h:189:60: note: in expansion of macro '__DEF_IF_HOST'
  189 | __SM_32_INTRINSICS_DECL__ float2 __ldca(const float2 *ptr) __DEF_IF_HOST
      |                                                            ^~~~~~~~~~~~~
/usr/local/cuda/include/sm_32_intrinsics.h: In function 'float4 __ldca(const float4*)':
/usr/local/cuda/include/sm_32_intrinsics.h:74:25: warning: no return statement in function returning non-void [-Wreturn-type]
   74 | #define __DEF_IF_HOST { }
      |                         ^
/usr/local/cuda/include/sm_32_intrinsics.h:190:60: note: in expansion of macro '__DEF_IF_HOST'
  190 | __SM_32_INTRINSICS_DECL__ float4 __ldca(const float4 *ptr) __DEF_IF_HOST
      |                                                            ^~~~~~~~~~~~~
/usr/local/cuda/include/sm_32_intrinsics.h: In function 'double2 __ldca(const double2*)':
/usr/local/cuda/include/sm_32_intrinsics.h:74:25: warning: no return statement in function returning non-void [-Wreturn-type]
   74 | #define __DEF_IF_HOST { }
      |                         ^
/usr/local/cuda/include/sm_32_intrinsics.h:191:62: note: in expansion of macro '__DEF_IF_HOST'
  191 | __SM_32_INTRINSICS_DECL__ double2 __ldca(const double2 *ptr) __DEF_IF_HOST
      |                                                              ^~~~~~~~~~~~~
/usr/local/cuda/include/sm_32_intrinsics.h: In function 'long int __ldcs(const long int*)':
/usr/local/cuda/include/sm_32_intrinsics.h:74:25: warning: no return statement in function returning non-void [-Wreturn-type]
   74 | #define __DEF_IF_HOST { }
      |                         ^
/usr/local/cuda/include/sm_32_intrinsics.h:195:56: note: in expansion of macro '__DEF_IF_HOST'
  195 | __SM_32_INTRINSICS_DECL__ long __ldcs(const long *ptr) __DEF_IF_HOST
      |                                                        ^~~~~~~~~~~~~
/usr/local/cuda/include/sm_32_intrinsics.h: In function 'long unsigned int __ldcs(const long unsigned int*)':
/usr/local/cuda/include/sm_32_intrinsics.h:74:25: warning: no return statement in function returning non-void [-Wreturn-type]
   74 | #define __DEF_IF_HOST { }
      |                         ^
/usr/local/cuda/include/sm_32_intrinsics.h:196:74: note: in expansion of macro '__DEF_IF_HOST'
  196 | __SM_32_INTRINSICS_DECL__ unsigned long __ldcs(const unsigned long *ptr) __DEF_IF_HOST
      |                                                                          ^~~~~~~~~~~~~
/usr/local/cuda/include/sm_32_intrinsics.h: In function 'char __ldcs(const char*)':
/usr/local/cuda/include/sm_32_intrinsics.h:74:25: warning: no return statement in function returning non-void [-Wreturn-type]
   74 | #define __DEF_IF_HOST { }
      |                         ^
/usr/local/cuda/include/sm_32_intrinsics.h:198:56: note: in expansion of macro '__DEF_IF_HOST'
  198 | __SM_32_INTRINSICS_DECL__ char __ldcs(const char *ptr) __DEF_IF_HOST
      |                                                        ^~~~~~~~~~~~~
/usr/local/cuda/include/sm_32_intrinsics.h: In function 'signed char __ldcs(const signed char*)':
/usr/local/cuda/include/sm_32_intrinsics.h:74:25: warning: no return statement in function returning non-void [-Wreturn-type]
   74 | #define __DEF_IF_HOST { }
      |                         ^
/usr/local/cuda/include/sm_32_intrinsics.h:199:70: note: in expansion of macro '__DEF_IF_HOST'
  199 | __SM_32_INTRINSICS_DECL__ signed char __ldcs(const signed char *ptr) __DEF_IF_HOST
      |                                                                      ^~~~~~~~~~~~~
/usr/local/cuda/include/sm_32_intrinsics.h: In function 'short int __ldcs(const short int*)':
/usr/local/cuda/include/sm_32_intrinsics.h:74:25: warning: no return statement in function returning non-void [-Wreturn-type]
   74 | #define __DEF_IF_HOST { }
      |                         ^
/usr/local/cuda/include/sm_32_intrinsics.h:200:58: note: in expansion of macro '__DEF_IF_HOST'
  200 | __SM_32_INTRINSICS_DECL__ short __ldcs(const short *ptr) __DEF_IF_HOST
      |                                                          ^~~~~~~~~~~~~
/usr/local/cuda/include/sm_32_intrinsics.h: In function 'int __ldcs(const int*)':
/usr/local/cuda/include/sm_32_intrinsics.h:74:25: warning: no return statement in function returning non-void [-Wreturn-type]
   74 | #define __DEF_IF_HOST { }
      |                         ^
/usr/local/cuda/include/sm_32_intrinsics.h:201:54: note: in expansion of macro '__DEF_IF_HOST'
  201 | __SM_32_INTRINSICS_DECL__ int __ldcs(const int *ptr) __DEF_IF_HOST
      |                                                      ^~~~~~~~~~~~~
/usr/local/cuda/include/sm_32_intrinsics.h: In function 'long long int __ldcs(const long long int*)':
/usr/local/cuda/include/sm_32_intrinsics.h:74:25: warning: no return statement in function returning non-void [-Wreturn-type]
   74 | #define __DEF_IF_HOST { }
      |                         ^
/usr/local/cuda/include/sm_32_intrinsics.h:202:66: note: in expansion of macro '__DEF_IF_HOST'
  202 | __SM_32_INTRINSICS_DECL__ long long __ldcs(const long long *ptr) __DEF_IF_HOST
      |                                                                  ^~~~~~~~~~~~~
/usr/local/cuda/include/sm_32_intrinsics.h: In function 'char2 __ldcs(const char2*)':
/usr/local/cuda/include/sm_32_intrinsics.h:74:25: warning: no return statement in function returning non-void [-Wreturn-type]
   74 | #define __DEF_IF_HOST { }
      |                         ^
/usr/local/cuda/include/sm_32_intrinsics.h:203:58: note: in expansion of macro '__DEF_IF_HOST'
  203 | __SM_32_INTRINSICS_DECL__ char2 __ldcs(const char2 *ptr) __DEF_IF_HOST
      |                                                          ^~~~~~~~~~~~~
/usr/local/cuda/include/sm_32_intrinsics.h: In function 'char4 __ldcs(const char4*)':
/usr/local/cuda/include/sm_32_intrinsics.h:74:25: warning: no return statement in function returning non-void [-Wreturn-type]
   74 | #define __DEF_IF_HOST { }
      |                         ^
/usr/local/cuda/include/sm_32_intrinsics.h:204:58: note: in expansion of macro '__DEF_IF_HOST'
  204 | __SM_32_INTRINSICS_DECL__ char4 __ldcs(const char4 *ptr) __DEF_IF_HOST
      |                                                          ^~~~~~~~~~~~~
/usr/local/cuda/include/sm_32_intrinsics.h: In function 'short2 __ldcs(const short2*)':
/usr/local/cuda/include/sm_32_intrinsics.h:74:25: warning: no return statement in function returning non-void [-Wreturn-type]
   74 | #define __DEF_IF_HOST { }
      |                         ^
/usr/local/cuda/include/sm_32_intrinsics.h:205:60: note: in expansion of macro '__DEF_IF_HOST'
  205 | __SM_32_INTRINSICS_DECL__ short2 __ldcs(const short2 *ptr) __DEF_IF_HOST
      |                                                            ^~~~~~~~~~~~~
/usr/local/cuda/include/sm_32_intrinsics.h: In function 'short4 __ldcs(const short4*)':
/usr/local/cuda/include/sm_32_intrinsics.h:74:25: warning: no return statement in function returning non-void [-Wreturn-type]
   74 | #define __DEF_IF_HOST { }
      |                         ^
/usr/local/cuda/include/sm_32_intrinsics.h:206:60: note: in expansion of macro '__DEF_IF_HOST'
  206 | __SM_32_INTRINSICS_DECL__ short4 __ldcs(const short4 *ptr) __DEF_IF_HOST
      |                                                            ^~~~~~~~~~~~~
/usr/local/cuda/include/sm_32_intrinsics.h: In function 'int2 __ldcs(const int2*)':
/usr/local/cuda/include/sm_32_intrinsics.h:74:25: warning: no return statement in function returning non-void [-Wreturn-type]
   74 | #define __DEF_IF_HOST { }
      |                         ^
/usr/local/cuda/include/sm_32_intrinsics.h:207:56: note: in expansion of macro '__DEF_IF_HOST'
  207 | __SM_32_INTRINSICS_DECL__ int2 __ldcs(const int2 *ptr) __DEF_IF_HOST
      |                                                        ^~~~~~~~~~~~~
/usr/local/cuda/include/sm_32_intrinsics.h: In function 'int4 __ldcs(const int4*)':
/usr/local/cuda/include/sm_32_intrinsics.h:74:25: warning: no return statement in function returning non-void [-Wreturn-type]
   74 | #define __DEF_IF_HOST { }
      |                         ^
/usr/local/cuda/include/sm_32_intrinsics.h:208:56: note: in expansion of macro '__DEF_IF_HOST'
  208 | __SM_32_INTRINSICS_DECL__ int4 __ldcs(const int4 *ptr) __DEF_IF_HOST
      |                                                        ^~~~~~~~~~~~~
/usr/local/cuda/include/sm_32_intrinsics.h: In function 'longlong2 __ldcs(const longlong2*)':
/usr/local/cuda/include/sm_32_intrinsics.h:74:25: warning: no return statement in function returning non-void [-Wreturn-type]
   74 | #define __DEF_IF_HOST { }
      |                         ^
/usr/local/cuda/include/sm_32_intrinsics.h:209:66: note: in expansion of macro '__DEF_IF_HOST'
  209 | __SM_32_INTRINSICS_DECL__ longlong2 __ldcs(const longlong2 *ptr) __DEF_IF_HOST
      |                                                                  ^~~~~~~~~~~~~
/usr/local/cuda/include/sm_32_intrinsics.h: In function 'unsigned char __ldcs(const unsigned char*)':
/usr/local/cuda/include/sm_32_intrinsics.h:74:25: warning: no return statement in function returning non-void [-Wreturn-type]
   74 | #define __DEF_IF_HOST { }
      |                         ^
/usr/local/cuda/include/sm_32_intrinsics.h:211:74: note: in expansion of macro '__DEF_IF_HOST'
  211 | __SM_32_INTRINSICS_DECL__ unsigned char __ldcs(const unsigned char *ptr) __DEF_IF_HOST
      |                                                                          ^~~~~~~~~~~~~
/usr/local/cuda/include/sm_32_intrinsics.h: In function 'short unsigned int __ldcs(const short unsigned int*)':
/usr/local/cuda/include/sm_32_intrinsics.h:74:25: warning: no return statement in function returning non-void [-Wreturn-type]
   74 | #define __DEF_IF_HOST { }
      |                         ^
/usr/local/cuda/include/sm_32_intrinsics.h:212:76: note: in expansion of macro '__DEF_IF_HOST'
  212 | __SM_32_INTRINSICS_DECL__ unsigned short __ldcs(const unsigned short *ptr) __DEF_IF_HOST
      |                                                                            ^~~~~~~~~~~~~
/usr/local/cuda/include/sm_32_intrinsics.h: In function 'unsigned int __ldcs(const unsigned int*)':
/usr/local/cuda/include/sm_32_intrinsics.h:74:25: warning: no return statement in function returning non-void [-Wreturn-type]
   74 | #define __DEF_IF_HOST { }
      |                         ^
/usr/local/cuda/include/sm_32_intrinsics.h:213:72: note: in expansion of macro '__DEF_IF_HOST'
  213 | __SM_32_INTRINSICS_DECL__ unsigned int __ldcs(const unsigned int *ptr) __DEF_IF_HOST
      |                                                                        ^~~~~~~~~~~~~
/usr/local/cuda/include/sm_32_intrinsics.h: In function 'long long unsigned int __ldcs(const long long unsigned int*)':
/usr/local/cuda/include/sm_32_intrinsics.h:74:25: warning: no return statement in function returning non-void [-Wreturn-type]
   74 | #define __DEF_IF_HOST { }
      |                         ^
/usr/local/cuda/include/sm_32_intrinsics.h:214:84: note: in expansion of macro '__DEF_IF_HOST'
  214 | __SM_32_INTRINSICS_DECL__ unsigned long long __ldcs(const unsigned long long *ptr) __DEF_IF_HOST
      |                                                                                    ^~~~~~~~~~~~~
/usr/local/cuda/include/sm_32_intrinsics.h: In function 'uchar2 __ldcs(const uchar2*)':
/usr/local/cuda/include/sm_32_intrinsics.h:74:25: warning: no return statement in function returning non-void [-Wreturn-type]
   74 | #define __DEF_IF_HOST { }
      |                         ^
/usr/local/cuda/include/sm_32_intrinsics.h:215:60: note: in expansion of macro '__DEF_IF_HOST'
  215 | __SM_32_INTRINSICS_DECL__ uchar2 __ldcs(const uchar2 *ptr) __DEF_IF_HOST
      |                                                            ^~~~~~~~~~~~~
/usr/local/cuda/include/sm_32_intrinsics.h: In function 'uchar4 __ldcs(const uchar4*)':
/usr/local/cuda/include/sm_32_intrinsics.h:74:25: warning: no return statement in function returning non-void [-Wreturn-type]
   74 | #define __DEF_IF_HOST { }
      |                         ^
/usr/local/cuda/include/sm_32_intrinsics.h:216:60: note: in expansion of macro '__DEF_IF_HOST'
  216 | __SM_32_INTRINSICS_DECL__ uchar4 __ldcs(const uchar4 *ptr) __DEF_IF_HOST
      |                                                            ^~~~~~~~~~~~~
/usr/local/cuda/include/sm_32_intrinsics.h: In function 'ushort2 __ldcs(const ushort2*)':
/usr/local/cuda/include/sm_32_intrinsics.h:74:25: warning: no return statement in function returning non-void [-Wreturn-type]
   74 | #define __DEF_IF_HOST { }
      |                         ^
/usr/local/cuda/include/sm_32_intrinsics.h:217:62: note: in expansion of macro '__DEF_IF_HOST'
  217 | __SM_32_INTRINSICS_DECL__ ushort2 __ldcs(const ushort2 *ptr) __DEF_IF_HOST
      |                                                              ^~~~~~~~~~~~~
/usr/local/cuda/include/sm_32_intrinsics.h: In function 'ushort4 __ldcs(const ushort4*)':
/usr/local/cuda/include/sm_32_intrinsics.h:74:25: warning: no return statement in function returning non-void [-Wreturn-type]
   74 | #define __DEF_IF_HOST { }
      |                         ^
/usr/local/cuda/include/sm_32_intrinsics.h:218:62: note: in expansion of macro '__DEF_IF_HOST'
  218 | __SM_32_INTRINSICS_DECL__ ushort4 __ldcs(const ushort4 *ptr) __DEF_IF_HOST
      |                                                              ^~~~~~~~~~~~~
/usr/local/cuda/include/sm_32_intrinsics.h: In function 'uint2 __ldcs(const uint2*)':
/usr/local/cuda/include/sm_32_intrinsics.h:74:25: warning: no return statement in function returning non-void [-Wreturn-type]
   74 | #define __DEF_IF_HOST { }
      |                         ^
/usr/local/cuda/include/sm_32_intrinsics.h:219:58: note: in expansion of macro '__DEF_IF_HOST'
  219 | __SM_32_INTRINSICS_DECL__ uint2 __ldcs(const uint2 *ptr) __DEF_IF_HOST
      |                                                          ^~~~~~~~~~~~~
/usr/local/cuda/include/sm_32_intrinsics.h: In function 'uint4 __ldcs(const uint4*)':
/usr/local/cuda/include/sm_32_intrinsics.h:74:25: warning: no return statement in function returning non-void [-Wreturn-type]
   74 | #define __DEF_IF_HOST { }
      |                         ^
/usr/local/cuda/include/sm_32_intrinsics.h:220:58: note: in expansion of macro '__DEF_IF_HOST'
  220 | __SM_32_INTRINSICS_DECL__ uint4 __ldcs(const uint4 *ptr) __DEF_IF_HOST
      |                                                          ^~~~~~~~~~~~~
/usr/local/cuda/include/sm_32_intrinsics.h: In function 'ulonglong2 __ldcs(const ulonglong2*)':
/usr/local/cuda/include/sm_32_intrinsics.h:74:25: warning: no return statement in function returning non-void [-Wreturn-type]
   74 | #define __DEF_IF_HOST { }
      |                         ^
/usr/local/cuda/include/sm_32_intrinsics.h:221:68: note: in expansion of macro '__DEF_IF_HOST'
  221 | __SM_32_INTRINSICS_DECL__ ulonglong2 __ldcs(const ulonglong2 *ptr) __DEF_IF_HOST
      |                                                                    ^~~~~~~~~~~~~
/usr/local/cuda/include/sm_32_intrinsics.h: In function 'float __ldcs(const float*)':
/usr/local/cuda/include/sm_32_intrinsics.h:74:25: warning: no return statement in function returning non-void [-Wreturn-type]
   74 | #define __DEF_IF_HOST { }
      |                         ^
/usr/local/cuda/include/sm_32_intrinsics.h:223:58: note: in expansion of macro '__DEF_IF_HOST'
  223 | __SM_32_INTRINSICS_DECL__ float __ldcs(const float *ptr) __DEF_IF_HOST
      |                                                          ^~~~~~~~~~~~~
/usr/local/cuda/include/sm_32_intrinsics.h: In function 'double __ldcs(const double*)':
/usr/local/cuda/include/sm_32_intrinsics.h:74:25: warning: no return statement in function returning non-void [-Wreturn-type]
   74 | #define __DEF_IF_HOST { }
      |                         ^
/usr/local/cuda/include/sm_32_intrinsics.h:224:60: note: in expansion of macro '__DEF_IF_HOST'
  224 | __SM_32_INTRINSICS_DECL__ double __ldcs(const double *ptr) __DEF_IF_HOST
      |                                                            ^~~~~~~~~~~~~
/usr/local/cuda/include/sm_32_intrinsics.h: In function 'float2 __ldcs(const float2*)':
/usr/local/cuda/include/sm_32_intrinsics.h:74:25: warning: no return statement in function returning non-void [-Wreturn-type]
   74 | #define __DEF_IF_HOST { }
      |                         ^
/usr/local/cuda/include/sm_32_intrinsics.h:225:60: note: in expansion of macro '__DEF_IF_HOST'
  225 | __SM_32_INTRINSICS_DECL__ float2 __ldcs(const float2 *ptr) __DEF_IF_HOST
      |                                                            ^~~~~~~~~~~~~
/usr/local/cuda/include/sm_32_intrinsics.h: In function 'float4 __ldcs(const float4*)':
/usr/local/cuda/include/sm_32_intrinsics.h:74:25: warning: no return statement in function returning non-void [-Wreturn-type]
   74 | #define __DEF_IF_HOST { }
      |                         ^
/usr/local/cuda/include/sm_32_intrinsics.h:226:60: note: in expansion of macro '__DEF_IF_HOST'
  226 | __SM_32_INTRINSICS_DECL__ float4 __ldcs(const float4 *ptr) __DEF_IF_HOST
      |                                                            ^~~~~~~~~~~~~
/usr/local/cuda/include/sm_32_intrinsics.h: In function 'double2 __ldcs(const double2*)':
/usr/local/cuda/include/sm_32_intrinsics.h:74:25: warning: no return statement in function returning non-void [-Wreturn-type]
   74 | #define __DEF_IF_HOST { }
      |                         ^
/usr/local/cuda/include/sm_32_intrinsics.h:227:62: note: in expansion of macro '__DEF_IF_HOST'
  227 | __SM_32_INTRINSICS_DECL__ double2 __ldcs(const double2 *ptr) __DEF_IF_HOST
      |                                                              ^~~~~~~~~~~~~
/usr/local/cuda/include/sm_32_intrinsics.h: In function 'long int __ldlu(const long int*)':
/usr/local/cuda/include/sm_32_intrinsics.h:74:25: warning: no return statement in function returning non-void [-Wreturn-type]
   74 | #define __DEF_IF_HOST { }
      |                         ^
/usr/local/cuda/include/sm_32_intrinsics.h:231:56: note: in expansion of macro '__DEF_IF_HOST'
  231 | __SM_32_INTRINSICS_DECL__ long __ldlu(const long *ptr) __DEF_IF_HOST
      |                                                        ^~~~~~~~~~~~~
/usr/local/cuda/include/sm_32_intrinsics.h: In function 'long unsigned int __ldlu(const long unsigned int*)':
/usr/local/cuda/include/sm_32_intrinsics.h:74:25: warning: no return statement in function returning non-void [-Wreturn-type]
   74 | #define __DEF_IF_HOST { }
      |                         ^
/usr/local/cuda/include/sm_32_intrinsics.h:232:74: note: in expansion of macro '__DEF_IF_HOST'
  232 | __SM_32_INTRINSICS_DECL__ unsigned long __ldlu(const unsigned long *ptr) __DEF_IF_HOST
      |                                                                          ^~~~~~~~~~~~~
/usr/local/cuda/include/sm_32_intrinsics.h: In function 'char __ldlu(const char*)':
/usr/local/cuda/include/sm_32_intrinsics.h:74:25: warning: no return statement in function returning non-void [-Wreturn-type]
   74 | #define __DEF_IF_HOST { }
      |                         ^
/usr/local/cuda/include/sm_32_intrinsics.h:234:56: note: in expansion of macro '__DEF_IF_HOST'
  234 | __SM_32_INTRINSICS_DECL__ char __ldlu(const char *ptr) __DEF_IF_HOST
      |                                                        ^~~~~~~~~~~~~
/usr/local/cuda/include/sm_32_intrinsics.h: In function 'signed char __ldlu(const signed char*)':
/usr/local/cuda/include/sm_32_intrinsics.h:74:25: warning: no return statement in function returning non-void [-Wreturn-type]
   74 | #define __DEF_IF_HOST { }
      |                         ^
/usr/local/cuda/include/sm_32_intrinsics.h:235:70: note: in expansion of macro '__DEF_IF_HOST'
  235 | __SM_32_INTRINSICS_DECL__ signed char __ldlu(const signed char *ptr) __DEF_IF_HOST
      |                                                                      ^~~~~~~~~~~~~
/usr/local/cuda/include/sm_32_intrinsics.h: In function 'short int __ldlu(const short int*)':
/usr/local/cuda/include/sm_32_intrinsics.h:74:25: warning: no return statement in function returning non-void [-Wreturn-type]
   74 | #define __DEF_IF_HOST { }
      |                         ^
/usr/local/cuda/include/sm_32_intrinsics.h:236:58: note: in expansion of macro '__DEF_IF_HOST'
  236 | __SM_32_INTRINSICS_DECL__ short __ldlu(const short *ptr) __DEF_IF_HOST
      |                                                          ^~~~~~~~~~~~~
/usr/local/cuda/include/sm_32_intrinsics.h: In function 'int __ldlu(const int*)':
/usr/local/cuda/include/sm_32_intrinsics.h:74:25: warning: no return statement in function returning non-void [-Wreturn-type]
   74 | #define __DEF_IF_HOST { }
      |                         ^
/usr/local/cuda/include/sm_32_intrinsics.h:237:54: note: in expansion of macro '__DEF_IF_HOST'
  237 | __SM_32_INTRINSICS_DECL__ int __ldlu(const int *ptr) __DEF_IF_HOST
      |                                                      ^~~~~~~~~~~~~
/usr/local/cuda/include/sm_32_intrinsics.h: In function 'long long int __ldlu(const long long int*)':
/usr/local/cuda/include/sm_32_intrinsics.h:74:25: warning: no return statement in function returning non-void [-Wreturn-type]
   74 | #define __DEF_IF_HOST { }
      |                         ^
/usr/local/cuda/include/sm_32_intrinsics.h:238:66: note: in expansion of macro '__DEF_IF_HOST'
  238 | __SM_32_INTRINSICS_DECL__ long long __ldlu(const long long *ptr) __DEF_IF_HOST
      |                                                                  ^~~~~~~~~~~~~
/usr/local/cuda/include/sm_32_intrinsics.h: In function 'char2 __ldlu(const char2*)':
/usr/local/cuda/include/sm_32_intrinsics.h:74:25: warning: no return statement in function returning non-void [-Wreturn-type]
   74 | #define __DEF_IF_HOST { }
      |                         ^
/usr/local/cuda/include/sm_32_intrinsics.h:239:58: note: in expansion of macro '__DEF_IF_HOST'
  239 | __SM_32_INTRINSICS_DECL__ char2 __ldlu(const char2 *ptr) __DEF_IF_HOST
      |                                                          ^~~~~~~~~~~~~
/usr/local/cuda/include/sm_32_intrinsics.h: In function 'char4 __ldlu(const char4*)':
/usr/local/cuda/include/sm_32_intrinsics.h:74:25: warning: no return statement in function returning non-void [-Wreturn-type]
   74 | #define __DEF_IF_HOST { }
      |                         ^
/usr/local/cuda/include/sm_32_intrinsics.h:240:58: note: in expansion of macro '__DEF_IF_HOST'
  240 | __SM_32_INTRINSICS_DECL__ char4 __ldlu(const char4 *ptr) __DEF_IF_HOST
      |                                                          ^~~~~~~~~~~~~
/usr/local/cuda/include/sm_32_intrinsics.h: In function 'short2 __ldlu(const short2*)':
/usr/local/cuda/include/sm_32_intrinsics.h:74:25: warning: no return statement in function returning non-void [-Wreturn-type]
   74 | #define __DEF_IF_HOST { }
      |                         ^
/usr/local/cuda/include/sm_32_intrinsics.h:241:60: note: in expansion of macro '__DEF_IF_HOST'
  241 | __SM_32_INTRINSICS_DECL__ short2 __ldlu(const short2 *ptr) __DEF_IF_HOST
      |                                                            ^~~~~~~~~~~~~
/usr/local/cuda/include/sm_32_intrinsics.h: In function 'short4 __ldlu(const short4*)':
/usr/local/cuda/include/sm_32_intrinsics.h:74:25: warning: no return statement in function returning non-void [-Wreturn-type]
   74 | #define __DEF_IF_HOST { }
      |                         ^
/usr/local/cuda/include/sm_32_intrinsics.h:242:60: note: in expansion of macro '__DEF_IF_HOST'
  242 | __SM_32_INTRINSICS_DECL__ short4 __ldlu(const short4 *ptr) __DEF_IF_HOST
      |                                                            ^~~~~~~~~~~~~
/usr/local/cuda/include/sm_32_intrinsics.h: In function 'int2 __ldlu(const int2*)':
/usr/local/cuda/include/sm_32_intrinsics.h:74:25: warning: no return statement in function returning non-void [-Wreturn-type]
   74 | #define __DEF_IF_HOST { }
      |                         ^
/usr/local/cuda/include/sm_32_intrinsics.h:243:56: note: in expansion of macro '__DEF_IF_HOST'
  243 | __SM_32_INTRINSICS_DECL__ int2 __ldlu(const int2 *ptr) __DEF_IF_HOST
      |                                                        ^~~~~~~~~~~~~
/usr/local/cuda/include/sm_32_intrinsics.h: In function 'int4 __ldlu(const int4*)':
/usr/local/cuda/include/sm_32_intrinsics.h:74:25: warning: no return statement in function returning non-void [-Wreturn-type]
   74 | #define __DEF_IF_HOST { }
      |                         ^
/usr/local/cuda/include/sm_32_intrinsics.h:244:56: note: in expansion of macro '__DEF_IF_HOST'
  244 | __SM_32_INTRINSICS_DECL__ int4 __ldlu(const int4 *ptr) __DEF_IF_HOST
      |                                                        ^~~~~~~~~~~~~
/usr/local/cuda/include/sm_32_intrinsics.h: In function 'longlong2 __ldlu(const longlong2*)':
/usr/local/cuda/include/sm_32_intrinsics.h:74:25: warning: no return statement in function returning non-void [-Wreturn-type]
   74 | #define __DEF_IF_HOST { }
      |                         ^
/usr/local/cuda/include/sm_32_intrinsics.h:245:66: note: in expansion of macro '__DEF_IF_HOST'
  245 | __SM_32_INTRINSICS_DECL__ longlong2 __ldlu(const longlong2 *ptr) __DEF_IF_HOST
      |                                                                  ^~~~~~~~~~~~~
/usr/local/cuda/include/sm_32_intrinsics.h: In function 'unsigned char __ldlu(const unsigned char*)':
/usr/local/cuda/include/sm_32_intrinsics.h:74:25: warning: no return statement in function returning non-void [-Wreturn-type]
   74 | #define __DEF_IF_HOST { }
      |                         ^
/usr/local/cuda/include/sm_32_intrinsics.h:247:74: note: in expansion of macro '__DEF_IF_HOST'
  247 | __SM_32_INTRINSICS_DECL__ unsigned char __ldlu(const unsigned char *ptr) __DEF_IF_HOST
      |                                                                          ^~~~~~~~~~~~~
/usr/local/cuda/include/sm_32_intrinsics.h: In function 'short unsigned int __ldlu(const short unsigned int*)':
/usr/local/cuda/include/sm_32_intrinsics.h:74:25: warning: no return statement in function returning non-void [-Wreturn-type]
   74 | #define __DEF_IF_HOST { }
      |                         ^
/usr/local/cuda/include/sm_32_intrinsics.h:248:76: note: in expansion of macro '__DEF_IF_HOST'
  248 | __SM_32_INTRINSICS_DECL__ unsigned short __ldlu(const unsigned short *ptr) __DEF_IF_HOST
      |                                                                            ^~~~~~~~~~~~~
/usr/local/cuda/include/sm_32_intrinsics.h: In function 'unsigned int __ldlu(const unsigned int*)':
/usr/local/cuda/include/sm_32_intrinsics.h:74:25: warning: no return statement in function returning non-void [-Wreturn-type]
   74 | #define __DEF_IF_HOST { }
      |                         ^
/usr/local/cuda/include/sm_32_intrinsics.h:249:72: note: in expansion of macro '__DEF_IF_HOST'
  249 | __SM_32_INTRINSICS_DECL__ unsigned int __ldlu(const unsigned int *ptr) __DEF_IF_HOST
      |                                                                        ^~~~~~~~~~~~~
/usr/local/cuda/include/sm_32_intrinsics.h: In function 'long long unsigned int __ldlu(const long long unsigned int*)':
/usr/local/cuda/include/sm_32_intrinsics.h:74:25: warning: no return statement in function returning non-void [-Wreturn-type]
   74 | #define __DEF_IF_HOST { }
      |                         ^
/usr/local/cuda/include/sm_32_intrinsics.h:250:84: note: in expansion of macro '__DEF_IF_HOST'
  250 | __SM_32_INTRINSICS_DECL__ unsigned long long __ldlu(const unsigned long long *ptr) __DEF_IF_HOST
      |                                                                                    ^~~~~~~~~~~~~
/usr/local/cuda/include/sm_32_intrinsics.h: In function 'uchar2 __ldlu(const uchar2*)':
/usr/local/cuda/include/sm_32_intrinsics.h:74:25: warning: no return statement in function returning non-void [-Wreturn-type]
   74 | #define __DEF_IF_HOST { }
      |                         ^
/usr/local/cuda/include/sm_32_intrinsics.h:251:60: note: in expansion of macro '__DEF_IF_HOST'
  251 | __SM_32_INTRINSICS_DECL__ uchar2 __ldlu(const uchar2 *ptr) __DEF_IF_HOST
      |                                                            ^~~~~~~~~~~~~
/usr/local/cuda/include/sm_32_intrinsics.h: In function 'uchar4 __ldlu(const uchar4*)':
/usr/local/cuda/include/sm_32_intrinsics.h:74:25: warning: no return statement in function returning non-void [-Wreturn-type]
   74 | #define __DEF_IF_HOST { }
      |                         ^
/usr/local/cuda/include/sm_32_intrinsics.h:252:60: note: in expansion of macro '__DEF_IF_HOST'
  252 | __SM_32_INTRINSICS_DECL__ uchar4 __ldlu(const uchar4 *ptr) __DEF_IF_HOST
      |                                                            ^~~~~~~~~~~~~
/usr/local/cuda/include/sm_32_intrinsics.h: In function 'ushort2 __ldlu(const ushort2*)':
/usr/local/cuda/include/sm_32_intrinsics.h:74:25: warning: no return statement in function returning non-void [-Wreturn-type]
   74 | #define __DEF_IF_HOST { }
      |                         ^
/usr/local/cuda/include/sm_32_intrinsics.h:253:62: note: in expansion of macro '__DEF_IF_HOST'
  253 | __SM_32_INTRINSICS_DECL__ ushort2 __ldlu(const ushort2 *ptr) __DEF_IF_HOST
      |                                                              ^~~~~~~~~~~~~
/usr/local/cuda/include/sm_32_intrinsics.h: In function 'ushort4 __ldlu(const ushort4*)':
/usr/local/cuda/include/sm_32_intrinsics.h:74:25: warning: no return statement in function returning non-void [-Wreturn-type]
   74 | #define __DEF_IF_HOST { }
      |                         ^
/usr/local/cuda/include/sm_32_intrinsics.h:254:62: note: in expansion of macro '__DEF_IF_HOST'
  254 | __SM_32_INTRINSICS_DECL__ ushort4 __ldlu(const ushort4 *ptr) __DEF_IF_HOST
      |                                                              ^~~~~~~~~~~~~
/usr/local/cuda/include/sm_32_intrinsics.h: In function 'uint2 __ldlu(const uint2*)':
/usr/local/cuda/include/sm_32_intrinsics.h:74:25: warning: no return statement in function returning non-void [-Wreturn-type]
   74 | #define __DEF_IF_HOST { }
      |                         ^
/usr/local/cuda/include/sm_32_intrinsics.h:255:58: note: in expansion of macro '__DEF_IF_HOST'
  255 | __SM_32_INTRINSICS_DECL__ uint2 __ldlu(const uint2 *ptr) __DEF_IF_HOST
      |                                                          ^~~~~~~~~~~~~
/usr/local/cuda/include/sm_32_intrinsics.h: In function 'uint4 __ldlu(const uint4*)':
/usr/local/cuda/include/sm_32_intrinsics.h:74:25: warning: no return statement in function returning non-void [-Wreturn-type]
   74 | #define __DEF_IF_HOST { }
      |                         ^
/usr/local/cuda/include/sm_32_intrinsics.h:256:58: note: in expansion of macro '__DEF_IF_HOST'
  256 | __SM_32_INTRINSICS_DECL__ uint4 __ldlu(const uint4 *ptr) __DEF_IF_HOST
      |                                                          ^~~~~~~~~~~~~
/usr/local/cuda/include/sm_32_intrinsics.h: In function 'ulonglong2 __ldlu(const ulonglong2*)':
/usr/local/cuda/include/sm_32_intrinsics.h:74:25: warning: no return statement in function returning non-void [-Wreturn-type]
   74 | #define __DEF_IF_HOST { }
      |                         ^
/usr/local/cuda/include/sm_32_intrinsics.h:257:68: note: in expansion of macro '__DEF_IF_HOST'
  257 | __SM_32_INTRINSICS_DECL__ ulonglong2 __ldlu(const ulonglong2 *ptr) __DEF_IF_HOST
      |                                                                    ^~~~~~~~~~~~~
/usr/local/cuda/include/sm_32_intrinsics.h: In function 'float __ldlu(const float*)':
/usr/local/cuda/include/sm_32_intrinsics.h:74:25: warning: no return statement in function returning non-void [-Wreturn-type]
   74 | #define __DEF_IF_HOST { }
      |                         ^
/usr/local/cuda/include/sm_32_intrinsics.h:259:58: note: in expansion of macro '__DEF_IF_HOST'
  259 | __SM_32_INTRINSICS_DECL__ float __ldlu(const float *ptr) __DEF_IF_HOST
      |                                                          ^~~~~~~~~~~~~
/usr/local/cuda/include/sm_32_intrinsics.h: In function 'double __ldlu(const double*)':
/usr/local/cuda/include/sm_32_intrinsics.h:74:25: warning: no return statement in function returning non-void [-Wreturn-type]
   74 | #define __DEF_IF_HOST { }
      |                         ^
/usr/local/cuda/include/sm_32_intrinsics.h:260:60: note: in expansion of macro '__DEF_IF_HOST'
  260 | __SM_32_INTRINSICS_DECL__ double __ldlu(const double *ptr) __DEF_IF_HOST
      |                                                            ^~~~~~~~~~~~~
/usr/local/cuda/include/sm_32_intrinsics.h: In function 'float2 __ldlu(const float2*)':
/usr/local/cuda/include/sm_32_intrinsics.h:74:25: warning: no return statement in function returning non-void [-Wreturn-type]
   74 | #define __DEF_IF_HOST { }
      |                         ^
/usr/local/cuda/include/sm_32_intrinsics.h:261:60: note: in expansion of macro '__DEF_IF_HOST'
  261 | __SM_32_INTRINSICS_DECL__ float2 __ldlu(const float2 *ptr) __DEF_IF_HOST
      |                                                            ^~~~~~~~~~~~~
/usr/local/cuda/include/sm_32_intrinsics.h: In function 'float4 __ldlu(const float4*)':
/usr/local/cuda/include/sm_32_intrinsics.h:74:25: warning: no return statement in function returning non-void [-Wreturn-type]
   74 | #define __DEF_IF_HOST { }
      |                         ^
/usr/local/cuda/include/sm_32_intrinsics.h:262:60: note: in expansion of macro '__DEF_IF_HOST'
  262 | __SM_32_INTRINSICS_DECL__ float4 __ldlu(const float4 *ptr) __DEF_IF_HOST
      |                                                            ^~~~~~~~~~~~~
/usr/local/cuda/include/sm_32_intrinsics.h: In function 'double2 __ldlu(const double2*)':
/usr/local/cuda/include/sm_32_intrinsics.h:74:25: warning: no return statement in function returning non-void [-Wreturn-type]
   74 | #define __DEF_IF_HOST { }
      |                         ^
/usr/local/cuda/include/sm_32_intrinsics.h:263:62: note: in expansion of macro '__DEF_IF_HOST'
  263 | __SM_32_INTRINSICS_DECL__ double2 __ldlu(const double2 *ptr) __DEF_IF_HOST
      |                                                              ^~~~~~~~~~~~~
/usr/local/cuda/include/sm_32_intrinsics.h: In function 'long int __ldcv(const long int*)':
/usr/local/cuda/include/sm_32_intrinsics.h:74:25: warning: no return statement in function returning non-void [-Wreturn-type]
   74 | #define __DEF_IF_HOST { }
      |                         ^
/usr/local/cuda/include/sm_32_intrinsics.h:267:56: note: in expansion of macro '__DEF_IF_HOST'
  267 | __SM_32_INTRINSICS_DECL__ long __ldcv(const long *ptr) __DEF_IF_HOST
      |                                                        ^~~~~~~~~~~~~
/usr/local/cuda/include/sm_32_intrinsics.h: In function 'long unsigned int __ldcv(const long unsigned int*)':
/usr/local/cuda/include/sm_32_intrinsics.h:74:25: warning: no return statement in function returning non-void [-Wreturn-type]
   74 | #define __DEF_IF_HOST { }
      |                         ^
/usr/local/cuda/include/sm_32_intrinsics.h:268:74: note: in expansion of macro '__DEF_IF_HOST'
  268 | __SM_32_INTRINSICS_DECL__ unsigned long __ldcv(const unsigned long *ptr) __DEF_IF_HOST
      |                                                                          ^~~~~~~~~~~~~
/usr/local/cuda/include/sm_32_intrinsics.h: In function 'char __ldcv(const char*)':
/usr/local/cuda/include/sm_32_intrinsics.h:74:25: warning: no return statement in function returning non-void [-Wreturn-type]
   74 | #define __DEF_IF_HOST { }
      |                         ^
/usr/local/cuda/include/sm_32_intrinsics.h:270:56: note: in expansion of macro '__DEF_IF_HOST'
  270 | __SM_32_INTRINSICS_DECL__ char __ldcv(const char *ptr) __DEF_IF_HOST
      |                                                        ^~~~~~~~~~~~~
/usr/local/cuda/include/sm_32_intrinsics.h: In function 'signed char __ldcv(const signed char*)':
/usr/local/cuda/include/sm_32_intrinsics.h:74:25: warning: no return statement in function returning non-void [-Wreturn-type]
   74 | #define __DEF_IF_HOST { }
      |                         ^
/usr/local/cuda/include/sm_32_intrinsics.h:271:70: note: in expansion of macro '__DEF_IF_HOST'
  271 | __SM_32_INTRINSICS_DECL__ signed char __ldcv(const signed char *ptr) __DEF_IF_HOST
      |                                                                      ^~~~~~~~~~~~~
/usr/local/cuda/include/sm_32_intrinsics.h: In function 'short int __ldcv(const short int*)':
/usr/local/cuda/include/sm_32_intrinsics.h:74:25: warning: no return statement in function returning non-void [-Wreturn-type]
   74 | #define __DEF_IF_HOST { }
      |                         ^
/usr/local/cuda/include/sm_32_intrinsics.h:272:58: note: in expansion of macro '__DEF_IF_HOST'
  272 | __SM_32_INTRINSICS_DECL__ short __ldcv(const short *ptr) __DEF_IF_HOST
      |                                                          ^~~~~~~~~~~~~
/usr/local/cuda/include/sm_32_intrinsics.h: In function 'int __ldcv(const int*)':
/usr/local/cuda/include/sm_32_intrinsics.h:74:25: warning: no return statement in function returning non-void [-Wreturn-type]
   74 | #define __DEF_IF_HOST { }
      |                         ^
/usr/local/cuda/include/sm_32_intrinsics.h:273:54: note: in expansion of macro '__DEF_IF_HOST'
  273 | __SM_32_INTRINSICS_DECL__ int __ldcv(const int *ptr) __DEF_IF_HOST
      |                                                      ^~~~~~~~~~~~~
/usr/local/cuda/include/sm_32_intrinsics.h: In function 'long long int __ldcv(const long long int*)':
/usr/local/cuda/include/sm_32_intrinsics.h:74:25: warning: no return statement in function returning non-void [-Wreturn-type]
   74 | #define __DEF_IF_HOST { }
      |                         ^
/usr/local/cuda/include/sm_32_intrinsics.h:274:66: note: in expansion of macro '__DEF_IF_HOST'
  274 | __SM_32_INTRINSICS_DECL__ long long __ldcv(const long long *ptr) __DEF_IF_HOST
      |                                                                  ^~~~~~~~~~~~~
/usr/local/cuda/include/sm_32_intrinsics.h: In function 'char2 __ldcv(const char2*)':
/usr/local/cuda/include/sm_32_intrinsics.h:74:25: warning: no return statement in function returning non-void [-Wreturn-type]
   74 | #define __DEF_IF_HOST { }
      |                         ^
/usr/local/cuda/include/sm_32_intrinsics.h:275:58: note: in expansion of macro '__DEF_IF_HOST'
  275 | __SM_32_INTRINSICS_DECL__ char2 __ldcv(const char2 *ptr) __DEF_IF_HOST
      |                                                          ^~~~~~~~~~~~~
/usr/local/cuda/include/sm_32_intrinsics.h: In function 'char4 __ldcv(const char4*)':
/usr/local/cuda/include/sm_32_intrinsics.h:74:25: warning: no return statement in function returning non-void [-Wreturn-type]
   74 | #define __DEF_IF_HOST { }
      |                         ^
/usr/local/cuda/include/sm_32_intrinsics.h:276:58: note: in expansion of macro '__DEF_IF_HOST'
  276 | __SM_32_INTRINSICS_DECL__ char4 __ldcv(const char4 *ptr) __DEF_IF_HOST
      |                                                          ^~~~~~~~~~~~~
/usr/local/cuda/include/sm_32_intrinsics.h: In function 'short2 __ldcv(const short2*)':
/usr/local/cuda/include/sm_32_intrinsics.h:74:25: warning: no return statement in function returning non-void [-Wreturn-type]
   74 | #define __DEF_IF_HOST { }
      |                         ^
/usr/local/cuda/include/sm_32_intrinsics.h:277:60: note: in expansion of macro '__DEF_IF_HOST'
  277 | __SM_32_INTRINSICS_DECL__ short2 __ldcv(const short2 *ptr) __DEF_IF_HOST
      |                                                            ^~~~~~~~~~~~~
/usr/local/cuda/include/sm_32_intrinsics.h: In function 'short4 __ldcv(const short4*)':
/usr/local/cuda/include/sm_32_intrinsics.h:74:25: warning: no return statement in function returning non-void [-Wreturn-type]
   74 | #define __DEF_IF_HOST { }
      |                         ^
/usr/local/cuda/include/sm_32_intrinsics.h:278:60: note: in expansion of macro '__DEF_IF_HOST'
  278 | __SM_32_INTRINSICS_DECL__ short4 __ldcv(const short4 *ptr) __DEF_IF_HOST
      |                                                            ^~~~~~~~~~~~~
/usr/local/cuda/include/sm_32_intrinsics.h: In function 'int2 __ldcv(const int2*)':
/usr/local/cuda/include/sm_32_intrinsics.h:74:25: warning: no return statement in function returning non-void [-Wreturn-type]
   74 | #define __DEF_IF_HOST { }
      |                         ^
/usr/local/cuda/include/sm_32_intrinsics.h:279:56: note: in expansion of macro '__DEF_IF_HOST'
  279 | __SM_32_INTRINSICS_DECL__ int2 __ldcv(const int2 *ptr) __DEF_IF_HOST
      |                                                        ^~~~~~~~~~~~~
/usr/local/cuda/include/sm_32_intrinsics.h: In function 'int4 __ldcv(const int4*)':
/usr/local/cuda/include/sm_32_intrinsics.h:74:25: warning: no return statement in function returning non-void [-Wreturn-type]
   74 | #define __DEF_IF_HOST { }
      |                         ^
/usr/local/cuda/include/sm_32_intrinsics.h:280:56: note: in expansion of macro '__DEF_IF_HOST'
  280 | __SM_32_INTRINSICS_DECL__ int4 __ldcv(const int4 *ptr) __DEF_IF_HOST
      |                                                        ^~~~~~~~~~~~~
/usr/local/cuda/include/sm_32_intrinsics.h: In function 'longlong2 __ldcv(const longlong2*)':
/usr/local/cuda/include/sm_32_intrinsics.h:74:25: warning: no return statement in function returning non-void [-Wreturn-type]
   74 | #define __DEF_IF_HOST { }
      |                         ^
/usr/local/cuda/include/sm_32_intrinsics.h:281:66: note: in expansion of macro '__DEF_IF_HOST'
  281 | __SM_32_INTRINSICS_DECL__ longlong2 __ldcv(const longlong2 *ptr) __DEF_IF_HOST
      |                                                                  ^~~~~~~~~~~~~
/usr/local/cuda/include/sm_32_intrinsics.h: In function 'unsigned char __ldcv(const unsigned char*)':
/usr/local/cuda/include/sm_32_intrinsics.h:74:25: warning: no return statement in function returning non-void [-Wreturn-type]
   74 | #define __DEF_IF_HOST { }
      |                         ^
/usr/local/cuda/include/sm_32_intrinsics.h:283:74: note: in expansion of macro '__DEF_IF_HOST'
  283 | __SM_32_INTRINSICS_DECL__ unsigned char __ldcv(const unsigned char *ptr) __DEF_IF_HOST
      |                                                                          ^~~~~~~~~~~~~
/usr/local/cuda/include/sm_32_intrinsics.h: In function 'short unsigned int __ldcv(const short unsigned int*)':
/usr/local/cuda/include/sm_32_intrinsics.h:74:25: warning: no return statement in function returning non-void [-Wreturn-type]
   74 | #define __DEF_IF_HOST { }
      |                         ^
/usr/local/cuda/include/sm_32_intrinsics.h:284:76: note: in expansion of macro '__DEF_IF_HOST'
  284 | __SM_32_INTRINSICS_DECL__ unsigned short __ldcv(const unsigned short *ptr) __DEF_IF_HOST
      |                                                                            ^~~~~~~~~~~~~
/usr/local/cuda/include/sm_32_intrinsics.h: In function 'unsigned int __ldcv(const unsigned int*)':
/usr/local/cuda/include/sm_32_intrinsics.h:74:25: warning: no return statement in function returning non-void [-Wreturn-type]
   74 | #define __DEF_IF_HOST { }
      |                         ^
/usr/local/cuda/include/sm_32_intrinsics.h:285:72: note: in expansion of macro '__DEF_IF_HOST'
  285 | __SM_32_INTRINSICS_DECL__ unsigned int __ldcv(const unsigned int *ptr) __DEF_IF_HOST
      |                                                                        ^~~~~~~~~~~~~
/usr/local/cuda/include/sm_32_intrinsics.h: In function 'long long unsigned int __ldcv(const long long unsigned int*)':
/usr/local/cuda/include/sm_32_intrinsics.h:74:25: warning: no return statement in function returning non-void [-Wreturn-type]
   74 | #define __DEF_IF_HOST { }
      |                         ^
/usr/local/cuda/include/sm_32_intrinsics.h:286:84: note: in expansion of macro '__DEF_IF_HOST'
  286 | __SM_32_INTRINSICS_DECL__ unsigned long long __ldcv(const unsigned long long *ptr) __DEF_IF_HOST
      |                                                                                    ^~~~~~~~~~~~~
/usr/local/cuda/include/sm_32_intrinsics.h: In function 'uchar2 __ldcv(const uchar2*)':
/usr/local/cuda/include/sm_32_intrinsics.h:74:25: warning: no return statement in function returning non-void [-Wreturn-type]
   74 | #define __DEF_IF_HOST { }
      |                         ^
/usr/local/cuda/include/sm_32_intrinsics.h:287:60: note: in expansion of macro '__DEF_IF_HOST'
  287 | __SM_32_INTRINSICS_DECL__ uchar2 __ldcv(const uchar2 *ptr) __DEF_IF_HOST
      |                                                            ^~~~~~~~~~~~~
/usr/local/cuda/include/sm_32_intrinsics.h: In function 'uchar4 __ldcv(const uchar4*)':
/usr/local/cuda/include/sm_32_intrinsics.h:74:25: warning: no return statement in function returning non-void [-Wreturn-type]
   74 | #define __DEF_IF_HOST { }
      |                         ^
/usr/local/cuda/include/sm_32_intrinsics.h:288:60: note: in expansion of macro '__DEF_IF_HOST'
  288 | __SM_32_INTRINSICS_DECL__ uchar4 __ldcv(const uchar4 *ptr) __DEF_IF_HOST
      |                                                            ^~~~~~~~~~~~~
/usr/local/cuda/include/sm_32_intrinsics.h: In function 'ushort2 __ldcv(const ushort2*)':
/usr/local/cuda/include/sm_32_intrinsics.h:74:25: warning: no return statement in function returning non-void [-Wreturn-type]
   74 | #define __DEF_IF_HOST { }
      |                         ^
/usr/local/cuda/include/sm_32_intrinsics.h:289:62: note: in expansion of macro '__DEF_IF_HOST'
  289 | __SM_32_INTRINSICS_DECL__ ushort2 __ldcv(const ushort2 *ptr) __DEF_IF_HOST
      |                                                              ^~~~~~~~~~~~~
/usr/local/cuda/include/sm_32_intrinsics.h: In function 'ushort4 __ldcv(const ushort4*)':
/usr/local/cuda/include/sm_32_intrinsics.h:74:25: warning: no return statement in function returning non-void [-Wreturn-type]
   74 | #define __DEF_IF_HOST { }
      |                         ^
/usr/local/cuda/include/sm_32_intrinsics.h:290:62: note: in expansion of macro '__DEF_IF_HOST'
  290 | __SM_32_INTRINSICS_DECL__ ushort4 __ldcv(const ushort4 *ptr) __DEF_IF_HOST
      |                                                              ^~~~~~~~~~~~~
/usr/local/cuda/include/sm_32_intrinsics.h: In function 'uint2 __ldcv(const uint2*)':
/usr/local/cuda/include/sm_32_intrinsics.h:74:25: warning: no return statement in function returning non-void [-Wreturn-type]
   74 | #define __DEF_IF_HOST { }
      |                         ^
/usr/local/cuda/include/sm_32_intrinsics.h:291:58: note: in expansion of macro '__DEF_IF_HOST'
  291 | __SM_32_INTRINSICS_DECL__ uint2 __ldcv(const uint2 *ptr) __DEF_IF_HOST
      |                                                          ^~~~~~~~~~~~~
/usr/local/cuda/include/sm_32_intrinsics.h: In function 'uint4 __ldcv(const uint4*)':
/usr/local/cuda/include/sm_32_intrinsics.h:74:25: warning: no return statement in function returning non-void [-Wreturn-type]
   74 | #define __DEF_IF_HOST { }
      |                         ^
/usr/local/cuda/include/sm_32_intrinsics.h:292:58: note: in expansion of macro '__DEF_IF_HOST'
  292 | __SM_32_INTRINSICS_DECL__ uint4 __ldcv(const uint4 *ptr) __DEF_IF_HOST
      |                                                          ^~~~~~~~~~~~~
/usr/local/cuda/include/sm_32_intrinsics.h: In function 'ulonglong2 __ldcv(const ulonglong2*)':
/usr/local/cuda/include/sm_32_intrinsics.h:74:25: warning: no return statement in function returning non-void [-Wreturn-type]
   74 | #define __DEF_IF_HOST { }
      |                         ^
/usr/local/cuda/include/sm_32_intrinsics.h:293:68: note: in expansion of macro '__DEF_IF_HOST'
  293 | __SM_32_INTRINSICS_DECL__ ulonglong2 __ldcv(const ulonglong2 *ptr) __DEF_IF_HOST
      |                                                                    ^~~~~~~~~~~~~
/usr/local/cuda/include/sm_32_intrinsics.h: In function 'float __ldcv(const float*)':
/usr/local/cuda/include/sm_32_intrinsics.h:74:25: warning: no return statement in function returning non-void [-Wreturn-type]
   74 | #define __DEF_IF_HOST { }
      |                         ^
/usr/local/cuda/include/sm_32_intrinsics.h:295:58: note: in expansion of macro '__DEF_IF_HOST'
  295 | __SM_32_INTRINSICS_DECL__ float __ldcv(const float *ptr) __DEF_IF_HOST
      |                                                          ^~~~~~~~~~~~~
/usr/local/cuda/include/sm_32_intrinsics.h: In function 'double __ldcv(const double*)':
/usr/local/cuda/include/sm_32_intrinsics.h:74:25: warning: no return statement in function returning non-void [-Wreturn-type]
   74 | #define __DEF_IF_HOST { }
      |                         ^
/usr/local/cuda/include/sm_32_intrinsics.h:296:60: note: in expansion of macro '__DEF_IF_HOST'
  296 | __SM_32_INTRINSICS_DECL__ double __ldcv(const double *ptr) __DEF_IF_HOST
      |                                                            ^~~~~~~~~~~~~
/usr/local/cuda/include/sm_32_intrinsics.h: In function 'float2 __ldcv(const float2*)':
/usr/local/cuda/include/sm_32_intrinsics.h:74:25: warning: no return statement in function returning non-void [-Wreturn-type]
   74 | #define __DEF_IF_HOST { }
      |                         ^
/usr/local/cuda/include/sm_32_intrinsics.h:297:60: note: in expansion of macro '__DEF_IF_HOST'
  297 | __SM_32_INTRINSICS_DECL__ float2 __ldcv(const float2 *ptr) __DEF_IF_HOST
      |                                                            ^~~~~~~~~~~~~
/usr/local/cuda/include/sm_32_intrinsics.h: In function 'float4 __ldcv(const float4*)':
/usr/local/cuda/include/sm_32_intrinsics.h:74:25: warning: no return statement in function returning non-void [-Wreturn-type]
   74 | #define __DEF_IF_HOST { }
      |                         ^
/usr/local/cuda/include/sm_32_intrinsics.h:298:60: note: in expansion of macro '__DEF_IF_HOST'
  298 | __SM_32_INTRINSICS_DECL__ float4 __ldcv(const float4 *ptr) __DEF_IF_HOST
      |                                                            ^~~~~~~~~~~~~
/usr/local/cuda/include/sm_32_intrinsics.h: In function 'double2 __ldcv(const double2*)':
/usr/local/cuda/include/sm_32_intrinsics.h:74:25: warning: no return statement in function returning non-void [-Wreturn-type]
   74 | #define __DEF_IF_HOST { }
      |                         ^
/usr/local/cuda/include/sm_32_intrinsics.h:299:62: note: in expansion of macro '__DEF_IF_HOST'
  299 | __SM_32_INTRINSICS_DECL__ double2 __ldcv(const double2 *ptr) __DEF_IF_HOST
      |                                                              ^~~~~~~~~~~~~
/usr/local/cuda/include/sm_32_intrinsics.h: In function 'unsigned int __funnelshift_l(unsigned int, unsigned int, unsigned int)':
/usr/local/cuda/include/sm_32_intrinsics.h:74:25: warning: no return statement in function returning non-void [-Wreturn-type]
   74 | #define __DEF_IF_HOST { }
      |                         ^
/usr/local/cuda/include/sm_32_intrinsics.h:460:110: note: in expansion of macro '__DEF_IF_HOST'
  460 | __SM_32_INTRINSICS_DECL__ unsigned int __funnelshift_l(unsigned int lo, unsigned int hi, unsigned int shift) __DEF_IF_HOST
      |                                                                                                              ^~~~~~~~~~~~~
/usr/local/cuda/include/sm_32_intrinsics.h: In function 'unsigned int __funnelshift_lc(unsigned int, unsigned int, unsigned int)':
/usr/local/cuda/include/sm_32_intrinsics.h:74:25: warning: no return statement in function returning non-void [-Wreturn-type]
   74 | #define __DEF_IF_HOST { }
      |                         ^
/usr/local/cuda/include/sm_32_intrinsics.h:472:111: note: in expansion of macro '__DEF_IF_HOST'
  472 | __SM_32_INTRINSICS_DECL__ unsigned int __funnelshift_lc(unsigned int lo, unsigned int hi, unsigned int shift) __DEF_IF_HOST
      |                                                                                                               ^~~~~~~~~~~~~
/usr/local/cuda/include/sm_32_intrinsics.h: In function 'unsigned int __funnelshift_r(unsigned int, unsigned int, unsigned int)':
/usr/local/cuda/include/sm_32_intrinsics.h:74:25: warning: no return statement in function returning non-void [-Wreturn-type]
   74 | #define __DEF_IF_HOST { }
      |                         ^
/usr/local/cuda/include/sm_32_intrinsics.h:485:110: note: in expansion of macro '__DEF_IF_HOST'
  485 | __SM_32_INTRINSICS_DECL__ unsigned int __funnelshift_r(unsigned int lo, unsigned int hi, unsigned int shift) __DEF_IF_HOST
      |                                                                                                              ^~~~~~~~~~~~~
/usr/local/cuda/include/sm_32_intrinsics.h: In function 'unsigned int __funnelshift_rc(unsigned int, unsigned int, unsigned int)':
/usr/local/cuda/include/sm_32_intrinsics.h:74:25: warning: no return statement in function returning non-void [-Wreturn-type]
   74 | #define __DEF_IF_HOST { }
      |                         ^
/usr/local/cuda/include/sm_32_intrinsics.h:497:111: note: in expansion of macro '__DEF_IF_HOST'
  497 | __SM_32_INTRINSICS_DECL__ unsigned int __funnelshift_rc(unsigned int lo, unsigned int hi, unsigned int shift) __DEF_IF_HOST
      |                                                                                                               ^~~~~~~~~~~~~
In file included from /usr/local/cuda/include/crt/device_functions.h:3625,
                 from /home/GVirtuS/GVirtuS/plugins/cudart/backend/CudaRtHandler.h:71,
                 from /home/GVirtuS/GVirtuS/plugins/cudart/backend/CudaRtHandler_texture.cpp:26:
/usr/local/cuda/include/sm_61_intrinsics.h: In function 'int __dp2a_lo(int, int, int)':
/usr/local/cuda/include/sm_61_intrinsics.h:72:25: warning: no return statement in function returning non-void [-Wreturn-type]
   72 | #define __DEF_IF_HOST { }
      |                         ^
/usr/local/cuda/include/sm_61_intrinsics.h:99:68: note: in expansion of macro '__DEF_IF_HOST'
   99 | __SM_61_INTRINSICS_DECL__ int __dp2a_lo(int srcA, int srcB, int c) __DEF_IF_HOST
      |                                                                    ^~~~~~~~~~~~~
/usr/local/cuda/include/sm_61_intrinsics.h: In function 'unsigned int __dp2a_lo(unsigned int, unsigned int, unsigned int)':
/usr/local/cuda/include/sm_61_intrinsics.h:72:25: warning: no return statement in function returning non-void [-Wreturn-type]
   72 | #define __DEF_IF_HOST { }
      |                         ^
/usr/local/cuda/include/sm_61_intrinsics.h:110:104: note: in expansion of macro '__DEF_IF_HOST'
  110 | __SM_61_INTRINSICS_DECL__ unsigned int __dp2a_lo(unsigned int srcA, unsigned int srcB, unsigned int c) __DEF_IF_HOST
      |                                                                                                        ^~~~~~~~~~~~~
/usr/local/cuda/include/sm_61_intrinsics.h: In function 'int __dp2a_lo(short2, char4, int)':
/usr/local/cuda/include/sm_61_intrinsics.h:72:25: warning: no return statement in function returning non-void [-Wreturn-type]
   72 | #define __DEF_IF_HOST { }
      |                         ^
/usr/local/cuda/include/sm_61_intrinsics.h:122:73: note: in expansion of macro '__DEF_IF_HOST'
  122 | __SM_61_INTRINSICS_DECL__ int __dp2a_lo(short2 srcA, char4 srcB, int c) __DEF_IF_HOST
      |                                                                         ^~~~~~~~~~~~~
/usr/local/cuda/include/sm_61_intrinsics.h: In function 'unsigned int __dp2a_lo(ushort2, uchar4, unsigned int)':
/usr/local/cuda/include/sm_61_intrinsics.h:72:25: warning: no return statement in function returning non-void [-Wreturn-type]
   72 | #define __DEF_IF_HOST { }
      |                         ^
/usr/local/cuda/include/sm_61_intrinsics.h:133:93: note: in expansion of macro '__DEF_IF_HOST'
  133 | __SM_61_INTRINSICS_DECL__ unsigned int __dp2a_lo(ushort2 srcA, uchar4 srcB, unsigned int c) __DEF_IF_HOST
      |                                                                                             ^~~~~~~~~~~~~
/usr/local/cuda/include/sm_61_intrinsics.h: In function 'int __dp2a_hi(int, int, int)':
/usr/local/cuda/include/sm_61_intrinsics.h:72:25: warning: no return statement in function returning non-void [-Wreturn-type]
   72 | #define __DEF_IF_HOST { }
      |                         ^
/usr/local/cuda/include/sm_61_intrinsics.h:145:68: note: in expansion of macro '__DEF_IF_HOST'
  145 | __SM_61_INTRINSICS_DECL__ int __dp2a_hi(int srcA, int srcB, int c) __DEF_IF_HOST
      |                                                                    ^~~~~~~~~~~~~
/usr/local/cuda/include/sm_61_intrinsics.h: In function 'unsigned int __dp2a_hi(unsigned int, unsigned int, unsigned int)':
/usr/local/cuda/include/sm_61_intrinsics.h:72:25: warning: no return statement in function returning non-void [-Wreturn-type]
   72 | #define __DEF_IF_HOST { }
      |                         ^
/usr/local/cuda/include/sm_61_intrinsics.h:156:104: note: in expansion of macro '__DEF_IF_HOST'
  156 | __SM_61_INTRINSICS_DECL__ unsigned int __dp2a_hi(unsigned int srcA, unsigned int srcB, unsigned int c) __DEF_IF_HOST
      |                                                                                                        ^~~~~~~~~~~~~
/usr/local/cuda/include/sm_61_intrinsics.h: In function 'int __dp2a_hi(short2, char4, int)':
/usr/local/cuda/include/sm_61_intrinsics.h:72:25: warning: no return statement in function returning non-void [-Wreturn-type]
   72 | #define __DEF_IF_HOST { }
      |                         ^
/usr/local/cuda/include/sm_61_intrinsics.h:168:73: note: in expansion of macro '__DEF_IF_HOST'
  168 | __SM_61_INTRINSICS_DECL__ int __dp2a_hi(short2 srcA, char4 srcB, int c) __DEF_IF_HOST
      |                                                                         ^~~~~~~~~~~~~
/usr/local/cuda/include/sm_61_intrinsics.h: In function 'unsigned int __dp2a_hi(ushort2, uchar4, unsigned int)':
/usr/local/cuda/include/sm_61_intrinsics.h:72:25: warning: no return statement in function returning non-void [-Wreturn-type]
   72 | #define __DEF_IF_HOST { }
      |                         ^
/usr/local/cuda/include/sm_61_intrinsics.h:179:93: note: in expansion of macro '__DEF_IF_HOST'
  179 | __SM_61_INTRINSICS_DECL__ unsigned int __dp2a_hi(ushort2 srcA, uchar4 srcB, unsigned int c) __DEF_IF_HOST
      |                                                                                             ^~~~~~~~~~~~~
/usr/local/cuda/include/sm_61_intrinsics.h: In function 'int __dp4a(int, int, int)':
/usr/local/cuda/include/sm_61_intrinsics.h:72:25: warning: no return statement in function returning non-void [-Wreturn-type]
   72 | #define __DEF_IF_HOST { }
      |                         ^
/usr/local/cuda/include/sm_61_intrinsics.h:194:65: note: in expansion of macro '__DEF_IF_HOST'
  194 | __SM_61_INTRINSICS_DECL__ int __dp4a(int srcA, int srcB, int c) __DEF_IF_HOST
      |                                                                 ^~~~~~~~~~~~~
/usr/local/cuda/include/sm_61_intrinsics.h: In function 'unsigned int __dp4a(unsigned int, unsigned int, unsigned int)':
/usr/local/cuda/include/sm_61_intrinsics.h:72:25: warning: no return statement in function returning non-void [-Wreturn-type]
   72 | #define __DEF_IF_HOST { }
      |                         ^
/usr/local/cuda/include/sm_61_intrinsics.h:203:101: note: in expansion of macro '__DEF_IF_HOST'
  203 | __SM_61_INTRINSICS_DECL__ unsigned int __dp4a(unsigned int srcA, unsigned int srcB, unsigned int c) __DEF_IF_HOST
      |                                                                                                     ^~~~~~~~~~~~~
/usr/local/cuda/include/sm_61_intrinsics.h: In function 'int __dp4a(char4, char4, int)':
/usr/local/cuda/include/sm_61_intrinsics.h:72:25: warning: no return statement in function returning non-void [-Wreturn-type]
   72 | #define __DEF_IF_HOST { }
      |                         ^
/usr/local/cuda/include/sm_61_intrinsics.h:213:69: note: in expansion of macro '__DEF_IF_HOST'
  213 | __SM_61_INTRINSICS_DECL__ int __dp4a(char4 srcA, char4 srcB, int c) __DEF_IF_HOST
      |                                                                     ^~~~~~~~~~~~~
/usr/local/cuda/include/sm_61_intrinsics.h: In function 'unsigned int __dp4a(uchar4, uchar4, unsigned int)':
/usr/local/cuda/include/sm_61_intrinsics.h:72:25: warning: no return statement in function returning non-void [-Wreturn-type]
   72 | #define __DEF_IF_HOST { }
      |                         ^
/usr/local/cuda/include/sm_61_intrinsics.h:222:89: note: in expansion of macro '__DEF_IF_HOST'
  222 | __SM_61_INTRINSICS_DECL__ unsigned int __dp4a(uchar4 srcA, uchar4 srcB, unsigned int c) __DEF_IF_HOST
      |                                                                                         ^~~~~~~~~~~~~
In file included from /usr/local/cuda/include/crt/device_functions.h:3626,
                 from /home/GVirtuS/GVirtuS/plugins/cudart/backend/CudaRtHandler.h:71,
                 from /home/GVirtuS/GVirtuS/plugins/cudart/backend/CudaRtHandler_texture.cpp:26:
/usr/local/cuda/include/crt/sm_70_rt.h: In function 'unsigned int __match_any_sync(unsigned int, unsigned int)':
/usr/local/cuda/include/crt/sm_70_rt.h:84:25: warning: no return statement in function returning non-void [-Wreturn-type]
   84 | #define __DEF_IF_HOST { }
      |                         ^
/usr/local/cuda/include/crt/sm_70_rt.h:93:80: note: in expansion of macro '__DEF_IF_HOST'
   93 | __SM_70_RT_DECL__ unsigned int __match_any_sync(unsigned mask, unsigned value) __DEF_IF_HOST
      |                                                                                ^~~~~~~~~~~~~
/usr/local/cuda/include/crt/sm_70_rt.h: In function 'unsigned int __match_any_sync(unsigned int, int)':
/usr/local/cuda/include/crt/sm_70_rt.h:84:25: warning: no return statement in function returning non-void [-Wreturn-type]
   84 | #define __DEF_IF_HOST { }
      |                         ^
/usr/local/cuda/include/crt/sm_70_rt.h:94:75: note: in expansion of macro '__DEF_IF_HOST'
   94 | __SM_70_RT_DECL__ unsigned int __match_any_sync(unsigned mask, int value) __DEF_IF_HOST
      |                                                                           ^~~~~~~~~~~~~
/usr/local/cuda/include/crt/sm_70_rt.h: In function 'unsigned int __match_any_sync(unsigned int, long unsigned int)':
/usr/local/cuda/include/crt/sm_70_rt.h:84:25: warning: no return statement in function returning non-void [-Wreturn-type]
   84 | #define __DEF_IF_HOST { }
      |                         ^
/usr/local/cuda/include/crt/sm_70_rt.h:95:85: note: in expansion of macro '__DEF_IF_HOST'
   95 | __SM_70_RT_DECL__ unsigned int __match_any_sync(unsigned mask, unsigned long value) __DEF_IF_HOST
      |                                                                                     ^~~~~~~~~~~~~
/usr/local/cuda/include/crt/sm_70_rt.h: In function 'unsigned int __match_any_sync(unsigned int, long int)':
/usr/local/cuda/include/crt/sm_70_rt.h:84:25: warning: no return statement in function returning non-void [-Wreturn-type]
   84 | #define __DEF_IF_HOST { }
      |                         ^
/usr/local/cuda/include/crt/sm_70_rt.h:96:76: note: in expansion of macro '__DEF_IF_HOST'
   96 | __SM_70_RT_DECL__ unsigned int __match_any_sync(unsigned mask, long value) __DEF_IF_HOST
      |                                                                            ^~~~~~~~~~~~~
/usr/local/cuda/include/crt/sm_70_rt.h: In function 'unsigned int __match_any_sync(unsigned int, long long unsigned int)':
/usr/local/cuda/include/crt/sm_70_rt.h:84:25: warning: no return statement in function returning non-void [-Wreturn-type]
   84 | #define __DEF_IF_HOST { }
      |                         ^
/usr/local/cuda/include/crt/sm_70_rt.h:97:90: note: in expansion of macro '__DEF_IF_HOST'
   97 | __SM_70_RT_DECL__ unsigned int __match_any_sync(unsigned mask, unsigned long long value) __DEF_IF_HOST
      |                                                                                          ^~~~~~~~~~~~~
/usr/local/cuda/include/crt/sm_70_rt.h: In function 'unsigned int __match_any_sync(unsigned int, long long int)':
/usr/local/cuda/include/crt/sm_70_rt.h:84:25: warning: no return statement in function returning non-void [-Wreturn-type]
   84 | #define __DEF_IF_HOST { }
      |                         ^
/usr/local/cuda/include/crt/sm_70_rt.h:98:81: note: in expansion of macro '__DEF_IF_HOST'
   98 | __SM_70_RT_DECL__ unsigned int __match_any_sync(unsigned mask, long long value) __DEF_IF_HOST
      |                                                                                 ^~~~~~~~~~~~~
/usr/local/cuda/include/crt/sm_70_rt.h: In function 'unsigned int __match_any_sync(unsigned int, float)':
/usr/local/cuda/include/crt/sm_70_rt.h:84:25: warning: no return statement in function returning non-void [-Wreturn-type]
   84 | #define __DEF_IF_HOST { }
      |                         ^
/usr/local/cuda/include/crt/sm_70_rt.h:99:77: note: in expansion of macro '__DEF_IF_HOST'
   99 | __SM_70_RT_DECL__ unsigned int __match_any_sync(unsigned mask, float value) __DEF_IF_HOST
      |                                                                             ^~~~~~~~~~~~~
/usr/local/cuda/include/crt/sm_70_rt.h: In function 'unsigned int __match_any_sync(unsigned int, double)':
/usr/local/cuda/include/crt/sm_70_rt.h:84:25: warning: no return statement in function returning non-void [-Wreturn-type]
   84 | #define __DEF_IF_HOST { }
      |                         ^
/usr/local/cuda/include/crt/sm_70_rt.h:100:78: note: in expansion of macro '__DEF_IF_HOST'
  100 | __SM_70_RT_DECL__ unsigned int __match_any_sync(unsigned mask, double value) __DEF_IF_HOST
      |                                                                              ^~~~~~~~~~~~~
/usr/local/cuda/include/crt/sm_70_rt.h: In function 'unsigned int __match_all_sync(unsigned int, unsigned int, int*)':
/usr/local/cuda/include/crt/sm_70_rt.h:84:25: warning: no return statement in function returning non-void [-Wreturn-type]
   84 | #define __DEF_IF_HOST { }
      |                         ^
/usr/local/cuda/include/crt/sm_70_rt.h:102:91: note: in expansion of macro '__DEF_IF_HOST'
  102 | __SM_70_RT_DECL__ unsigned int __match_all_sync(unsigned mask, unsigned value, int *pred) __DEF_IF_HOST
      |                                                                                           ^~~~~~~~~~~~~
/usr/local/cuda/include/crt/sm_70_rt.h: In function 'unsigned int __match_all_sync(unsigned int, int, int*)':
/usr/local/cuda/include/crt/sm_70_rt.h:84:25: warning: no return statement in function returning non-void [-Wreturn-type]
   84 | #define __DEF_IF_HOST { }
      |                         ^
/usr/local/cuda/include/crt/sm_70_rt.h:103:86: note: in expansion of macro '__DEF_IF_HOST'
  103 | __SM_70_RT_DECL__ unsigned int __match_all_sync(unsigned mask, int value, int *pred) __DEF_IF_HOST
      |                                                                                      ^~~~~~~~~~~~~
/usr/local/cuda/include/crt/sm_70_rt.h: In function 'unsigned int __match_all_sync(unsigned int, long unsigned int, int*)':
/usr/local/cuda/include/crt/sm_70_rt.h:84:25: warning: no return statement in function returning non-void [-Wreturn-type]
   84 | #define __DEF_IF_HOST { }
      |                         ^
/usr/local/cuda/include/crt/sm_70_rt.h:104:96: note: in expansion of macro '__DEF_IF_HOST'
  104 | __SM_70_RT_DECL__ unsigned int __match_all_sync(unsigned mask, unsigned long value, int *pred) __DEF_IF_HOST
      |                                                                                                ^~~~~~~~~~~~~
/usr/local/cuda/include/crt/sm_70_rt.h: In function 'unsigned int __match_all_sync(unsigned int, long int, int*)':
/usr/local/cuda/include/crt/sm_70_rt.h:84:25: warning: no return statement in function returning non-void [-Wreturn-type]
   84 | #define __DEF_IF_HOST { }
      |                         ^
/usr/local/cuda/include/crt/sm_70_rt.h:105:87: note: in expansion of macro '__DEF_IF_HOST'
  105 | __SM_70_RT_DECL__ unsigned int __match_all_sync(unsigned mask, long value, int *pred) __DEF_IF_HOST
      |                                                                                       ^~~~~~~~~~~~~
/usr/local/cuda/include/crt/sm_70_rt.h: In function 'unsigned int __match_all_sync(unsigned int, long long unsigned int, int*)':
/usr/local/cuda/include/crt/sm_70_rt.h:84:25: warning: no return statement in function returning non-void [-Wreturn-type]
   84 | #define __DEF_IF_HOST { }
      |                         ^
/usr/local/cuda/include/crt/sm_70_rt.h:106:101: note: in expansion of macro '__DEF_IF_HOST'
  106 | __SM_70_RT_DECL__ unsigned int __match_all_sync(unsigned mask, unsigned long long value, int *pred) __DEF_IF_HOST
      |                                                                                                     ^~~~~~~~~~~~~
/usr/local/cuda/include/crt/sm_70_rt.h: In function 'unsigned int __match_all_sync(unsigned int, long long int, int*)':
/usr/local/cuda/include/crt/sm_70_rt.h:84:25: warning: no return statement in function returning non-void [-Wreturn-type]
   84 | #define __DEF_IF_HOST { }
      |                         ^
/usr/local/cuda/include/crt/sm_70_rt.h:107:92: note: in expansion of macro '__DEF_IF_HOST'
  107 | __SM_70_RT_DECL__ unsigned int __match_all_sync(unsigned mask, long long value, int *pred) __DEF_IF_HOST
      |                                                                                            ^~~~~~~~~~~~~
/usr/local/cuda/include/crt/sm_70_rt.h: In function 'unsigned int __match_all_sync(unsigned int, float, int*)':
/usr/local/cuda/include/crt/sm_70_rt.h:84:25: warning: no return statement in function returning non-void [-Wreturn-type]
   84 | #define __DEF_IF_HOST { }
      |                         ^
/usr/local/cuda/include/crt/sm_70_rt.h:108:88: note: in expansion of macro '__DEF_IF_HOST'
  108 | __SM_70_RT_DECL__ unsigned int __match_all_sync(unsigned mask, float value, int *pred) __DEF_IF_HOST
      |                                                                                        ^~~~~~~~~~~~~
/usr/local/cuda/include/crt/sm_70_rt.h: In function 'unsigned int __match_all_sync(unsigned int, double, int*)':
/usr/local/cuda/include/crt/sm_70_rt.h:84:25: warning: no return statement in function returning non-void [-Wreturn-type]
   84 | #define __DEF_IF_HOST { }
      |                         ^
/usr/local/cuda/include/crt/sm_70_rt.h:109:89: note: in expansion of macro '__DEF_IF_HOST'
  109 | __SM_70_RT_DECL__ unsigned int __match_all_sync(unsigned mask, double value, int *pred) __DEF_IF_HOST
      |                                                                                         ^~~~~~~~~~~~~
/usr/local/cuda/include/crt/sm_70_rt.h: In function 'short unsigned int atomicCAS(short unsigned int*, short unsigned int, short unsigned int)':
/usr/local/cuda/include/crt/sm_70_rt.h:84:25: warning: no return statement in function returning non-void [-Wreturn-type]
   84 | #define __DEF_IF_HOST { }
      |                         ^
/usr/local/cuda/include/crt/sm_70_rt.h:113:129: note: in expansion of macro '__DEF_IF_HOST'
  113 | __SM_70_RT_DECL__ unsigned short int atomicCAS(unsigned short int *address, unsigned short int compare, unsigned short int val) __DEF_IF_HOST
      |                                                                                                                                 ^~~~~~~~~~~~~
In file included from /usr/local/cuda/include/crt/device_functions.h:3627,
                 from /home/GVirtuS/GVirtuS/plugins/cudart/backend/CudaRtHandler.h:71,
                 from /home/GVirtuS/GVirtuS/plugins/cudart/backend/CudaRtHandler_texture.cpp:26:
/usr/local/cuda/include/crt/sm_80_rt.h: In function 'unsigned int __reduce_add_sync(unsigned int, unsigned int)':
/usr/local/cuda/include/crt/sm_80_rt.h:84:25: warning: no return statement in function returning non-void [-Wreturn-type]
   84 | #define __DEF_IF_HOST { }
      |                         ^
/usr/local/cuda/include/crt/sm_80_rt.h:93:77: note: in expansion of macro '__DEF_IF_HOST'
   93 | __SM_80_RT_DECL__ unsigned __reduce_add_sync(unsigned mask, unsigned value) __DEF_IF_HOST
      |                                                                             ^~~~~~~~~~~~~
/usr/local/cuda/include/crt/sm_80_rt.h: In function 'unsigned int __reduce_min_sync(unsigned int, unsigned int)':
/usr/local/cuda/include/crt/sm_80_rt.h:84:25: warning: no return statement in function returning non-void [-Wreturn-type]
   84 | #define __DEF_IF_HOST { }
      |                         ^
/usr/local/cuda/include/crt/sm_80_rt.h:94:77: note: in expansion of macro '__DEF_IF_HOST'
   94 | __SM_80_RT_DECL__ unsigned __reduce_min_sync(unsigned mask, unsigned value) __DEF_IF_HOST
      |                                                                             ^~~~~~~~~~~~~
/usr/local/cuda/include/crt/sm_80_rt.h: In function 'unsigned int __reduce_max_sync(unsigned int, unsigned int)':
/usr/local/cuda/include/crt/sm_80_rt.h:84:25: warning: no return statement in function returning non-void [-Wreturn-type]
   84 | #define __DEF_IF_HOST { }
      |                         ^
/usr/local/cuda/include/crt/sm_80_rt.h:95:77: note: in expansion of macro '__DEF_IF_HOST'
   95 | __SM_80_RT_DECL__ unsigned __reduce_max_sync(unsigned mask, unsigned value) __DEF_IF_HOST
      |                                                                             ^~~~~~~~~~~~~
/usr/local/cuda/include/crt/sm_80_rt.h: In function 'int __reduce_add_sync(unsigned int, int)':
/usr/local/cuda/include/crt/sm_80_rt.h:84:25: warning: no return statement in function returning non-void [-Wreturn-type]
   84 | #define __DEF_IF_HOST { }
      |                         ^
/usr/local/cuda/include/crt/sm_80_rt.h:97:67: note: in expansion of macro '__DEF_IF_HOST'
   97 | __SM_80_RT_DECL__ int __reduce_add_sync(unsigned mask, int value) __DEF_IF_HOST
      |                                                                   ^~~~~~~~~~~~~
/usr/local/cuda/include/crt/sm_80_rt.h: In function 'int __reduce_min_sync(unsigned int, int)':
/usr/local/cuda/include/crt/sm_80_rt.h:84:25: warning: no return statement in function returning non-void [-Wreturn-type]
   84 | #define __DEF_IF_HOST { }
      |                         ^
/usr/local/cuda/include/crt/sm_80_rt.h:98:67: note: in expansion of macro '__DEF_IF_HOST'
   98 | __SM_80_RT_DECL__ int __reduce_min_sync(unsigned mask, int value) __DEF_IF_HOST
      |                                                                   ^~~~~~~~~~~~~
/usr/local/cuda/include/crt/sm_80_rt.h: In function 'int __reduce_max_sync(unsigned int, int)':
/usr/local/cuda/include/crt/sm_80_rt.h:84:25: warning: no return statement in function returning non-void [-Wreturn-type]
   84 | #define __DEF_IF_HOST { }
      |                         ^
/usr/local/cuda/include/crt/sm_80_rt.h:99:67: note: in expansion of macro '__DEF_IF_HOST'
   99 | __SM_80_RT_DECL__ int __reduce_max_sync(unsigned mask, int value) __DEF_IF_HOST
      |                                                                   ^~~~~~~~~~~~~
/usr/local/cuda/include/crt/sm_80_rt.h: In function 'unsigned int __reduce_and_sync(unsigned int, unsigned int)':
/usr/local/cuda/include/crt/sm_80_rt.h:84:25: warning: no return statement in function returning non-void [-Wreturn-type]
   84 | #define __DEF_IF_HOST { }
      |                         ^
/usr/local/cuda/include/crt/sm_80_rt.h:101:77: note: in expansion of macro '__DEF_IF_HOST'
  101 | __SM_80_RT_DECL__ unsigned __reduce_and_sync(unsigned mask, unsigned value) __DEF_IF_HOST
      |                                                                             ^~~~~~~~~~~~~
/usr/local/cuda/include/crt/sm_80_rt.h: In function 'unsigned int __reduce_or_sync(unsigned int, unsigned int)':
/usr/local/cuda/include/crt/sm_80_rt.h:84:25: warning: no return statement in function returning non-void [-Wreturn-type]
   84 | #define __DEF_IF_HOST { }
      |                         ^
/usr/local/cuda/include/crt/sm_80_rt.h:102:76: note: in expansion of macro '__DEF_IF_HOST'
  102 | __SM_80_RT_DECL__ unsigned __reduce_or_sync(unsigned mask, unsigned value) __DEF_IF_HOST
      |                                                                            ^~~~~~~~~~~~~
/usr/local/cuda/include/crt/sm_80_rt.h: In function 'unsigned int __reduce_xor_sync(unsigned int, unsigned int)':
/usr/local/cuda/include/crt/sm_80_rt.h:84:25: warning: no return statement in function returning non-void [-Wreturn-type]
   84 | #define __DEF_IF_HOST { }
      |                         ^
/usr/local/cuda/include/crt/sm_80_rt.h:103:77: note: in expansion of macro '__DEF_IF_HOST'
  103 | __SM_80_RT_DECL__ unsigned __reduce_xor_sync(unsigned mask, unsigned value) __DEF_IF_HOST
      |                                                                             ^~~~~~~~~~~~~
In file included from /usr/local/cuda/include/crt/device_functions.h:3628,
                 from /home/GVirtuS/GVirtuS/plugins/cudart/backend/CudaRtHandler.h:71,
                 from /home/GVirtuS/GVirtuS/plugins/cudart/backend/CudaRtHandler_texture.cpp:26:
/usr/local/cuda/include/crt/sm_90_rt.h: In function 'unsigned int __isCtaShared(const void*)':
/usr/local/cuda/include/crt/sm_90_rt.h:84:25: warning: no return statement in function returning non-void [-Wreturn-type]
   84 | #define __DEF_IF_HOST { }
      |                         ^
/usr/local/cuda/include/crt/sm_90_rt.h:89:59: note: in expansion of macro '__DEF_IF_HOST'
   89 | __SM_90_RT_DECL__ unsigned __isCtaShared(const void *ptr) __DEF_IF_HOST
      |                                                           ^~~~~~~~~~~~~
/usr/local/cuda/include/crt/sm_90_rt.h: In function 'unsigned int __isClusterShared(const void*)':
/usr/local/cuda/include/crt/sm_90_rt.h:84:25: warning: no return statement in function returning non-void [-Wreturn-type]
   84 | #define __DEF_IF_HOST { }
      |                         ^
/usr/local/cuda/include/crt/sm_90_rt.h:90:63: note: in expansion of macro '__DEF_IF_HOST'
   90 | __SM_90_RT_DECL__ unsigned __isClusterShared(const void *ptr) __DEF_IF_HOST
      |                                                               ^~~~~~~~~~~~~
/usr/local/cuda/include/crt/sm_90_rt.h: In function 'void* __cluster_map_shared_rank(const void*, unsigned int)':
/usr/local/cuda/include/crt/sm_90_rt.h:84:25: warning: no return statement in function returning non-void [-Wreturn-type]
   84 | #define __DEF_IF_HOST { }
      |                         ^
/usr/local/cuda/include/crt/sm_90_rt.h:91:97: note: in expansion of macro '__DEF_IF_HOST'
   91 | __SM_90_RT_DECL__ void *__cluster_map_shared_rank(const void *ptr, unsigned target_block_rank)  __DEF_IF_HOST
      |                                                                                                 ^~~~~~~~~~~~~
/usr/local/cuda/include/crt/sm_90_rt.h: In function 'unsigned int __cluster_query_shared_rank(const void*)':
/usr/local/cuda/include/crt/sm_90_rt.h:84:25: warning: no return statement in function returning non-void [-Wreturn-type]
   84 | #define __DEF_IF_HOST { }
      |                         ^
/usr/local/cuda/include/crt/sm_90_rt.h:92:73: note: in expansion of macro '__DEF_IF_HOST'
   92 | __SM_90_RT_DECL__ unsigned __cluster_query_shared_rank(const void *ptr) __DEF_IF_HOST
      |                                                                         ^~~~~~~~~~~~~
/usr/local/cuda/include/crt/sm_90_rt.h: In function 'uint2 __cluster_map_shared_multicast(const void*, unsigned int)':
/usr/local/cuda/include/crt/sm_90_rt.h:84:25: warning: no return statement in function returning non-void [-Wreturn-type]
   84 | #define __DEF_IF_HOST { }
      |                         ^
/usr/local/cuda/include/crt/sm_90_rt.h:93:100: note: in expansion of macro '__DEF_IF_HOST'
   93 | __SM_90_RT_DECL__ uint2 __cluster_map_shared_multicast(const void *ptr, unsigned cluster_cta_mask) __DEF_IF_HOST
      |                                                                                                    ^~~~~~~~~~~~~
/usr/local/cuda/include/crt/sm_90_rt.h: In function 'unsigned int __clusterDimIsSpecified()':
/usr/local/cuda/include/crt/sm_90_rt.h:84:25: warning: no return statement in function returning non-void [-Wreturn-type]
   84 | #define __DEF_IF_HOST { }
      |                         ^
/usr/local/cuda/include/crt/sm_90_rt.h:94:54: note: in expansion of macro '__DEF_IF_HOST'
   94 | __SM_90_RT_DECL__ unsigned __clusterDimIsSpecified() __DEF_IF_HOST
      |                                                      ^~~~~~~~~~~~~
/usr/local/cuda/include/crt/sm_90_rt.h: In function 'dim3 __clusterDim()':
/usr/local/cuda/include/crt/sm_90_rt.h:84:25: warning: no return statement in function returning non-void [-Wreturn-type]
   84 | #define __DEF_IF_HOST { }
      |                         ^
/usr/local/cuda/include/crt/sm_90_rt.h:95:39: note: in expansion of macro '__DEF_IF_HOST'
   95 | __SM_90_RT_DECL__ dim3 __clusterDim() __DEF_IF_HOST
      |                                       ^~~~~~~~~~~~~
/usr/local/cuda/include/crt/sm_90_rt.h: In function 'dim3 __clusterRelativeBlockIdx()':
/usr/local/cuda/include/crt/sm_90_rt.h:84:25: warning: no return statement in function returning non-void [-Wreturn-type]
   84 | #define __DEF_IF_HOST { }
      |                         ^
/usr/local/cuda/include/crt/sm_90_rt.h:96:52: note: in expansion of macro '__DEF_IF_HOST'
   96 | __SM_90_RT_DECL__ dim3 __clusterRelativeBlockIdx() __DEF_IF_HOST
      |                                                    ^~~~~~~~~~~~~
/usr/local/cuda/include/crt/sm_90_rt.h: In function 'dim3 __clusterGridDimInClusters()':
/usr/local/cuda/include/crt/sm_90_rt.h:84:25: warning: no return statement in function returning non-void [-Wreturn-type]
   84 | #define __DEF_IF_HOST { }
      |                         ^
/usr/local/cuda/include/crt/sm_90_rt.h:97:53: note: in expansion of macro '__DEF_IF_HOST'
   97 | __SM_90_RT_DECL__ dim3 __clusterGridDimInClusters() __DEF_IF_HOST
      |                                                     ^~~~~~~~~~~~~
/usr/local/cuda/include/crt/sm_90_rt.h: In function 'dim3 __clusterIdx()':
/usr/local/cuda/include/crt/sm_90_rt.h:84:25: warning: no return statement in function returning non-void [-Wreturn-type]
   84 | #define __DEF_IF_HOST { }
      |                         ^
/usr/local/cuda/include/crt/sm_90_rt.h:98:39: note: in expansion of macro '__DEF_IF_HOST'
   98 | __SM_90_RT_DECL__ dim3 __clusterIdx() __DEF_IF_HOST
      |                                       ^~~~~~~~~~~~~
/usr/local/cuda/include/crt/sm_90_rt.h: In function 'unsigned int __clusterRelativeBlockRank()':
/usr/local/cuda/include/crt/sm_90_rt.h:84:25: warning: no return statement in function returning non-void [-Wreturn-type]
   84 | #define __DEF_IF_HOST { }
      |                         ^
/usr/local/cuda/include/crt/sm_90_rt.h:99:57: note: in expansion of macro '__DEF_IF_HOST'
   99 | __SM_90_RT_DECL__ unsigned __clusterRelativeBlockRank() __DEF_IF_HOST
      |                                                         ^~~~~~~~~~~~~
/usr/local/cuda/include/crt/sm_90_rt.h: In function 'unsigned int __clusterSizeInBlocks()':
/usr/local/cuda/include/crt/sm_90_rt.h:84:25: warning: no return statement in function returning non-void [-Wreturn-type]
   84 | #define __DEF_IF_HOST { }
      |                         ^
/usr/local/cuda/include/crt/sm_90_rt.h:100:52: note: in expansion of macro '__DEF_IF_HOST'
  100 | __SM_90_RT_DECL__ unsigned __clusterSizeInBlocks() __DEF_IF_HOST
      |                                                    ^~~~~~~~~~~~~
/usr/local/cuda/include/crt/sm_90_rt.h: In function 'float2 atomicAdd(float2*, float2)':
/usr/local/cuda/include/crt/sm_90_rt.h:84:25: warning: no return statement in function returning non-void [-Wreturn-type]
   84 | #define __DEF_IF_HOST { }
      |                         ^
/usr/local/cuda/include/crt/sm_90_rt.h:106:65: note: in expansion of macro '__DEF_IF_HOST'
  106 | __SM_90_RT_DECL__ float2 atomicAdd(float2 *address, float2 val) __DEF_IF_HOST
      |                                                                 ^~~~~~~~~~~~~
/usr/local/cuda/include/crt/sm_90_rt.h: In function 'float2 atomicAdd_block(float2*, float2)':
/usr/local/cuda/include/crt/sm_90_rt.h:84:25: warning: no return statement in function returning non-void [-Wreturn-type]
   84 | #define __DEF_IF_HOST { }
      |                         ^
/usr/local/cuda/include/crt/sm_90_rt.h:107:71: note: in expansion of macro '__DEF_IF_HOST'
  107 | __SM_90_RT_DECL__ float2 atomicAdd_block(float2 *address, float2 val) __DEF_IF_HOST
      |                                                                       ^~~~~~~~~~~~~
/usr/local/cuda/include/crt/sm_90_rt.h: In function 'float2 atomicAdd_system(float2*, float2)':
/usr/local/cuda/include/crt/sm_90_rt.h:84:25: warning: no return statement in function returning non-void [-Wreturn-type]
   84 | #define __DEF_IF_HOST { }
      |                         ^
/usr/local/cuda/include/crt/sm_90_rt.h:108:72: note: in expansion of macro '__DEF_IF_HOST'
  108 | __SM_90_RT_DECL__ float2 atomicAdd_system(float2 *address, float2 val) __DEF_IF_HOST
      |                                                                        ^~~~~~~~~~~~~
/usr/local/cuda/include/crt/sm_90_rt.h: In function 'float4 atomicAdd(float4*, float4)':
/usr/local/cuda/include/crt/sm_90_rt.h:84:25: warning: no return statement in function returning non-void [-Wreturn-type]
   84 | #define __DEF_IF_HOST { }
      |                         ^
/usr/local/cuda/include/crt/sm_90_rt.h:109:65: note: in expansion of macro '__DEF_IF_HOST'
  109 | __SM_90_RT_DECL__ float4 atomicAdd(float4 *address, float4 val) __DEF_IF_HOST
      |                                                                 ^~~~~~~~~~~~~
/usr/local/cuda/include/crt/sm_90_rt.h: In function 'float4 atomicAdd_block(float4*, float4)':
/usr/local/cuda/include/crt/sm_90_rt.h:84:25: warning: no return statement in function returning non-void [-Wreturn-type]
   84 | #define __DEF_IF_HOST { }
      |                         ^
/usr/local/cuda/include/crt/sm_90_rt.h:110:71: note: in expansion of macro '__DEF_IF_HOST'
  110 | __SM_90_RT_DECL__ float4 atomicAdd_block(float4 *address, float4 val) __DEF_IF_HOST
      |                                                                       ^~~~~~~~~~~~~
/usr/local/cuda/include/crt/sm_90_rt.h: In function 'float4 atomicAdd_system(float4*, float4)':
/usr/local/cuda/include/crt/sm_90_rt.h:84:25: warning: no return statement in function returning non-void [-Wreturn-type]
   84 | #define __DEF_IF_HOST { }
      |                         ^
/usr/local/cuda/include/crt/sm_90_rt.h:111:72: note: in expansion of macro '__DEF_IF_HOST'
  111 | __SM_90_RT_DECL__ float4 atomicAdd_system(float4 *address, float4 val) __DEF_IF_HOST
      |                                                                        ^~~~~~~~~~~~~
/home/GVirtuS/GVirtuS/plugins/cudart/backend/CudaRtHandler_texture.cpp: In function 'std::shared_ptr<gvirtus::communicators::Result> handleBindTexture(CudaRtHandler*, std::shared_ptr<gvirtus::communicators::Buffer>)':
/home/GVirtuS/GVirtuS/plugins/cudart/backend/CudaRtHandler_texture.cpp:48:81: warning: 'cudaError_t cudaMemcpyToArray(cudaArray_t, size_t, size_t, const void*, size_t, cudaMemcpyKind)' is deprecated [-Wdeprecated-declarations]
   48 |         cudaMemcpyToArray(devArray, 0, 0, devPtr, size, cudaMemcpyDeviceToDevice) != cudaSuccess) {
      |                                                                                 ^
In file included from /home/GVirtuS/GVirtuS/plugins/cudart/backend/CudaRtHandler.h:54,
                 from /home/GVirtuS/GVirtuS/plugins/cudart/backend/CudaRtHandler_texture.cpp:26:
/usr/local/cuda/include/cuda_runtime_api.h:7878:57: note: declared here
 7878 | extern __CUDA_DEPRECATED __host__ cudaError_t CUDARTAPI cudaMemcpyToArray(cudaArray_t dst, size_t wOffset, size_t hOffset, const void *src, size_t count, enum cudaMemcpyKind kind);
      |                                                         ^~~~~~~~~~~~~~~~~
/home/GVirtuS/GVirtuS/plugins/cudart/backend/CudaRtHandler_texture.cpp:48:81: warning: 'cudaError_t cudaMemcpyToArray(cudaArray_t, size_t, size_t, const void*, size_t, cudaMemcpyKind)' is deprecated [-Wdeprecated-declarations]
   48 |         cudaMemcpyToArray(devArray, 0, 0, devPtr, size, cudaMemcpyDeviceToDevice) != cudaSuccess) {
      |                                                                                 ^
In file included from /home/GVirtuS/GVirtuS/plugins/cudart/backend/CudaRtHandler.h:54,
                 from /home/GVirtuS/GVirtuS/plugins/cudart/backend/CudaRtHandler_texture.cpp:26:
/usr/local/cuda/include/cuda_runtime_api.h:7878:57: note: declared here
 7878 | extern __CUDA_DEPRECATED __host__ cudaError_t CUDARTAPI cudaMemcpyToArray(cudaArray_t dst, size_t wOffset, size_t hOffset, const void *src, size_t count, enum cudaMemcpyKind kind);
      |                                                         ^~~~~~~~~~~~~~~~~
[ 49%] Building CXX object plugins/cudart/CMakeFiles/gvirtus-plugin-cudart.dir/backend/CudaRtHandler_event.cpp.o
In file included from /home/GVirtuS/GVirtuS/plugins/cudart/backend/CudaRtHandler.h:71,
                 from /home/GVirtuS/GVirtuS/plugins/cudart/backend/CudaRtHandler_event.cpp:26:
/usr/local/cuda/include/crt/device_functions.h:54:2: warning: #warning "crt/device_functions.h is an internal header file and must not be used directly.  Please use cuda_runtime_api.h or cuda_runtime.h instead." [-Wcpp]
   54 | #warning "crt/device_functions.h is an internal header file and must not be used directly.  Please use cuda_runtime_api.h or cuda_runtime.h instead."
      |  ^~~~~~~
In file included from /usr/local/cuda/include/crt/device_functions.h:3615,
                 from /home/GVirtuS/GVirtuS/plugins/cudart/backend/CudaRtHandler.h:71,
                 from /home/GVirtuS/GVirtuS/plugins/cudart/backend/CudaRtHandler_event.cpp:26:
/usr/local/cuda/include/device_atomic_functions.h: In function 'int atomicAdd(int*, int)':
/usr/local/cuda/include/device_atomic_functions.h:74:25: warning: no return statement in function returning non-void [-Wreturn-type]
   74 | #define __DEF_IF_HOST { }
      |                         ^
/usr/local/cuda/include/device_atomic_functions.h:86:71: note: in expansion of macro '__DEF_IF_HOST'
   86 | __DEVICE_ATOMIC_FUNCTIONS_DECL__ int atomicAdd(int *address, int val) __DEF_IF_HOST
      |                                                                       ^~~~~~~~~~~~~
/usr/local/cuda/include/device_atomic_functions.h: In function 'unsigned int atomicAdd(unsigned int*, unsigned int)':
/usr/local/cuda/include/device_atomic_functions.h:74:25: warning: no return statement in function returning non-void [-Wreturn-type]
   74 | #define __DEF_IF_HOST { }
      |                         ^
/usr/local/cuda/include/device_atomic_functions.h:88:98: note: in expansion of macro '__DEF_IF_HOST'
   88 | __DEVICE_ATOMIC_FUNCTIONS_DECL__ unsigned int atomicAdd(unsigned int *address, unsigned int val) __DEF_IF_HOST
      |                                                                                                  ^~~~~~~~~~~~~
/usr/local/cuda/include/device_atomic_functions.h: In function 'int atomicSub(int*, int)':
/usr/local/cuda/include/device_atomic_functions.h:74:25: warning: no return statement in function returning non-void [-Wreturn-type]
   74 | #define __DEF_IF_HOST { }
      |                         ^
/usr/local/cuda/include/device_atomic_functions.h:90:71: note: in expansion of macro '__DEF_IF_HOST'
   90 | __DEVICE_ATOMIC_FUNCTIONS_DECL__ int atomicSub(int *address, int val) __DEF_IF_HOST
      |                                                                       ^~~~~~~~~~~~~
/usr/local/cuda/include/device_atomic_functions.h: In function 'unsigned int atomicSub(unsigned int*, unsigned int)':
/usr/local/cuda/include/device_atomic_functions.h:74:25: warning: no return statement in function returning non-void [-Wreturn-type]
   74 | #define __DEF_IF_HOST { }
      |                         ^
/usr/local/cuda/include/device_atomic_functions.h:92:98: note: in expansion of macro '__DEF_IF_HOST'
   92 | __DEVICE_ATOMIC_FUNCTIONS_DECL__ unsigned int atomicSub(unsigned int *address, unsigned int val) __DEF_IF_HOST
      |                                                                                                  ^~~~~~~~~~~~~
/usr/local/cuda/include/device_atomic_functions.h: In function 'int atomicExch(int*, int)':
/usr/local/cuda/include/device_atomic_functions.h:74:25: warning: no return statement in function returning non-void [-Wreturn-type]
   74 | #define __DEF_IF_HOST { }
      |                         ^
/usr/local/cuda/include/device_atomic_functions.h:94:72: note: in expansion of macro '__DEF_IF_HOST'
   94 | __DEVICE_ATOMIC_FUNCTIONS_DECL__ int atomicExch(int *address, int val) __DEF_IF_HOST
      |                                                                        ^~~~~~~~~~~~~
/usr/local/cuda/include/device_atomic_functions.h: In function 'unsigned int atomicExch(unsigned int*, unsigned int)':
/usr/local/cuda/include/device_atomic_functions.h:74:25: warning: no return statement in function returning non-void [-Wreturn-type]
   74 | #define __DEF_IF_HOST { }
      |                         ^
/usr/local/cuda/include/device_atomic_functions.h:96:99: note: in expansion of macro '__DEF_IF_HOST'
   96 | __DEVICE_ATOMIC_FUNCTIONS_DECL__ unsigned int atomicExch(unsigned int *address, unsigned int val) __DEF_IF_HOST
      |                                                                                                   ^~~~~~~~~~~~~
/usr/local/cuda/include/device_atomic_functions.h: In function 'float atomicExch(float*, float)':
/usr/local/cuda/include/device_atomic_functions.h:74:25: warning: no return statement in function returning non-void [-Wreturn-type]
   74 | #define __DEF_IF_HOST { }
      |                         ^
/usr/local/cuda/include/device_atomic_functions.h:98:78: note: in expansion of macro '__DEF_IF_HOST'
   98 | __DEVICE_ATOMIC_FUNCTIONS_DECL__ float atomicExch(float *address, float val) __DEF_IF_HOST
      |                                                                              ^~~~~~~~~~~~~
/usr/local/cuda/include/device_atomic_functions.h: In function 'int atomicMin(int*, int)':
/usr/local/cuda/include/device_atomic_functions.h:74:25: warning: no return statement in function returning non-void [-Wreturn-type]
   74 | #define __DEF_IF_HOST { }
      |                         ^
/usr/local/cuda/include/device_atomic_functions.h:100:71: note: in expansion of macro '__DEF_IF_HOST'
  100 | __DEVICE_ATOMIC_FUNCTIONS_DECL__ int atomicMin(int *address, int val) __DEF_IF_HOST
      |                                                                       ^~~~~~~~~~~~~
/usr/local/cuda/include/device_atomic_functions.h: In function 'unsigned int atomicMin(unsigned int*, unsigned int)':
/usr/local/cuda/include/device_atomic_functions.h:74:25: warning: no return statement in function returning non-void [-Wreturn-type]
   74 | #define __DEF_IF_HOST { }
      |                         ^
/usr/local/cuda/include/device_atomic_functions.h:102:98: note: in expansion of macro '__DEF_IF_HOST'
  102 | __DEVICE_ATOMIC_FUNCTIONS_DECL__ unsigned int atomicMin(unsigned int *address, unsigned int val) __DEF_IF_HOST
      |                                                                                                  ^~~~~~~~~~~~~
/usr/local/cuda/include/device_atomic_functions.h: In function 'int atomicMax(int*, int)':
/usr/local/cuda/include/device_atomic_functions.h:74:25: warning: no return statement in function returning non-void [-Wreturn-type]
   74 | #define __DEF_IF_HOST { }
      |                         ^
/usr/local/cuda/include/device_atomic_functions.h:104:71: note: in expansion of macro '__DEF_IF_HOST'
  104 | __DEVICE_ATOMIC_FUNCTIONS_DECL__ int atomicMax(int *address, int val) __DEF_IF_HOST
      |                                                                       ^~~~~~~~~~~~~
/usr/local/cuda/include/device_atomic_functions.h: In function 'unsigned int atomicMax(unsigned int*, unsigned int)':
/usr/local/cuda/include/device_atomic_functions.h:74:25: warning: no return statement in function returning non-void [-Wreturn-type]
   74 | #define __DEF_IF_HOST { }
      |                         ^
/usr/local/cuda/include/device_atomic_functions.h:106:98: note: in expansion of macro '__DEF_IF_HOST'
  106 | __DEVICE_ATOMIC_FUNCTIONS_DECL__ unsigned int atomicMax(unsigned int *address, unsigned int val) __DEF_IF_HOST
      |                                                                                                  ^~~~~~~~~~~~~
/usr/local/cuda/include/device_atomic_functions.h: In function 'unsigned int atomicInc(unsigned int*, unsigned int)':
/usr/local/cuda/include/device_atomic_functions.h:74:25: warning: no return statement in function returning non-void [-Wreturn-type]
   74 | #define __DEF_IF_HOST { }
      |                         ^
/usr/local/cuda/include/device_atomic_functions.h:108:98: note: in expansion of macro '__DEF_IF_HOST'
  108 | __DEVICE_ATOMIC_FUNCTIONS_DECL__ unsigned int atomicInc(unsigned int *address, unsigned int val) __DEF_IF_HOST
      |                                                                                                  ^~~~~~~~~~~~~
/usr/local/cuda/include/device_atomic_functions.h: In function 'unsigned int atomicDec(unsigned int*, unsigned int)':
/usr/local/cuda/include/device_atomic_functions.h:74:25: warning: no return statement in function returning non-void [-Wreturn-type]
   74 | #define __DEF_IF_HOST { }
      |                         ^
/usr/local/cuda/include/device_atomic_functions.h:110:98: note: in expansion of macro '__DEF_IF_HOST'
  110 | __DEVICE_ATOMIC_FUNCTIONS_DECL__ unsigned int atomicDec(unsigned int *address, unsigned int val) __DEF_IF_HOST
      |                                                                                                  ^~~~~~~~~~~~~
/usr/local/cuda/include/device_atomic_functions.h: In function 'int atomicAnd(int*, int)':
/usr/local/cuda/include/device_atomic_functions.h:74:25: warning: no return statement in function returning non-void [-Wreturn-type]
   74 | #define __DEF_IF_HOST { }
      |                         ^
/usr/local/cuda/include/device_atomic_functions.h:112:71: note: in expansion of macro '__DEF_IF_HOST'
  112 | __DEVICE_ATOMIC_FUNCTIONS_DECL__ int atomicAnd(int *address, int val) __DEF_IF_HOST
      |                                                                       ^~~~~~~~~~~~~
/usr/local/cuda/include/device_atomic_functions.h: In function 'unsigned int atomicAnd(unsigned int*, unsigned int)':
/usr/local/cuda/include/device_atomic_functions.h:74:25: warning: no return statement in function returning non-void [-Wreturn-type]
   74 | #define __DEF_IF_HOST { }
      |                         ^
/usr/local/cuda/include/device_atomic_functions.h:114:98: note: in expansion of macro '__DEF_IF_HOST'
  114 | __DEVICE_ATOMIC_FUNCTIONS_DECL__ unsigned int atomicAnd(unsigned int *address, unsigned int val) __DEF_IF_HOST
      |                                                                                                  ^~~~~~~~~~~~~
/usr/local/cuda/include/device_atomic_functions.h: In function 'int atomicOr(int*, int)':
/usr/local/cuda/include/device_atomic_functions.h:74:25: warning: no return statement in function returning non-void [-Wreturn-type]
   74 | #define __DEF_IF_HOST { }
      |                         ^
/usr/local/cuda/include/device_atomic_functions.h:116:70: note: in expansion of macro '__DEF_IF_HOST'
  116 | __DEVICE_ATOMIC_FUNCTIONS_DECL__ int atomicOr(int *address, int val) __DEF_IF_HOST
      |                                                                      ^~~~~~~~~~~~~
/usr/local/cuda/include/device_atomic_functions.h: In function 'unsigned int atomicOr(unsigned int*, unsigned int)':
/usr/local/cuda/include/device_atomic_functions.h:74:25: warning: no return statement in function returning non-void [-Wreturn-type]
   74 | #define __DEF_IF_HOST { }
      |                         ^
/usr/local/cuda/include/device_atomic_functions.h:118:97: note: in expansion of macro '__DEF_IF_HOST'
  118 | __DEVICE_ATOMIC_FUNCTIONS_DECL__ unsigned int atomicOr(unsigned int *address, unsigned int val) __DEF_IF_HOST
      |                                                                                                 ^~~~~~~~~~~~~
/usr/local/cuda/include/device_atomic_functions.h: In function 'int atomicXor(int*, int)':
/usr/local/cuda/include/device_atomic_functions.h:74:25: warning: no return statement in function returning non-void [-Wreturn-type]
   74 | #define __DEF_IF_HOST { }
      |                         ^
/usr/local/cuda/include/device_atomic_functions.h:120:71: note: in expansion of macro '__DEF_IF_HOST'
  120 | __DEVICE_ATOMIC_FUNCTIONS_DECL__ int atomicXor(int *address, int val) __DEF_IF_HOST
      |                                                                       ^~~~~~~~~~~~~
/usr/local/cuda/include/device_atomic_functions.h: In function 'unsigned int atomicXor(unsigned int*, unsigned int)':
/usr/local/cuda/include/device_atomic_functions.h:74:25: warning: no return statement in function returning non-void [-Wreturn-type]
   74 | #define __DEF_IF_HOST { }
      |                         ^
/usr/local/cuda/include/device_atomic_functions.h:122:98: note: in expansion of macro '__DEF_IF_HOST'
  122 | __DEVICE_ATOMIC_FUNCTIONS_DECL__ unsigned int atomicXor(unsigned int *address, unsigned int val) __DEF_IF_HOST
      |                                                                                                  ^~~~~~~~~~~~~
/usr/local/cuda/include/device_atomic_functions.h: In function 'int atomicCAS(int*, int, int)':
/usr/local/cuda/include/device_atomic_functions.h:74:25: warning: no return statement in function returning non-void [-Wreturn-type]
   74 | #define __DEF_IF_HOST { }
      |                         ^
/usr/local/cuda/include/device_atomic_functions.h:124:84: note: in expansion of macro '__DEF_IF_HOST'
  124 | __DEVICE_ATOMIC_FUNCTIONS_DECL__ int atomicCAS(int *address, int compare, int val) __DEF_IF_HOST
      |                                                                                    ^~~~~~~~~~~~~
/usr/local/cuda/include/device_atomic_functions.h: In function 'unsigned int atomicCAS(unsigned int*, unsigned int, unsigned int)':
/usr/local/cuda/include/device_atomic_functions.h:74:25: warning: no return statement in function returning non-void [-Wreturn-type]
   74 | #define __DEF_IF_HOST { }
      |                         ^
/usr/local/cuda/include/device_atomic_functions.h:126:120: note: in expansion of macro '__DEF_IF_HOST'
  126 | __DEVICE_ATOMIC_FUNCTIONS_DECL__ unsigned int atomicCAS(unsigned int *address, unsigned int compare, unsigned int val) __DEF_IF_HOST
      |                                                                                                                        ^~~~~~~~~~~~~
/usr/local/cuda/include/device_atomic_functions.h: In function 'long long unsigned int atomicAdd(long long unsigned int*, long long unsigned int)':
/usr/local/cuda/include/device_atomic_functions.h:74:25: warning: no return statement in function returning non-void [-Wreturn-type]
   74 | #define __DEF_IF_HOST { }
      |                         ^
/usr/local/cuda/include/device_atomic_functions.h:166:128: note: in expansion of macro '__DEF_IF_HOST'
  166 | __DEVICE_ATOMIC_FUNCTIONS_DECL__ unsigned long long int atomicAdd(unsigned long long int *address, unsigned long long int val) __DEF_IF_HOST
      |                                                                                                                                ^~~~~~~~~~~~~
/usr/local/cuda/include/device_atomic_functions.h: In function 'long long unsigned int atomicExch(long long unsigned int*, long long unsigned int)':
/usr/local/cuda/include/device_atomic_functions.h:74:25: warning: no return statement in function returning non-void [-Wreturn-type]
   74 | #define __DEF_IF_HOST { }
      |                         ^
/usr/local/cuda/include/device_atomic_functions.h:168:129: note: in expansion of macro '__DEF_IF_HOST'
  168 | __DEVICE_ATOMIC_FUNCTIONS_DECL__ unsigned long long int atomicExch(unsigned long long int *address, unsigned long long int val) __DEF_IF_HOST
      |                                                                                                                                 ^~~~~~~~~~~~~
/usr/local/cuda/include/device_atomic_functions.h: In function 'long long unsigned int atomicCAS(long long unsigned int*, long long unsigned int, long long unsigned int)':
/usr/local/cuda/include/device_atomic_functions.h:74:25: warning: no return statement in function returning non-void [-Wreturn-type]
   74 | #define __DEF_IF_HOST { }
      |                         ^
/usr/local/cuda/include/device_atomic_functions.h:170:160: note: in expansion of macro '__DEF_IF_HOST'
  170 | __DEVICE_ATOMIC_FUNCTIONS_DECL__ unsigned long long int atomicCAS(unsigned long long int *address, unsigned long long int compare, unsigned long long int val) __DEF_IF_HOST
      |                                                                                                                                                                ^~~~~~~~~~~~~
/usr/local/cuda/include/device_atomic_functions.h: In function 'bool any(bool)':
/usr/local/cuda/include/device_atomic_functions.h:74:25: warning: no return statement in function returning non-void [-Wreturn-type]
   74 | #define __DEF_IF_HOST { }
      |                         ^
/usr/local/cuda/include/device_atomic_functions.h:172:103: note: in expansion of macro '__DEF_IF_HOST'
  172 | __DEVICE_ATOMIC_FUNCTIONS_DECL__ __DEPRECATED__(__WSB_DEPRECATION_MESSAGE(__any)) bool any(bool cond) __DEF_IF_HOST
      |                                                                                                       ^~~~~~~~~~~~~
/usr/local/cuda/include/device_atomic_functions.h: In function 'bool all(bool)':
/usr/local/cuda/include/device_atomic_functions.h:74:25: warning: no return statement in function returning non-void [-Wreturn-type]
   74 | #define __DEF_IF_HOST { }
      |                         ^
/usr/local/cuda/include/device_atomic_functions.h:174:103: note: in expansion of macro '__DEF_IF_HOST'
  174 | __DEVICE_ATOMIC_FUNCTIONS_DECL__ __DEPRECATED__(__WSB_DEPRECATION_MESSAGE(__all)) bool all(bool cond) __DEF_IF_HOST
      |                                                                                                       ^~~~~~~~~~~~~
In file included from /usr/local/cuda/include/crt/device_functions.h:3617,
                 from /home/GVirtuS/GVirtuS/plugins/cudart/backend/CudaRtHandler.h:71,
                 from /home/GVirtuS/GVirtuS/plugins/cudart/backend/CudaRtHandler_event.cpp:26:
/usr/local/cuda/include/sm_20_atomic_functions.h: In function 'float atomicAdd(float*, float)':
/usr/local/cuda/include/sm_20_atomic_functions.h:79:25: warning: no return statement in function returning non-void [-Wreturn-type]
   79 | #define __DEF_IF_HOST { }
      |                         ^
/usr/local/cuda/include/sm_20_atomic_functions.h:96:76: note: in expansion of macro '__DEF_IF_HOST'
   96 | __SM_20_ATOMIC_FUNCTIONS_DECL__ float atomicAdd(float *address, float val) __DEF_IF_HOST
      |                                                                            ^~~~~~~~~~~~~
In file included from /usr/local/cuda/include/crt/device_functions.h:3618,
                 from /home/GVirtuS/GVirtuS/plugins/cudart/backend/CudaRtHandler.h:71,
                 from /home/GVirtuS/GVirtuS/plugins/cudart/backend/CudaRtHandler_event.cpp:26:
/usr/local/cuda/include/sm_32_atomic_functions.h: In function 'long long int atomicMin(long long int*, long long int)':
/usr/local/cuda/include/sm_32_atomic_functions.h:72:25: warning: no return statement in function returning non-void [-Wreturn-type]
   72 | #define __DEF_IF_HOST { }
      |                         ^
/usr/local/cuda/include/sm_32_atomic_functions.h:89:88: note: in expansion of macro '__DEF_IF_HOST'
   89 | __SM_32_ATOMIC_FUNCTIONS_DECL__ long long atomicMin(long long *address, long long val) __DEF_IF_HOST
      |                                                                                        ^~~~~~~~~~~~~
/usr/local/cuda/include/sm_32_atomic_functions.h: In function 'long long int atomicMax(long long int*, long long int)':
/usr/local/cuda/include/sm_32_atomic_functions.h:72:25: warning: no return statement in function returning non-void [-Wreturn-type]
   72 | #define __DEF_IF_HOST { }
      |                         ^
/usr/local/cuda/include/sm_32_atomic_functions.h:91:88: note: in expansion of macro '__DEF_IF_HOST'
   91 | __SM_32_ATOMIC_FUNCTIONS_DECL__ long long atomicMax(long long *address, long long val) __DEF_IF_HOST
      |                                                                                        ^~~~~~~~~~~~~
/usr/local/cuda/include/sm_32_atomic_functions.h: In function 'long long int atomicAnd(long long int*, long long int)':
/usr/local/cuda/include/sm_32_atomic_functions.h:72:25: warning: no return statement in function returning non-void [-Wreturn-type]
   72 | #define __DEF_IF_HOST { }
      |                         ^
/usr/local/cuda/include/sm_32_atomic_functions.h:93:88: note: in expansion of macro '__DEF_IF_HOST'
   93 | __SM_32_ATOMIC_FUNCTIONS_DECL__ long long atomicAnd(long long *address, long long val) __DEF_IF_HOST
      |                                                                                        ^~~~~~~~~~~~~
/usr/local/cuda/include/sm_32_atomic_functions.h: In function 'long long int atomicOr(long long int*, long long int)':
/usr/local/cuda/include/sm_32_atomic_functions.h:72:25: warning: no return statement in function returning non-void [-Wreturn-type]
   72 | #define __DEF_IF_HOST { }
      |                         ^
/usr/local/cuda/include/sm_32_atomic_functions.h:95:87: note: in expansion of macro '__DEF_IF_HOST'
   95 | __SM_32_ATOMIC_FUNCTIONS_DECL__ long long atomicOr(long long *address, long long val) __DEF_IF_HOST
      |                                                                                       ^~~~~~~~~~~~~
/usr/local/cuda/include/sm_32_atomic_functions.h: In function 'long long int atomicXor(long long int*, long long int)':
/usr/local/cuda/include/sm_32_atomic_functions.h:72:25: warning: no return statement in function returning non-void [-Wreturn-type]
   72 | #define __DEF_IF_HOST { }
      |                         ^
/usr/local/cuda/include/sm_32_atomic_functions.h:97:88: note: in expansion of macro '__DEF_IF_HOST'
   97 | __SM_32_ATOMIC_FUNCTIONS_DECL__ long long atomicXor(long long *address, long long val) __DEF_IF_HOST
      |                                                                                        ^~~~~~~~~~~~~
/usr/local/cuda/include/sm_32_atomic_functions.h: In function 'long long unsigned int atomicMin(long long unsigned int*, long long unsigned int)':
/usr/local/cuda/include/sm_32_atomic_functions.h:72:25: warning: no return statement in function returning non-void [-Wreturn-type]
   72 | #define __DEF_IF_HOST { }
      |                         ^
/usr/local/cuda/include/sm_32_atomic_functions.h:99:115: note: in expansion of macro '__DEF_IF_HOST'
   99 | __SM_32_ATOMIC_FUNCTIONS_DECL__ unsigned long long atomicMin(unsigned long long *address, unsigned long long val) __DEF_IF_HOST
      |                                                                                                                   ^~~~~~~~~~~~~
/usr/local/cuda/include/sm_32_atomic_functions.h: In function 'long long unsigned int atomicMax(long long unsigned int*, long long unsigned int)':
/usr/local/cuda/include/sm_32_atomic_functions.h:72:25: warning: no return statement in function returning non-void [-Wreturn-type]
   72 | #define __DEF_IF_HOST { }
      |                         ^
/usr/local/cuda/include/sm_32_atomic_functions.h:101:115: note: in expansion of macro '__DEF_IF_HOST'
  101 | __SM_32_ATOMIC_FUNCTIONS_DECL__ unsigned long long atomicMax(unsigned long long *address, unsigned long long val) __DEF_IF_HOST
      |                                                                                                                   ^~~~~~~~~~~~~
/usr/local/cuda/include/sm_32_atomic_functions.h: In function 'long long unsigned int atomicAnd(long long unsigned int*, long long unsigned int)':
/usr/local/cuda/include/sm_32_atomic_functions.h:72:25: warning: no return statement in function returning non-void [-Wreturn-type]
   72 | #define __DEF_IF_HOST { }
      |                         ^
/usr/local/cuda/include/sm_32_atomic_functions.h:103:115: note: in expansion of macro '__DEF_IF_HOST'
  103 | __SM_32_ATOMIC_FUNCTIONS_DECL__ unsigned long long atomicAnd(unsigned long long *address, unsigned long long val) __DEF_IF_HOST
      |                                                                                                                   ^~~~~~~~~~~~~
/usr/local/cuda/include/sm_32_atomic_functions.h: In function 'long long unsigned int atomicOr(long long unsigned int*, long long unsigned int)':
/usr/local/cuda/include/sm_32_atomic_functions.h:72:25: warning: no return statement in function returning non-void [-Wreturn-type]
   72 | #define __DEF_IF_HOST { }
      |                         ^
/usr/local/cuda/include/sm_32_atomic_functions.h:105:114: note: in expansion of macro '__DEF_IF_HOST'
  105 | __SM_32_ATOMIC_FUNCTIONS_DECL__ unsigned long long atomicOr(unsigned long long *address, unsigned long long val) __DEF_IF_HOST
      |                                                                                                                  ^~~~~~~~~~~~~
/usr/local/cuda/include/sm_32_atomic_functions.h: In function 'long long unsigned int atomicXor(long long unsigned int*, long long unsigned int)':
/usr/local/cuda/include/sm_32_atomic_functions.h:72:25: warning: no return statement in function returning non-void [-Wreturn-type]
   72 | #define __DEF_IF_HOST { }
      |                         ^
/usr/local/cuda/include/sm_32_atomic_functions.h:107:115: note: in expansion of macro '__DEF_IF_HOST'
  107 | __SM_32_ATOMIC_FUNCTIONS_DECL__ unsigned long long atomicXor(unsigned long long *address, unsigned long long val) __DEF_IF_HOST
      |                                                                                                                   ^~~~~~~~~~~~~
In file included from /usr/local/cuda/include/crt/device_functions.h:3620,
                 from /home/GVirtuS/GVirtuS/plugins/cudart/backend/CudaRtHandler.h:71,
                 from /home/GVirtuS/GVirtuS/plugins/cudart/backend/CudaRtHandler_event.cpp:26:
/usr/local/cuda/include/sm_60_atomic_functions.h: In function 'double atomicAdd(double*, double)':
/usr/local/cuda/include/sm_60_atomic_functions.h:77:25: warning: no return statement in function returning non-void [-Wreturn-type]
   77 | #define __DEF_IF_HOST { }
      |                         ^
/usr/local/cuda/include/sm_60_atomic_functions.h:90:79: note: in expansion of macro '__DEF_IF_HOST'
   90 | __SM_60_ATOMIC_FUNCTIONS_DECL__ double atomicAdd(double *address, double val) __DEF_IF_HOST
      |                                                                               ^~~~~~~~~~~~~
/usr/local/cuda/include/sm_60_atomic_functions.h: In function 'int atomicAdd_block(int*, int)':
/usr/local/cuda/include/sm_60_atomic_functions.h:77:25: warning: no return statement in function returning non-void [-Wreturn-type]
   77 | #define __DEF_IF_HOST { }
      |                         ^
/usr/local/cuda/include/sm_60_atomic_functions.h:93:44: note: in expansion of macro '__DEF_IF_HOST'
   93 | int atomicAdd_block(int *address, int val) __DEF_IF_HOST
      |                                            ^~~~~~~~~~~~~
/usr/local/cuda/include/sm_60_atomic_functions.h: In function 'int atomicAdd_system(int*, int)':
/usr/local/cuda/include/sm_60_atomic_functions.h:77:25: warning: no return statement in function returning non-void [-Wreturn-type]
   77 | #define __DEF_IF_HOST { }
      |                         ^
/usr/local/cuda/include/sm_60_atomic_functions.h:96:45: note: in expansion of macro '__DEF_IF_HOST'
   96 | int atomicAdd_system(int *address, int val) __DEF_IF_HOST
      |                                             ^~~~~~~~~~~~~
/usr/local/cuda/include/sm_60_atomic_functions.h: In function 'unsigned int atomicAdd_block(unsigned int*, unsigned int)':
/usr/local/cuda/include/sm_60_atomic_functions.h:77:25: warning: no return statement in function returning non-void [-Wreturn-type]
   77 | #define __DEF_IF_HOST { }
      |                         ^
/usr/local/cuda/include/sm_60_atomic_functions.h:99:71: note: in expansion of macro '__DEF_IF_HOST'
   99 | unsigned int atomicAdd_block(unsigned int *address, unsigned int val) __DEF_IF_HOST
      |                                                                       ^~~~~~~~~~~~~
/usr/local/cuda/include/sm_60_atomic_functions.h: In function 'unsigned int atomicAdd_system(unsigned int*, unsigned int)':
/usr/local/cuda/include/sm_60_atomic_functions.h:77:25: warning: no return statement in function returning non-void [-Wreturn-type]
   77 | #define __DEF_IF_HOST { }
      |                         ^
/usr/local/cuda/include/sm_60_atomic_functions.h:102:72: note: in expansion of macro '__DEF_IF_HOST'
  102 | unsigned int atomicAdd_system(unsigned int *address, unsigned int val) __DEF_IF_HOST
      |                                                                        ^~~~~~~~~~~~~
/usr/local/cuda/include/sm_60_atomic_functions.h: In function 'long long unsigned int atomicAdd_block(long long unsigned int*, long long unsigned int)':
/usr/local/cuda/include/sm_60_atomic_functions.h:77:25: warning: no return statement in function returning non-void [-Wreturn-type]
   77 | #define __DEF_IF_HOST { }
      |                         ^
/usr/local/cuda/include/sm_60_atomic_functions.h:105:89: note: in expansion of macro '__DEF_IF_HOST'
  105 | unsigned long long atomicAdd_block(unsigned long long *address, unsigned long long val) __DEF_IF_HOST
      |                                                                                         ^~~~~~~~~~~~~
/usr/local/cuda/include/sm_60_atomic_functions.h: In function 'long long unsigned int atomicAdd_system(long long unsigned int*, long long unsigned int)':
/usr/local/cuda/include/sm_60_atomic_functions.h:77:25: warning: no return statement in function returning non-void [-Wreturn-type]
   77 | #define __DEF_IF_HOST { }
      |                         ^
/usr/local/cuda/include/sm_60_atomic_functions.h:108:90: note: in expansion of macro '__DEF_IF_HOST'
  108 | unsigned long long atomicAdd_system(unsigned long long *address, unsigned long long val) __DEF_IF_HOST
      |                                                                                          ^~~~~~~~~~~~~
/usr/local/cuda/include/sm_60_atomic_functions.h: In function 'float atomicAdd_block(float*, float)':
/usr/local/cuda/include/sm_60_atomic_functions.h:77:25: warning: no return statement in function returning non-void [-Wreturn-type]
   77 | #define __DEF_IF_HOST { }
      |                         ^
/usr/local/cuda/include/sm_60_atomic_functions.h:111:50: note: in expansion of macro '__DEF_IF_HOST'
  111 | float atomicAdd_block(float *address, float val) __DEF_IF_HOST
      |                                                  ^~~~~~~~~~~~~
/usr/local/cuda/include/sm_60_atomic_functions.h: In function 'float atomicAdd_system(float*, float)':
/usr/local/cuda/include/sm_60_atomic_functions.h:77:25: warning: no return statement in function returning non-void [-Wreturn-type]
   77 | #define __DEF_IF_HOST { }
      |                         ^
/usr/local/cuda/include/sm_60_atomic_functions.h:114:51: note: in expansion of macro '__DEF_IF_HOST'
  114 | float atomicAdd_system(float *address, float val) __DEF_IF_HOST
      |                                                   ^~~~~~~~~~~~~
/usr/local/cuda/include/sm_60_atomic_functions.h: In function 'double atomicAdd_block(double*, double)':
/usr/local/cuda/include/sm_60_atomic_functions.h:77:25: warning: no return statement in function returning non-void [-Wreturn-type]
   77 | #define __DEF_IF_HOST { }
      |                         ^
/usr/local/cuda/include/sm_60_atomic_functions.h:117:53: note: in expansion of macro '__DEF_IF_HOST'
  117 | double atomicAdd_block(double *address, double val) __DEF_IF_HOST
      |                                                     ^~~~~~~~~~~~~
/usr/local/cuda/include/sm_60_atomic_functions.h: In function 'double atomicAdd_system(double*, double)':
/usr/local/cuda/include/sm_60_atomic_functions.h:77:25: warning: no return statement in function returning non-void [-Wreturn-type]
   77 | #define __DEF_IF_HOST { }
      |                         ^
/usr/local/cuda/include/sm_60_atomic_functions.h:120:54: note: in expansion of macro '__DEF_IF_HOST'
  120 | double atomicAdd_system(double *address, double val) __DEF_IF_HOST
      |                                                      ^~~~~~~~~~~~~
/usr/local/cuda/include/sm_60_atomic_functions.h: In function 'int atomicSub_block(int*, int)':
/usr/local/cuda/include/sm_60_atomic_functions.h:77:25: warning: no return statement in function returning non-void [-Wreturn-type]
   77 | #define __DEF_IF_HOST { }
      |                         ^
/usr/local/cuda/include/sm_60_atomic_functions.h:123:44: note: in expansion of macro '__DEF_IF_HOST'
  123 | int atomicSub_block(int *address, int val) __DEF_IF_HOST
      |                                            ^~~~~~~~~~~~~
/usr/local/cuda/include/sm_60_atomic_functions.h: In function 'int atomicSub_system(int*, int)':
/usr/local/cuda/include/sm_60_atomic_functions.h:77:25: warning: no return statement in function returning non-void [-Wreturn-type]
   77 | #define __DEF_IF_HOST { }
      |                         ^
/usr/local/cuda/include/sm_60_atomic_functions.h:126:45: note: in expansion of macro '__DEF_IF_HOST'
  126 | int atomicSub_system(int *address, int val) __DEF_IF_HOST
      |                                             ^~~~~~~~~~~~~
/usr/local/cuda/include/sm_60_atomic_functions.h: In function 'unsigned int atomicSub_block(unsigned int*, unsigned int)':
/usr/local/cuda/include/sm_60_atomic_functions.h:77:25: warning: no return statement in function returning non-void [-Wreturn-type]
   77 | #define __DEF_IF_HOST { }
      |                         ^
/usr/local/cuda/include/sm_60_atomic_functions.h:129:71: note: in expansion of macro '__DEF_IF_HOST'
  129 | unsigned int atomicSub_block(unsigned int *address, unsigned int val) __DEF_IF_HOST
      |                                                                       ^~~~~~~~~~~~~
/usr/local/cuda/include/sm_60_atomic_functions.h: In function 'unsigned int atomicSub_system(unsigned int*, unsigned int)':
/usr/local/cuda/include/sm_60_atomic_functions.h:77:25: warning: no return statement in function returning non-void [-Wreturn-type]
   77 | #define __DEF_IF_HOST { }
      |                         ^
/usr/local/cuda/include/sm_60_atomic_functions.h:132:72: note: in expansion of macro '__DEF_IF_HOST'
  132 | unsigned int atomicSub_system(unsigned int *address, unsigned int val) __DEF_IF_HOST
      |                                                                        ^~~~~~~~~~~~~
/usr/local/cuda/include/sm_60_atomic_functions.h: In function 'int atomicExch_block(int*, int)':
/usr/local/cuda/include/sm_60_atomic_functions.h:77:25: warning: no return statement in function returning non-void [-Wreturn-type]
   77 | #define __DEF_IF_HOST { }
      |                         ^
/usr/local/cuda/include/sm_60_atomic_functions.h:135:45: note: in expansion of macro '__DEF_IF_HOST'
  135 | int atomicExch_block(int *address, int val) __DEF_IF_HOST
      |                                             ^~~~~~~~~~~~~
/usr/local/cuda/include/sm_60_atomic_functions.h: In function 'int atomicExch_system(int*, int)':
/usr/local/cuda/include/sm_60_atomic_functions.h:77:25: warning: no return statement in function returning non-void [-Wreturn-type]
   77 | #define __DEF_IF_HOST { }
      |                         ^
/usr/local/cuda/include/sm_60_atomic_functions.h:138:46: note: in expansion of macro '__DEF_IF_HOST'
  138 | int atomicExch_system(int *address, int val) __DEF_IF_HOST
      |                                              ^~~~~~~~~~~~~
/usr/local/cuda/include/sm_60_atomic_functions.h: In function 'unsigned int atomicExch_block(unsigned int*, unsigned int)':
/usr/local/cuda/include/sm_60_atomic_functions.h:77:25: warning: no return statement in function returning non-void [-Wreturn-type]
   77 | #define __DEF_IF_HOST { }
      |                         ^
/usr/local/cuda/include/sm_60_atomic_functions.h:141:72: note: in expansion of macro '__DEF_IF_HOST'
  141 | unsigned int atomicExch_block(unsigned int *address, unsigned int val) __DEF_IF_HOST
      |                                                                        ^~~~~~~~~~~~~
/usr/local/cuda/include/sm_60_atomic_functions.h: In function 'unsigned int atomicExch_system(unsigned int*, unsigned int)':
/usr/local/cuda/include/sm_60_atomic_functions.h:77:25: warning: no return statement in function returning non-void [-Wreturn-type]
   77 | #define __DEF_IF_HOST { }
      |                         ^
/usr/local/cuda/include/sm_60_atomic_functions.h:144:73: note: in expansion of macro '__DEF_IF_HOST'
  144 | unsigned int atomicExch_system(unsigned int *address, unsigned int val) __DEF_IF_HOST
      |                                                                         ^~~~~~~~~~~~~
/usr/local/cuda/include/sm_60_atomic_functions.h: In function 'long long unsigned int atomicExch_block(long long unsigned int*, long long unsigned int)':
/usr/local/cuda/include/sm_60_atomic_functions.h:77:25: warning: no return statement in function returning non-void [-Wreturn-type]
   77 | #define __DEF_IF_HOST { }
      |                         ^
/usr/local/cuda/include/sm_60_atomic_functions.h:147:90: note: in expansion of macro '__DEF_IF_HOST'
  147 | unsigned long long atomicExch_block(unsigned long long *address, unsigned long long val) __DEF_IF_HOST
      |                                                                                          ^~~~~~~~~~~~~
/usr/local/cuda/include/sm_60_atomic_functions.h: In function 'long long unsigned int atomicExch_system(long long unsigned int*, long long unsigned int)':
/usr/local/cuda/include/sm_60_atomic_functions.h:77:25: warning: no return statement in function returning non-void [-Wreturn-type]
   77 | #define __DEF_IF_HOST { }
      |                         ^
/usr/local/cuda/include/sm_60_atomic_functions.h:150:91: note: in expansion of macro '__DEF_IF_HOST'
  150 | unsigned long long atomicExch_system(unsigned long long *address, unsigned long long val) __DEF_IF_HOST
      |                                                                                           ^~~~~~~~~~~~~
/usr/local/cuda/include/sm_60_atomic_functions.h: In function 'float atomicExch_block(float*, float)':
/usr/local/cuda/include/sm_60_atomic_functions.h:77:25: warning: no return statement in function returning non-void [-Wreturn-type]
   77 | #define __DEF_IF_HOST { }
      |                         ^
/usr/local/cuda/include/sm_60_atomic_functions.h:153:51: note: in expansion of macro '__DEF_IF_HOST'
  153 | float atomicExch_block(float *address, float val) __DEF_IF_HOST
      |                                                   ^~~~~~~~~~~~~
/usr/local/cuda/include/sm_60_atomic_functions.h: In function 'float atomicExch_system(float*, float)':
/usr/local/cuda/include/sm_60_atomic_functions.h:77:25: warning: no return statement in function returning non-void [-Wreturn-type]
   77 | #define __DEF_IF_HOST { }
      |                         ^
/usr/local/cuda/include/sm_60_atomic_functions.h:156:52: note: in expansion of macro '__DEF_IF_HOST'
  156 | float atomicExch_system(float *address, float val) __DEF_IF_HOST
      |                                                    ^~~~~~~~~~~~~
/usr/local/cuda/include/sm_60_atomic_functions.h: In function 'int atomicMin_block(int*, int)':
/usr/local/cuda/include/sm_60_atomic_functions.h:77:25: warning: no return statement in function returning non-void [-Wreturn-type]
   77 | #define __DEF_IF_HOST { }
      |                         ^
/usr/local/cuda/include/sm_60_atomic_functions.h:159:44: note: in expansion of macro '__DEF_IF_HOST'
  159 | int atomicMin_block(int *address, int val) __DEF_IF_HOST
      |                                            ^~~~~~~~~~~~~
/usr/local/cuda/include/sm_60_atomic_functions.h: In function 'int atomicMin_system(int*, int)':
/usr/local/cuda/include/sm_60_atomic_functions.h:77:25: warning: no return statement in function returning non-void [-Wreturn-type]
   77 | #define __DEF_IF_HOST { }
      |                         ^
/usr/local/cuda/include/sm_60_atomic_functions.h:162:45: note: in expansion of macro '__DEF_IF_HOST'
  162 | int atomicMin_system(int *address, int val) __DEF_IF_HOST
      |                                             ^~~~~~~~~~~~~
/usr/local/cuda/include/sm_60_atomic_functions.h: In function 'long long int atomicMin_block(long long int*, long long int)':
/usr/local/cuda/include/sm_60_atomic_functions.h:77:25: warning: no return statement in function returning non-void [-Wreturn-type]
   77 | #define __DEF_IF_HOST { }
      |                         ^
/usr/local/cuda/include/sm_60_atomic_functions.h:165:62: note: in expansion of macro '__DEF_IF_HOST'
  165 | long long atomicMin_block(long long *address, long long val) __DEF_IF_HOST
      |                                                              ^~~~~~~~~~~~~
/usr/local/cuda/include/sm_60_atomic_functions.h: In function 'long long int atomicMin_system(long long int*, long long int)':
/usr/local/cuda/include/sm_60_atomic_functions.h:77:25: warning: no return statement in function returning non-void [-Wreturn-type]
   77 | #define __DEF_IF_HOST { }
      |                         ^
/usr/local/cuda/include/sm_60_atomic_functions.h:168:63: note: in expansion of macro '__DEF_IF_HOST'
  168 | long long atomicMin_system(long long *address, long long val) __DEF_IF_HOST
      |                                                               ^~~~~~~~~~~~~
/usr/local/cuda/include/sm_60_atomic_functions.h: In function 'unsigned int atomicMin_block(unsigned int*, unsigned int)':
/usr/local/cuda/include/sm_60_atomic_functions.h:77:25: warning: no return statement in function returning non-void [-Wreturn-type]
   77 | #define __DEF_IF_HOST { }
      |                         ^
/usr/local/cuda/include/sm_60_atomic_functions.h:171:71: note: in expansion of macro '__DEF_IF_HOST'
  171 | unsigned int atomicMin_block(unsigned int *address, unsigned int val) __DEF_IF_HOST
      |                                                                       ^~~~~~~~~~~~~
/usr/local/cuda/include/sm_60_atomic_functions.h: In function 'unsigned int atomicMin_system(unsigned int*, unsigned int)':
/usr/local/cuda/include/sm_60_atomic_functions.h:77:25: warning: no return statement in function returning non-void [-Wreturn-type]
   77 | #define __DEF_IF_HOST { }
      |                         ^
/usr/local/cuda/include/sm_60_atomic_functions.h:174:72: note: in expansion of macro '__DEF_IF_HOST'
  174 | unsigned int atomicMin_system(unsigned int *address, unsigned int val) __DEF_IF_HOST
      |                                                                        ^~~~~~~~~~~~~
/usr/local/cuda/include/sm_60_atomic_functions.h: In function 'long long unsigned int atomicMin_block(long long unsigned int*, long long unsigned int)':
/usr/local/cuda/include/sm_60_atomic_functions.h:77:25: warning: no return statement in function returning non-void [-Wreturn-type]
   77 | #define __DEF_IF_HOST { }
      |                         ^
/usr/local/cuda/include/sm_60_atomic_functions.h:177:89: note: in expansion of macro '__DEF_IF_HOST'
  177 | unsigned long long atomicMin_block(unsigned long long *address, unsigned long long val) __DEF_IF_HOST
      |                                                                                         ^~~~~~~~~~~~~
/usr/local/cuda/include/sm_60_atomic_functions.h: In function 'long long unsigned int atomicMin_system(long long unsigned int*, long long unsigned int)':
/usr/local/cuda/include/sm_60_atomic_functions.h:77:25: warning: no return statement in function returning non-void [-Wreturn-type]
   77 | #define __DEF_IF_HOST { }
      |                         ^
/usr/local/cuda/include/sm_60_atomic_functions.h:180:90: note: in expansion of macro '__DEF_IF_HOST'
  180 | unsigned long long atomicMin_system(unsigned long long *address, unsigned long long val) __DEF_IF_HOST
      |                                                                                          ^~~~~~~~~~~~~
/usr/local/cuda/include/sm_60_atomic_functions.h: In function 'int atomicMax_block(int*, int)':
/usr/local/cuda/include/sm_60_atomic_functions.h:77:25: warning: no return statement in function returning non-void [-Wreturn-type]
   77 | #define __DEF_IF_HOST { }
      |                         ^
/usr/local/cuda/include/sm_60_atomic_functions.h:183:44: note: in expansion of macro '__DEF_IF_HOST'
  183 | int atomicMax_block(int *address, int val) __DEF_IF_HOST
      |                                            ^~~~~~~~~~~~~
/usr/local/cuda/include/sm_60_atomic_functions.h: In function 'int atomicMax_system(int*, int)':
/usr/local/cuda/include/sm_60_atomic_functions.h:77:25: warning: no return statement in function returning non-void [-Wreturn-type]
   77 | #define __DEF_IF_HOST { }
      |                         ^
/usr/local/cuda/include/sm_60_atomic_functions.h:186:45: note: in expansion of macro '__DEF_IF_HOST'
  186 | int atomicMax_system(int *address, int val) __DEF_IF_HOST
      |                                             ^~~~~~~~~~~~~
/usr/local/cuda/include/sm_60_atomic_functions.h: In function 'long long int atomicMax_block(long long int*, long long int)':
/usr/local/cuda/include/sm_60_atomic_functions.h:77:25: warning: no return statement in function returning non-void [-Wreturn-type]
   77 | #define __DEF_IF_HOST { }
      |                         ^
/usr/local/cuda/include/sm_60_atomic_functions.h:189:62: note: in expansion of macro '__DEF_IF_HOST'
  189 | long long atomicMax_block(long long *address, long long val) __DEF_IF_HOST
      |                                                              ^~~~~~~~~~~~~
/usr/local/cuda/include/sm_60_atomic_functions.h: In function 'long long int atomicMax_system(long long int*, long long int)':
/usr/local/cuda/include/sm_60_atomic_functions.h:77:25: warning: no return statement in function returning non-void [-Wreturn-type]
   77 | #define __DEF_IF_HOST { }
      |                         ^
/usr/local/cuda/include/sm_60_atomic_functions.h:192:63: note: in expansion of macro '__DEF_IF_HOST'
  192 | long long atomicMax_system(long long *address, long long val) __DEF_IF_HOST
      |                                                               ^~~~~~~~~~~~~
/usr/local/cuda/include/sm_60_atomic_functions.h: In function 'unsigned int atomicMax_block(unsigned int*, unsigned int)':
/usr/local/cuda/include/sm_60_atomic_functions.h:77:25: warning: no return statement in function returning non-void [-Wreturn-type]
   77 | #define __DEF_IF_HOST { }
      |                         ^
/usr/local/cuda/include/sm_60_atomic_functions.h:195:71: note: in expansion of macro '__DEF_IF_HOST'
  195 | unsigned int atomicMax_block(unsigned int *address, unsigned int val) __DEF_IF_HOST
      |                                                                       ^~~~~~~~~~~~~
/usr/local/cuda/include/sm_60_atomic_functions.h: In function 'unsigned int atomicMax_system(unsigned int*, unsigned int)':
/usr/local/cuda/include/sm_60_atomic_functions.h:77:25: warning: no return statement in function returning non-void [-Wreturn-type]
   77 | #define __DEF_IF_HOST { }
      |                         ^
/usr/local/cuda/include/sm_60_atomic_functions.h:198:72: note: in expansion of macro '__DEF_IF_HOST'
  198 | unsigned int atomicMax_system(unsigned int *address, unsigned int val) __DEF_IF_HOST
      |                                                                        ^~~~~~~~~~~~~
/usr/local/cuda/include/sm_60_atomic_functions.h: In function 'long long unsigned int atomicMax_block(long long unsigned int*, long long unsigned int)':
/usr/local/cuda/include/sm_60_atomic_functions.h:77:25: warning: no return statement in function returning non-void [-Wreturn-type]
   77 | #define __DEF_IF_HOST { }
      |                         ^
/usr/local/cuda/include/sm_60_atomic_functions.h:201:89: note: in expansion of macro '__DEF_IF_HOST'
  201 | unsigned long long atomicMax_block(unsigned long long *address, unsigned long long val) __DEF_IF_HOST
      |                                                                                         ^~~~~~~~~~~~~
/usr/local/cuda/include/sm_60_atomic_functions.h: In function 'long long unsigned int atomicMax_system(long long unsigned int*, long long unsigned int)':
/usr/local/cuda/include/sm_60_atomic_functions.h:77:25: warning: no return statement in function returning non-void [-Wreturn-type]
   77 | #define __DEF_IF_HOST { }
      |                         ^
/usr/local/cuda/include/sm_60_atomic_functions.h:204:90: note: in expansion of macro '__DEF_IF_HOST'
  204 | unsigned long long atomicMax_system(unsigned long long *address, unsigned long long val) __DEF_IF_HOST
      |                                                                                          ^~~~~~~~~~~~~
/usr/local/cuda/include/sm_60_atomic_functions.h: In function 'unsigned int atomicInc_block(unsigned int*, unsigned int)':
/usr/local/cuda/include/sm_60_atomic_functions.h:77:25: warning: no return statement in function returning non-void [-Wreturn-type]
   77 | #define __DEF_IF_HOST { }
      |                         ^
/usr/local/cuda/include/sm_60_atomic_functions.h:207:71: note: in expansion of macro '__DEF_IF_HOST'
  207 | unsigned int atomicInc_block(unsigned int *address, unsigned int val) __DEF_IF_HOST
      |                                                                       ^~~~~~~~~~~~~
/usr/local/cuda/include/sm_60_atomic_functions.h: In function 'unsigned int atomicInc_system(unsigned int*, unsigned int)':
/usr/local/cuda/include/sm_60_atomic_functions.h:77:25: warning: no return statement in function returning non-void [-Wreturn-type]
   77 | #define __DEF_IF_HOST { }
      |                         ^
/usr/local/cuda/include/sm_60_atomic_functions.h:210:72: note: in expansion of macro '__DEF_IF_HOST'
  210 | unsigned int atomicInc_system(unsigned int *address, unsigned int val) __DEF_IF_HOST
      |                                                                        ^~~~~~~~~~~~~
/usr/local/cuda/include/sm_60_atomic_functions.h: In function 'unsigned int atomicDec_block(unsigned int*, unsigned int)':
/usr/local/cuda/include/sm_60_atomic_functions.h:77:25: warning: no return statement in function returning non-void [-Wreturn-type]
   77 | #define __DEF_IF_HOST { }
      |                         ^
/usr/local/cuda/include/sm_60_atomic_functions.h:213:71: note: in expansion of macro '__DEF_IF_HOST'
  213 | unsigned int atomicDec_block(unsigned int *address, unsigned int val) __DEF_IF_HOST
      |                                                                       ^~~~~~~~~~~~~
/usr/local/cuda/include/sm_60_atomic_functions.h: In function 'unsigned int atomicDec_system(unsigned int*, unsigned int)':
/usr/local/cuda/include/sm_60_atomic_functions.h:77:25: warning: no return statement in function returning non-void [-Wreturn-type]
   77 | #define __DEF_IF_HOST { }
      |                         ^
/usr/local/cuda/include/sm_60_atomic_functions.h:216:72: note: in expansion of macro '__DEF_IF_HOST'
  216 | unsigned int atomicDec_system(unsigned int *address, unsigned int val) __DEF_IF_HOST
      |                                                                        ^~~~~~~~~~~~~
/usr/local/cuda/include/sm_60_atomic_functions.h: In function 'int atomicCAS_block(int*, int, int)':
/usr/local/cuda/include/sm_60_atomic_functions.h:77:25: warning: no return statement in function returning non-void [-Wreturn-type]
   77 | #define __DEF_IF_HOST { }
      |                         ^
/usr/local/cuda/include/sm_60_atomic_functions.h:219:57: note: in expansion of macro '__DEF_IF_HOST'
  219 | int atomicCAS_block(int *address, int compare, int val) __DEF_IF_HOST
      |                                                         ^~~~~~~~~~~~~
/usr/local/cuda/include/sm_60_atomic_functions.h: In function 'int atomicCAS_system(int*, int, int)':
/usr/local/cuda/include/sm_60_atomic_functions.h:77:25: warning: no return statement in function returning non-void [-Wreturn-type]
   77 | #define __DEF_IF_HOST { }
      |                         ^
/usr/local/cuda/include/sm_60_atomic_functions.h:222:58: note: in expansion of macro '__DEF_IF_HOST'
  222 | int atomicCAS_system(int *address, int compare, int val) __DEF_IF_HOST
      |                                                          ^~~~~~~~~~~~~
/usr/local/cuda/include/sm_60_atomic_functions.h: In function 'unsigned int atomicCAS_block(unsigned int*, unsigned int, unsigned int)':
/usr/local/cuda/include/sm_60_atomic_functions.h:77:25: warning: no return statement in function returning non-void [-Wreturn-type]
   77 | #define __DEF_IF_HOST { }
      |                         ^
/usr/local/cuda/include/sm_60_atomic_functions.h:226:48: note: in expansion of macro '__DEF_IF_HOST'
  226 |                              unsigned int val) __DEF_IF_HOST
      |                                                ^~~~~~~~~~~~~
/usr/local/cuda/include/sm_60_atomic_functions.h: In function 'unsigned int atomicCAS_system(unsigned int*, unsigned int, unsigned int)':
/usr/local/cuda/include/sm_60_atomic_functions.h:77:25: warning: no return statement in function returning non-void [-Wreturn-type]
   77 | #define __DEF_IF_HOST { }
      |                         ^
/usr/local/cuda/include/sm_60_atomic_functions.h:230:49: note: in expansion of macro '__DEF_IF_HOST'
  230 |                               unsigned int val) __DEF_IF_HOST
      |                                                 ^~~~~~~~~~~~~
/usr/local/cuda/include/sm_60_atomic_functions.h: In function 'long long unsigned int atomicCAS_block(long long unsigned int*, long long unsigned int, long long unsigned int)':
/usr/local/cuda/include/sm_60_atomic_functions.h:77:25: warning: no return statement in function returning non-void [-Wreturn-type]
   77 | #define __DEF_IF_HOST { }
      |                         ^
/usr/local/cuda/include/sm_60_atomic_functions.h:235:68: note: in expansion of macro '__DEF_IF_HOST'
  235 |                                        unsigned long long int val) __DEF_IF_HOST
      |                                                                    ^~~~~~~~~~~~~
/usr/local/cuda/include/sm_60_atomic_functions.h: In function 'long long unsigned int atomicCAS_system(long long unsigned int*, long long unsigned int, long long unsigned int)':
/usr/local/cuda/include/sm_60_atomic_functions.h:77:25: warning: no return statement in function returning non-void [-Wreturn-type]
   77 | #define __DEF_IF_HOST { }
      |                         ^
/usr/local/cuda/include/sm_60_atomic_functions.h:240:69: note: in expansion of macro '__DEF_IF_HOST'
  240 |                                         unsigned long long int val) __DEF_IF_HOST
      |                                                                     ^~~~~~~~~~~~~
/usr/local/cuda/include/sm_60_atomic_functions.h: In function 'int atomicAnd_block(int*, int)':
/usr/local/cuda/include/sm_60_atomic_functions.h:77:25: warning: no return statement in function returning non-void [-Wreturn-type]
   77 | #define __DEF_IF_HOST { }
      |                         ^
/usr/local/cuda/include/sm_60_atomic_functions.h:243:44: note: in expansion of macro '__DEF_IF_HOST'
  243 | int atomicAnd_block(int *address, int val) __DEF_IF_HOST
      |                                            ^~~~~~~~~~~~~
/usr/local/cuda/include/sm_60_atomic_functions.h: In function 'int atomicAnd_system(int*, int)':
/usr/local/cuda/include/sm_60_atomic_functions.h:77:25: warning: no return statement in function returning non-void [-Wreturn-type]
   77 | #define __DEF_IF_HOST { }
      |                         ^
/usr/local/cuda/include/sm_60_atomic_functions.h:246:45: note: in expansion of macro '__DEF_IF_HOST'
  246 | int atomicAnd_system(int *address, int val) __DEF_IF_HOST
      |                                             ^~~~~~~~~~~~~
/usr/local/cuda/include/sm_60_atomic_functions.h: In function 'long long int atomicAnd_block(long long int*, long long int)':
/usr/local/cuda/include/sm_60_atomic_functions.h:77:25: warning: no return statement in function returning non-void [-Wreturn-type]
   77 | #define __DEF_IF_HOST { }
      |                         ^
/usr/local/cuda/include/sm_60_atomic_functions.h:249:62: note: in expansion of macro '__DEF_IF_HOST'
  249 | long long atomicAnd_block(long long *address, long long val) __DEF_IF_HOST
      |                                                              ^~~~~~~~~~~~~
/usr/local/cuda/include/sm_60_atomic_functions.h: In function 'long long int atomicAnd_system(long long int*, long long int)':
/usr/local/cuda/include/sm_60_atomic_functions.h:77:25: warning: no return statement in function returning non-void [-Wreturn-type]
   77 | #define __DEF_IF_HOST { }
      |                         ^
/usr/local/cuda/include/sm_60_atomic_functions.h:252:63: note: in expansion of macro '__DEF_IF_HOST'
  252 | long long atomicAnd_system(long long *address, long long val) __DEF_IF_HOST
      |                                                               ^~~~~~~~~~~~~
/usr/local/cuda/include/sm_60_atomic_functions.h: In function 'unsigned int atomicAnd_block(unsigned int*, unsigned int)':
/usr/local/cuda/include/sm_60_atomic_functions.h:77:25: warning: no return statement in function returning non-void [-Wreturn-type]
   77 | #define __DEF_IF_HOST { }
      |                         ^
/usr/local/cuda/include/sm_60_atomic_functions.h:255:71: note: in expansion of macro '__DEF_IF_HOST'
  255 | unsigned int atomicAnd_block(unsigned int *address, unsigned int val) __DEF_IF_HOST
      |                                                                       ^~~~~~~~~~~~~
/usr/local/cuda/include/sm_60_atomic_functions.h: In function 'unsigned int atomicAnd_system(unsigned int*, unsigned int)':
/usr/local/cuda/include/sm_60_atomic_functions.h:77:25: warning: no return statement in function returning non-void [-Wreturn-type]
   77 | #define __DEF_IF_HOST { }
      |                         ^
/usr/local/cuda/include/sm_60_atomic_functions.h:258:72: note: in expansion of macro '__DEF_IF_HOST'
  258 | unsigned int atomicAnd_system(unsigned int *address, unsigned int val) __DEF_IF_HOST
      |                                                                        ^~~~~~~~~~~~~
/usr/local/cuda/include/sm_60_atomic_functions.h: In function 'long long unsigned int atomicAnd_block(long long unsigned int*, long long unsigned int)':
/usr/local/cuda/include/sm_60_atomic_functions.h:77:25: warning: no return statement in function returning non-void [-Wreturn-type]
   77 | #define __DEF_IF_HOST { }
      |                         ^
/usr/local/cuda/include/sm_60_atomic_functions.h:261:89: note: in expansion of macro '__DEF_IF_HOST'
  261 | unsigned long long atomicAnd_block(unsigned long long *address, unsigned long long val) __DEF_IF_HOST
      |                                                                                         ^~~~~~~~~~~~~
/usr/local/cuda/include/sm_60_atomic_functions.h: In function 'long long unsigned int atomicAnd_system(long long unsigned int*, long long unsigned int)':
/usr/local/cuda/include/sm_60_atomic_functions.h:77:25: warning: no return statement in function returning non-void [-Wreturn-type]
   77 | #define __DEF_IF_HOST { }
      |                         ^
/usr/local/cuda/include/sm_60_atomic_functions.h:264:90: note: in expansion of macro '__DEF_IF_HOST'
  264 | unsigned long long atomicAnd_system(unsigned long long *address, unsigned long long val) __DEF_IF_HOST
      |                                                                                          ^~~~~~~~~~~~~
/usr/local/cuda/include/sm_60_atomic_functions.h: In function 'int atomicOr_block(int*, int)':
/usr/local/cuda/include/sm_60_atomic_functions.h:77:25: warning: no return statement in function returning non-void [-Wreturn-type]
   77 | #define __DEF_IF_HOST { }
      |                         ^
/usr/local/cuda/include/sm_60_atomic_functions.h:267:43: note: in expansion of macro '__DEF_IF_HOST'
  267 | int atomicOr_block(int *address, int val) __DEF_IF_HOST
      |                                           ^~~~~~~~~~~~~
/usr/local/cuda/include/sm_60_atomic_functions.h: In function 'int atomicOr_system(int*, int)':
/usr/local/cuda/include/sm_60_atomic_functions.h:77:25: warning: no return statement in function returning non-void [-Wreturn-type]
   77 | #define __DEF_IF_HOST { }
      |                         ^
/usr/local/cuda/include/sm_60_atomic_functions.h:270:44: note: in expansion of macro '__DEF_IF_HOST'
  270 | int atomicOr_system(int *address, int val) __DEF_IF_HOST
      |                                            ^~~~~~~~~~~~~
/usr/local/cuda/include/sm_60_atomic_functions.h: In function 'long long int atomicOr_block(long long int*, long long int)':
/usr/local/cuda/include/sm_60_atomic_functions.h:77:25: warning: no return statement in function returning non-void [-Wreturn-type]
   77 | #define __DEF_IF_HOST { }
      |                         ^
/usr/local/cuda/include/sm_60_atomic_functions.h:273:61: note: in expansion of macro '__DEF_IF_HOST'
  273 | long long atomicOr_block(long long *address, long long val) __DEF_IF_HOST
      |                                                             ^~~~~~~~~~~~~
/usr/local/cuda/include/sm_60_atomic_functions.h: In function 'long long int atomicOr_system(long long int*, long long int)':
/usr/local/cuda/include/sm_60_atomic_functions.h:77:25: warning: no return statement in function returning non-void [-Wreturn-type]
   77 | #define __DEF_IF_HOST { }
      |                         ^
/usr/local/cuda/include/sm_60_atomic_functions.h:276:62: note: in expansion of macro '__DEF_IF_HOST'
  276 | long long atomicOr_system(long long *address, long long val) __DEF_IF_HOST
      |                                                              ^~~~~~~~~~~~~
/usr/local/cuda/include/sm_60_atomic_functions.h: In function 'unsigned int atomicOr_block(unsigned int*, unsigned int)':
/usr/local/cuda/include/sm_60_atomic_functions.h:77:25: warning: no return statement in function returning non-void [-Wreturn-type]
   77 | #define __DEF_IF_HOST { }
      |                         ^
/usr/local/cuda/include/sm_60_atomic_functions.h:279:70: note: in expansion of macro '__DEF_IF_HOST'
  279 | unsigned int atomicOr_block(unsigned int *address, unsigned int val) __DEF_IF_HOST
      |                                                                      ^~~~~~~~~~~~~
/usr/local/cuda/include/sm_60_atomic_functions.h: In function 'unsigned int atomicOr_system(unsigned int*, unsigned int)':
/usr/local/cuda/include/sm_60_atomic_functions.h:77:25: warning: no return statement in function returning non-void [-Wreturn-type]
   77 | #define __DEF_IF_HOST { }
      |                         ^
/usr/local/cuda/include/sm_60_atomic_functions.h:282:71: note: in expansion of macro '__DEF_IF_HOST'
  282 | unsigned int atomicOr_system(unsigned int *address, unsigned int val) __DEF_IF_HOST
      |                                                                       ^~~~~~~~~~~~~
/usr/local/cuda/include/sm_60_atomic_functions.h: In function 'long long unsigned int atomicOr_block(long long unsigned int*, long long unsigned int)':
/usr/local/cuda/include/sm_60_atomic_functions.h:77:25: warning: no return statement in function returning non-void [-Wreturn-type]
   77 | #define __DEF_IF_HOST { }
      |                         ^
/usr/local/cuda/include/sm_60_atomic_functions.h:285:88: note: in expansion of macro '__DEF_IF_HOST'
  285 | unsigned long long atomicOr_block(unsigned long long *address, unsigned long long val) __DEF_IF_HOST
      |                                                                                        ^~~~~~~~~~~~~
/usr/local/cuda/include/sm_60_atomic_functions.h: In function 'long long unsigned int atomicOr_system(long long unsigned int*, long long unsigned int)':
/usr/local/cuda/include/sm_60_atomic_functions.h:77:25: warning: no return statement in function returning non-void [-Wreturn-type]
   77 | #define __DEF_IF_HOST { }
      |                         ^
/usr/local/cuda/include/sm_60_atomic_functions.h:288:89: note: in expansion of macro '__DEF_IF_HOST'
  288 | unsigned long long atomicOr_system(unsigned long long *address, unsigned long long val) __DEF_IF_HOST
      |                                                                                         ^~~~~~~~~~~~~
/usr/local/cuda/include/sm_60_atomic_functions.h: In function 'int atomicXor_block(int*, int)':
/usr/local/cuda/include/sm_60_atomic_functions.h:77:25: warning: no return statement in function returning non-void [-Wreturn-type]
   77 | #define __DEF_IF_HOST { }
      |                         ^
/usr/local/cuda/include/sm_60_atomic_functions.h:291:44: note: in expansion of macro '__DEF_IF_HOST'
  291 | int atomicXor_block(int *address, int val) __DEF_IF_HOST
      |                                            ^~~~~~~~~~~~~
/usr/local/cuda/include/sm_60_atomic_functions.h: In function 'int atomicXor_system(int*, int)':
/usr/local/cuda/include/sm_60_atomic_functions.h:77:25: warning: no return statement in function returning non-void [-Wreturn-type]
   77 | #define __DEF_IF_HOST { }
      |                         ^
/usr/local/cuda/include/sm_60_atomic_functions.h:294:45: note: in expansion of macro '__DEF_IF_HOST'
  294 | int atomicXor_system(int *address, int val) __DEF_IF_HOST
      |                                             ^~~~~~~~~~~~~
/usr/local/cuda/include/sm_60_atomic_functions.h: In function 'long long int atomicXor_block(long long int*, long long int)':
/usr/local/cuda/include/sm_60_atomic_functions.h:77:25: warning: no return statement in function returning non-void [-Wreturn-type]
   77 | #define __DEF_IF_HOST { }
      |                         ^
/usr/local/cuda/include/sm_60_atomic_functions.h:297:62: note: in expansion of macro '__DEF_IF_HOST'
  297 | long long atomicXor_block(long long *address, long long val) __DEF_IF_HOST
      |                                                              ^~~~~~~~~~~~~
/usr/local/cuda/include/sm_60_atomic_functions.h: In function 'long long int atomicXor_system(long long int*, long long int)':
/usr/local/cuda/include/sm_60_atomic_functions.h:77:25: warning: no return statement in function returning non-void [-Wreturn-type]
   77 | #define __DEF_IF_HOST { }
      |                         ^
/usr/local/cuda/include/sm_60_atomic_functions.h:300:63: note: in expansion of macro '__DEF_IF_HOST'
  300 | long long atomicXor_system(long long *address, long long val) __DEF_IF_HOST
      |                                                               ^~~~~~~~~~~~~
/usr/local/cuda/include/sm_60_atomic_functions.h: In function 'unsigned int atomicXor_block(unsigned int*, unsigned int)':
/usr/local/cuda/include/sm_60_atomic_functions.h:77:25: warning: no return statement in function returning non-void [-Wreturn-type]
   77 | #define __DEF_IF_HOST { }
      |                         ^
/usr/local/cuda/include/sm_60_atomic_functions.h:303:71: note: in expansion of macro '__DEF_IF_HOST'
  303 | unsigned int atomicXor_block(unsigned int *address, unsigned int val) __DEF_IF_HOST
      |                                                                       ^~~~~~~~~~~~~
/usr/local/cuda/include/sm_60_atomic_functions.h: In function 'unsigned int atomicXor_system(unsigned int*, unsigned int)':
/usr/local/cuda/include/sm_60_atomic_functions.h:77:25: warning: no return statement in function returning non-void [-Wreturn-type]
   77 | #define __DEF_IF_HOST { }
      |                         ^
/usr/local/cuda/include/sm_60_atomic_functions.h:306:72: note: in expansion of macro '__DEF_IF_HOST'
  306 | unsigned int atomicXor_system(unsigned int *address, unsigned int val) __DEF_IF_HOST
      |                                                                        ^~~~~~~~~~~~~
/usr/local/cuda/include/sm_60_atomic_functions.h: In function 'long long unsigned int atomicXor_block(long long unsigned int*, long long unsigned int)':
/usr/local/cuda/include/sm_60_atomic_functions.h:77:25: warning: no return statement in function returning non-void [-Wreturn-type]
   77 | #define __DEF_IF_HOST { }
      |                         ^
/usr/local/cuda/include/sm_60_atomic_functions.h:309:89: note: in expansion of macro '__DEF_IF_HOST'
  309 | unsigned long long atomicXor_block(unsigned long long *address, unsigned long long val) __DEF_IF_HOST
      |                                                                                         ^~~~~~~~~~~~~
/usr/local/cuda/include/sm_60_atomic_functions.h: In function 'long long unsigned int atomicXor_system(long long unsigned int*, long long unsigned int)':
/usr/local/cuda/include/sm_60_atomic_functions.h:77:25: warning: no return statement in function returning non-void [-Wreturn-type]
   77 | #define __DEF_IF_HOST { }
      |                         ^
/usr/local/cuda/include/sm_60_atomic_functions.h:312:90: note: in expansion of macro '__DEF_IF_HOST'
  312 | unsigned long long atomicXor_system(unsigned long long *address, unsigned long long val) __DEF_IF_HOST
      |                                                                                          ^~~~~~~~~~~~~
In file included from /usr/local/cuda/include/crt/device_functions.h:3621,
                 from /home/GVirtuS/GVirtuS/plugins/cudart/backend/CudaRtHandler.h:71,
                 from /home/GVirtuS/GVirtuS/plugins/cudart/backend/CudaRtHandler_event.cpp:26:
/usr/local/cuda/include/sm_20_intrinsics.h: In function 'unsigned int ballot(bool)':
/usr/local/cuda/include/sm_20_intrinsics.h:75:25: warning: no return statement in function returning non-void [-Wreturn-type]
   75 | #define __DEF_IF_HOST { }
      |                         ^
/usr/local/cuda/include/sm_20_intrinsics.h:1522:110: note: in expansion of macro '__DEF_IF_HOST'
 1522 | __SM_20_INTRINSICS_DECL__ __DEPRECATED__(__WSB_DEPRECATION_MESSAGE(__ballot)) unsigned int ballot(bool pred) __DEF_IF_HOST
      |                                                                                                              ^~~~~~~~~~~~~
/usr/local/cuda/include/sm_20_intrinsics.h: In function 'int syncthreads_count(bool)':
/usr/local/cuda/include/sm_20_intrinsics.h:75:25: warning: no return statement in function returning non-void [-Wreturn-type]
   75 | #define __DEF_IF_HOST { }
      |                         ^
/usr/local/cuda/include/sm_20_intrinsics.h:1524:60: note: in expansion of macro '__DEF_IF_HOST'
 1524 | __SM_20_INTRINSICS_DECL__ int syncthreads_count(bool pred) __DEF_IF_HOST
      |                                                            ^~~~~~~~~~~~~
/usr/local/cuda/include/sm_20_intrinsics.h: In function 'bool syncthreads_and(bool)':
/usr/local/cuda/include/sm_20_intrinsics.h:75:25: warning: no return statement in function returning non-void [-Wreturn-type]
   75 | #define __DEF_IF_HOST { }
      |                         ^
/usr/local/cuda/include/sm_20_intrinsics.h:1526:59: note: in expansion of macro '__DEF_IF_HOST'
 1526 | __SM_20_INTRINSICS_DECL__ bool syncthreads_and(bool pred) __DEF_IF_HOST
      |                                                           ^~~~~~~~~~~~~
/usr/local/cuda/include/sm_20_intrinsics.h: In function 'bool syncthreads_or(bool)':
/usr/local/cuda/include/sm_20_intrinsics.h:75:25: warning: no return statement in function returning non-void [-Wreturn-type]
   75 | #define __DEF_IF_HOST { }
      |                         ^
/usr/local/cuda/include/sm_20_intrinsics.h:1528:58: note: in expansion of macro '__DEF_IF_HOST'
 1528 | __SM_20_INTRINSICS_DECL__ bool syncthreads_or(bool pred) __DEF_IF_HOST
      |                                                          ^~~~~~~~~~~~~
/usr/local/cuda/include/sm_20_intrinsics.h: In function 'unsigned int __isGlobal(const void*)':
/usr/local/cuda/include/sm_20_intrinsics.h:75:25: warning: no return statement in function returning non-void [-Wreturn-type]
   75 | #define __DEF_IF_HOST { }
      |                         ^
/usr/local/cuda/include/sm_20_intrinsics.h:1533:68: note: in expansion of macro '__DEF_IF_HOST'
 1533 | __SM_20_INTRINSICS_DECL__ unsigned int __isGlobal(const void *ptr) __DEF_IF_HOST
      |                                                                    ^~~~~~~~~~~~~
/usr/local/cuda/include/sm_20_intrinsics.h: In function 'unsigned int __isShared(const void*)':
/usr/local/cuda/include/sm_20_intrinsics.h:75:25: warning: no return statement in function returning non-void [-Wreturn-type]
   75 | #define __DEF_IF_HOST { }
      |                         ^
/usr/local/cuda/include/sm_20_intrinsics.h:1534:68: note: in expansion of macro '__DEF_IF_HOST'
 1534 | __SM_20_INTRINSICS_DECL__ unsigned int __isShared(const void *ptr) __DEF_IF_HOST
      |                                                                    ^~~~~~~~~~~~~
/usr/local/cuda/include/sm_20_intrinsics.h: In function 'unsigned int __isConstant(const void*)':
/usr/local/cuda/include/sm_20_intrinsics.h:75:25: warning: no return statement in function returning non-void [-Wreturn-type]
   75 | #define __DEF_IF_HOST { }
      |                         ^
/usr/local/cuda/include/sm_20_intrinsics.h:1535:70: note: in expansion of macro '__DEF_IF_HOST'
 1535 | __SM_20_INTRINSICS_DECL__ unsigned int __isConstant(const void *ptr) __DEF_IF_HOST
      |                                                                      ^~~~~~~~~~~~~
/usr/local/cuda/include/sm_20_intrinsics.h: In function 'unsigned int __isLocal(const void*)':
/usr/local/cuda/include/sm_20_intrinsics.h:75:25: warning: no return statement in function returning non-void [-Wreturn-type]
   75 | #define __DEF_IF_HOST { }
      |                         ^
/usr/local/cuda/include/sm_20_intrinsics.h:1536:67: note: in expansion of macro '__DEF_IF_HOST'
 1536 | __SM_20_INTRINSICS_DECL__ unsigned int __isLocal(const void *ptr) __DEF_IF_HOST
      |                                                                   ^~~~~~~~~~~~~
/usr/local/cuda/include/sm_20_intrinsics.h: In function 'unsigned int __isGridConstant(const void*)':
/usr/local/cuda/include/sm_20_intrinsics.h:75:25: warning: no return statement in function returning non-void [-Wreturn-type]
   75 | #define __DEF_IF_HOST { }
      |                         ^
/usr/local/cuda/include/sm_20_intrinsics.h:1538:74: note: in expansion of macro '__DEF_IF_HOST'
 1538 | __SM_20_INTRINSICS_DECL__ unsigned int __isGridConstant(const void *ptr) __DEF_IF_HOST
      |                                                                          ^~~~~~~~~~~~~
/usr/local/cuda/include/sm_20_intrinsics.h: In function 'size_t __cvta_generic_to_global(const void*)':
/usr/local/cuda/include/sm_20_intrinsics.h:75:25: warning: no return statement in function returning non-void [-Wreturn-type]
   75 | #define __DEF_IF_HOST { }
      |                         ^
/usr/local/cuda/include/sm_20_intrinsics.h:1540:76: note: in expansion of macro '__DEF_IF_HOST'
 1540 | __SM_20_INTRINSICS_DECL__ size_t __cvta_generic_to_global(const void *ptr) __DEF_IF_HOST
      |                                                                            ^~~~~~~~~~~~~
/usr/local/cuda/include/sm_20_intrinsics.h: In function 'size_t __cvta_generic_to_shared(const void*)':
/usr/local/cuda/include/sm_20_intrinsics.h:75:25: warning: no return statement in function returning non-void [-Wreturn-type]
   75 | #define __DEF_IF_HOST { }
      |                         ^
/usr/local/cuda/include/sm_20_intrinsics.h:1541:76: note: in expansion of macro '__DEF_IF_HOST'
 1541 | __SM_20_INTRINSICS_DECL__ size_t __cvta_generic_to_shared(const void *ptr) __DEF_IF_HOST
      |                                                                            ^~~~~~~~~~~~~
/usr/local/cuda/include/sm_20_intrinsics.h: In function 'size_t __cvta_generic_to_constant(const void*)':
/usr/local/cuda/include/sm_20_intrinsics.h:75:25: warning: no return statement in function returning non-void [-Wreturn-type]
   75 | #define __DEF_IF_HOST { }
      |                         ^
/usr/local/cuda/include/sm_20_intrinsics.h:1542:78: note: in expansion of macro '__DEF_IF_HOST'
 1542 | __SM_20_INTRINSICS_DECL__ size_t __cvta_generic_to_constant(const void *ptr) __DEF_IF_HOST
      |                                                                              ^~~~~~~~~~~~~
/usr/local/cuda/include/sm_20_intrinsics.h: In function 'size_t __cvta_generic_to_local(const void*)':
/usr/local/cuda/include/sm_20_intrinsics.h:75:25: warning: no return statement in function returning non-void [-Wreturn-type]
   75 | #define __DEF_IF_HOST { }
      |                         ^
/usr/local/cuda/include/sm_20_intrinsics.h:1543:75: note: in expansion of macro '__DEF_IF_HOST'
 1543 | __SM_20_INTRINSICS_DECL__ size_t __cvta_generic_to_local(const void *ptr) __DEF_IF_HOST
      |                                                                           ^~~~~~~~~~~~~
/usr/local/cuda/include/sm_20_intrinsics.h: In function 'size_t __cvta_generic_to_grid_constant(const void*)':
/usr/local/cuda/include/sm_20_intrinsics.h:75:25: warning: no return statement in function returning non-void [-Wreturn-type]
   75 | #define __DEF_IF_HOST { }
      |                         ^
/usr/local/cuda/include/sm_20_intrinsics.h:1545:83: note: in expansion of macro '__DEF_IF_HOST'
 1545 | __SM_20_INTRINSICS_DECL__ size_t __cvta_generic_to_grid_constant(const void *ptr) __DEF_IF_HOST
      |                                                                                   ^~~~~~~~~~~~~
/usr/local/cuda/include/sm_20_intrinsics.h: In function 'void* __cvta_global_to_generic(size_t)':
/usr/local/cuda/include/sm_20_intrinsics.h:75:25: warning: no return statement in function returning non-void [-Wreturn-type]
   75 | #define __DEF_IF_HOST { }
      |                         ^
/usr/local/cuda/include/sm_20_intrinsics.h:1548:75: note: in expansion of macro '__DEF_IF_HOST'
 1548 | __SM_20_INTRINSICS_DECL__ void * __cvta_global_to_generic(size_t rawbits) __DEF_IF_HOST
      |                                                                           ^~~~~~~~~~~~~
/usr/local/cuda/include/sm_20_intrinsics.h: In function 'void* __cvta_shared_to_generic(size_t)':
/usr/local/cuda/include/sm_20_intrinsics.h:75:25: warning: no return statement in function returning non-void [-Wreturn-type]
   75 | #define __DEF_IF_HOST { }
      |                         ^
/usr/local/cuda/include/sm_20_intrinsics.h:1549:75: note: in expansion of macro '__DEF_IF_HOST'
 1549 | __SM_20_INTRINSICS_DECL__ void * __cvta_shared_to_generic(size_t rawbits) __DEF_IF_HOST
      |                                                                           ^~~~~~~~~~~~~
/usr/local/cuda/include/sm_20_intrinsics.h: In function 'void* __cvta_constant_to_generic(size_t)':
/usr/local/cuda/include/sm_20_intrinsics.h:75:25: warning: no return statement in function returning non-void [-Wreturn-type]
   75 | #define __DEF_IF_HOST { }
      |                         ^
/usr/local/cuda/include/sm_20_intrinsics.h:1550:77: note: in expansion of macro '__DEF_IF_HOST'
 1550 | __SM_20_INTRINSICS_DECL__ void * __cvta_constant_to_generic(size_t rawbits) __DEF_IF_HOST
      |                                                                             ^~~~~~~~~~~~~
/usr/local/cuda/include/sm_20_intrinsics.h: In function 'void* __cvta_local_to_generic(size_t)':
/usr/local/cuda/include/sm_20_intrinsics.h:75:25: warning: no return statement in function returning non-void [-Wreturn-type]
   75 | #define __DEF_IF_HOST { }
      |                         ^
/usr/local/cuda/include/sm_20_intrinsics.h:1551:74: note: in expansion of macro '__DEF_IF_HOST'
 1551 | __SM_20_INTRINSICS_DECL__ void * __cvta_local_to_generic(size_t rawbits) __DEF_IF_HOST
      |                                                                          ^~~~~~~~~~~~~
/usr/local/cuda/include/sm_20_intrinsics.h: In function 'void* __cvta_grid_constant_to_generic(size_t)':
/usr/local/cuda/include/sm_20_intrinsics.h:75:25: warning: no return statement in function returning non-void [-Wreturn-type]
   75 | #define __DEF_IF_HOST { }
      |                         ^
/usr/local/cuda/include/sm_20_intrinsics.h:1553:82: note: in expansion of macro '__DEF_IF_HOST'
 1553 | __SM_20_INTRINSICS_DECL__ void * __cvta_grid_constant_to_generic(size_t rawbits) __DEF_IF_HOST
      |                                                                                  ^~~~~~~~~~~~~
In file included from /usr/local/cuda/include/crt/device_functions.h:3622,
                 from /home/GVirtuS/GVirtuS/plugins/cudart/backend/CudaRtHandler.h:71,
                 from /home/GVirtuS/GVirtuS/plugins/cudart/backend/CudaRtHandler_event.cpp:26:
/usr/local/cuda/include/sm_30_intrinsics.h: In function 'unsigned int __fns(unsigned int, unsigned int, int)':
/usr/local/cuda/include/sm_30_intrinsics.h:76:25: warning: no return statement in function returning non-void [-Wreturn-type]
   76 | #define __DEF_IF_HOST { }
      |                         ^
/usr/local/cuda/include/sm_30_intrinsics.h:123:85: note: in expansion of macro '__DEF_IF_HOST'
  123 | __SM_30_INTRINSICS_DECL__ unsigned  __fns(unsigned mask, unsigned base, int offset) __DEF_IF_HOST
      |                                                                                     ^~~~~~~~~~~~~
/usr/local/cuda/include/sm_30_intrinsics.h: In function 'int __all_sync(unsigned int, int)':
/usr/local/cuda/include/sm_30_intrinsics.h:76:25: warning: no return statement in function returning non-void [-Wreturn-type]
   76 | #define __DEF_IF_HOST { }
      |                         ^
/usr/local/cuda/include/sm_30_intrinsics.h:127:67: note: in expansion of macro '__DEF_IF_HOST'
  127 | __SM_30_INTRINSICS_DECL__ int __all_sync(unsigned mask, int pred) __DEF_IF_HOST
      |                                                                   ^~~~~~~~~~~~~
/usr/local/cuda/include/sm_30_intrinsics.h: In function 'int __any_sync(unsigned int, int)':
/usr/local/cuda/include/sm_30_intrinsics.h:76:25: warning: no return statement in function returning non-void [-Wreturn-type]
   76 | #define __DEF_IF_HOST { }
      |                         ^
/usr/local/cuda/include/sm_30_intrinsics.h:128:67: note: in expansion of macro '__DEF_IF_HOST'
  128 | __SM_30_INTRINSICS_DECL__ int __any_sync(unsigned mask, int pred) __DEF_IF_HOST
      |                                                                   ^~~~~~~~~~~~~
/usr/local/cuda/include/sm_30_intrinsics.h: In function 'int __uni_sync(unsigned int, int)':
/usr/local/cuda/include/sm_30_intrinsics.h:76:25: warning: no return statement in function returning non-void [-Wreturn-type]
   76 | #define __DEF_IF_HOST { }
      |                         ^
/usr/local/cuda/include/sm_30_intrinsics.h:129:67: note: in expansion of macro '__DEF_IF_HOST'
  129 | __SM_30_INTRINSICS_DECL__ int __uni_sync(unsigned mask, int pred) __DEF_IF_HOST
      |                                                                   ^~~~~~~~~~~~~
/usr/local/cuda/include/sm_30_intrinsics.h: In function 'unsigned int __ballot_sync(unsigned int, int)':
/usr/local/cuda/include/sm_30_intrinsics.h:76:25: warning: no return statement in function returning non-void [-Wreturn-type]
   76 | #define __DEF_IF_HOST { }
      |                         ^
/usr/local/cuda/include/sm_30_intrinsics.h:130:75: note: in expansion of macro '__DEF_IF_HOST'
  130 | __SM_30_INTRINSICS_DECL__ unsigned __ballot_sync(unsigned mask, int pred) __DEF_IF_HOST
      |                                                                           ^~~~~~~~~~~~~
/usr/local/cuda/include/sm_30_intrinsics.h: In function 'unsigned int __activemask()':
/usr/local/cuda/include/sm_30_intrinsics.h:76:25: warning: no return statement in function returning non-void [-Wreturn-type]
   76 | #define __DEF_IF_HOST { }
      |                         ^
/usr/local/cuda/include/sm_30_intrinsics.h:131:51: note: in expansion of macro '__DEF_IF_HOST'
  131 | __SM_30_INTRINSICS_DECL__ unsigned __activemask() __DEF_IF_HOST
      |                                                   ^~~~~~~~~~~~~
/usr/local/cuda/include/sm_30_intrinsics.h: In function 'int __shfl(int, int, int)':
/usr/local/cuda/include/sm_30_intrinsics.h:76:25: warning: no return statement in function returning non-void [-Wreturn-type]
   76 | #define __DEF_IF_HOST { }
      |                         ^
/usr/local/cuda/include/sm_30_intrinsics.h:140:130: note: in expansion of macro '__DEF_IF_HOST'
  140 | __SM_30_INTRINSICS_DECL__ __DEPRECATED__(__WSB_DEPRECATION_MESSAGE(__shfl)) int __shfl(int var, int srcLane, int width=warpSize) __DEF_IF_HOST
      |                                                                                                                                  ^~~~~~~~~~~~~
/usr/local/cuda/include/sm_30_intrinsics.h: In function 'unsigned int __shfl(unsigned int, int, int)':
/usr/local/cuda/include/sm_30_intrinsics.h:76:25: warning: no return statement in function returning non-void [-Wreturn-type]
   76 | #define __DEF_IF_HOST { }
      |                         ^
/usr/local/cuda/include/sm_30_intrinsics.h:141:148: note: in expansion of macro '__DEF_IF_HOST'
  141 | __SM_30_INTRINSICS_DECL__ __DEPRECATED__(__WSB_DEPRECATION_MESSAGE(__shfl)) unsigned int __shfl(unsigned int var, int srcLane, int width=warpSize) __DEF_IF_HOST
      |                                                                                                                                                    ^~~~~~~~~~~~~
/usr/local/cuda/include/sm_30_intrinsics.h: In function 'int __shfl_up(int, unsigned int, int)':
/usr/local/cuda/include/sm_30_intrinsics.h:76:25: warning: no return statement in function returning non-void [-Wreturn-type]
   76 | #define __DEF_IF_HOST { }
      |                         ^
/usr/local/cuda/include/sm_30_intrinsics.h:142:143: note: in expansion of macro '__DEF_IF_HOST'
  142 | __SM_30_INTRINSICS_DECL__ __DEPRECATED__(__WSB_DEPRECATION_MESSAGE(__shfl_up)) int __shfl_up(int var, unsigned int delta, int width=warpSize) __DEF_IF_HOST
      |                                                                                                                                               ^~~~~~~~~~~~~
/usr/local/cuda/include/sm_30_intrinsics.h: In function 'unsigned int __shfl_up(unsigned int, unsigned int, int)':
/usr/local/cuda/include/sm_30_intrinsics.h:76:25: warning: no return statement in function returning non-void [-Wreturn-type]
   76 | #define __DEF_IF_HOST { }
      |                         ^
/usr/local/cuda/include/sm_30_intrinsics.h:143:161: note: in expansion of macro '__DEF_IF_HOST'
  143 | __SM_30_INTRINSICS_DECL__ __DEPRECATED__(__WSB_DEPRECATION_MESSAGE(__shfl_up)) unsigned int __shfl_up(unsigned int var, unsigned int delta, int width=warpSize) __DEF_IF_HOST
      |                                                                                                                                                                 ^~~~~~~~~~~~~
/usr/local/cuda/include/sm_30_intrinsics.h: In function 'int __shfl_down(int, unsigned int, int)':
/usr/local/cuda/include/sm_30_intrinsics.h:76:25: warning: no return statement in function returning non-void [-Wreturn-type]
   76 | #define __DEF_IF_HOST { }
      |                         ^
/usr/local/cuda/include/sm_30_intrinsics.h:144:147: note: in expansion of macro '__DEF_IF_HOST'
  144 | __SM_30_INTRINSICS_DECL__ __DEPRECATED__(__WSB_DEPRECATION_MESSAGE(__shfl_down)) int __shfl_down(int var, unsigned int delta, int width=warpSize) __DEF_IF_HOST
      |                                                                                                                                                   ^~~~~~~~~~~~~
/usr/local/cuda/include/sm_30_intrinsics.h: In function 'unsigned int __shfl_down(unsigned int, unsigned int, int)':
/usr/local/cuda/include/sm_30_intrinsics.h:76:25: warning: no return statement in function returning non-void [-Wreturn-type]
   76 | #define __DEF_IF_HOST { }
      |                         ^
/usr/local/cuda/include/sm_30_intrinsics.h:145:165: note: in expansion of macro '__DEF_IF_HOST'
  145 | __SM_30_INTRINSICS_DECL__ __DEPRECATED__(__WSB_DEPRECATION_MESSAGE(__shfl_down)) unsigned int __shfl_down(unsigned int var, unsigned int delta, int width=warpSize) __DEF_IF_HOST
      |                                                                                                                                                                     ^~~~~~~~~~~~~
/usr/local/cuda/include/sm_30_intrinsics.h: In function 'int __shfl_xor(int, int, int)':
/usr/local/cuda/include/sm_30_intrinsics.h:76:25: warning: no return statement in function returning non-void [-Wreturn-type]
   76 | #define __DEF_IF_HOST { }
      |                         ^
/usr/local/cuda/include/sm_30_intrinsics.h:146:139: note: in expansion of macro '__DEF_IF_HOST'
  146 | __SM_30_INTRINSICS_DECL__ __DEPRECATED__(__WSB_DEPRECATION_MESSAGE(__shfl_xor)) int __shfl_xor(int var, int laneMask, int width=warpSize) __DEF_IF_HOST
      |                                                                                                                                           ^~~~~~~~~~~~~
/usr/local/cuda/include/sm_30_intrinsics.h: In function 'unsigned int __shfl_xor(unsigned int, int, int)':
/usr/local/cuda/include/sm_30_intrinsics.h:76:25: warning: no return statement in function returning non-void [-Wreturn-type]
   76 | #define __DEF_IF_HOST { }
      |                         ^
/usr/local/cuda/include/sm_30_intrinsics.h:147:157: note: in expansion of macro '__DEF_IF_HOST'
  147 | __SM_30_INTRINSICS_DECL__ __DEPRECATED__(__WSB_DEPRECATION_MESSAGE(__shfl_xor)) unsigned int __shfl_xor(unsigned int var, int laneMask, int width=warpSize) __DEF_IF_HOST
      |                                                                                                                                                             ^~~~~~~~~~~~~
/usr/local/cuda/include/sm_30_intrinsics.h: In function 'float __shfl(float, int, int)':
/usr/local/cuda/include/sm_30_intrinsics.h:76:25: warning: no return statement in function returning non-void [-Wreturn-type]
   76 | #define __DEF_IF_HOST { }
      |                         ^
/usr/local/cuda/include/sm_30_intrinsics.h:148:134: note: in expansion of macro '__DEF_IF_HOST'
  148 | __SM_30_INTRINSICS_DECL__ __DEPRECATED__(__WSB_DEPRECATION_MESSAGE(__shfl)) float __shfl(float var, int srcLane, int width=warpSize) __DEF_IF_HOST
      |                                                                                                                                      ^~~~~~~~~~~~~
/usr/local/cuda/include/sm_30_intrinsics.h: In function 'float __shfl_up(float, unsigned int, int)':
/usr/local/cuda/include/sm_30_intrinsics.h:76:25: warning: no return statement in function returning non-void [-Wreturn-type]
   76 | #define __DEF_IF_HOST { }
      |                         ^
/usr/local/cuda/include/sm_30_intrinsics.h:149:147: note: in expansion of macro '__DEF_IF_HOST'
  149 | __SM_30_INTRINSICS_DECL__ __DEPRECATED__(__WSB_DEPRECATION_MESSAGE(__shfl_up)) float __shfl_up(float var, unsigned int delta, int width=warpSize) __DEF_IF_HOST
      |                                                                                                                                                   ^~~~~~~~~~~~~
/usr/local/cuda/include/sm_30_intrinsics.h: In function 'float __shfl_down(float, unsigned int, int)':
/usr/local/cuda/include/sm_30_intrinsics.h:76:25: warning: no return statement in function returning non-void [-Wreturn-type]
   76 | #define __DEF_IF_HOST { }
      |                         ^
/usr/local/cuda/include/sm_30_intrinsics.h:150:151: note: in expansion of macro '__DEF_IF_HOST'
  150 | __SM_30_INTRINSICS_DECL__ __DEPRECATED__(__WSB_DEPRECATION_MESSAGE(__shfl_down)) float __shfl_down(float var, unsigned int delta, int width=warpSize) __DEF_IF_HOST
      |                                                                                                                                                       ^~~~~~~~~~~~~
/usr/local/cuda/include/sm_30_intrinsics.h: In function 'float __shfl_xor(float, int, int)':
/usr/local/cuda/include/sm_30_intrinsics.h:76:25: warning: no return statement in function returning non-void [-Wreturn-type]
   76 | #define __DEF_IF_HOST { }
      |                         ^
/usr/local/cuda/include/sm_30_intrinsics.h:151:143: note: in expansion of macro '__DEF_IF_HOST'
  151 | __SM_30_INTRINSICS_DECL__ __DEPRECATED__(__WSB_DEPRECATION_MESSAGE(__shfl_xor)) float __shfl_xor(float var, int laneMask, int width=warpSize) __DEF_IF_HOST
      |                                                                                                                                               ^~~~~~~~~~~~~
/usr/local/cuda/include/sm_30_intrinsics.h: In function 'int __shfl_sync(unsigned int, int, int, int)':
/usr/local/cuda/include/sm_30_intrinsics.h:76:25: warning: no return statement in function returning non-void [-Wreturn-type]
   76 | #define __DEF_IF_HOST { }
      |                         ^
/usr/local/cuda/include/sm_30_intrinsics.h:154:100: note: in expansion of macro '__DEF_IF_HOST'
  154 | __SM_30_INTRINSICS_DECL__ int __shfl_sync(unsigned mask, int var, int srcLane, int width=warpSize) __DEF_IF_HOST
      |                                                                                                    ^~~~~~~~~~~~~
/usr/local/cuda/include/sm_30_intrinsics.h: In function 'unsigned int __shfl_sync(unsigned int, unsigned int, int, int)':
/usr/local/cuda/include/sm_30_intrinsics.h:76:25: warning: no return statement in function returning non-void [-Wreturn-type]
   76 | #define __DEF_IF_HOST { }
      |                         ^
/usr/local/cuda/include/sm_30_intrinsics.h:155:118: note: in expansion of macro '__DEF_IF_HOST'
  155 | __SM_30_INTRINSICS_DECL__ unsigned int __shfl_sync(unsigned mask, unsigned int var, int srcLane, int width=warpSize) __DEF_IF_HOST
      |                                                                                                                      ^~~~~~~~~~~~~
/usr/local/cuda/include/sm_30_intrinsics.h: In function 'int __shfl_up_sync(unsigned int, int, unsigned int, int)':
/usr/local/cuda/include/sm_30_intrinsics.h:76:25: warning: no return statement in function returning non-void [-Wreturn-type]
   76 | #define __DEF_IF_HOST { }
      |                         ^
/usr/local/cuda/include/sm_30_intrinsics.h:156:110: note: in expansion of macro '__DEF_IF_HOST'
  156 | __SM_30_INTRINSICS_DECL__ int __shfl_up_sync(unsigned mask, int var, unsigned int delta, int width=warpSize) __DEF_IF_HOST
      |                                                                                                              ^~~~~~~~~~~~~
/usr/local/cuda/include/sm_30_intrinsics.h: In function 'unsigned int __shfl_up_sync(unsigned int, unsigned int, unsigned int, int)':
/usr/local/cuda/include/sm_30_intrinsics.h:76:25: warning: no return statement in function returning non-void [-Wreturn-type]
   76 | #define __DEF_IF_HOST { }
      |                         ^
/usr/local/cuda/include/sm_30_intrinsics.h:157:128: note: in expansion of macro '__DEF_IF_HOST'
  157 | __SM_30_INTRINSICS_DECL__ unsigned int __shfl_up_sync(unsigned mask, unsigned int var, unsigned int delta, int width=warpSize) __DEF_IF_HOST
      |                                                                                                                                ^~~~~~~~~~~~~
/usr/local/cuda/include/sm_30_intrinsics.h: In function 'int __shfl_down_sync(unsigned int, int, unsigned int, int)':
/usr/local/cuda/include/sm_30_intrinsics.h:76:25: warning: no return statement in function returning non-void [-Wreturn-type]
   76 | #define __DEF_IF_HOST { }
      |                         ^
/usr/local/cuda/include/sm_30_intrinsics.h:158:112: note: in expansion of macro '__DEF_IF_HOST'
  158 | __SM_30_INTRINSICS_DECL__ int __shfl_down_sync(unsigned mask, int var, unsigned int delta, int width=warpSize) __DEF_IF_HOST
      |                                                                                                                ^~~~~~~~~~~~~
/usr/local/cuda/include/sm_30_intrinsics.h: In function 'unsigned int __shfl_down_sync(unsigned int, unsigned int, unsigned int, int)':
/usr/local/cuda/include/sm_30_intrinsics.h:76:25: warning: no return statement in function returning non-void [-Wreturn-type]
   76 | #define __DEF_IF_HOST { }
      |                         ^
/usr/local/cuda/include/sm_30_intrinsics.h:159:130: note: in expansion of macro '__DEF_IF_HOST'
  159 | __SM_30_INTRINSICS_DECL__ unsigned int __shfl_down_sync(unsigned mask, unsigned int var, unsigned int delta, int width=warpSize) __DEF_IF_HOST
      |                                                                                                                                  ^~~~~~~~~~~~~
/usr/local/cuda/include/sm_30_intrinsics.h: In function 'int __shfl_xor_sync(unsigned int, int, int, int)':
/usr/local/cuda/include/sm_30_intrinsics.h:76:25: warning: no return statement in function returning non-void [-Wreturn-type]
   76 | #define __DEF_IF_HOST { }
      |                         ^
/usr/local/cuda/include/sm_30_intrinsics.h:160:105: note: in expansion of macro '__DEF_IF_HOST'
  160 | __SM_30_INTRINSICS_DECL__ int __shfl_xor_sync(unsigned mask, int var, int laneMask, int width=warpSize) __DEF_IF_HOST
      |                                                                                                         ^~~~~~~~~~~~~
/usr/local/cuda/include/sm_30_intrinsics.h: In function 'unsigned int __shfl_xor_sync(unsigned int, unsigned int, int, int)':
/usr/local/cuda/include/sm_30_intrinsics.h:76:25: warning: no return statement in function returning non-void [-Wreturn-type]
   76 | #define __DEF_IF_HOST { }
      |                         ^
/usr/local/cuda/include/sm_30_intrinsics.h:161:123: note: in expansion of macro '__DEF_IF_HOST'
  161 | __SM_30_INTRINSICS_DECL__ unsigned int __shfl_xor_sync(unsigned mask, unsigned int var, int laneMask, int width=warpSize) __DEF_IF_HOST
      |                                                                                                                           ^~~~~~~~~~~~~
/usr/local/cuda/include/sm_30_intrinsics.h: In function 'float __shfl_sync(unsigned int, float, int, int)':
/usr/local/cuda/include/sm_30_intrinsics.h:76:25: warning: no return statement in function returning non-void [-Wreturn-type]
   76 | #define __DEF_IF_HOST { }
      |                         ^
/usr/local/cuda/include/sm_30_intrinsics.h:162:104: note: in expansion of macro '__DEF_IF_HOST'
  162 | __SM_30_INTRINSICS_DECL__ float __shfl_sync(unsigned mask, float var, int srcLane, int width=warpSize) __DEF_IF_HOST
      |                                                                                                        ^~~~~~~~~~~~~
/usr/local/cuda/include/sm_30_intrinsics.h: In function 'float __shfl_up_sync(unsigned int, float, unsigned int, int)':
/usr/local/cuda/include/sm_30_intrinsics.h:76:25: warning: no return statement in function returning non-void [-Wreturn-type]
   76 | #define __DEF_IF_HOST { }
      |                         ^
/usr/local/cuda/include/sm_30_intrinsics.h:163:114: note: in expansion of macro '__DEF_IF_HOST'
  163 | __SM_30_INTRINSICS_DECL__ float __shfl_up_sync(unsigned mask, float var, unsigned int delta, int width=warpSize) __DEF_IF_HOST
      |                                                                                                                  ^~~~~~~~~~~~~
/usr/local/cuda/include/sm_30_intrinsics.h: In function 'float __shfl_down_sync(unsigned int, float, unsigned int, int)':
/usr/local/cuda/include/sm_30_intrinsics.h:76:25: warning: no return statement in function returning non-void [-Wreturn-type]
   76 | #define __DEF_IF_HOST { }
      |                         ^
/usr/local/cuda/include/sm_30_intrinsics.h:164:116: note: in expansion of macro '__DEF_IF_HOST'
  164 | __SM_30_INTRINSICS_DECL__ float __shfl_down_sync(unsigned mask, float var, unsigned int delta, int width=warpSize) __DEF_IF_HOST
      |                                                                                                                    ^~~~~~~~~~~~~
/usr/local/cuda/include/sm_30_intrinsics.h: In function 'float __shfl_xor_sync(unsigned int, float, int, int)':
/usr/local/cuda/include/sm_30_intrinsics.h:76:25: warning: no return statement in function returning non-void [-Wreturn-type]
   76 | #define __DEF_IF_HOST { }
      |                         ^
/usr/local/cuda/include/sm_30_intrinsics.h:165:109: note: in expansion of macro '__DEF_IF_HOST'
  165 | __SM_30_INTRINSICS_DECL__ float __shfl_xor_sync(unsigned mask, float var, int laneMask, int width=warpSize) __DEF_IF_HOST
      |                                                                                                             ^~~~~~~~~~~~~
/usr/local/cuda/include/sm_30_intrinsics.h: In function 'long long unsigned int __shfl(long long unsigned int, int, int)':
/usr/local/cuda/include/sm_30_intrinsics.h:76:25: warning: no return statement in function returning non-void [-Wreturn-type]
   76 | #define __DEF_IF_HOST { }
      |                         ^
/usr/local/cuda/include/sm_30_intrinsics.h:169:160: note: in expansion of macro '__DEF_IF_HOST'
  169 | __SM_30_INTRINSICS_DECL__ __DEPRECATED__(__WSB_DEPRECATION_MESSAGE(__shfl)) unsigned long long __shfl(unsigned long long var, int srcLane, int width=warpSize) __DEF_IF_HOST
      |                                                                                                                                                                ^~~~~~~~~~~~~
/usr/local/cuda/include/sm_30_intrinsics.h: In function 'long long int __shfl(long long int, int, int)':
/usr/local/cuda/include/sm_30_intrinsics.h:76:25: warning: no return statement in function returning non-void [-Wreturn-type]
   76 | #define __DEF_IF_HOST { }
      |                         ^
/usr/local/cuda/include/sm_30_intrinsics.h:170:142: note: in expansion of macro '__DEF_IF_HOST'
  170 | __SM_30_INTRINSICS_DECL__ __DEPRECATED__(__WSB_DEPRECATION_MESSAGE(__shfl)) long long __shfl(long long var, int srcLane, int width=warpSize) __DEF_IF_HOST
      |                                                                                                                                              ^~~~~~~~~~~~~
/usr/local/cuda/include/sm_30_intrinsics.h: In function 'long long int __shfl_up(long long int, unsigned int, int)':
/usr/local/cuda/include/sm_30_intrinsics.h:76:25: warning: no return statement in function returning non-void [-Wreturn-type]
   76 | #define __DEF_IF_HOST { }
      |                         ^
/usr/local/cuda/include/sm_30_intrinsics.h:171:155: note: in expansion of macro '__DEF_IF_HOST'
  171 | __SM_30_INTRINSICS_DECL__ __DEPRECATED__(__WSB_DEPRECATION_MESSAGE(__shfl_up)) long long __shfl_up(long long var, unsigned int delta, int width=warpSize) __DEF_IF_HOST
      |                                                                                                                                                           ^~~~~~~~~~~~~
/usr/local/cuda/include/sm_30_intrinsics.h: In function 'long long unsigned int __shfl_up(long long unsigned int, unsigned int, int)':
/usr/local/cuda/include/sm_30_intrinsics.h:76:25: warning: no return statement in function returning non-void [-Wreturn-type]
   76 | #define __DEF_IF_HOST { }
      |                         ^
/usr/local/cuda/include/sm_30_intrinsics.h:172:173: note: in expansion of macro '__DEF_IF_HOST'
  172 | __SM_30_INTRINSICS_DECL__ __DEPRECATED__(__WSB_DEPRECATION_MESSAGE(__shfl_up)) unsigned long long __shfl_up(unsigned long long var, unsigned int delta, int width=warpSize) __DEF_IF_HOST
      |                                                                                                                                                                             ^~~~~~~~~~~~~
/usr/local/cuda/include/sm_30_intrinsics.h: In function 'long long int __shfl_down(long long int, unsigned int, int)':
/usr/local/cuda/include/sm_30_intrinsics.h:76:25: warning: no return statement in function returning non-void [-Wreturn-type]
   76 | #define __DEF_IF_HOST { }
      |                         ^
/usr/local/cuda/include/sm_30_intrinsics.h:173:159: note: in expansion of macro '__DEF_IF_HOST'
  173 | __SM_30_INTRINSICS_DECL__ __DEPRECATED__(__WSB_DEPRECATION_MESSAGE(__shfl_down)) long long __shfl_down(long long var, unsigned int delta, int width=warpSize) __DEF_IF_HOST
      |                                                                                                                                                               ^~~~~~~~~~~~~
/usr/local/cuda/include/sm_30_intrinsics.h: In function 'long long unsigned int __shfl_down(long long unsigned int, unsigned int, int)':
/usr/local/cuda/include/sm_30_intrinsics.h:76:25: warning: no return statement in function returning non-void [-Wreturn-type]
   76 | #define __DEF_IF_HOST { }
      |                         ^
/usr/local/cuda/include/sm_30_intrinsics.h:174:177: note: in expansion of macro '__DEF_IF_HOST'
  174 | __SM_30_INTRINSICS_DECL__ __DEPRECATED__(__WSB_DEPRECATION_MESSAGE(__shfl_down)) unsigned long long __shfl_down(unsigned long long var, unsigned int delta, int width=warpSize) __DEF_IF_HOST
      |                                                                                                                                                                                 ^~~~~~~~~~~~~
/usr/local/cuda/include/sm_30_intrinsics.h: In function 'long long int __shfl_xor(long long int, int, int)':
/usr/local/cuda/include/sm_30_intrinsics.h:76:25: warning: no return statement in function returning non-void [-Wreturn-type]
   76 | #define __DEF_IF_HOST { }
      |                         ^
/usr/local/cuda/include/sm_30_intrinsics.h:175:151: note: in expansion of macro '__DEF_IF_HOST'
  175 | __SM_30_INTRINSICS_DECL__ __DEPRECATED__(__WSB_DEPRECATION_MESSAGE(__shfl_xor)) long long __shfl_xor(long long var, int laneMask, int width=warpSize) __DEF_IF_HOST
      |                                                                                                                                                       ^~~~~~~~~~~~~
/usr/local/cuda/include/sm_30_intrinsics.h: In function 'long long unsigned int __shfl_xor(long long unsigned int, int, int)':
/usr/local/cuda/include/sm_30_intrinsics.h:76:25: warning: no return statement in function returning non-void [-Wreturn-type]
   76 | #define __DEF_IF_HOST { }
      |                         ^
/usr/local/cuda/include/sm_30_intrinsics.h:176:169: note: in expansion of macro '__DEF_IF_HOST'
  176 | __SM_30_INTRINSICS_DECL__ __DEPRECATED__(__WSB_DEPRECATION_MESSAGE(__shfl_xor)) unsigned long long __shfl_xor(unsigned long long var, int laneMask, int width=warpSize) __DEF_IF_HOST
      |                                                                                                                                                                         ^~~~~~~~~~~~~
/usr/local/cuda/include/sm_30_intrinsics.h: In function 'double __shfl(double, int, int)':
/usr/local/cuda/include/sm_30_intrinsics.h:76:25: warning: no return statement in function returning non-void [-Wreturn-type]
   76 | #define __DEF_IF_HOST { }
      |                         ^
/usr/local/cuda/include/sm_30_intrinsics.h:177:136: note: in expansion of macro '__DEF_IF_HOST'
  177 | __SM_30_INTRINSICS_DECL__ __DEPRECATED__(__WSB_DEPRECATION_MESSAGE(__shfl)) double __shfl(double var, int srcLane, int width=warpSize) __DEF_IF_HOST
      |                                                                                                                                        ^~~~~~~~~~~~~
/usr/local/cuda/include/sm_30_intrinsics.h: In function 'double __shfl_up(double, unsigned int, int)':
/usr/local/cuda/include/sm_30_intrinsics.h:76:25: warning: no return statement in function returning non-void [-Wreturn-type]
   76 | #define __DEF_IF_HOST { }
      |                         ^
/usr/local/cuda/include/sm_30_intrinsics.h:178:149: note: in expansion of macro '__DEF_IF_HOST'
  178 | __SM_30_INTRINSICS_DECL__ __DEPRECATED__(__WSB_DEPRECATION_MESSAGE(__shfl_up)) double __shfl_up(double var, unsigned int delta, int width=warpSize) __DEF_IF_HOST
      |                                                                                                                                                     ^~~~~~~~~~~~~
/usr/local/cuda/include/sm_30_intrinsics.h: In function 'double __shfl_down(double, unsigned int, int)':
/usr/local/cuda/include/sm_30_intrinsics.h:76:25: warning: no return statement in function returning non-void [-Wreturn-type]
   76 | #define __DEF_IF_HOST { }
      |                         ^
/usr/local/cuda/include/sm_30_intrinsics.h:179:153: note: in expansion of macro '__DEF_IF_HOST'
  179 | __SM_30_INTRINSICS_DECL__ __DEPRECATED__(__WSB_DEPRECATION_MESSAGE(__shfl_down)) double __shfl_down(double var, unsigned int delta, int width=warpSize) __DEF_IF_HOST
      |                                                                                                                                                         ^~~~~~~~~~~~~
/usr/local/cuda/include/sm_30_intrinsics.h: In function 'double __shfl_xor(double, int, int)':
/usr/local/cuda/include/sm_30_intrinsics.h:76:25: warning: no return statement in function returning non-void [-Wreturn-type]
   76 | #define __DEF_IF_HOST { }
      |                         ^
/usr/local/cuda/include/sm_30_intrinsics.h:180:145: note: in expansion of macro '__DEF_IF_HOST'
  180 | __SM_30_INTRINSICS_DECL__ __DEPRECATED__(__WSB_DEPRECATION_MESSAGE(__shfl_xor)) double __shfl_xor(double var, int laneMask, int width=warpSize) __DEF_IF_HOST
      |                                                                                                                                                 ^~~~~~~~~~~~~
/usr/local/cuda/include/sm_30_intrinsics.h: In function 'long long int __shfl_sync(unsigned int, long long int, int, int)':
/usr/local/cuda/include/sm_30_intrinsics.h:76:25: warning: no return statement in function returning non-void [-Wreturn-type]
   76 | #define __DEF_IF_HOST { }
      |                         ^
/usr/local/cuda/include/sm_30_intrinsics.h:183:112: note: in expansion of macro '__DEF_IF_HOST'
  183 | __SM_30_INTRINSICS_DECL__ long long __shfl_sync(unsigned mask, long long var, int srcLane, int width=warpSize) __DEF_IF_HOST
      |                                                                                                                ^~~~~~~~~~~~~
/usr/local/cuda/include/sm_30_intrinsics.h: In function 'long long unsigned int __shfl_sync(unsigned int, long long unsigned int, int, int)':
/usr/local/cuda/include/sm_30_intrinsics.h:76:25: warning: no return statement in function returning non-void [-Wreturn-type]
   76 | #define __DEF_IF_HOST { }
      |                         ^
/usr/local/cuda/include/sm_30_intrinsics.h:184:130: note: in expansion of macro '__DEF_IF_HOST'
  184 | __SM_30_INTRINSICS_DECL__ unsigned long long __shfl_sync(unsigned mask, unsigned long long var, int srcLane, int width=warpSize) __DEF_IF_HOST
      |                                                                                                                                  ^~~~~~~~~~~~~
/usr/local/cuda/include/sm_30_intrinsics.h: In function 'long long int __shfl_up_sync(unsigned int, long long int, unsigned int, int)':
/usr/local/cuda/include/sm_30_intrinsics.h:76:25: warning: no return statement in function returning non-void [-Wreturn-type]
   76 | #define __DEF_IF_HOST { }
      |                         ^
/usr/local/cuda/include/sm_30_intrinsics.h:185:122: note: in expansion of macro '__DEF_IF_HOST'
  185 | __SM_30_INTRINSICS_DECL__ long long __shfl_up_sync(unsigned mask, long long var, unsigned int delta, int width=warpSize) __DEF_IF_HOST
      |                                                                                                                          ^~~~~~~~~~~~~
/usr/local/cuda/include/sm_30_intrinsics.h: In function 'long long unsigned int __shfl_up_sync(unsigned int, long long unsigned int, unsigned int, int)':
/usr/local/cuda/include/sm_30_intrinsics.h:76:25: warning: no return statement in function returning non-void [-Wreturn-type]
   76 | #define __DEF_IF_HOST { }
      |                         ^
/usr/local/cuda/include/sm_30_intrinsics.h:186:140: note: in expansion of macro '__DEF_IF_HOST'
  186 | __SM_30_INTRINSICS_DECL__ unsigned long long __shfl_up_sync(unsigned mask, unsigned long long var, unsigned int delta, int width=warpSize) __DEF_IF_HOST
      |                                                                                                                                            ^~~~~~~~~~~~~
/usr/local/cuda/include/sm_30_intrinsics.h: In function 'long long int __shfl_down_sync(unsigned int, long long int, unsigned int, int)':
/usr/local/cuda/include/sm_30_intrinsics.h:76:25: warning: no return statement in function returning non-void [-Wreturn-type]
   76 | #define __DEF_IF_HOST { }
      |                         ^
/usr/local/cuda/include/sm_30_intrinsics.h:187:124: note: in expansion of macro '__DEF_IF_HOST'
  187 | __SM_30_INTRINSICS_DECL__ long long __shfl_down_sync(unsigned mask, long long var, unsigned int delta, int width=warpSize) __DEF_IF_HOST
      |                                                                                                                            ^~~~~~~~~~~~~
/usr/local/cuda/include/sm_30_intrinsics.h: In function 'long long unsigned int __shfl_down_sync(unsigned int, long long unsigned int, unsigned int, int)':
/usr/local/cuda/include/sm_30_intrinsics.h:76:25: warning: no return statement in function returning non-void [-Wreturn-type]
   76 | #define __DEF_IF_HOST { }
      |                         ^
/usr/local/cuda/include/sm_30_intrinsics.h:188:142: note: in expansion of macro '__DEF_IF_HOST'
  188 | __SM_30_INTRINSICS_DECL__ unsigned long long __shfl_down_sync(unsigned mask, unsigned long long var, unsigned int delta, int width=warpSize) __DEF_IF_HOST
      |                                                                                                                                              ^~~~~~~~~~~~~
/usr/local/cuda/include/sm_30_intrinsics.h: In function 'long long int __shfl_xor_sync(unsigned int, long long int, int, int)':
/usr/local/cuda/include/sm_30_intrinsics.h:76:25: warning: no return statement in function returning non-void [-Wreturn-type]
   76 | #define __DEF_IF_HOST { }
      |                         ^
/usr/local/cuda/include/sm_30_intrinsics.h:189:117: note: in expansion of macro '__DEF_IF_HOST'
  189 | __SM_30_INTRINSICS_DECL__ long long __shfl_xor_sync(unsigned mask, long long var, int laneMask, int width=warpSize) __DEF_IF_HOST
      |                                                                                                                     ^~~~~~~~~~~~~
/usr/local/cuda/include/sm_30_intrinsics.h: In function 'long long unsigned int __shfl_xor_sync(unsigned int, long long unsigned int, int, int)':
/usr/local/cuda/include/sm_30_intrinsics.h:76:25: warning: no return statement in function returning non-void [-Wreturn-type]
   76 | #define __DEF_IF_HOST { }
      |                         ^
/usr/local/cuda/include/sm_30_intrinsics.h:190:135: note: in expansion of macro '__DEF_IF_HOST'
  190 | __SM_30_INTRINSICS_DECL__ unsigned long long __shfl_xor_sync(unsigned mask, unsigned long long var, int laneMask, int width=warpSize) __DEF_IF_HOST
      |                                                                                                                                       ^~~~~~~~~~~~~
/usr/local/cuda/include/sm_30_intrinsics.h: In function 'double __shfl_sync(unsigned int, double, int, int)':
/usr/local/cuda/include/sm_30_intrinsics.h:76:25: warning: no return statement in function returning non-void [-Wreturn-type]
   76 | #define __DEF_IF_HOST { }
      |                         ^
/usr/local/cuda/include/sm_30_intrinsics.h:191:106: note: in expansion of macro '__DEF_IF_HOST'
  191 | __SM_30_INTRINSICS_DECL__ double __shfl_sync(unsigned mask, double var, int srcLane, int width=warpSize) __DEF_IF_HOST
      |                                                                                                          ^~~~~~~~~~~~~
/usr/local/cuda/include/sm_30_intrinsics.h: In function 'double __shfl_up_sync(unsigned int, double, unsigned int, int)':
/usr/local/cuda/include/sm_30_intrinsics.h:76:25: warning: no return statement in function returning non-void [-Wreturn-type]
   76 | #define __DEF_IF_HOST { }
      |                         ^
/usr/local/cuda/include/sm_30_intrinsics.h:192:116: note: in expansion of macro '__DEF_IF_HOST'
  192 | __SM_30_INTRINSICS_DECL__ double __shfl_up_sync(unsigned mask, double var, unsigned int delta, int width=warpSize) __DEF_IF_HOST
      |                                                                                                                    ^~~~~~~~~~~~~
/usr/local/cuda/include/sm_30_intrinsics.h: In function 'double __shfl_down_sync(unsigned int, double, unsigned int, int)':
/usr/local/cuda/include/sm_30_intrinsics.h:76:25: warning: no return statement in function returning non-void [-Wreturn-type]
   76 | #define __DEF_IF_HOST { }
      |                         ^
/usr/local/cuda/include/sm_30_intrinsics.h:193:118: note: in expansion of macro '__DEF_IF_HOST'
  193 | __SM_30_INTRINSICS_DECL__ double __shfl_down_sync(unsigned mask, double var, unsigned int delta, int width=warpSize) __DEF_IF_HOST
      |                                                                                                                      ^~~~~~~~~~~~~
/usr/local/cuda/include/sm_30_intrinsics.h: In function 'double __shfl_xor_sync(unsigned int, double, int, int)':
/usr/local/cuda/include/sm_30_intrinsics.h:76:25: warning: no return statement in function returning non-void [-Wreturn-type]
   76 | #define __DEF_IF_HOST { }
      |                         ^
/usr/local/cuda/include/sm_30_intrinsics.h:194:111: note: in expansion of macro '__DEF_IF_HOST'
  194 | __SM_30_INTRINSICS_DECL__ double __shfl_xor_sync(unsigned mask, double var, int laneMask, int width=warpSize) __DEF_IF_HOST
      |                                                                                                               ^~~~~~~~~~~~~
/usr/local/cuda/include/sm_30_intrinsics.h: In function 'long int __shfl(long int, int, int)':
/usr/local/cuda/include/sm_30_intrinsics.h:76:25: warning: no return statement in function returning non-void [-Wreturn-type]
   76 | #define __DEF_IF_HOST { }
      |                         ^
/usr/local/cuda/include/sm_30_intrinsics.h:198:132: note: in expansion of macro '__DEF_IF_HOST'
  198 | __SM_30_INTRINSICS_DECL__ __DEPRECATED__(__WSB_DEPRECATION_MESSAGE(__shfl)) long __shfl(long var, int srcLane, int width=warpSize) __DEF_IF_HOST
      |                                                                                                                                    ^~~~~~~~~~~~~
/usr/local/cuda/include/sm_30_intrinsics.h: In function 'long unsigned int __shfl(long unsigned int, int, int)':
/usr/local/cuda/include/sm_30_intrinsics.h:76:25: warning: no return statement in function returning non-void [-Wreturn-type]
   76 | #define __DEF_IF_HOST { }
      |                         ^
/usr/local/cuda/include/sm_30_intrinsics.h:199:150: note: in expansion of macro '__DEF_IF_HOST'
  199 | __SM_30_INTRINSICS_DECL__ __DEPRECATED__(__WSB_DEPRECATION_MESSAGE(__shfl)) unsigned long __shfl(unsigned long var, int srcLane, int width=warpSize) __DEF_IF_HOST
      |                                                                                                                                                      ^~~~~~~~~~~~~
/usr/local/cuda/include/sm_30_intrinsics.h: In function 'long int __shfl_up(long int, unsigned int, int)':
/usr/local/cuda/include/sm_30_intrinsics.h:76:25: warning: no return statement in function returning non-void [-Wreturn-type]
   76 | #define __DEF_IF_HOST { }
      |                         ^
/usr/local/cuda/include/sm_30_intrinsics.h:200:145: note: in expansion of macro '__DEF_IF_HOST'
  200 | __SM_30_INTRINSICS_DECL__ __DEPRECATED__(__WSB_DEPRECATION_MESSAGE(__shfl_up)) long __shfl_up(long var, unsigned int delta, int width=warpSize) __DEF_IF_HOST
      |                                                                                                                                                 ^~~~~~~~~~~~~
/usr/local/cuda/include/sm_30_intrinsics.h: In function 'long unsigned int __shfl_up(long unsigned int, unsigned int, int)':
/usr/local/cuda/include/sm_30_intrinsics.h:76:25: warning: no return statement in function returning non-void [-Wreturn-type]
   76 | #define __DEF_IF_HOST { }
      |                         ^
/usr/local/cuda/include/sm_30_intrinsics.h:201:163: note: in expansion of macro '__DEF_IF_HOST'
  201 | __SM_30_INTRINSICS_DECL__ __DEPRECATED__(__WSB_DEPRECATION_MESSAGE(__shfl_up)) unsigned long __shfl_up(unsigned long var, unsigned int delta, int width=warpSize) __DEF_IF_HOST
      |                                                                                                                                                                   ^~~~~~~~~~~~~
/usr/local/cuda/include/sm_30_intrinsics.h: In function 'long int __shfl_down(long int, unsigned int, int)':
/usr/local/cuda/include/sm_30_intrinsics.h:76:25: warning: no return statement in function returning non-void [-Wreturn-type]
   76 | #define __DEF_IF_HOST { }
      |                         ^
/usr/local/cuda/include/sm_30_intrinsics.h:202:149: note: in expansion of macro '__DEF_IF_HOST'
  202 | __SM_30_INTRINSICS_DECL__ __DEPRECATED__(__WSB_DEPRECATION_MESSAGE(__shfl_down)) long __shfl_down(long var, unsigned int delta, int width=warpSize) __DEF_IF_HOST
      |                                                                                                                                                     ^~~~~~~~~~~~~
/usr/local/cuda/include/sm_30_intrinsics.h: In function 'long unsigned int __shfl_down(long unsigned int, unsigned int, int)':
/usr/local/cuda/include/sm_30_intrinsics.h:76:25: warning: no return statement in function returning non-void [-Wreturn-type]
   76 | #define __DEF_IF_HOST { }
      |                         ^
/usr/local/cuda/include/sm_30_intrinsics.h:203:167: note: in expansion of macro '__DEF_IF_HOST'
  203 | __SM_30_INTRINSICS_DECL__ __DEPRECATED__(__WSB_DEPRECATION_MESSAGE(__shfl_down)) unsigned long __shfl_down(unsigned long var, unsigned int delta, int width=warpSize) __DEF_IF_HOST
      |                                                                                                                                                                       ^~~~~~~~~~~~~
/usr/local/cuda/include/sm_30_intrinsics.h: In function 'long int __shfl_xor(long int, int, int)':
/usr/local/cuda/include/sm_30_intrinsics.h:76:25: warning: no return statement in function returning non-void [-Wreturn-type]
   76 | #define __DEF_IF_HOST { }
      |                         ^
/usr/local/cuda/include/sm_30_intrinsics.h:204:141: note: in expansion of macro '__DEF_IF_HOST'
  204 | __SM_30_INTRINSICS_DECL__ __DEPRECATED__(__WSB_DEPRECATION_MESSAGE(__shfl_xor)) long __shfl_xor(long var, int laneMask, int width=warpSize) __DEF_IF_HOST
      |                                                                                                                                             ^~~~~~~~~~~~~
/usr/local/cuda/include/sm_30_intrinsics.h: In function 'long unsigned int __shfl_xor(long unsigned int, int, int)':
/usr/local/cuda/include/sm_30_intrinsics.h:76:25: warning: no return statement in function returning non-void [-Wreturn-type]
   76 | #define __DEF_IF_HOST { }
      |                         ^
/usr/local/cuda/include/sm_30_intrinsics.h:205:159: note: in expansion of macro '__DEF_IF_HOST'
  205 | __SM_30_INTRINSICS_DECL__ __DEPRECATED__(__WSB_DEPRECATION_MESSAGE(__shfl_xor)) unsigned long __shfl_xor(unsigned long var, int laneMask, int width=warpSize) __DEF_IF_HOST
      |                                                                                                                                                               ^~~~~~~~~~~~~
/usr/local/cuda/include/sm_30_intrinsics.h: In function 'long int __shfl_sync(unsigned int, long int, int, int)':
/usr/local/cuda/include/sm_30_intrinsics.h:76:25: warning: no return statement in function returning non-void [-Wreturn-type]
   76 | #define __DEF_IF_HOST { }
      |                         ^
/usr/local/cuda/include/sm_30_intrinsics.h:208:102: note: in expansion of macro '__DEF_IF_HOST'
  208 | __SM_30_INTRINSICS_DECL__ long __shfl_sync(unsigned mask, long var, int srcLane, int width=warpSize) __DEF_IF_HOST
      |                                                                                                      ^~~~~~~~~~~~~
/usr/local/cuda/include/sm_30_intrinsics.h: In function 'long unsigned int __shfl_sync(unsigned int, long unsigned int, int, int)':
/usr/local/cuda/include/sm_30_intrinsics.h:76:25: warning: no return statement in function returning non-void [-Wreturn-type]
   76 | #define __DEF_IF_HOST { }
      |                         ^
/usr/local/cuda/include/sm_30_intrinsics.h:209:120: note: in expansion of macro '__DEF_IF_HOST'
  209 | __SM_30_INTRINSICS_DECL__ unsigned long __shfl_sync(unsigned mask, unsigned long var, int srcLane, int width=warpSize) __DEF_IF_HOST
      |                                                                                                                        ^~~~~~~~~~~~~
/usr/local/cuda/include/sm_30_intrinsics.h: In function 'long int __shfl_up_sync(unsigned int, long int, unsigned int, int)':
/usr/local/cuda/include/sm_30_intrinsics.h:76:25: warning: no return statement in function returning non-void [-Wreturn-type]
   76 | #define __DEF_IF_HOST { }
      |                         ^
/usr/local/cuda/include/sm_30_intrinsics.h:210:112: note: in expansion of macro '__DEF_IF_HOST'
  210 | __SM_30_INTRINSICS_DECL__ long __shfl_up_sync(unsigned mask, long var, unsigned int delta, int width=warpSize) __DEF_IF_HOST
      |                                                                                                                ^~~~~~~~~~~~~
/usr/local/cuda/include/sm_30_intrinsics.h: In function 'long unsigned int __shfl_up_sync(unsigned int, long unsigned int, unsigned int, int)':
/usr/local/cuda/include/sm_30_intrinsics.h:76:25: warning: no return statement in function returning non-void [-Wreturn-type]
   76 | #define __DEF_IF_HOST { }
      |                         ^
/usr/local/cuda/include/sm_30_intrinsics.h:211:130: note: in expansion of macro '__DEF_IF_HOST'
  211 | __SM_30_INTRINSICS_DECL__ unsigned long __shfl_up_sync(unsigned mask, unsigned long var, unsigned int delta, int width=warpSize) __DEF_IF_HOST
      |                                                                                                                                  ^~~~~~~~~~~~~
/usr/local/cuda/include/sm_30_intrinsics.h: In function 'long int __shfl_down_sync(unsigned int, long int, unsigned int, int)':
/usr/local/cuda/include/sm_30_intrinsics.h:76:25: warning: no return statement in function returning non-void [-Wreturn-type]
   76 | #define __DEF_IF_HOST { }
      |                         ^
/usr/local/cuda/include/sm_30_intrinsics.h:212:114: note: in expansion of macro '__DEF_IF_HOST'
  212 | __SM_30_INTRINSICS_DECL__ long __shfl_down_sync(unsigned mask, long var, unsigned int delta, int width=warpSize) __DEF_IF_HOST
      |                                                                                                                  ^~~~~~~~~~~~~
/usr/local/cuda/include/sm_30_intrinsics.h: In function 'long unsigned int __shfl_down_sync(unsigned int, long unsigned int, unsigned int, int)':
/usr/local/cuda/include/sm_30_intrinsics.h:76:25: warning: no return statement in function returning non-void [-Wreturn-type]
   76 | #define __DEF_IF_HOST { }
      |                         ^
/usr/local/cuda/include/sm_30_intrinsics.h:213:132: note: in expansion of macro '__DEF_IF_HOST'
  213 | __SM_30_INTRINSICS_DECL__ unsigned long __shfl_down_sync(unsigned mask, unsigned long var, unsigned int delta, int width=warpSize) __DEF_IF_HOST
      |                                                                                                                                    ^~~~~~~~~~~~~
/usr/local/cuda/include/sm_30_intrinsics.h: In function 'long int __shfl_xor_sync(unsigned int, long int, int, int)':
/usr/local/cuda/include/sm_30_intrinsics.h:76:25: warning: no return statement in function returning non-void [-Wreturn-type]
   76 | #define __DEF_IF_HOST { }
      |                         ^
/usr/local/cuda/include/sm_30_intrinsics.h:214:107: note: in expansion of macro '__DEF_IF_HOST'
  214 | __SM_30_INTRINSICS_DECL__ long __shfl_xor_sync(unsigned mask, long var, int laneMask, int width=warpSize) __DEF_IF_HOST
      |                                                                                                           ^~~~~~~~~~~~~
/usr/local/cuda/include/sm_30_intrinsics.h: In function 'long unsigned int __shfl_xor_sync(unsigned int, long unsigned int, int, int)':
/usr/local/cuda/include/sm_30_intrinsics.h:76:25: warning: no return statement in function returning non-void [-Wreturn-type]
   76 | #define __DEF_IF_HOST { }
      |                         ^
/usr/local/cuda/include/sm_30_intrinsics.h:215:125: note: in expansion of macro '__DEF_IF_HOST'
  215 | __SM_30_INTRINSICS_DECL__ unsigned long __shfl_xor_sync(unsigned mask, unsigned long var, int laneMask, int width=warpSize) __DEF_IF_HOST
      |                                                                                                                             ^~~~~~~~~~~~~
In file included from /usr/local/cuda/include/crt/device_functions.h:3623,
                 from /home/GVirtuS/GVirtuS/plugins/cudart/backend/CudaRtHandler.h:71,
                 from /home/GVirtuS/GVirtuS/plugins/cudart/backend/CudaRtHandler_event.cpp:26:
/usr/local/cuda/include/sm_32_intrinsics.h: In function 'long int __ldg(const long int*)':
/usr/local/cuda/include/sm_32_intrinsics.h:74:25: warning: no return statement in function returning non-void [-Wreturn-type]
   74 | #define __DEF_IF_HOST { }
      |                         ^
/usr/local/cuda/include/sm_32_intrinsics.h:87:55: note: in expansion of macro '__DEF_IF_HOST'
   87 | __SM_32_INTRINSICS_DECL__ long __ldg(const long *ptr) __DEF_IF_HOST
      |                                                       ^~~~~~~~~~~~~
/usr/local/cuda/include/sm_32_intrinsics.h: In function 'long unsigned int __ldg(const long unsigned int*)':
/usr/local/cuda/include/sm_32_intrinsics.h:74:25: warning: no return statement in function returning non-void [-Wreturn-type]
   74 | #define __DEF_IF_HOST { }
      |                         ^
/usr/local/cuda/include/sm_32_intrinsics.h:88:73: note: in expansion of macro '__DEF_IF_HOST'
   88 | __SM_32_INTRINSICS_DECL__ unsigned long __ldg(const unsigned long *ptr) __DEF_IF_HOST
      |                                                                         ^~~~~~~~~~~~~
/usr/local/cuda/include/sm_32_intrinsics.h: In function 'char __ldg(const char*)':
/usr/local/cuda/include/sm_32_intrinsics.h:74:25: warning: no return statement in function returning non-void [-Wreturn-type]
   74 | #define __DEF_IF_HOST { }
      |                         ^
/usr/local/cuda/include/sm_32_intrinsics.h:90:55: note: in expansion of macro '__DEF_IF_HOST'
   90 | __SM_32_INTRINSICS_DECL__ char __ldg(const char *ptr) __DEF_IF_HOST
      |                                                       ^~~~~~~~~~~~~
/usr/local/cuda/include/sm_32_intrinsics.h: In function 'signed char __ldg(const signed char*)':
/usr/local/cuda/include/sm_32_intrinsics.h:74:25: warning: no return statement in function returning non-void [-Wreturn-type]
   74 | #define __DEF_IF_HOST { }
      |                         ^
/usr/local/cuda/include/sm_32_intrinsics.h:91:69: note: in expansion of macro '__DEF_IF_HOST'
   91 | __SM_32_INTRINSICS_DECL__ signed char __ldg(const signed char *ptr) __DEF_IF_HOST
      |                                                                     ^~~~~~~~~~~~~
/usr/local/cuda/include/sm_32_intrinsics.h: In function 'short int __ldg(const short int*)':
/usr/local/cuda/include/sm_32_intrinsics.h:74:25: warning: no return statement in function returning non-void [-Wreturn-type]
   74 | #define __DEF_IF_HOST { }
      |                         ^
/usr/local/cuda/include/sm_32_intrinsics.h:92:57: note: in expansion of macro '__DEF_IF_HOST'
   92 | __SM_32_INTRINSICS_DECL__ short __ldg(const short *ptr) __DEF_IF_HOST
      |                                                         ^~~~~~~~~~~~~
/usr/local/cuda/include/sm_32_intrinsics.h: In function 'int __ldg(const int*)':
/usr/local/cuda/include/sm_32_intrinsics.h:74:25: warning: no return statement in function returning non-void [-Wreturn-type]
   74 | #define __DEF_IF_HOST { }
      |                         ^
/usr/local/cuda/include/sm_32_intrinsics.h:93:53: note: in expansion of macro '__DEF_IF_HOST'
   93 | __SM_32_INTRINSICS_DECL__ int __ldg(const int *ptr) __DEF_IF_HOST
      |                                                     ^~~~~~~~~~~~~
/usr/local/cuda/include/sm_32_intrinsics.h: In function 'long long int __ldg(const long long int*)':
/usr/local/cuda/include/sm_32_intrinsics.h:74:25: warning: no return statement in function returning non-void [-Wreturn-type]
   74 | #define __DEF_IF_HOST { }
      |                         ^
/usr/local/cuda/include/sm_32_intrinsics.h:94:65: note: in expansion of macro '__DEF_IF_HOST'
   94 | __SM_32_INTRINSICS_DECL__ long long __ldg(const long long *ptr) __DEF_IF_HOST
      |                                                                 ^~~~~~~~~~~~~
/usr/local/cuda/include/sm_32_intrinsics.h: In function 'char2 __ldg(const char2*)':
/usr/local/cuda/include/sm_32_intrinsics.h:74:25: warning: no return statement in function returning non-void [-Wreturn-type]
   74 | #define __DEF_IF_HOST { }
      |                         ^
/usr/local/cuda/include/sm_32_intrinsics.h:95:57: note: in expansion of macro '__DEF_IF_HOST'
   95 | __SM_32_INTRINSICS_DECL__ char2 __ldg(const char2 *ptr) __DEF_IF_HOST
      |                                                         ^~~~~~~~~~~~~
/usr/local/cuda/include/sm_32_intrinsics.h: In function 'char4 __ldg(const char4*)':
/usr/local/cuda/include/sm_32_intrinsics.h:74:25: warning: no return statement in function returning non-void [-Wreturn-type]
   74 | #define __DEF_IF_HOST { }
      |                         ^
/usr/local/cuda/include/sm_32_intrinsics.h:96:57: note: in expansion of macro '__DEF_IF_HOST'
   96 | __SM_32_INTRINSICS_DECL__ char4 __ldg(const char4 *ptr) __DEF_IF_HOST
      |                                                         ^~~~~~~~~~~~~
/usr/local/cuda/include/sm_32_intrinsics.h: In function 'short2 __ldg(const short2*)':
/usr/local/cuda/include/sm_32_intrinsics.h:74:25: warning: no return statement in function returning non-void [-Wreturn-type]
   74 | #define __DEF_IF_HOST { }
      |                         ^
/usr/local/cuda/include/sm_32_intrinsics.h:97:59: note: in expansion of macro '__DEF_IF_HOST'
   97 | __SM_32_INTRINSICS_DECL__ short2 __ldg(const short2 *ptr) __DEF_IF_HOST
      |                                                           ^~~~~~~~~~~~~
/usr/local/cuda/include/sm_32_intrinsics.h: In function 'short4 __ldg(const short4*)':
/usr/local/cuda/include/sm_32_intrinsics.h:74:25: warning: no return statement in function returning non-void [-Wreturn-type]
   74 | #define __DEF_IF_HOST { }
      |                         ^
/usr/local/cuda/include/sm_32_intrinsics.h:98:59: note: in expansion of macro '__DEF_IF_HOST'
   98 | __SM_32_INTRINSICS_DECL__ short4 __ldg(const short4 *ptr) __DEF_IF_HOST
      |                                                           ^~~~~~~~~~~~~
/usr/local/cuda/include/sm_32_intrinsics.h: In function 'int2 __ldg(const int2*)':
/usr/local/cuda/include/sm_32_intrinsics.h:74:25: warning: no return statement in function returning non-void [-Wreturn-type]
   74 | #define __DEF_IF_HOST { }
      |                         ^
/usr/local/cuda/include/sm_32_intrinsics.h:99:55: note: in expansion of macro '__DEF_IF_HOST'
   99 | __SM_32_INTRINSICS_DECL__ int2 __ldg(const int2 *ptr) __DEF_IF_HOST
      |                                                       ^~~~~~~~~~~~~
/usr/local/cuda/include/sm_32_intrinsics.h: In function 'int4 __ldg(const int4*)':
/usr/local/cuda/include/sm_32_intrinsics.h:74:25: warning: no return statement in function returning non-void [-Wreturn-type]
   74 | #define __DEF_IF_HOST { }
      |                         ^
/usr/local/cuda/include/sm_32_intrinsics.h:100:55: note: in expansion of macro '__DEF_IF_HOST'
  100 | __SM_32_INTRINSICS_DECL__ int4 __ldg(const int4 *ptr) __DEF_IF_HOST
      |                                                       ^~~~~~~~~~~~~
/usr/local/cuda/include/sm_32_intrinsics.h: In function 'longlong2 __ldg(const longlong2*)':
/usr/local/cuda/include/sm_32_intrinsics.h:74:25: warning: no return statement in function returning non-void [-Wreturn-type]
   74 | #define __DEF_IF_HOST { }
      |                         ^
/usr/local/cuda/include/sm_32_intrinsics.h:101:65: note: in expansion of macro '__DEF_IF_HOST'
  101 | __SM_32_INTRINSICS_DECL__ longlong2 __ldg(const longlong2 *ptr) __DEF_IF_HOST
      |                                                                 ^~~~~~~~~~~~~
/usr/local/cuda/include/sm_32_intrinsics.h: In function 'unsigned char __ldg(const unsigned char*)':
/usr/local/cuda/include/sm_32_intrinsics.h:74:25: warning: no return statement in function returning non-void [-Wreturn-type]
   74 | #define __DEF_IF_HOST { }
      |                         ^
/usr/local/cuda/include/sm_32_intrinsics.h:103:73: note: in expansion of macro '__DEF_IF_HOST'
  103 | __SM_32_INTRINSICS_DECL__ unsigned char __ldg(const unsigned char *ptr) __DEF_IF_HOST
      |                                                                         ^~~~~~~~~~~~~
/usr/local/cuda/include/sm_32_intrinsics.h: In function 'short unsigned int __ldg(const short unsigned int*)':
/usr/local/cuda/include/sm_32_intrinsics.h:74:25: warning: no return statement in function returning non-void [-Wreturn-type]
   74 | #define __DEF_IF_HOST { }
      |                         ^
/usr/local/cuda/include/sm_32_intrinsics.h:104:75: note: in expansion of macro '__DEF_IF_HOST'
  104 | __SM_32_INTRINSICS_DECL__ unsigned short __ldg(const unsigned short *ptr) __DEF_IF_HOST
      |                                                                           ^~~~~~~~~~~~~
/usr/local/cuda/include/sm_32_intrinsics.h: In function 'unsigned int __ldg(const unsigned int*)':
/usr/local/cuda/include/sm_32_intrinsics.h:74:25: warning: no return statement in function returning non-void [-Wreturn-type]
   74 | #define __DEF_IF_HOST { }
      |                         ^
/usr/local/cuda/include/sm_32_intrinsics.h:105:71: note: in expansion of macro '__DEF_IF_HOST'
  105 | __SM_32_INTRINSICS_DECL__ unsigned int __ldg(const unsigned int *ptr) __DEF_IF_HOST
      |                                                                       ^~~~~~~~~~~~~
/usr/local/cuda/include/sm_32_intrinsics.h: In function 'long long unsigned int __ldg(const long long unsigned int*)':
/usr/local/cuda/include/sm_32_intrinsics.h:74:25: warning: no return statement in function returning non-void [-Wreturn-type]
   74 | #define __DEF_IF_HOST { }
      |                         ^
/usr/local/cuda/include/sm_32_intrinsics.h:106:83: note: in expansion of macro '__DEF_IF_HOST'
  106 | __SM_32_INTRINSICS_DECL__ unsigned long long __ldg(const unsigned long long *ptr) __DEF_IF_HOST
      |                                                                                   ^~~~~~~~~~~~~
/usr/local/cuda/include/sm_32_intrinsics.h: In function 'uchar2 __ldg(const uchar2*)':
/usr/local/cuda/include/sm_32_intrinsics.h:74:25: warning: no return statement in function returning non-void [-Wreturn-type]
   74 | #define __DEF_IF_HOST { }
      |                         ^
/usr/local/cuda/include/sm_32_intrinsics.h:107:59: note: in expansion of macro '__DEF_IF_HOST'
  107 | __SM_32_INTRINSICS_DECL__ uchar2 __ldg(const uchar2 *ptr) __DEF_IF_HOST
      |                                                           ^~~~~~~~~~~~~
/usr/local/cuda/include/sm_32_intrinsics.h: In function 'uchar4 __ldg(const uchar4*)':
/usr/local/cuda/include/sm_32_intrinsics.h:74:25: warning: no return statement in function returning non-void [-Wreturn-type]
   74 | #define __DEF_IF_HOST { }
      |                         ^
/usr/local/cuda/include/sm_32_intrinsics.h:108:59: note: in expansion of macro '__DEF_IF_HOST'
  108 | __SM_32_INTRINSICS_DECL__ uchar4 __ldg(const uchar4 *ptr) __DEF_IF_HOST
      |                                                           ^~~~~~~~~~~~~
/usr/local/cuda/include/sm_32_intrinsics.h: In function 'ushort2 __ldg(const ushort2*)':
/usr/local/cuda/include/sm_32_intrinsics.h:74:25: warning: no return statement in function returning non-void [-Wreturn-type]
   74 | #define __DEF_IF_HOST { }
      |                         ^
/usr/local/cuda/include/sm_32_intrinsics.h:109:61: note: in expansion of macro '__DEF_IF_HOST'
  109 | __SM_32_INTRINSICS_DECL__ ushort2 __ldg(const ushort2 *ptr) __DEF_IF_HOST
      |                                                             ^~~~~~~~~~~~~
/usr/local/cuda/include/sm_32_intrinsics.h: In function 'ushort4 __ldg(const ushort4*)':
/usr/local/cuda/include/sm_32_intrinsics.h:74:25: warning: no return statement in function returning non-void [-Wreturn-type]
   74 | #define __DEF_IF_HOST { }
      |                         ^
/usr/local/cuda/include/sm_32_intrinsics.h:110:61: note: in expansion of macro '__DEF_IF_HOST'
  110 | __SM_32_INTRINSICS_DECL__ ushort4 __ldg(const ushort4 *ptr) __DEF_IF_HOST
      |                                                             ^~~~~~~~~~~~~
/usr/local/cuda/include/sm_32_intrinsics.h: In function 'uint2 __ldg(const uint2*)':
/usr/local/cuda/include/sm_32_intrinsics.h:74:25: warning: no return statement in function returning non-void [-Wreturn-type]
   74 | #define __DEF_IF_HOST { }
      |                         ^
/usr/local/cuda/include/sm_32_intrinsics.h:111:57: note: in expansion of macro '__DEF_IF_HOST'
  111 | __SM_32_INTRINSICS_DECL__ uint2 __ldg(const uint2 *ptr) __DEF_IF_HOST
      |                                                         ^~~~~~~~~~~~~
/usr/local/cuda/include/sm_32_intrinsics.h: In function 'uint4 __ldg(const uint4*)':
/usr/local/cuda/include/sm_32_intrinsics.h:74:25: warning: no return statement in function returning non-void [-Wreturn-type]
   74 | #define __DEF_IF_HOST { }
      |                         ^
/usr/local/cuda/include/sm_32_intrinsics.h:112:57: note: in expansion of macro '__DEF_IF_HOST'
  112 | __SM_32_INTRINSICS_DECL__ uint4 __ldg(const uint4 *ptr) __DEF_IF_HOST
      |                                                         ^~~~~~~~~~~~~
/usr/local/cuda/include/sm_32_intrinsics.h: In function 'ulonglong2 __ldg(const ulonglong2*)':
/usr/local/cuda/include/sm_32_intrinsics.h:74:25: warning: no return statement in function returning non-void [-Wreturn-type]
   74 | #define __DEF_IF_HOST { }
      |                         ^
/usr/local/cuda/include/sm_32_intrinsics.h:113:67: note: in expansion of macro '__DEF_IF_HOST'
  113 | __SM_32_INTRINSICS_DECL__ ulonglong2 __ldg(const ulonglong2 *ptr) __DEF_IF_HOST
      |                                                                   ^~~~~~~~~~~~~
/usr/local/cuda/include/sm_32_intrinsics.h: In function 'float __ldg(const float*)':
/usr/local/cuda/include/sm_32_intrinsics.h:74:25: warning: no return statement in function returning non-void [-Wreturn-type]
   74 | #define __DEF_IF_HOST { }
      |                         ^
/usr/local/cuda/include/sm_32_intrinsics.h:115:57: note: in expansion of macro '__DEF_IF_HOST'
  115 | __SM_32_INTRINSICS_DECL__ float __ldg(const float *ptr) __DEF_IF_HOST
      |                                                         ^~~~~~~~~~~~~
/usr/local/cuda/include/sm_32_intrinsics.h: In function 'double __ldg(const double*)':
/usr/local/cuda/include/sm_32_intrinsics.h:74:25: warning: no return statement in function returning non-void [-Wreturn-type]
   74 | #define __DEF_IF_HOST { }
      |                         ^
/usr/local/cuda/include/sm_32_intrinsics.h:116:59: note: in expansion of macro '__DEF_IF_HOST'
  116 | __SM_32_INTRINSICS_DECL__ double __ldg(const double *ptr) __DEF_IF_HOST
      |                                                           ^~~~~~~~~~~~~
/usr/local/cuda/include/sm_32_intrinsics.h: In function 'float2 __ldg(const float2*)':
/usr/local/cuda/include/sm_32_intrinsics.h:74:25: warning: no return statement in function returning non-void [-Wreturn-type]
   74 | #define __DEF_IF_HOST { }
      |                         ^
/usr/local/cuda/include/sm_32_intrinsics.h:117:59: note: in expansion of macro '__DEF_IF_HOST'
  117 | __SM_32_INTRINSICS_DECL__ float2 __ldg(const float2 *ptr) __DEF_IF_HOST
      |                                                           ^~~~~~~~~~~~~
/usr/local/cuda/include/sm_32_intrinsics.h: In function 'float4 __ldg(const float4*)':
/usr/local/cuda/include/sm_32_intrinsics.h:74:25: warning: no return statement in function returning non-void [-Wreturn-type]
   74 | #define __DEF_IF_HOST { }
      |                         ^
/usr/local/cuda/include/sm_32_intrinsics.h:118:59: note: in expansion of macro '__DEF_IF_HOST'
  118 | __SM_32_INTRINSICS_DECL__ float4 __ldg(const float4 *ptr) __DEF_IF_HOST
      |                                                           ^~~~~~~~~~~~~
/usr/local/cuda/include/sm_32_intrinsics.h: In function 'double2 __ldg(const double2*)':
/usr/local/cuda/include/sm_32_intrinsics.h:74:25: warning: no return statement in function returning non-void [-Wreturn-type]
   74 | #define __DEF_IF_HOST { }
      |                         ^
/usr/local/cuda/include/sm_32_intrinsics.h:119:61: note: in expansion of macro '__DEF_IF_HOST'
  119 | __SM_32_INTRINSICS_DECL__ double2 __ldg(const double2 *ptr) __DEF_IF_HOST
      |                                                             ^~~~~~~~~~~~~
/usr/local/cuda/include/sm_32_intrinsics.h: In function 'long int __ldcg(const long int*)':
/usr/local/cuda/include/sm_32_intrinsics.h:74:25: warning: no return statement in function returning non-void [-Wreturn-type]
   74 | #define __DEF_IF_HOST { }
      |                         ^
/usr/local/cuda/include/sm_32_intrinsics.h:123:56: note: in expansion of macro '__DEF_IF_HOST'
  123 | __SM_32_INTRINSICS_DECL__ long __ldcg(const long *ptr) __DEF_IF_HOST
      |                                                        ^~~~~~~~~~~~~
/usr/local/cuda/include/sm_32_intrinsics.h: In function 'long unsigned int __ldcg(const long unsigned int*)':
/usr/local/cuda/include/sm_32_intrinsics.h:74:25: warning: no return statement in function returning non-void [-Wreturn-type]
   74 | #define __DEF_IF_HOST { }
      |                         ^
/usr/local/cuda/include/sm_32_intrinsics.h:124:74: note: in expansion of macro '__DEF_IF_HOST'
  124 | __SM_32_INTRINSICS_DECL__ unsigned long __ldcg(const unsigned long *ptr) __DEF_IF_HOST
      |                                                                          ^~~~~~~~~~~~~
/usr/local/cuda/include/sm_32_intrinsics.h: In function 'char __ldcg(const char*)':
/usr/local/cuda/include/sm_32_intrinsics.h:74:25: warning: no return statement in function returning non-void [-Wreturn-type]
   74 | #define __DEF_IF_HOST { }
      |                         ^
/usr/local/cuda/include/sm_32_intrinsics.h:126:56: note: in expansion of macro '__DEF_IF_HOST'
  126 | __SM_32_INTRINSICS_DECL__ char __ldcg(const char *ptr) __DEF_IF_HOST
      |                                                        ^~~~~~~~~~~~~
/usr/local/cuda/include/sm_32_intrinsics.h: In function 'signed char __ldcg(const signed char*)':
/usr/local/cuda/include/sm_32_intrinsics.h:74:25: warning: no return statement in function returning non-void [-Wreturn-type]
   74 | #define __DEF_IF_HOST { }
      |                         ^
/usr/local/cuda/include/sm_32_intrinsics.h:127:70: note: in expansion of macro '__DEF_IF_HOST'
  127 | __SM_32_INTRINSICS_DECL__ signed char __ldcg(const signed char *ptr) __DEF_IF_HOST
      |                                                                      ^~~~~~~~~~~~~
/usr/local/cuda/include/sm_32_intrinsics.h: In function 'short int __ldcg(const short int*)':
/usr/local/cuda/include/sm_32_intrinsics.h:74:25: warning: no return statement in function returning non-void [-Wreturn-type]
   74 | #define __DEF_IF_HOST { }
      |                         ^
/usr/local/cuda/include/sm_32_intrinsics.h:128:58: note: in expansion of macro '__DEF_IF_HOST'
  128 | __SM_32_INTRINSICS_DECL__ short __ldcg(const short *ptr) __DEF_IF_HOST
      |                                                          ^~~~~~~~~~~~~
/usr/local/cuda/include/sm_32_intrinsics.h: In function 'int __ldcg(const int*)':
/usr/local/cuda/include/sm_32_intrinsics.h:74:25: warning: no return statement in function returning non-void [-Wreturn-type]
   74 | #define __DEF_IF_HOST { }
      |                         ^
/usr/local/cuda/include/sm_32_intrinsics.h:129:54: note: in expansion of macro '__DEF_IF_HOST'
  129 | __SM_32_INTRINSICS_DECL__ int __ldcg(const int *ptr) __DEF_IF_HOST
      |                                                      ^~~~~~~~~~~~~
/usr/local/cuda/include/sm_32_intrinsics.h: In function 'long long int __ldcg(const long long int*)':
/usr/local/cuda/include/sm_32_intrinsics.h:74:25: warning: no return statement in function returning non-void [-Wreturn-type]
   74 | #define __DEF_IF_HOST { }
      |                         ^
/usr/local/cuda/include/sm_32_intrinsics.h:130:66: note: in expansion of macro '__DEF_IF_HOST'
  130 | __SM_32_INTRINSICS_DECL__ long long __ldcg(const long long *ptr) __DEF_IF_HOST
      |                                                                  ^~~~~~~~~~~~~
/usr/local/cuda/include/sm_32_intrinsics.h: In function 'char2 __ldcg(const char2*)':
/usr/local/cuda/include/sm_32_intrinsics.h:74:25: warning: no return statement in function returning non-void [-Wreturn-type]
   74 | #define __DEF_IF_HOST { }
      |                         ^
/usr/local/cuda/include/sm_32_intrinsics.h:131:58: note: in expansion of macro '__DEF_IF_HOST'
  131 | __SM_32_INTRINSICS_DECL__ char2 __ldcg(const char2 *ptr) __DEF_IF_HOST
      |                                                          ^~~~~~~~~~~~~
/usr/local/cuda/include/sm_32_intrinsics.h: In function 'char4 __ldcg(const char4*)':
/usr/local/cuda/include/sm_32_intrinsics.h:74:25: warning: no return statement in function returning non-void [-Wreturn-type]
   74 | #define __DEF_IF_HOST { }
      |                         ^
/usr/local/cuda/include/sm_32_intrinsics.h:132:58: note: in expansion of macro '__DEF_IF_HOST'
  132 | __SM_32_INTRINSICS_DECL__ char4 __ldcg(const char4 *ptr) __DEF_IF_HOST
      |                                                          ^~~~~~~~~~~~~
/usr/local/cuda/include/sm_32_intrinsics.h: In function 'short2 __ldcg(const short2*)':
/usr/local/cuda/include/sm_32_intrinsics.h:74:25: warning: no return statement in function returning non-void [-Wreturn-type]
   74 | #define __DEF_IF_HOST { }
      |                         ^
/usr/local/cuda/include/sm_32_intrinsics.h:133:60: note: in expansion of macro '__DEF_IF_HOST'
  133 | __SM_32_INTRINSICS_DECL__ short2 __ldcg(const short2 *ptr) __DEF_IF_HOST
      |                                                            ^~~~~~~~~~~~~
/usr/local/cuda/include/sm_32_intrinsics.h: In function 'short4 __ldcg(const short4*)':
/usr/local/cuda/include/sm_32_intrinsics.h:74:25: warning: no return statement in function returning non-void [-Wreturn-type]
   74 | #define __DEF_IF_HOST { }
      |                         ^
/usr/local/cuda/include/sm_32_intrinsics.h:134:60: note: in expansion of macro '__DEF_IF_HOST'
  134 | __SM_32_INTRINSICS_DECL__ short4 __ldcg(const short4 *ptr) __DEF_IF_HOST
      |                                                            ^~~~~~~~~~~~~
/usr/local/cuda/include/sm_32_intrinsics.h: In function 'int2 __ldcg(const int2*)':
/usr/local/cuda/include/sm_32_intrinsics.h:74:25: warning: no return statement in function returning non-void [-Wreturn-type]
   74 | #define __DEF_IF_HOST { }
      |                         ^
/usr/local/cuda/include/sm_32_intrinsics.h:135:56: note: in expansion of macro '__DEF_IF_HOST'
  135 | __SM_32_INTRINSICS_DECL__ int2 __ldcg(const int2 *ptr) __DEF_IF_HOST
      |                                                        ^~~~~~~~~~~~~
/usr/local/cuda/include/sm_32_intrinsics.h: In function 'int4 __ldcg(const int4*)':
/usr/local/cuda/include/sm_32_intrinsics.h:74:25: warning: no return statement in function returning non-void [-Wreturn-type]
   74 | #define __DEF_IF_HOST { }
      |                         ^
/usr/local/cuda/include/sm_32_intrinsics.h:136:56: note: in expansion of macro '__DEF_IF_HOST'
  136 | __SM_32_INTRINSICS_DECL__ int4 __ldcg(const int4 *ptr) __DEF_IF_HOST
      |                                                        ^~~~~~~~~~~~~
/usr/local/cuda/include/sm_32_intrinsics.h: In function 'longlong2 __ldcg(const longlong2*)':
/usr/local/cuda/include/sm_32_intrinsics.h:74:25: warning: no return statement in function returning non-void [-Wreturn-type]
   74 | #define __DEF_IF_HOST { }
      |                         ^
/usr/local/cuda/include/sm_32_intrinsics.h:137:66: note: in expansion of macro '__DEF_IF_HOST'
  137 | __SM_32_INTRINSICS_DECL__ longlong2 __ldcg(const longlong2 *ptr) __DEF_IF_HOST
      |                                                                  ^~~~~~~~~~~~~
/usr/local/cuda/include/sm_32_intrinsics.h: In function 'unsigned char __ldcg(const unsigned char*)':
/usr/local/cuda/include/sm_32_intrinsics.h:74:25: warning: no return statement in function returning non-void [-Wreturn-type]
   74 | #define __DEF_IF_HOST { }
      |                         ^
/usr/local/cuda/include/sm_32_intrinsics.h:139:74: note: in expansion of macro '__DEF_IF_HOST'
  139 | __SM_32_INTRINSICS_DECL__ unsigned char __ldcg(const unsigned char *ptr) __DEF_IF_HOST
      |                                                                          ^~~~~~~~~~~~~
/usr/local/cuda/include/sm_32_intrinsics.h: In function 'short unsigned int __ldcg(const short unsigned int*)':
/usr/local/cuda/include/sm_32_intrinsics.h:74:25: warning: no return statement in function returning non-void [-Wreturn-type]
   74 | #define __DEF_IF_HOST { }
      |                         ^
/usr/local/cuda/include/sm_32_intrinsics.h:140:76: note: in expansion of macro '__DEF_IF_HOST'
  140 | __SM_32_INTRINSICS_DECL__ unsigned short __ldcg(const unsigned short *ptr) __DEF_IF_HOST
      |                                                                            ^~~~~~~~~~~~~
/usr/local/cuda/include/sm_32_intrinsics.h: In function 'unsigned int __ldcg(const unsigned int*)':
/usr/local/cuda/include/sm_32_intrinsics.h:74:25: warning: no return statement in function returning non-void [-Wreturn-type]
   74 | #define __DEF_IF_HOST { }
      |                         ^
/usr/local/cuda/include/sm_32_intrinsics.h:141:72: note: in expansion of macro '__DEF_IF_HOST'
  141 | __SM_32_INTRINSICS_DECL__ unsigned int __ldcg(const unsigned int *ptr) __DEF_IF_HOST
      |                                                                        ^~~~~~~~~~~~~
/usr/local/cuda/include/sm_32_intrinsics.h: In function 'long long unsigned int __ldcg(const long long unsigned int*)':
/usr/local/cuda/include/sm_32_intrinsics.h:74:25: warning: no return statement in function returning non-void [-Wreturn-type]
   74 | #define __DEF_IF_HOST { }
      |                         ^
/usr/local/cuda/include/sm_32_intrinsics.h:142:84: note: in expansion of macro '__DEF_IF_HOST'
  142 | __SM_32_INTRINSICS_DECL__ unsigned long long __ldcg(const unsigned long long *ptr) __DEF_IF_HOST
      |                                                                                    ^~~~~~~~~~~~~
/usr/local/cuda/include/sm_32_intrinsics.h: In function 'uchar2 __ldcg(const uchar2*)':
/usr/local/cuda/include/sm_32_intrinsics.h:74:25: warning: no return statement in function returning non-void [-Wreturn-type]
   74 | #define __DEF_IF_HOST { }
      |                         ^
/usr/local/cuda/include/sm_32_intrinsics.h:143:60: note: in expansion of macro '__DEF_IF_HOST'
  143 | __SM_32_INTRINSICS_DECL__ uchar2 __ldcg(const uchar2 *ptr) __DEF_IF_HOST
      |                                                            ^~~~~~~~~~~~~
/usr/local/cuda/include/sm_32_intrinsics.h: In function 'uchar4 __ldcg(const uchar4*)':
/usr/local/cuda/include/sm_32_intrinsics.h:74:25: warning: no return statement in function returning non-void [-Wreturn-type]
   74 | #define __DEF_IF_HOST { }
      |                         ^
/usr/local/cuda/include/sm_32_intrinsics.h:144:60: note: in expansion of macro '__DEF_IF_HOST'
  144 | __SM_32_INTRINSICS_DECL__ uchar4 __ldcg(const uchar4 *ptr) __DEF_IF_HOST
      |                                                            ^~~~~~~~~~~~~
/usr/local/cuda/include/sm_32_intrinsics.h: In function 'ushort2 __ldcg(const ushort2*)':
/usr/local/cuda/include/sm_32_intrinsics.h:74:25: warning: no return statement in function returning non-void [-Wreturn-type]
   74 | #define __DEF_IF_HOST { }
      |                         ^
/usr/local/cuda/include/sm_32_intrinsics.h:145:62: note: in expansion of macro '__DEF_IF_HOST'
  145 | __SM_32_INTRINSICS_DECL__ ushort2 __ldcg(const ushort2 *ptr) __DEF_IF_HOST
      |                                                              ^~~~~~~~~~~~~
/usr/local/cuda/include/sm_32_intrinsics.h: In function 'ushort4 __ldcg(const ushort4*)':
/usr/local/cuda/include/sm_32_intrinsics.h:74:25: warning: no return statement in function returning non-void [-Wreturn-type]
   74 | #define __DEF_IF_HOST { }
      |                         ^
/usr/local/cuda/include/sm_32_intrinsics.h:146:62: note: in expansion of macro '__DEF_IF_HOST'
  146 | __SM_32_INTRINSICS_DECL__ ushort4 __ldcg(const ushort4 *ptr) __DEF_IF_HOST
      |                                                              ^~~~~~~~~~~~~
/usr/local/cuda/include/sm_32_intrinsics.h: In function 'uint2 __ldcg(const uint2*)':
/usr/local/cuda/include/sm_32_intrinsics.h:74:25: warning: no return statement in function returning non-void [-Wreturn-type]
   74 | #define __DEF_IF_HOST { }
      |                         ^
/usr/local/cuda/include/sm_32_intrinsics.h:147:58: note: in expansion of macro '__DEF_IF_HOST'
  147 | __SM_32_INTRINSICS_DECL__ uint2 __ldcg(const uint2 *ptr) __DEF_IF_HOST
      |                                                          ^~~~~~~~~~~~~
/usr/local/cuda/include/sm_32_intrinsics.h: In function 'uint4 __ldcg(const uint4*)':
/usr/local/cuda/include/sm_32_intrinsics.h:74:25: warning: no return statement in function returning non-void [-Wreturn-type]
   74 | #define __DEF_IF_HOST { }
      |                         ^
/usr/local/cuda/include/sm_32_intrinsics.h:148:58: note: in expansion of macro '__DEF_IF_HOST'
  148 | __SM_32_INTRINSICS_DECL__ uint4 __ldcg(const uint4 *ptr) __DEF_IF_HOST
      |                                                          ^~~~~~~~~~~~~
/usr/local/cuda/include/sm_32_intrinsics.h: In function 'ulonglong2 __ldcg(const ulonglong2*)':
/usr/local/cuda/include/sm_32_intrinsics.h:74:25: warning: no return statement in function returning non-void [-Wreturn-type]
   74 | #define __DEF_IF_HOST { }
      |                         ^
/usr/local/cuda/include/sm_32_intrinsics.h:149:68: note: in expansion of macro '__DEF_IF_HOST'
  149 | __SM_32_INTRINSICS_DECL__ ulonglong2 __ldcg(const ulonglong2 *ptr) __DEF_IF_HOST
      |                                                                    ^~~~~~~~~~~~~
/usr/local/cuda/include/sm_32_intrinsics.h: In function 'float __ldcg(const float*)':
/usr/local/cuda/include/sm_32_intrinsics.h:74:25: warning: no return statement in function returning non-void [-Wreturn-type]
   74 | #define __DEF_IF_HOST { }
      |                         ^
/usr/local/cuda/include/sm_32_intrinsics.h:151:58: note: in expansion of macro '__DEF_IF_HOST'
  151 | __SM_32_INTRINSICS_DECL__ float __ldcg(const float *ptr) __DEF_IF_HOST
      |                                                          ^~~~~~~~~~~~~
/usr/local/cuda/include/sm_32_intrinsics.h: In function 'double __ldcg(const double*)':
/usr/local/cuda/include/sm_32_intrinsics.h:74:25: warning: no return statement in function returning non-void [-Wreturn-type]
   74 | #define __DEF_IF_HOST { }
      |                         ^
/usr/local/cuda/include/sm_32_intrinsics.h:152:60: note: in expansion of macro '__DEF_IF_HOST'
  152 | __SM_32_INTRINSICS_DECL__ double __ldcg(const double *ptr) __DEF_IF_HOST
      |                                                            ^~~~~~~~~~~~~
/usr/local/cuda/include/sm_32_intrinsics.h: In function 'float2 __ldcg(const float2*)':
/usr/local/cuda/include/sm_32_intrinsics.h:74:25: warning: no return statement in function returning non-void [-Wreturn-type]
   74 | #define __DEF_IF_HOST { }
      |                         ^
/usr/local/cuda/include/sm_32_intrinsics.h:153:60: note: in expansion of macro '__DEF_IF_HOST'
  153 | __SM_32_INTRINSICS_DECL__ float2 __ldcg(const float2 *ptr) __DEF_IF_HOST
      |                                                            ^~~~~~~~~~~~~
/usr/local/cuda/include/sm_32_intrinsics.h: In function 'float4 __ldcg(const float4*)':
/usr/local/cuda/include/sm_32_intrinsics.h:74:25: warning: no return statement in function returning non-void [-Wreturn-type]
   74 | #define __DEF_IF_HOST { }
      |                         ^
/usr/local/cuda/include/sm_32_intrinsics.h:154:60: note: in expansion of macro '__DEF_IF_HOST'
  154 | __SM_32_INTRINSICS_DECL__ float4 __ldcg(const float4 *ptr) __DEF_IF_HOST
      |                                                            ^~~~~~~~~~~~~
/usr/local/cuda/include/sm_32_intrinsics.h: In function 'double2 __ldcg(const double2*)':
/usr/local/cuda/include/sm_32_intrinsics.h:74:25: warning: no return statement in function returning non-void [-Wreturn-type]
   74 | #define __DEF_IF_HOST { }
      |                         ^
/usr/local/cuda/include/sm_32_intrinsics.h:155:62: note: in expansion of macro '__DEF_IF_HOST'
  155 | __SM_32_INTRINSICS_DECL__ double2 __ldcg(const double2 *ptr) __DEF_IF_HOST
      |                                                              ^~~~~~~~~~~~~
/usr/local/cuda/include/sm_32_intrinsics.h: In function 'long int __ldca(const long int*)':
/usr/local/cuda/include/sm_32_intrinsics.h:74:25: warning: no return statement in function returning non-void [-Wreturn-type]
   74 | #define __DEF_IF_HOST { }
      |                         ^
/usr/local/cuda/include/sm_32_intrinsics.h:159:56: note: in expansion of macro '__DEF_IF_HOST'
  159 | __SM_32_INTRINSICS_DECL__ long __ldca(const long *ptr) __DEF_IF_HOST
      |                                                        ^~~~~~~~~~~~~
/usr/local/cuda/include/sm_32_intrinsics.h: In function 'long unsigned int __ldca(const long unsigned int*)':
/usr/local/cuda/include/sm_32_intrinsics.h:74:25: warning: no return statement in function returning non-void [-Wreturn-type]
   74 | #define __DEF_IF_HOST { }
      |                         ^
/usr/local/cuda/include/sm_32_intrinsics.h:160:74: note: in expansion of macro '__DEF_IF_HOST'
  160 | __SM_32_INTRINSICS_DECL__ unsigned long __ldca(const unsigned long *ptr) __DEF_IF_HOST
      |                                                                          ^~~~~~~~~~~~~
/usr/local/cuda/include/sm_32_intrinsics.h: In function 'char __ldca(const char*)':
/usr/local/cuda/include/sm_32_intrinsics.h:74:25: warning: no return statement in function returning non-void [-Wreturn-type]
   74 | #define __DEF_IF_HOST { }
      |                         ^
/usr/local/cuda/include/sm_32_intrinsics.h:162:56: note: in expansion of macro '__DEF_IF_HOST'
  162 | __SM_32_INTRINSICS_DECL__ char __ldca(const char *ptr) __DEF_IF_HOST
      |                                                        ^~~~~~~~~~~~~
/usr/local/cuda/include/sm_32_intrinsics.h: In function 'signed char __ldca(const signed char*)':
/usr/local/cuda/include/sm_32_intrinsics.h:74:25: warning: no return statement in function returning non-void [-Wreturn-type]
   74 | #define __DEF_IF_HOST { }
      |                         ^
/usr/local/cuda/include/sm_32_intrinsics.h:163:70: note: in expansion of macro '__DEF_IF_HOST'
  163 | __SM_32_INTRINSICS_DECL__ signed char __ldca(const signed char *ptr) __DEF_IF_HOST
      |                                                                      ^~~~~~~~~~~~~
/usr/local/cuda/include/sm_32_intrinsics.h: In function 'short int __ldca(const short int*)':
/usr/local/cuda/include/sm_32_intrinsics.h:74:25: warning: no return statement in function returning non-void [-Wreturn-type]
   74 | #define __DEF_IF_HOST { }
      |                         ^
/usr/local/cuda/include/sm_32_intrinsics.h:164:58: note: in expansion of macro '__DEF_IF_HOST'
  164 | __SM_32_INTRINSICS_DECL__ short __ldca(const short *ptr) __DEF_IF_HOST
      |                                                          ^~~~~~~~~~~~~
/usr/local/cuda/include/sm_32_intrinsics.h: In function 'int __ldca(const int*)':
/usr/local/cuda/include/sm_32_intrinsics.h:74:25: warning: no return statement in function returning non-void [-Wreturn-type]
   74 | #define __DEF_IF_HOST { }
      |                         ^
/usr/local/cuda/include/sm_32_intrinsics.h:165:54: note: in expansion of macro '__DEF_IF_HOST'
  165 | __SM_32_INTRINSICS_DECL__ int __ldca(const int *ptr) __DEF_IF_HOST
      |                                                      ^~~~~~~~~~~~~
/usr/local/cuda/include/sm_32_intrinsics.h: In function 'long long int __ldca(const long long int*)':
/usr/local/cuda/include/sm_32_intrinsics.h:74:25: warning: no return statement in function returning non-void [-Wreturn-type]
   74 | #define __DEF_IF_HOST { }
      |                         ^
/usr/local/cuda/include/sm_32_intrinsics.h:166:66: note: in expansion of macro '__DEF_IF_HOST'
  166 | __SM_32_INTRINSICS_DECL__ long long __ldca(const long long *ptr) __DEF_IF_HOST
      |                                                                  ^~~~~~~~~~~~~
/usr/local/cuda/include/sm_32_intrinsics.h: In function 'char2 __ldca(const char2*)':
/usr/local/cuda/include/sm_32_intrinsics.h:74:25: warning: no return statement in function returning non-void [-Wreturn-type]
   74 | #define __DEF_IF_HOST { }
      |                         ^
/usr/local/cuda/include/sm_32_intrinsics.h:167:58: note: in expansion of macro '__DEF_IF_HOST'
  167 | __SM_32_INTRINSICS_DECL__ char2 __ldca(const char2 *ptr) __DEF_IF_HOST
      |                                                          ^~~~~~~~~~~~~
/usr/local/cuda/include/sm_32_intrinsics.h: In function 'char4 __ldca(const char4*)':
/usr/local/cuda/include/sm_32_intrinsics.h:74:25: warning: no return statement in function returning non-void [-Wreturn-type]
   74 | #define __DEF_IF_HOST { }
      |                         ^
/usr/local/cuda/include/sm_32_intrinsics.h:168:58: note: in expansion of macro '__DEF_IF_HOST'
  168 | __SM_32_INTRINSICS_DECL__ char4 __ldca(const char4 *ptr) __DEF_IF_HOST
      |                                                          ^~~~~~~~~~~~~
/usr/local/cuda/include/sm_32_intrinsics.h: In function 'short2 __ldca(const short2*)':
/usr/local/cuda/include/sm_32_intrinsics.h:74:25: warning: no return statement in function returning non-void [-Wreturn-type]
   74 | #define __DEF_IF_HOST { }
      |                         ^
/usr/local/cuda/include/sm_32_intrinsics.h:169:60: note: in expansion of macro '__DEF_IF_HOST'
  169 | __SM_32_INTRINSICS_DECL__ short2 __ldca(const short2 *ptr) __DEF_IF_HOST
      |                                                            ^~~~~~~~~~~~~
/usr/local/cuda/include/sm_32_intrinsics.h: In function 'short4 __ldca(const short4*)':
/usr/local/cuda/include/sm_32_intrinsics.h:74:25: warning: no return statement in function returning non-void [-Wreturn-type]
   74 | #define __DEF_IF_HOST { }
      |                         ^
/usr/local/cuda/include/sm_32_intrinsics.h:170:60: note: in expansion of macro '__DEF_IF_HOST'
  170 | __SM_32_INTRINSICS_DECL__ short4 __ldca(const short4 *ptr) __DEF_IF_HOST
      |                                                            ^~~~~~~~~~~~~
/usr/local/cuda/include/sm_32_intrinsics.h: In function 'int2 __ldca(const int2*)':
/usr/local/cuda/include/sm_32_intrinsics.h:74:25: warning: no return statement in function returning non-void [-Wreturn-type]
   74 | #define __DEF_IF_HOST { }
      |                         ^
/usr/local/cuda/include/sm_32_intrinsics.h:171:56: note: in expansion of macro '__DEF_IF_HOST'
  171 | __SM_32_INTRINSICS_DECL__ int2 __ldca(const int2 *ptr) __DEF_IF_HOST
      |                                                        ^~~~~~~~~~~~~
/usr/local/cuda/include/sm_32_intrinsics.h: In function 'int4 __ldca(const int4*)':
/usr/local/cuda/include/sm_32_intrinsics.h:74:25: warning: no return statement in function returning non-void [-Wreturn-type]
   74 | #define __DEF_IF_HOST { }
      |                         ^
/usr/local/cuda/include/sm_32_intrinsics.h:172:56: note: in expansion of macro '__DEF_IF_HOST'
  172 | __SM_32_INTRINSICS_DECL__ int4 __ldca(const int4 *ptr) __DEF_IF_HOST
      |                                                        ^~~~~~~~~~~~~
/usr/local/cuda/include/sm_32_intrinsics.h: In function 'longlong2 __ldca(const longlong2*)':
/usr/local/cuda/include/sm_32_intrinsics.h:74:25: warning: no return statement in function returning non-void [-Wreturn-type]
   74 | #define __DEF_IF_HOST { }
      |                         ^
/usr/local/cuda/include/sm_32_intrinsics.h:173:66: note: in expansion of macro '__DEF_IF_HOST'
  173 | __SM_32_INTRINSICS_DECL__ longlong2 __ldca(const longlong2 *ptr) __DEF_IF_HOST
      |                                                                  ^~~~~~~~~~~~~
/usr/local/cuda/include/sm_32_intrinsics.h: In function 'unsigned char __ldca(const unsigned char*)':
/usr/local/cuda/include/sm_32_intrinsics.h:74:25: warning: no return statement in function returning non-void [-Wreturn-type]
   74 | #define __DEF_IF_HOST { }
      |                         ^
/usr/local/cuda/include/sm_32_intrinsics.h:175:74: note: in expansion of macro '__DEF_IF_HOST'
  175 | __SM_32_INTRINSICS_DECL__ unsigned char __ldca(const unsigned char *ptr) __DEF_IF_HOST
      |                                                                          ^~~~~~~~~~~~~
/usr/local/cuda/include/sm_32_intrinsics.h: In function 'short unsigned int __ldca(const short unsigned int*)':
/usr/local/cuda/include/sm_32_intrinsics.h:74:25: warning: no return statement in function returning non-void [-Wreturn-type]
   74 | #define __DEF_IF_HOST { }
      |                         ^
/usr/local/cuda/include/sm_32_intrinsics.h:176:76: note: in expansion of macro '__DEF_IF_HOST'
  176 | __SM_32_INTRINSICS_DECL__ unsigned short __ldca(const unsigned short *ptr) __DEF_IF_HOST
      |                                                                            ^~~~~~~~~~~~~
/usr/local/cuda/include/sm_32_intrinsics.h: In function 'unsigned int __ldca(const unsigned int*)':
/usr/local/cuda/include/sm_32_intrinsics.h:74:25: warning: no return statement in function returning non-void [-Wreturn-type]
   74 | #define __DEF_IF_HOST { }
      |                         ^
/usr/local/cuda/include/sm_32_intrinsics.h:177:72: note: in expansion of macro '__DEF_IF_HOST'
  177 | __SM_32_INTRINSICS_DECL__ unsigned int __ldca(const unsigned int *ptr) __DEF_IF_HOST
      |                                                                        ^~~~~~~~~~~~~
/usr/local/cuda/include/sm_32_intrinsics.h: In function 'long long unsigned int __ldca(const long long unsigned int*)':
/usr/local/cuda/include/sm_32_intrinsics.h:74:25: warning: no return statement in function returning non-void [-Wreturn-type]
   74 | #define __DEF_IF_HOST { }
      |                         ^
/usr/local/cuda/include/sm_32_intrinsics.h:178:84: note: in expansion of macro '__DEF_IF_HOST'
  178 | __SM_32_INTRINSICS_DECL__ unsigned long long __ldca(const unsigned long long *ptr) __DEF_IF_HOST
      |                                                                                    ^~~~~~~~~~~~~
/usr/local/cuda/include/sm_32_intrinsics.h: In function 'uchar2 __ldca(const uchar2*)':
/usr/local/cuda/include/sm_32_intrinsics.h:74:25: warning: no return statement in function returning non-void [-Wreturn-type]
   74 | #define __DEF_IF_HOST { }
      |                         ^
/usr/local/cuda/include/sm_32_intrinsics.h:179:60: note: in expansion of macro '__DEF_IF_HOST'
  179 | __SM_32_INTRINSICS_DECL__ uchar2 __ldca(const uchar2 *ptr) __DEF_IF_HOST
      |                                                            ^~~~~~~~~~~~~
/usr/local/cuda/include/sm_32_intrinsics.h: In function 'uchar4 __ldca(const uchar4*)':
/usr/local/cuda/include/sm_32_intrinsics.h:74:25: warning: no return statement in function returning non-void [-Wreturn-type]
   74 | #define __DEF_IF_HOST { }
      |                         ^
/usr/local/cuda/include/sm_32_intrinsics.h:180:60: note: in expansion of macro '__DEF_IF_HOST'
  180 | __SM_32_INTRINSICS_DECL__ uchar4 __ldca(const uchar4 *ptr) __DEF_IF_HOST
      |                                                            ^~~~~~~~~~~~~
/usr/local/cuda/include/sm_32_intrinsics.h: In function 'ushort2 __ldca(const ushort2*)':
/usr/local/cuda/include/sm_32_intrinsics.h:74:25: warning: no return statement in function returning non-void [-Wreturn-type]
   74 | #define __DEF_IF_HOST { }
      |                         ^
/usr/local/cuda/include/sm_32_intrinsics.h:181:62: note: in expansion of macro '__DEF_IF_HOST'
  181 | __SM_32_INTRINSICS_DECL__ ushort2 __ldca(const ushort2 *ptr) __DEF_IF_HOST
      |                                                              ^~~~~~~~~~~~~
/usr/local/cuda/include/sm_32_intrinsics.h: In function 'ushort4 __ldca(const ushort4*)':
/usr/local/cuda/include/sm_32_intrinsics.h:74:25: warning: no return statement in function returning non-void [-Wreturn-type]
   74 | #define __DEF_IF_HOST { }
      |                         ^
/usr/local/cuda/include/sm_32_intrinsics.h:182:62: note: in expansion of macro '__DEF_IF_HOST'
  182 | __SM_32_INTRINSICS_DECL__ ushort4 __ldca(const ushort4 *ptr) __DEF_IF_HOST
      |                                                              ^~~~~~~~~~~~~
/usr/local/cuda/include/sm_32_intrinsics.h: In function 'uint2 __ldca(const uint2*)':
/usr/local/cuda/include/sm_32_intrinsics.h:74:25: warning: no return statement in function returning non-void [-Wreturn-type]
   74 | #define __DEF_IF_HOST { }
      |                         ^
/usr/local/cuda/include/sm_32_intrinsics.h:183:58: note: in expansion of macro '__DEF_IF_HOST'
  183 | __SM_32_INTRINSICS_DECL__ uint2 __ldca(const uint2 *ptr) __DEF_IF_HOST
      |                                                          ^~~~~~~~~~~~~
/usr/local/cuda/include/sm_32_intrinsics.h: In function 'uint4 __ldca(const uint4*)':
/usr/local/cuda/include/sm_32_intrinsics.h:74:25: warning: no return statement in function returning non-void [-Wreturn-type]
   74 | #define __DEF_IF_HOST { }
      |                         ^
/usr/local/cuda/include/sm_32_intrinsics.h:184:58: note: in expansion of macro '__DEF_IF_HOST'
  184 | __SM_32_INTRINSICS_DECL__ uint4 __ldca(const uint4 *ptr) __DEF_IF_HOST
      |                                                          ^~~~~~~~~~~~~
/usr/local/cuda/include/sm_32_intrinsics.h: In function 'ulonglong2 __ldca(const ulonglong2*)':
/usr/local/cuda/include/sm_32_intrinsics.h:74:25: warning: no return statement in function returning non-void [-Wreturn-type]
   74 | #define __DEF_IF_HOST { }
      |                         ^
/usr/local/cuda/include/sm_32_intrinsics.h:185:68: note: in expansion of macro '__DEF_IF_HOST'
  185 | __SM_32_INTRINSICS_DECL__ ulonglong2 __ldca(const ulonglong2 *ptr) __DEF_IF_HOST
      |                                                                    ^~~~~~~~~~~~~
/usr/local/cuda/include/sm_32_intrinsics.h: In function 'float __ldca(const float*)':
/usr/local/cuda/include/sm_32_intrinsics.h:74:25: warning: no return statement in function returning non-void [-Wreturn-type]
   74 | #define __DEF_IF_HOST { }
      |                         ^
/usr/local/cuda/include/sm_32_intrinsics.h:187:58: note: in expansion of macro '__DEF_IF_HOST'
  187 | __SM_32_INTRINSICS_DECL__ float __ldca(const float *ptr) __DEF_IF_HOST
      |                                                          ^~~~~~~~~~~~~
/usr/local/cuda/include/sm_32_intrinsics.h: In function 'double __ldca(const double*)':
/usr/local/cuda/include/sm_32_intrinsics.h:74:25: warning: no return statement in function returning non-void [-Wreturn-type]
   74 | #define __DEF_IF_HOST { }
      |                         ^
/usr/local/cuda/include/sm_32_intrinsics.h:188:60: note: in expansion of macro '__DEF_IF_HOST'
  188 | __SM_32_INTRINSICS_DECL__ double __ldca(const double *ptr) __DEF_IF_HOST
      |                                                            ^~~~~~~~~~~~~
/usr/local/cuda/include/sm_32_intrinsics.h: In function 'float2 __ldca(const float2*)':
/usr/local/cuda/include/sm_32_intrinsics.h:74:25: warning: no return statement in function returning non-void [-Wreturn-type]
   74 | #define __DEF_IF_HOST { }
      |                         ^
/usr/local/cuda/include/sm_32_intrinsics.h:189:60: note: in expansion of macro '__DEF_IF_HOST'
  189 | __SM_32_INTRINSICS_DECL__ float2 __ldca(const float2 *ptr) __DEF_IF_HOST
      |                                                            ^~~~~~~~~~~~~
/usr/local/cuda/include/sm_32_intrinsics.h: In function 'float4 __ldca(const float4*)':
/usr/local/cuda/include/sm_32_intrinsics.h:74:25: warning: no return statement in function returning non-void [-Wreturn-type]
   74 | #define __DEF_IF_HOST { }
      |                         ^
/usr/local/cuda/include/sm_32_intrinsics.h:190:60: note: in expansion of macro '__DEF_IF_HOST'
  190 | __SM_32_INTRINSICS_DECL__ float4 __ldca(const float4 *ptr) __DEF_IF_HOST
      |                                                            ^~~~~~~~~~~~~
/usr/local/cuda/include/sm_32_intrinsics.h: In function 'double2 __ldca(const double2*)':
/usr/local/cuda/include/sm_32_intrinsics.h:74:25: warning: no return statement in function returning non-void [-Wreturn-type]
   74 | #define __DEF_IF_HOST { }
      |                         ^
/usr/local/cuda/include/sm_32_intrinsics.h:191:62: note: in expansion of macro '__DEF_IF_HOST'
  191 | __SM_32_INTRINSICS_DECL__ double2 __ldca(const double2 *ptr) __DEF_IF_HOST
      |                                                              ^~~~~~~~~~~~~
/usr/local/cuda/include/sm_32_intrinsics.h: In function 'long int __ldcs(const long int*)':
/usr/local/cuda/include/sm_32_intrinsics.h:74:25: warning: no return statement in function returning non-void [-Wreturn-type]
   74 | #define __DEF_IF_HOST { }
      |                         ^
/usr/local/cuda/include/sm_32_intrinsics.h:195:56: note: in expansion of macro '__DEF_IF_HOST'
  195 | __SM_32_INTRINSICS_DECL__ long __ldcs(const long *ptr) __DEF_IF_HOST
      |                                                        ^~~~~~~~~~~~~
/usr/local/cuda/include/sm_32_intrinsics.h: In function 'long unsigned int __ldcs(const long unsigned int*)':
/usr/local/cuda/include/sm_32_intrinsics.h:74:25: warning: no return statement in function returning non-void [-Wreturn-type]
   74 | #define __DEF_IF_HOST { }
      |                         ^
/usr/local/cuda/include/sm_32_intrinsics.h:196:74: note: in expansion of macro '__DEF_IF_HOST'
  196 | __SM_32_INTRINSICS_DECL__ unsigned long __ldcs(const unsigned long *ptr) __DEF_IF_HOST
      |                                                                          ^~~~~~~~~~~~~
/usr/local/cuda/include/sm_32_intrinsics.h: In function 'char __ldcs(const char*)':
/usr/local/cuda/include/sm_32_intrinsics.h:74:25: warning: no return statement in function returning non-void [-Wreturn-type]
   74 | #define __DEF_IF_HOST { }
      |                         ^
/usr/local/cuda/include/sm_32_intrinsics.h:198:56: note: in expansion of macro '__DEF_IF_HOST'
  198 | __SM_32_INTRINSICS_DECL__ char __ldcs(const char *ptr) __DEF_IF_HOST
      |                                                        ^~~~~~~~~~~~~
/usr/local/cuda/include/sm_32_intrinsics.h: In function 'signed char __ldcs(const signed char*)':
/usr/local/cuda/include/sm_32_intrinsics.h:74:25: warning: no return statement in function returning non-void [-Wreturn-type]
   74 | #define __DEF_IF_HOST { }
      |                         ^
/usr/local/cuda/include/sm_32_intrinsics.h:199:70: note: in expansion of macro '__DEF_IF_HOST'
  199 | __SM_32_INTRINSICS_DECL__ signed char __ldcs(const signed char *ptr) __DEF_IF_HOST
      |                                                                      ^~~~~~~~~~~~~
/usr/local/cuda/include/sm_32_intrinsics.h: In function 'short int __ldcs(const short int*)':
/usr/local/cuda/include/sm_32_intrinsics.h:74:25: warning: no return statement in function returning non-void [-Wreturn-type]
   74 | #define __DEF_IF_HOST { }
      |                         ^
/usr/local/cuda/include/sm_32_intrinsics.h:200:58: note: in expansion of macro '__DEF_IF_HOST'
  200 | __SM_32_INTRINSICS_DECL__ short __ldcs(const short *ptr) __DEF_IF_HOST
      |                                                          ^~~~~~~~~~~~~
/usr/local/cuda/include/sm_32_intrinsics.h: In function 'int __ldcs(const int*)':
/usr/local/cuda/include/sm_32_intrinsics.h:74:25: warning: no return statement in function returning non-void [-Wreturn-type]
   74 | #define __DEF_IF_HOST { }
      |                         ^
/usr/local/cuda/include/sm_32_intrinsics.h:201:54: note: in expansion of macro '__DEF_IF_HOST'
  201 | __SM_32_INTRINSICS_DECL__ int __ldcs(const int *ptr) __DEF_IF_HOST
      |                                                      ^~~~~~~~~~~~~
/usr/local/cuda/include/sm_32_intrinsics.h: In function 'long long int __ldcs(const long long int*)':
/usr/local/cuda/include/sm_32_intrinsics.h:74:25: warning: no return statement in function returning non-void [-Wreturn-type]
   74 | #define __DEF_IF_HOST { }
      |                         ^
/usr/local/cuda/include/sm_32_intrinsics.h:202:66: note: in expansion of macro '__DEF_IF_HOST'
  202 | __SM_32_INTRINSICS_DECL__ long long __ldcs(const long long *ptr) __DEF_IF_HOST
      |                                                                  ^~~~~~~~~~~~~
/usr/local/cuda/include/sm_32_intrinsics.h: In function 'char2 __ldcs(const char2*)':
/usr/local/cuda/include/sm_32_intrinsics.h:74:25: warning: no return statement in function returning non-void [-Wreturn-type]
   74 | #define __DEF_IF_HOST { }
      |                         ^
/usr/local/cuda/include/sm_32_intrinsics.h:203:58: note: in expansion of macro '__DEF_IF_HOST'
  203 | __SM_32_INTRINSICS_DECL__ char2 __ldcs(const char2 *ptr) __DEF_IF_HOST
      |                                                          ^~~~~~~~~~~~~
/usr/local/cuda/include/sm_32_intrinsics.h: In function 'char4 __ldcs(const char4*)':
/usr/local/cuda/include/sm_32_intrinsics.h:74:25: warning: no return statement in function returning non-void [-Wreturn-type]
   74 | #define __DEF_IF_HOST { }
      |                         ^
/usr/local/cuda/include/sm_32_intrinsics.h:204:58: note: in expansion of macro '__DEF_IF_HOST'
  204 | __SM_32_INTRINSICS_DECL__ char4 __ldcs(const char4 *ptr) __DEF_IF_HOST
      |                                                          ^~~~~~~~~~~~~
/usr/local/cuda/include/sm_32_intrinsics.h: In function 'short2 __ldcs(const short2*)':
/usr/local/cuda/include/sm_32_intrinsics.h:74:25: warning: no return statement in function returning non-void [-Wreturn-type]
   74 | #define __DEF_IF_HOST { }
      |                         ^
/usr/local/cuda/include/sm_32_intrinsics.h:205:60: note: in expansion of macro '__DEF_IF_HOST'
  205 | __SM_32_INTRINSICS_DECL__ short2 __ldcs(const short2 *ptr) __DEF_IF_HOST
      |                                                            ^~~~~~~~~~~~~
/usr/local/cuda/include/sm_32_intrinsics.h: In function 'short4 __ldcs(const short4*)':
/usr/local/cuda/include/sm_32_intrinsics.h:74:25: warning: no return statement in function returning non-void [-Wreturn-type]
   74 | #define __DEF_IF_HOST { }
      |                         ^
/usr/local/cuda/include/sm_32_intrinsics.h:206:60: note: in expansion of macro '__DEF_IF_HOST'
  206 | __SM_32_INTRINSICS_DECL__ short4 __ldcs(const short4 *ptr) __DEF_IF_HOST
      |                                                            ^~~~~~~~~~~~~
/usr/local/cuda/include/sm_32_intrinsics.h: In function 'int2 __ldcs(const int2*)':
/usr/local/cuda/include/sm_32_intrinsics.h:74:25: warning: no return statement in function returning non-void [-Wreturn-type]
   74 | #define __DEF_IF_HOST { }
      |                         ^
/usr/local/cuda/include/sm_32_intrinsics.h:207:56: note: in expansion of macro '__DEF_IF_HOST'
  207 | __SM_32_INTRINSICS_DECL__ int2 __ldcs(const int2 *ptr) __DEF_IF_HOST
      |                                                        ^~~~~~~~~~~~~
/usr/local/cuda/include/sm_32_intrinsics.h: In function 'int4 __ldcs(const int4*)':
/usr/local/cuda/include/sm_32_intrinsics.h:74:25: warning: no return statement in function returning non-void [-Wreturn-type]
   74 | #define __DEF_IF_HOST { }
      |                         ^
/usr/local/cuda/include/sm_32_intrinsics.h:208:56: note: in expansion of macro '__DEF_IF_HOST'
  208 | __SM_32_INTRINSICS_DECL__ int4 __ldcs(const int4 *ptr) __DEF_IF_HOST
      |                                                        ^~~~~~~~~~~~~
/usr/local/cuda/include/sm_32_intrinsics.h: In function 'longlong2 __ldcs(const longlong2*)':
/usr/local/cuda/include/sm_32_intrinsics.h:74:25: warning: no return statement in function returning non-void [-Wreturn-type]
   74 | #define __DEF_IF_HOST { }
      |                         ^
/usr/local/cuda/include/sm_32_intrinsics.h:209:66: note: in expansion of macro '__DEF_IF_HOST'
  209 | __SM_32_INTRINSICS_DECL__ longlong2 __ldcs(const longlong2 *ptr) __DEF_IF_HOST
      |                                                                  ^~~~~~~~~~~~~
/usr/local/cuda/include/sm_32_intrinsics.h: In function 'unsigned char __ldcs(const unsigned char*)':
/usr/local/cuda/include/sm_32_intrinsics.h:74:25: warning: no return statement in function returning non-void [-Wreturn-type]
   74 | #define __DEF_IF_HOST { }
      |                         ^
/usr/local/cuda/include/sm_32_intrinsics.h:211:74: note: in expansion of macro '__DEF_IF_HOST'
  211 | __SM_32_INTRINSICS_DECL__ unsigned char __ldcs(const unsigned char *ptr) __DEF_IF_HOST
      |                                                                          ^~~~~~~~~~~~~
/usr/local/cuda/include/sm_32_intrinsics.h: In function 'short unsigned int __ldcs(const short unsigned int*)':
/usr/local/cuda/include/sm_32_intrinsics.h:74:25: warning: no return statement in function returning non-void [-Wreturn-type]
   74 | #define __DEF_IF_HOST { }
      |                         ^
/usr/local/cuda/include/sm_32_intrinsics.h:212:76: note: in expansion of macro '__DEF_IF_HOST'
  212 | __SM_32_INTRINSICS_DECL__ unsigned short __ldcs(const unsigned short *ptr) __DEF_IF_HOST
      |                                                                            ^~~~~~~~~~~~~
/usr/local/cuda/include/sm_32_intrinsics.h: In function 'unsigned int __ldcs(const unsigned int*)':
/usr/local/cuda/include/sm_32_intrinsics.h:74:25: warning: no return statement in function returning non-void [-Wreturn-type]
   74 | #define __DEF_IF_HOST { }
      |                         ^
/usr/local/cuda/include/sm_32_intrinsics.h:213:72: note: in expansion of macro '__DEF_IF_HOST'
  213 | __SM_32_INTRINSICS_DECL__ unsigned int __ldcs(const unsigned int *ptr) __DEF_IF_HOST
      |                                                                        ^~~~~~~~~~~~~
/usr/local/cuda/include/sm_32_intrinsics.h: In function 'long long unsigned int __ldcs(const long long unsigned int*)':
/usr/local/cuda/include/sm_32_intrinsics.h:74:25: warning: no return statement in function returning non-void [-Wreturn-type]
   74 | #define __DEF_IF_HOST { }
      |                         ^
/usr/local/cuda/include/sm_32_intrinsics.h:214:84: note: in expansion of macro '__DEF_IF_HOST'
  214 | __SM_32_INTRINSICS_DECL__ unsigned long long __ldcs(const unsigned long long *ptr) __DEF_IF_HOST
      |                                                                                    ^~~~~~~~~~~~~
/usr/local/cuda/include/sm_32_intrinsics.h: In function 'uchar2 __ldcs(const uchar2*)':
/usr/local/cuda/include/sm_32_intrinsics.h:74:25: warning: no return statement in function returning non-void [-Wreturn-type]
   74 | #define __DEF_IF_HOST { }
      |                         ^
/usr/local/cuda/include/sm_32_intrinsics.h:215:60: note: in expansion of macro '__DEF_IF_HOST'
  215 | __SM_32_INTRINSICS_DECL__ uchar2 __ldcs(const uchar2 *ptr) __DEF_IF_HOST
      |                                                            ^~~~~~~~~~~~~
/usr/local/cuda/include/sm_32_intrinsics.h: In function 'uchar4 __ldcs(const uchar4*)':
/usr/local/cuda/include/sm_32_intrinsics.h:74:25: warning: no return statement in function returning non-void [-Wreturn-type]
   74 | #define __DEF_IF_HOST { }
      |                         ^
/usr/local/cuda/include/sm_32_intrinsics.h:216:60: note: in expansion of macro '__DEF_IF_HOST'
  216 | __SM_32_INTRINSICS_DECL__ uchar4 __ldcs(const uchar4 *ptr) __DEF_IF_HOST
      |                                                            ^~~~~~~~~~~~~
/usr/local/cuda/include/sm_32_intrinsics.h: In function 'ushort2 __ldcs(const ushort2*)':
/usr/local/cuda/include/sm_32_intrinsics.h:74:25: warning: no return statement in function returning non-void [-Wreturn-type]
   74 | #define __DEF_IF_HOST { }
      |                         ^
/usr/local/cuda/include/sm_32_intrinsics.h:217:62: note: in expansion of macro '__DEF_IF_HOST'
  217 | __SM_32_INTRINSICS_DECL__ ushort2 __ldcs(const ushort2 *ptr) __DEF_IF_HOST
      |                                                              ^~~~~~~~~~~~~
/usr/local/cuda/include/sm_32_intrinsics.h: In function 'ushort4 __ldcs(const ushort4*)':
/usr/local/cuda/include/sm_32_intrinsics.h:74:25: warning: no return statement in function returning non-void [-Wreturn-type]
   74 | #define __DEF_IF_HOST { }
      |                         ^
/usr/local/cuda/include/sm_32_intrinsics.h:218:62: note: in expansion of macro '__DEF_IF_HOST'
  218 | __SM_32_INTRINSICS_DECL__ ushort4 __ldcs(const ushort4 *ptr) __DEF_IF_HOST
      |                                                              ^~~~~~~~~~~~~
/usr/local/cuda/include/sm_32_intrinsics.h: In function 'uint2 __ldcs(const uint2*)':
/usr/local/cuda/include/sm_32_intrinsics.h:74:25: warning: no return statement in function returning non-void [-Wreturn-type]
   74 | #define __DEF_IF_HOST { }
      |                         ^
/usr/local/cuda/include/sm_32_intrinsics.h:219:58: note: in expansion of macro '__DEF_IF_HOST'
  219 | __SM_32_INTRINSICS_DECL__ uint2 __ldcs(const uint2 *ptr) __DEF_IF_HOST
      |                                                          ^~~~~~~~~~~~~
/usr/local/cuda/include/sm_32_intrinsics.h: In function 'uint4 __ldcs(const uint4*)':
/usr/local/cuda/include/sm_32_intrinsics.h:74:25: warning: no return statement in function returning non-void [-Wreturn-type]
   74 | #define __DEF_IF_HOST { }
      |                         ^
/usr/local/cuda/include/sm_32_intrinsics.h:220:58: note: in expansion of macro '__DEF_IF_HOST'
  220 | __SM_32_INTRINSICS_DECL__ uint4 __ldcs(const uint4 *ptr) __DEF_IF_HOST
      |                                                          ^~~~~~~~~~~~~
/usr/local/cuda/include/sm_32_intrinsics.h: In function 'ulonglong2 __ldcs(const ulonglong2*)':
/usr/local/cuda/include/sm_32_intrinsics.h:74:25: warning: no return statement in function returning non-void [-Wreturn-type]
   74 | #define __DEF_IF_HOST { }
      |                         ^
/usr/local/cuda/include/sm_32_intrinsics.h:221:68: note: in expansion of macro '__DEF_IF_HOST'
  221 | __SM_32_INTRINSICS_DECL__ ulonglong2 __ldcs(const ulonglong2 *ptr) __DEF_IF_HOST
      |                                                                    ^~~~~~~~~~~~~
/usr/local/cuda/include/sm_32_intrinsics.h: In function 'float __ldcs(const float*)':
/usr/local/cuda/include/sm_32_intrinsics.h:74:25: warning: no return statement in function returning non-void [-Wreturn-type]
   74 | #define __DEF_IF_HOST { }
      |                         ^
/usr/local/cuda/include/sm_32_intrinsics.h:223:58: note: in expansion of macro '__DEF_IF_HOST'
  223 | __SM_32_INTRINSICS_DECL__ float __ldcs(const float *ptr) __DEF_IF_HOST
      |                                                          ^~~~~~~~~~~~~
/usr/local/cuda/include/sm_32_intrinsics.h: In function 'double __ldcs(const double*)':
/usr/local/cuda/include/sm_32_intrinsics.h:74:25: warning: no return statement in function returning non-void [-Wreturn-type]
   74 | #define __DEF_IF_HOST { }
      |                         ^
/usr/local/cuda/include/sm_32_intrinsics.h:224:60: note: in expansion of macro '__DEF_IF_HOST'
  224 | __SM_32_INTRINSICS_DECL__ double __ldcs(const double *ptr) __DEF_IF_HOST
      |                                                            ^~~~~~~~~~~~~
/usr/local/cuda/include/sm_32_intrinsics.h: In function 'float2 __ldcs(const float2*)':
/usr/local/cuda/include/sm_32_intrinsics.h:74:25: warning: no return statement in function returning non-void [-Wreturn-type]
   74 | #define __DEF_IF_HOST { }
      |                         ^
/usr/local/cuda/include/sm_32_intrinsics.h:225:60: note: in expansion of macro '__DEF_IF_HOST'
  225 | __SM_32_INTRINSICS_DECL__ float2 __ldcs(const float2 *ptr) __DEF_IF_HOST
      |                                                            ^~~~~~~~~~~~~
/usr/local/cuda/include/sm_32_intrinsics.h: In function 'float4 __ldcs(const float4*)':
/usr/local/cuda/include/sm_32_intrinsics.h:74:25: warning: no return statement in function returning non-void [-Wreturn-type]
   74 | #define __DEF_IF_HOST { }
      |                         ^
/usr/local/cuda/include/sm_32_intrinsics.h:226:60: note: in expansion of macro '__DEF_IF_HOST'
  226 | __SM_32_INTRINSICS_DECL__ float4 __ldcs(const float4 *ptr) __DEF_IF_HOST
      |                                                            ^~~~~~~~~~~~~
/usr/local/cuda/include/sm_32_intrinsics.h: In function 'double2 __ldcs(const double2*)':
/usr/local/cuda/include/sm_32_intrinsics.h:74:25: warning: no return statement in function returning non-void [-Wreturn-type]
   74 | #define __DEF_IF_HOST { }
      |                         ^
/usr/local/cuda/include/sm_32_intrinsics.h:227:62: note: in expansion of macro '__DEF_IF_HOST'
  227 | __SM_32_INTRINSICS_DECL__ double2 __ldcs(const double2 *ptr) __DEF_IF_HOST
      |                                                              ^~~~~~~~~~~~~
/usr/local/cuda/include/sm_32_intrinsics.h: In function 'long int __ldlu(const long int*)':
/usr/local/cuda/include/sm_32_intrinsics.h:74:25: warning: no return statement in function returning non-void [-Wreturn-type]
   74 | #define __DEF_IF_HOST { }
      |                         ^
/usr/local/cuda/include/sm_32_intrinsics.h:231:56: note: in expansion of macro '__DEF_IF_HOST'
  231 | __SM_32_INTRINSICS_DECL__ long __ldlu(const long *ptr) __DEF_IF_HOST
      |                                                        ^~~~~~~~~~~~~
/usr/local/cuda/include/sm_32_intrinsics.h: In function 'long unsigned int __ldlu(const long unsigned int*)':
/usr/local/cuda/include/sm_32_intrinsics.h:74:25: warning: no return statement in function returning non-void [-Wreturn-type]
   74 | #define __DEF_IF_HOST { }
      |                         ^
/usr/local/cuda/include/sm_32_intrinsics.h:232:74: note: in expansion of macro '__DEF_IF_HOST'
  232 | __SM_32_INTRINSICS_DECL__ unsigned long __ldlu(const unsigned long *ptr) __DEF_IF_HOST
      |                                                                          ^~~~~~~~~~~~~
/usr/local/cuda/include/sm_32_intrinsics.h: In function 'char __ldlu(const char*)':
/usr/local/cuda/include/sm_32_intrinsics.h:74:25: warning: no return statement in function returning non-void [-Wreturn-type]
   74 | #define __DEF_IF_HOST { }
      |                         ^
/usr/local/cuda/include/sm_32_intrinsics.h:234:56: note: in expansion of macro '__DEF_IF_HOST'
  234 | __SM_32_INTRINSICS_DECL__ char __ldlu(const char *ptr) __DEF_IF_HOST
      |                                                        ^~~~~~~~~~~~~
/usr/local/cuda/include/sm_32_intrinsics.h: In function 'signed char __ldlu(const signed char*)':
/usr/local/cuda/include/sm_32_intrinsics.h:74:25: warning: no return statement in function returning non-void [-Wreturn-type]
   74 | #define __DEF_IF_HOST { }
      |                         ^
/usr/local/cuda/include/sm_32_intrinsics.h:235:70: note: in expansion of macro '__DEF_IF_HOST'
  235 | __SM_32_INTRINSICS_DECL__ signed char __ldlu(const signed char *ptr) __DEF_IF_HOST
      |                                                                      ^~~~~~~~~~~~~
/usr/local/cuda/include/sm_32_intrinsics.h: In function 'short int __ldlu(const short int*)':
/usr/local/cuda/include/sm_32_intrinsics.h:74:25: warning: no return statement in function returning non-void [-Wreturn-type]
   74 | #define __DEF_IF_HOST { }
      |                         ^
/usr/local/cuda/include/sm_32_intrinsics.h:236:58: note: in expansion of macro '__DEF_IF_HOST'
  236 | __SM_32_INTRINSICS_DECL__ short __ldlu(const short *ptr) __DEF_IF_HOST
      |                                                          ^~~~~~~~~~~~~
/usr/local/cuda/include/sm_32_intrinsics.h: In function 'int __ldlu(const int*)':
/usr/local/cuda/include/sm_32_intrinsics.h:74:25: warning: no return statement in function returning non-void [-Wreturn-type]
   74 | #define __DEF_IF_HOST { }
      |                         ^
/usr/local/cuda/include/sm_32_intrinsics.h:237:54: note: in expansion of macro '__DEF_IF_HOST'
  237 | __SM_32_INTRINSICS_DECL__ int __ldlu(const int *ptr) __DEF_IF_HOST
      |                                                      ^~~~~~~~~~~~~
/usr/local/cuda/include/sm_32_intrinsics.h: In function 'long long int __ldlu(const long long int*)':
/usr/local/cuda/include/sm_32_intrinsics.h:74:25: warning: no return statement in function returning non-void [-Wreturn-type]
   74 | #define __DEF_IF_HOST { }
      |                         ^
/usr/local/cuda/include/sm_32_intrinsics.h:238:66: note: in expansion of macro '__DEF_IF_HOST'
  238 | __SM_32_INTRINSICS_DECL__ long long __ldlu(const long long *ptr) __DEF_IF_HOST
      |                                                                  ^~~~~~~~~~~~~
/usr/local/cuda/include/sm_32_intrinsics.h: In function 'char2 __ldlu(const char2*)':
/usr/local/cuda/include/sm_32_intrinsics.h:74:25: warning: no return statement in function returning non-void [-Wreturn-type]
   74 | #define __DEF_IF_HOST { }
      |                         ^
/usr/local/cuda/include/sm_32_intrinsics.h:239:58: note: in expansion of macro '__DEF_IF_HOST'
  239 | __SM_32_INTRINSICS_DECL__ char2 __ldlu(const char2 *ptr) __DEF_IF_HOST
      |                                                          ^~~~~~~~~~~~~
/usr/local/cuda/include/sm_32_intrinsics.h: In function 'char4 __ldlu(const char4*)':
/usr/local/cuda/include/sm_32_intrinsics.h:74:25: warning: no return statement in function returning non-void [-Wreturn-type]
   74 | #define __DEF_IF_HOST { }
      |                         ^
/usr/local/cuda/include/sm_32_intrinsics.h:240:58: note: in expansion of macro '__DEF_IF_HOST'
  240 | __SM_32_INTRINSICS_DECL__ char4 __ldlu(const char4 *ptr) __DEF_IF_HOST
      |                                                          ^~~~~~~~~~~~~
/usr/local/cuda/include/sm_32_intrinsics.h: In function 'short2 __ldlu(const short2*)':
/usr/local/cuda/include/sm_32_intrinsics.h:74:25: warning: no return statement in function returning non-void [-Wreturn-type]
   74 | #define __DEF_IF_HOST { }
      |                         ^
/usr/local/cuda/include/sm_32_intrinsics.h:241:60: note: in expansion of macro '__DEF_IF_HOST'
  241 | __SM_32_INTRINSICS_DECL__ short2 __ldlu(const short2 *ptr) __DEF_IF_HOST
      |                                                            ^~~~~~~~~~~~~
/usr/local/cuda/include/sm_32_intrinsics.h: In function 'short4 __ldlu(const short4*)':
/usr/local/cuda/include/sm_32_intrinsics.h:74:25: warning: no return statement in function returning non-void [-Wreturn-type]
   74 | #define __DEF_IF_HOST { }
      |                         ^
/usr/local/cuda/include/sm_32_intrinsics.h:242:60: note: in expansion of macro '__DEF_IF_HOST'
  242 | __SM_32_INTRINSICS_DECL__ short4 __ldlu(const short4 *ptr) __DEF_IF_HOST
      |                                                            ^~~~~~~~~~~~~
/usr/local/cuda/include/sm_32_intrinsics.h: In function 'int2 __ldlu(const int2*)':
/usr/local/cuda/include/sm_32_intrinsics.h:74:25: warning: no return statement in function returning non-void [-Wreturn-type]
   74 | #define __DEF_IF_HOST { }
      |                         ^
/usr/local/cuda/include/sm_32_intrinsics.h:243:56: note: in expansion of macro '__DEF_IF_HOST'
  243 | __SM_32_INTRINSICS_DECL__ int2 __ldlu(const int2 *ptr) __DEF_IF_HOST
      |                                                        ^~~~~~~~~~~~~
/usr/local/cuda/include/sm_32_intrinsics.h: In function 'int4 __ldlu(const int4*)':
/usr/local/cuda/include/sm_32_intrinsics.h:74:25: warning: no return statement in function returning non-void [-Wreturn-type]
   74 | #define __DEF_IF_HOST { }
      |                         ^
/usr/local/cuda/include/sm_32_intrinsics.h:244:56: note: in expansion of macro '__DEF_IF_HOST'
  244 | __SM_32_INTRINSICS_DECL__ int4 __ldlu(const int4 *ptr) __DEF_IF_HOST
      |                                                        ^~~~~~~~~~~~~
/usr/local/cuda/include/sm_32_intrinsics.h: In function 'longlong2 __ldlu(const longlong2*)':
/usr/local/cuda/include/sm_32_intrinsics.h:74:25: warning: no return statement in function returning non-void [-Wreturn-type]
   74 | #define __DEF_IF_HOST { }
      |                         ^
/usr/local/cuda/include/sm_32_intrinsics.h:245:66: note: in expansion of macro '__DEF_IF_HOST'
  245 | __SM_32_INTRINSICS_DECL__ longlong2 __ldlu(const longlong2 *ptr) __DEF_IF_HOST
      |                                                                  ^~~~~~~~~~~~~
/usr/local/cuda/include/sm_32_intrinsics.h: In function 'unsigned char __ldlu(const unsigned char*)':
/usr/local/cuda/include/sm_32_intrinsics.h:74:25: warning: no return statement in function returning non-void [-Wreturn-type]
   74 | #define __DEF_IF_HOST { }
      |                         ^
/usr/local/cuda/include/sm_32_intrinsics.h:247:74: note: in expansion of macro '__DEF_IF_HOST'
  247 | __SM_32_INTRINSICS_DECL__ unsigned char __ldlu(const unsigned char *ptr) __DEF_IF_HOST
      |                                                                          ^~~~~~~~~~~~~
/usr/local/cuda/include/sm_32_intrinsics.h: In function 'short unsigned int __ldlu(const short unsigned int*)':
/usr/local/cuda/include/sm_32_intrinsics.h:74:25: warning: no return statement in function returning non-void [-Wreturn-type]
   74 | #define __DEF_IF_HOST { }
      |                         ^
/usr/local/cuda/include/sm_32_intrinsics.h:248:76: note: in expansion of macro '__DEF_IF_HOST'
  248 | __SM_32_INTRINSICS_DECL__ unsigned short __ldlu(const unsigned short *ptr) __DEF_IF_HOST
      |                                                                            ^~~~~~~~~~~~~
/usr/local/cuda/include/sm_32_intrinsics.h: In function 'unsigned int __ldlu(const unsigned int*)':
/usr/local/cuda/include/sm_32_intrinsics.h:74:25: warning: no return statement in function returning non-void [-Wreturn-type]
   74 | #define __DEF_IF_HOST { }
      |                         ^
/usr/local/cuda/include/sm_32_intrinsics.h:249:72: note: in expansion of macro '__DEF_IF_HOST'
  249 | __SM_32_INTRINSICS_DECL__ unsigned int __ldlu(const unsigned int *ptr) __DEF_IF_HOST
      |                                                                        ^~~~~~~~~~~~~
/usr/local/cuda/include/sm_32_intrinsics.h: In function 'long long unsigned int __ldlu(const long long unsigned int*)':
/usr/local/cuda/include/sm_32_intrinsics.h:74:25: warning: no return statement in function returning non-void [-Wreturn-type]
   74 | #define __DEF_IF_HOST { }
      |                         ^
/usr/local/cuda/include/sm_32_intrinsics.h:250:84: note: in expansion of macro '__DEF_IF_HOST'
  250 | __SM_32_INTRINSICS_DECL__ unsigned long long __ldlu(const unsigned long long *ptr) __DEF_IF_HOST
      |                                                                                    ^~~~~~~~~~~~~
/usr/local/cuda/include/sm_32_intrinsics.h: In function 'uchar2 __ldlu(const uchar2*)':
/usr/local/cuda/include/sm_32_intrinsics.h:74:25: warning: no return statement in function returning non-void [-Wreturn-type]
   74 | #define __DEF_IF_HOST { }
      |                         ^
/usr/local/cuda/include/sm_32_intrinsics.h:251:60: note: in expansion of macro '__DEF_IF_HOST'
  251 | __SM_32_INTRINSICS_DECL__ uchar2 __ldlu(const uchar2 *ptr) __DEF_IF_HOST
      |                                                            ^~~~~~~~~~~~~
/usr/local/cuda/include/sm_32_intrinsics.h: In function 'uchar4 __ldlu(const uchar4*)':
/usr/local/cuda/include/sm_32_intrinsics.h:74:25: warning: no return statement in function returning non-void [-Wreturn-type]
   74 | #define __DEF_IF_HOST { }
      |                         ^
/usr/local/cuda/include/sm_32_intrinsics.h:252:60: note: in expansion of macro '__DEF_IF_HOST'
  252 | __SM_32_INTRINSICS_DECL__ uchar4 __ldlu(const uchar4 *ptr) __DEF_IF_HOST
      |                                                            ^~~~~~~~~~~~~
/usr/local/cuda/include/sm_32_intrinsics.h: In function 'ushort2 __ldlu(const ushort2*)':
/usr/local/cuda/include/sm_32_intrinsics.h:74:25: warning: no return statement in function returning non-void [-Wreturn-type]
   74 | #define __DEF_IF_HOST { }
      |                         ^
/usr/local/cuda/include/sm_32_intrinsics.h:253:62: note: in expansion of macro '__DEF_IF_HOST'
  253 | __SM_32_INTRINSICS_DECL__ ushort2 __ldlu(const ushort2 *ptr) __DEF_IF_HOST
      |                                                              ^~~~~~~~~~~~~
/usr/local/cuda/include/sm_32_intrinsics.h: In function 'ushort4 __ldlu(const ushort4*)':
/usr/local/cuda/include/sm_32_intrinsics.h:74:25: warning: no return statement in function returning non-void [-Wreturn-type]
   74 | #define __DEF_IF_HOST { }
      |                         ^
/usr/local/cuda/include/sm_32_intrinsics.h:254:62: note: in expansion of macro '__DEF_IF_HOST'
  254 | __SM_32_INTRINSICS_DECL__ ushort4 __ldlu(const ushort4 *ptr) __DEF_IF_HOST
      |                                                              ^~~~~~~~~~~~~
/usr/local/cuda/include/sm_32_intrinsics.h: In function 'uint2 __ldlu(const uint2*)':
/usr/local/cuda/include/sm_32_intrinsics.h:74:25: warning: no return statement in function returning non-void [-Wreturn-type]
   74 | #define __DEF_IF_HOST { }
      |                         ^
/usr/local/cuda/include/sm_32_intrinsics.h:255:58: note: in expansion of macro '__DEF_IF_HOST'
  255 | __SM_32_INTRINSICS_DECL__ uint2 __ldlu(const uint2 *ptr) __DEF_IF_HOST
      |                                                          ^~~~~~~~~~~~~
/usr/local/cuda/include/sm_32_intrinsics.h: In function 'uint4 __ldlu(const uint4*)':
/usr/local/cuda/include/sm_32_intrinsics.h:74:25: warning: no return statement in function returning non-void [-Wreturn-type]
   74 | #define __DEF_IF_HOST { }
      |                         ^
/usr/local/cuda/include/sm_32_intrinsics.h:256:58: note: in expansion of macro '__DEF_IF_HOST'
  256 | __SM_32_INTRINSICS_DECL__ uint4 __ldlu(const uint4 *ptr) __DEF_IF_HOST
      |                                                          ^~~~~~~~~~~~~
/usr/local/cuda/include/sm_32_intrinsics.h: In function 'ulonglong2 __ldlu(const ulonglong2*)':
/usr/local/cuda/include/sm_32_intrinsics.h:74:25: warning: no return statement in function returning non-void [-Wreturn-type]
   74 | #define __DEF_IF_HOST { }
      |                         ^
/usr/local/cuda/include/sm_32_intrinsics.h:257:68: note: in expansion of macro '__DEF_IF_HOST'
  257 | __SM_32_INTRINSICS_DECL__ ulonglong2 __ldlu(const ulonglong2 *ptr) __DEF_IF_HOST
      |                                                                    ^~~~~~~~~~~~~
/usr/local/cuda/include/sm_32_intrinsics.h: In function 'float __ldlu(const float*)':
/usr/local/cuda/include/sm_32_intrinsics.h:74:25: warning: no return statement in function returning non-void [-Wreturn-type]
   74 | #define __DEF_IF_HOST { }
      |                         ^
/usr/local/cuda/include/sm_32_intrinsics.h:259:58: note: in expansion of macro '__DEF_IF_HOST'
  259 | __SM_32_INTRINSICS_DECL__ float __ldlu(const float *ptr) __DEF_IF_HOST
      |                                                          ^~~~~~~~~~~~~
/usr/local/cuda/include/sm_32_intrinsics.h: In function 'double __ldlu(const double*)':
/usr/local/cuda/include/sm_32_intrinsics.h:74:25: warning: no return statement in function returning non-void [-Wreturn-type]
   74 | #define __DEF_IF_HOST { }
      |                         ^
/usr/local/cuda/include/sm_32_intrinsics.h:260:60: note: in expansion of macro '__DEF_IF_HOST'
  260 | __SM_32_INTRINSICS_DECL__ double __ldlu(const double *ptr) __DEF_IF_HOST
      |                                                            ^~~~~~~~~~~~~
/usr/local/cuda/include/sm_32_intrinsics.h: In function 'float2 __ldlu(const float2*)':
/usr/local/cuda/include/sm_32_intrinsics.h:74:25: warning: no return statement in function returning non-void [-Wreturn-type]
   74 | #define __DEF_IF_HOST { }
      |                         ^
/usr/local/cuda/include/sm_32_intrinsics.h:261:60: note: in expansion of macro '__DEF_IF_HOST'
  261 | __SM_32_INTRINSICS_DECL__ float2 __ldlu(const float2 *ptr) __DEF_IF_HOST
      |                                                            ^~~~~~~~~~~~~
/usr/local/cuda/include/sm_32_intrinsics.h: In function 'float4 __ldlu(const float4*)':
/usr/local/cuda/include/sm_32_intrinsics.h:74:25: warning: no return statement in function returning non-void [-Wreturn-type]
   74 | #define __DEF_IF_HOST { }
      |                         ^
/usr/local/cuda/include/sm_32_intrinsics.h:262:60: note: in expansion of macro '__DEF_IF_HOST'
  262 | __SM_32_INTRINSICS_DECL__ float4 __ldlu(const float4 *ptr) __DEF_IF_HOST
      |                                                            ^~~~~~~~~~~~~
/usr/local/cuda/include/sm_32_intrinsics.h: In function 'double2 __ldlu(const double2*)':
/usr/local/cuda/include/sm_32_intrinsics.h:74:25: warning: no return statement in function returning non-void [-Wreturn-type]
   74 | #define __DEF_IF_HOST { }
      |                         ^
/usr/local/cuda/include/sm_32_intrinsics.h:263:62: note: in expansion of macro '__DEF_IF_HOST'
  263 | __SM_32_INTRINSICS_DECL__ double2 __ldlu(const double2 *ptr) __DEF_IF_HOST
      |                                                              ^~~~~~~~~~~~~
/usr/local/cuda/include/sm_32_intrinsics.h: In function 'long int __ldcv(const long int*)':
/usr/local/cuda/include/sm_32_intrinsics.h:74:25: warning: no return statement in function returning non-void [-Wreturn-type]
   74 | #define __DEF_IF_HOST { }
      |                         ^
/usr/local/cuda/include/sm_32_intrinsics.h:267:56: note: in expansion of macro '__DEF_IF_HOST'
  267 | __SM_32_INTRINSICS_DECL__ long __ldcv(const long *ptr) __DEF_IF_HOST
      |                                                        ^~~~~~~~~~~~~
/usr/local/cuda/include/sm_32_intrinsics.h: In function 'long unsigned int __ldcv(const long unsigned int*)':
/usr/local/cuda/include/sm_32_intrinsics.h:74:25: warning: no return statement in function returning non-void [-Wreturn-type]
   74 | #define __DEF_IF_HOST { }
      |                         ^
/usr/local/cuda/include/sm_32_intrinsics.h:268:74: note: in expansion of macro '__DEF_IF_HOST'
  268 | __SM_32_INTRINSICS_DECL__ unsigned long __ldcv(const unsigned long *ptr) __DEF_IF_HOST
      |                                                                          ^~~~~~~~~~~~~
/usr/local/cuda/include/sm_32_intrinsics.h: In function 'char __ldcv(const char*)':
/usr/local/cuda/include/sm_32_intrinsics.h:74:25: warning: no return statement in function returning non-void [-Wreturn-type]
   74 | #define __DEF_IF_HOST { }
      |                         ^
/usr/local/cuda/include/sm_32_intrinsics.h:270:56: note: in expansion of macro '__DEF_IF_HOST'
  270 | __SM_32_INTRINSICS_DECL__ char __ldcv(const char *ptr) __DEF_IF_HOST
      |                                                        ^~~~~~~~~~~~~
/usr/local/cuda/include/sm_32_intrinsics.h: In function 'signed char __ldcv(const signed char*)':
/usr/local/cuda/include/sm_32_intrinsics.h:74:25: warning: no return statement in function returning non-void [-Wreturn-type]
   74 | #define __DEF_IF_HOST { }
      |                         ^
/usr/local/cuda/include/sm_32_intrinsics.h:271:70: note: in expansion of macro '__DEF_IF_HOST'
  271 | __SM_32_INTRINSICS_DECL__ signed char __ldcv(const signed char *ptr) __DEF_IF_HOST
      |                                                                      ^~~~~~~~~~~~~
/usr/local/cuda/include/sm_32_intrinsics.h: In function 'short int __ldcv(const short int*)':
/usr/local/cuda/include/sm_32_intrinsics.h:74:25: warning: no return statement in function returning non-void [-Wreturn-type]
   74 | #define __DEF_IF_HOST { }
      |                         ^
/usr/local/cuda/include/sm_32_intrinsics.h:272:58: note: in expansion of macro '__DEF_IF_HOST'
  272 | __SM_32_INTRINSICS_DECL__ short __ldcv(const short *ptr) __DEF_IF_HOST
      |                                                          ^~~~~~~~~~~~~
/usr/local/cuda/include/sm_32_intrinsics.h: In function 'int __ldcv(const int*)':
/usr/local/cuda/include/sm_32_intrinsics.h:74:25: warning: no return statement in function returning non-void [-Wreturn-type]
   74 | #define __DEF_IF_HOST { }
      |                         ^
/usr/local/cuda/include/sm_32_intrinsics.h:273:54: note: in expansion of macro '__DEF_IF_HOST'
  273 | __SM_32_INTRINSICS_DECL__ int __ldcv(const int *ptr) __DEF_IF_HOST
      |                                                      ^~~~~~~~~~~~~
/usr/local/cuda/include/sm_32_intrinsics.h: In function 'long long int __ldcv(const long long int*)':
/usr/local/cuda/include/sm_32_intrinsics.h:74:25: warning: no return statement in function returning non-void [-Wreturn-type]
   74 | #define __DEF_IF_HOST { }
      |                         ^
/usr/local/cuda/include/sm_32_intrinsics.h:274:66: note: in expansion of macro '__DEF_IF_HOST'
  274 | __SM_32_INTRINSICS_DECL__ long long __ldcv(const long long *ptr) __DEF_IF_HOST
      |                                                                  ^~~~~~~~~~~~~
/usr/local/cuda/include/sm_32_intrinsics.h: In function 'char2 __ldcv(const char2*)':
/usr/local/cuda/include/sm_32_intrinsics.h:74:25: warning: no return statement in function returning non-void [-Wreturn-type]
   74 | #define __DEF_IF_HOST { }
      |                         ^
/usr/local/cuda/include/sm_32_intrinsics.h:275:58: note: in expansion of macro '__DEF_IF_HOST'
  275 | __SM_32_INTRINSICS_DECL__ char2 __ldcv(const char2 *ptr) __DEF_IF_HOST
      |                                                          ^~~~~~~~~~~~~
/usr/local/cuda/include/sm_32_intrinsics.h: In function 'char4 __ldcv(const char4*)':
/usr/local/cuda/include/sm_32_intrinsics.h:74:25: warning: no return statement in function returning non-void [-Wreturn-type]
   74 | #define __DEF_IF_HOST { }
      |                         ^
/usr/local/cuda/include/sm_32_intrinsics.h:276:58: note: in expansion of macro '__DEF_IF_HOST'
  276 | __SM_32_INTRINSICS_DECL__ char4 __ldcv(const char4 *ptr) __DEF_IF_HOST
      |                                                          ^~~~~~~~~~~~~
/usr/local/cuda/include/sm_32_intrinsics.h: In function 'short2 __ldcv(const short2*)':
/usr/local/cuda/include/sm_32_intrinsics.h:74:25: warning: no return statement in function returning non-void [-Wreturn-type]
   74 | #define __DEF_IF_HOST { }
      |                         ^
/usr/local/cuda/include/sm_32_intrinsics.h:277:60: note: in expansion of macro '__DEF_IF_HOST'
  277 | __SM_32_INTRINSICS_DECL__ short2 __ldcv(const short2 *ptr) __DEF_IF_HOST
      |                                                            ^~~~~~~~~~~~~
/usr/local/cuda/include/sm_32_intrinsics.h: In function 'short4 __ldcv(const short4*)':
/usr/local/cuda/include/sm_32_intrinsics.h:74:25: warning: no return statement in function returning non-void [-Wreturn-type]
   74 | #define __DEF_IF_HOST { }
      |                         ^
/usr/local/cuda/include/sm_32_intrinsics.h:278:60: note: in expansion of macro '__DEF_IF_HOST'
  278 | __SM_32_INTRINSICS_DECL__ short4 __ldcv(const short4 *ptr) __DEF_IF_HOST
      |                                                            ^~~~~~~~~~~~~
/usr/local/cuda/include/sm_32_intrinsics.h: In function 'int2 __ldcv(const int2*)':
/usr/local/cuda/include/sm_32_intrinsics.h:74:25: warning: no return statement in function returning non-void [-Wreturn-type]
   74 | #define __DEF_IF_HOST { }
      |                         ^
/usr/local/cuda/include/sm_32_intrinsics.h:279:56: note: in expansion of macro '__DEF_IF_HOST'
  279 | __SM_32_INTRINSICS_DECL__ int2 __ldcv(const int2 *ptr) __DEF_IF_HOST
      |                                                        ^~~~~~~~~~~~~
/usr/local/cuda/include/sm_32_intrinsics.h: In function 'int4 __ldcv(const int4*)':
/usr/local/cuda/include/sm_32_intrinsics.h:74:25: warning: no return statement in function returning non-void [-Wreturn-type]
   74 | #define __DEF_IF_HOST { }
      |                         ^
/usr/local/cuda/include/sm_32_intrinsics.h:280:56: note: in expansion of macro '__DEF_IF_HOST'
  280 | __SM_32_INTRINSICS_DECL__ int4 __ldcv(const int4 *ptr) __DEF_IF_HOST
      |                                                        ^~~~~~~~~~~~~
/usr/local/cuda/include/sm_32_intrinsics.h: In function 'longlong2 __ldcv(const longlong2*)':
/usr/local/cuda/include/sm_32_intrinsics.h:74:25: warning: no return statement in function returning non-void [-Wreturn-type]
   74 | #define __DEF_IF_HOST { }
      |                         ^
/usr/local/cuda/include/sm_32_intrinsics.h:281:66: note: in expansion of macro '__DEF_IF_HOST'
  281 | __SM_32_INTRINSICS_DECL__ longlong2 __ldcv(const longlong2 *ptr) __DEF_IF_HOST
      |                                                                  ^~~~~~~~~~~~~
/usr/local/cuda/include/sm_32_intrinsics.h: In function 'unsigned char __ldcv(const unsigned char*)':
/usr/local/cuda/include/sm_32_intrinsics.h:74:25: warning: no return statement in function returning non-void [-Wreturn-type]
   74 | #define __DEF_IF_HOST { }
      |                         ^
/usr/local/cuda/include/sm_32_intrinsics.h:283:74: note: in expansion of macro '__DEF_IF_HOST'
  283 | __SM_32_INTRINSICS_DECL__ unsigned char __ldcv(const unsigned char *ptr) __DEF_IF_HOST
      |                                                                          ^~~~~~~~~~~~~
/usr/local/cuda/include/sm_32_intrinsics.h: In function 'short unsigned int __ldcv(const short unsigned int*)':
/usr/local/cuda/include/sm_32_intrinsics.h:74:25: warning: no return statement in function returning non-void [-Wreturn-type]
   74 | #define __DEF_IF_HOST { }
      |                         ^
/usr/local/cuda/include/sm_32_intrinsics.h:284:76: note: in expansion of macro '__DEF_IF_HOST'
  284 | __SM_32_INTRINSICS_DECL__ unsigned short __ldcv(const unsigned short *ptr) __DEF_IF_HOST
      |                                                                            ^~~~~~~~~~~~~
/usr/local/cuda/include/sm_32_intrinsics.h: In function 'unsigned int __ldcv(const unsigned int*)':
/usr/local/cuda/include/sm_32_intrinsics.h:74:25: warning: no return statement in function returning non-void [-Wreturn-type]
   74 | #define __DEF_IF_HOST { }
      |                         ^
/usr/local/cuda/include/sm_32_intrinsics.h:285:72: note: in expansion of macro '__DEF_IF_HOST'
  285 | __SM_32_INTRINSICS_DECL__ unsigned int __ldcv(const unsigned int *ptr) __DEF_IF_HOST
      |                                                                        ^~~~~~~~~~~~~
/usr/local/cuda/include/sm_32_intrinsics.h: In function 'long long unsigned int __ldcv(const long long unsigned int*)':
/usr/local/cuda/include/sm_32_intrinsics.h:74:25: warning: no return statement in function returning non-void [-Wreturn-type]
   74 | #define __DEF_IF_HOST { }
      |                         ^
/usr/local/cuda/include/sm_32_intrinsics.h:286:84: note: in expansion of macro '__DEF_IF_HOST'
  286 | __SM_32_INTRINSICS_DECL__ unsigned long long __ldcv(const unsigned long long *ptr) __DEF_IF_HOST
      |                                                                                    ^~~~~~~~~~~~~
/usr/local/cuda/include/sm_32_intrinsics.h: In function 'uchar2 __ldcv(const uchar2*)':
/usr/local/cuda/include/sm_32_intrinsics.h:74:25: warning: no return statement in function returning non-void [-Wreturn-type]
   74 | #define __DEF_IF_HOST { }
      |                         ^
/usr/local/cuda/include/sm_32_intrinsics.h:287:60: note: in expansion of macro '__DEF_IF_HOST'
  287 | __SM_32_INTRINSICS_DECL__ uchar2 __ldcv(const uchar2 *ptr) __DEF_IF_HOST
      |                                                            ^~~~~~~~~~~~~
/usr/local/cuda/include/sm_32_intrinsics.h: In function 'uchar4 __ldcv(const uchar4*)':
/usr/local/cuda/include/sm_32_intrinsics.h:74:25: warning: no return statement in function returning non-void [-Wreturn-type]
   74 | #define __DEF_IF_HOST { }
      |                         ^
/usr/local/cuda/include/sm_32_intrinsics.h:288:60: note: in expansion of macro '__DEF_IF_HOST'
  288 | __SM_32_INTRINSICS_DECL__ uchar4 __ldcv(const uchar4 *ptr) __DEF_IF_HOST
      |                                                            ^~~~~~~~~~~~~
/usr/local/cuda/include/sm_32_intrinsics.h: In function 'ushort2 __ldcv(const ushort2*)':
/usr/local/cuda/include/sm_32_intrinsics.h:74:25: warning: no return statement in function returning non-void [-Wreturn-type]
   74 | #define __DEF_IF_HOST { }
      |                         ^
/usr/local/cuda/include/sm_32_intrinsics.h:289:62: note: in expansion of macro '__DEF_IF_HOST'
  289 | __SM_32_INTRINSICS_DECL__ ushort2 __ldcv(const ushort2 *ptr) __DEF_IF_HOST
      |                                                              ^~~~~~~~~~~~~
/usr/local/cuda/include/sm_32_intrinsics.h: In function 'ushort4 __ldcv(const ushort4*)':
/usr/local/cuda/include/sm_32_intrinsics.h:74:25: warning: no return statement in function returning non-void [-Wreturn-type]
   74 | #define __DEF_IF_HOST { }
      |                         ^
/usr/local/cuda/include/sm_32_intrinsics.h:290:62: note: in expansion of macro '__DEF_IF_HOST'
  290 | __SM_32_INTRINSICS_DECL__ ushort4 __ldcv(const ushort4 *ptr) __DEF_IF_HOST
      |                                                              ^~~~~~~~~~~~~
/usr/local/cuda/include/sm_32_intrinsics.h: In function 'uint2 __ldcv(const uint2*)':
/usr/local/cuda/include/sm_32_intrinsics.h:74:25: warning: no return statement in function returning non-void [-Wreturn-type]
   74 | #define __DEF_IF_HOST { }
      |                         ^
/usr/local/cuda/include/sm_32_intrinsics.h:291:58: note: in expansion of macro '__DEF_IF_HOST'
  291 | __SM_32_INTRINSICS_DECL__ uint2 __ldcv(const uint2 *ptr) __DEF_IF_HOST
      |                                                          ^~~~~~~~~~~~~
/usr/local/cuda/include/sm_32_intrinsics.h: In function 'uint4 __ldcv(const uint4*)':
/usr/local/cuda/include/sm_32_intrinsics.h:74:25: warning: no return statement in function returning non-void [-Wreturn-type]
   74 | #define __DEF_IF_HOST { }
      |                         ^
/usr/local/cuda/include/sm_32_intrinsics.h:292:58: note: in expansion of macro '__DEF_IF_HOST'
  292 | __SM_32_INTRINSICS_DECL__ uint4 __ldcv(const uint4 *ptr) __DEF_IF_HOST
      |                                                          ^~~~~~~~~~~~~
/usr/local/cuda/include/sm_32_intrinsics.h: In function 'ulonglong2 __ldcv(const ulonglong2*)':
/usr/local/cuda/include/sm_32_intrinsics.h:74:25: warning: no return statement in function returning non-void [-Wreturn-type]
   74 | #define __DEF_IF_HOST { }
      |                         ^
/usr/local/cuda/include/sm_32_intrinsics.h:293:68: note: in expansion of macro '__DEF_IF_HOST'
  293 | __SM_32_INTRINSICS_DECL__ ulonglong2 __ldcv(const ulonglong2 *ptr) __DEF_IF_HOST
      |                                                                    ^~~~~~~~~~~~~
/usr/local/cuda/include/sm_32_intrinsics.h: In function 'float __ldcv(const float*)':
/usr/local/cuda/include/sm_32_intrinsics.h:74:25: warning: no return statement in function returning non-void [-Wreturn-type]
   74 | #define __DEF_IF_HOST { }
      |                         ^
/usr/local/cuda/include/sm_32_intrinsics.h:295:58: note: in expansion of macro '__DEF_IF_HOST'
  295 | __SM_32_INTRINSICS_DECL__ float __ldcv(const float *ptr) __DEF_IF_HOST
      |                                                          ^~~~~~~~~~~~~
/usr/local/cuda/include/sm_32_intrinsics.h: In function 'double __ldcv(const double*)':
/usr/local/cuda/include/sm_32_intrinsics.h:74:25: warning: no return statement in function returning non-void [-Wreturn-type]
   74 | #define __DEF_IF_HOST { }
      |                         ^
/usr/local/cuda/include/sm_32_intrinsics.h:296:60: note: in expansion of macro '__DEF_IF_HOST'
  296 | __SM_32_INTRINSICS_DECL__ double __ldcv(const double *ptr) __DEF_IF_HOST
      |                                                            ^~~~~~~~~~~~~
/usr/local/cuda/include/sm_32_intrinsics.h: In function 'float2 __ldcv(const float2*)':
/usr/local/cuda/include/sm_32_intrinsics.h:74:25: warning: no return statement in function returning non-void [-Wreturn-type]
   74 | #define __DEF_IF_HOST { }
      |                         ^
/usr/local/cuda/include/sm_32_intrinsics.h:297:60: note: in expansion of macro '__DEF_IF_HOST'
  297 | __SM_32_INTRINSICS_DECL__ float2 __ldcv(const float2 *ptr) __DEF_IF_HOST
      |                                                            ^~~~~~~~~~~~~
/usr/local/cuda/include/sm_32_intrinsics.h: In function 'float4 __ldcv(const float4*)':
/usr/local/cuda/include/sm_32_intrinsics.h:74:25: warning: no return statement in function returning non-void [-Wreturn-type]
   74 | #define __DEF_IF_HOST { }
      |                         ^
/usr/local/cuda/include/sm_32_intrinsics.h:298:60: note: in expansion of macro '__DEF_IF_HOST'
  298 | __SM_32_INTRINSICS_DECL__ float4 __ldcv(const float4 *ptr) __DEF_IF_HOST
      |                                                            ^~~~~~~~~~~~~
/usr/local/cuda/include/sm_32_intrinsics.h: In function 'double2 __ldcv(const double2*)':
/usr/local/cuda/include/sm_32_intrinsics.h:74:25: warning: no return statement in function returning non-void [-Wreturn-type]
   74 | #define __DEF_IF_HOST { }
      |                         ^
/usr/local/cuda/include/sm_32_intrinsics.h:299:62: note: in expansion of macro '__DEF_IF_HOST'
  299 | __SM_32_INTRINSICS_DECL__ double2 __ldcv(const double2 *ptr) __DEF_IF_HOST
      |                                                              ^~~~~~~~~~~~~
/usr/local/cuda/include/sm_32_intrinsics.h: In function 'unsigned int __funnelshift_l(unsigned int, unsigned int, unsigned int)':
/usr/local/cuda/include/sm_32_intrinsics.h:74:25: warning: no return statement in function returning non-void [-Wreturn-type]
   74 | #define __DEF_IF_HOST { }
      |                         ^
/usr/local/cuda/include/sm_32_intrinsics.h:460:110: note: in expansion of macro '__DEF_IF_HOST'
  460 | __SM_32_INTRINSICS_DECL__ unsigned int __funnelshift_l(unsigned int lo, unsigned int hi, unsigned int shift) __DEF_IF_HOST
      |                                                                                                              ^~~~~~~~~~~~~
/usr/local/cuda/include/sm_32_intrinsics.h: In function 'unsigned int __funnelshift_lc(unsigned int, unsigned int, unsigned int)':
/usr/local/cuda/include/sm_32_intrinsics.h:74:25: warning: no return statement in function returning non-void [-Wreturn-type]
   74 | #define __DEF_IF_HOST { }
      |                         ^
/usr/local/cuda/include/sm_32_intrinsics.h:472:111: note: in expansion of macro '__DEF_IF_HOST'
  472 | __SM_32_INTRINSICS_DECL__ unsigned int __funnelshift_lc(unsigned int lo, unsigned int hi, unsigned int shift) __DEF_IF_HOST
      |                                                                                                               ^~~~~~~~~~~~~
/usr/local/cuda/include/sm_32_intrinsics.h: In function 'unsigned int __funnelshift_r(unsigned int, unsigned int, unsigned int)':
/usr/local/cuda/include/sm_32_intrinsics.h:74:25: warning: no return statement in function returning non-void [-Wreturn-type]
   74 | #define __DEF_IF_HOST { }
      |                         ^
/usr/local/cuda/include/sm_32_intrinsics.h:485:110: note: in expansion of macro '__DEF_IF_HOST'
  485 | __SM_32_INTRINSICS_DECL__ unsigned int __funnelshift_r(unsigned int lo, unsigned int hi, unsigned int shift) __DEF_IF_HOST
      |                                                                                                              ^~~~~~~~~~~~~
/usr/local/cuda/include/sm_32_intrinsics.h: In function 'unsigned int __funnelshift_rc(unsigned int, unsigned int, unsigned int)':
/usr/local/cuda/include/sm_32_intrinsics.h:74:25: warning: no return statement in function returning non-void [-Wreturn-type]
   74 | #define __DEF_IF_HOST { }
      |                         ^
/usr/local/cuda/include/sm_32_intrinsics.h:497:111: note: in expansion of macro '__DEF_IF_HOST'
  497 | __SM_32_INTRINSICS_DECL__ unsigned int __funnelshift_rc(unsigned int lo, unsigned int hi, unsigned int shift) __DEF_IF_HOST
      |                                                                                                               ^~~~~~~~~~~~~
In file included from /usr/local/cuda/include/crt/device_functions.h:3625,
                 from /home/GVirtuS/GVirtuS/plugins/cudart/backend/CudaRtHandler.h:71,
                 from /home/GVirtuS/GVirtuS/plugins/cudart/backend/CudaRtHandler_event.cpp:26:
/usr/local/cuda/include/sm_61_intrinsics.h: In function 'int __dp2a_lo(int, int, int)':
/usr/local/cuda/include/sm_61_intrinsics.h:72:25: warning: no return statement in function returning non-void [-Wreturn-type]
   72 | #define __DEF_IF_HOST { }
      |                         ^
/usr/local/cuda/include/sm_61_intrinsics.h:99:68: note: in expansion of macro '__DEF_IF_HOST'
   99 | __SM_61_INTRINSICS_DECL__ int __dp2a_lo(int srcA, int srcB, int c) __DEF_IF_HOST
      |                                                                    ^~~~~~~~~~~~~
/usr/local/cuda/include/sm_61_intrinsics.h: In function 'unsigned int __dp2a_lo(unsigned int, unsigned int, unsigned int)':
/usr/local/cuda/include/sm_61_intrinsics.h:72:25: warning: no return statement in function returning non-void [-Wreturn-type]
   72 | #define __DEF_IF_HOST { }
      |                         ^
/usr/local/cuda/include/sm_61_intrinsics.h:110:104: note: in expansion of macro '__DEF_IF_HOST'
  110 | __SM_61_INTRINSICS_DECL__ unsigned int __dp2a_lo(unsigned int srcA, unsigned int srcB, unsigned int c) __DEF_IF_HOST
      |                                                                                                        ^~~~~~~~~~~~~
/usr/local/cuda/include/sm_61_intrinsics.h: In function 'int __dp2a_lo(short2, char4, int)':
/usr/local/cuda/include/sm_61_intrinsics.h:72:25: warning: no return statement in function returning non-void [-Wreturn-type]
   72 | #define __DEF_IF_HOST { }
      |                         ^
/usr/local/cuda/include/sm_61_intrinsics.h:122:73: note: in expansion of macro '__DEF_IF_HOST'
  122 | __SM_61_INTRINSICS_DECL__ int __dp2a_lo(short2 srcA, char4 srcB, int c) __DEF_IF_HOST
      |                                                                         ^~~~~~~~~~~~~
/usr/local/cuda/include/sm_61_intrinsics.h: In function 'unsigned int __dp2a_lo(ushort2, uchar4, unsigned int)':
/usr/local/cuda/include/sm_61_intrinsics.h:72:25: warning: no return statement in function returning non-void [-Wreturn-type]
   72 | #define __DEF_IF_HOST { }
      |                         ^
/usr/local/cuda/include/sm_61_intrinsics.h:133:93: note: in expansion of macro '__DEF_IF_HOST'
  133 | __SM_61_INTRINSICS_DECL__ unsigned int __dp2a_lo(ushort2 srcA, uchar4 srcB, unsigned int c) __DEF_IF_HOST
      |                                                                                             ^~~~~~~~~~~~~
/usr/local/cuda/include/sm_61_intrinsics.h: In function 'int __dp2a_hi(int, int, int)':
/usr/local/cuda/include/sm_61_intrinsics.h:72:25: warning: no return statement in function returning non-void [-Wreturn-type]
   72 | #define __DEF_IF_HOST { }
      |                         ^
/usr/local/cuda/include/sm_61_intrinsics.h:145:68: note: in expansion of macro '__DEF_IF_HOST'
  145 | __SM_61_INTRINSICS_DECL__ int __dp2a_hi(int srcA, int srcB, int c) __DEF_IF_HOST
      |                                                                    ^~~~~~~~~~~~~
/usr/local/cuda/include/sm_61_intrinsics.h: In function 'unsigned int __dp2a_hi(unsigned int, unsigned int, unsigned int)':
/usr/local/cuda/include/sm_61_intrinsics.h:72:25: warning: no return statement in function returning non-void [-Wreturn-type]
   72 | #define __DEF_IF_HOST { }
      |                         ^
/usr/local/cuda/include/sm_61_intrinsics.h:156:104: note: in expansion of macro '__DEF_IF_HOST'
  156 | __SM_61_INTRINSICS_DECL__ unsigned int __dp2a_hi(unsigned int srcA, unsigned int srcB, unsigned int c) __DEF_IF_HOST
      |                                                                                                        ^~~~~~~~~~~~~
/usr/local/cuda/include/sm_61_intrinsics.h: In function 'int __dp2a_hi(short2, char4, int)':
/usr/local/cuda/include/sm_61_intrinsics.h:72:25: warning: no return statement in function returning non-void [-Wreturn-type]
   72 | #define __DEF_IF_HOST { }
      |                         ^
/usr/local/cuda/include/sm_61_intrinsics.h:168:73: note: in expansion of macro '__DEF_IF_HOST'
  168 | __SM_61_INTRINSICS_DECL__ int __dp2a_hi(short2 srcA, char4 srcB, int c) __DEF_IF_HOST
      |                                                                         ^~~~~~~~~~~~~
/usr/local/cuda/include/sm_61_intrinsics.h: In function 'unsigned int __dp2a_hi(ushort2, uchar4, unsigned int)':
/usr/local/cuda/include/sm_61_intrinsics.h:72:25: warning: no return statement in function returning non-void [-Wreturn-type]
   72 | #define __DEF_IF_HOST { }
      |                         ^
/usr/local/cuda/include/sm_61_intrinsics.h:179:93: note: in expansion of macro '__DEF_IF_HOST'
  179 | __SM_61_INTRINSICS_DECL__ unsigned int __dp2a_hi(ushort2 srcA, uchar4 srcB, unsigned int c) __DEF_IF_HOST
      |                                                                                             ^~~~~~~~~~~~~
/usr/local/cuda/include/sm_61_intrinsics.h: In function 'int __dp4a(int, int, int)':
/usr/local/cuda/include/sm_61_intrinsics.h:72:25: warning: no return statement in function returning non-void [-Wreturn-type]
   72 | #define __DEF_IF_HOST { }
      |                         ^
/usr/local/cuda/include/sm_61_intrinsics.h:194:65: note: in expansion of macro '__DEF_IF_HOST'
  194 | __SM_61_INTRINSICS_DECL__ int __dp4a(int srcA, int srcB, int c) __DEF_IF_HOST
      |                                                                 ^~~~~~~~~~~~~
/usr/local/cuda/include/sm_61_intrinsics.h: In function 'unsigned int __dp4a(unsigned int, unsigned int, unsigned int)':
/usr/local/cuda/include/sm_61_intrinsics.h:72:25: warning: no return statement in function returning non-void [-Wreturn-type]
   72 | #define __DEF_IF_HOST { }
      |                         ^
/usr/local/cuda/include/sm_61_intrinsics.h:203:101: note: in expansion of macro '__DEF_IF_HOST'
  203 | __SM_61_INTRINSICS_DECL__ unsigned int __dp4a(unsigned int srcA, unsigned int srcB, unsigned int c) __DEF_IF_HOST
      |                                                                                                     ^~~~~~~~~~~~~
/usr/local/cuda/include/sm_61_intrinsics.h: In function 'int __dp4a(char4, char4, int)':
/usr/local/cuda/include/sm_61_intrinsics.h:72:25: warning: no return statement in function returning non-void [-Wreturn-type]
   72 | #define __DEF_IF_HOST { }
      |                         ^
/usr/local/cuda/include/sm_61_intrinsics.h:213:69: note: in expansion of macro '__DEF_IF_HOST'
  213 | __SM_61_INTRINSICS_DECL__ int __dp4a(char4 srcA, char4 srcB, int c) __DEF_IF_HOST
      |                                                                     ^~~~~~~~~~~~~
/usr/local/cuda/include/sm_61_intrinsics.h: In function 'unsigned int __dp4a(uchar4, uchar4, unsigned int)':
/usr/local/cuda/include/sm_61_intrinsics.h:72:25: warning: no return statement in function returning non-void [-Wreturn-type]
   72 | #define __DEF_IF_HOST { }
      |                         ^
/usr/local/cuda/include/sm_61_intrinsics.h:222:89: note: in expansion of macro '__DEF_IF_HOST'
  222 | __SM_61_INTRINSICS_DECL__ unsigned int __dp4a(uchar4 srcA, uchar4 srcB, unsigned int c) __DEF_IF_HOST
      |                                                                                         ^~~~~~~~~~~~~
In file included from /usr/local/cuda/include/crt/device_functions.h:3626,
                 from /home/GVirtuS/GVirtuS/plugins/cudart/backend/CudaRtHandler.h:71,
                 from /home/GVirtuS/GVirtuS/plugins/cudart/backend/CudaRtHandler_event.cpp:26:
/usr/local/cuda/include/crt/sm_70_rt.h: In function 'unsigned int __match_any_sync(unsigned int, unsigned int)':
/usr/local/cuda/include/crt/sm_70_rt.h:84:25: warning: no return statement in function returning non-void [-Wreturn-type]
   84 | #define __DEF_IF_HOST { }
      |                         ^
/usr/local/cuda/include/crt/sm_70_rt.h:93:80: note: in expansion of macro '__DEF_IF_HOST'
   93 | __SM_70_RT_DECL__ unsigned int __match_any_sync(unsigned mask, unsigned value) __DEF_IF_HOST
      |                                                                                ^~~~~~~~~~~~~
/usr/local/cuda/include/crt/sm_70_rt.h: In function 'unsigned int __match_any_sync(unsigned int, int)':
/usr/local/cuda/include/crt/sm_70_rt.h:84:25: warning: no return statement in function returning non-void [-Wreturn-type]
   84 | #define __DEF_IF_HOST { }
      |                         ^
/usr/local/cuda/include/crt/sm_70_rt.h:94:75: note: in expansion of macro '__DEF_IF_HOST'
   94 | __SM_70_RT_DECL__ unsigned int __match_any_sync(unsigned mask, int value) __DEF_IF_HOST
      |                                                                           ^~~~~~~~~~~~~
/usr/local/cuda/include/crt/sm_70_rt.h: In function 'unsigned int __match_any_sync(unsigned int, long unsigned int)':
/usr/local/cuda/include/crt/sm_70_rt.h:84:25: warning: no return statement in function returning non-void [-Wreturn-type]
   84 | #define __DEF_IF_HOST { }
      |                         ^
/usr/local/cuda/include/crt/sm_70_rt.h:95:85: note: in expansion of macro '__DEF_IF_HOST'
   95 | __SM_70_RT_DECL__ unsigned int __match_any_sync(unsigned mask, unsigned long value) __DEF_IF_HOST
      |                                                                                     ^~~~~~~~~~~~~
/usr/local/cuda/include/crt/sm_70_rt.h: In function 'unsigned int __match_any_sync(unsigned int, long int)':
/usr/local/cuda/include/crt/sm_70_rt.h:84:25: warning: no return statement in function returning non-void [-Wreturn-type]
   84 | #define __DEF_IF_HOST { }
      |                         ^
/usr/local/cuda/include/crt/sm_70_rt.h:96:76: note: in expansion of macro '__DEF_IF_HOST'
   96 | __SM_70_RT_DECL__ unsigned int __match_any_sync(unsigned mask, long value) __DEF_IF_HOST
      |                                                                            ^~~~~~~~~~~~~
/usr/local/cuda/include/crt/sm_70_rt.h: In function 'unsigned int __match_any_sync(unsigned int, long long unsigned int)':
/usr/local/cuda/include/crt/sm_70_rt.h:84:25: warning: no return statement in function returning non-void [-Wreturn-type]
   84 | #define __DEF_IF_HOST { }
      |                         ^
/usr/local/cuda/include/crt/sm_70_rt.h:97:90: note: in expansion of macro '__DEF_IF_HOST'
   97 | __SM_70_RT_DECL__ unsigned int __match_any_sync(unsigned mask, unsigned long long value) __DEF_IF_HOST
      |                                                                                          ^~~~~~~~~~~~~
/usr/local/cuda/include/crt/sm_70_rt.h: In function 'unsigned int __match_any_sync(unsigned int, long long int)':
/usr/local/cuda/include/crt/sm_70_rt.h:84:25: warning: no return statement in function returning non-void [-Wreturn-type]
   84 | #define __DEF_IF_HOST { }
      |                         ^
/usr/local/cuda/include/crt/sm_70_rt.h:98:81: note: in expansion of macro '__DEF_IF_HOST'
   98 | __SM_70_RT_DECL__ unsigned int __match_any_sync(unsigned mask, long long value) __DEF_IF_HOST
      |                                                                                 ^~~~~~~~~~~~~
/usr/local/cuda/include/crt/sm_70_rt.h: In function 'unsigned int __match_any_sync(unsigned int, float)':
/usr/local/cuda/include/crt/sm_70_rt.h:84:25: warning: no return statement in function returning non-void [-Wreturn-type]
   84 | #define __DEF_IF_HOST { }
      |                         ^
/usr/local/cuda/include/crt/sm_70_rt.h:99:77: note: in expansion of macro '__DEF_IF_HOST'
   99 | __SM_70_RT_DECL__ unsigned int __match_any_sync(unsigned mask, float value) __DEF_IF_HOST
      |                                                                             ^~~~~~~~~~~~~
/usr/local/cuda/include/crt/sm_70_rt.h: In function 'unsigned int __match_any_sync(unsigned int, double)':
/usr/local/cuda/include/crt/sm_70_rt.h:84:25: warning: no return statement in function returning non-void [-Wreturn-type]
   84 | #define __DEF_IF_HOST { }
      |                         ^
/usr/local/cuda/include/crt/sm_70_rt.h:100:78: note: in expansion of macro '__DEF_IF_HOST'
  100 | __SM_70_RT_DECL__ unsigned int __match_any_sync(unsigned mask, double value) __DEF_IF_HOST
      |                                                                              ^~~~~~~~~~~~~
/usr/local/cuda/include/crt/sm_70_rt.h: In function 'unsigned int __match_all_sync(unsigned int, unsigned int, int*)':
/usr/local/cuda/include/crt/sm_70_rt.h:84:25: warning: no return statement in function returning non-void [-Wreturn-type]
   84 | #define __DEF_IF_HOST { }
      |                         ^
/usr/local/cuda/include/crt/sm_70_rt.h:102:91: note: in expansion of macro '__DEF_IF_HOST'
  102 | __SM_70_RT_DECL__ unsigned int __match_all_sync(unsigned mask, unsigned value, int *pred) __DEF_IF_HOST
      |                                                                                           ^~~~~~~~~~~~~
/usr/local/cuda/include/crt/sm_70_rt.h: In function 'unsigned int __match_all_sync(unsigned int, int, int*)':
/usr/local/cuda/include/crt/sm_70_rt.h:84:25: warning: no return statement in function returning non-void [-Wreturn-type]
   84 | #define __DEF_IF_HOST { }
      |                         ^
/usr/local/cuda/include/crt/sm_70_rt.h:103:86: note: in expansion of macro '__DEF_IF_HOST'
  103 | __SM_70_RT_DECL__ unsigned int __match_all_sync(unsigned mask, int value, int *pred) __DEF_IF_HOST
      |                                                                                      ^~~~~~~~~~~~~
/usr/local/cuda/include/crt/sm_70_rt.h: In function 'unsigned int __match_all_sync(unsigned int, long unsigned int, int*)':
/usr/local/cuda/include/crt/sm_70_rt.h:84:25: warning: no return statement in function returning non-void [-Wreturn-type]
   84 | #define __DEF_IF_HOST { }
      |                         ^
/usr/local/cuda/include/crt/sm_70_rt.h:104:96: note: in expansion of macro '__DEF_IF_HOST'
  104 | __SM_70_RT_DECL__ unsigned int __match_all_sync(unsigned mask, unsigned long value, int *pred) __DEF_IF_HOST
      |                                                                                                ^~~~~~~~~~~~~
/usr/local/cuda/include/crt/sm_70_rt.h: In function 'unsigned int __match_all_sync(unsigned int, long int, int*)':
/usr/local/cuda/include/crt/sm_70_rt.h:84:25: warning: no return statement in function returning non-void [-Wreturn-type]
   84 | #define __DEF_IF_HOST { }
      |                         ^
/usr/local/cuda/include/crt/sm_70_rt.h:105:87: note: in expansion of macro '__DEF_IF_HOST'
  105 | __SM_70_RT_DECL__ unsigned int __match_all_sync(unsigned mask, long value, int *pred) __DEF_IF_HOST
      |                                                                                       ^~~~~~~~~~~~~
/usr/local/cuda/include/crt/sm_70_rt.h: In function 'unsigned int __match_all_sync(unsigned int, long long unsigned int, int*)':
/usr/local/cuda/include/crt/sm_70_rt.h:84:25: warning: no return statement in function returning non-void [-Wreturn-type]
   84 | #define __DEF_IF_HOST { }
      |                         ^
/usr/local/cuda/include/crt/sm_70_rt.h:106:101: note: in expansion of macro '__DEF_IF_HOST'
  106 | __SM_70_RT_DECL__ unsigned int __match_all_sync(unsigned mask, unsigned long long value, int *pred) __DEF_IF_HOST
      |                                                                                                     ^~~~~~~~~~~~~
/usr/local/cuda/include/crt/sm_70_rt.h: In function 'unsigned int __match_all_sync(unsigned int, long long int, int*)':
/usr/local/cuda/include/crt/sm_70_rt.h:84:25: warning: no return statement in function returning non-void [-Wreturn-type]
   84 | #define __DEF_IF_HOST { }
      |                         ^
/usr/local/cuda/include/crt/sm_70_rt.h:107:92: note: in expansion of macro '__DEF_IF_HOST'
  107 | __SM_70_RT_DECL__ unsigned int __match_all_sync(unsigned mask, long long value, int *pred) __DEF_IF_HOST
      |                                                                                            ^~~~~~~~~~~~~
/usr/local/cuda/include/crt/sm_70_rt.h: In function 'unsigned int __match_all_sync(unsigned int, float, int*)':
/usr/local/cuda/include/crt/sm_70_rt.h:84:25: warning: no return statement in function returning non-void [-Wreturn-type]
   84 | #define __DEF_IF_HOST { }
      |                         ^
/usr/local/cuda/include/crt/sm_70_rt.h:108:88: note: in expansion of macro '__DEF_IF_HOST'
  108 | __SM_70_RT_DECL__ unsigned int __match_all_sync(unsigned mask, float value, int *pred) __DEF_IF_HOST
      |                                                                                        ^~~~~~~~~~~~~
/usr/local/cuda/include/crt/sm_70_rt.h: In function 'unsigned int __match_all_sync(unsigned int, double, int*)':
/usr/local/cuda/include/crt/sm_70_rt.h:84:25: warning: no return statement in function returning non-void [-Wreturn-type]
   84 | #define __DEF_IF_HOST { }
      |                         ^
/usr/local/cuda/include/crt/sm_70_rt.h:109:89: note: in expansion of macro '__DEF_IF_HOST'
  109 | __SM_70_RT_DECL__ unsigned int __match_all_sync(unsigned mask, double value, int *pred) __DEF_IF_HOST
      |                                                                                         ^~~~~~~~~~~~~
/usr/local/cuda/include/crt/sm_70_rt.h: In function 'short unsigned int atomicCAS(short unsigned int*, short unsigned int, short unsigned int)':
/usr/local/cuda/include/crt/sm_70_rt.h:84:25: warning: no return statement in function returning non-void [-Wreturn-type]
   84 | #define __DEF_IF_HOST { }
      |                         ^
/usr/local/cuda/include/crt/sm_70_rt.h:113:129: note: in expansion of macro '__DEF_IF_HOST'
  113 | __SM_70_RT_DECL__ unsigned short int atomicCAS(unsigned short int *address, unsigned short int compare, unsigned short int val) __DEF_IF_HOST
      |                                                                                                                                 ^~~~~~~~~~~~~
In file included from /usr/local/cuda/include/crt/device_functions.h:3627,
                 from /home/GVirtuS/GVirtuS/plugins/cudart/backend/CudaRtHandler.h:71,
                 from /home/GVirtuS/GVirtuS/plugins/cudart/backend/CudaRtHandler_event.cpp:26:
/usr/local/cuda/include/crt/sm_80_rt.h: In function 'unsigned int __reduce_add_sync(unsigned int, unsigned int)':
/usr/local/cuda/include/crt/sm_80_rt.h:84:25: warning: no return statement in function returning non-void [-Wreturn-type]
   84 | #define __DEF_IF_HOST { }
      |                         ^
/usr/local/cuda/include/crt/sm_80_rt.h:93:77: note: in expansion of macro '__DEF_IF_HOST'
   93 | __SM_80_RT_DECL__ unsigned __reduce_add_sync(unsigned mask, unsigned value) __DEF_IF_HOST
      |                                                                             ^~~~~~~~~~~~~
/usr/local/cuda/include/crt/sm_80_rt.h: In function 'unsigned int __reduce_min_sync(unsigned int, unsigned int)':
/usr/local/cuda/include/crt/sm_80_rt.h:84:25: warning: no return statement in function returning non-void [-Wreturn-type]
   84 | #define __DEF_IF_HOST { }
      |                         ^
/usr/local/cuda/include/crt/sm_80_rt.h:94:77: note: in expansion of macro '__DEF_IF_HOST'
   94 | __SM_80_RT_DECL__ unsigned __reduce_min_sync(unsigned mask, unsigned value) __DEF_IF_HOST
      |                                                                             ^~~~~~~~~~~~~
/usr/local/cuda/include/crt/sm_80_rt.h: In function 'unsigned int __reduce_max_sync(unsigned int, unsigned int)':
/usr/local/cuda/include/crt/sm_80_rt.h:84:25: warning: no return statement in function returning non-void [-Wreturn-type]
   84 | #define __DEF_IF_HOST { }
      |                         ^
/usr/local/cuda/include/crt/sm_80_rt.h:95:77: note: in expansion of macro '__DEF_IF_HOST'
   95 | __SM_80_RT_DECL__ unsigned __reduce_max_sync(unsigned mask, unsigned value) __DEF_IF_HOST
      |                                                                             ^~~~~~~~~~~~~
/usr/local/cuda/include/crt/sm_80_rt.h: In function 'int __reduce_add_sync(unsigned int, int)':
/usr/local/cuda/include/crt/sm_80_rt.h:84:25: warning: no return statement in function returning non-void [-Wreturn-type]
   84 | #define __DEF_IF_HOST { }
      |                         ^
/usr/local/cuda/include/crt/sm_80_rt.h:97:67: note: in expansion of macro '__DEF_IF_HOST'
   97 | __SM_80_RT_DECL__ int __reduce_add_sync(unsigned mask, int value) __DEF_IF_HOST
      |                                                                   ^~~~~~~~~~~~~
/usr/local/cuda/include/crt/sm_80_rt.h: In function 'int __reduce_min_sync(unsigned int, int)':
/usr/local/cuda/include/crt/sm_80_rt.h:84:25: warning: no return statement in function returning non-void [-Wreturn-type]
   84 | #define __DEF_IF_HOST { }
      |                         ^
/usr/local/cuda/include/crt/sm_80_rt.h:98:67: note: in expansion of macro '__DEF_IF_HOST'
   98 | __SM_80_RT_DECL__ int __reduce_min_sync(unsigned mask, int value) __DEF_IF_HOST
      |                                                                   ^~~~~~~~~~~~~
/usr/local/cuda/include/crt/sm_80_rt.h: In function 'int __reduce_max_sync(unsigned int, int)':
/usr/local/cuda/include/crt/sm_80_rt.h:84:25: warning: no return statement in function returning non-void [-Wreturn-type]
   84 | #define __DEF_IF_HOST { }
      |                         ^
/usr/local/cuda/include/crt/sm_80_rt.h:99:67: note: in expansion of macro '__DEF_IF_HOST'
   99 | __SM_80_RT_DECL__ int __reduce_max_sync(unsigned mask, int value) __DEF_IF_HOST
      |                                                                   ^~~~~~~~~~~~~
/usr/local/cuda/include/crt/sm_80_rt.h: In function 'unsigned int __reduce_and_sync(unsigned int, unsigned int)':
/usr/local/cuda/include/crt/sm_80_rt.h:84:25: warning: no return statement in function returning non-void [-Wreturn-type]
   84 | #define __DEF_IF_HOST { }
      |                         ^
/usr/local/cuda/include/crt/sm_80_rt.h:101:77: note: in expansion of macro '__DEF_IF_HOST'
  101 | __SM_80_RT_DECL__ unsigned __reduce_and_sync(unsigned mask, unsigned value) __DEF_IF_HOST
      |                                                                             ^~~~~~~~~~~~~
/usr/local/cuda/include/crt/sm_80_rt.h: In function 'unsigned int __reduce_or_sync(unsigned int, unsigned int)':
/usr/local/cuda/include/crt/sm_80_rt.h:84:25: warning: no return statement in function returning non-void [-Wreturn-type]
   84 | #define __DEF_IF_HOST { }
      |                         ^
/usr/local/cuda/include/crt/sm_80_rt.h:102:76: note: in expansion of macro '__DEF_IF_HOST'
  102 | __SM_80_RT_DECL__ unsigned __reduce_or_sync(unsigned mask, unsigned value) __DEF_IF_HOST
      |                                                                            ^~~~~~~~~~~~~
/usr/local/cuda/include/crt/sm_80_rt.h: In function 'unsigned int __reduce_xor_sync(unsigned int, unsigned int)':
/usr/local/cuda/include/crt/sm_80_rt.h:84:25: warning: no return statement in function returning non-void [-Wreturn-type]
   84 | #define __DEF_IF_HOST { }
      |                         ^
/usr/local/cuda/include/crt/sm_80_rt.h:103:77: note: in expansion of macro '__DEF_IF_HOST'
  103 | __SM_80_RT_DECL__ unsigned __reduce_xor_sync(unsigned mask, unsigned value) __DEF_IF_HOST
      |                                                                             ^~~~~~~~~~~~~
In file included from /usr/local/cuda/include/crt/device_functions.h:3628,
                 from /home/GVirtuS/GVirtuS/plugins/cudart/backend/CudaRtHandler.h:71,
                 from /home/GVirtuS/GVirtuS/plugins/cudart/backend/CudaRtHandler_event.cpp:26:
/usr/local/cuda/include/crt/sm_90_rt.h: In function 'unsigned int __isCtaShared(const void*)':
/usr/local/cuda/include/crt/sm_90_rt.h:84:25: warning: no return statement in function returning non-void [-Wreturn-type]
   84 | #define __DEF_IF_HOST { }
      |                         ^
/usr/local/cuda/include/crt/sm_90_rt.h:89:59: note: in expansion of macro '__DEF_IF_HOST'
   89 | __SM_90_RT_DECL__ unsigned __isCtaShared(const void *ptr) __DEF_IF_HOST
      |                                                           ^~~~~~~~~~~~~
/usr/local/cuda/include/crt/sm_90_rt.h: In function 'unsigned int __isClusterShared(const void*)':
/usr/local/cuda/include/crt/sm_90_rt.h:84:25: warning: no return statement in function returning non-void [-Wreturn-type]
   84 | #define __DEF_IF_HOST { }
      |                         ^
/usr/local/cuda/include/crt/sm_90_rt.h:90:63: note: in expansion of macro '__DEF_IF_HOST'
   90 | __SM_90_RT_DECL__ unsigned __isClusterShared(const void *ptr) __DEF_IF_HOST
      |                                                               ^~~~~~~~~~~~~
/usr/local/cuda/include/crt/sm_90_rt.h: In function 'void* __cluster_map_shared_rank(const void*, unsigned int)':
/usr/local/cuda/include/crt/sm_90_rt.h:84:25: warning: no return statement in function returning non-void [-Wreturn-type]
   84 | #define __DEF_IF_HOST { }
      |                         ^
/usr/local/cuda/include/crt/sm_90_rt.h:91:97: note: in expansion of macro '__DEF_IF_HOST'
   91 | __SM_90_RT_DECL__ void *__cluster_map_shared_rank(const void *ptr, unsigned target_block_rank)  __DEF_IF_HOST
      |                                                                                                 ^~~~~~~~~~~~~
/usr/local/cuda/include/crt/sm_90_rt.h: In function 'unsigned int __cluster_query_shared_rank(const void*)':
/usr/local/cuda/include/crt/sm_90_rt.h:84:25: warning: no return statement in function returning non-void [-Wreturn-type]
   84 | #define __DEF_IF_HOST { }
      |                         ^
/usr/local/cuda/include/crt/sm_90_rt.h:92:73: note: in expansion of macro '__DEF_IF_HOST'
   92 | __SM_90_RT_DECL__ unsigned __cluster_query_shared_rank(const void *ptr) __DEF_IF_HOST
      |                                                                         ^~~~~~~~~~~~~
/usr/local/cuda/include/crt/sm_90_rt.h: In function 'uint2 __cluster_map_shared_multicast(const void*, unsigned int)':
/usr/local/cuda/include/crt/sm_90_rt.h:84:25: warning: no return statement in function returning non-void [-Wreturn-type]
   84 | #define __DEF_IF_HOST { }
      |                         ^
/usr/local/cuda/include/crt/sm_90_rt.h:93:100: note: in expansion of macro '__DEF_IF_HOST'
   93 | __SM_90_RT_DECL__ uint2 __cluster_map_shared_multicast(const void *ptr, unsigned cluster_cta_mask) __DEF_IF_HOST
      |                                                                                                    ^~~~~~~~~~~~~
/usr/local/cuda/include/crt/sm_90_rt.h: In function 'unsigned int __clusterDimIsSpecified()':
/usr/local/cuda/include/crt/sm_90_rt.h:84:25: warning: no return statement in function returning non-void [-Wreturn-type]
   84 | #define __DEF_IF_HOST { }
      |                         ^
/usr/local/cuda/include/crt/sm_90_rt.h:94:54: note: in expansion of macro '__DEF_IF_HOST'
   94 | __SM_90_RT_DECL__ unsigned __clusterDimIsSpecified() __DEF_IF_HOST
      |                                                      ^~~~~~~~~~~~~
/usr/local/cuda/include/crt/sm_90_rt.h: In function 'dim3 __clusterDim()':
/usr/local/cuda/include/crt/sm_90_rt.h:84:25: warning: no return statement in function returning non-void [-Wreturn-type]
   84 | #define __DEF_IF_HOST { }
      |                         ^
/usr/local/cuda/include/crt/sm_90_rt.h:95:39: note: in expansion of macro '__DEF_IF_HOST'
   95 | __SM_90_RT_DECL__ dim3 __clusterDim() __DEF_IF_HOST
      |                                       ^~~~~~~~~~~~~
/usr/local/cuda/include/crt/sm_90_rt.h: In function 'dim3 __clusterRelativeBlockIdx()':
/usr/local/cuda/include/crt/sm_90_rt.h:84:25: warning: no return statement in function returning non-void [-Wreturn-type]
   84 | #define __DEF_IF_HOST { }
      |                         ^
/usr/local/cuda/include/crt/sm_90_rt.h:96:52: note: in expansion of macro '__DEF_IF_HOST'
   96 | __SM_90_RT_DECL__ dim3 __clusterRelativeBlockIdx() __DEF_IF_HOST
      |                                                    ^~~~~~~~~~~~~
/usr/local/cuda/include/crt/sm_90_rt.h: In function 'dim3 __clusterGridDimInClusters()':
/usr/local/cuda/include/crt/sm_90_rt.h:84:25: warning: no return statement in function returning non-void [-Wreturn-type]
   84 | #define __DEF_IF_HOST { }
      |                         ^
/usr/local/cuda/include/crt/sm_90_rt.h:97:53: note: in expansion of macro '__DEF_IF_HOST'
   97 | __SM_90_RT_DECL__ dim3 __clusterGridDimInClusters() __DEF_IF_HOST
      |                                                     ^~~~~~~~~~~~~
/usr/local/cuda/include/crt/sm_90_rt.h: In function 'dim3 __clusterIdx()':
/usr/local/cuda/include/crt/sm_90_rt.h:84:25: warning: no return statement in function returning non-void [-Wreturn-type]
   84 | #define __DEF_IF_HOST { }
      |                         ^
/usr/local/cuda/include/crt/sm_90_rt.h:98:39: note: in expansion of macro '__DEF_IF_HOST'
   98 | __SM_90_RT_DECL__ dim3 __clusterIdx() __DEF_IF_HOST
      |                                       ^~~~~~~~~~~~~
/usr/local/cuda/include/crt/sm_90_rt.h: In function 'unsigned int __clusterRelativeBlockRank()':
/usr/local/cuda/include/crt/sm_90_rt.h:84:25: warning: no return statement in function returning non-void [-Wreturn-type]
   84 | #define __DEF_IF_HOST { }
      |                         ^
/usr/local/cuda/include/crt/sm_90_rt.h:99:57: note: in expansion of macro '__DEF_IF_HOST'
   99 | __SM_90_RT_DECL__ unsigned __clusterRelativeBlockRank() __DEF_IF_HOST
      |                                                         ^~~~~~~~~~~~~
/usr/local/cuda/include/crt/sm_90_rt.h: In function 'unsigned int __clusterSizeInBlocks()':
/usr/local/cuda/include/crt/sm_90_rt.h:84:25: warning: no return statement in function returning non-void [-Wreturn-type]
   84 | #define __DEF_IF_HOST { }
      |                         ^
/usr/local/cuda/include/crt/sm_90_rt.h:100:52: note: in expansion of macro '__DEF_IF_HOST'
  100 | __SM_90_RT_DECL__ unsigned __clusterSizeInBlocks() __DEF_IF_HOST
      |                                                    ^~~~~~~~~~~~~
/usr/local/cuda/include/crt/sm_90_rt.h: In function 'float2 atomicAdd(float2*, float2)':
/usr/local/cuda/include/crt/sm_90_rt.h:84:25: warning: no return statement in function returning non-void [-Wreturn-type]
   84 | #define __DEF_IF_HOST { }
      |                         ^
/usr/local/cuda/include/crt/sm_90_rt.h:106:65: note: in expansion of macro '__DEF_IF_HOST'
  106 | __SM_90_RT_DECL__ float2 atomicAdd(float2 *address, float2 val) __DEF_IF_HOST
      |                                                                 ^~~~~~~~~~~~~
/usr/local/cuda/include/crt/sm_90_rt.h: In function 'float2 atomicAdd_block(float2*, float2)':
/usr/local/cuda/include/crt/sm_90_rt.h:84:25: warning: no return statement in function returning non-void [-Wreturn-type]
   84 | #define __DEF_IF_HOST { }
      |                         ^
/usr/local/cuda/include/crt/sm_90_rt.h:107:71: note: in expansion of macro '__DEF_IF_HOST'
  107 | __SM_90_RT_DECL__ float2 atomicAdd_block(float2 *address, float2 val) __DEF_IF_HOST
      |                                                                       ^~~~~~~~~~~~~
/usr/local/cuda/include/crt/sm_90_rt.h: In function 'float2 atomicAdd_system(float2*, float2)':
/usr/local/cuda/include/crt/sm_90_rt.h:84:25: warning: no return statement in function returning non-void [-Wreturn-type]
   84 | #define __DEF_IF_HOST { }
      |                         ^
/usr/local/cuda/include/crt/sm_90_rt.h:108:72: note: in expansion of macro '__DEF_IF_HOST'
  108 | __SM_90_RT_DECL__ float2 atomicAdd_system(float2 *address, float2 val) __DEF_IF_HOST
      |                                                                        ^~~~~~~~~~~~~
/usr/local/cuda/include/crt/sm_90_rt.h: In function 'float4 atomicAdd(float4*, float4)':
/usr/local/cuda/include/crt/sm_90_rt.h:84:25: warning: no return statement in function returning non-void [-Wreturn-type]
   84 | #define __DEF_IF_HOST { }
      |                         ^
/usr/local/cuda/include/crt/sm_90_rt.h:109:65: note: in expansion of macro '__DEF_IF_HOST'
  109 | __SM_90_RT_DECL__ float4 atomicAdd(float4 *address, float4 val) __DEF_IF_HOST
      |                                                                 ^~~~~~~~~~~~~
/usr/local/cuda/include/crt/sm_90_rt.h: In function 'float4 atomicAdd_block(float4*, float4)':
/usr/local/cuda/include/crt/sm_90_rt.h:84:25: warning: no return statement in function returning non-void [-Wreturn-type]
   84 | #define __DEF_IF_HOST { }
      |                         ^
/usr/local/cuda/include/crt/sm_90_rt.h:110:71: note: in expansion of macro '__DEF_IF_HOST'
  110 | __SM_90_RT_DECL__ float4 atomicAdd_block(float4 *address, float4 val) __DEF_IF_HOST
      |                                                                       ^~~~~~~~~~~~~
/usr/local/cuda/include/crt/sm_90_rt.h: In function 'float4 atomicAdd_system(float4*, float4)':
/usr/local/cuda/include/crt/sm_90_rt.h:84:25: warning: no return statement in function returning non-void [-Wreturn-type]
   84 | #define __DEF_IF_HOST { }
      |                         ^
/usr/local/cuda/include/crt/sm_90_rt.h:111:72: note: in expansion of macro '__DEF_IF_HOST'
  111 | __SM_90_RT_DECL__ float4 atomicAdd_system(float4 *address, float4 val) __DEF_IF_HOST
      |                                                                        ^~~~~~~~~~~~~
[ 50%] Building CXX object plugins/cudart/CMakeFiles/gvirtus-plugin-cudart.dir/backend/CudaRtHandler_opengl.cpp.o
In file included from /home/GVirtuS/GVirtuS/plugins/cudart/backend/CudaRtHandler.h:71,
                 from /home/GVirtuS/GVirtuS/plugins/cudart/backend/CudaRtHandler_opengl.cpp:26:
/usr/local/cuda/include/crt/device_functions.h:54:2: warning: #warning "crt/device_functions.h is an internal header file and must not be used directly.  Please use cuda_runtime_api.h or cuda_runtime.h instead." [-Wcpp]
   54 | #warning "crt/device_functions.h is an internal header file and must not be used directly.  Please use cuda_runtime_api.h or cuda_runtime.h instead."
      |  ^~~~~~~
In file included from /usr/local/cuda/include/crt/device_functions.h:3615,
                 from /home/GVirtuS/GVirtuS/plugins/cudart/backend/CudaRtHandler.h:71,
                 from /home/GVirtuS/GVirtuS/plugins/cudart/backend/CudaRtHandler_opengl.cpp:26:
/usr/local/cuda/include/device_atomic_functions.h: In function 'int atomicAdd(int*, int)':
/usr/local/cuda/include/device_atomic_functions.h:74:25: warning: no return statement in function returning non-void [-Wreturn-type]
   74 | #define __DEF_IF_HOST { }
      |                         ^
/usr/local/cuda/include/device_atomic_functions.h:86:71: note: in expansion of macro '__DEF_IF_HOST'
   86 | __DEVICE_ATOMIC_FUNCTIONS_DECL__ int atomicAdd(int *address, int val) __DEF_IF_HOST
      |                                                                       ^~~~~~~~~~~~~
/usr/local/cuda/include/device_atomic_functions.h: In function 'unsigned int atomicAdd(unsigned int*, unsigned int)':
/usr/local/cuda/include/device_atomic_functions.h:74:25: warning: no return statement in function returning non-void [-Wreturn-type]
   74 | #define __DEF_IF_HOST { }
      |                         ^
/usr/local/cuda/include/device_atomic_functions.h:88:98: note: in expansion of macro '__DEF_IF_HOST'
   88 | __DEVICE_ATOMIC_FUNCTIONS_DECL__ unsigned int atomicAdd(unsigned int *address, unsigned int val) __DEF_IF_HOST
      |                                                                                                  ^~~~~~~~~~~~~
/usr/local/cuda/include/device_atomic_functions.h: In function 'int atomicSub(int*, int)':
/usr/local/cuda/include/device_atomic_functions.h:74:25: warning: no return statement in function returning non-void [-Wreturn-type]
   74 | #define __DEF_IF_HOST { }
      |                         ^
/usr/local/cuda/include/device_atomic_functions.h:90:71: note: in expansion of macro '__DEF_IF_HOST'
   90 | __DEVICE_ATOMIC_FUNCTIONS_DECL__ int atomicSub(int *address, int val) __DEF_IF_HOST
      |                                                                       ^~~~~~~~~~~~~
/usr/local/cuda/include/device_atomic_functions.h: In function 'unsigned int atomicSub(unsigned int*, unsigned int)':
/usr/local/cuda/include/device_atomic_functions.h:74:25: warning: no return statement in function returning non-void [-Wreturn-type]
   74 | #define __DEF_IF_HOST { }
      |                         ^
/usr/local/cuda/include/device_atomic_functions.h:92:98: note: in expansion of macro '__DEF_IF_HOST'
   92 | __DEVICE_ATOMIC_FUNCTIONS_DECL__ unsigned int atomicSub(unsigned int *address, unsigned int val) __DEF_IF_HOST
      |                                                                                                  ^~~~~~~~~~~~~
/usr/local/cuda/include/device_atomic_functions.h: In function 'int atomicExch(int*, int)':
/usr/local/cuda/include/device_atomic_functions.h:74:25: warning: no return statement in function returning non-void [-Wreturn-type]
   74 | #define __DEF_IF_HOST { }
      |                         ^
/usr/local/cuda/include/device_atomic_functions.h:94:72: note: in expansion of macro '__DEF_IF_HOST'
   94 | __DEVICE_ATOMIC_FUNCTIONS_DECL__ int atomicExch(int *address, int val) __DEF_IF_HOST
      |                                                                        ^~~~~~~~~~~~~
/usr/local/cuda/include/device_atomic_functions.h: In function 'unsigned int atomicExch(unsigned int*, unsigned int)':
/usr/local/cuda/include/device_atomic_functions.h:74:25: warning: no return statement in function returning non-void [-Wreturn-type]
   74 | #define __DEF_IF_HOST { }
      |                         ^
/usr/local/cuda/include/device_atomic_functions.h:96:99: note: in expansion of macro '__DEF_IF_HOST'
   96 | __DEVICE_ATOMIC_FUNCTIONS_DECL__ unsigned int atomicExch(unsigned int *address, unsigned int val) __DEF_IF_HOST
      |                                                                                                   ^~~~~~~~~~~~~
/usr/local/cuda/include/device_atomic_functions.h: In function 'float atomicExch(float*, float)':
/usr/local/cuda/include/device_atomic_functions.h:74:25: warning: no return statement in function returning non-void [-Wreturn-type]
   74 | #define __DEF_IF_HOST { }
      |                         ^
/usr/local/cuda/include/device_atomic_functions.h:98:78: note: in expansion of macro '__DEF_IF_HOST'
   98 | __DEVICE_ATOMIC_FUNCTIONS_DECL__ float atomicExch(float *address, float val) __DEF_IF_HOST
      |                                                                              ^~~~~~~~~~~~~
/usr/local/cuda/include/device_atomic_functions.h: In function 'int atomicMin(int*, int)':
/usr/local/cuda/include/device_atomic_functions.h:74:25: warning: no return statement in function returning non-void [-Wreturn-type]
   74 | #define __DEF_IF_HOST { }
      |                         ^
/usr/local/cuda/include/device_atomic_functions.h:100:71: note: in expansion of macro '__DEF_IF_HOST'
  100 | __DEVICE_ATOMIC_FUNCTIONS_DECL__ int atomicMin(int *address, int val) __DEF_IF_HOST
      |                                                                       ^~~~~~~~~~~~~
/usr/local/cuda/include/device_atomic_functions.h: In function 'unsigned int atomicMin(unsigned int*, unsigned int)':
/usr/local/cuda/include/device_atomic_functions.h:74:25: warning: no return statement in function returning non-void [-Wreturn-type]
   74 | #define __DEF_IF_HOST { }
      |                         ^
/usr/local/cuda/include/device_atomic_functions.h:102:98: note: in expansion of macro '__DEF_IF_HOST'
  102 | __DEVICE_ATOMIC_FUNCTIONS_DECL__ unsigned int atomicMin(unsigned int *address, unsigned int val) __DEF_IF_HOST
      |                                                                                                  ^~~~~~~~~~~~~
/usr/local/cuda/include/device_atomic_functions.h: In function 'int atomicMax(int*, int)':
/usr/local/cuda/include/device_atomic_functions.h:74:25: warning: no return statement in function returning non-void [-Wreturn-type]
   74 | #define __DEF_IF_HOST { }
      |                         ^
/usr/local/cuda/include/device_atomic_functions.h:104:71: note: in expansion of macro '__DEF_IF_HOST'
  104 | __DEVICE_ATOMIC_FUNCTIONS_DECL__ int atomicMax(int *address, int val) __DEF_IF_HOST
      |                                                                       ^~~~~~~~~~~~~
/usr/local/cuda/include/device_atomic_functions.h: In function 'unsigned int atomicMax(unsigned int*, unsigned int)':
/usr/local/cuda/include/device_atomic_functions.h:74:25: warning: no return statement in function returning non-void [-Wreturn-type]
   74 | #define __DEF_IF_HOST { }
      |                         ^
/usr/local/cuda/include/device_atomic_functions.h:106:98: note: in expansion of macro '__DEF_IF_HOST'
  106 | __DEVICE_ATOMIC_FUNCTIONS_DECL__ unsigned int atomicMax(unsigned int *address, unsigned int val) __DEF_IF_HOST
      |                                                                                                  ^~~~~~~~~~~~~
/usr/local/cuda/include/device_atomic_functions.h: In function 'unsigned int atomicInc(unsigned int*, unsigned int)':
/usr/local/cuda/include/device_atomic_functions.h:74:25: warning: no return statement in function returning non-void [-Wreturn-type]
   74 | #define __DEF_IF_HOST { }
      |                         ^
/usr/local/cuda/include/device_atomic_functions.h:108:98: note: in expansion of macro '__DEF_IF_HOST'
  108 | __DEVICE_ATOMIC_FUNCTIONS_DECL__ unsigned int atomicInc(unsigned int *address, unsigned int val) __DEF_IF_HOST
      |                                                                                                  ^~~~~~~~~~~~~
/usr/local/cuda/include/device_atomic_functions.h: In function 'unsigned int atomicDec(unsigned int*, unsigned int)':
/usr/local/cuda/include/device_atomic_functions.h:74:25: warning: no return statement in function returning non-void [-Wreturn-type]
   74 | #define __DEF_IF_HOST { }
      |                         ^
/usr/local/cuda/include/device_atomic_functions.h:110:98: note: in expansion of macro '__DEF_IF_HOST'
  110 | __DEVICE_ATOMIC_FUNCTIONS_DECL__ unsigned int atomicDec(unsigned int *address, unsigned int val) __DEF_IF_HOST
      |                                                                                                  ^~~~~~~~~~~~~
/usr/local/cuda/include/device_atomic_functions.h: In function 'int atomicAnd(int*, int)':
/usr/local/cuda/include/device_atomic_functions.h:74:25: warning: no return statement in function returning non-void [-Wreturn-type]
   74 | #define __DEF_IF_HOST { }
      |                         ^
/usr/local/cuda/include/device_atomic_functions.h:112:71: note: in expansion of macro '__DEF_IF_HOST'
  112 | __DEVICE_ATOMIC_FUNCTIONS_DECL__ int atomicAnd(int *address, int val) __DEF_IF_HOST
      |                                                                       ^~~~~~~~~~~~~
/usr/local/cuda/include/device_atomic_functions.h: In function 'unsigned int atomicAnd(unsigned int*, unsigned int)':
/usr/local/cuda/include/device_atomic_functions.h:74:25: warning: no return statement in function returning non-void [-Wreturn-type]
   74 | #define __DEF_IF_HOST { }
      |                         ^
/usr/local/cuda/include/device_atomic_functions.h:114:98: note: in expansion of macro '__DEF_IF_HOST'
  114 | __DEVICE_ATOMIC_FUNCTIONS_DECL__ unsigned int atomicAnd(unsigned int *address, unsigned int val) __DEF_IF_HOST
      |                                                                                                  ^~~~~~~~~~~~~
/usr/local/cuda/include/device_atomic_functions.h: In function 'int atomicOr(int*, int)':
/usr/local/cuda/include/device_atomic_functions.h:74:25: warning: no return statement in function returning non-void [-Wreturn-type]
   74 | #define __DEF_IF_HOST { }
      |                         ^
/usr/local/cuda/include/device_atomic_functions.h:116:70: note: in expansion of macro '__DEF_IF_HOST'
  116 | __DEVICE_ATOMIC_FUNCTIONS_DECL__ int atomicOr(int *address, int val) __DEF_IF_HOST
      |                                                                      ^~~~~~~~~~~~~
/usr/local/cuda/include/device_atomic_functions.h: In function 'unsigned int atomicOr(unsigned int*, unsigned int)':
/usr/local/cuda/include/device_atomic_functions.h:74:25: warning: no return statement in function returning non-void [-Wreturn-type]
   74 | #define __DEF_IF_HOST { }
      |                         ^
/usr/local/cuda/include/device_atomic_functions.h:118:97: note: in expansion of macro '__DEF_IF_HOST'
  118 | __DEVICE_ATOMIC_FUNCTIONS_DECL__ unsigned int atomicOr(unsigned int *address, unsigned int val) __DEF_IF_HOST
      |                                                                                                 ^~~~~~~~~~~~~
/usr/local/cuda/include/device_atomic_functions.h: In function 'int atomicXor(int*, int)':
/usr/local/cuda/include/device_atomic_functions.h:74:25: warning: no return statement in function returning non-void [-Wreturn-type]
   74 | #define __DEF_IF_HOST { }
      |                         ^
/usr/local/cuda/include/device_atomic_functions.h:120:71: note: in expansion of macro '__DEF_IF_HOST'
  120 | __DEVICE_ATOMIC_FUNCTIONS_DECL__ int atomicXor(int *address, int val) __DEF_IF_HOST
      |                                                                       ^~~~~~~~~~~~~
/usr/local/cuda/include/device_atomic_functions.h: In function 'unsigned int atomicXor(unsigned int*, unsigned int)':
/usr/local/cuda/include/device_atomic_functions.h:74:25: warning: no return statement in function returning non-void [-Wreturn-type]
   74 | #define __DEF_IF_HOST { }
      |                         ^
/usr/local/cuda/include/device_atomic_functions.h:122:98: note: in expansion of macro '__DEF_IF_HOST'
  122 | __DEVICE_ATOMIC_FUNCTIONS_DECL__ unsigned int atomicXor(unsigned int *address, unsigned int val) __DEF_IF_HOST
      |                                                                                                  ^~~~~~~~~~~~~
/usr/local/cuda/include/device_atomic_functions.h: In function 'int atomicCAS(int*, int, int)':
/usr/local/cuda/include/device_atomic_functions.h:74:25: warning: no return statement in function returning non-void [-Wreturn-type]
   74 | #define __DEF_IF_HOST { }
      |                         ^
/usr/local/cuda/include/device_atomic_functions.h:124:84: note: in expansion of macro '__DEF_IF_HOST'
  124 | __DEVICE_ATOMIC_FUNCTIONS_DECL__ int atomicCAS(int *address, int compare, int val) __DEF_IF_HOST
      |                                                                                    ^~~~~~~~~~~~~
/usr/local/cuda/include/device_atomic_functions.h: In function 'unsigned int atomicCAS(unsigned int*, unsigned int, unsigned int)':
/usr/local/cuda/include/device_atomic_functions.h:74:25: warning: no return statement in function returning non-void [-Wreturn-type]
   74 | #define __DEF_IF_HOST { }
      |                         ^
/usr/local/cuda/include/device_atomic_functions.h:126:120: note: in expansion of macro '__DEF_IF_HOST'
  126 | __DEVICE_ATOMIC_FUNCTIONS_DECL__ unsigned int atomicCAS(unsigned int *address, unsigned int compare, unsigned int val) __DEF_IF_HOST
      |                                                                                                                        ^~~~~~~~~~~~~
/usr/local/cuda/include/device_atomic_functions.h: In function 'long long unsigned int atomicAdd(long long unsigned int*, long long unsigned int)':
/usr/local/cuda/include/device_atomic_functions.h:74:25: warning: no return statement in function returning non-void [-Wreturn-type]
   74 | #define __DEF_IF_HOST { }
      |                         ^
/usr/local/cuda/include/device_atomic_functions.h:166:128: note: in expansion of macro '__DEF_IF_HOST'
  166 | __DEVICE_ATOMIC_FUNCTIONS_DECL__ unsigned long long int atomicAdd(unsigned long long int *address, unsigned long long int val) __DEF_IF_HOST
      |                                                                                                                                ^~~~~~~~~~~~~
/usr/local/cuda/include/device_atomic_functions.h: In function 'long long unsigned int atomicExch(long long unsigned int*, long long unsigned int)':
/usr/local/cuda/include/device_atomic_functions.h:74:25: warning: no return statement in function returning non-void [-Wreturn-type]
   74 | #define __DEF_IF_HOST { }
      |                         ^
/usr/local/cuda/include/device_atomic_functions.h:168:129: note: in expansion of macro '__DEF_IF_HOST'
  168 | __DEVICE_ATOMIC_FUNCTIONS_DECL__ unsigned long long int atomicExch(unsigned long long int *address, unsigned long long int val) __DEF_IF_HOST
      |                                                                                                                                 ^~~~~~~~~~~~~
/usr/local/cuda/include/device_atomic_functions.h: In function 'long long unsigned int atomicCAS(long long unsigned int*, long long unsigned int, long long unsigned int)':
/usr/local/cuda/include/device_atomic_functions.h:74:25: warning: no return statement in function returning non-void [-Wreturn-type]
   74 | #define __DEF_IF_HOST { }
      |                         ^
/usr/local/cuda/include/device_atomic_functions.h:170:160: note: in expansion of macro '__DEF_IF_HOST'
  170 | __DEVICE_ATOMIC_FUNCTIONS_DECL__ unsigned long long int atomicCAS(unsigned long long int *address, unsigned long long int compare, unsigned long long int val) __DEF_IF_HOST
      |                                                                                                                                                                ^~~~~~~~~~~~~
/usr/local/cuda/include/device_atomic_functions.h: In function 'bool any(bool)':
/usr/local/cuda/include/device_atomic_functions.h:74:25: warning: no return statement in function returning non-void [-Wreturn-type]
   74 | #define __DEF_IF_HOST { }
      |                         ^
/usr/local/cuda/include/device_atomic_functions.h:172:103: note: in expansion of macro '__DEF_IF_HOST'
  172 | __DEVICE_ATOMIC_FUNCTIONS_DECL__ __DEPRECATED__(__WSB_DEPRECATION_MESSAGE(__any)) bool any(bool cond) __DEF_IF_HOST
      |                                                                                                       ^~~~~~~~~~~~~
/usr/local/cuda/include/device_atomic_functions.h: In function 'bool all(bool)':
/usr/local/cuda/include/device_atomic_functions.h:74:25: warning: no return statement in function returning non-void [-Wreturn-type]
   74 | #define __DEF_IF_HOST { }
      |                         ^
/usr/local/cuda/include/device_atomic_functions.h:174:103: note: in expansion of macro '__DEF_IF_HOST'
  174 | __DEVICE_ATOMIC_FUNCTIONS_DECL__ __DEPRECATED__(__WSB_DEPRECATION_MESSAGE(__all)) bool all(bool cond) __DEF_IF_HOST
      |                                                                                                       ^~~~~~~~~~~~~
In file included from /usr/local/cuda/include/crt/device_functions.h:3617,
                 from /home/GVirtuS/GVirtuS/plugins/cudart/backend/CudaRtHandler.h:71,
                 from /home/GVirtuS/GVirtuS/plugins/cudart/backend/CudaRtHandler_opengl.cpp:26:
/usr/local/cuda/include/sm_20_atomic_functions.h: In function 'float atomicAdd(float*, float)':
/usr/local/cuda/include/sm_20_atomic_functions.h:79:25: warning: no return statement in function returning non-void [-Wreturn-type]
   79 | #define __DEF_IF_HOST { }
      |                         ^
/usr/local/cuda/include/sm_20_atomic_functions.h:96:76: note: in expansion of macro '__DEF_IF_HOST'
   96 | __SM_20_ATOMIC_FUNCTIONS_DECL__ float atomicAdd(float *address, float val) __DEF_IF_HOST
      |                                                                            ^~~~~~~~~~~~~
In file included from /usr/local/cuda/include/crt/device_functions.h:3618,
                 from /home/GVirtuS/GVirtuS/plugins/cudart/backend/CudaRtHandler.h:71,
                 from /home/GVirtuS/GVirtuS/plugins/cudart/backend/CudaRtHandler_opengl.cpp:26:
/usr/local/cuda/include/sm_32_atomic_functions.h: In function 'long long int atomicMin(long long int*, long long int)':
/usr/local/cuda/include/sm_32_atomic_functions.h:72:25: warning: no return statement in function returning non-void [-Wreturn-type]
   72 | #define __DEF_IF_HOST { }
      |                         ^
/usr/local/cuda/include/sm_32_atomic_functions.h:89:88: note: in expansion of macro '__DEF_IF_HOST'
   89 | __SM_32_ATOMIC_FUNCTIONS_DECL__ long long atomicMin(long long *address, long long val) __DEF_IF_HOST
      |                                                                                        ^~~~~~~~~~~~~
/usr/local/cuda/include/sm_32_atomic_functions.h: In function 'long long int atomicMax(long long int*, long long int)':
/usr/local/cuda/include/sm_32_atomic_functions.h:72:25: warning: no return statement in function returning non-void [-Wreturn-type]
   72 | #define __DEF_IF_HOST { }
      |                         ^
/usr/local/cuda/include/sm_32_atomic_functions.h:91:88: note: in expansion of macro '__DEF_IF_HOST'
   91 | __SM_32_ATOMIC_FUNCTIONS_DECL__ long long atomicMax(long long *address, long long val) __DEF_IF_HOST
      |                                                                                        ^~~~~~~~~~~~~
/usr/local/cuda/include/sm_32_atomic_functions.h: In function 'long long int atomicAnd(long long int*, long long int)':
/usr/local/cuda/include/sm_32_atomic_functions.h:72:25: warning: no return statement in function returning non-void [-Wreturn-type]
   72 | #define __DEF_IF_HOST { }
      |                         ^
/usr/local/cuda/include/sm_32_atomic_functions.h:93:88: note: in expansion of macro '__DEF_IF_HOST'
   93 | __SM_32_ATOMIC_FUNCTIONS_DECL__ long long atomicAnd(long long *address, long long val) __DEF_IF_HOST
      |                                                                                        ^~~~~~~~~~~~~
/usr/local/cuda/include/sm_32_atomic_functions.h: In function 'long long int atomicOr(long long int*, long long int)':
/usr/local/cuda/include/sm_32_atomic_functions.h:72:25: warning: no return statement in function returning non-void [-Wreturn-type]
   72 | #define __DEF_IF_HOST { }
      |                         ^
/usr/local/cuda/include/sm_32_atomic_functions.h:95:87: note: in expansion of macro '__DEF_IF_HOST'
   95 | __SM_32_ATOMIC_FUNCTIONS_DECL__ long long atomicOr(long long *address, long long val) __DEF_IF_HOST
      |                                                                                       ^~~~~~~~~~~~~
/usr/local/cuda/include/sm_32_atomic_functions.h: In function 'long long int atomicXor(long long int*, long long int)':
/usr/local/cuda/include/sm_32_atomic_functions.h:72:25: warning: no return statement in function returning non-void [-Wreturn-type]
   72 | #define __DEF_IF_HOST { }
      |                         ^
/usr/local/cuda/include/sm_32_atomic_functions.h:97:88: note: in expansion of macro '__DEF_IF_HOST'
   97 | __SM_32_ATOMIC_FUNCTIONS_DECL__ long long atomicXor(long long *address, long long val) __DEF_IF_HOST
      |                                                                                        ^~~~~~~~~~~~~
/usr/local/cuda/include/sm_32_atomic_functions.h: In function 'long long unsigned int atomicMin(long long unsigned int*, long long unsigned int)':
/usr/local/cuda/include/sm_32_atomic_functions.h:72:25: warning: no return statement in function returning non-void [-Wreturn-type]
   72 | #define __DEF_IF_HOST { }
      |                         ^
/usr/local/cuda/include/sm_32_atomic_functions.h:99:115: note: in expansion of macro '__DEF_IF_HOST'
   99 | __SM_32_ATOMIC_FUNCTIONS_DECL__ unsigned long long atomicMin(unsigned long long *address, unsigned long long val) __DEF_IF_HOST
      |                                                                                                                   ^~~~~~~~~~~~~
/usr/local/cuda/include/sm_32_atomic_functions.h: In function 'long long unsigned int atomicMax(long long unsigned int*, long long unsigned int)':
/usr/local/cuda/include/sm_32_atomic_functions.h:72:25: warning: no return statement in function returning non-void [-Wreturn-type]
   72 | #define __DEF_IF_HOST { }
      |                         ^
/usr/local/cuda/include/sm_32_atomic_functions.h:101:115: note: in expansion of macro '__DEF_IF_HOST'
  101 | __SM_32_ATOMIC_FUNCTIONS_DECL__ unsigned long long atomicMax(unsigned long long *address, unsigned long long val) __DEF_IF_HOST
      |                                                                                                                   ^~~~~~~~~~~~~
/usr/local/cuda/include/sm_32_atomic_functions.h: In function 'long long unsigned int atomicAnd(long long unsigned int*, long long unsigned int)':
/usr/local/cuda/include/sm_32_atomic_functions.h:72:25: warning: no return statement in function returning non-void [-Wreturn-type]
   72 | #define __DEF_IF_HOST { }
      |                         ^
/usr/local/cuda/include/sm_32_atomic_functions.h:103:115: note: in expansion of macro '__DEF_IF_HOST'
  103 | __SM_32_ATOMIC_FUNCTIONS_DECL__ unsigned long long atomicAnd(unsigned long long *address, unsigned long long val) __DEF_IF_HOST
      |                                                                                                                   ^~~~~~~~~~~~~
/usr/local/cuda/include/sm_32_atomic_functions.h: In function 'long long unsigned int atomicOr(long long unsigned int*, long long unsigned int)':
/usr/local/cuda/include/sm_32_atomic_functions.h:72:25: warning: no return statement in function returning non-void [-Wreturn-type]
   72 | #define __DEF_IF_HOST { }
      |                         ^
/usr/local/cuda/include/sm_32_atomic_functions.h:105:114: note: in expansion of macro '__DEF_IF_HOST'
  105 | __SM_32_ATOMIC_FUNCTIONS_DECL__ unsigned long long atomicOr(unsigned long long *address, unsigned long long val) __DEF_IF_HOST
      |                                                                                                                  ^~~~~~~~~~~~~
/usr/local/cuda/include/sm_32_atomic_functions.h: In function 'long long unsigned int atomicXor(long long unsigned int*, long long unsigned int)':
/usr/local/cuda/include/sm_32_atomic_functions.h:72:25: warning: no return statement in function returning non-void [-Wreturn-type]
   72 | #define __DEF_IF_HOST { }
      |                         ^
/usr/local/cuda/include/sm_32_atomic_functions.h:107:115: note: in expansion of macro '__DEF_IF_HOST'
  107 | __SM_32_ATOMIC_FUNCTIONS_DECL__ unsigned long long atomicXor(unsigned long long *address, unsigned long long val) __DEF_IF_HOST
      |                                                                                                                   ^~~~~~~~~~~~~
In file included from /usr/local/cuda/include/crt/device_functions.h:3620,
                 from /home/GVirtuS/GVirtuS/plugins/cudart/backend/CudaRtHandler.h:71,
                 from /home/GVirtuS/GVirtuS/plugins/cudart/backend/CudaRtHandler_opengl.cpp:26:
/usr/local/cuda/include/sm_60_atomic_functions.h: In function 'double atomicAdd(double*, double)':
/usr/local/cuda/include/sm_60_atomic_functions.h:77:25: warning: no return statement in function returning non-void [-Wreturn-type]
   77 | #define __DEF_IF_HOST { }
      |                         ^
/usr/local/cuda/include/sm_60_atomic_functions.h:90:79: note: in expansion of macro '__DEF_IF_HOST'
   90 | __SM_60_ATOMIC_FUNCTIONS_DECL__ double atomicAdd(double *address, double val) __DEF_IF_HOST
      |                                                                               ^~~~~~~~~~~~~
/usr/local/cuda/include/sm_60_atomic_functions.h: In function 'int atomicAdd_block(int*, int)':
/usr/local/cuda/include/sm_60_atomic_functions.h:77:25: warning: no return statement in function returning non-void [-Wreturn-type]
   77 | #define __DEF_IF_HOST { }
      |                         ^
/usr/local/cuda/include/sm_60_atomic_functions.h:93:44: note: in expansion of macro '__DEF_IF_HOST'
   93 | int atomicAdd_block(int *address, int val) __DEF_IF_HOST
      |                                            ^~~~~~~~~~~~~
/usr/local/cuda/include/sm_60_atomic_functions.h: In function 'int atomicAdd_system(int*, int)':
/usr/local/cuda/include/sm_60_atomic_functions.h:77:25: warning: no return statement in function returning non-void [-Wreturn-type]
   77 | #define __DEF_IF_HOST { }
      |                         ^
/usr/local/cuda/include/sm_60_atomic_functions.h:96:45: note: in expansion of macro '__DEF_IF_HOST'
   96 | int atomicAdd_system(int *address, int val) __DEF_IF_HOST
      |                                             ^~~~~~~~~~~~~
/usr/local/cuda/include/sm_60_atomic_functions.h: In function 'unsigned int atomicAdd_block(unsigned int*, unsigned int)':
/usr/local/cuda/include/sm_60_atomic_functions.h:77:25: warning: no return statement in function returning non-void [-Wreturn-type]
   77 | #define __DEF_IF_HOST { }
      |                         ^
/usr/local/cuda/include/sm_60_atomic_functions.h:99:71: note: in expansion of macro '__DEF_IF_HOST'
   99 | unsigned int atomicAdd_block(unsigned int *address, unsigned int val) __DEF_IF_HOST
      |                                                                       ^~~~~~~~~~~~~
/usr/local/cuda/include/sm_60_atomic_functions.h: In function 'unsigned int atomicAdd_system(unsigned int*, unsigned int)':
/usr/local/cuda/include/sm_60_atomic_functions.h:77:25: warning: no return statement in function returning non-void [-Wreturn-type]
   77 | #define __DEF_IF_HOST { }
      |                         ^
/usr/local/cuda/include/sm_60_atomic_functions.h:102:72: note: in expansion of macro '__DEF_IF_HOST'
  102 | unsigned int atomicAdd_system(unsigned int *address, unsigned int val) __DEF_IF_HOST
      |                                                                        ^~~~~~~~~~~~~
/usr/local/cuda/include/sm_60_atomic_functions.h: In function 'long long unsigned int atomicAdd_block(long long unsigned int*, long long unsigned int)':
/usr/local/cuda/include/sm_60_atomic_functions.h:77:25: warning: no return statement in function returning non-void [-Wreturn-type]
   77 | #define __DEF_IF_HOST { }
      |                         ^
/usr/local/cuda/include/sm_60_atomic_functions.h:105:89: note: in expansion of macro '__DEF_IF_HOST'
  105 | unsigned long long atomicAdd_block(unsigned long long *address, unsigned long long val) __DEF_IF_HOST
      |                                                                                         ^~~~~~~~~~~~~
/usr/local/cuda/include/sm_60_atomic_functions.h: In function 'long long unsigned int atomicAdd_system(long long unsigned int*, long long unsigned int)':
/usr/local/cuda/include/sm_60_atomic_functions.h:77:25: warning: no return statement in function returning non-void [-Wreturn-type]
   77 | #define __DEF_IF_HOST { }
      |                         ^
/usr/local/cuda/include/sm_60_atomic_functions.h:108:90: note: in expansion of macro '__DEF_IF_HOST'
  108 | unsigned long long atomicAdd_system(unsigned long long *address, unsigned long long val) __DEF_IF_HOST
      |                                                                                          ^~~~~~~~~~~~~
/usr/local/cuda/include/sm_60_atomic_functions.h: In function 'float atomicAdd_block(float*, float)':
/usr/local/cuda/include/sm_60_atomic_functions.h:77:25: warning: no return statement in function returning non-void [-Wreturn-type]
   77 | #define __DEF_IF_HOST { }
      |                         ^
/usr/local/cuda/include/sm_60_atomic_functions.h:111:50: note: in expansion of macro '__DEF_IF_HOST'
  111 | float atomicAdd_block(float *address, float val) __DEF_IF_HOST
      |                                                  ^~~~~~~~~~~~~
/usr/local/cuda/include/sm_60_atomic_functions.h: In function 'float atomicAdd_system(float*, float)':
/usr/local/cuda/include/sm_60_atomic_functions.h:77:25: warning: no return statement in function returning non-void [-Wreturn-type]
   77 | #define __DEF_IF_HOST { }
      |                         ^
/usr/local/cuda/include/sm_60_atomic_functions.h:114:51: note: in expansion of macro '__DEF_IF_HOST'
  114 | float atomicAdd_system(float *address, float val) __DEF_IF_HOST
      |                                                   ^~~~~~~~~~~~~
/usr/local/cuda/include/sm_60_atomic_functions.h: In function 'double atomicAdd_block(double*, double)':
/usr/local/cuda/include/sm_60_atomic_functions.h:77:25: warning: no return statement in function returning non-void [-Wreturn-type]
   77 | #define __DEF_IF_HOST { }
      |                         ^
/usr/local/cuda/include/sm_60_atomic_functions.h:117:53: note: in expansion of macro '__DEF_IF_HOST'
  117 | double atomicAdd_block(double *address, double val) __DEF_IF_HOST
      |                                                     ^~~~~~~~~~~~~
/usr/local/cuda/include/sm_60_atomic_functions.h: In function 'double atomicAdd_system(double*, double)':
/usr/local/cuda/include/sm_60_atomic_functions.h:77:25: warning: no return statement in function returning non-void [-Wreturn-type]
   77 | #define __DEF_IF_HOST { }
      |                         ^
/usr/local/cuda/include/sm_60_atomic_functions.h:120:54: note: in expansion of macro '__DEF_IF_HOST'
  120 | double atomicAdd_system(double *address, double val) __DEF_IF_HOST
      |                                                      ^~~~~~~~~~~~~
/usr/local/cuda/include/sm_60_atomic_functions.h: In function 'int atomicSub_block(int*, int)':
/usr/local/cuda/include/sm_60_atomic_functions.h:77:25: warning: no return statement in function returning non-void [-Wreturn-type]
   77 | #define __DEF_IF_HOST { }
      |                         ^
/usr/local/cuda/include/sm_60_atomic_functions.h:123:44: note: in expansion of macro '__DEF_IF_HOST'
  123 | int atomicSub_block(int *address, int val) __DEF_IF_HOST
      |                                            ^~~~~~~~~~~~~
/usr/local/cuda/include/sm_60_atomic_functions.h: In function 'int atomicSub_system(int*, int)':
/usr/local/cuda/include/sm_60_atomic_functions.h:77:25: warning: no return statement in function returning non-void [-Wreturn-type]
   77 | #define __DEF_IF_HOST { }
      |                         ^
/usr/local/cuda/include/sm_60_atomic_functions.h:126:45: note: in expansion of macro '__DEF_IF_HOST'
  126 | int atomicSub_system(int *address, int val) __DEF_IF_HOST
      |                                             ^~~~~~~~~~~~~
/usr/local/cuda/include/sm_60_atomic_functions.h: In function 'unsigned int atomicSub_block(unsigned int*, unsigned int)':
/usr/local/cuda/include/sm_60_atomic_functions.h:77:25: warning: no return statement in function returning non-void [-Wreturn-type]
   77 | #define __DEF_IF_HOST { }
      |                         ^
/usr/local/cuda/include/sm_60_atomic_functions.h:129:71: note: in expansion of macro '__DEF_IF_HOST'
  129 | unsigned int atomicSub_block(unsigned int *address, unsigned int val) __DEF_IF_HOST
      |                                                                       ^~~~~~~~~~~~~
/usr/local/cuda/include/sm_60_atomic_functions.h: In function 'unsigned int atomicSub_system(unsigned int*, unsigned int)':
/usr/local/cuda/include/sm_60_atomic_functions.h:77:25: warning: no return statement in function returning non-void [-Wreturn-type]
   77 | #define __DEF_IF_HOST { }
      |                         ^
/usr/local/cuda/include/sm_60_atomic_functions.h:132:72: note: in expansion of macro '__DEF_IF_HOST'
  132 | unsigned int atomicSub_system(unsigned int *address, unsigned int val) __DEF_IF_HOST
      |                                                                        ^~~~~~~~~~~~~
/usr/local/cuda/include/sm_60_atomic_functions.h: In function 'int atomicExch_block(int*, int)':
/usr/local/cuda/include/sm_60_atomic_functions.h:77:25: warning: no return statement in function returning non-void [-Wreturn-type]
   77 | #define __DEF_IF_HOST { }
      |                         ^
/usr/local/cuda/include/sm_60_atomic_functions.h:135:45: note: in expansion of macro '__DEF_IF_HOST'
  135 | int atomicExch_block(int *address, int val) __DEF_IF_HOST
      |                                             ^~~~~~~~~~~~~
/usr/local/cuda/include/sm_60_atomic_functions.h: In function 'int atomicExch_system(int*, int)':
/usr/local/cuda/include/sm_60_atomic_functions.h:77:25: warning: no return statement in function returning non-void [-Wreturn-type]
   77 | #define __DEF_IF_HOST { }
      |                         ^
/usr/local/cuda/include/sm_60_atomic_functions.h:138:46: note: in expansion of macro '__DEF_IF_HOST'
  138 | int atomicExch_system(int *address, int val) __DEF_IF_HOST
      |                                              ^~~~~~~~~~~~~
/usr/local/cuda/include/sm_60_atomic_functions.h: In function 'unsigned int atomicExch_block(unsigned int*, unsigned int)':
/usr/local/cuda/include/sm_60_atomic_functions.h:77:25: warning: no return statement in function returning non-void [-Wreturn-type]
   77 | #define __DEF_IF_HOST { }
      |                         ^
/usr/local/cuda/include/sm_60_atomic_functions.h:141:72: note: in expansion of macro '__DEF_IF_HOST'
  141 | unsigned int atomicExch_block(unsigned int *address, unsigned int val) __DEF_IF_HOST
      |                                                                        ^~~~~~~~~~~~~
/usr/local/cuda/include/sm_60_atomic_functions.h: In function 'unsigned int atomicExch_system(unsigned int*, unsigned int)':
/usr/local/cuda/include/sm_60_atomic_functions.h:77:25: warning: no return statement in function returning non-void [-Wreturn-type]
   77 | #define __DEF_IF_HOST { }
      |                         ^
/usr/local/cuda/include/sm_60_atomic_functions.h:144:73: note: in expansion of macro '__DEF_IF_HOST'
  144 | unsigned int atomicExch_system(unsigned int *address, unsigned int val) __DEF_IF_HOST
      |                                                                         ^~~~~~~~~~~~~
/usr/local/cuda/include/sm_60_atomic_functions.h: In function 'long long unsigned int atomicExch_block(long long unsigned int*, long long unsigned int)':
/usr/local/cuda/include/sm_60_atomic_functions.h:77:25: warning: no return statement in function returning non-void [-Wreturn-type]
   77 | #define __DEF_IF_HOST { }
      |                         ^
/usr/local/cuda/include/sm_60_atomic_functions.h:147:90: note: in expansion of macro '__DEF_IF_HOST'
  147 | unsigned long long atomicExch_block(unsigned long long *address, unsigned long long val) __DEF_IF_HOST
      |                                                                                          ^~~~~~~~~~~~~
/usr/local/cuda/include/sm_60_atomic_functions.h: In function 'long long unsigned int atomicExch_system(long long unsigned int*, long long unsigned int)':
/usr/local/cuda/include/sm_60_atomic_functions.h:77:25: warning: no return statement in function returning non-void [-Wreturn-type]
   77 | #define __DEF_IF_HOST { }
      |                         ^
/usr/local/cuda/include/sm_60_atomic_functions.h:150:91: note: in expansion of macro '__DEF_IF_HOST'
  150 | unsigned long long atomicExch_system(unsigned long long *address, unsigned long long val) __DEF_IF_HOST
      |                                                                                           ^~~~~~~~~~~~~
/usr/local/cuda/include/sm_60_atomic_functions.h: In function 'float atomicExch_block(float*, float)':
/usr/local/cuda/include/sm_60_atomic_functions.h:77:25: warning: no return statement in function returning non-void [-Wreturn-type]
   77 | #define __DEF_IF_HOST { }
      |                         ^
/usr/local/cuda/include/sm_60_atomic_functions.h:153:51: note: in expansion of macro '__DEF_IF_HOST'
  153 | float atomicExch_block(float *address, float val) __DEF_IF_HOST
      |                                                   ^~~~~~~~~~~~~
/usr/local/cuda/include/sm_60_atomic_functions.h: In function 'float atomicExch_system(float*, float)':
/usr/local/cuda/include/sm_60_atomic_functions.h:77:25: warning: no return statement in function returning non-void [-Wreturn-type]
   77 | #define __DEF_IF_HOST { }
      |                         ^
/usr/local/cuda/include/sm_60_atomic_functions.h:156:52: note: in expansion of macro '__DEF_IF_HOST'
  156 | float atomicExch_system(float *address, float val) __DEF_IF_HOST
      |                                                    ^~~~~~~~~~~~~
/usr/local/cuda/include/sm_60_atomic_functions.h: In function 'int atomicMin_block(int*, int)':
/usr/local/cuda/include/sm_60_atomic_functions.h:77:25: warning: no return statement in function returning non-void [-Wreturn-type]
   77 | #define __DEF_IF_HOST { }
      |                         ^
/usr/local/cuda/include/sm_60_atomic_functions.h:159:44: note: in expansion of macro '__DEF_IF_HOST'
  159 | int atomicMin_block(int *address, int val) __DEF_IF_HOST
      |                                            ^~~~~~~~~~~~~
/usr/local/cuda/include/sm_60_atomic_functions.h: In function 'int atomicMin_system(int*, int)':
/usr/local/cuda/include/sm_60_atomic_functions.h:77:25: warning: no return statement in function returning non-void [-Wreturn-type]
   77 | #define __DEF_IF_HOST { }
      |                         ^
/usr/local/cuda/include/sm_60_atomic_functions.h:162:45: note: in expansion of macro '__DEF_IF_HOST'
  162 | int atomicMin_system(int *address, int val) __DEF_IF_HOST
      |                                             ^~~~~~~~~~~~~
/usr/local/cuda/include/sm_60_atomic_functions.h: In function 'long long int atomicMin_block(long long int*, long long int)':
/usr/local/cuda/include/sm_60_atomic_functions.h:77:25: warning: no return statement in function returning non-void [-Wreturn-type]
   77 | #define __DEF_IF_HOST { }
      |                         ^
/usr/local/cuda/include/sm_60_atomic_functions.h:165:62: note: in expansion of macro '__DEF_IF_HOST'
  165 | long long atomicMin_block(long long *address, long long val) __DEF_IF_HOST
      |                                                              ^~~~~~~~~~~~~
/usr/local/cuda/include/sm_60_atomic_functions.h: In function 'long long int atomicMin_system(long long int*, long long int)':
/usr/local/cuda/include/sm_60_atomic_functions.h:77:25: warning: no return statement in function returning non-void [-Wreturn-type]
   77 | #define __DEF_IF_HOST { }
      |                         ^
/usr/local/cuda/include/sm_60_atomic_functions.h:168:63: note: in expansion of macro '__DEF_IF_HOST'
  168 | long long atomicMin_system(long long *address, long long val) __DEF_IF_HOST
      |                                                               ^~~~~~~~~~~~~
/usr/local/cuda/include/sm_60_atomic_functions.h: In function 'unsigned int atomicMin_block(unsigned int*, unsigned int)':
/usr/local/cuda/include/sm_60_atomic_functions.h:77:25: warning: no return statement in function returning non-void [-Wreturn-type]
   77 | #define __DEF_IF_HOST { }
      |                         ^
/usr/local/cuda/include/sm_60_atomic_functions.h:171:71: note: in expansion of macro '__DEF_IF_HOST'
  171 | unsigned int atomicMin_block(unsigned int *address, unsigned int val) __DEF_IF_HOST
      |                                                                       ^~~~~~~~~~~~~
/usr/local/cuda/include/sm_60_atomic_functions.h: In function 'unsigned int atomicMin_system(unsigned int*, unsigned int)':
/usr/local/cuda/include/sm_60_atomic_functions.h:77:25: warning: no return statement in function returning non-void [-Wreturn-type]
   77 | #define __DEF_IF_HOST { }
      |                         ^
/usr/local/cuda/include/sm_60_atomic_functions.h:174:72: note: in expansion of macro '__DEF_IF_HOST'
  174 | unsigned int atomicMin_system(unsigned int *address, unsigned int val) __DEF_IF_HOST
      |                                                                        ^~~~~~~~~~~~~
/usr/local/cuda/include/sm_60_atomic_functions.h: In function 'long long unsigned int atomicMin_block(long long unsigned int*, long long unsigned int)':
/usr/local/cuda/include/sm_60_atomic_functions.h:77:25: warning: no return statement in function returning non-void [-Wreturn-type]
   77 | #define __DEF_IF_HOST { }
      |                         ^
/usr/local/cuda/include/sm_60_atomic_functions.h:177:89: note: in expansion of macro '__DEF_IF_HOST'
  177 | unsigned long long atomicMin_block(unsigned long long *address, unsigned long long val) __DEF_IF_HOST
      |                                                                                         ^~~~~~~~~~~~~
/usr/local/cuda/include/sm_60_atomic_functions.h: In function 'long long unsigned int atomicMin_system(long long unsigned int*, long long unsigned int)':
/usr/local/cuda/include/sm_60_atomic_functions.h:77:25: warning: no return statement in function returning non-void [-Wreturn-type]
   77 | #define __DEF_IF_HOST { }
      |                         ^
/usr/local/cuda/include/sm_60_atomic_functions.h:180:90: note: in expansion of macro '__DEF_IF_HOST'
  180 | unsigned long long atomicMin_system(unsigned long long *address, unsigned long long val) __DEF_IF_HOST
      |                                                                                          ^~~~~~~~~~~~~
/usr/local/cuda/include/sm_60_atomic_functions.h: In function 'int atomicMax_block(int*, int)':
/usr/local/cuda/include/sm_60_atomic_functions.h:77:25: warning: no return statement in function returning non-void [-Wreturn-type]
   77 | #define __DEF_IF_HOST { }
      |                         ^
/usr/local/cuda/include/sm_60_atomic_functions.h:183:44: note: in expansion of macro '__DEF_IF_HOST'
  183 | int atomicMax_block(int *address, int val) __DEF_IF_HOST
      |                                            ^~~~~~~~~~~~~
/usr/local/cuda/include/sm_60_atomic_functions.h: In function 'int atomicMax_system(int*, int)':
/usr/local/cuda/include/sm_60_atomic_functions.h:77:25: warning: no return statement in function returning non-void [-Wreturn-type]
   77 | #define __DEF_IF_HOST { }
      |                         ^
/usr/local/cuda/include/sm_60_atomic_functions.h:186:45: note: in expansion of macro '__DEF_IF_HOST'
  186 | int atomicMax_system(int *address, int val) __DEF_IF_HOST
      |                                             ^~~~~~~~~~~~~
/usr/local/cuda/include/sm_60_atomic_functions.h: In function 'long long int atomicMax_block(long long int*, long long int)':
/usr/local/cuda/include/sm_60_atomic_functions.h:77:25: warning: no return statement in function returning non-void [-Wreturn-type]
   77 | #define __DEF_IF_HOST { }
      |                         ^
/usr/local/cuda/include/sm_60_atomic_functions.h:189:62: note: in expansion of macro '__DEF_IF_HOST'
  189 | long long atomicMax_block(long long *address, long long val) __DEF_IF_HOST
      |                                                              ^~~~~~~~~~~~~
/usr/local/cuda/include/sm_60_atomic_functions.h: In function 'long long int atomicMax_system(long long int*, long long int)':
/usr/local/cuda/include/sm_60_atomic_functions.h:77:25: warning: no return statement in function returning non-void [-Wreturn-type]
   77 | #define __DEF_IF_HOST { }
      |                         ^
/usr/local/cuda/include/sm_60_atomic_functions.h:192:63: note: in expansion of macro '__DEF_IF_HOST'
  192 | long long atomicMax_system(long long *address, long long val) __DEF_IF_HOST
      |                                                               ^~~~~~~~~~~~~
/usr/local/cuda/include/sm_60_atomic_functions.h: In function 'unsigned int atomicMax_block(unsigned int*, unsigned int)':
/usr/local/cuda/include/sm_60_atomic_functions.h:77:25: warning: no return statement in function returning non-void [-Wreturn-type]
   77 | #define __DEF_IF_HOST { }
      |                         ^
/usr/local/cuda/include/sm_60_atomic_functions.h:195:71: note: in expansion of macro '__DEF_IF_HOST'
  195 | unsigned int atomicMax_block(unsigned int *address, unsigned int val) __DEF_IF_HOST
      |                                                                       ^~~~~~~~~~~~~
/usr/local/cuda/include/sm_60_atomic_functions.h: In function 'unsigned int atomicMax_system(unsigned int*, unsigned int)':
/usr/local/cuda/include/sm_60_atomic_functions.h:77:25: warning: no return statement in function returning non-void [-Wreturn-type]
   77 | #define __DEF_IF_HOST { }
      |                         ^
/usr/local/cuda/include/sm_60_atomic_functions.h:198:72: note: in expansion of macro '__DEF_IF_HOST'
  198 | unsigned int atomicMax_system(unsigned int *address, unsigned int val) __DEF_IF_HOST
      |                                                                        ^~~~~~~~~~~~~
/usr/local/cuda/include/sm_60_atomic_functions.h: In function 'long long unsigned int atomicMax_block(long long unsigned int*, long long unsigned int)':
/usr/local/cuda/include/sm_60_atomic_functions.h:77:25: warning: no return statement in function returning non-void [-Wreturn-type]
   77 | #define __DEF_IF_HOST { }
      |                         ^
/usr/local/cuda/include/sm_60_atomic_functions.h:201:89: note: in expansion of macro '__DEF_IF_HOST'
  201 | unsigned long long atomicMax_block(unsigned long long *address, unsigned long long val) __DEF_IF_HOST
      |                                                                                         ^~~~~~~~~~~~~
/usr/local/cuda/include/sm_60_atomic_functions.h: In function 'long long unsigned int atomicMax_system(long long unsigned int*, long long unsigned int)':
/usr/local/cuda/include/sm_60_atomic_functions.h:77:25: warning: no return statement in function returning non-void [-Wreturn-type]
   77 | #define __DEF_IF_HOST { }
      |                         ^
/usr/local/cuda/include/sm_60_atomic_functions.h:204:90: note: in expansion of macro '__DEF_IF_HOST'
  204 | unsigned long long atomicMax_system(unsigned long long *address, unsigned long long val) __DEF_IF_HOST
      |                                                                                          ^~~~~~~~~~~~~
/usr/local/cuda/include/sm_60_atomic_functions.h: In function 'unsigned int atomicInc_block(unsigned int*, unsigned int)':
/usr/local/cuda/include/sm_60_atomic_functions.h:77:25: warning: no return statement in function returning non-void [-Wreturn-type]
   77 | #define __DEF_IF_HOST { }
      |                         ^
/usr/local/cuda/include/sm_60_atomic_functions.h:207:71: note: in expansion of macro '__DEF_IF_HOST'
  207 | unsigned int atomicInc_block(unsigned int *address, unsigned int val) __DEF_IF_HOST
      |                                                                       ^~~~~~~~~~~~~
/usr/local/cuda/include/sm_60_atomic_functions.h: In function 'unsigned int atomicInc_system(unsigned int*, unsigned int)':
/usr/local/cuda/include/sm_60_atomic_functions.h:77:25: warning: no return statement in function returning non-void [-Wreturn-type]
   77 | #define __DEF_IF_HOST { }
      |                         ^
/usr/local/cuda/include/sm_60_atomic_functions.h:210:72: note: in expansion of macro '__DEF_IF_HOST'
  210 | unsigned int atomicInc_system(unsigned int *address, unsigned int val) __DEF_IF_HOST
      |                                                                        ^~~~~~~~~~~~~
/usr/local/cuda/include/sm_60_atomic_functions.h: In function 'unsigned int atomicDec_block(unsigned int*, unsigned int)':
/usr/local/cuda/include/sm_60_atomic_functions.h:77:25: warning: no return statement in function returning non-void [-Wreturn-type]
   77 | #define __DEF_IF_HOST { }
      |                         ^
/usr/local/cuda/include/sm_60_atomic_functions.h:213:71: note: in expansion of macro '__DEF_IF_HOST'
  213 | unsigned int atomicDec_block(unsigned int *address, unsigned int val) __DEF_IF_HOST
      |                                                                       ^~~~~~~~~~~~~
/usr/local/cuda/include/sm_60_atomic_functions.h: In function 'unsigned int atomicDec_system(unsigned int*, unsigned int)':
/usr/local/cuda/include/sm_60_atomic_functions.h:77:25: warning: no return statement in function returning non-void [-Wreturn-type]
   77 | #define __DEF_IF_HOST { }
      |                         ^
/usr/local/cuda/include/sm_60_atomic_functions.h:216:72: note: in expansion of macro '__DEF_IF_HOST'
  216 | unsigned int atomicDec_system(unsigned int *address, unsigned int val) __DEF_IF_HOST
      |                                                                        ^~~~~~~~~~~~~
/usr/local/cuda/include/sm_60_atomic_functions.h: In function 'int atomicCAS_block(int*, int, int)':
/usr/local/cuda/include/sm_60_atomic_functions.h:77:25: warning: no return statement in function returning non-void [-Wreturn-type]
   77 | #define __DEF_IF_HOST { }
      |                         ^
/usr/local/cuda/include/sm_60_atomic_functions.h:219:57: note: in expansion of macro '__DEF_IF_HOST'
  219 | int atomicCAS_block(int *address, int compare, int val) __DEF_IF_HOST
      |                                                         ^~~~~~~~~~~~~
/usr/local/cuda/include/sm_60_atomic_functions.h: In function 'int atomicCAS_system(int*, int, int)':
/usr/local/cuda/include/sm_60_atomic_functions.h:77:25: warning: no return statement in function returning non-void [-Wreturn-type]
   77 | #define __DEF_IF_HOST { }
      |                         ^
/usr/local/cuda/include/sm_60_atomic_functions.h:222:58: note: in expansion of macro '__DEF_IF_HOST'
  222 | int atomicCAS_system(int *address, int compare, int val) __DEF_IF_HOST
      |                                                          ^~~~~~~~~~~~~
/usr/local/cuda/include/sm_60_atomic_functions.h: In function 'unsigned int atomicCAS_block(unsigned int*, unsigned int, unsigned int)':
/usr/local/cuda/include/sm_60_atomic_functions.h:77:25: warning: no return statement in function returning non-void [-Wreturn-type]
   77 | #define __DEF_IF_HOST { }
      |                         ^
/usr/local/cuda/include/sm_60_atomic_functions.h:226:48: note: in expansion of macro '__DEF_IF_HOST'
  226 |                              unsigned int val) __DEF_IF_HOST
      |                                                ^~~~~~~~~~~~~
/usr/local/cuda/include/sm_60_atomic_functions.h: In function 'unsigned int atomicCAS_system(unsigned int*, unsigned int, unsigned int)':
/usr/local/cuda/include/sm_60_atomic_functions.h:77:25: warning: no return statement in function returning non-void [-Wreturn-type]
   77 | #define __DEF_IF_HOST { }
      |                         ^
/usr/local/cuda/include/sm_60_atomic_functions.h:230:49: note: in expansion of macro '__DEF_IF_HOST'
  230 |                               unsigned int val) __DEF_IF_HOST
      |                                                 ^~~~~~~~~~~~~
/usr/local/cuda/include/sm_60_atomic_functions.h: In function 'long long unsigned int atomicCAS_block(long long unsigned int*, long long unsigned int, long long unsigned int)':
/usr/local/cuda/include/sm_60_atomic_functions.h:77:25: warning: no return statement in function returning non-void [-Wreturn-type]
   77 | #define __DEF_IF_HOST { }
      |                         ^
/usr/local/cuda/include/sm_60_atomic_functions.h:235:68: note: in expansion of macro '__DEF_IF_HOST'
  235 |                                        unsigned long long int val) __DEF_IF_HOST
      |                                                                    ^~~~~~~~~~~~~
/usr/local/cuda/include/sm_60_atomic_functions.h: In function 'long long unsigned int atomicCAS_system(long long unsigned int*, long long unsigned int, long long unsigned int)':
/usr/local/cuda/include/sm_60_atomic_functions.h:77:25: warning: no return statement in function returning non-void [-Wreturn-type]
   77 | #define __DEF_IF_HOST { }
      |                         ^
/usr/local/cuda/include/sm_60_atomic_functions.h:240:69: note: in expansion of macro '__DEF_IF_HOST'
  240 |                                         unsigned long long int val) __DEF_IF_HOST
      |                                                                     ^~~~~~~~~~~~~
/usr/local/cuda/include/sm_60_atomic_functions.h: In function 'int atomicAnd_block(int*, int)':
/usr/local/cuda/include/sm_60_atomic_functions.h:77:25: warning: no return statement in function returning non-void [-Wreturn-type]
   77 | #define __DEF_IF_HOST { }
      |                         ^
/usr/local/cuda/include/sm_60_atomic_functions.h:243:44: note: in expansion of macro '__DEF_IF_HOST'
  243 | int atomicAnd_block(int *address, int val) __DEF_IF_HOST
      |                                            ^~~~~~~~~~~~~
/usr/local/cuda/include/sm_60_atomic_functions.h: In function 'int atomicAnd_system(int*, int)':
/usr/local/cuda/include/sm_60_atomic_functions.h:77:25: warning: no return statement in function returning non-void [-Wreturn-type]
   77 | #define __DEF_IF_HOST { }
      |                         ^
/usr/local/cuda/include/sm_60_atomic_functions.h:246:45: note: in expansion of macro '__DEF_IF_HOST'
  246 | int atomicAnd_system(int *address, int val) __DEF_IF_HOST
      |                                             ^~~~~~~~~~~~~
/usr/local/cuda/include/sm_60_atomic_functions.h: In function 'long long int atomicAnd_block(long long int*, long long int)':
/usr/local/cuda/include/sm_60_atomic_functions.h:77:25: warning: no return statement in function returning non-void [-Wreturn-type]
   77 | #define __DEF_IF_HOST { }
      |                         ^
/usr/local/cuda/include/sm_60_atomic_functions.h:249:62: note: in expansion of macro '__DEF_IF_HOST'
  249 | long long atomicAnd_block(long long *address, long long val) __DEF_IF_HOST
      |                                                              ^~~~~~~~~~~~~
/usr/local/cuda/include/sm_60_atomic_functions.h: In function 'long long int atomicAnd_system(long long int*, long long int)':
/usr/local/cuda/include/sm_60_atomic_functions.h:77:25: warning: no return statement in function returning non-void [-Wreturn-type]
   77 | #define __DEF_IF_HOST { }
      |                         ^
/usr/local/cuda/include/sm_60_atomic_functions.h:252:63: note: in expansion of macro '__DEF_IF_HOST'
  252 | long long atomicAnd_system(long long *address, long long val) __DEF_IF_HOST
      |                                                               ^~~~~~~~~~~~~
/usr/local/cuda/include/sm_60_atomic_functions.h: In function 'unsigned int atomicAnd_block(unsigned int*, unsigned int)':
/usr/local/cuda/include/sm_60_atomic_functions.h:77:25: warning: no return statement in function returning non-void [-Wreturn-type]
   77 | #define __DEF_IF_HOST { }
      |                         ^
/usr/local/cuda/include/sm_60_atomic_functions.h:255:71: note: in expansion of macro '__DEF_IF_HOST'
  255 | unsigned int atomicAnd_block(unsigned int *address, unsigned int val) __DEF_IF_HOST
      |                                                                       ^~~~~~~~~~~~~
/usr/local/cuda/include/sm_60_atomic_functions.h: In function 'unsigned int atomicAnd_system(unsigned int*, unsigned int)':
/usr/local/cuda/include/sm_60_atomic_functions.h:77:25: warning: no return statement in function returning non-void [-Wreturn-type]
   77 | #define __DEF_IF_HOST { }
      |                         ^
/usr/local/cuda/include/sm_60_atomic_functions.h:258:72: note: in expansion of macro '__DEF_IF_HOST'
  258 | unsigned int atomicAnd_system(unsigned int *address, unsigned int val) __DEF_IF_HOST
      |                                                                        ^~~~~~~~~~~~~
/usr/local/cuda/include/sm_60_atomic_functions.h: In function 'long long unsigned int atomicAnd_block(long long unsigned int*, long long unsigned int)':
/usr/local/cuda/include/sm_60_atomic_functions.h:77:25: warning: no return statement in function returning non-void [-Wreturn-type]
   77 | #define __DEF_IF_HOST { }
      |                         ^
/usr/local/cuda/include/sm_60_atomic_functions.h:261:89: note: in expansion of macro '__DEF_IF_HOST'
  261 | unsigned long long atomicAnd_block(unsigned long long *address, unsigned long long val) __DEF_IF_HOST
      |                                                                                         ^~~~~~~~~~~~~
/usr/local/cuda/include/sm_60_atomic_functions.h: In function 'long long unsigned int atomicAnd_system(long long unsigned int*, long long unsigned int)':
/usr/local/cuda/include/sm_60_atomic_functions.h:77:25: warning: no return statement in function returning non-void [-Wreturn-type]
   77 | #define __DEF_IF_HOST { }
      |                         ^
/usr/local/cuda/include/sm_60_atomic_functions.h:264:90: note: in expansion of macro '__DEF_IF_HOST'
  264 | unsigned long long atomicAnd_system(unsigned long long *address, unsigned long long val) __DEF_IF_HOST
      |                                                                                          ^~~~~~~~~~~~~
/usr/local/cuda/include/sm_60_atomic_functions.h: In function 'int atomicOr_block(int*, int)':
/usr/local/cuda/include/sm_60_atomic_functions.h:77:25: warning: no return statement in function returning non-void [-Wreturn-type]
   77 | #define __DEF_IF_HOST { }
      |                         ^
/usr/local/cuda/include/sm_60_atomic_functions.h:267:43: note: in expansion of macro '__DEF_IF_HOST'
  267 | int atomicOr_block(int *address, int val) __DEF_IF_HOST
      |                                           ^~~~~~~~~~~~~
/usr/local/cuda/include/sm_60_atomic_functions.h: In function 'int atomicOr_system(int*, int)':
/usr/local/cuda/include/sm_60_atomic_functions.h:77:25: warning: no return statement in function returning non-void [-Wreturn-type]
   77 | #define __DEF_IF_HOST { }
      |                         ^
/usr/local/cuda/include/sm_60_atomic_functions.h:270:44: note: in expansion of macro '__DEF_IF_HOST'
  270 | int atomicOr_system(int *address, int val) __DEF_IF_HOST
      |                                            ^~~~~~~~~~~~~
/usr/local/cuda/include/sm_60_atomic_functions.h: In function 'long long int atomicOr_block(long long int*, long long int)':
/usr/local/cuda/include/sm_60_atomic_functions.h:77:25: warning: no return statement in function returning non-void [-Wreturn-type]
   77 | #define __DEF_IF_HOST { }
      |                         ^
/usr/local/cuda/include/sm_60_atomic_functions.h:273:61: note: in expansion of macro '__DEF_IF_HOST'
  273 | long long atomicOr_block(long long *address, long long val) __DEF_IF_HOST
      |                                                             ^~~~~~~~~~~~~
/usr/local/cuda/include/sm_60_atomic_functions.h: In function 'long long int atomicOr_system(long long int*, long long int)':
/usr/local/cuda/include/sm_60_atomic_functions.h:77:25: warning: no return statement in function returning non-void [-Wreturn-type]
   77 | #define __DEF_IF_HOST { }
      |                         ^
/usr/local/cuda/include/sm_60_atomic_functions.h:276:62: note: in expansion of macro '__DEF_IF_HOST'
  276 | long long atomicOr_system(long long *address, long long val) __DEF_IF_HOST
      |                                                              ^~~~~~~~~~~~~
/usr/local/cuda/include/sm_60_atomic_functions.h: In function 'unsigned int atomicOr_block(unsigned int*, unsigned int)':
/usr/local/cuda/include/sm_60_atomic_functions.h:77:25: warning: no return statement in function returning non-void [-Wreturn-type]
   77 | #define __DEF_IF_HOST { }
      |                         ^
/usr/local/cuda/include/sm_60_atomic_functions.h:279:70: note: in expansion of macro '__DEF_IF_HOST'
  279 | unsigned int atomicOr_block(unsigned int *address, unsigned int val) __DEF_IF_HOST
      |                                                                      ^~~~~~~~~~~~~
/usr/local/cuda/include/sm_60_atomic_functions.h: In function 'unsigned int atomicOr_system(unsigned int*, unsigned int)':
/usr/local/cuda/include/sm_60_atomic_functions.h:77:25: warning: no return statement in function returning non-void [-Wreturn-type]
   77 | #define __DEF_IF_HOST { }
      |                         ^
/usr/local/cuda/include/sm_60_atomic_functions.h:282:71: note: in expansion of macro '__DEF_IF_HOST'
  282 | unsigned int atomicOr_system(unsigned int *address, unsigned int val) __DEF_IF_HOST
      |                                                                       ^~~~~~~~~~~~~
/usr/local/cuda/include/sm_60_atomic_functions.h: In function 'long long unsigned int atomicOr_block(long long unsigned int*, long long unsigned int)':
/usr/local/cuda/include/sm_60_atomic_functions.h:77:25: warning: no return statement in function returning non-void [-Wreturn-type]
   77 | #define __DEF_IF_HOST { }
      |                         ^
/usr/local/cuda/include/sm_60_atomic_functions.h:285:88: note: in expansion of macro '__DEF_IF_HOST'
  285 | unsigned long long atomicOr_block(unsigned long long *address, unsigned long long val) __DEF_IF_HOST
      |                                                                                        ^~~~~~~~~~~~~
/usr/local/cuda/include/sm_60_atomic_functions.h: In function 'long long unsigned int atomicOr_system(long long unsigned int*, long long unsigned int)':
/usr/local/cuda/include/sm_60_atomic_functions.h:77:25: warning: no return statement in function returning non-void [-Wreturn-type]
   77 | #define __DEF_IF_HOST { }
      |                         ^
/usr/local/cuda/include/sm_60_atomic_functions.h:288:89: note: in expansion of macro '__DEF_IF_HOST'
  288 | unsigned long long atomicOr_system(unsigned long long *address, unsigned long long val) __DEF_IF_HOST
      |                                                                                         ^~~~~~~~~~~~~
/usr/local/cuda/include/sm_60_atomic_functions.h: In function 'int atomicXor_block(int*, int)':
/usr/local/cuda/include/sm_60_atomic_functions.h:77:25: warning: no return statement in function returning non-void [-Wreturn-type]
   77 | #define __DEF_IF_HOST { }
      |                         ^
/usr/local/cuda/include/sm_60_atomic_functions.h:291:44: note: in expansion of macro '__DEF_IF_HOST'
  291 | int atomicXor_block(int *address, int val) __DEF_IF_HOST
      |                                            ^~~~~~~~~~~~~
/usr/local/cuda/include/sm_60_atomic_functions.h: In function 'int atomicXor_system(int*, int)':
/usr/local/cuda/include/sm_60_atomic_functions.h:77:25: warning: no return statement in function returning non-void [-Wreturn-type]
   77 | #define __DEF_IF_HOST { }
      |                         ^
/usr/local/cuda/include/sm_60_atomic_functions.h:294:45: note: in expansion of macro '__DEF_IF_HOST'
  294 | int atomicXor_system(int *address, int val) __DEF_IF_HOST
      |                                             ^~~~~~~~~~~~~
/usr/local/cuda/include/sm_60_atomic_functions.h: In function 'long long int atomicXor_block(long long int*, long long int)':
/usr/local/cuda/include/sm_60_atomic_functions.h:77:25: warning: no return statement in function returning non-void [-Wreturn-type]
   77 | #define __DEF_IF_HOST { }
      |                         ^
/usr/local/cuda/include/sm_60_atomic_functions.h:297:62: note: in expansion of macro '__DEF_IF_HOST'
  297 | long long atomicXor_block(long long *address, long long val) __DEF_IF_HOST
      |                                                              ^~~~~~~~~~~~~
/usr/local/cuda/include/sm_60_atomic_functions.h: In function 'long long int atomicXor_system(long long int*, long long int)':
/usr/local/cuda/include/sm_60_atomic_functions.h:77:25: warning: no return statement in function returning non-void [-Wreturn-type]
   77 | #define __DEF_IF_HOST { }
      |                         ^
/usr/local/cuda/include/sm_60_atomic_functions.h:300:63: note: in expansion of macro '__DEF_IF_HOST'
  300 | long long atomicXor_system(long long *address, long long val) __DEF_IF_HOST
      |                                                               ^~~~~~~~~~~~~
/usr/local/cuda/include/sm_60_atomic_functions.h: In function 'unsigned int atomicXor_block(unsigned int*, unsigned int)':
/usr/local/cuda/include/sm_60_atomic_functions.h:77:25: warning: no return statement in function returning non-void [-Wreturn-type]
   77 | #define __DEF_IF_HOST { }
      |                         ^
/usr/local/cuda/include/sm_60_atomic_functions.h:303:71: note: in expansion of macro '__DEF_IF_HOST'
  303 | unsigned int atomicXor_block(unsigned int *address, unsigned int val) __DEF_IF_HOST
      |                                                                       ^~~~~~~~~~~~~
/usr/local/cuda/include/sm_60_atomic_functions.h: In function 'unsigned int atomicXor_system(unsigned int*, unsigned int)':
/usr/local/cuda/include/sm_60_atomic_functions.h:77:25: warning: no return statement in function returning non-void [-Wreturn-type]
   77 | #define __DEF_IF_HOST { }
      |                         ^
/usr/local/cuda/include/sm_60_atomic_functions.h:306:72: note: in expansion of macro '__DEF_IF_HOST'
  306 | unsigned int atomicXor_system(unsigned int *address, unsigned int val) __DEF_IF_HOST
      |                                                                        ^~~~~~~~~~~~~
/usr/local/cuda/include/sm_60_atomic_functions.h: In function 'long long unsigned int atomicXor_block(long long unsigned int*, long long unsigned int)':
/usr/local/cuda/include/sm_60_atomic_functions.h:77:25: warning: no return statement in function returning non-void [-Wreturn-type]
   77 | #define __DEF_IF_HOST { }
      |                         ^
/usr/local/cuda/include/sm_60_atomic_functions.h:309:89: note: in expansion of macro '__DEF_IF_HOST'
  309 | unsigned long long atomicXor_block(unsigned long long *address, unsigned long long val) __DEF_IF_HOST
      |                                                                                         ^~~~~~~~~~~~~
/usr/local/cuda/include/sm_60_atomic_functions.h: In function 'long long unsigned int atomicXor_system(long long unsigned int*, long long unsigned int)':
/usr/local/cuda/include/sm_60_atomic_functions.h:77:25: warning: no return statement in function returning non-void [-Wreturn-type]
   77 | #define __DEF_IF_HOST { }
      |                         ^
/usr/local/cuda/include/sm_60_atomic_functions.h:312:90: note: in expansion of macro '__DEF_IF_HOST'
  312 | unsigned long long atomicXor_system(unsigned long long *address, unsigned long long val) __DEF_IF_HOST
      |                                                                                          ^~~~~~~~~~~~~
In file included from /usr/local/cuda/include/crt/device_functions.h:3621,
                 from /home/GVirtuS/GVirtuS/plugins/cudart/backend/CudaRtHandler.h:71,
                 from /home/GVirtuS/GVirtuS/plugins/cudart/backend/CudaRtHandler_opengl.cpp:26:
/usr/local/cuda/include/sm_20_intrinsics.h: In function 'unsigned int ballot(bool)':
/usr/local/cuda/include/sm_20_intrinsics.h:75:25: warning: no return statement in function returning non-void [-Wreturn-type]
   75 | #define __DEF_IF_HOST { }
      |                         ^
/usr/local/cuda/include/sm_20_intrinsics.h:1522:110: note: in expansion of macro '__DEF_IF_HOST'
 1522 | __SM_20_INTRINSICS_DECL__ __DEPRECATED__(__WSB_DEPRECATION_MESSAGE(__ballot)) unsigned int ballot(bool pred) __DEF_IF_HOST
      |                                                                                                              ^~~~~~~~~~~~~
/usr/local/cuda/include/sm_20_intrinsics.h: In function 'int syncthreads_count(bool)':
/usr/local/cuda/include/sm_20_intrinsics.h:75:25: warning: no return statement in function returning non-void [-Wreturn-type]
   75 | #define __DEF_IF_HOST { }
      |                         ^
/usr/local/cuda/include/sm_20_intrinsics.h:1524:60: note: in expansion of macro '__DEF_IF_HOST'
 1524 | __SM_20_INTRINSICS_DECL__ int syncthreads_count(bool pred) __DEF_IF_HOST
      |                                                            ^~~~~~~~~~~~~
/usr/local/cuda/include/sm_20_intrinsics.h: In function 'bool syncthreads_and(bool)':
/usr/local/cuda/include/sm_20_intrinsics.h:75:25: warning: no return statement in function returning non-void [-Wreturn-type]
   75 | #define __DEF_IF_HOST { }
      |                         ^
/usr/local/cuda/include/sm_20_intrinsics.h:1526:59: note: in expansion of macro '__DEF_IF_HOST'
 1526 | __SM_20_INTRINSICS_DECL__ bool syncthreads_and(bool pred) __DEF_IF_HOST
      |                                                           ^~~~~~~~~~~~~
/usr/local/cuda/include/sm_20_intrinsics.h: In function 'bool syncthreads_or(bool)':
/usr/local/cuda/include/sm_20_intrinsics.h:75:25: warning: no return statement in function returning non-void [-Wreturn-type]
   75 | #define __DEF_IF_HOST { }
      |                         ^
/usr/local/cuda/include/sm_20_intrinsics.h:1528:58: note: in expansion of macro '__DEF_IF_HOST'
 1528 | __SM_20_INTRINSICS_DECL__ bool syncthreads_or(bool pred) __DEF_IF_HOST
      |                                                          ^~~~~~~~~~~~~
/usr/local/cuda/include/sm_20_intrinsics.h: In function 'unsigned int __isGlobal(const void*)':
/usr/local/cuda/include/sm_20_intrinsics.h:75:25: warning: no return statement in function returning non-void [-Wreturn-type]
   75 | #define __DEF_IF_HOST { }
      |                         ^
/usr/local/cuda/include/sm_20_intrinsics.h:1533:68: note: in expansion of macro '__DEF_IF_HOST'
 1533 | __SM_20_INTRINSICS_DECL__ unsigned int __isGlobal(const void *ptr) __DEF_IF_HOST
      |                                                                    ^~~~~~~~~~~~~
/usr/local/cuda/include/sm_20_intrinsics.h: In function 'unsigned int __isShared(const void*)':
/usr/local/cuda/include/sm_20_intrinsics.h:75:25: warning: no return statement in function returning non-void [-Wreturn-type]
   75 | #define __DEF_IF_HOST { }
      |                         ^
/usr/local/cuda/include/sm_20_intrinsics.h:1534:68: note: in expansion of macro '__DEF_IF_HOST'
 1534 | __SM_20_INTRINSICS_DECL__ unsigned int __isShared(const void *ptr) __DEF_IF_HOST
      |                                                                    ^~~~~~~~~~~~~
/usr/local/cuda/include/sm_20_intrinsics.h: In function 'unsigned int __isConstant(const void*)':
/usr/local/cuda/include/sm_20_intrinsics.h:75:25: warning: no return statement in function returning non-void [-Wreturn-type]
   75 | #define __DEF_IF_HOST { }
      |                         ^
/usr/local/cuda/include/sm_20_intrinsics.h:1535:70: note: in expansion of macro '__DEF_IF_HOST'
 1535 | __SM_20_INTRINSICS_DECL__ unsigned int __isConstant(const void *ptr) __DEF_IF_HOST
      |                                                                      ^~~~~~~~~~~~~
/usr/local/cuda/include/sm_20_intrinsics.h: In function 'unsigned int __isLocal(const void*)':
/usr/local/cuda/include/sm_20_intrinsics.h:75:25: warning: no return statement in function returning non-void [-Wreturn-type]
   75 | #define __DEF_IF_HOST { }
      |                         ^
/usr/local/cuda/include/sm_20_intrinsics.h:1536:67: note: in expansion of macro '__DEF_IF_HOST'
 1536 | __SM_20_INTRINSICS_DECL__ unsigned int __isLocal(const void *ptr) __DEF_IF_HOST
      |                                                                   ^~~~~~~~~~~~~
/usr/local/cuda/include/sm_20_intrinsics.h: In function 'unsigned int __isGridConstant(const void*)':
/usr/local/cuda/include/sm_20_intrinsics.h:75:25: warning: no return statement in function returning non-void [-Wreturn-type]
   75 | #define __DEF_IF_HOST { }
      |                         ^
/usr/local/cuda/include/sm_20_intrinsics.h:1538:74: note: in expansion of macro '__DEF_IF_HOST'
 1538 | __SM_20_INTRINSICS_DECL__ unsigned int __isGridConstant(const void *ptr) __DEF_IF_HOST
      |                                                                          ^~~~~~~~~~~~~
/usr/local/cuda/include/sm_20_intrinsics.h: In function 'size_t __cvta_generic_to_global(const void*)':
/usr/local/cuda/include/sm_20_intrinsics.h:75:25: warning: no return statement in function returning non-void [-Wreturn-type]
   75 | #define __DEF_IF_HOST { }
      |                         ^
/usr/local/cuda/include/sm_20_intrinsics.h:1540:76: note: in expansion of macro '__DEF_IF_HOST'
 1540 | __SM_20_INTRINSICS_DECL__ size_t __cvta_generic_to_global(const void *ptr) __DEF_IF_HOST
      |                                                                            ^~~~~~~~~~~~~
/usr/local/cuda/include/sm_20_intrinsics.h: In function 'size_t __cvta_generic_to_shared(const void*)':
/usr/local/cuda/include/sm_20_intrinsics.h:75:25: warning: no return statement in function returning non-void [-Wreturn-type]
   75 | #define __DEF_IF_HOST { }
      |                         ^
/usr/local/cuda/include/sm_20_intrinsics.h:1541:76: note: in expansion of macro '__DEF_IF_HOST'
 1541 | __SM_20_INTRINSICS_DECL__ size_t __cvta_generic_to_shared(const void *ptr) __DEF_IF_HOST
      |                                                                            ^~~~~~~~~~~~~
/usr/local/cuda/include/sm_20_intrinsics.h: In function 'size_t __cvta_generic_to_constant(const void*)':
/usr/local/cuda/include/sm_20_intrinsics.h:75:25: warning: no return statement in function returning non-void [-Wreturn-type]
   75 | #define __DEF_IF_HOST { }
      |                         ^
/usr/local/cuda/include/sm_20_intrinsics.h:1542:78: note: in expansion of macro '__DEF_IF_HOST'
 1542 | __SM_20_INTRINSICS_DECL__ size_t __cvta_generic_to_constant(const void *ptr) __DEF_IF_HOST
      |                                                                              ^~~~~~~~~~~~~
/usr/local/cuda/include/sm_20_intrinsics.h: In function 'size_t __cvta_generic_to_local(const void*)':
/usr/local/cuda/include/sm_20_intrinsics.h:75:25: warning: no return statement in function returning non-void [-Wreturn-type]
   75 | #define __DEF_IF_HOST { }
      |                         ^
/usr/local/cuda/include/sm_20_intrinsics.h:1543:75: note: in expansion of macro '__DEF_IF_HOST'
 1543 | __SM_20_INTRINSICS_DECL__ size_t __cvta_generic_to_local(const void *ptr) __DEF_IF_HOST
      |                                                                           ^~~~~~~~~~~~~
/usr/local/cuda/include/sm_20_intrinsics.h: In function 'size_t __cvta_generic_to_grid_constant(const void*)':
/usr/local/cuda/include/sm_20_intrinsics.h:75:25: warning: no return statement in function returning non-void [-Wreturn-type]
   75 | #define __DEF_IF_HOST { }
      |                         ^
/usr/local/cuda/include/sm_20_intrinsics.h:1545:83: note: in expansion of macro '__DEF_IF_HOST'
 1545 | __SM_20_INTRINSICS_DECL__ size_t __cvta_generic_to_grid_constant(const void *ptr) __DEF_IF_HOST
      |                                                                                   ^~~~~~~~~~~~~
/usr/local/cuda/include/sm_20_intrinsics.h: In function 'void* __cvta_global_to_generic(size_t)':
/usr/local/cuda/include/sm_20_intrinsics.h:75:25: warning: no return statement in function returning non-void [-Wreturn-type]
   75 | #define __DEF_IF_HOST { }
      |                         ^
/usr/local/cuda/include/sm_20_intrinsics.h:1548:75: note: in expansion of macro '__DEF_IF_HOST'
 1548 | __SM_20_INTRINSICS_DECL__ void * __cvta_global_to_generic(size_t rawbits) __DEF_IF_HOST
      |                                                                           ^~~~~~~~~~~~~
/usr/local/cuda/include/sm_20_intrinsics.h: In function 'void* __cvta_shared_to_generic(size_t)':
/usr/local/cuda/include/sm_20_intrinsics.h:75:25: warning: no return statement in function returning non-void [-Wreturn-type]
   75 | #define __DEF_IF_HOST { }
      |                         ^
/usr/local/cuda/include/sm_20_intrinsics.h:1549:75: note: in expansion of macro '__DEF_IF_HOST'
 1549 | __SM_20_INTRINSICS_DECL__ void * __cvta_shared_to_generic(size_t rawbits) __DEF_IF_HOST
      |                                                                           ^~~~~~~~~~~~~
/usr/local/cuda/include/sm_20_intrinsics.h: In function 'void* __cvta_constant_to_generic(size_t)':
/usr/local/cuda/include/sm_20_intrinsics.h:75:25: warning: no return statement in function returning non-void [-Wreturn-type]
   75 | #define __DEF_IF_HOST { }
      |                         ^
/usr/local/cuda/include/sm_20_intrinsics.h:1550:77: note: in expansion of macro '__DEF_IF_HOST'
 1550 | __SM_20_INTRINSICS_DECL__ void * __cvta_constant_to_generic(size_t rawbits) __DEF_IF_HOST
      |                                                                             ^~~~~~~~~~~~~
/usr/local/cuda/include/sm_20_intrinsics.h: In function 'void* __cvta_local_to_generic(size_t)':
/usr/local/cuda/include/sm_20_intrinsics.h:75:25: warning: no return statement in function returning non-void [-Wreturn-type]
   75 | #define __DEF_IF_HOST { }
      |                         ^
/usr/local/cuda/include/sm_20_intrinsics.h:1551:74: note: in expansion of macro '__DEF_IF_HOST'
 1551 | __SM_20_INTRINSICS_DECL__ void * __cvta_local_to_generic(size_t rawbits) __DEF_IF_HOST
      |                                                                          ^~~~~~~~~~~~~
/usr/local/cuda/include/sm_20_intrinsics.h: In function 'void* __cvta_grid_constant_to_generic(size_t)':
/usr/local/cuda/include/sm_20_intrinsics.h:75:25: warning: no return statement in function returning non-void [-Wreturn-type]
   75 | #define __DEF_IF_HOST { }
      |                         ^
/usr/local/cuda/include/sm_20_intrinsics.h:1553:82: note: in expansion of macro '__DEF_IF_HOST'
 1553 | __SM_20_INTRINSICS_DECL__ void * __cvta_grid_constant_to_generic(size_t rawbits) __DEF_IF_HOST
      |                                                                                  ^~~~~~~~~~~~~
In file included from /usr/local/cuda/include/crt/device_functions.h:3622,
                 from /home/GVirtuS/GVirtuS/plugins/cudart/backend/CudaRtHandler.h:71,
                 from /home/GVirtuS/GVirtuS/plugins/cudart/backend/CudaRtHandler_opengl.cpp:26:
/usr/local/cuda/include/sm_30_intrinsics.h: In function 'unsigned int __fns(unsigned int, unsigned int, int)':
/usr/local/cuda/include/sm_30_intrinsics.h:76:25: warning: no return statement in function returning non-void [-Wreturn-type]
   76 | #define __DEF_IF_HOST { }
      |                         ^
/usr/local/cuda/include/sm_30_intrinsics.h:123:85: note: in expansion of macro '__DEF_IF_HOST'
  123 | __SM_30_INTRINSICS_DECL__ unsigned  __fns(unsigned mask, unsigned base, int offset) __DEF_IF_HOST
      |                                                                                     ^~~~~~~~~~~~~
/usr/local/cuda/include/sm_30_intrinsics.h: In function 'int __all_sync(unsigned int, int)':
/usr/local/cuda/include/sm_30_intrinsics.h:76:25: warning: no return statement in function returning non-void [-Wreturn-type]
   76 | #define __DEF_IF_HOST { }
      |                         ^
/usr/local/cuda/include/sm_30_intrinsics.h:127:67: note: in expansion of macro '__DEF_IF_HOST'
  127 | __SM_30_INTRINSICS_DECL__ int __all_sync(unsigned mask, int pred) __DEF_IF_HOST
      |                                                                   ^~~~~~~~~~~~~
/usr/local/cuda/include/sm_30_intrinsics.h: In function 'int __any_sync(unsigned int, int)':
/usr/local/cuda/include/sm_30_intrinsics.h:76:25: warning: no return statement in function returning non-void [-Wreturn-type]
   76 | #define __DEF_IF_HOST { }
      |                         ^
/usr/local/cuda/include/sm_30_intrinsics.h:128:67: note: in expansion of macro '__DEF_IF_HOST'
  128 | __SM_30_INTRINSICS_DECL__ int __any_sync(unsigned mask, int pred) __DEF_IF_HOST
      |                                                                   ^~~~~~~~~~~~~
/usr/local/cuda/include/sm_30_intrinsics.h: In function 'int __uni_sync(unsigned int, int)':
/usr/local/cuda/include/sm_30_intrinsics.h:76:25: warning: no return statement in function returning non-void [-Wreturn-type]
   76 | #define __DEF_IF_HOST { }
      |                         ^
/usr/local/cuda/include/sm_30_intrinsics.h:129:67: note: in expansion of macro '__DEF_IF_HOST'
  129 | __SM_30_INTRINSICS_DECL__ int __uni_sync(unsigned mask, int pred) __DEF_IF_HOST
      |                                                                   ^~~~~~~~~~~~~
/usr/local/cuda/include/sm_30_intrinsics.h: In function 'unsigned int __ballot_sync(unsigned int, int)':
/usr/local/cuda/include/sm_30_intrinsics.h:76:25: warning: no return statement in function returning non-void [-Wreturn-type]
   76 | #define __DEF_IF_HOST { }
      |                         ^
/usr/local/cuda/include/sm_30_intrinsics.h:130:75: note: in expansion of macro '__DEF_IF_HOST'
  130 | __SM_30_INTRINSICS_DECL__ unsigned __ballot_sync(unsigned mask, int pred) __DEF_IF_HOST
      |                                                                           ^~~~~~~~~~~~~
/usr/local/cuda/include/sm_30_intrinsics.h: In function 'unsigned int __activemask()':
/usr/local/cuda/include/sm_30_intrinsics.h:76:25: warning: no return statement in function returning non-void [-Wreturn-type]
   76 | #define __DEF_IF_HOST { }
      |                         ^
/usr/local/cuda/include/sm_30_intrinsics.h:131:51: note: in expansion of macro '__DEF_IF_HOST'
  131 | __SM_30_INTRINSICS_DECL__ unsigned __activemask() __DEF_IF_HOST
      |                                                   ^~~~~~~~~~~~~
/usr/local/cuda/include/sm_30_intrinsics.h: In function 'int __shfl(int, int, int)':
/usr/local/cuda/include/sm_30_intrinsics.h:76:25: warning: no return statement in function returning non-void [-Wreturn-type]
   76 | #define __DEF_IF_HOST { }
      |                         ^
/usr/local/cuda/include/sm_30_intrinsics.h:140:130: note: in expansion of macro '__DEF_IF_HOST'
  140 | __SM_30_INTRINSICS_DECL__ __DEPRECATED__(__WSB_DEPRECATION_MESSAGE(__shfl)) int __shfl(int var, int srcLane, int width=warpSize) __DEF_IF_HOST
      |                                                                                                                                  ^~~~~~~~~~~~~
/usr/local/cuda/include/sm_30_intrinsics.h: In function 'unsigned int __shfl(unsigned int, int, int)':
/usr/local/cuda/include/sm_30_intrinsics.h:76:25: warning: no return statement in function returning non-void [-Wreturn-type]
   76 | #define __DEF_IF_HOST { }
      |                         ^
/usr/local/cuda/include/sm_30_intrinsics.h:141:148: note: in expansion of macro '__DEF_IF_HOST'
  141 | __SM_30_INTRINSICS_DECL__ __DEPRECATED__(__WSB_DEPRECATION_MESSAGE(__shfl)) unsigned int __shfl(unsigned int var, int srcLane, int width=warpSize) __DEF_IF_HOST
      |                                                                                                                                                    ^~~~~~~~~~~~~
/usr/local/cuda/include/sm_30_intrinsics.h: In function 'int __shfl_up(int, unsigned int, int)':
/usr/local/cuda/include/sm_30_intrinsics.h:76:25: warning: no return statement in function returning non-void [-Wreturn-type]
   76 | #define __DEF_IF_HOST { }
      |                         ^
/usr/local/cuda/include/sm_30_intrinsics.h:142:143: note: in expansion of macro '__DEF_IF_HOST'
  142 | __SM_30_INTRINSICS_DECL__ __DEPRECATED__(__WSB_DEPRECATION_MESSAGE(__shfl_up)) int __shfl_up(int var, unsigned int delta, int width=warpSize) __DEF_IF_HOST
      |                                                                                                                                               ^~~~~~~~~~~~~
/usr/local/cuda/include/sm_30_intrinsics.h: In function 'unsigned int __shfl_up(unsigned int, unsigned int, int)':
/usr/local/cuda/include/sm_30_intrinsics.h:76:25: warning: no return statement in function returning non-void [-Wreturn-type]
   76 | #define __DEF_IF_HOST { }
      |                         ^
/usr/local/cuda/include/sm_30_intrinsics.h:143:161: note: in expansion of macro '__DEF_IF_HOST'
  143 | __SM_30_INTRINSICS_DECL__ __DEPRECATED__(__WSB_DEPRECATION_MESSAGE(__shfl_up)) unsigned int __shfl_up(unsigned int var, unsigned int delta, int width=warpSize) __DEF_IF_HOST
      |                                                                                                                                                                 ^~~~~~~~~~~~~
/usr/local/cuda/include/sm_30_intrinsics.h: In function 'int __shfl_down(int, unsigned int, int)':
/usr/local/cuda/include/sm_30_intrinsics.h:76:25: warning: no return statement in function returning non-void [-Wreturn-type]
   76 | #define __DEF_IF_HOST { }
      |                         ^
/usr/local/cuda/include/sm_30_intrinsics.h:144:147: note: in expansion of macro '__DEF_IF_HOST'
  144 | __SM_30_INTRINSICS_DECL__ __DEPRECATED__(__WSB_DEPRECATION_MESSAGE(__shfl_down)) int __shfl_down(int var, unsigned int delta, int width=warpSize) __DEF_IF_HOST
      |                                                                                                                                                   ^~~~~~~~~~~~~
/usr/local/cuda/include/sm_30_intrinsics.h: In function 'unsigned int __shfl_down(unsigned int, unsigned int, int)':
/usr/local/cuda/include/sm_30_intrinsics.h:76:25: warning: no return statement in function returning non-void [-Wreturn-type]
   76 | #define __DEF_IF_HOST { }
      |                         ^
/usr/local/cuda/include/sm_30_intrinsics.h:145:165: note: in expansion of macro '__DEF_IF_HOST'
  145 | __SM_30_INTRINSICS_DECL__ __DEPRECATED__(__WSB_DEPRECATION_MESSAGE(__shfl_down)) unsigned int __shfl_down(unsigned int var, unsigned int delta, int width=warpSize) __DEF_IF_HOST
      |                                                                                                                                                                     ^~~~~~~~~~~~~
/usr/local/cuda/include/sm_30_intrinsics.h: In function 'int __shfl_xor(int, int, int)':
/usr/local/cuda/include/sm_30_intrinsics.h:76:25: warning: no return statement in function returning non-void [-Wreturn-type]
   76 | #define __DEF_IF_HOST { }
      |                         ^
/usr/local/cuda/include/sm_30_intrinsics.h:146:139: note: in expansion of macro '__DEF_IF_HOST'
  146 | __SM_30_INTRINSICS_DECL__ __DEPRECATED__(__WSB_DEPRECATION_MESSAGE(__shfl_xor)) int __shfl_xor(int var, int laneMask, int width=warpSize) __DEF_IF_HOST
      |                                                                                                                                           ^~~~~~~~~~~~~
/usr/local/cuda/include/sm_30_intrinsics.h: In function 'unsigned int __shfl_xor(unsigned int, int, int)':
/usr/local/cuda/include/sm_30_intrinsics.h:76:25: warning: no return statement in function returning non-void [-Wreturn-type]
   76 | #define __DEF_IF_HOST { }
      |                         ^
/usr/local/cuda/include/sm_30_intrinsics.h:147:157: note: in expansion of macro '__DEF_IF_HOST'
  147 | __SM_30_INTRINSICS_DECL__ __DEPRECATED__(__WSB_DEPRECATION_MESSAGE(__shfl_xor)) unsigned int __shfl_xor(unsigned int var, int laneMask, int width=warpSize) __DEF_IF_HOST
      |                                                                                                                                                             ^~~~~~~~~~~~~
/usr/local/cuda/include/sm_30_intrinsics.h: In function 'float __shfl(float, int, int)':
/usr/local/cuda/include/sm_30_intrinsics.h:76:25: warning: no return statement in function returning non-void [-Wreturn-type]
   76 | #define __DEF_IF_HOST { }
      |                         ^
/usr/local/cuda/include/sm_30_intrinsics.h:148:134: note: in expansion of macro '__DEF_IF_HOST'
  148 | __SM_30_INTRINSICS_DECL__ __DEPRECATED__(__WSB_DEPRECATION_MESSAGE(__shfl)) float __shfl(float var, int srcLane, int width=warpSize) __DEF_IF_HOST
      |                                                                                                                                      ^~~~~~~~~~~~~
/usr/local/cuda/include/sm_30_intrinsics.h: In function 'float __shfl_up(float, unsigned int, int)':
/usr/local/cuda/include/sm_30_intrinsics.h:76:25: warning: no return statement in function returning non-void [-Wreturn-type]
   76 | #define __DEF_IF_HOST { }
      |                         ^
/usr/local/cuda/include/sm_30_intrinsics.h:149:147: note: in expansion of macro '__DEF_IF_HOST'
  149 | __SM_30_INTRINSICS_DECL__ __DEPRECATED__(__WSB_DEPRECATION_MESSAGE(__shfl_up)) float __shfl_up(float var, unsigned int delta, int width=warpSize) __DEF_IF_HOST
      |                                                                                                                                                   ^~~~~~~~~~~~~
/usr/local/cuda/include/sm_30_intrinsics.h: In function 'float __shfl_down(float, unsigned int, int)':
/usr/local/cuda/include/sm_30_intrinsics.h:76:25: warning: no return statement in function returning non-void [-Wreturn-type]
   76 | #define __DEF_IF_HOST { }
      |                         ^
/usr/local/cuda/include/sm_30_intrinsics.h:150:151: note: in expansion of macro '__DEF_IF_HOST'
  150 | __SM_30_INTRINSICS_DECL__ __DEPRECATED__(__WSB_DEPRECATION_MESSAGE(__shfl_down)) float __shfl_down(float var, unsigned int delta, int width=warpSize) __DEF_IF_HOST
      |                                                                                                                                                       ^~~~~~~~~~~~~
/usr/local/cuda/include/sm_30_intrinsics.h: In function 'float __shfl_xor(float, int, int)':
/usr/local/cuda/include/sm_30_intrinsics.h:76:25: warning: no return statement in function returning non-void [-Wreturn-type]
   76 | #define __DEF_IF_HOST { }
      |                         ^
/usr/local/cuda/include/sm_30_intrinsics.h:151:143: note: in expansion of macro '__DEF_IF_HOST'
  151 | __SM_30_INTRINSICS_DECL__ __DEPRECATED__(__WSB_DEPRECATION_MESSAGE(__shfl_xor)) float __shfl_xor(float var, int laneMask, int width=warpSize) __DEF_IF_HOST
      |                                                                                                                                               ^~~~~~~~~~~~~
/usr/local/cuda/include/sm_30_intrinsics.h: In function 'int __shfl_sync(unsigned int, int, int, int)':
/usr/local/cuda/include/sm_30_intrinsics.h:76:25: warning: no return statement in function returning non-void [-Wreturn-type]
   76 | #define __DEF_IF_HOST { }
      |                         ^
/usr/local/cuda/include/sm_30_intrinsics.h:154:100: note: in expansion of macro '__DEF_IF_HOST'
  154 | __SM_30_INTRINSICS_DECL__ int __shfl_sync(unsigned mask, int var, int srcLane, int width=warpSize) __DEF_IF_HOST
      |                                                                                                    ^~~~~~~~~~~~~
/usr/local/cuda/include/sm_30_intrinsics.h: In function 'unsigned int __shfl_sync(unsigned int, unsigned int, int, int)':
/usr/local/cuda/include/sm_30_intrinsics.h:76:25: warning: no return statement in function returning non-void [-Wreturn-type]
   76 | #define __DEF_IF_HOST { }
      |                         ^
/usr/local/cuda/include/sm_30_intrinsics.h:155:118: note: in expansion of macro '__DEF_IF_HOST'
  155 | __SM_30_INTRINSICS_DECL__ unsigned int __shfl_sync(unsigned mask, unsigned int var, int srcLane, int width=warpSize) __DEF_IF_HOST
      |                                                                                                                      ^~~~~~~~~~~~~
/usr/local/cuda/include/sm_30_intrinsics.h: In function 'int __shfl_up_sync(unsigned int, int, unsigned int, int)':
/usr/local/cuda/include/sm_30_intrinsics.h:76:25: warning: no return statement in function returning non-void [-Wreturn-type]
   76 | #define __DEF_IF_HOST { }
      |                         ^
/usr/local/cuda/include/sm_30_intrinsics.h:156:110: note: in expansion of macro '__DEF_IF_HOST'
  156 | __SM_30_INTRINSICS_DECL__ int __shfl_up_sync(unsigned mask, int var, unsigned int delta, int width=warpSize) __DEF_IF_HOST
      |                                                                                                              ^~~~~~~~~~~~~
/usr/local/cuda/include/sm_30_intrinsics.h: In function 'unsigned int __shfl_up_sync(unsigned int, unsigned int, unsigned int, int)':
/usr/local/cuda/include/sm_30_intrinsics.h:76:25: warning: no return statement in function returning non-void [-Wreturn-type]
   76 | #define __DEF_IF_HOST { }
      |                         ^
/usr/local/cuda/include/sm_30_intrinsics.h:157:128: note: in expansion of macro '__DEF_IF_HOST'
  157 | __SM_30_INTRINSICS_DECL__ unsigned int __shfl_up_sync(unsigned mask, unsigned int var, unsigned int delta, int width=warpSize) __DEF_IF_HOST
      |                                                                                                                                ^~~~~~~~~~~~~
/usr/local/cuda/include/sm_30_intrinsics.h: In function 'int __shfl_down_sync(unsigned int, int, unsigned int, int)':
/usr/local/cuda/include/sm_30_intrinsics.h:76:25: warning: no return statement in function returning non-void [-Wreturn-type]
   76 | #define __DEF_IF_HOST { }
      |                         ^
/usr/local/cuda/include/sm_30_intrinsics.h:158:112: note: in expansion of macro '__DEF_IF_HOST'
  158 | __SM_30_INTRINSICS_DECL__ int __shfl_down_sync(unsigned mask, int var, unsigned int delta, int width=warpSize) __DEF_IF_HOST
      |                                                                                                                ^~~~~~~~~~~~~
/usr/local/cuda/include/sm_30_intrinsics.h: In function 'unsigned int __shfl_down_sync(unsigned int, unsigned int, unsigned int, int)':
/usr/local/cuda/include/sm_30_intrinsics.h:76:25: warning: no return statement in function returning non-void [-Wreturn-type]
   76 | #define __DEF_IF_HOST { }
      |                         ^
/usr/local/cuda/include/sm_30_intrinsics.h:159:130: note: in expansion of macro '__DEF_IF_HOST'
  159 | __SM_30_INTRINSICS_DECL__ unsigned int __shfl_down_sync(unsigned mask, unsigned int var, unsigned int delta, int width=warpSize) __DEF_IF_HOST
      |                                                                                                                                  ^~~~~~~~~~~~~
/usr/local/cuda/include/sm_30_intrinsics.h: In function 'int __shfl_xor_sync(unsigned int, int, int, int)':
/usr/local/cuda/include/sm_30_intrinsics.h:76:25: warning: no return statement in function returning non-void [-Wreturn-type]
   76 | #define __DEF_IF_HOST { }
      |                         ^
/usr/local/cuda/include/sm_30_intrinsics.h:160:105: note: in expansion of macro '__DEF_IF_HOST'
  160 | __SM_30_INTRINSICS_DECL__ int __shfl_xor_sync(unsigned mask, int var, int laneMask, int width=warpSize) __DEF_IF_HOST
      |                                                                                                         ^~~~~~~~~~~~~
/usr/local/cuda/include/sm_30_intrinsics.h: In function 'unsigned int __shfl_xor_sync(unsigned int, unsigned int, int, int)':
/usr/local/cuda/include/sm_30_intrinsics.h:76:25: warning: no return statement in function returning non-void [-Wreturn-type]
   76 | #define __DEF_IF_HOST { }
      |                         ^
/usr/local/cuda/include/sm_30_intrinsics.h:161:123: note: in expansion of macro '__DEF_IF_HOST'
  161 | __SM_30_INTRINSICS_DECL__ unsigned int __shfl_xor_sync(unsigned mask, unsigned int var, int laneMask, int width=warpSize) __DEF_IF_HOST
      |                                                                                                                           ^~~~~~~~~~~~~
/usr/local/cuda/include/sm_30_intrinsics.h: In function 'float __shfl_sync(unsigned int, float, int, int)':
/usr/local/cuda/include/sm_30_intrinsics.h:76:25: warning: no return statement in function returning non-void [-Wreturn-type]
   76 | #define __DEF_IF_HOST { }
      |                         ^
/usr/local/cuda/include/sm_30_intrinsics.h:162:104: note: in expansion of macro '__DEF_IF_HOST'
  162 | __SM_30_INTRINSICS_DECL__ float __shfl_sync(unsigned mask, float var, int srcLane, int width=warpSize) __DEF_IF_HOST
      |                                                                                                        ^~~~~~~~~~~~~
/usr/local/cuda/include/sm_30_intrinsics.h: In function 'float __shfl_up_sync(unsigned int, float, unsigned int, int)':
/usr/local/cuda/include/sm_30_intrinsics.h:76:25: warning: no return statement in function returning non-void [-Wreturn-type]
   76 | #define __DEF_IF_HOST { }
      |                         ^
/usr/local/cuda/include/sm_30_intrinsics.h:163:114: note: in expansion of macro '__DEF_IF_HOST'
  163 | __SM_30_INTRINSICS_DECL__ float __shfl_up_sync(unsigned mask, float var, unsigned int delta, int width=warpSize) __DEF_IF_HOST
      |                                                                                                                  ^~~~~~~~~~~~~
/usr/local/cuda/include/sm_30_intrinsics.h: In function 'float __shfl_down_sync(unsigned int, float, unsigned int, int)':
/usr/local/cuda/include/sm_30_intrinsics.h:76:25: warning: no return statement in function returning non-void [-Wreturn-type]
   76 | #define __DEF_IF_HOST { }
      |                         ^
/usr/local/cuda/include/sm_30_intrinsics.h:164:116: note: in expansion of macro '__DEF_IF_HOST'
  164 | __SM_30_INTRINSICS_DECL__ float __shfl_down_sync(unsigned mask, float var, unsigned int delta, int width=warpSize) __DEF_IF_HOST
      |                                                                                                                    ^~~~~~~~~~~~~
/usr/local/cuda/include/sm_30_intrinsics.h: In function 'float __shfl_xor_sync(unsigned int, float, int, int)':
/usr/local/cuda/include/sm_30_intrinsics.h:76:25: warning: no return statement in function returning non-void [-Wreturn-type]
   76 | #define __DEF_IF_HOST { }
      |                         ^
/usr/local/cuda/include/sm_30_intrinsics.h:165:109: note: in expansion of macro '__DEF_IF_HOST'
  165 | __SM_30_INTRINSICS_DECL__ float __shfl_xor_sync(unsigned mask, float var, int laneMask, int width=warpSize) __DEF_IF_HOST
      |                                                                                                             ^~~~~~~~~~~~~
/usr/local/cuda/include/sm_30_intrinsics.h: In function 'long long unsigned int __shfl(long long unsigned int, int, int)':
/usr/local/cuda/include/sm_30_intrinsics.h:76:25: warning: no return statement in function returning non-void [-Wreturn-type]
   76 | #define __DEF_IF_HOST { }
      |                         ^
/usr/local/cuda/include/sm_30_intrinsics.h:169:160: note: in expansion of macro '__DEF_IF_HOST'
  169 | __SM_30_INTRINSICS_DECL__ __DEPRECATED__(__WSB_DEPRECATION_MESSAGE(__shfl)) unsigned long long __shfl(unsigned long long var, int srcLane, int width=warpSize) __DEF_IF_HOST
      |                                                                                                                                                                ^~~~~~~~~~~~~
/usr/local/cuda/include/sm_30_intrinsics.h: In function 'long long int __shfl(long long int, int, int)':
/usr/local/cuda/include/sm_30_intrinsics.h:76:25: warning: no return statement in function returning non-void [-Wreturn-type]
   76 | #define __DEF_IF_HOST { }
      |                         ^
/usr/local/cuda/include/sm_30_intrinsics.h:170:142: note: in expansion of macro '__DEF_IF_HOST'
  170 | __SM_30_INTRINSICS_DECL__ __DEPRECATED__(__WSB_DEPRECATION_MESSAGE(__shfl)) long long __shfl(long long var, int srcLane, int width=warpSize) __DEF_IF_HOST
      |                                                                                                                                              ^~~~~~~~~~~~~
/usr/local/cuda/include/sm_30_intrinsics.h: In function 'long long int __shfl_up(long long int, unsigned int, int)':
/usr/local/cuda/include/sm_30_intrinsics.h:76:25: warning: no return statement in function returning non-void [-Wreturn-type]
   76 | #define __DEF_IF_HOST { }
      |                         ^
/usr/local/cuda/include/sm_30_intrinsics.h:171:155: note: in expansion of macro '__DEF_IF_HOST'
  171 | __SM_30_INTRINSICS_DECL__ __DEPRECATED__(__WSB_DEPRECATION_MESSAGE(__shfl_up)) long long __shfl_up(long long var, unsigned int delta, int width=warpSize) __DEF_IF_HOST
      |                                                                                                                                                           ^~~~~~~~~~~~~
/usr/local/cuda/include/sm_30_intrinsics.h: In function 'long long unsigned int __shfl_up(long long unsigned int, unsigned int, int)':
/usr/local/cuda/include/sm_30_intrinsics.h:76:25: warning: no return statement in function returning non-void [-Wreturn-type]
   76 | #define __DEF_IF_HOST { }
      |                         ^
/usr/local/cuda/include/sm_30_intrinsics.h:172:173: note: in expansion of macro '__DEF_IF_HOST'
  172 | __SM_30_INTRINSICS_DECL__ __DEPRECATED__(__WSB_DEPRECATION_MESSAGE(__shfl_up)) unsigned long long __shfl_up(unsigned long long var, unsigned int delta, int width=warpSize) __DEF_IF_HOST
      |                                                                                                                                                                             ^~~~~~~~~~~~~
/usr/local/cuda/include/sm_30_intrinsics.h: In function 'long long int __shfl_down(long long int, unsigned int, int)':
/usr/local/cuda/include/sm_30_intrinsics.h:76:25: warning: no return statement in function returning non-void [-Wreturn-type]
   76 | #define __DEF_IF_HOST { }
      |                         ^
/usr/local/cuda/include/sm_30_intrinsics.h:173:159: note: in expansion of macro '__DEF_IF_HOST'
  173 | __SM_30_INTRINSICS_DECL__ __DEPRECATED__(__WSB_DEPRECATION_MESSAGE(__shfl_down)) long long __shfl_down(long long var, unsigned int delta, int width=warpSize) __DEF_IF_HOST
      |                                                                                                                                                               ^~~~~~~~~~~~~
/usr/local/cuda/include/sm_30_intrinsics.h: In function 'long long unsigned int __shfl_down(long long unsigned int, unsigned int, int)':
/usr/local/cuda/include/sm_30_intrinsics.h:76:25: warning: no return statement in function returning non-void [-Wreturn-type]
   76 | #define __DEF_IF_HOST { }
      |                         ^
/usr/local/cuda/include/sm_30_intrinsics.h:174:177: note: in expansion of macro '__DEF_IF_HOST'
  174 | __SM_30_INTRINSICS_DECL__ __DEPRECATED__(__WSB_DEPRECATION_MESSAGE(__shfl_down)) unsigned long long __shfl_down(unsigned long long var, unsigned int delta, int width=warpSize) __DEF_IF_HOST
      |                                                                                                                                                                                 ^~~~~~~~~~~~~
/usr/local/cuda/include/sm_30_intrinsics.h: In function 'long long int __shfl_xor(long long int, int, int)':
/usr/local/cuda/include/sm_30_intrinsics.h:76:25: warning: no return statement in function returning non-void [-Wreturn-type]
   76 | #define __DEF_IF_HOST { }
      |                         ^
/usr/local/cuda/include/sm_30_intrinsics.h:175:151: note: in expansion of macro '__DEF_IF_HOST'
  175 | __SM_30_INTRINSICS_DECL__ __DEPRECATED__(__WSB_DEPRECATION_MESSAGE(__shfl_xor)) long long __shfl_xor(long long var, int laneMask, int width=warpSize) __DEF_IF_HOST
      |                                                                                                                                                       ^~~~~~~~~~~~~
/usr/local/cuda/include/sm_30_intrinsics.h: In function 'long long unsigned int __shfl_xor(long long unsigned int, int, int)':
/usr/local/cuda/include/sm_30_intrinsics.h:76:25: warning: no return statement in function returning non-void [-Wreturn-type]
   76 | #define __DEF_IF_HOST { }
      |                         ^
/usr/local/cuda/include/sm_30_intrinsics.h:176:169: note: in expansion of macro '__DEF_IF_HOST'
  176 | __SM_30_INTRINSICS_DECL__ __DEPRECATED__(__WSB_DEPRECATION_MESSAGE(__shfl_xor)) unsigned long long __shfl_xor(unsigned long long var, int laneMask, int width=warpSize) __DEF_IF_HOST
      |                                                                                                                                                                         ^~~~~~~~~~~~~
/usr/local/cuda/include/sm_30_intrinsics.h: In function 'double __shfl(double, int, int)':
/usr/local/cuda/include/sm_30_intrinsics.h:76:25: warning: no return statement in function returning non-void [-Wreturn-type]
   76 | #define __DEF_IF_HOST { }
      |                         ^
/usr/local/cuda/include/sm_30_intrinsics.h:177:136: note: in expansion of macro '__DEF_IF_HOST'
  177 | __SM_30_INTRINSICS_DECL__ __DEPRECATED__(__WSB_DEPRECATION_MESSAGE(__shfl)) double __shfl(double var, int srcLane, int width=warpSize) __DEF_IF_HOST
      |                                                                                                                                        ^~~~~~~~~~~~~
/usr/local/cuda/include/sm_30_intrinsics.h: In function 'double __shfl_up(double, unsigned int, int)':
/usr/local/cuda/include/sm_30_intrinsics.h:76:25: warning: no return statement in function returning non-void [-Wreturn-type]
   76 | #define __DEF_IF_HOST { }
      |                         ^
/usr/local/cuda/include/sm_30_intrinsics.h:178:149: note: in expansion of macro '__DEF_IF_HOST'
  178 | __SM_30_INTRINSICS_DECL__ __DEPRECATED__(__WSB_DEPRECATION_MESSAGE(__shfl_up)) double __shfl_up(double var, unsigned int delta, int width=warpSize) __DEF_IF_HOST
      |                                                                                                                                                     ^~~~~~~~~~~~~
/usr/local/cuda/include/sm_30_intrinsics.h: In function 'double __shfl_down(double, unsigned int, int)':
/usr/local/cuda/include/sm_30_intrinsics.h:76:25: warning: no return statement in function returning non-void [-Wreturn-type]
   76 | #define __DEF_IF_HOST { }
      |                         ^
/usr/local/cuda/include/sm_30_intrinsics.h:179:153: note: in expansion of macro '__DEF_IF_HOST'
  179 | __SM_30_INTRINSICS_DECL__ __DEPRECATED__(__WSB_DEPRECATION_MESSAGE(__shfl_down)) double __shfl_down(double var, unsigned int delta, int width=warpSize) __DEF_IF_HOST
      |                                                                                                                                                         ^~~~~~~~~~~~~
/usr/local/cuda/include/sm_30_intrinsics.h: In function 'double __shfl_xor(double, int, int)':
/usr/local/cuda/include/sm_30_intrinsics.h:76:25: warning: no return statement in function returning non-void [-Wreturn-type]
   76 | #define __DEF_IF_HOST { }
      |                         ^
/usr/local/cuda/include/sm_30_intrinsics.h:180:145: note: in expansion of macro '__DEF_IF_HOST'
  180 | __SM_30_INTRINSICS_DECL__ __DEPRECATED__(__WSB_DEPRECATION_MESSAGE(__shfl_xor)) double __shfl_xor(double var, int laneMask, int width=warpSize) __DEF_IF_HOST
      |                                                                                                                                                 ^~~~~~~~~~~~~
/usr/local/cuda/include/sm_30_intrinsics.h: In function 'long long int __shfl_sync(unsigned int, long long int, int, int)':
/usr/local/cuda/include/sm_30_intrinsics.h:76:25: warning: no return statement in function returning non-void [-Wreturn-type]
   76 | #define __DEF_IF_HOST { }
      |                         ^
/usr/local/cuda/include/sm_30_intrinsics.h:183:112: note: in expansion of macro '__DEF_IF_HOST'
  183 | __SM_30_INTRINSICS_DECL__ long long __shfl_sync(unsigned mask, long long var, int srcLane, int width=warpSize) __DEF_IF_HOST
      |                                                                                                                ^~~~~~~~~~~~~
/usr/local/cuda/include/sm_30_intrinsics.h: In function 'long long unsigned int __shfl_sync(unsigned int, long long unsigned int, int, int)':
/usr/local/cuda/include/sm_30_intrinsics.h:76:25: warning: no return statement in function returning non-void [-Wreturn-type]
   76 | #define __DEF_IF_HOST { }
      |                         ^
/usr/local/cuda/include/sm_30_intrinsics.h:184:130: note: in expansion of macro '__DEF_IF_HOST'
  184 | __SM_30_INTRINSICS_DECL__ unsigned long long __shfl_sync(unsigned mask, unsigned long long var, int srcLane, int width=warpSize) __DEF_IF_HOST
      |                                                                                                                                  ^~~~~~~~~~~~~
/usr/local/cuda/include/sm_30_intrinsics.h: In function 'long long int __shfl_up_sync(unsigned int, long long int, unsigned int, int)':
/usr/local/cuda/include/sm_30_intrinsics.h:76:25: warning: no return statement in function returning non-void [-Wreturn-type]
   76 | #define __DEF_IF_HOST { }
      |                         ^
/usr/local/cuda/include/sm_30_intrinsics.h:185:122: note: in expansion of macro '__DEF_IF_HOST'
  185 | __SM_30_INTRINSICS_DECL__ long long __shfl_up_sync(unsigned mask, long long var, unsigned int delta, int width=warpSize) __DEF_IF_HOST
      |                                                                                                                          ^~~~~~~~~~~~~
/usr/local/cuda/include/sm_30_intrinsics.h: In function 'long long unsigned int __shfl_up_sync(unsigned int, long long unsigned int, unsigned int, int)':
/usr/local/cuda/include/sm_30_intrinsics.h:76:25: warning: no return statement in function returning non-void [-Wreturn-type]
   76 | #define __DEF_IF_HOST { }
      |                         ^
/usr/local/cuda/include/sm_30_intrinsics.h:186:140: note: in expansion of macro '__DEF_IF_HOST'
  186 | __SM_30_INTRINSICS_DECL__ unsigned long long __shfl_up_sync(unsigned mask, unsigned long long var, unsigned int delta, int width=warpSize) __DEF_IF_HOST
      |                                                                                                                                            ^~~~~~~~~~~~~
/usr/local/cuda/include/sm_30_intrinsics.h: In function 'long long int __shfl_down_sync(unsigned int, long long int, unsigned int, int)':
/usr/local/cuda/include/sm_30_intrinsics.h:76:25: warning: no return statement in function returning non-void [-Wreturn-type]
   76 | #define __DEF_IF_HOST { }
      |                         ^
/usr/local/cuda/include/sm_30_intrinsics.h:187:124: note: in expansion of macro '__DEF_IF_HOST'
  187 | __SM_30_INTRINSICS_DECL__ long long __shfl_down_sync(unsigned mask, long long var, unsigned int delta, int width=warpSize) __DEF_IF_HOST
      |                                                                                                                            ^~~~~~~~~~~~~
/usr/local/cuda/include/sm_30_intrinsics.h: In function 'long long unsigned int __shfl_down_sync(unsigned int, long long unsigned int, unsigned int, int)':
/usr/local/cuda/include/sm_30_intrinsics.h:76:25: warning: no return statement in function returning non-void [-Wreturn-type]
   76 | #define __DEF_IF_HOST { }
      |                         ^
/usr/local/cuda/include/sm_30_intrinsics.h:188:142: note: in expansion of macro '__DEF_IF_HOST'
  188 | __SM_30_INTRINSICS_DECL__ unsigned long long __shfl_down_sync(unsigned mask, unsigned long long var, unsigned int delta, int width=warpSize) __DEF_IF_HOST
      |                                                                                                                                              ^~~~~~~~~~~~~
/usr/local/cuda/include/sm_30_intrinsics.h: In function 'long long int __shfl_xor_sync(unsigned int, long long int, int, int)':
/usr/local/cuda/include/sm_30_intrinsics.h:76:25: warning: no return statement in function returning non-void [-Wreturn-type]
   76 | #define __DEF_IF_HOST { }
      |                         ^
/usr/local/cuda/include/sm_30_intrinsics.h:189:117: note: in expansion of macro '__DEF_IF_HOST'
  189 | __SM_30_INTRINSICS_DECL__ long long __shfl_xor_sync(unsigned mask, long long var, int laneMask, int width=warpSize) __DEF_IF_HOST
      |                                                                                                                     ^~~~~~~~~~~~~
/usr/local/cuda/include/sm_30_intrinsics.h: In function 'long long unsigned int __shfl_xor_sync(unsigned int, long long unsigned int, int, int)':
/usr/local/cuda/include/sm_30_intrinsics.h:76:25: warning: no return statement in function returning non-void [-Wreturn-type]
   76 | #define __DEF_IF_HOST { }
      |                         ^
/usr/local/cuda/include/sm_30_intrinsics.h:190:135: note: in expansion of macro '__DEF_IF_HOST'
  190 | __SM_30_INTRINSICS_DECL__ unsigned long long __shfl_xor_sync(unsigned mask, unsigned long long var, int laneMask, int width=warpSize) __DEF_IF_HOST
      |                                                                                                                                       ^~~~~~~~~~~~~
/usr/local/cuda/include/sm_30_intrinsics.h: In function 'double __shfl_sync(unsigned int, double, int, int)':
/usr/local/cuda/include/sm_30_intrinsics.h:76:25: warning: no return statement in function returning non-void [-Wreturn-type]
   76 | #define __DEF_IF_HOST { }
      |                         ^
/usr/local/cuda/include/sm_30_intrinsics.h:191:106: note: in expansion of macro '__DEF_IF_HOST'
  191 | __SM_30_INTRINSICS_DECL__ double __shfl_sync(unsigned mask, double var, int srcLane, int width=warpSize) __DEF_IF_HOST
      |                                                                                                          ^~~~~~~~~~~~~
/usr/local/cuda/include/sm_30_intrinsics.h: In function 'double __shfl_up_sync(unsigned int, double, unsigned int, int)':
/usr/local/cuda/include/sm_30_intrinsics.h:76:25: warning: no return statement in function returning non-void [-Wreturn-type]
   76 | #define __DEF_IF_HOST { }
      |                         ^
/usr/local/cuda/include/sm_30_intrinsics.h:192:116: note: in expansion of macro '__DEF_IF_HOST'
  192 | __SM_30_INTRINSICS_DECL__ double __shfl_up_sync(unsigned mask, double var, unsigned int delta, int width=warpSize) __DEF_IF_HOST
      |                                                                                                                    ^~~~~~~~~~~~~
/usr/local/cuda/include/sm_30_intrinsics.h: In function 'double __shfl_down_sync(unsigned int, double, unsigned int, int)':
/usr/local/cuda/include/sm_30_intrinsics.h:76:25: warning: no return statement in function returning non-void [-Wreturn-type]
   76 | #define __DEF_IF_HOST { }
      |                         ^
/usr/local/cuda/include/sm_30_intrinsics.h:193:118: note: in expansion of macro '__DEF_IF_HOST'
  193 | __SM_30_INTRINSICS_DECL__ double __shfl_down_sync(unsigned mask, double var, unsigned int delta, int width=warpSize) __DEF_IF_HOST
      |                                                                                                                      ^~~~~~~~~~~~~
/usr/local/cuda/include/sm_30_intrinsics.h: In function 'double __shfl_xor_sync(unsigned int, double, int, int)':
/usr/local/cuda/include/sm_30_intrinsics.h:76:25: warning: no return statement in function returning non-void [-Wreturn-type]
   76 | #define __DEF_IF_HOST { }
      |                         ^
/usr/local/cuda/include/sm_30_intrinsics.h:194:111: note: in expansion of macro '__DEF_IF_HOST'
  194 | __SM_30_INTRINSICS_DECL__ double __shfl_xor_sync(unsigned mask, double var, int laneMask, int width=warpSize) __DEF_IF_HOST
      |                                                                                                               ^~~~~~~~~~~~~
/usr/local/cuda/include/sm_30_intrinsics.h: In function 'long int __shfl(long int, int, int)':
/usr/local/cuda/include/sm_30_intrinsics.h:76:25: warning: no return statement in function returning non-void [-Wreturn-type]
   76 | #define __DEF_IF_HOST { }
      |                         ^
/usr/local/cuda/include/sm_30_intrinsics.h:198:132: note: in expansion of macro '__DEF_IF_HOST'
  198 | __SM_30_INTRINSICS_DECL__ __DEPRECATED__(__WSB_DEPRECATION_MESSAGE(__shfl)) long __shfl(long var, int srcLane, int width=warpSize) __DEF_IF_HOST
      |                                                                                                                                    ^~~~~~~~~~~~~
/usr/local/cuda/include/sm_30_intrinsics.h: In function 'long unsigned int __shfl(long unsigned int, int, int)':
/usr/local/cuda/include/sm_30_intrinsics.h:76:25: warning: no return statement in function returning non-void [-Wreturn-type]
   76 | #define __DEF_IF_HOST { }
      |                         ^
/usr/local/cuda/include/sm_30_intrinsics.h:199:150: note: in expansion of macro '__DEF_IF_HOST'
  199 | __SM_30_INTRINSICS_DECL__ __DEPRECATED__(__WSB_DEPRECATION_MESSAGE(__shfl)) unsigned long __shfl(unsigned long var, int srcLane, int width=warpSize) __DEF_IF_HOST
      |                                                                                                                                                      ^~~~~~~~~~~~~
/usr/local/cuda/include/sm_30_intrinsics.h: In function 'long int __shfl_up(long int, unsigned int, int)':
/usr/local/cuda/include/sm_30_intrinsics.h:76:25: warning: no return statement in function returning non-void [-Wreturn-type]
   76 | #define __DEF_IF_HOST { }
      |                         ^
/usr/local/cuda/include/sm_30_intrinsics.h:200:145: note: in expansion of macro '__DEF_IF_HOST'
  200 | __SM_30_INTRINSICS_DECL__ __DEPRECATED__(__WSB_DEPRECATION_MESSAGE(__shfl_up)) long __shfl_up(long var, unsigned int delta, int width=warpSize) __DEF_IF_HOST
      |                                                                                                                                                 ^~~~~~~~~~~~~
/usr/local/cuda/include/sm_30_intrinsics.h: In function 'long unsigned int __shfl_up(long unsigned int, unsigned int, int)':
/usr/local/cuda/include/sm_30_intrinsics.h:76:25: warning: no return statement in function returning non-void [-Wreturn-type]
   76 | #define __DEF_IF_HOST { }
      |                         ^
/usr/local/cuda/include/sm_30_intrinsics.h:201:163: note: in expansion of macro '__DEF_IF_HOST'
  201 | __SM_30_INTRINSICS_DECL__ __DEPRECATED__(__WSB_DEPRECATION_MESSAGE(__shfl_up)) unsigned long __shfl_up(unsigned long var, unsigned int delta, int width=warpSize) __DEF_IF_HOST
      |                                                                                                                                                                   ^~~~~~~~~~~~~
/usr/local/cuda/include/sm_30_intrinsics.h: In function 'long int __shfl_down(long int, unsigned int, int)':
/usr/local/cuda/include/sm_30_intrinsics.h:76:25: warning: no return statement in function returning non-void [-Wreturn-type]
   76 | #define __DEF_IF_HOST { }
      |                         ^
/usr/local/cuda/include/sm_30_intrinsics.h:202:149: note: in expansion of macro '__DEF_IF_HOST'
  202 | __SM_30_INTRINSICS_DECL__ __DEPRECATED__(__WSB_DEPRECATION_MESSAGE(__shfl_down)) long __shfl_down(long var, unsigned int delta, int width=warpSize) __DEF_IF_HOST
      |                                                                                                                                                     ^~~~~~~~~~~~~
/usr/local/cuda/include/sm_30_intrinsics.h: In function 'long unsigned int __shfl_down(long unsigned int, unsigned int, int)':
/usr/local/cuda/include/sm_30_intrinsics.h:76:25: warning: no return statement in function returning non-void [-Wreturn-type]
   76 | #define __DEF_IF_HOST { }
      |                         ^
/usr/local/cuda/include/sm_30_intrinsics.h:203:167: note: in expansion of macro '__DEF_IF_HOST'
  203 | __SM_30_INTRINSICS_DECL__ __DEPRECATED__(__WSB_DEPRECATION_MESSAGE(__shfl_down)) unsigned long __shfl_down(unsigned long var, unsigned int delta, int width=warpSize) __DEF_IF_HOST
      |                                                                                                                                                                       ^~~~~~~~~~~~~
/usr/local/cuda/include/sm_30_intrinsics.h: In function 'long int __shfl_xor(long int, int, int)':
/usr/local/cuda/include/sm_30_intrinsics.h:76:25: warning: no return statement in function returning non-void [-Wreturn-type]
   76 | #define __DEF_IF_HOST { }
      |                         ^
/usr/local/cuda/include/sm_30_intrinsics.h:204:141: note: in expansion of macro '__DEF_IF_HOST'
  204 | __SM_30_INTRINSICS_DECL__ __DEPRECATED__(__WSB_DEPRECATION_MESSAGE(__shfl_xor)) long __shfl_xor(long var, int laneMask, int width=warpSize) __DEF_IF_HOST
      |                                                                                                                                             ^~~~~~~~~~~~~
/usr/local/cuda/include/sm_30_intrinsics.h: In function 'long unsigned int __shfl_xor(long unsigned int, int, int)':
/usr/local/cuda/include/sm_30_intrinsics.h:76:25: warning: no return statement in function returning non-void [-Wreturn-type]
   76 | #define __DEF_IF_HOST { }
      |                         ^
/usr/local/cuda/include/sm_30_intrinsics.h:205:159: note: in expansion of macro '__DEF_IF_HOST'
  205 | __SM_30_INTRINSICS_DECL__ __DEPRECATED__(__WSB_DEPRECATION_MESSAGE(__shfl_xor)) unsigned long __shfl_xor(unsigned long var, int laneMask, int width=warpSize) __DEF_IF_HOST
      |                                                                                                                                                               ^~~~~~~~~~~~~
/usr/local/cuda/include/sm_30_intrinsics.h: In function 'long int __shfl_sync(unsigned int, long int, int, int)':
/usr/local/cuda/include/sm_30_intrinsics.h:76:25: warning: no return statement in function returning non-void [-Wreturn-type]
   76 | #define __DEF_IF_HOST { }
      |                         ^
/usr/local/cuda/include/sm_30_intrinsics.h:208:102: note: in expansion of macro '__DEF_IF_HOST'
  208 | __SM_30_INTRINSICS_DECL__ long __shfl_sync(unsigned mask, long var, int srcLane, int width=warpSize) __DEF_IF_HOST
      |                                                                                                      ^~~~~~~~~~~~~
/usr/local/cuda/include/sm_30_intrinsics.h: In function 'long unsigned int __shfl_sync(unsigned int, long unsigned int, int, int)':
/usr/local/cuda/include/sm_30_intrinsics.h:76:25: warning: no return statement in function returning non-void [-Wreturn-type]
   76 | #define __DEF_IF_HOST { }
      |                         ^
/usr/local/cuda/include/sm_30_intrinsics.h:209:120: note: in expansion of macro '__DEF_IF_HOST'
  209 | __SM_30_INTRINSICS_DECL__ unsigned long __shfl_sync(unsigned mask, unsigned long var, int srcLane, int width=warpSize) __DEF_IF_HOST
      |                                                                                                                        ^~~~~~~~~~~~~
/usr/local/cuda/include/sm_30_intrinsics.h: In function 'long int __shfl_up_sync(unsigned int, long int, unsigned int, int)':
/usr/local/cuda/include/sm_30_intrinsics.h:76:25: warning: no return statement in function returning non-void [-Wreturn-type]
   76 | #define __DEF_IF_HOST { }
      |                         ^
/usr/local/cuda/include/sm_30_intrinsics.h:210:112: note: in expansion of macro '__DEF_IF_HOST'
  210 | __SM_30_INTRINSICS_DECL__ long __shfl_up_sync(unsigned mask, long var, unsigned int delta, int width=warpSize) __DEF_IF_HOST
      |                                                                                                                ^~~~~~~~~~~~~
/usr/local/cuda/include/sm_30_intrinsics.h: In function 'long unsigned int __shfl_up_sync(unsigned int, long unsigned int, unsigned int, int)':
/usr/local/cuda/include/sm_30_intrinsics.h:76:25: warning: no return statement in function returning non-void [-Wreturn-type]
   76 | #define __DEF_IF_HOST { }
      |                         ^
/usr/local/cuda/include/sm_30_intrinsics.h:211:130: note: in expansion of macro '__DEF_IF_HOST'
  211 | __SM_30_INTRINSICS_DECL__ unsigned long __shfl_up_sync(unsigned mask, unsigned long var, unsigned int delta, int width=warpSize) __DEF_IF_HOST
      |                                                                                                                                  ^~~~~~~~~~~~~
/usr/local/cuda/include/sm_30_intrinsics.h: In function 'long int __shfl_down_sync(unsigned int, long int, unsigned int, int)':
/usr/local/cuda/include/sm_30_intrinsics.h:76:25: warning: no return statement in function returning non-void [-Wreturn-type]
   76 | #define __DEF_IF_HOST { }
      |                         ^
/usr/local/cuda/include/sm_30_intrinsics.h:212:114: note: in expansion of macro '__DEF_IF_HOST'
  212 | __SM_30_INTRINSICS_DECL__ long __shfl_down_sync(unsigned mask, long var, unsigned int delta, int width=warpSize) __DEF_IF_HOST
      |                                                                                                                  ^~~~~~~~~~~~~
/usr/local/cuda/include/sm_30_intrinsics.h: In function 'long unsigned int __shfl_down_sync(unsigned int, long unsigned int, unsigned int, int)':
/usr/local/cuda/include/sm_30_intrinsics.h:76:25: warning: no return statement in function returning non-void [-Wreturn-type]
   76 | #define __DEF_IF_HOST { }
      |                         ^
/usr/local/cuda/include/sm_30_intrinsics.h:213:132: note: in expansion of macro '__DEF_IF_HOST'
  213 | __SM_30_INTRINSICS_DECL__ unsigned long __shfl_down_sync(unsigned mask, unsigned long var, unsigned int delta, int width=warpSize) __DEF_IF_HOST
      |                                                                                                                                    ^~~~~~~~~~~~~
/usr/local/cuda/include/sm_30_intrinsics.h: In function 'long int __shfl_xor_sync(unsigned int, long int, int, int)':
/usr/local/cuda/include/sm_30_intrinsics.h:76:25: warning: no return statement in function returning non-void [-Wreturn-type]
   76 | #define __DEF_IF_HOST { }
      |                         ^
/usr/local/cuda/include/sm_30_intrinsics.h:214:107: note: in expansion of macro '__DEF_IF_HOST'
  214 | __SM_30_INTRINSICS_DECL__ long __shfl_xor_sync(unsigned mask, long var, int laneMask, int width=warpSize) __DEF_IF_HOST
      |                                                                                                           ^~~~~~~~~~~~~
/usr/local/cuda/include/sm_30_intrinsics.h: In function 'long unsigned int __shfl_xor_sync(unsigned int, long unsigned int, int, int)':
/usr/local/cuda/include/sm_30_intrinsics.h:76:25: warning: no return statement in function returning non-void [-Wreturn-type]
   76 | #define __DEF_IF_HOST { }
      |                         ^
/usr/local/cuda/include/sm_30_intrinsics.h:215:125: note: in expansion of macro '__DEF_IF_HOST'
  215 | __SM_30_INTRINSICS_DECL__ unsigned long __shfl_xor_sync(unsigned mask, unsigned long var, int laneMask, int width=warpSize) __DEF_IF_HOST
      |                                                                                                                             ^~~~~~~~~~~~~
In file included from /usr/local/cuda/include/crt/device_functions.h:3623,
                 from /home/GVirtuS/GVirtuS/plugins/cudart/backend/CudaRtHandler.h:71,
                 from /home/GVirtuS/GVirtuS/plugins/cudart/backend/CudaRtHandler_opengl.cpp:26:
/usr/local/cuda/include/sm_32_intrinsics.h: In function 'long int __ldg(const long int*)':
/usr/local/cuda/include/sm_32_intrinsics.h:74:25: warning: no return statement in function returning non-void [-Wreturn-type]
   74 | #define __DEF_IF_HOST { }
      |                         ^
/usr/local/cuda/include/sm_32_intrinsics.h:87:55: note: in expansion of macro '__DEF_IF_HOST'
   87 | __SM_32_INTRINSICS_DECL__ long __ldg(const long *ptr) __DEF_IF_HOST
      |                                                       ^~~~~~~~~~~~~
/usr/local/cuda/include/sm_32_intrinsics.h: In function 'long unsigned int __ldg(const long unsigned int*)':
/usr/local/cuda/include/sm_32_intrinsics.h:74:25: warning: no return statement in function returning non-void [-Wreturn-type]
   74 | #define __DEF_IF_HOST { }
      |                         ^
/usr/local/cuda/include/sm_32_intrinsics.h:88:73: note: in expansion of macro '__DEF_IF_HOST'
   88 | __SM_32_INTRINSICS_DECL__ unsigned long __ldg(const unsigned long *ptr) __DEF_IF_HOST
      |                                                                         ^~~~~~~~~~~~~
/usr/local/cuda/include/sm_32_intrinsics.h: In function 'char __ldg(const char*)':
/usr/local/cuda/include/sm_32_intrinsics.h:74:25: warning: no return statement in function returning non-void [-Wreturn-type]
   74 | #define __DEF_IF_HOST { }
      |                         ^
/usr/local/cuda/include/sm_32_intrinsics.h:90:55: note: in expansion of macro '__DEF_IF_HOST'
   90 | __SM_32_INTRINSICS_DECL__ char __ldg(const char *ptr) __DEF_IF_HOST
      |                                                       ^~~~~~~~~~~~~
/usr/local/cuda/include/sm_32_intrinsics.h: In function 'signed char __ldg(const signed char*)':
/usr/local/cuda/include/sm_32_intrinsics.h:74:25: warning: no return statement in function returning non-void [-Wreturn-type]
   74 | #define __DEF_IF_HOST { }
      |                         ^
/usr/local/cuda/include/sm_32_intrinsics.h:91:69: note: in expansion of macro '__DEF_IF_HOST'
   91 | __SM_32_INTRINSICS_DECL__ signed char __ldg(const signed char *ptr) __DEF_IF_HOST
      |                                                                     ^~~~~~~~~~~~~
/usr/local/cuda/include/sm_32_intrinsics.h: In function 'short int __ldg(const short int*)':
/usr/local/cuda/include/sm_32_intrinsics.h:74:25: warning: no return statement in function returning non-void [-Wreturn-type]
   74 | #define __DEF_IF_HOST { }
      |                         ^
/usr/local/cuda/include/sm_32_intrinsics.h:92:57: note: in expansion of macro '__DEF_IF_HOST'
   92 | __SM_32_INTRINSICS_DECL__ short __ldg(const short *ptr) __DEF_IF_HOST
      |                                                         ^~~~~~~~~~~~~
/usr/local/cuda/include/sm_32_intrinsics.h: In function 'int __ldg(const int*)':
/usr/local/cuda/include/sm_32_intrinsics.h:74:25: warning: no return statement in function returning non-void [-Wreturn-type]
   74 | #define __DEF_IF_HOST { }
      |                         ^
/usr/local/cuda/include/sm_32_intrinsics.h:93:53: note: in expansion of macro '__DEF_IF_HOST'
   93 | __SM_32_INTRINSICS_DECL__ int __ldg(const int *ptr) __DEF_IF_HOST
      |                                                     ^~~~~~~~~~~~~
/usr/local/cuda/include/sm_32_intrinsics.h: In function 'long long int __ldg(const long long int*)':
/usr/local/cuda/include/sm_32_intrinsics.h:74:25: warning: no return statement in function returning non-void [-Wreturn-type]
   74 | #define __DEF_IF_HOST { }
      |                         ^
/usr/local/cuda/include/sm_32_intrinsics.h:94:65: note: in expansion of macro '__DEF_IF_HOST'
   94 | __SM_32_INTRINSICS_DECL__ long long __ldg(const long long *ptr) __DEF_IF_HOST
      |                                                                 ^~~~~~~~~~~~~
/usr/local/cuda/include/sm_32_intrinsics.h: In function 'char2 __ldg(const char2*)':
/usr/local/cuda/include/sm_32_intrinsics.h:74:25: warning: no return statement in function returning non-void [-Wreturn-type]
   74 | #define __DEF_IF_HOST { }
      |                         ^
/usr/local/cuda/include/sm_32_intrinsics.h:95:57: note: in expansion of macro '__DEF_IF_HOST'
   95 | __SM_32_INTRINSICS_DECL__ char2 __ldg(const char2 *ptr) __DEF_IF_HOST
      |                                                         ^~~~~~~~~~~~~
/usr/local/cuda/include/sm_32_intrinsics.h: In function 'char4 __ldg(const char4*)':
/usr/local/cuda/include/sm_32_intrinsics.h:74:25: warning: no return statement in function returning non-void [-Wreturn-type]
   74 | #define __DEF_IF_HOST { }
      |                         ^
/usr/local/cuda/include/sm_32_intrinsics.h:96:57: note: in expansion of macro '__DEF_IF_HOST'
   96 | __SM_32_INTRINSICS_DECL__ char4 __ldg(const char4 *ptr) __DEF_IF_HOST
      |                                                         ^~~~~~~~~~~~~
/usr/local/cuda/include/sm_32_intrinsics.h: In function 'short2 __ldg(const short2*)':
/usr/local/cuda/include/sm_32_intrinsics.h:74:25: warning: no return statement in function returning non-void [-Wreturn-type]
   74 | #define __DEF_IF_HOST { }
      |                         ^
/usr/local/cuda/include/sm_32_intrinsics.h:97:59: note: in expansion of macro '__DEF_IF_HOST'
   97 | __SM_32_INTRINSICS_DECL__ short2 __ldg(const short2 *ptr) __DEF_IF_HOST
      |                                                           ^~~~~~~~~~~~~
/usr/local/cuda/include/sm_32_intrinsics.h: In function 'short4 __ldg(const short4*)':
/usr/local/cuda/include/sm_32_intrinsics.h:74:25: warning: no return statement in function returning non-void [-Wreturn-type]
   74 | #define __DEF_IF_HOST { }
      |                         ^
/usr/local/cuda/include/sm_32_intrinsics.h:98:59: note: in expansion of macro '__DEF_IF_HOST'
   98 | __SM_32_INTRINSICS_DECL__ short4 __ldg(const short4 *ptr) __DEF_IF_HOST
      |                                                           ^~~~~~~~~~~~~
/usr/local/cuda/include/sm_32_intrinsics.h: In function 'int2 __ldg(const int2*)':
/usr/local/cuda/include/sm_32_intrinsics.h:74:25: warning: no return statement in function returning non-void [-Wreturn-type]
   74 | #define __DEF_IF_HOST { }
      |                         ^
/usr/local/cuda/include/sm_32_intrinsics.h:99:55: note: in expansion of macro '__DEF_IF_HOST'
   99 | __SM_32_INTRINSICS_DECL__ int2 __ldg(const int2 *ptr) __DEF_IF_HOST
      |                                                       ^~~~~~~~~~~~~
/usr/local/cuda/include/sm_32_intrinsics.h: In function 'int4 __ldg(const int4*)':
/usr/local/cuda/include/sm_32_intrinsics.h:74:25: warning: no return statement in function returning non-void [-Wreturn-type]
   74 | #define __DEF_IF_HOST { }
      |                         ^
/usr/local/cuda/include/sm_32_intrinsics.h:100:55: note: in expansion of macro '__DEF_IF_HOST'
  100 | __SM_32_INTRINSICS_DECL__ int4 __ldg(const int4 *ptr) __DEF_IF_HOST
      |                                                       ^~~~~~~~~~~~~
/usr/local/cuda/include/sm_32_intrinsics.h: In function 'longlong2 __ldg(const longlong2*)':
/usr/local/cuda/include/sm_32_intrinsics.h:74:25: warning: no return statement in function returning non-void [-Wreturn-type]
   74 | #define __DEF_IF_HOST { }
      |                         ^
/usr/local/cuda/include/sm_32_intrinsics.h:101:65: note: in expansion of macro '__DEF_IF_HOST'
  101 | __SM_32_INTRINSICS_DECL__ longlong2 __ldg(const longlong2 *ptr) __DEF_IF_HOST
      |                                                                 ^~~~~~~~~~~~~
/usr/local/cuda/include/sm_32_intrinsics.h: In function 'unsigned char __ldg(const unsigned char*)':
/usr/local/cuda/include/sm_32_intrinsics.h:74:25: warning: no return statement in function returning non-void [-Wreturn-type]
   74 | #define __DEF_IF_HOST { }
      |                         ^
/usr/local/cuda/include/sm_32_intrinsics.h:103:73: note: in expansion of macro '__DEF_IF_HOST'
  103 | __SM_32_INTRINSICS_DECL__ unsigned char __ldg(const unsigned char *ptr) __DEF_IF_HOST
      |                                                                         ^~~~~~~~~~~~~
/usr/local/cuda/include/sm_32_intrinsics.h: In function 'short unsigned int __ldg(const short unsigned int*)':
/usr/local/cuda/include/sm_32_intrinsics.h:74:25: warning: no return statement in function returning non-void [-Wreturn-type]
   74 | #define __DEF_IF_HOST { }
      |                         ^
/usr/local/cuda/include/sm_32_intrinsics.h:104:75: note: in expansion of macro '__DEF_IF_HOST'
  104 | __SM_32_INTRINSICS_DECL__ unsigned short __ldg(const unsigned short *ptr) __DEF_IF_HOST
      |                                                                           ^~~~~~~~~~~~~
/usr/local/cuda/include/sm_32_intrinsics.h: In function 'unsigned int __ldg(const unsigned int*)':
/usr/local/cuda/include/sm_32_intrinsics.h:74:25: warning: no return statement in function returning non-void [-Wreturn-type]
   74 | #define __DEF_IF_HOST { }
      |                         ^
/usr/local/cuda/include/sm_32_intrinsics.h:105:71: note: in expansion of macro '__DEF_IF_HOST'
  105 | __SM_32_INTRINSICS_DECL__ unsigned int __ldg(const unsigned int *ptr) __DEF_IF_HOST
      |                                                                       ^~~~~~~~~~~~~
/usr/local/cuda/include/sm_32_intrinsics.h: In function 'long long unsigned int __ldg(const long long unsigned int*)':
/usr/local/cuda/include/sm_32_intrinsics.h:74:25: warning: no return statement in function returning non-void [-Wreturn-type]
   74 | #define __DEF_IF_HOST { }
      |                         ^
/usr/local/cuda/include/sm_32_intrinsics.h:106:83: note: in expansion of macro '__DEF_IF_HOST'
  106 | __SM_32_INTRINSICS_DECL__ unsigned long long __ldg(const unsigned long long *ptr) __DEF_IF_HOST
      |                                                                                   ^~~~~~~~~~~~~
/usr/local/cuda/include/sm_32_intrinsics.h: In function 'uchar2 __ldg(const uchar2*)':
/usr/local/cuda/include/sm_32_intrinsics.h:74:25: warning: no return statement in function returning non-void [-Wreturn-type]
   74 | #define __DEF_IF_HOST { }
      |                         ^
/usr/local/cuda/include/sm_32_intrinsics.h:107:59: note: in expansion of macro '__DEF_IF_HOST'
  107 | __SM_32_INTRINSICS_DECL__ uchar2 __ldg(const uchar2 *ptr) __DEF_IF_HOST
      |                                                           ^~~~~~~~~~~~~
/usr/local/cuda/include/sm_32_intrinsics.h: In function 'uchar4 __ldg(const uchar4*)':
/usr/local/cuda/include/sm_32_intrinsics.h:74:25: warning: no return statement in function returning non-void [-Wreturn-type]
   74 | #define __DEF_IF_HOST { }
      |                         ^
/usr/local/cuda/include/sm_32_intrinsics.h:108:59: note: in expansion of macro '__DEF_IF_HOST'
  108 | __SM_32_INTRINSICS_DECL__ uchar4 __ldg(const uchar4 *ptr) __DEF_IF_HOST
      |                                                           ^~~~~~~~~~~~~
/usr/local/cuda/include/sm_32_intrinsics.h: In function 'ushort2 __ldg(const ushort2*)':
/usr/local/cuda/include/sm_32_intrinsics.h:74:25: warning: no return statement in function returning non-void [-Wreturn-type]
   74 | #define __DEF_IF_HOST { }
      |                         ^
/usr/local/cuda/include/sm_32_intrinsics.h:109:61: note: in expansion of macro '__DEF_IF_HOST'
  109 | __SM_32_INTRINSICS_DECL__ ushort2 __ldg(const ushort2 *ptr) __DEF_IF_HOST
      |                                                             ^~~~~~~~~~~~~
/usr/local/cuda/include/sm_32_intrinsics.h: In function 'ushort4 __ldg(const ushort4*)':
/usr/local/cuda/include/sm_32_intrinsics.h:74:25: warning: no return statement in function returning non-void [-Wreturn-type]
   74 | #define __DEF_IF_HOST { }
      |                         ^
/usr/local/cuda/include/sm_32_intrinsics.h:110:61: note: in expansion of macro '__DEF_IF_HOST'
  110 | __SM_32_INTRINSICS_DECL__ ushort4 __ldg(const ushort4 *ptr) __DEF_IF_HOST
      |                                                             ^~~~~~~~~~~~~
/usr/local/cuda/include/sm_32_intrinsics.h: In function 'uint2 __ldg(const uint2*)':
/usr/local/cuda/include/sm_32_intrinsics.h:74:25: warning: no return statement in function returning non-void [-Wreturn-type]
   74 | #define __DEF_IF_HOST { }
      |                         ^
/usr/local/cuda/include/sm_32_intrinsics.h:111:57: note: in expansion of macro '__DEF_IF_HOST'
  111 | __SM_32_INTRINSICS_DECL__ uint2 __ldg(const uint2 *ptr) __DEF_IF_HOST
      |                                                         ^~~~~~~~~~~~~
/usr/local/cuda/include/sm_32_intrinsics.h: In function 'uint4 __ldg(const uint4*)':
/usr/local/cuda/include/sm_32_intrinsics.h:74:25: warning: no return statement in function returning non-void [-Wreturn-type]
   74 | #define __DEF_IF_HOST { }
      |                         ^
/usr/local/cuda/include/sm_32_intrinsics.h:112:57: note: in expansion of macro '__DEF_IF_HOST'
  112 | __SM_32_INTRINSICS_DECL__ uint4 __ldg(const uint4 *ptr) __DEF_IF_HOST
      |                                                         ^~~~~~~~~~~~~
/usr/local/cuda/include/sm_32_intrinsics.h: In function 'ulonglong2 __ldg(const ulonglong2*)':
/usr/local/cuda/include/sm_32_intrinsics.h:74:25: warning: no return statement in function returning non-void [-Wreturn-type]
   74 | #define __DEF_IF_HOST { }
      |                         ^
/usr/local/cuda/include/sm_32_intrinsics.h:113:67: note: in expansion of macro '__DEF_IF_HOST'
  113 | __SM_32_INTRINSICS_DECL__ ulonglong2 __ldg(const ulonglong2 *ptr) __DEF_IF_HOST
      |                                                                   ^~~~~~~~~~~~~
/usr/local/cuda/include/sm_32_intrinsics.h: In function 'float __ldg(const float*)':
/usr/local/cuda/include/sm_32_intrinsics.h:74:25: warning: no return statement in function returning non-void [-Wreturn-type]
   74 | #define __DEF_IF_HOST { }
      |                         ^
/usr/local/cuda/include/sm_32_intrinsics.h:115:57: note: in expansion of macro '__DEF_IF_HOST'
  115 | __SM_32_INTRINSICS_DECL__ float __ldg(const float *ptr) __DEF_IF_HOST
      |                                                         ^~~~~~~~~~~~~
/usr/local/cuda/include/sm_32_intrinsics.h: In function 'double __ldg(const double*)':
/usr/local/cuda/include/sm_32_intrinsics.h:74:25: warning: no return statement in function returning non-void [-Wreturn-type]
   74 | #define __DEF_IF_HOST { }
      |                         ^
/usr/local/cuda/include/sm_32_intrinsics.h:116:59: note: in expansion of macro '__DEF_IF_HOST'
  116 | __SM_32_INTRINSICS_DECL__ double __ldg(const double *ptr) __DEF_IF_HOST
      |                                                           ^~~~~~~~~~~~~
/usr/local/cuda/include/sm_32_intrinsics.h: In function 'float2 __ldg(const float2*)':
/usr/local/cuda/include/sm_32_intrinsics.h:74:25: warning: no return statement in function returning non-void [-Wreturn-type]
   74 | #define __DEF_IF_HOST { }
      |                         ^
/usr/local/cuda/include/sm_32_intrinsics.h:117:59: note: in expansion of macro '__DEF_IF_HOST'
  117 | __SM_32_INTRINSICS_DECL__ float2 __ldg(const float2 *ptr) __DEF_IF_HOST
      |                                                           ^~~~~~~~~~~~~
/usr/local/cuda/include/sm_32_intrinsics.h: In function 'float4 __ldg(const float4*)':
/usr/local/cuda/include/sm_32_intrinsics.h:74:25: warning: no return statement in function returning non-void [-Wreturn-type]
   74 | #define __DEF_IF_HOST { }
      |                         ^
/usr/local/cuda/include/sm_32_intrinsics.h:118:59: note: in expansion of macro '__DEF_IF_HOST'
  118 | __SM_32_INTRINSICS_DECL__ float4 __ldg(const float4 *ptr) __DEF_IF_HOST
      |                                                           ^~~~~~~~~~~~~
/usr/local/cuda/include/sm_32_intrinsics.h: In function 'double2 __ldg(const double2*)':
/usr/local/cuda/include/sm_32_intrinsics.h:74:25: warning: no return statement in function returning non-void [-Wreturn-type]
   74 | #define __DEF_IF_HOST { }
      |                         ^
/usr/local/cuda/include/sm_32_intrinsics.h:119:61: note: in expansion of macro '__DEF_IF_HOST'
  119 | __SM_32_INTRINSICS_DECL__ double2 __ldg(const double2 *ptr) __DEF_IF_HOST
      |                                                             ^~~~~~~~~~~~~
/usr/local/cuda/include/sm_32_intrinsics.h: In function 'long int __ldcg(const long int*)':
/usr/local/cuda/include/sm_32_intrinsics.h:74:25: warning: no return statement in function returning non-void [-Wreturn-type]
   74 | #define __DEF_IF_HOST { }
      |                         ^
/usr/local/cuda/include/sm_32_intrinsics.h:123:56: note: in expansion of macro '__DEF_IF_HOST'
  123 | __SM_32_INTRINSICS_DECL__ long __ldcg(const long *ptr) __DEF_IF_HOST
      |                                                        ^~~~~~~~~~~~~
/usr/local/cuda/include/sm_32_intrinsics.h: In function 'long unsigned int __ldcg(const long unsigned int*)':
/usr/local/cuda/include/sm_32_intrinsics.h:74:25: warning: no return statement in function returning non-void [-Wreturn-type]
   74 | #define __DEF_IF_HOST { }
      |                         ^
/usr/local/cuda/include/sm_32_intrinsics.h:124:74: note: in expansion of macro '__DEF_IF_HOST'
  124 | __SM_32_INTRINSICS_DECL__ unsigned long __ldcg(const unsigned long *ptr) __DEF_IF_HOST
      |                                                                          ^~~~~~~~~~~~~
/usr/local/cuda/include/sm_32_intrinsics.h: In function 'char __ldcg(const char*)':
/usr/local/cuda/include/sm_32_intrinsics.h:74:25: warning: no return statement in function returning non-void [-Wreturn-type]
   74 | #define __DEF_IF_HOST { }
      |                         ^
/usr/local/cuda/include/sm_32_intrinsics.h:126:56: note: in expansion of macro '__DEF_IF_HOST'
  126 | __SM_32_INTRINSICS_DECL__ char __ldcg(const char *ptr) __DEF_IF_HOST
      |                                                        ^~~~~~~~~~~~~
/usr/local/cuda/include/sm_32_intrinsics.h: In function 'signed char __ldcg(const signed char*)':
/usr/local/cuda/include/sm_32_intrinsics.h:74:25: warning: no return statement in function returning non-void [-Wreturn-type]
   74 | #define __DEF_IF_HOST { }
      |                         ^
/usr/local/cuda/include/sm_32_intrinsics.h:127:70: note: in expansion of macro '__DEF_IF_HOST'
  127 | __SM_32_INTRINSICS_DECL__ signed char __ldcg(const signed char *ptr) __DEF_IF_HOST
      |                                                                      ^~~~~~~~~~~~~
/usr/local/cuda/include/sm_32_intrinsics.h: In function 'short int __ldcg(const short int*)':
/usr/local/cuda/include/sm_32_intrinsics.h:74:25: warning: no return statement in function returning non-void [-Wreturn-type]
   74 | #define __DEF_IF_HOST { }
      |                         ^
/usr/local/cuda/include/sm_32_intrinsics.h:128:58: note: in expansion of macro '__DEF_IF_HOST'
  128 | __SM_32_INTRINSICS_DECL__ short __ldcg(const short *ptr) __DEF_IF_HOST
      |                                                          ^~~~~~~~~~~~~
/usr/local/cuda/include/sm_32_intrinsics.h: In function 'int __ldcg(const int*)':
/usr/local/cuda/include/sm_32_intrinsics.h:74:25: warning: no return statement in function returning non-void [-Wreturn-type]
   74 | #define __DEF_IF_HOST { }
      |                         ^
/usr/local/cuda/include/sm_32_intrinsics.h:129:54: note: in expansion of macro '__DEF_IF_HOST'
  129 | __SM_32_INTRINSICS_DECL__ int __ldcg(const int *ptr) __DEF_IF_HOST
      |                                                      ^~~~~~~~~~~~~
/usr/local/cuda/include/sm_32_intrinsics.h: In function 'long long int __ldcg(const long long int*)':
/usr/local/cuda/include/sm_32_intrinsics.h:74:25: warning: no return statement in function returning non-void [-Wreturn-type]
   74 | #define __DEF_IF_HOST { }
      |                         ^
/usr/local/cuda/include/sm_32_intrinsics.h:130:66: note: in expansion of macro '__DEF_IF_HOST'
  130 | __SM_32_INTRINSICS_DECL__ long long __ldcg(const long long *ptr) __DEF_IF_HOST
      |                                                                  ^~~~~~~~~~~~~
/usr/local/cuda/include/sm_32_intrinsics.h: In function 'char2 __ldcg(const char2*)':
/usr/local/cuda/include/sm_32_intrinsics.h:74:25: warning: no return statement in function returning non-void [-Wreturn-type]
   74 | #define __DEF_IF_HOST { }
      |                         ^
/usr/local/cuda/include/sm_32_intrinsics.h:131:58: note: in expansion of macro '__DEF_IF_HOST'
  131 | __SM_32_INTRINSICS_DECL__ char2 __ldcg(const char2 *ptr) __DEF_IF_HOST
      |                                                          ^~~~~~~~~~~~~
/usr/local/cuda/include/sm_32_intrinsics.h: In function 'char4 __ldcg(const char4*)':
/usr/local/cuda/include/sm_32_intrinsics.h:74:25: warning: no return statement in function returning non-void [-Wreturn-type]
   74 | #define __DEF_IF_HOST { }
      |                         ^
/usr/local/cuda/include/sm_32_intrinsics.h:132:58: note: in expansion of macro '__DEF_IF_HOST'
  132 | __SM_32_INTRINSICS_DECL__ char4 __ldcg(const char4 *ptr) __DEF_IF_HOST
      |                                                          ^~~~~~~~~~~~~
/usr/local/cuda/include/sm_32_intrinsics.h: In function 'short2 __ldcg(const short2*)':
/usr/local/cuda/include/sm_32_intrinsics.h:74:25: warning: no return statement in function returning non-void [-Wreturn-type]
   74 | #define __DEF_IF_HOST { }
      |                         ^
/usr/local/cuda/include/sm_32_intrinsics.h:133:60: note: in expansion of macro '__DEF_IF_HOST'
  133 | __SM_32_INTRINSICS_DECL__ short2 __ldcg(const short2 *ptr) __DEF_IF_HOST
      |                                                            ^~~~~~~~~~~~~
/usr/local/cuda/include/sm_32_intrinsics.h: In function 'short4 __ldcg(const short4*)':
/usr/local/cuda/include/sm_32_intrinsics.h:74:25: warning: no return statement in function returning non-void [-Wreturn-type]
   74 | #define __DEF_IF_HOST { }
      |                         ^
/usr/local/cuda/include/sm_32_intrinsics.h:134:60: note: in expansion of macro '__DEF_IF_HOST'
  134 | __SM_32_INTRINSICS_DECL__ short4 __ldcg(const short4 *ptr) __DEF_IF_HOST
      |                                                            ^~~~~~~~~~~~~
/usr/local/cuda/include/sm_32_intrinsics.h: In function 'int2 __ldcg(const int2*)':
/usr/local/cuda/include/sm_32_intrinsics.h:74:25: warning: no return statement in function returning non-void [-Wreturn-type]
   74 | #define __DEF_IF_HOST { }
      |                         ^
/usr/local/cuda/include/sm_32_intrinsics.h:135:56: note: in expansion of macro '__DEF_IF_HOST'
  135 | __SM_32_INTRINSICS_DECL__ int2 __ldcg(const int2 *ptr) __DEF_IF_HOST
      |                                                        ^~~~~~~~~~~~~
/usr/local/cuda/include/sm_32_intrinsics.h: In function 'int4 __ldcg(const int4*)':
/usr/local/cuda/include/sm_32_intrinsics.h:74:25: warning: no return statement in function returning non-void [-Wreturn-type]
   74 | #define __DEF_IF_HOST { }
      |                         ^
/usr/local/cuda/include/sm_32_intrinsics.h:136:56: note: in expansion of macro '__DEF_IF_HOST'
  136 | __SM_32_INTRINSICS_DECL__ int4 __ldcg(const int4 *ptr) __DEF_IF_HOST
      |                                                        ^~~~~~~~~~~~~
/usr/local/cuda/include/sm_32_intrinsics.h: In function 'longlong2 __ldcg(const longlong2*)':
/usr/local/cuda/include/sm_32_intrinsics.h:74:25: warning: no return statement in function returning non-void [-Wreturn-type]
   74 | #define __DEF_IF_HOST { }
      |                         ^
/usr/local/cuda/include/sm_32_intrinsics.h:137:66: note: in expansion of macro '__DEF_IF_HOST'
  137 | __SM_32_INTRINSICS_DECL__ longlong2 __ldcg(const longlong2 *ptr) __DEF_IF_HOST
      |                                                                  ^~~~~~~~~~~~~
/usr/local/cuda/include/sm_32_intrinsics.h: In function 'unsigned char __ldcg(const unsigned char*)':
/usr/local/cuda/include/sm_32_intrinsics.h:74:25: warning: no return statement in function returning non-void [-Wreturn-type]
   74 | #define __DEF_IF_HOST { }
      |                         ^
/usr/local/cuda/include/sm_32_intrinsics.h:139:74: note: in expansion of macro '__DEF_IF_HOST'
  139 | __SM_32_INTRINSICS_DECL__ unsigned char __ldcg(const unsigned char *ptr) __DEF_IF_HOST
      |                                                                          ^~~~~~~~~~~~~
/usr/local/cuda/include/sm_32_intrinsics.h: In function 'short unsigned int __ldcg(const short unsigned int*)':
/usr/local/cuda/include/sm_32_intrinsics.h:74:25: warning: no return statement in function returning non-void [-Wreturn-type]
   74 | #define __DEF_IF_HOST { }
      |                         ^
/usr/local/cuda/include/sm_32_intrinsics.h:140:76: note: in expansion of macro '__DEF_IF_HOST'
  140 | __SM_32_INTRINSICS_DECL__ unsigned short __ldcg(const unsigned short *ptr) __DEF_IF_HOST
      |                                                                            ^~~~~~~~~~~~~
/usr/local/cuda/include/sm_32_intrinsics.h: In function 'unsigned int __ldcg(const unsigned int*)':
/usr/local/cuda/include/sm_32_intrinsics.h:74:25: warning: no return statement in function returning non-void [-Wreturn-type]
   74 | #define __DEF_IF_HOST { }
      |                         ^
/usr/local/cuda/include/sm_32_intrinsics.h:141:72: note: in expansion of macro '__DEF_IF_HOST'
  141 | __SM_32_INTRINSICS_DECL__ unsigned int __ldcg(const unsigned int *ptr) __DEF_IF_HOST
      |                                                                        ^~~~~~~~~~~~~
/usr/local/cuda/include/sm_32_intrinsics.h: In function 'long long unsigned int __ldcg(const long long unsigned int*)':
/usr/local/cuda/include/sm_32_intrinsics.h:74:25: warning: no return statement in function returning non-void [-Wreturn-type]
   74 | #define __DEF_IF_HOST { }
      |                         ^
/usr/local/cuda/include/sm_32_intrinsics.h:142:84: note: in expansion of macro '__DEF_IF_HOST'
  142 | __SM_32_INTRINSICS_DECL__ unsigned long long __ldcg(const unsigned long long *ptr) __DEF_IF_HOST
      |                                                                                    ^~~~~~~~~~~~~
/usr/local/cuda/include/sm_32_intrinsics.h: In function 'uchar2 __ldcg(const uchar2*)':
/usr/local/cuda/include/sm_32_intrinsics.h:74:25: warning: no return statement in function returning non-void [-Wreturn-type]
   74 | #define __DEF_IF_HOST { }
      |                         ^
/usr/local/cuda/include/sm_32_intrinsics.h:143:60: note: in expansion of macro '__DEF_IF_HOST'
  143 | __SM_32_INTRINSICS_DECL__ uchar2 __ldcg(const uchar2 *ptr) __DEF_IF_HOST
      |                                                            ^~~~~~~~~~~~~
/usr/local/cuda/include/sm_32_intrinsics.h: In function 'uchar4 __ldcg(const uchar4*)':
/usr/local/cuda/include/sm_32_intrinsics.h:74:25: warning: no return statement in function returning non-void [-Wreturn-type]
   74 | #define __DEF_IF_HOST { }
      |                         ^
/usr/local/cuda/include/sm_32_intrinsics.h:144:60: note: in expansion of macro '__DEF_IF_HOST'
  144 | __SM_32_INTRINSICS_DECL__ uchar4 __ldcg(const uchar4 *ptr) __DEF_IF_HOST
      |                                                            ^~~~~~~~~~~~~
/usr/local/cuda/include/sm_32_intrinsics.h: In function 'ushort2 __ldcg(const ushort2*)':
/usr/local/cuda/include/sm_32_intrinsics.h:74:25: warning: no return statement in function returning non-void [-Wreturn-type]
   74 | #define __DEF_IF_HOST { }
      |                         ^
/usr/local/cuda/include/sm_32_intrinsics.h:145:62: note: in expansion of macro '__DEF_IF_HOST'
  145 | __SM_32_INTRINSICS_DECL__ ushort2 __ldcg(const ushort2 *ptr) __DEF_IF_HOST
      |                                                              ^~~~~~~~~~~~~
/usr/local/cuda/include/sm_32_intrinsics.h: In function 'ushort4 __ldcg(const ushort4*)':
/usr/local/cuda/include/sm_32_intrinsics.h:74:25: warning: no return statement in function returning non-void [-Wreturn-type]
   74 | #define __DEF_IF_HOST { }
      |                         ^
/usr/local/cuda/include/sm_32_intrinsics.h:146:62: note: in expansion of macro '__DEF_IF_HOST'
  146 | __SM_32_INTRINSICS_DECL__ ushort4 __ldcg(const ushort4 *ptr) __DEF_IF_HOST
      |                                                              ^~~~~~~~~~~~~
/usr/local/cuda/include/sm_32_intrinsics.h: In function 'uint2 __ldcg(const uint2*)':
/usr/local/cuda/include/sm_32_intrinsics.h:74:25: warning: no return statement in function returning non-void [-Wreturn-type]
   74 | #define __DEF_IF_HOST { }
      |                         ^
/usr/local/cuda/include/sm_32_intrinsics.h:147:58: note: in expansion of macro '__DEF_IF_HOST'
  147 | __SM_32_INTRINSICS_DECL__ uint2 __ldcg(const uint2 *ptr) __DEF_IF_HOST
      |                                                          ^~~~~~~~~~~~~
/usr/local/cuda/include/sm_32_intrinsics.h: In function 'uint4 __ldcg(const uint4*)':
/usr/local/cuda/include/sm_32_intrinsics.h:74:25: warning: no return statement in function returning non-void [-Wreturn-type]
   74 | #define __DEF_IF_HOST { }
      |                         ^
/usr/local/cuda/include/sm_32_intrinsics.h:148:58: note: in expansion of macro '__DEF_IF_HOST'
  148 | __SM_32_INTRINSICS_DECL__ uint4 __ldcg(const uint4 *ptr) __DEF_IF_HOST
      |                                                          ^~~~~~~~~~~~~
/usr/local/cuda/include/sm_32_intrinsics.h: In function 'ulonglong2 __ldcg(const ulonglong2*)':
/usr/local/cuda/include/sm_32_intrinsics.h:74:25: warning: no return statement in function returning non-void [-Wreturn-type]
   74 | #define __DEF_IF_HOST { }
      |                         ^
/usr/local/cuda/include/sm_32_intrinsics.h:149:68: note: in expansion of macro '__DEF_IF_HOST'
  149 | __SM_32_INTRINSICS_DECL__ ulonglong2 __ldcg(const ulonglong2 *ptr) __DEF_IF_HOST
      |                                                                    ^~~~~~~~~~~~~
/usr/local/cuda/include/sm_32_intrinsics.h: In function 'float __ldcg(const float*)':
/usr/local/cuda/include/sm_32_intrinsics.h:74:25: warning: no return statement in function returning non-void [-Wreturn-type]
   74 | #define __DEF_IF_HOST { }
      |                         ^
/usr/local/cuda/include/sm_32_intrinsics.h:151:58: note: in expansion of macro '__DEF_IF_HOST'
  151 | __SM_32_INTRINSICS_DECL__ float __ldcg(const float *ptr) __DEF_IF_HOST
      |                                                          ^~~~~~~~~~~~~
/usr/local/cuda/include/sm_32_intrinsics.h: In function 'double __ldcg(const double*)':
/usr/local/cuda/include/sm_32_intrinsics.h:74:25: warning: no return statement in function returning non-void [-Wreturn-type]
   74 | #define __DEF_IF_HOST { }
      |                         ^
/usr/local/cuda/include/sm_32_intrinsics.h:152:60: note: in expansion of macro '__DEF_IF_HOST'
  152 | __SM_32_INTRINSICS_DECL__ double __ldcg(const double *ptr) __DEF_IF_HOST
      |                                                            ^~~~~~~~~~~~~
/usr/local/cuda/include/sm_32_intrinsics.h: In function 'float2 __ldcg(const float2*)':
/usr/local/cuda/include/sm_32_intrinsics.h:74:25: warning: no return statement in function returning non-void [-Wreturn-type]
   74 | #define __DEF_IF_HOST { }
      |                         ^
/usr/local/cuda/include/sm_32_intrinsics.h:153:60: note: in expansion of macro '__DEF_IF_HOST'
  153 | __SM_32_INTRINSICS_DECL__ float2 __ldcg(const float2 *ptr) __DEF_IF_HOST
      |                                                            ^~~~~~~~~~~~~
/usr/local/cuda/include/sm_32_intrinsics.h: In function 'float4 __ldcg(const float4*)':
/usr/local/cuda/include/sm_32_intrinsics.h:74:25: warning: no return statement in function returning non-void [-Wreturn-type]
   74 | #define __DEF_IF_HOST { }
      |                         ^
/usr/local/cuda/include/sm_32_intrinsics.h:154:60: note: in expansion of macro '__DEF_IF_HOST'
  154 | __SM_32_INTRINSICS_DECL__ float4 __ldcg(const float4 *ptr) __DEF_IF_HOST
      |                                                            ^~~~~~~~~~~~~
/usr/local/cuda/include/sm_32_intrinsics.h: In function 'double2 __ldcg(const double2*)':
/usr/local/cuda/include/sm_32_intrinsics.h:74:25: warning: no return statement in function returning non-void [-Wreturn-type]
   74 | #define __DEF_IF_HOST { }
      |                         ^
/usr/local/cuda/include/sm_32_intrinsics.h:155:62: note: in expansion of macro '__DEF_IF_HOST'
  155 | __SM_32_INTRINSICS_DECL__ double2 __ldcg(const double2 *ptr) __DEF_IF_HOST
      |                                                              ^~~~~~~~~~~~~
/usr/local/cuda/include/sm_32_intrinsics.h: In function 'long int __ldca(const long int*)':
/usr/local/cuda/include/sm_32_intrinsics.h:74:25: warning: no return statement in function returning non-void [-Wreturn-type]
   74 | #define __DEF_IF_HOST { }
      |                         ^
/usr/local/cuda/include/sm_32_intrinsics.h:159:56: note: in expansion of macro '__DEF_IF_HOST'
  159 | __SM_32_INTRINSICS_DECL__ long __ldca(const long *ptr) __DEF_IF_HOST
      |                                                        ^~~~~~~~~~~~~
/usr/local/cuda/include/sm_32_intrinsics.h: In function 'long unsigned int __ldca(const long unsigned int*)':
/usr/local/cuda/include/sm_32_intrinsics.h:74:25: warning: no return statement in function returning non-void [-Wreturn-type]
   74 | #define __DEF_IF_HOST { }
      |                         ^
/usr/local/cuda/include/sm_32_intrinsics.h:160:74: note: in expansion of macro '__DEF_IF_HOST'
  160 | __SM_32_INTRINSICS_DECL__ unsigned long __ldca(const unsigned long *ptr) __DEF_IF_HOST
      |                                                                          ^~~~~~~~~~~~~
/usr/local/cuda/include/sm_32_intrinsics.h: In function 'char __ldca(const char*)':
/usr/local/cuda/include/sm_32_intrinsics.h:74:25: warning: no return statement in function returning non-void [-Wreturn-type]
   74 | #define __DEF_IF_HOST { }
      |                         ^
/usr/local/cuda/include/sm_32_intrinsics.h:162:56: note: in expansion of macro '__DEF_IF_HOST'
  162 | __SM_32_INTRINSICS_DECL__ char __ldca(const char *ptr) __DEF_IF_HOST
      |                                                        ^~~~~~~~~~~~~
/usr/local/cuda/include/sm_32_intrinsics.h: In function 'signed char __ldca(const signed char*)':
/usr/local/cuda/include/sm_32_intrinsics.h:74:25: warning: no return statement in function returning non-void [-Wreturn-type]
   74 | #define __DEF_IF_HOST { }
      |                         ^
/usr/local/cuda/include/sm_32_intrinsics.h:163:70: note: in expansion of macro '__DEF_IF_HOST'
  163 | __SM_32_INTRINSICS_DECL__ signed char __ldca(const signed char *ptr) __DEF_IF_HOST
      |                                                                      ^~~~~~~~~~~~~
/usr/local/cuda/include/sm_32_intrinsics.h: In function 'short int __ldca(const short int*)':
/usr/local/cuda/include/sm_32_intrinsics.h:74:25: warning: no return statement in function returning non-void [-Wreturn-type]
   74 | #define __DEF_IF_HOST { }
      |                         ^
/usr/local/cuda/include/sm_32_intrinsics.h:164:58: note: in expansion of macro '__DEF_IF_HOST'
  164 | __SM_32_INTRINSICS_DECL__ short __ldca(const short *ptr) __DEF_IF_HOST
      |                                                          ^~~~~~~~~~~~~
/usr/local/cuda/include/sm_32_intrinsics.h: In function 'int __ldca(const int*)':
/usr/local/cuda/include/sm_32_intrinsics.h:74:25: warning: no return statement in function returning non-void [-Wreturn-type]
   74 | #define __DEF_IF_HOST { }
      |                         ^
/usr/local/cuda/include/sm_32_intrinsics.h:165:54: note: in expansion of macro '__DEF_IF_HOST'
  165 | __SM_32_INTRINSICS_DECL__ int __ldca(const int *ptr) __DEF_IF_HOST
      |                                                      ^~~~~~~~~~~~~
/usr/local/cuda/include/sm_32_intrinsics.h: In function 'long long int __ldca(const long long int*)':
/usr/local/cuda/include/sm_32_intrinsics.h:74:25: warning: no return statement in function returning non-void [-Wreturn-type]
   74 | #define __DEF_IF_HOST { }
      |                         ^
/usr/local/cuda/include/sm_32_intrinsics.h:166:66: note: in expansion of macro '__DEF_IF_HOST'
  166 | __SM_32_INTRINSICS_DECL__ long long __ldca(const long long *ptr) __DEF_IF_HOST
      |                                                                  ^~~~~~~~~~~~~
/usr/local/cuda/include/sm_32_intrinsics.h: In function 'char2 __ldca(const char2*)':
/usr/local/cuda/include/sm_32_intrinsics.h:74:25: warning: no return statement in function returning non-void [-Wreturn-type]
   74 | #define __DEF_IF_HOST { }
      |                         ^
/usr/local/cuda/include/sm_32_intrinsics.h:167:58: note: in expansion of macro '__DEF_IF_HOST'
  167 | __SM_32_INTRINSICS_DECL__ char2 __ldca(const char2 *ptr) __DEF_IF_HOST
      |                                                          ^~~~~~~~~~~~~
/usr/local/cuda/include/sm_32_intrinsics.h: In function 'char4 __ldca(const char4*)':
/usr/local/cuda/include/sm_32_intrinsics.h:74:25: warning: no return statement in function returning non-void [-Wreturn-type]
   74 | #define __DEF_IF_HOST { }
      |                         ^
/usr/local/cuda/include/sm_32_intrinsics.h:168:58: note: in expansion of macro '__DEF_IF_HOST'
  168 | __SM_32_INTRINSICS_DECL__ char4 __ldca(const char4 *ptr) __DEF_IF_HOST
      |                                                          ^~~~~~~~~~~~~
/usr/local/cuda/include/sm_32_intrinsics.h: In function 'short2 __ldca(const short2*)':
/usr/local/cuda/include/sm_32_intrinsics.h:74:25: warning: no return statement in function returning non-void [-Wreturn-type]
   74 | #define __DEF_IF_HOST { }
      |                         ^
/usr/local/cuda/include/sm_32_intrinsics.h:169:60: note: in expansion of macro '__DEF_IF_HOST'
  169 | __SM_32_INTRINSICS_DECL__ short2 __ldca(const short2 *ptr) __DEF_IF_HOST
      |                                                            ^~~~~~~~~~~~~
/usr/local/cuda/include/sm_32_intrinsics.h: In function 'short4 __ldca(const short4*)':
/usr/local/cuda/include/sm_32_intrinsics.h:74:25: warning: no return statement in function returning non-void [-Wreturn-type]
   74 | #define __DEF_IF_HOST { }
      |                         ^
/usr/local/cuda/include/sm_32_intrinsics.h:170:60: note: in expansion of macro '__DEF_IF_HOST'
  170 | __SM_32_INTRINSICS_DECL__ short4 __ldca(const short4 *ptr) __DEF_IF_HOST
      |                                                            ^~~~~~~~~~~~~
/usr/local/cuda/include/sm_32_intrinsics.h: In function 'int2 __ldca(const int2*)':
/usr/local/cuda/include/sm_32_intrinsics.h:74:25: warning: no return statement in function returning non-void [-Wreturn-type]
   74 | #define __DEF_IF_HOST { }
      |                         ^
/usr/local/cuda/include/sm_32_intrinsics.h:171:56: note: in expansion of macro '__DEF_IF_HOST'
  171 | __SM_32_INTRINSICS_DECL__ int2 __ldca(const int2 *ptr) __DEF_IF_HOST
      |                                                        ^~~~~~~~~~~~~
/usr/local/cuda/include/sm_32_intrinsics.h: In function 'int4 __ldca(const int4*)':
/usr/local/cuda/include/sm_32_intrinsics.h:74:25: warning: no return statement in function returning non-void [-Wreturn-type]
   74 | #define __DEF_IF_HOST { }
      |                         ^
/usr/local/cuda/include/sm_32_intrinsics.h:172:56: note: in expansion of macro '__DEF_IF_HOST'
  172 | __SM_32_INTRINSICS_DECL__ int4 __ldca(const int4 *ptr) __DEF_IF_HOST
      |                                                        ^~~~~~~~~~~~~
/usr/local/cuda/include/sm_32_intrinsics.h: In function 'longlong2 __ldca(const longlong2*)':
/usr/local/cuda/include/sm_32_intrinsics.h:74:25: warning: no return statement in function returning non-void [-Wreturn-type]
   74 | #define __DEF_IF_HOST { }
      |                         ^
/usr/local/cuda/include/sm_32_intrinsics.h:173:66: note: in expansion of macro '__DEF_IF_HOST'
  173 | __SM_32_INTRINSICS_DECL__ longlong2 __ldca(const longlong2 *ptr) __DEF_IF_HOST
      |                                                                  ^~~~~~~~~~~~~
/usr/local/cuda/include/sm_32_intrinsics.h: In function 'unsigned char __ldca(const unsigned char*)':
/usr/local/cuda/include/sm_32_intrinsics.h:74:25: warning: no return statement in function returning non-void [-Wreturn-type]
   74 | #define __DEF_IF_HOST { }
      |                         ^
/usr/local/cuda/include/sm_32_intrinsics.h:175:74: note: in expansion of macro '__DEF_IF_HOST'
  175 | __SM_32_INTRINSICS_DECL__ unsigned char __ldca(const unsigned char *ptr) __DEF_IF_HOST
      |                                                                          ^~~~~~~~~~~~~
/usr/local/cuda/include/sm_32_intrinsics.h: In function 'short unsigned int __ldca(const short unsigned int*)':
/usr/local/cuda/include/sm_32_intrinsics.h:74:25: warning: no return statement in function returning non-void [-Wreturn-type]
   74 | #define __DEF_IF_HOST { }
      |                         ^
/usr/local/cuda/include/sm_32_intrinsics.h:176:76: note: in expansion of macro '__DEF_IF_HOST'
  176 | __SM_32_INTRINSICS_DECL__ unsigned short __ldca(const unsigned short *ptr) __DEF_IF_HOST
      |                                                                            ^~~~~~~~~~~~~
/usr/local/cuda/include/sm_32_intrinsics.h: In function 'unsigned int __ldca(const unsigned int*)':
/usr/local/cuda/include/sm_32_intrinsics.h:74:25: warning: no return statement in function returning non-void [-Wreturn-type]
   74 | #define __DEF_IF_HOST { }
      |                         ^
/usr/local/cuda/include/sm_32_intrinsics.h:177:72: note: in expansion of macro '__DEF_IF_HOST'
  177 | __SM_32_INTRINSICS_DECL__ unsigned int __ldca(const unsigned int *ptr) __DEF_IF_HOST
      |                                                                        ^~~~~~~~~~~~~
/usr/local/cuda/include/sm_32_intrinsics.h: In function 'long long unsigned int __ldca(const long long unsigned int*)':
/usr/local/cuda/include/sm_32_intrinsics.h:74:25: warning: no return statement in function returning non-void [-Wreturn-type]
   74 | #define __DEF_IF_HOST { }
      |                         ^
/usr/local/cuda/include/sm_32_intrinsics.h:178:84: note: in expansion of macro '__DEF_IF_HOST'
  178 | __SM_32_INTRINSICS_DECL__ unsigned long long __ldca(const unsigned long long *ptr) __DEF_IF_HOST
      |                                                                                    ^~~~~~~~~~~~~
/usr/local/cuda/include/sm_32_intrinsics.h: In function 'uchar2 __ldca(const uchar2*)':
/usr/local/cuda/include/sm_32_intrinsics.h:74:25: warning: no return statement in function returning non-void [-Wreturn-type]
   74 | #define __DEF_IF_HOST { }
      |                         ^
/usr/local/cuda/include/sm_32_intrinsics.h:179:60: note: in expansion of macro '__DEF_IF_HOST'
  179 | __SM_32_INTRINSICS_DECL__ uchar2 __ldca(const uchar2 *ptr) __DEF_IF_HOST
      |                                                            ^~~~~~~~~~~~~
/usr/local/cuda/include/sm_32_intrinsics.h: In function 'uchar4 __ldca(const uchar4*)':
/usr/local/cuda/include/sm_32_intrinsics.h:74:25: warning: no return statement in function returning non-void [-Wreturn-type]
   74 | #define __DEF_IF_HOST { }
      |                         ^
/usr/local/cuda/include/sm_32_intrinsics.h:180:60: note: in expansion of macro '__DEF_IF_HOST'
  180 | __SM_32_INTRINSICS_DECL__ uchar4 __ldca(const uchar4 *ptr) __DEF_IF_HOST
      |                                                            ^~~~~~~~~~~~~
/usr/local/cuda/include/sm_32_intrinsics.h: In function 'ushort2 __ldca(const ushort2*)':
/usr/local/cuda/include/sm_32_intrinsics.h:74:25: warning: no return statement in function returning non-void [-Wreturn-type]
   74 | #define __DEF_IF_HOST { }
      |                         ^
/usr/local/cuda/include/sm_32_intrinsics.h:181:62: note: in expansion of macro '__DEF_IF_HOST'
  181 | __SM_32_INTRINSICS_DECL__ ushort2 __ldca(const ushort2 *ptr) __DEF_IF_HOST
      |                                                              ^~~~~~~~~~~~~
/usr/local/cuda/include/sm_32_intrinsics.h: In function 'ushort4 __ldca(const ushort4*)':
/usr/local/cuda/include/sm_32_intrinsics.h:74:25: warning: no return statement in function returning non-void [-Wreturn-type]
   74 | #define __DEF_IF_HOST { }
      |                         ^
/usr/local/cuda/include/sm_32_intrinsics.h:182:62: note: in expansion of macro '__DEF_IF_HOST'
  182 | __SM_32_INTRINSICS_DECL__ ushort4 __ldca(const ushort4 *ptr) __DEF_IF_HOST
      |                                                              ^~~~~~~~~~~~~
/usr/local/cuda/include/sm_32_intrinsics.h: In function 'uint2 __ldca(const uint2*)':
/usr/local/cuda/include/sm_32_intrinsics.h:74:25: warning: no return statement in function returning non-void [-Wreturn-type]
   74 | #define __DEF_IF_HOST { }
      |                         ^
/usr/local/cuda/include/sm_32_intrinsics.h:183:58: note: in expansion of macro '__DEF_IF_HOST'
  183 | __SM_32_INTRINSICS_DECL__ uint2 __ldca(const uint2 *ptr) __DEF_IF_HOST
      |                                                          ^~~~~~~~~~~~~
/usr/local/cuda/include/sm_32_intrinsics.h: In function 'uint4 __ldca(const uint4*)':
/usr/local/cuda/include/sm_32_intrinsics.h:74:25: warning: no return statement in function returning non-void [-Wreturn-type]
   74 | #define __DEF_IF_HOST { }
      |                         ^
/usr/local/cuda/include/sm_32_intrinsics.h:184:58: note: in expansion of macro '__DEF_IF_HOST'
  184 | __SM_32_INTRINSICS_DECL__ uint4 __ldca(const uint4 *ptr) __DEF_IF_HOST
      |                                                          ^~~~~~~~~~~~~
/usr/local/cuda/include/sm_32_intrinsics.h: In function 'ulonglong2 __ldca(const ulonglong2*)':
/usr/local/cuda/include/sm_32_intrinsics.h:74:25: warning: no return statement in function returning non-void [-Wreturn-type]
   74 | #define __DEF_IF_HOST { }
      |                         ^
/usr/local/cuda/include/sm_32_intrinsics.h:185:68: note: in expansion of macro '__DEF_IF_HOST'
  185 | __SM_32_INTRINSICS_DECL__ ulonglong2 __ldca(const ulonglong2 *ptr) __DEF_IF_HOST
      |                                                                    ^~~~~~~~~~~~~
/usr/local/cuda/include/sm_32_intrinsics.h: In function 'float __ldca(const float*)':
/usr/local/cuda/include/sm_32_intrinsics.h:74:25: warning: no return statement in function returning non-void [-Wreturn-type]
   74 | #define __DEF_IF_HOST { }
      |                         ^
/usr/local/cuda/include/sm_32_intrinsics.h:187:58: note: in expansion of macro '__DEF_IF_HOST'
  187 | __SM_32_INTRINSICS_DECL__ float __ldca(const float *ptr) __DEF_IF_HOST
      |                                                          ^~~~~~~~~~~~~
/usr/local/cuda/include/sm_32_intrinsics.h: In function 'double __ldca(const double*)':
/usr/local/cuda/include/sm_32_intrinsics.h:74:25: warning: no return statement in function returning non-void [-Wreturn-type]
   74 | #define __DEF_IF_HOST { }
      |                         ^
/usr/local/cuda/include/sm_32_intrinsics.h:188:60: note: in expansion of macro '__DEF_IF_HOST'
  188 | __SM_32_INTRINSICS_DECL__ double __ldca(const double *ptr) __DEF_IF_HOST
      |                                                            ^~~~~~~~~~~~~
/usr/local/cuda/include/sm_32_intrinsics.h: In function 'float2 __ldca(const float2*)':
/usr/local/cuda/include/sm_32_intrinsics.h:74:25: warning: no return statement in function returning non-void [-Wreturn-type]
   74 | #define __DEF_IF_HOST { }
      |                         ^
/usr/local/cuda/include/sm_32_intrinsics.h:189:60: note: in expansion of macro '__DEF_IF_HOST'
  189 | __SM_32_INTRINSICS_DECL__ float2 __ldca(const float2 *ptr) __DEF_IF_HOST
      |                                                            ^~~~~~~~~~~~~
/usr/local/cuda/include/sm_32_intrinsics.h: In function 'float4 __ldca(const float4*)':
/usr/local/cuda/include/sm_32_intrinsics.h:74:25: warning: no return statement in function returning non-void [-Wreturn-type]
   74 | #define __DEF_IF_HOST { }
      |                         ^
/usr/local/cuda/include/sm_32_intrinsics.h:190:60: note: in expansion of macro '__DEF_IF_HOST'
  190 | __SM_32_INTRINSICS_DECL__ float4 __ldca(const float4 *ptr) __DEF_IF_HOST
      |                                                            ^~~~~~~~~~~~~
/usr/local/cuda/include/sm_32_intrinsics.h: In function 'double2 __ldca(const double2*)':
/usr/local/cuda/include/sm_32_intrinsics.h:74:25: warning: no return statement in function returning non-void [-Wreturn-type]
   74 | #define __DEF_IF_HOST { }
      |                         ^
/usr/local/cuda/include/sm_32_intrinsics.h:191:62: note: in expansion of macro '__DEF_IF_HOST'
  191 | __SM_32_INTRINSICS_DECL__ double2 __ldca(const double2 *ptr) __DEF_IF_HOST
      |                                                              ^~~~~~~~~~~~~
/usr/local/cuda/include/sm_32_intrinsics.h: In function 'long int __ldcs(const long int*)':
/usr/local/cuda/include/sm_32_intrinsics.h:74:25: warning: no return statement in function returning non-void [-Wreturn-type]
   74 | #define __DEF_IF_HOST { }
      |                         ^
/usr/local/cuda/include/sm_32_intrinsics.h:195:56: note: in expansion of macro '__DEF_IF_HOST'
  195 | __SM_32_INTRINSICS_DECL__ long __ldcs(const long *ptr) __DEF_IF_HOST
      |                                                        ^~~~~~~~~~~~~
/usr/local/cuda/include/sm_32_intrinsics.h: In function 'long unsigned int __ldcs(const long unsigned int*)':
/usr/local/cuda/include/sm_32_intrinsics.h:74:25: warning: no return statement in function returning non-void [-Wreturn-type]
   74 | #define __DEF_IF_HOST { }
      |                         ^
/usr/local/cuda/include/sm_32_intrinsics.h:196:74: note: in expansion of macro '__DEF_IF_HOST'
  196 | __SM_32_INTRINSICS_DECL__ unsigned long __ldcs(const unsigned long *ptr) __DEF_IF_HOST
      |                                                                          ^~~~~~~~~~~~~
/usr/local/cuda/include/sm_32_intrinsics.h: In function 'char __ldcs(const char*)':
/usr/local/cuda/include/sm_32_intrinsics.h:74:25: warning: no return statement in function returning non-void [-Wreturn-type]
   74 | #define __DEF_IF_HOST { }
      |                         ^
/usr/local/cuda/include/sm_32_intrinsics.h:198:56: note: in expansion of macro '__DEF_IF_HOST'
  198 | __SM_32_INTRINSICS_DECL__ char __ldcs(const char *ptr) __DEF_IF_HOST
      |                                                        ^~~~~~~~~~~~~
/usr/local/cuda/include/sm_32_intrinsics.h: In function 'signed char __ldcs(const signed char*)':
/usr/local/cuda/include/sm_32_intrinsics.h:74:25: warning: no return statement in function returning non-void [-Wreturn-type]
   74 | #define __DEF_IF_HOST { }
      |                         ^
/usr/local/cuda/include/sm_32_intrinsics.h:199:70: note: in expansion of macro '__DEF_IF_HOST'
  199 | __SM_32_INTRINSICS_DECL__ signed char __ldcs(const signed char *ptr) __DEF_IF_HOST
      |                                                                      ^~~~~~~~~~~~~
/usr/local/cuda/include/sm_32_intrinsics.h: In function 'short int __ldcs(const short int*)':
/usr/local/cuda/include/sm_32_intrinsics.h:74:25: warning: no return statement in function returning non-void [-Wreturn-type]
   74 | #define __DEF_IF_HOST { }
      |                         ^
/usr/local/cuda/include/sm_32_intrinsics.h:200:58: note: in expansion of macro '__DEF_IF_HOST'
  200 | __SM_32_INTRINSICS_DECL__ short __ldcs(const short *ptr) __DEF_IF_HOST
      |                                                          ^~~~~~~~~~~~~
/usr/local/cuda/include/sm_32_intrinsics.h: In function 'int __ldcs(const int*)':
/usr/local/cuda/include/sm_32_intrinsics.h:74:25: warning: no return statement in function returning non-void [-Wreturn-type]
   74 | #define __DEF_IF_HOST { }
      |                         ^
/usr/local/cuda/include/sm_32_intrinsics.h:201:54: note: in expansion of macro '__DEF_IF_HOST'
  201 | __SM_32_INTRINSICS_DECL__ int __ldcs(const int *ptr) __DEF_IF_HOST
      |                                                      ^~~~~~~~~~~~~
/usr/local/cuda/include/sm_32_intrinsics.h: In function 'long long int __ldcs(const long long int*)':
/usr/local/cuda/include/sm_32_intrinsics.h:74:25: warning: no return statement in function returning non-void [-Wreturn-type]
   74 | #define __DEF_IF_HOST { }
      |                         ^
/usr/local/cuda/include/sm_32_intrinsics.h:202:66: note: in expansion of macro '__DEF_IF_HOST'
  202 | __SM_32_INTRINSICS_DECL__ long long __ldcs(const long long *ptr) __DEF_IF_HOST
      |                                                                  ^~~~~~~~~~~~~
/usr/local/cuda/include/sm_32_intrinsics.h: In function 'char2 __ldcs(const char2*)':
/usr/local/cuda/include/sm_32_intrinsics.h:74:25: warning: no return statement in function returning non-void [-Wreturn-type]
   74 | #define __DEF_IF_HOST { }
      |                         ^
/usr/local/cuda/include/sm_32_intrinsics.h:203:58: note: in expansion of macro '__DEF_IF_HOST'
  203 | __SM_32_INTRINSICS_DECL__ char2 __ldcs(const char2 *ptr) __DEF_IF_HOST
      |                                                          ^~~~~~~~~~~~~
/usr/local/cuda/include/sm_32_intrinsics.h: In function 'char4 __ldcs(const char4*)':
/usr/local/cuda/include/sm_32_intrinsics.h:74:25: warning: no return statement in function returning non-void [-Wreturn-type]
   74 | #define __DEF_IF_HOST { }
      |                         ^
/usr/local/cuda/include/sm_32_intrinsics.h:204:58: note: in expansion of macro '__DEF_IF_HOST'
  204 | __SM_32_INTRINSICS_DECL__ char4 __ldcs(const char4 *ptr) __DEF_IF_HOST
      |                                                          ^~~~~~~~~~~~~
/usr/local/cuda/include/sm_32_intrinsics.h: In function 'short2 __ldcs(const short2*)':
/usr/local/cuda/include/sm_32_intrinsics.h:74:25: warning: no return statement in function returning non-void [-Wreturn-type]
   74 | #define __DEF_IF_HOST { }
      |                         ^
/usr/local/cuda/include/sm_32_intrinsics.h:205:60: note: in expansion of macro '__DEF_IF_HOST'
  205 | __SM_32_INTRINSICS_DECL__ short2 __ldcs(const short2 *ptr) __DEF_IF_HOST
      |                                                            ^~~~~~~~~~~~~
/usr/local/cuda/include/sm_32_intrinsics.h: In function 'short4 __ldcs(const short4*)':
/usr/local/cuda/include/sm_32_intrinsics.h:74:25: warning: no return statement in function returning non-void [-Wreturn-type]
   74 | #define __DEF_IF_HOST { }
      |                         ^
/usr/local/cuda/include/sm_32_intrinsics.h:206:60: note: in expansion of macro '__DEF_IF_HOST'
  206 | __SM_32_INTRINSICS_DECL__ short4 __ldcs(const short4 *ptr) __DEF_IF_HOST
      |                                                            ^~~~~~~~~~~~~
/usr/local/cuda/include/sm_32_intrinsics.h: In function 'int2 __ldcs(const int2*)':
/usr/local/cuda/include/sm_32_intrinsics.h:74:25: warning: no return statement in function returning non-void [-Wreturn-type]
   74 | #define __DEF_IF_HOST { }
      |                         ^
/usr/local/cuda/include/sm_32_intrinsics.h:207:56: note: in expansion of macro '__DEF_IF_HOST'
  207 | __SM_32_INTRINSICS_DECL__ int2 __ldcs(const int2 *ptr) __DEF_IF_HOST
      |                                                        ^~~~~~~~~~~~~
/usr/local/cuda/include/sm_32_intrinsics.h: In function 'int4 __ldcs(const int4*)':
/usr/local/cuda/include/sm_32_intrinsics.h:74:25: warning: no return statement in function returning non-void [-Wreturn-type]
   74 | #define __DEF_IF_HOST { }
      |                         ^
/usr/local/cuda/include/sm_32_intrinsics.h:208:56: note: in expansion of macro '__DEF_IF_HOST'
  208 | __SM_32_INTRINSICS_DECL__ int4 __ldcs(const int4 *ptr) __DEF_IF_HOST
      |                                                        ^~~~~~~~~~~~~
/usr/local/cuda/include/sm_32_intrinsics.h: In function 'longlong2 __ldcs(const longlong2*)':
/usr/local/cuda/include/sm_32_intrinsics.h:74:25: warning: no return statement in function returning non-void [-Wreturn-type]
   74 | #define __DEF_IF_HOST { }
      |                         ^
/usr/local/cuda/include/sm_32_intrinsics.h:209:66: note: in expansion of macro '__DEF_IF_HOST'
  209 | __SM_32_INTRINSICS_DECL__ longlong2 __ldcs(const longlong2 *ptr) __DEF_IF_HOST
      |                                                                  ^~~~~~~~~~~~~
/usr/local/cuda/include/sm_32_intrinsics.h: In function 'unsigned char __ldcs(const unsigned char*)':
/usr/local/cuda/include/sm_32_intrinsics.h:74:25: warning: no return statement in function returning non-void [-Wreturn-type]
   74 | #define __DEF_IF_HOST { }
      |                         ^
/usr/local/cuda/include/sm_32_intrinsics.h:211:74: note: in expansion of macro '__DEF_IF_HOST'
  211 | __SM_32_INTRINSICS_DECL__ unsigned char __ldcs(const unsigned char *ptr) __DEF_IF_HOST
      |                                                                          ^~~~~~~~~~~~~
/usr/local/cuda/include/sm_32_intrinsics.h: In function 'short unsigned int __ldcs(const short unsigned int*)':
/usr/local/cuda/include/sm_32_intrinsics.h:74:25: warning: no return statement in function returning non-void [-Wreturn-type]
   74 | #define __DEF_IF_HOST { }
      |                         ^
/usr/local/cuda/include/sm_32_intrinsics.h:212:76: note: in expansion of macro '__DEF_IF_HOST'
  212 | __SM_32_INTRINSICS_DECL__ unsigned short __ldcs(const unsigned short *ptr) __DEF_IF_HOST
      |                                                                            ^~~~~~~~~~~~~
/usr/local/cuda/include/sm_32_intrinsics.h: In function 'unsigned int __ldcs(const unsigned int*)':
/usr/local/cuda/include/sm_32_intrinsics.h:74:25: warning: no return statement in function returning non-void [-Wreturn-type]
   74 | #define __DEF_IF_HOST { }
      |                         ^
/usr/local/cuda/include/sm_32_intrinsics.h:213:72: note: in expansion of macro '__DEF_IF_HOST'
  213 | __SM_32_INTRINSICS_DECL__ unsigned int __ldcs(const unsigned int *ptr) __DEF_IF_HOST
      |                                                                        ^~~~~~~~~~~~~
/usr/local/cuda/include/sm_32_intrinsics.h: In function 'long long unsigned int __ldcs(const long long unsigned int*)':
/usr/local/cuda/include/sm_32_intrinsics.h:74:25: warning: no return statement in function returning non-void [-Wreturn-type]
   74 | #define __DEF_IF_HOST { }
      |                         ^
/usr/local/cuda/include/sm_32_intrinsics.h:214:84: note: in expansion of macro '__DEF_IF_HOST'
  214 | __SM_32_INTRINSICS_DECL__ unsigned long long __ldcs(const unsigned long long *ptr) __DEF_IF_HOST
      |                                                                                    ^~~~~~~~~~~~~
/usr/local/cuda/include/sm_32_intrinsics.h: In function 'uchar2 __ldcs(const uchar2*)':
/usr/local/cuda/include/sm_32_intrinsics.h:74:25: warning: no return statement in function returning non-void [-Wreturn-type]
   74 | #define __DEF_IF_HOST { }
      |                         ^
/usr/local/cuda/include/sm_32_intrinsics.h:215:60: note: in expansion of macro '__DEF_IF_HOST'
  215 | __SM_32_INTRINSICS_DECL__ uchar2 __ldcs(const uchar2 *ptr) __DEF_IF_HOST
      |                                                            ^~~~~~~~~~~~~
/usr/local/cuda/include/sm_32_intrinsics.h: In function 'uchar4 __ldcs(const uchar4*)':
/usr/local/cuda/include/sm_32_intrinsics.h:74:25: warning: no return statement in function returning non-void [-Wreturn-type]
   74 | #define __DEF_IF_HOST { }
      |                         ^
/usr/local/cuda/include/sm_32_intrinsics.h:216:60: note: in expansion of macro '__DEF_IF_HOST'
  216 | __SM_32_INTRINSICS_DECL__ uchar4 __ldcs(const uchar4 *ptr) __DEF_IF_HOST
      |                                                            ^~~~~~~~~~~~~
/usr/local/cuda/include/sm_32_intrinsics.h: In function 'ushort2 __ldcs(const ushort2*)':
/usr/local/cuda/include/sm_32_intrinsics.h:74:25: warning: no return statement in function returning non-void [-Wreturn-type]
   74 | #define __DEF_IF_HOST { }
      |                         ^
/usr/local/cuda/include/sm_32_intrinsics.h:217:62: note: in expansion of macro '__DEF_IF_HOST'
  217 | __SM_32_INTRINSICS_DECL__ ushort2 __ldcs(const ushort2 *ptr) __DEF_IF_HOST
      |                                                              ^~~~~~~~~~~~~
/usr/local/cuda/include/sm_32_intrinsics.h: In function 'ushort4 __ldcs(const ushort4*)':
/usr/local/cuda/include/sm_32_intrinsics.h:74:25: warning: no return statement in function returning non-void [-Wreturn-type]
   74 | #define __DEF_IF_HOST { }
      |                         ^
/usr/local/cuda/include/sm_32_intrinsics.h:218:62: note: in expansion of macro '__DEF_IF_HOST'
  218 | __SM_32_INTRINSICS_DECL__ ushort4 __ldcs(const ushort4 *ptr) __DEF_IF_HOST
      |                                                              ^~~~~~~~~~~~~
/usr/local/cuda/include/sm_32_intrinsics.h: In function 'uint2 __ldcs(const uint2*)':
/usr/local/cuda/include/sm_32_intrinsics.h:74:25: warning: no return statement in function returning non-void [-Wreturn-type]
   74 | #define __DEF_IF_HOST { }
      |                         ^
/usr/local/cuda/include/sm_32_intrinsics.h:219:58: note: in expansion of macro '__DEF_IF_HOST'
  219 | __SM_32_INTRINSICS_DECL__ uint2 __ldcs(const uint2 *ptr) __DEF_IF_HOST
      |                                                          ^~~~~~~~~~~~~
/usr/local/cuda/include/sm_32_intrinsics.h: In function 'uint4 __ldcs(const uint4*)':
/usr/local/cuda/include/sm_32_intrinsics.h:74:25: warning: no return statement in function returning non-void [-Wreturn-type]
   74 | #define __DEF_IF_HOST { }
      |                         ^
/usr/local/cuda/include/sm_32_intrinsics.h:220:58: note: in expansion of macro '__DEF_IF_HOST'
  220 | __SM_32_INTRINSICS_DECL__ uint4 __ldcs(const uint4 *ptr) __DEF_IF_HOST
      |                                                          ^~~~~~~~~~~~~
/usr/local/cuda/include/sm_32_intrinsics.h: In function 'ulonglong2 __ldcs(const ulonglong2*)':
/usr/local/cuda/include/sm_32_intrinsics.h:74:25: warning: no return statement in function returning non-void [-Wreturn-type]
   74 | #define __DEF_IF_HOST { }
      |                         ^
/usr/local/cuda/include/sm_32_intrinsics.h:221:68: note: in expansion of macro '__DEF_IF_HOST'
  221 | __SM_32_INTRINSICS_DECL__ ulonglong2 __ldcs(const ulonglong2 *ptr) __DEF_IF_HOST
      |                                                                    ^~~~~~~~~~~~~
/usr/local/cuda/include/sm_32_intrinsics.h: In function 'float __ldcs(const float*)':
/usr/local/cuda/include/sm_32_intrinsics.h:74:25: warning: no return statement in function returning non-void [-Wreturn-type]
   74 | #define __DEF_IF_HOST { }
      |                         ^
/usr/local/cuda/include/sm_32_intrinsics.h:223:58: note: in expansion of macro '__DEF_IF_HOST'
  223 | __SM_32_INTRINSICS_DECL__ float __ldcs(const float *ptr) __DEF_IF_HOST
      |                                                          ^~~~~~~~~~~~~
/usr/local/cuda/include/sm_32_intrinsics.h: In function 'double __ldcs(const double*)':
/usr/local/cuda/include/sm_32_intrinsics.h:74:25: warning: no return statement in function returning non-void [-Wreturn-type]
   74 | #define __DEF_IF_HOST { }
      |                         ^
/usr/local/cuda/include/sm_32_intrinsics.h:224:60: note: in expansion of macro '__DEF_IF_HOST'
  224 | __SM_32_INTRINSICS_DECL__ double __ldcs(const double *ptr) __DEF_IF_HOST
      |                                                            ^~~~~~~~~~~~~
/usr/local/cuda/include/sm_32_intrinsics.h: In function 'float2 __ldcs(const float2*)':
/usr/local/cuda/include/sm_32_intrinsics.h:74:25: warning: no return statement in function returning non-void [-Wreturn-type]
   74 | #define __DEF_IF_HOST { }
      |                         ^
/usr/local/cuda/include/sm_32_intrinsics.h:225:60: note: in expansion of macro '__DEF_IF_HOST'
  225 | __SM_32_INTRINSICS_DECL__ float2 __ldcs(const float2 *ptr) __DEF_IF_HOST
      |                                                            ^~~~~~~~~~~~~
/usr/local/cuda/include/sm_32_intrinsics.h: In function 'float4 __ldcs(const float4*)':
/usr/local/cuda/include/sm_32_intrinsics.h:74:25: warning: no return statement in function returning non-void [-Wreturn-type]
   74 | #define __DEF_IF_HOST { }
      |                         ^
/usr/local/cuda/include/sm_32_intrinsics.h:226:60: note: in expansion of macro '__DEF_IF_HOST'
  226 | __SM_32_INTRINSICS_DECL__ float4 __ldcs(const float4 *ptr) __DEF_IF_HOST
      |                                                            ^~~~~~~~~~~~~
/usr/local/cuda/include/sm_32_intrinsics.h: In function 'double2 __ldcs(const double2*)':
/usr/local/cuda/include/sm_32_intrinsics.h:74:25: warning: no return statement in function returning non-void [-Wreturn-type]
   74 | #define __DEF_IF_HOST { }
      |                         ^
/usr/local/cuda/include/sm_32_intrinsics.h:227:62: note: in expansion of macro '__DEF_IF_HOST'
  227 | __SM_32_INTRINSICS_DECL__ double2 __ldcs(const double2 *ptr) __DEF_IF_HOST
      |                                                              ^~~~~~~~~~~~~
/usr/local/cuda/include/sm_32_intrinsics.h: In function 'long int __ldlu(const long int*)':
/usr/local/cuda/include/sm_32_intrinsics.h:74:25: warning: no return statement in function returning non-void [-Wreturn-type]
   74 | #define __DEF_IF_HOST { }
      |                         ^
/usr/local/cuda/include/sm_32_intrinsics.h:231:56: note: in expansion of macro '__DEF_IF_HOST'
  231 | __SM_32_INTRINSICS_DECL__ long __ldlu(const long *ptr) __DEF_IF_HOST
      |                                                        ^~~~~~~~~~~~~
/usr/local/cuda/include/sm_32_intrinsics.h: In function 'long unsigned int __ldlu(const long unsigned int*)':
/usr/local/cuda/include/sm_32_intrinsics.h:74:25: warning: no return statement in function returning non-void [-Wreturn-type]
   74 | #define __DEF_IF_HOST { }
      |                         ^
/usr/local/cuda/include/sm_32_intrinsics.h:232:74: note: in expansion of macro '__DEF_IF_HOST'
  232 | __SM_32_INTRINSICS_DECL__ unsigned long __ldlu(const unsigned long *ptr) __DEF_IF_HOST
      |                                                                          ^~~~~~~~~~~~~
/usr/local/cuda/include/sm_32_intrinsics.h: In function 'char __ldlu(const char*)':
/usr/local/cuda/include/sm_32_intrinsics.h:74:25: warning: no return statement in function returning non-void [-Wreturn-type]
   74 | #define __DEF_IF_HOST { }
      |                         ^
/usr/local/cuda/include/sm_32_intrinsics.h:234:56: note: in expansion of macro '__DEF_IF_HOST'
  234 | __SM_32_INTRINSICS_DECL__ char __ldlu(const char *ptr) __DEF_IF_HOST
      |                                                        ^~~~~~~~~~~~~
/usr/local/cuda/include/sm_32_intrinsics.h: In function 'signed char __ldlu(const signed char*)':
/usr/local/cuda/include/sm_32_intrinsics.h:74:25: warning: no return statement in function returning non-void [-Wreturn-type]
   74 | #define __DEF_IF_HOST { }
      |                         ^
/usr/local/cuda/include/sm_32_intrinsics.h:235:70: note: in expansion of macro '__DEF_IF_HOST'
  235 | __SM_32_INTRINSICS_DECL__ signed char __ldlu(const signed char *ptr) __DEF_IF_HOST
      |                                                                      ^~~~~~~~~~~~~
/usr/local/cuda/include/sm_32_intrinsics.h: In function 'short int __ldlu(const short int*)':
/usr/local/cuda/include/sm_32_intrinsics.h:74:25: warning: no return statement in function returning non-void [-Wreturn-type]
   74 | #define __DEF_IF_HOST { }
      |                         ^
/usr/local/cuda/include/sm_32_intrinsics.h:236:58: note: in expansion of macro '__DEF_IF_HOST'
  236 | __SM_32_INTRINSICS_DECL__ short __ldlu(const short *ptr) __DEF_IF_HOST
      |                                                          ^~~~~~~~~~~~~
/usr/local/cuda/include/sm_32_intrinsics.h: In function 'int __ldlu(const int*)':
/usr/local/cuda/include/sm_32_intrinsics.h:74:25: warning: no return statement in function returning non-void [-Wreturn-type]
   74 | #define __DEF_IF_HOST { }
      |                         ^
/usr/local/cuda/include/sm_32_intrinsics.h:237:54: note: in expansion of macro '__DEF_IF_HOST'
  237 | __SM_32_INTRINSICS_DECL__ int __ldlu(const int *ptr) __DEF_IF_HOST
      |                                                      ^~~~~~~~~~~~~
/usr/local/cuda/include/sm_32_intrinsics.h: In function 'long long int __ldlu(const long long int*)':
/usr/local/cuda/include/sm_32_intrinsics.h:74:25: warning: no return statement in function returning non-void [-Wreturn-type]
   74 | #define __DEF_IF_HOST { }
      |                         ^
/usr/local/cuda/include/sm_32_intrinsics.h:238:66: note: in expansion of macro '__DEF_IF_HOST'
  238 | __SM_32_INTRINSICS_DECL__ long long __ldlu(const long long *ptr) __DEF_IF_HOST
      |                                                                  ^~~~~~~~~~~~~
/usr/local/cuda/include/sm_32_intrinsics.h: In function 'char2 __ldlu(const char2*)':
/usr/local/cuda/include/sm_32_intrinsics.h:74:25: warning: no return statement in function returning non-void [-Wreturn-type]
   74 | #define __DEF_IF_HOST { }
      |                         ^
/usr/local/cuda/include/sm_32_intrinsics.h:239:58: note: in expansion of macro '__DEF_IF_HOST'
  239 | __SM_32_INTRINSICS_DECL__ char2 __ldlu(const char2 *ptr) __DEF_IF_HOST
      |                                                          ^~~~~~~~~~~~~
/usr/local/cuda/include/sm_32_intrinsics.h: In function 'char4 __ldlu(const char4*)':
/usr/local/cuda/include/sm_32_intrinsics.h:74:25: warning: no return statement in function returning non-void [-Wreturn-type]
   74 | #define __DEF_IF_HOST { }
      |                         ^
/usr/local/cuda/include/sm_32_intrinsics.h:240:58: note: in expansion of macro '__DEF_IF_HOST'
  240 | __SM_32_INTRINSICS_DECL__ char4 __ldlu(const char4 *ptr) __DEF_IF_HOST
      |                                                          ^~~~~~~~~~~~~
/usr/local/cuda/include/sm_32_intrinsics.h: In function 'short2 __ldlu(const short2*)':
/usr/local/cuda/include/sm_32_intrinsics.h:74:25: warning: no return statement in function returning non-void [-Wreturn-type]
   74 | #define __DEF_IF_HOST { }
      |                         ^
/usr/local/cuda/include/sm_32_intrinsics.h:241:60: note: in expansion of macro '__DEF_IF_HOST'
  241 | __SM_32_INTRINSICS_DECL__ short2 __ldlu(const short2 *ptr) __DEF_IF_HOST
      |                                                            ^~~~~~~~~~~~~
/usr/local/cuda/include/sm_32_intrinsics.h: In function 'short4 __ldlu(const short4*)':
/usr/local/cuda/include/sm_32_intrinsics.h:74:25: warning: no return statement in function returning non-void [-Wreturn-type]
   74 | #define __DEF_IF_HOST { }
      |                         ^
/usr/local/cuda/include/sm_32_intrinsics.h:242:60: note: in expansion of macro '__DEF_IF_HOST'
  242 | __SM_32_INTRINSICS_DECL__ short4 __ldlu(const short4 *ptr) __DEF_IF_HOST
      |                                                            ^~~~~~~~~~~~~
/usr/local/cuda/include/sm_32_intrinsics.h: In function 'int2 __ldlu(const int2*)':
/usr/local/cuda/include/sm_32_intrinsics.h:74:25: warning: no return statement in function returning non-void [-Wreturn-type]
   74 | #define __DEF_IF_HOST { }
      |                         ^
/usr/local/cuda/include/sm_32_intrinsics.h:243:56: note: in expansion of macro '__DEF_IF_HOST'
  243 | __SM_32_INTRINSICS_DECL__ int2 __ldlu(const int2 *ptr) __DEF_IF_HOST
      |                                                        ^~~~~~~~~~~~~
/usr/local/cuda/include/sm_32_intrinsics.h: In function 'int4 __ldlu(const int4*)':
/usr/local/cuda/include/sm_32_intrinsics.h:74:25: warning: no return statement in function returning non-void [-Wreturn-type]
   74 | #define __DEF_IF_HOST { }
      |                         ^
/usr/local/cuda/include/sm_32_intrinsics.h:244:56: note: in expansion of macro '__DEF_IF_HOST'
  244 | __SM_32_INTRINSICS_DECL__ int4 __ldlu(const int4 *ptr) __DEF_IF_HOST
      |                                                        ^~~~~~~~~~~~~
/usr/local/cuda/include/sm_32_intrinsics.h: In function 'longlong2 __ldlu(const longlong2*)':
/usr/local/cuda/include/sm_32_intrinsics.h:74:25: warning: no return statement in function returning non-void [-Wreturn-type]
   74 | #define __DEF_IF_HOST { }
      |                         ^
/usr/local/cuda/include/sm_32_intrinsics.h:245:66: note: in expansion of macro '__DEF_IF_HOST'
  245 | __SM_32_INTRINSICS_DECL__ longlong2 __ldlu(const longlong2 *ptr) __DEF_IF_HOST
      |                                                                  ^~~~~~~~~~~~~
/usr/local/cuda/include/sm_32_intrinsics.h: In function 'unsigned char __ldlu(const unsigned char*)':
/usr/local/cuda/include/sm_32_intrinsics.h:74:25: warning: no return statement in function returning non-void [-Wreturn-type]
   74 | #define __DEF_IF_HOST { }
      |                         ^
/usr/local/cuda/include/sm_32_intrinsics.h:247:74: note: in expansion of macro '__DEF_IF_HOST'
  247 | __SM_32_INTRINSICS_DECL__ unsigned char __ldlu(const unsigned char *ptr) __DEF_IF_HOST
      |                                                                          ^~~~~~~~~~~~~
/usr/local/cuda/include/sm_32_intrinsics.h: In function 'short unsigned int __ldlu(const short unsigned int*)':
/usr/local/cuda/include/sm_32_intrinsics.h:74:25: warning: no return statement in function returning non-void [-Wreturn-type]
   74 | #define __DEF_IF_HOST { }
      |                         ^
/usr/local/cuda/include/sm_32_intrinsics.h:248:76: note: in expansion of macro '__DEF_IF_HOST'
  248 | __SM_32_INTRINSICS_DECL__ unsigned short __ldlu(const unsigned short *ptr) __DEF_IF_HOST
      |                                                                            ^~~~~~~~~~~~~
/usr/local/cuda/include/sm_32_intrinsics.h: In function 'unsigned int __ldlu(const unsigned int*)':
/usr/local/cuda/include/sm_32_intrinsics.h:74:25: warning: no return statement in function returning non-void [-Wreturn-type]
   74 | #define __DEF_IF_HOST { }
      |                         ^
/usr/local/cuda/include/sm_32_intrinsics.h:249:72: note: in expansion of macro '__DEF_IF_HOST'
  249 | __SM_32_INTRINSICS_DECL__ unsigned int __ldlu(const unsigned int *ptr) __DEF_IF_HOST
      |                                                                        ^~~~~~~~~~~~~
/usr/local/cuda/include/sm_32_intrinsics.h: In function 'long long unsigned int __ldlu(const long long unsigned int*)':
/usr/local/cuda/include/sm_32_intrinsics.h:74:25: warning: no return statement in function returning non-void [-Wreturn-type]
   74 | #define __DEF_IF_HOST { }
      |                         ^
/usr/local/cuda/include/sm_32_intrinsics.h:250:84: note: in expansion of macro '__DEF_IF_HOST'
  250 | __SM_32_INTRINSICS_DECL__ unsigned long long __ldlu(const unsigned long long *ptr) __DEF_IF_HOST
      |                                                                                    ^~~~~~~~~~~~~
/usr/local/cuda/include/sm_32_intrinsics.h: In function 'uchar2 __ldlu(const uchar2*)':
/usr/local/cuda/include/sm_32_intrinsics.h:74:25: warning: no return statement in function returning non-void [-Wreturn-type]
   74 | #define __DEF_IF_HOST { }
      |                         ^
/usr/local/cuda/include/sm_32_intrinsics.h:251:60: note: in expansion of macro '__DEF_IF_HOST'
  251 | __SM_32_INTRINSICS_DECL__ uchar2 __ldlu(const uchar2 *ptr) __DEF_IF_HOST
      |                                                            ^~~~~~~~~~~~~
/usr/local/cuda/include/sm_32_intrinsics.h: In function 'uchar4 __ldlu(const uchar4*)':
/usr/local/cuda/include/sm_32_intrinsics.h:74:25: warning: no return statement in function returning non-void [-Wreturn-type]
   74 | #define __DEF_IF_HOST { }
      |                         ^
/usr/local/cuda/include/sm_32_intrinsics.h:252:60: note: in expansion of macro '__DEF_IF_HOST'
  252 | __SM_32_INTRINSICS_DECL__ uchar4 __ldlu(const uchar4 *ptr) __DEF_IF_HOST
      |                                                            ^~~~~~~~~~~~~
/usr/local/cuda/include/sm_32_intrinsics.h: In function 'ushort2 __ldlu(const ushort2*)':
/usr/local/cuda/include/sm_32_intrinsics.h:74:25: warning: no return statement in function returning non-void [-Wreturn-type]
   74 | #define __DEF_IF_HOST { }
      |                         ^
/usr/local/cuda/include/sm_32_intrinsics.h:253:62: note: in expansion of macro '__DEF_IF_HOST'
  253 | __SM_32_INTRINSICS_DECL__ ushort2 __ldlu(const ushort2 *ptr) __DEF_IF_HOST
      |                                                              ^~~~~~~~~~~~~
/usr/local/cuda/include/sm_32_intrinsics.h: In function 'ushort4 __ldlu(const ushort4*)':
/usr/local/cuda/include/sm_32_intrinsics.h:74:25: warning: no return statement in function returning non-void [-Wreturn-type]
   74 | #define __DEF_IF_HOST { }
      |                         ^
/usr/local/cuda/include/sm_32_intrinsics.h:254:62: note: in expansion of macro '__DEF_IF_HOST'
  254 | __SM_32_INTRINSICS_DECL__ ushort4 __ldlu(const ushort4 *ptr) __DEF_IF_HOST
      |                                                              ^~~~~~~~~~~~~
/usr/local/cuda/include/sm_32_intrinsics.h: In function 'uint2 __ldlu(const uint2*)':
/usr/local/cuda/include/sm_32_intrinsics.h:74:25: warning: no return statement in function returning non-void [-Wreturn-type]
   74 | #define __DEF_IF_HOST { }
      |                         ^
/usr/local/cuda/include/sm_32_intrinsics.h:255:58: note: in expansion of macro '__DEF_IF_HOST'
  255 | __SM_32_INTRINSICS_DECL__ uint2 __ldlu(const uint2 *ptr) __DEF_IF_HOST
      |                                                          ^~~~~~~~~~~~~
/usr/local/cuda/include/sm_32_intrinsics.h: In function 'uint4 __ldlu(const uint4*)':
/usr/local/cuda/include/sm_32_intrinsics.h:74:25: warning: no return statement in function returning non-void [-Wreturn-type]
   74 | #define __DEF_IF_HOST { }
      |                         ^
/usr/local/cuda/include/sm_32_intrinsics.h:256:58: note: in expansion of macro '__DEF_IF_HOST'
  256 | __SM_32_INTRINSICS_DECL__ uint4 __ldlu(const uint4 *ptr) __DEF_IF_HOST
      |                                                          ^~~~~~~~~~~~~
/usr/local/cuda/include/sm_32_intrinsics.h: In function 'ulonglong2 __ldlu(const ulonglong2*)':
/usr/local/cuda/include/sm_32_intrinsics.h:74:25: warning: no return statement in function returning non-void [-Wreturn-type]
   74 | #define __DEF_IF_HOST { }
      |                         ^
/usr/local/cuda/include/sm_32_intrinsics.h:257:68: note: in expansion of macro '__DEF_IF_HOST'
  257 | __SM_32_INTRINSICS_DECL__ ulonglong2 __ldlu(const ulonglong2 *ptr) __DEF_IF_HOST
      |                                                                    ^~~~~~~~~~~~~
/usr/local/cuda/include/sm_32_intrinsics.h: In function 'float __ldlu(const float*)':
/usr/local/cuda/include/sm_32_intrinsics.h:74:25: warning: no return statement in function returning non-void [-Wreturn-type]
   74 | #define __DEF_IF_HOST { }
      |                         ^
/usr/local/cuda/include/sm_32_intrinsics.h:259:58: note: in expansion of macro '__DEF_IF_HOST'
  259 | __SM_32_INTRINSICS_DECL__ float __ldlu(const float *ptr) __DEF_IF_HOST
      |                                                          ^~~~~~~~~~~~~
/usr/local/cuda/include/sm_32_intrinsics.h: In function 'double __ldlu(const double*)':
/usr/local/cuda/include/sm_32_intrinsics.h:74:25: warning: no return statement in function returning non-void [-Wreturn-type]
   74 | #define __DEF_IF_HOST { }
      |                         ^
/usr/local/cuda/include/sm_32_intrinsics.h:260:60: note: in expansion of macro '__DEF_IF_HOST'
  260 | __SM_32_INTRINSICS_DECL__ double __ldlu(const double *ptr) __DEF_IF_HOST
      |                                                            ^~~~~~~~~~~~~
/usr/local/cuda/include/sm_32_intrinsics.h: In function 'float2 __ldlu(const float2*)':
/usr/local/cuda/include/sm_32_intrinsics.h:74:25: warning: no return statement in function returning non-void [-Wreturn-type]
   74 | #define __DEF_IF_HOST { }
      |                         ^
/usr/local/cuda/include/sm_32_intrinsics.h:261:60: note: in expansion of macro '__DEF_IF_HOST'
  261 | __SM_32_INTRINSICS_DECL__ float2 __ldlu(const float2 *ptr) __DEF_IF_HOST
      |                                                            ^~~~~~~~~~~~~
/usr/local/cuda/include/sm_32_intrinsics.h: In function 'float4 __ldlu(const float4*)':
/usr/local/cuda/include/sm_32_intrinsics.h:74:25: warning: no return statement in function returning non-void [-Wreturn-type]
   74 | #define __DEF_IF_HOST { }
      |                         ^
/usr/local/cuda/include/sm_32_intrinsics.h:262:60: note: in expansion of macro '__DEF_IF_HOST'
  262 | __SM_32_INTRINSICS_DECL__ float4 __ldlu(const float4 *ptr) __DEF_IF_HOST
      |                                                            ^~~~~~~~~~~~~
/usr/local/cuda/include/sm_32_intrinsics.h: In function 'double2 __ldlu(const double2*)':
/usr/local/cuda/include/sm_32_intrinsics.h:74:25: warning: no return statement in function returning non-void [-Wreturn-type]
   74 | #define __DEF_IF_HOST { }
      |                         ^
/usr/local/cuda/include/sm_32_intrinsics.h:263:62: note: in expansion of macro '__DEF_IF_HOST'
  263 | __SM_32_INTRINSICS_DECL__ double2 __ldlu(const double2 *ptr) __DEF_IF_HOST
      |                                                              ^~~~~~~~~~~~~
/usr/local/cuda/include/sm_32_intrinsics.h: In function 'long int __ldcv(const long int*)':
/usr/local/cuda/include/sm_32_intrinsics.h:74:25: warning: no return statement in function returning non-void [-Wreturn-type]
   74 | #define __DEF_IF_HOST { }
      |                         ^
/usr/local/cuda/include/sm_32_intrinsics.h:267:56: note: in expansion of macro '__DEF_IF_HOST'
  267 | __SM_32_INTRINSICS_DECL__ long __ldcv(const long *ptr) __DEF_IF_HOST
      |                                                        ^~~~~~~~~~~~~
/usr/local/cuda/include/sm_32_intrinsics.h: In function 'long unsigned int __ldcv(const long unsigned int*)':
/usr/local/cuda/include/sm_32_intrinsics.h:74:25: warning: no return statement in function returning non-void [-Wreturn-type]
   74 | #define __DEF_IF_HOST { }
      |                         ^
/usr/local/cuda/include/sm_32_intrinsics.h:268:74: note: in expansion of macro '__DEF_IF_HOST'
  268 | __SM_32_INTRINSICS_DECL__ unsigned long __ldcv(const unsigned long *ptr) __DEF_IF_HOST
      |                                                                          ^~~~~~~~~~~~~
/usr/local/cuda/include/sm_32_intrinsics.h: In function 'char __ldcv(const char*)':
/usr/local/cuda/include/sm_32_intrinsics.h:74:25: warning: no return statement in function returning non-void [-Wreturn-type]
   74 | #define __DEF_IF_HOST { }
      |                         ^
/usr/local/cuda/include/sm_32_intrinsics.h:270:56: note: in expansion of macro '__DEF_IF_HOST'
  270 | __SM_32_INTRINSICS_DECL__ char __ldcv(const char *ptr) __DEF_IF_HOST
      |                                                        ^~~~~~~~~~~~~
/usr/local/cuda/include/sm_32_intrinsics.h: In function 'signed char __ldcv(const signed char*)':
/usr/local/cuda/include/sm_32_intrinsics.h:74:25: warning: no return statement in function returning non-void [-Wreturn-type]
   74 | #define __DEF_IF_HOST { }
      |                         ^
/usr/local/cuda/include/sm_32_intrinsics.h:271:70: note: in expansion of macro '__DEF_IF_HOST'
  271 | __SM_32_INTRINSICS_DECL__ signed char __ldcv(const signed char *ptr) __DEF_IF_HOST
      |                                                                      ^~~~~~~~~~~~~
/usr/local/cuda/include/sm_32_intrinsics.h: In function 'short int __ldcv(const short int*)':
/usr/local/cuda/include/sm_32_intrinsics.h:74:25: warning: no return statement in function returning non-void [-Wreturn-type]
   74 | #define __DEF_IF_HOST { }
      |                         ^
/usr/local/cuda/include/sm_32_intrinsics.h:272:58: note: in expansion of macro '__DEF_IF_HOST'
  272 | __SM_32_INTRINSICS_DECL__ short __ldcv(const short *ptr) __DEF_IF_HOST
      |                                                          ^~~~~~~~~~~~~
/usr/local/cuda/include/sm_32_intrinsics.h: In function 'int __ldcv(const int*)':
/usr/local/cuda/include/sm_32_intrinsics.h:74:25: warning: no return statement in function returning non-void [-Wreturn-type]
   74 | #define __DEF_IF_HOST { }
      |                         ^
/usr/local/cuda/include/sm_32_intrinsics.h:273:54: note: in expansion of macro '__DEF_IF_HOST'
  273 | __SM_32_INTRINSICS_DECL__ int __ldcv(const int *ptr) __DEF_IF_HOST
      |                                                      ^~~~~~~~~~~~~
/usr/local/cuda/include/sm_32_intrinsics.h: In function 'long long int __ldcv(const long long int*)':
/usr/local/cuda/include/sm_32_intrinsics.h:74:25: warning: no return statement in function returning non-void [-Wreturn-type]
   74 | #define __DEF_IF_HOST { }
      |                         ^
/usr/local/cuda/include/sm_32_intrinsics.h:274:66: note: in expansion of macro '__DEF_IF_HOST'
  274 | __SM_32_INTRINSICS_DECL__ long long __ldcv(const long long *ptr) __DEF_IF_HOST
      |                                                                  ^~~~~~~~~~~~~
/usr/local/cuda/include/sm_32_intrinsics.h: In function 'char2 __ldcv(const char2*)':
/usr/local/cuda/include/sm_32_intrinsics.h:74:25: warning: no return statement in function returning non-void [-Wreturn-type]
   74 | #define __DEF_IF_HOST { }
      |                         ^
/usr/local/cuda/include/sm_32_intrinsics.h:275:58: note: in expansion of macro '__DEF_IF_HOST'
  275 | __SM_32_INTRINSICS_DECL__ char2 __ldcv(const char2 *ptr) __DEF_IF_HOST
      |                                                          ^~~~~~~~~~~~~
/usr/local/cuda/include/sm_32_intrinsics.h: In function 'char4 __ldcv(const char4*)':
/usr/local/cuda/include/sm_32_intrinsics.h:74:25: warning: no return statement in function returning non-void [-Wreturn-type]
   74 | #define __DEF_IF_HOST { }
      |                         ^
/usr/local/cuda/include/sm_32_intrinsics.h:276:58: note: in expansion of macro '__DEF_IF_HOST'
  276 | __SM_32_INTRINSICS_DECL__ char4 __ldcv(const char4 *ptr) __DEF_IF_HOST
      |                                                          ^~~~~~~~~~~~~
/usr/local/cuda/include/sm_32_intrinsics.h: In function 'short2 __ldcv(const short2*)':
/usr/local/cuda/include/sm_32_intrinsics.h:74:25: warning: no return statement in function returning non-void [-Wreturn-type]
   74 | #define __DEF_IF_HOST { }
      |                         ^
/usr/local/cuda/include/sm_32_intrinsics.h:277:60: note: in expansion of macro '__DEF_IF_HOST'
  277 | __SM_32_INTRINSICS_DECL__ short2 __ldcv(const short2 *ptr) __DEF_IF_HOST
      |                                                            ^~~~~~~~~~~~~
/usr/local/cuda/include/sm_32_intrinsics.h: In function 'short4 __ldcv(const short4*)':
/usr/local/cuda/include/sm_32_intrinsics.h:74:25: warning: no return statement in function returning non-void [-Wreturn-type]
   74 | #define __DEF_IF_HOST { }
      |                         ^
/usr/local/cuda/include/sm_32_intrinsics.h:278:60: note: in expansion of macro '__DEF_IF_HOST'
  278 | __SM_32_INTRINSICS_DECL__ short4 __ldcv(const short4 *ptr) __DEF_IF_HOST
      |                                                            ^~~~~~~~~~~~~
/usr/local/cuda/include/sm_32_intrinsics.h: In function 'int2 __ldcv(const int2*)':
/usr/local/cuda/include/sm_32_intrinsics.h:74:25: warning: no return statement in function returning non-void [-Wreturn-type]
   74 | #define __DEF_IF_HOST { }
      |                         ^
/usr/local/cuda/include/sm_32_intrinsics.h:279:56: note: in expansion of macro '__DEF_IF_HOST'
  279 | __SM_32_INTRINSICS_DECL__ int2 __ldcv(const int2 *ptr) __DEF_IF_HOST
      |                                                        ^~~~~~~~~~~~~
/usr/local/cuda/include/sm_32_intrinsics.h: In function 'int4 __ldcv(const int4*)':
/usr/local/cuda/include/sm_32_intrinsics.h:74:25: warning: no return statement in function returning non-void [-Wreturn-type]
   74 | #define __DEF_IF_HOST { }
      |                         ^
/usr/local/cuda/include/sm_32_intrinsics.h:280:56: note: in expansion of macro '__DEF_IF_HOST'
  280 | __SM_32_INTRINSICS_DECL__ int4 __ldcv(const int4 *ptr) __DEF_IF_HOST
      |                                                        ^~~~~~~~~~~~~
/usr/local/cuda/include/sm_32_intrinsics.h: In function 'longlong2 __ldcv(const longlong2*)':
/usr/local/cuda/include/sm_32_intrinsics.h:74:25: warning: no return statement in function returning non-void [-Wreturn-type]
   74 | #define __DEF_IF_HOST { }
      |                         ^
/usr/local/cuda/include/sm_32_intrinsics.h:281:66: note: in expansion of macro '__DEF_IF_HOST'
  281 | __SM_32_INTRINSICS_DECL__ longlong2 __ldcv(const longlong2 *ptr) __DEF_IF_HOST
      |                                                                  ^~~~~~~~~~~~~
/usr/local/cuda/include/sm_32_intrinsics.h: In function 'unsigned char __ldcv(const unsigned char*)':
/usr/local/cuda/include/sm_32_intrinsics.h:74:25: warning: no return statement in function returning non-void [-Wreturn-type]
   74 | #define __DEF_IF_HOST { }
      |                         ^
/usr/local/cuda/include/sm_32_intrinsics.h:283:74: note: in expansion of macro '__DEF_IF_HOST'
  283 | __SM_32_INTRINSICS_DECL__ unsigned char __ldcv(const unsigned char *ptr) __DEF_IF_HOST
      |                                                                          ^~~~~~~~~~~~~
/usr/local/cuda/include/sm_32_intrinsics.h: In function 'short unsigned int __ldcv(const short unsigned int*)':
/usr/local/cuda/include/sm_32_intrinsics.h:74:25: warning: no return statement in function returning non-void [-Wreturn-type]
   74 | #define __DEF_IF_HOST { }
      |                         ^
/usr/local/cuda/include/sm_32_intrinsics.h:284:76: note: in expansion of macro '__DEF_IF_HOST'
  284 | __SM_32_INTRINSICS_DECL__ unsigned short __ldcv(const unsigned short *ptr) __DEF_IF_HOST
      |                                                                            ^~~~~~~~~~~~~
/usr/local/cuda/include/sm_32_intrinsics.h: In function 'unsigned int __ldcv(const unsigned int*)':
/usr/local/cuda/include/sm_32_intrinsics.h:74:25: warning: no return statement in function returning non-void [-Wreturn-type]
   74 | #define __DEF_IF_HOST { }
      |                         ^
/usr/local/cuda/include/sm_32_intrinsics.h:285:72: note: in expansion of macro '__DEF_IF_HOST'
  285 | __SM_32_INTRINSICS_DECL__ unsigned int __ldcv(const unsigned int *ptr) __DEF_IF_HOST
      |                                                                        ^~~~~~~~~~~~~
/usr/local/cuda/include/sm_32_intrinsics.h: In function 'long long unsigned int __ldcv(const long long unsigned int*)':
/usr/local/cuda/include/sm_32_intrinsics.h:74:25: warning: no return statement in function returning non-void [-Wreturn-type]
   74 | #define __DEF_IF_HOST { }
      |                         ^
/usr/local/cuda/include/sm_32_intrinsics.h:286:84: note: in expansion of macro '__DEF_IF_HOST'
  286 | __SM_32_INTRINSICS_DECL__ unsigned long long __ldcv(const unsigned long long *ptr) __DEF_IF_HOST
      |                                                                                    ^~~~~~~~~~~~~
/usr/local/cuda/include/sm_32_intrinsics.h: In function 'uchar2 __ldcv(const uchar2*)':
/usr/local/cuda/include/sm_32_intrinsics.h:74:25: warning: no return statement in function returning non-void [-Wreturn-type]
   74 | #define __DEF_IF_HOST { }
      |                         ^
/usr/local/cuda/include/sm_32_intrinsics.h:287:60: note: in expansion of macro '__DEF_IF_HOST'
  287 | __SM_32_INTRINSICS_DECL__ uchar2 __ldcv(const uchar2 *ptr) __DEF_IF_HOST
      |                                                            ^~~~~~~~~~~~~
/usr/local/cuda/include/sm_32_intrinsics.h: In function 'uchar4 __ldcv(const uchar4*)':
/usr/local/cuda/include/sm_32_intrinsics.h:74:25: warning: no return statement in function returning non-void [-Wreturn-type]
   74 | #define __DEF_IF_HOST { }
      |                         ^
/usr/local/cuda/include/sm_32_intrinsics.h:288:60: note: in expansion of macro '__DEF_IF_HOST'
  288 | __SM_32_INTRINSICS_DECL__ uchar4 __ldcv(const uchar4 *ptr) __DEF_IF_HOST
      |                                                            ^~~~~~~~~~~~~
/usr/local/cuda/include/sm_32_intrinsics.h: In function 'ushort2 __ldcv(const ushort2*)':
/usr/local/cuda/include/sm_32_intrinsics.h:74:25: warning: no return statement in function returning non-void [-Wreturn-type]
   74 | #define __DEF_IF_HOST { }
      |                         ^
/usr/local/cuda/include/sm_32_intrinsics.h:289:62: note: in expansion of macro '__DEF_IF_HOST'
  289 | __SM_32_INTRINSICS_DECL__ ushort2 __ldcv(const ushort2 *ptr) __DEF_IF_HOST
      |                                                              ^~~~~~~~~~~~~
/usr/local/cuda/include/sm_32_intrinsics.h: In function 'ushort4 __ldcv(const ushort4*)':
/usr/local/cuda/include/sm_32_intrinsics.h:74:25: warning: no return statement in function returning non-void [-Wreturn-type]
   74 | #define __DEF_IF_HOST { }
      |                         ^
/usr/local/cuda/include/sm_32_intrinsics.h:290:62: note: in expansion of macro '__DEF_IF_HOST'
  290 | __SM_32_INTRINSICS_DECL__ ushort4 __ldcv(const ushort4 *ptr) __DEF_IF_HOST
      |                                                              ^~~~~~~~~~~~~
/usr/local/cuda/include/sm_32_intrinsics.h: In function 'uint2 __ldcv(const uint2*)':
/usr/local/cuda/include/sm_32_intrinsics.h:74:25: warning: no return statement in function returning non-void [-Wreturn-type]
   74 | #define __DEF_IF_HOST { }
      |                         ^
/usr/local/cuda/include/sm_32_intrinsics.h:291:58: note: in expansion of macro '__DEF_IF_HOST'
  291 | __SM_32_INTRINSICS_DECL__ uint2 __ldcv(const uint2 *ptr) __DEF_IF_HOST
      |                                                          ^~~~~~~~~~~~~
/usr/local/cuda/include/sm_32_intrinsics.h: In function 'uint4 __ldcv(const uint4*)':
/usr/local/cuda/include/sm_32_intrinsics.h:74:25: warning: no return statement in function returning non-void [-Wreturn-type]
   74 | #define __DEF_IF_HOST { }
      |                         ^
/usr/local/cuda/include/sm_32_intrinsics.h:292:58: note: in expansion of macro '__DEF_IF_HOST'
  292 | __SM_32_INTRINSICS_DECL__ uint4 __ldcv(const uint4 *ptr) __DEF_IF_HOST
      |                                                          ^~~~~~~~~~~~~
/usr/local/cuda/include/sm_32_intrinsics.h: In function 'ulonglong2 __ldcv(const ulonglong2*)':
/usr/local/cuda/include/sm_32_intrinsics.h:74:25: warning: no return statement in function returning non-void [-Wreturn-type]
   74 | #define __DEF_IF_HOST { }
      |                         ^
/usr/local/cuda/include/sm_32_intrinsics.h:293:68: note: in expansion of macro '__DEF_IF_HOST'
  293 | __SM_32_INTRINSICS_DECL__ ulonglong2 __ldcv(const ulonglong2 *ptr) __DEF_IF_HOST
      |                                                                    ^~~~~~~~~~~~~
/usr/local/cuda/include/sm_32_intrinsics.h: In function 'float __ldcv(const float*)':
/usr/local/cuda/include/sm_32_intrinsics.h:74:25: warning: no return statement in function returning non-void [-Wreturn-type]
   74 | #define __DEF_IF_HOST { }
      |                         ^
/usr/local/cuda/include/sm_32_intrinsics.h:295:58: note: in expansion of macro '__DEF_IF_HOST'
  295 | __SM_32_INTRINSICS_DECL__ float __ldcv(const float *ptr) __DEF_IF_HOST
      |                                                          ^~~~~~~~~~~~~
/usr/local/cuda/include/sm_32_intrinsics.h: In function 'double __ldcv(const double*)':
/usr/local/cuda/include/sm_32_intrinsics.h:74:25: warning: no return statement in function returning non-void [-Wreturn-type]
   74 | #define __DEF_IF_HOST { }
      |                         ^
/usr/local/cuda/include/sm_32_intrinsics.h:296:60: note: in expansion of macro '__DEF_IF_HOST'
  296 | __SM_32_INTRINSICS_DECL__ double __ldcv(const double *ptr) __DEF_IF_HOST
      |                                                            ^~~~~~~~~~~~~
/usr/local/cuda/include/sm_32_intrinsics.h: In function 'float2 __ldcv(const float2*)':
/usr/local/cuda/include/sm_32_intrinsics.h:74:25: warning: no return statement in function returning non-void [-Wreturn-type]
   74 | #define __DEF_IF_HOST { }
      |                         ^
/usr/local/cuda/include/sm_32_intrinsics.h:297:60: note: in expansion of macro '__DEF_IF_HOST'
  297 | __SM_32_INTRINSICS_DECL__ float2 __ldcv(const float2 *ptr) __DEF_IF_HOST
      |                                                            ^~~~~~~~~~~~~
/usr/local/cuda/include/sm_32_intrinsics.h: In function 'float4 __ldcv(const float4*)':
/usr/local/cuda/include/sm_32_intrinsics.h:74:25: warning: no return statement in function returning non-void [-Wreturn-type]
   74 | #define __DEF_IF_HOST { }
      |                         ^
/usr/local/cuda/include/sm_32_intrinsics.h:298:60: note: in expansion of macro '__DEF_IF_HOST'
  298 | __SM_32_INTRINSICS_DECL__ float4 __ldcv(const float4 *ptr) __DEF_IF_HOST
      |                                                            ^~~~~~~~~~~~~
/usr/local/cuda/include/sm_32_intrinsics.h: In function 'double2 __ldcv(const double2*)':
/usr/local/cuda/include/sm_32_intrinsics.h:74:25: warning: no return statement in function returning non-void [-Wreturn-type]
   74 | #define __DEF_IF_HOST { }
      |                         ^
/usr/local/cuda/include/sm_32_intrinsics.h:299:62: note: in expansion of macro '__DEF_IF_HOST'
  299 | __SM_32_INTRINSICS_DECL__ double2 __ldcv(const double2 *ptr) __DEF_IF_HOST
      |                                                              ^~~~~~~~~~~~~
/usr/local/cuda/include/sm_32_intrinsics.h: In function 'unsigned int __funnelshift_l(unsigned int, unsigned int, unsigned int)':
/usr/local/cuda/include/sm_32_intrinsics.h:74:25: warning: no return statement in function returning non-void [-Wreturn-type]
   74 | #define __DEF_IF_HOST { }
      |                         ^
/usr/local/cuda/include/sm_32_intrinsics.h:460:110: note: in expansion of macro '__DEF_IF_HOST'
  460 | __SM_32_INTRINSICS_DECL__ unsigned int __funnelshift_l(unsigned int lo, unsigned int hi, unsigned int shift) __DEF_IF_HOST
      |                                                                                                              ^~~~~~~~~~~~~
/usr/local/cuda/include/sm_32_intrinsics.h: In function 'unsigned int __funnelshift_lc(unsigned int, unsigned int, unsigned int)':
/usr/local/cuda/include/sm_32_intrinsics.h:74:25: warning: no return statement in function returning non-void [-Wreturn-type]
   74 | #define __DEF_IF_HOST { }
      |                         ^
/usr/local/cuda/include/sm_32_intrinsics.h:472:111: note: in expansion of macro '__DEF_IF_HOST'
  472 | __SM_32_INTRINSICS_DECL__ unsigned int __funnelshift_lc(unsigned int lo, unsigned int hi, unsigned int shift) __DEF_IF_HOST
      |                                                                                                               ^~~~~~~~~~~~~
/usr/local/cuda/include/sm_32_intrinsics.h: In function 'unsigned int __funnelshift_r(unsigned int, unsigned int, unsigned int)':
/usr/local/cuda/include/sm_32_intrinsics.h:74:25: warning: no return statement in function returning non-void [-Wreturn-type]
   74 | #define __DEF_IF_HOST { }
      |                         ^
/usr/local/cuda/include/sm_32_intrinsics.h:485:110: note: in expansion of macro '__DEF_IF_HOST'
  485 | __SM_32_INTRINSICS_DECL__ unsigned int __funnelshift_r(unsigned int lo, unsigned int hi, unsigned int shift) __DEF_IF_HOST
      |                                                                                                              ^~~~~~~~~~~~~
/usr/local/cuda/include/sm_32_intrinsics.h: In function 'unsigned int __funnelshift_rc(unsigned int, unsigned int, unsigned int)':
/usr/local/cuda/include/sm_32_intrinsics.h:74:25: warning: no return statement in function returning non-void [-Wreturn-type]
   74 | #define __DEF_IF_HOST { }
      |                         ^
/usr/local/cuda/include/sm_32_intrinsics.h:497:111: note: in expansion of macro '__DEF_IF_HOST'
  497 | __SM_32_INTRINSICS_DECL__ unsigned int __funnelshift_rc(unsigned int lo, unsigned int hi, unsigned int shift) __DEF_IF_HOST
      |                                                                                                               ^~~~~~~~~~~~~
In file included from /usr/local/cuda/include/crt/device_functions.h:3625,
                 from /home/GVirtuS/GVirtuS/plugins/cudart/backend/CudaRtHandler.h:71,
                 from /home/GVirtuS/GVirtuS/plugins/cudart/backend/CudaRtHandler_opengl.cpp:26:
/usr/local/cuda/include/sm_61_intrinsics.h: In function 'int __dp2a_lo(int, int, int)':
/usr/local/cuda/include/sm_61_intrinsics.h:72:25: warning: no return statement in function returning non-void [-Wreturn-type]
   72 | #define __DEF_IF_HOST { }
      |                         ^
/usr/local/cuda/include/sm_61_intrinsics.h:99:68: note: in expansion of macro '__DEF_IF_HOST'
   99 | __SM_61_INTRINSICS_DECL__ int __dp2a_lo(int srcA, int srcB, int c) __DEF_IF_HOST
      |                                                                    ^~~~~~~~~~~~~
/usr/local/cuda/include/sm_61_intrinsics.h: In function 'unsigned int __dp2a_lo(unsigned int, unsigned int, unsigned int)':
/usr/local/cuda/include/sm_61_intrinsics.h:72:25: warning: no return statement in function returning non-void [-Wreturn-type]
   72 | #define __DEF_IF_HOST { }
      |                         ^
/usr/local/cuda/include/sm_61_intrinsics.h:110:104: note: in expansion of macro '__DEF_IF_HOST'
  110 | __SM_61_INTRINSICS_DECL__ unsigned int __dp2a_lo(unsigned int srcA, unsigned int srcB, unsigned int c) __DEF_IF_HOST
      |                                                                                                        ^~~~~~~~~~~~~
/usr/local/cuda/include/sm_61_intrinsics.h: In function 'int __dp2a_lo(short2, char4, int)':
/usr/local/cuda/include/sm_61_intrinsics.h:72:25: warning: no return statement in function returning non-void [-Wreturn-type]
   72 | #define __DEF_IF_HOST { }
      |                         ^
/usr/local/cuda/include/sm_61_intrinsics.h:122:73: note: in expansion of macro '__DEF_IF_HOST'
  122 | __SM_61_INTRINSICS_DECL__ int __dp2a_lo(short2 srcA, char4 srcB, int c) __DEF_IF_HOST
      |                                                                         ^~~~~~~~~~~~~
/usr/local/cuda/include/sm_61_intrinsics.h: In function 'unsigned int __dp2a_lo(ushort2, uchar4, unsigned int)':
/usr/local/cuda/include/sm_61_intrinsics.h:72:25: warning: no return statement in function returning non-void [-Wreturn-type]
   72 | #define __DEF_IF_HOST { }
      |                         ^
/usr/local/cuda/include/sm_61_intrinsics.h:133:93: note: in expansion of macro '__DEF_IF_HOST'
  133 | __SM_61_INTRINSICS_DECL__ unsigned int __dp2a_lo(ushort2 srcA, uchar4 srcB, unsigned int c) __DEF_IF_HOST
      |                                                                                             ^~~~~~~~~~~~~
/usr/local/cuda/include/sm_61_intrinsics.h: In function 'int __dp2a_hi(int, int, int)':
/usr/local/cuda/include/sm_61_intrinsics.h:72:25: warning: no return statement in function returning non-void [-Wreturn-type]
   72 | #define __DEF_IF_HOST { }
      |                         ^
/usr/local/cuda/include/sm_61_intrinsics.h:145:68: note: in expansion of macro '__DEF_IF_HOST'
  145 | __SM_61_INTRINSICS_DECL__ int __dp2a_hi(int srcA, int srcB, int c) __DEF_IF_HOST
      |                                                                    ^~~~~~~~~~~~~
/usr/local/cuda/include/sm_61_intrinsics.h: In function 'unsigned int __dp2a_hi(unsigned int, unsigned int, unsigned int)':
/usr/local/cuda/include/sm_61_intrinsics.h:72:25: warning: no return statement in function returning non-void [-Wreturn-type]
   72 | #define __DEF_IF_HOST { }
      |                         ^
/usr/local/cuda/include/sm_61_intrinsics.h:156:104: note: in expansion of macro '__DEF_IF_HOST'
  156 | __SM_61_INTRINSICS_DECL__ unsigned int __dp2a_hi(unsigned int srcA, unsigned int srcB, unsigned int c) __DEF_IF_HOST
      |                                                                                                        ^~~~~~~~~~~~~
/usr/local/cuda/include/sm_61_intrinsics.h: In function 'int __dp2a_hi(short2, char4, int)':
/usr/local/cuda/include/sm_61_intrinsics.h:72:25: warning: no return statement in function returning non-void [-Wreturn-type]
   72 | #define __DEF_IF_HOST { }
      |                         ^
/usr/local/cuda/include/sm_61_intrinsics.h:168:73: note: in expansion of macro '__DEF_IF_HOST'
  168 | __SM_61_INTRINSICS_DECL__ int __dp2a_hi(short2 srcA, char4 srcB, int c) __DEF_IF_HOST
      |                                                                         ^~~~~~~~~~~~~
/usr/local/cuda/include/sm_61_intrinsics.h: In function 'unsigned int __dp2a_hi(ushort2, uchar4, unsigned int)':
/usr/local/cuda/include/sm_61_intrinsics.h:72:25: warning: no return statement in function returning non-void [-Wreturn-type]
   72 | #define __DEF_IF_HOST { }
      |                         ^
/usr/local/cuda/include/sm_61_intrinsics.h:179:93: note: in expansion of macro '__DEF_IF_HOST'
  179 | __SM_61_INTRINSICS_DECL__ unsigned int __dp2a_hi(ushort2 srcA, uchar4 srcB, unsigned int c) __DEF_IF_HOST
      |                                                                                             ^~~~~~~~~~~~~
/usr/local/cuda/include/sm_61_intrinsics.h: In function 'int __dp4a(int, int, int)':
/usr/local/cuda/include/sm_61_intrinsics.h:72:25: warning: no return statement in function returning non-void [-Wreturn-type]
   72 | #define __DEF_IF_HOST { }
      |                         ^
/usr/local/cuda/include/sm_61_intrinsics.h:194:65: note: in expansion of macro '__DEF_IF_HOST'
  194 | __SM_61_INTRINSICS_DECL__ int __dp4a(int srcA, int srcB, int c) __DEF_IF_HOST
      |                                                                 ^~~~~~~~~~~~~
/usr/local/cuda/include/sm_61_intrinsics.h: In function 'unsigned int __dp4a(unsigned int, unsigned int, unsigned int)':
/usr/local/cuda/include/sm_61_intrinsics.h:72:25: warning: no return statement in function returning non-void [-Wreturn-type]
   72 | #define __DEF_IF_HOST { }
      |                         ^
/usr/local/cuda/include/sm_61_intrinsics.h:203:101: note: in expansion of macro '__DEF_IF_HOST'
  203 | __SM_61_INTRINSICS_DECL__ unsigned int __dp4a(unsigned int srcA, unsigned int srcB, unsigned int c) __DEF_IF_HOST
      |                                                                                                     ^~~~~~~~~~~~~
/usr/local/cuda/include/sm_61_intrinsics.h: In function 'int __dp4a(char4, char4, int)':
/usr/local/cuda/include/sm_61_intrinsics.h:72:25: warning: no return statement in function returning non-void [-Wreturn-type]
   72 | #define __DEF_IF_HOST { }
      |                         ^
/usr/local/cuda/include/sm_61_intrinsics.h:213:69: note: in expansion of macro '__DEF_IF_HOST'
  213 | __SM_61_INTRINSICS_DECL__ int __dp4a(char4 srcA, char4 srcB, int c) __DEF_IF_HOST
      |                                                                     ^~~~~~~~~~~~~
/usr/local/cuda/include/sm_61_intrinsics.h: In function 'unsigned int __dp4a(uchar4, uchar4, unsigned int)':
/usr/local/cuda/include/sm_61_intrinsics.h:72:25: warning: no return statement in function returning non-void [-Wreturn-type]
   72 | #define __DEF_IF_HOST { }
      |                         ^
/usr/local/cuda/include/sm_61_intrinsics.h:222:89: note: in expansion of macro '__DEF_IF_HOST'
  222 | __SM_61_INTRINSICS_DECL__ unsigned int __dp4a(uchar4 srcA, uchar4 srcB, unsigned int c) __DEF_IF_HOST
      |                                                                                         ^~~~~~~~~~~~~
In file included from /usr/local/cuda/include/crt/device_functions.h:3626,
                 from /home/GVirtuS/GVirtuS/plugins/cudart/backend/CudaRtHandler.h:71,
                 from /home/GVirtuS/GVirtuS/plugins/cudart/backend/CudaRtHandler_opengl.cpp:26:
/usr/local/cuda/include/crt/sm_70_rt.h: In function 'unsigned int __match_any_sync(unsigned int, unsigned int)':
/usr/local/cuda/include/crt/sm_70_rt.h:84:25: warning: no return statement in function returning non-void [-Wreturn-type]
   84 | #define __DEF_IF_HOST { }
      |                         ^
/usr/local/cuda/include/crt/sm_70_rt.h:93:80: note: in expansion of macro '__DEF_IF_HOST'
   93 | __SM_70_RT_DECL__ unsigned int __match_any_sync(unsigned mask, unsigned value) __DEF_IF_HOST
      |                                                                                ^~~~~~~~~~~~~
/usr/local/cuda/include/crt/sm_70_rt.h: In function 'unsigned int __match_any_sync(unsigned int, int)':
/usr/local/cuda/include/crt/sm_70_rt.h:84:25: warning: no return statement in function returning non-void [-Wreturn-type]
   84 | #define __DEF_IF_HOST { }
      |                         ^
/usr/local/cuda/include/crt/sm_70_rt.h:94:75: note: in expansion of macro '__DEF_IF_HOST'
   94 | __SM_70_RT_DECL__ unsigned int __match_any_sync(unsigned mask, int value) __DEF_IF_HOST
      |                                                                           ^~~~~~~~~~~~~
/usr/local/cuda/include/crt/sm_70_rt.h: In function 'unsigned int __match_any_sync(unsigned int, long unsigned int)':
/usr/local/cuda/include/crt/sm_70_rt.h:84:25: warning: no return statement in function returning non-void [-Wreturn-type]
   84 | #define __DEF_IF_HOST { }
      |                         ^
/usr/local/cuda/include/crt/sm_70_rt.h:95:85: note: in expansion of macro '__DEF_IF_HOST'
   95 | __SM_70_RT_DECL__ unsigned int __match_any_sync(unsigned mask, unsigned long value) __DEF_IF_HOST
      |                                                                                     ^~~~~~~~~~~~~
/usr/local/cuda/include/crt/sm_70_rt.h: In function 'unsigned int __match_any_sync(unsigned int, long int)':
/usr/local/cuda/include/crt/sm_70_rt.h:84:25: warning: no return statement in function returning non-void [-Wreturn-type]
   84 | #define __DEF_IF_HOST { }
      |                         ^
/usr/local/cuda/include/crt/sm_70_rt.h:96:76: note: in expansion of macro '__DEF_IF_HOST'
   96 | __SM_70_RT_DECL__ unsigned int __match_any_sync(unsigned mask, long value) __DEF_IF_HOST
      |                                                                            ^~~~~~~~~~~~~
/usr/local/cuda/include/crt/sm_70_rt.h: In function 'unsigned int __match_any_sync(unsigned int, long long unsigned int)':
/usr/local/cuda/include/crt/sm_70_rt.h:84:25: warning: no return statement in function returning non-void [-Wreturn-type]
   84 | #define __DEF_IF_HOST { }
      |                         ^
/usr/local/cuda/include/crt/sm_70_rt.h:97:90: note: in expansion of macro '__DEF_IF_HOST'
   97 | __SM_70_RT_DECL__ unsigned int __match_any_sync(unsigned mask, unsigned long long value) __DEF_IF_HOST
      |                                                                                          ^~~~~~~~~~~~~
/usr/local/cuda/include/crt/sm_70_rt.h: In function 'unsigned int __match_any_sync(unsigned int, long long int)':
/usr/local/cuda/include/crt/sm_70_rt.h:84:25: warning: no return statement in function returning non-void [-Wreturn-type]
   84 | #define __DEF_IF_HOST { }
      |                         ^
/usr/local/cuda/include/crt/sm_70_rt.h:98:81: note: in expansion of macro '__DEF_IF_HOST'
   98 | __SM_70_RT_DECL__ unsigned int __match_any_sync(unsigned mask, long long value) __DEF_IF_HOST
      |                                                                                 ^~~~~~~~~~~~~
/usr/local/cuda/include/crt/sm_70_rt.h: In function 'unsigned int __match_any_sync(unsigned int, float)':
/usr/local/cuda/include/crt/sm_70_rt.h:84:25: warning: no return statement in function returning non-void [-Wreturn-type]
   84 | #define __DEF_IF_HOST { }
      |                         ^
/usr/local/cuda/include/crt/sm_70_rt.h:99:77: note: in expansion of macro '__DEF_IF_HOST'
   99 | __SM_70_RT_DECL__ unsigned int __match_any_sync(unsigned mask, float value) __DEF_IF_HOST
      |                                                                             ^~~~~~~~~~~~~
/usr/local/cuda/include/crt/sm_70_rt.h: In function 'unsigned int __match_any_sync(unsigned int, double)':
/usr/local/cuda/include/crt/sm_70_rt.h:84:25: warning: no return statement in function returning non-void [-Wreturn-type]
   84 | #define __DEF_IF_HOST { }
      |                         ^
/usr/local/cuda/include/crt/sm_70_rt.h:100:78: note: in expansion of macro '__DEF_IF_HOST'
  100 | __SM_70_RT_DECL__ unsigned int __match_any_sync(unsigned mask, double value) __DEF_IF_HOST
      |                                                                              ^~~~~~~~~~~~~
/usr/local/cuda/include/crt/sm_70_rt.h: In function 'unsigned int __match_all_sync(unsigned int, unsigned int, int*)':
/usr/local/cuda/include/crt/sm_70_rt.h:84:25: warning: no return statement in function returning non-void [-Wreturn-type]
   84 | #define __DEF_IF_HOST { }
      |                         ^
/usr/local/cuda/include/crt/sm_70_rt.h:102:91: note: in expansion of macro '__DEF_IF_HOST'
  102 | __SM_70_RT_DECL__ unsigned int __match_all_sync(unsigned mask, unsigned value, int *pred) __DEF_IF_HOST
      |                                                                                           ^~~~~~~~~~~~~
/usr/local/cuda/include/crt/sm_70_rt.h: In function 'unsigned int __match_all_sync(unsigned int, int, int*)':
/usr/local/cuda/include/crt/sm_70_rt.h:84:25: warning: no return statement in function returning non-void [-Wreturn-type]
   84 | #define __DEF_IF_HOST { }
      |                         ^
/usr/local/cuda/include/crt/sm_70_rt.h:103:86: note: in expansion of macro '__DEF_IF_HOST'
  103 | __SM_70_RT_DECL__ unsigned int __match_all_sync(unsigned mask, int value, int *pred) __DEF_IF_HOST
      |                                                                                      ^~~~~~~~~~~~~
/usr/local/cuda/include/crt/sm_70_rt.h: In function 'unsigned int __match_all_sync(unsigned int, long unsigned int, int*)':
/usr/local/cuda/include/crt/sm_70_rt.h:84:25: warning: no return statement in function returning non-void [-Wreturn-type]
   84 | #define __DEF_IF_HOST { }
      |                         ^
/usr/local/cuda/include/crt/sm_70_rt.h:104:96: note: in expansion of macro '__DEF_IF_HOST'
  104 | __SM_70_RT_DECL__ unsigned int __match_all_sync(unsigned mask, unsigned long value, int *pred) __DEF_IF_HOST
      |                                                                                                ^~~~~~~~~~~~~
/usr/local/cuda/include/crt/sm_70_rt.h: In function 'unsigned int __match_all_sync(unsigned int, long int, int*)':
/usr/local/cuda/include/crt/sm_70_rt.h:84:25: warning: no return statement in function returning non-void [-Wreturn-type]
   84 | #define __DEF_IF_HOST { }
      |                         ^
/usr/local/cuda/include/crt/sm_70_rt.h:105:87: note: in expansion of macro '__DEF_IF_HOST'
  105 | __SM_70_RT_DECL__ unsigned int __match_all_sync(unsigned mask, long value, int *pred) __DEF_IF_HOST
      |                                                                                       ^~~~~~~~~~~~~
/usr/local/cuda/include/crt/sm_70_rt.h: In function 'unsigned int __match_all_sync(unsigned int, long long unsigned int, int*)':
/usr/local/cuda/include/crt/sm_70_rt.h:84:25: warning: no return statement in function returning non-void [-Wreturn-type]
   84 | #define __DEF_IF_HOST { }
      |                         ^
/usr/local/cuda/include/crt/sm_70_rt.h:106:101: note: in expansion of macro '__DEF_IF_HOST'
  106 | __SM_70_RT_DECL__ unsigned int __match_all_sync(unsigned mask, unsigned long long value, int *pred) __DEF_IF_HOST
      |                                                                                                     ^~~~~~~~~~~~~
/usr/local/cuda/include/crt/sm_70_rt.h: In function 'unsigned int __match_all_sync(unsigned int, long long int, int*)':
/usr/local/cuda/include/crt/sm_70_rt.h:84:25: warning: no return statement in function returning non-void [-Wreturn-type]
   84 | #define __DEF_IF_HOST { }
      |                         ^
/usr/local/cuda/include/crt/sm_70_rt.h:107:92: note: in expansion of macro '__DEF_IF_HOST'
  107 | __SM_70_RT_DECL__ unsigned int __match_all_sync(unsigned mask, long long value, int *pred) __DEF_IF_HOST
      |                                                                                            ^~~~~~~~~~~~~
/usr/local/cuda/include/crt/sm_70_rt.h: In function 'unsigned int __match_all_sync(unsigned int, float, int*)':
/usr/local/cuda/include/crt/sm_70_rt.h:84:25: warning: no return statement in function returning non-void [-Wreturn-type]
   84 | #define __DEF_IF_HOST { }
      |                         ^
/usr/local/cuda/include/crt/sm_70_rt.h:108:88: note: in expansion of macro '__DEF_IF_HOST'
  108 | __SM_70_RT_DECL__ unsigned int __match_all_sync(unsigned mask, float value, int *pred) __DEF_IF_HOST
      |                                                                                        ^~~~~~~~~~~~~
/usr/local/cuda/include/crt/sm_70_rt.h: In function 'unsigned int __match_all_sync(unsigned int, double, int*)':
/usr/local/cuda/include/crt/sm_70_rt.h:84:25: warning: no return statement in function returning non-void [-Wreturn-type]
   84 | #define __DEF_IF_HOST { }
      |                         ^
/usr/local/cuda/include/crt/sm_70_rt.h:109:89: note: in expansion of macro '__DEF_IF_HOST'
  109 | __SM_70_RT_DECL__ unsigned int __match_all_sync(unsigned mask, double value, int *pred) __DEF_IF_HOST
      |                                                                                         ^~~~~~~~~~~~~
/usr/local/cuda/include/crt/sm_70_rt.h: In function 'short unsigned int atomicCAS(short unsigned int*, short unsigned int, short unsigned int)':
/usr/local/cuda/include/crt/sm_70_rt.h:84:25: warning: no return statement in function returning non-void [-Wreturn-type]
   84 | #define __DEF_IF_HOST { }
      |                         ^
/usr/local/cuda/include/crt/sm_70_rt.h:113:129: note: in expansion of macro '__DEF_IF_HOST'
  113 | __SM_70_RT_DECL__ unsigned short int atomicCAS(unsigned short int *address, unsigned short int compare, unsigned short int val) __DEF_IF_HOST
      |                                                                                                                                 ^~~~~~~~~~~~~
In file included from /usr/local/cuda/include/crt/device_functions.h:3627,
                 from /home/GVirtuS/GVirtuS/plugins/cudart/backend/CudaRtHandler.h:71,
                 from /home/GVirtuS/GVirtuS/plugins/cudart/backend/CudaRtHandler_opengl.cpp:26:
/usr/local/cuda/include/crt/sm_80_rt.h: In function 'unsigned int __reduce_add_sync(unsigned int, unsigned int)':
/usr/local/cuda/include/crt/sm_80_rt.h:84:25: warning: no return statement in function returning non-void [-Wreturn-type]
   84 | #define __DEF_IF_HOST { }
      |                         ^
/usr/local/cuda/include/crt/sm_80_rt.h:93:77: note: in expansion of macro '__DEF_IF_HOST'
   93 | __SM_80_RT_DECL__ unsigned __reduce_add_sync(unsigned mask, unsigned value) __DEF_IF_HOST
      |                                                                             ^~~~~~~~~~~~~
/usr/local/cuda/include/crt/sm_80_rt.h: In function 'unsigned int __reduce_min_sync(unsigned int, unsigned int)':
/usr/local/cuda/include/crt/sm_80_rt.h:84:25: warning: no return statement in function returning non-void [-Wreturn-type]
   84 | #define __DEF_IF_HOST { }
      |                         ^
/usr/local/cuda/include/crt/sm_80_rt.h:94:77: note: in expansion of macro '__DEF_IF_HOST'
   94 | __SM_80_RT_DECL__ unsigned __reduce_min_sync(unsigned mask, unsigned value) __DEF_IF_HOST
      |                                                                             ^~~~~~~~~~~~~
/usr/local/cuda/include/crt/sm_80_rt.h: In function 'unsigned int __reduce_max_sync(unsigned int, unsigned int)':
/usr/local/cuda/include/crt/sm_80_rt.h:84:25: warning: no return statement in function returning non-void [-Wreturn-type]
   84 | #define __DEF_IF_HOST { }
      |                         ^
/usr/local/cuda/include/crt/sm_80_rt.h:95:77: note: in expansion of macro '__DEF_IF_HOST'
   95 | __SM_80_RT_DECL__ unsigned __reduce_max_sync(unsigned mask, unsigned value) __DEF_IF_HOST
      |                                                                             ^~~~~~~~~~~~~
/usr/local/cuda/include/crt/sm_80_rt.h: In function 'int __reduce_add_sync(unsigned int, int)':
/usr/local/cuda/include/crt/sm_80_rt.h:84:25: warning: no return statement in function returning non-void [-Wreturn-type]
   84 | #define __DEF_IF_HOST { }
      |                         ^
/usr/local/cuda/include/crt/sm_80_rt.h:97:67: note: in expansion of macro '__DEF_IF_HOST'
   97 | __SM_80_RT_DECL__ int __reduce_add_sync(unsigned mask, int value) __DEF_IF_HOST
      |                                                                   ^~~~~~~~~~~~~
/usr/local/cuda/include/crt/sm_80_rt.h: In function 'int __reduce_min_sync(unsigned int, int)':
/usr/local/cuda/include/crt/sm_80_rt.h:84:25: warning: no return statement in function returning non-void [-Wreturn-type]
   84 | #define __DEF_IF_HOST { }
      |                         ^
/usr/local/cuda/include/crt/sm_80_rt.h:98:67: note: in expansion of macro '__DEF_IF_HOST'
   98 | __SM_80_RT_DECL__ int __reduce_min_sync(unsigned mask, int value) __DEF_IF_HOST
      |                                                                   ^~~~~~~~~~~~~
/usr/local/cuda/include/crt/sm_80_rt.h: In function 'int __reduce_max_sync(unsigned int, int)':
/usr/local/cuda/include/crt/sm_80_rt.h:84:25: warning: no return statement in function returning non-void [-Wreturn-type]
   84 | #define __DEF_IF_HOST { }
      |                         ^
/usr/local/cuda/include/crt/sm_80_rt.h:99:67: note: in expansion of macro '__DEF_IF_HOST'
   99 | __SM_80_RT_DECL__ int __reduce_max_sync(unsigned mask, int value) __DEF_IF_HOST
      |                                                                   ^~~~~~~~~~~~~
/usr/local/cuda/include/crt/sm_80_rt.h: In function 'unsigned int __reduce_and_sync(unsigned int, unsigned int)':
/usr/local/cuda/include/crt/sm_80_rt.h:84:25: warning: no return statement in function returning non-void [-Wreturn-type]
   84 | #define __DEF_IF_HOST { }
      |                         ^
/usr/local/cuda/include/crt/sm_80_rt.h:101:77: note: in expansion of macro '__DEF_IF_HOST'
  101 | __SM_80_RT_DECL__ unsigned __reduce_and_sync(unsigned mask, unsigned value) __DEF_IF_HOST
      |                                                                             ^~~~~~~~~~~~~
/usr/local/cuda/include/crt/sm_80_rt.h: In function 'unsigned int __reduce_or_sync(unsigned int, unsigned int)':
/usr/local/cuda/include/crt/sm_80_rt.h:84:25: warning: no return statement in function returning non-void [-Wreturn-type]
   84 | #define __DEF_IF_HOST { }
      |                         ^
/usr/local/cuda/include/crt/sm_80_rt.h:102:76: note: in expansion of macro '__DEF_IF_HOST'
  102 | __SM_80_RT_DECL__ unsigned __reduce_or_sync(unsigned mask, unsigned value) __DEF_IF_HOST
      |                                                                            ^~~~~~~~~~~~~
/usr/local/cuda/include/crt/sm_80_rt.h: In function 'unsigned int __reduce_xor_sync(unsigned int, unsigned int)':
/usr/local/cuda/include/crt/sm_80_rt.h:84:25: warning: no return statement in function returning non-void [-Wreturn-type]
   84 | #define __DEF_IF_HOST { }
      |                         ^
/usr/local/cuda/include/crt/sm_80_rt.h:103:77: note: in expansion of macro '__DEF_IF_HOST'
  103 | __SM_80_RT_DECL__ unsigned __reduce_xor_sync(unsigned mask, unsigned value) __DEF_IF_HOST
      |                                                                             ^~~~~~~~~~~~~
In file included from /usr/local/cuda/include/crt/device_functions.h:3628,
                 from /home/GVirtuS/GVirtuS/plugins/cudart/backend/CudaRtHandler.h:71,
                 from /home/GVirtuS/GVirtuS/plugins/cudart/backend/CudaRtHandler_opengl.cpp:26:
/usr/local/cuda/include/crt/sm_90_rt.h: In function 'unsigned int __isCtaShared(const void*)':
/usr/local/cuda/include/crt/sm_90_rt.h:84:25: warning: no return statement in function returning non-void [-Wreturn-type]
   84 | #define __DEF_IF_HOST { }
      |                         ^
/usr/local/cuda/include/crt/sm_90_rt.h:89:59: note: in expansion of macro '__DEF_IF_HOST'
   89 | __SM_90_RT_DECL__ unsigned __isCtaShared(const void *ptr) __DEF_IF_HOST
      |                                                           ^~~~~~~~~~~~~
/usr/local/cuda/include/crt/sm_90_rt.h: In function 'unsigned int __isClusterShared(const void*)':
/usr/local/cuda/include/crt/sm_90_rt.h:84:25: warning: no return statement in function returning non-void [-Wreturn-type]
   84 | #define __DEF_IF_HOST { }
      |                         ^
/usr/local/cuda/include/crt/sm_90_rt.h:90:63: note: in expansion of macro '__DEF_IF_HOST'
   90 | __SM_90_RT_DECL__ unsigned __isClusterShared(const void *ptr) __DEF_IF_HOST
      |                                                               ^~~~~~~~~~~~~
/usr/local/cuda/include/crt/sm_90_rt.h: In function 'void* __cluster_map_shared_rank(const void*, unsigned int)':
/usr/local/cuda/include/crt/sm_90_rt.h:84:25: warning: no return statement in function returning non-void [-Wreturn-type]
   84 | #define __DEF_IF_HOST { }
      |                         ^
/usr/local/cuda/include/crt/sm_90_rt.h:91:97: note: in expansion of macro '__DEF_IF_HOST'
   91 | __SM_90_RT_DECL__ void *__cluster_map_shared_rank(const void *ptr, unsigned target_block_rank)  __DEF_IF_HOST
      |                                                                                                 ^~~~~~~~~~~~~
/usr/local/cuda/include/crt/sm_90_rt.h: In function 'unsigned int __cluster_query_shared_rank(const void*)':
/usr/local/cuda/include/crt/sm_90_rt.h:84:25: warning: no return statement in function returning non-void [-Wreturn-type]
   84 | #define __DEF_IF_HOST { }
      |                         ^
/usr/local/cuda/include/crt/sm_90_rt.h:92:73: note: in expansion of macro '__DEF_IF_HOST'
   92 | __SM_90_RT_DECL__ unsigned __cluster_query_shared_rank(const void *ptr) __DEF_IF_HOST
      |                                                                         ^~~~~~~~~~~~~
/usr/local/cuda/include/crt/sm_90_rt.h: In function 'uint2 __cluster_map_shared_multicast(const void*, unsigned int)':
/usr/local/cuda/include/crt/sm_90_rt.h:84:25: warning: no return statement in function returning non-void [-Wreturn-type]
   84 | #define __DEF_IF_HOST { }
      |                         ^
/usr/local/cuda/include/crt/sm_90_rt.h:93:100: note: in expansion of macro '__DEF_IF_HOST'
   93 | __SM_90_RT_DECL__ uint2 __cluster_map_shared_multicast(const void *ptr, unsigned cluster_cta_mask) __DEF_IF_HOST
      |                                                                                                    ^~~~~~~~~~~~~
/usr/local/cuda/include/crt/sm_90_rt.h: In function 'unsigned int __clusterDimIsSpecified()':
/usr/local/cuda/include/crt/sm_90_rt.h:84:25: warning: no return statement in function returning non-void [-Wreturn-type]
   84 | #define __DEF_IF_HOST { }
      |                         ^
/usr/local/cuda/include/crt/sm_90_rt.h:94:54: note: in expansion of macro '__DEF_IF_HOST'
   94 | __SM_90_RT_DECL__ unsigned __clusterDimIsSpecified() __DEF_IF_HOST
      |                                                      ^~~~~~~~~~~~~
/usr/local/cuda/include/crt/sm_90_rt.h: In function 'dim3 __clusterDim()':
/usr/local/cuda/include/crt/sm_90_rt.h:84:25: warning: no return statement in function returning non-void [-Wreturn-type]
   84 | #define __DEF_IF_HOST { }
      |                         ^
/usr/local/cuda/include/crt/sm_90_rt.h:95:39: note: in expansion of macro '__DEF_IF_HOST'
   95 | __SM_90_RT_DECL__ dim3 __clusterDim() __DEF_IF_HOST
      |                                       ^~~~~~~~~~~~~
/usr/local/cuda/include/crt/sm_90_rt.h: In function 'dim3 __clusterRelativeBlockIdx()':
/usr/local/cuda/include/crt/sm_90_rt.h:84:25: warning: no return statement in function returning non-void [-Wreturn-type]
   84 | #define __DEF_IF_HOST { }
      |                         ^
/usr/local/cuda/include/crt/sm_90_rt.h:96:52: note: in expansion of macro '__DEF_IF_HOST'
   96 | __SM_90_RT_DECL__ dim3 __clusterRelativeBlockIdx() __DEF_IF_HOST
      |                                                    ^~~~~~~~~~~~~
/usr/local/cuda/include/crt/sm_90_rt.h: In function 'dim3 __clusterGridDimInClusters()':
/usr/local/cuda/include/crt/sm_90_rt.h:84:25: warning: no return statement in function returning non-void [-Wreturn-type]
   84 | #define __DEF_IF_HOST { }
      |                         ^
/usr/local/cuda/include/crt/sm_90_rt.h:97:53: note: in expansion of macro '__DEF_IF_HOST'
   97 | __SM_90_RT_DECL__ dim3 __clusterGridDimInClusters() __DEF_IF_HOST
      |                                                     ^~~~~~~~~~~~~
/usr/local/cuda/include/crt/sm_90_rt.h: In function 'dim3 __clusterIdx()':
/usr/local/cuda/include/crt/sm_90_rt.h:84:25: warning: no return statement in function returning non-void [-Wreturn-type]
   84 | #define __DEF_IF_HOST { }
      |                         ^
/usr/local/cuda/include/crt/sm_90_rt.h:98:39: note: in expansion of macro '__DEF_IF_HOST'
   98 | __SM_90_RT_DECL__ dim3 __clusterIdx() __DEF_IF_HOST
      |                                       ^~~~~~~~~~~~~
/usr/local/cuda/include/crt/sm_90_rt.h: In function 'unsigned int __clusterRelativeBlockRank()':
/usr/local/cuda/include/crt/sm_90_rt.h:84:25: warning: no return statement in function returning non-void [-Wreturn-type]
   84 | #define __DEF_IF_HOST { }
      |                         ^
/usr/local/cuda/include/crt/sm_90_rt.h:99:57: note: in expansion of macro '__DEF_IF_HOST'
   99 | __SM_90_RT_DECL__ unsigned __clusterRelativeBlockRank() __DEF_IF_HOST
      |                                                         ^~~~~~~~~~~~~
/usr/local/cuda/include/crt/sm_90_rt.h: In function 'unsigned int __clusterSizeInBlocks()':
/usr/local/cuda/include/crt/sm_90_rt.h:84:25: warning: no return statement in function returning non-void [-Wreturn-type]
   84 | #define __DEF_IF_HOST { }
      |                         ^
/usr/local/cuda/include/crt/sm_90_rt.h:100:52: note: in expansion of macro '__DEF_IF_HOST'
  100 | __SM_90_RT_DECL__ unsigned __clusterSizeInBlocks() __DEF_IF_HOST
      |                                                    ^~~~~~~~~~~~~
/usr/local/cuda/include/crt/sm_90_rt.h: In function 'float2 atomicAdd(float2*, float2)':
/usr/local/cuda/include/crt/sm_90_rt.h:84:25: warning: no return statement in function returning non-void [-Wreturn-type]
   84 | #define __DEF_IF_HOST { }
      |                         ^
/usr/local/cuda/include/crt/sm_90_rt.h:106:65: note: in expansion of macro '__DEF_IF_HOST'
  106 | __SM_90_RT_DECL__ float2 atomicAdd(float2 *address, float2 val) __DEF_IF_HOST
      |                                                                 ^~~~~~~~~~~~~
/usr/local/cuda/include/crt/sm_90_rt.h: In function 'float2 atomicAdd_block(float2*, float2)':
/usr/local/cuda/include/crt/sm_90_rt.h:84:25: warning: no return statement in function returning non-void [-Wreturn-type]
   84 | #define __DEF_IF_HOST { }
      |                         ^
/usr/local/cuda/include/crt/sm_90_rt.h:107:71: note: in expansion of macro '__DEF_IF_HOST'
  107 | __SM_90_RT_DECL__ float2 atomicAdd_block(float2 *address, float2 val) __DEF_IF_HOST
      |                                                                       ^~~~~~~~~~~~~
/usr/local/cuda/include/crt/sm_90_rt.h: In function 'float2 atomicAdd_system(float2*, float2)':
/usr/local/cuda/include/crt/sm_90_rt.h:84:25: warning: no return statement in function returning non-void [-Wreturn-type]
   84 | #define __DEF_IF_HOST { }
      |                         ^
/usr/local/cuda/include/crt/sm_90_rt.h:108:72: note: in expansion of macro '__DEF_IF_HOST'
  108 | __SM_90_RT_DECL__ float2 atomicAdd_system(float2 *address, float2 val) __DEF_IF_HOST
      |                                                                        ^~~~~~~~~~~~~
/usr/local/cuda/include/crt/sm_90_rt.h: In function 'float4 atomicAdd(float4*, float4)':
/usr/local/cuda/include/crt/sm_90_rt.h:84:25: warning: no return statement in function returning non-void [-Wreturn-type]
   84 | #define __DEF_IF_HOST { }
      |                         ^
/usr/local/cuda/include/crt/sm_90_rt.h:109:65: note: in expansion of macro '__DEF_IF_HOST'
  109 | __SM_90_RT_DECL__ float4 atomicAdd(float4 *address, float4 val) __DEF_IF_HOST
      |                                                                 ^~~~~~~~~~~~~
/usr/local/cuda/include/crt/sm_90_rt.h: In function 'float4 atomicAdd_block(float4*, float4)':
/usr/local/cuda/include/crt/sm_90_rt.h:84:25: warning: no return statement in function returning non-void [-Wreturn-type]
   84 | #define __DEF_IF_HOST { }
      |                         ^
/usr/local/cuda/include/crt/sm_90_rt.h:110:71: note: in expansion of macro '__DEF_IF_HOST'
  110 | __SM_90_RT_DECL__ float4 atomicAdd_block(float4 *address, float4 val) __DEF_IF_HOST
      |                                                                       ^~~~~~~~~~~~~
/usr/local/cuda/include/crt/sm_90_rt.h: In function 'float4 atomicAdd_system(float4*, float4)':
/usr/local/cuda/include/crt/sm_90_rt.h:84:25: warning: no return statement in function returning non-void [-Wreturn-type]
   84 | #define __DEF_IF_HOST { }
      |                         ^
/usr/local/cuda/include/crt/sm_90_rt.h:111:72: note: in expansion of macro '__DEF_IF_HOST'
  111 | __SM_90_RT_DECL__ float4 atomicAdd_system(float4 *address, float4 val) __DEF_IF_HOST
      |                                                                        ^~~~~~~~~~~~~
/home/GVirtuS/GVirtuS/plugins/cudart/backend/CudaRtHandler_opengl.cpp: In function 'std::shared_ptr<gvirtus::communicators::Result> handleGLSetGLDevice(CudaRtHandler*, std::shared_ptr<gvirtus::communicators::Buffer>)':
/home/GVirtuS/GVirtuS/plugins/cudart/backend/CudaRtHandler_opengl.cpp:41:53: warning: 'cudaError_t cudaGLSetGLDevice(int)' is deprecated [-Wdeprecated-declarations]
   41 |     cudaError_t exit_code = cudaGLSetGLDevice(device);
      |                                                     ^
In file included from /home/GVirtuS/GVirtuS/plugins/cudart/backend/CudaRtHandler_opengl.cpp:32:
/usr/local/cuda/include/cuda_gl_interop.h:311:57: note: declared here
  311 | extern __CUDA_DEPRECATED __host__ cudaError_t CUDARTAPI cudaGLSetGLDevice(int device);
      |                                                         ^~~~~~~~~~~~~~~~~
/home/GVirtuS/GVirtuS/plugins/cudart/backend/CudaRtHandler_opengl.cpp:41:53: warning: 'cudaError_t cudaGLSetGLDevice(int)' is deprecated [-Wdeprecated-declarations]
   41 |     cudaError_t exit_code = cudaGLSetGLDevice(device);
      |                                                     ^
In file included from /home/GVirtuS/GVirtuS/plugins/cudart/backend/CudaRtHandler_opengl.cpp:32:
/usr/local/cuda/include/cuda_gl_interop.h:311:57: note: declared here
  311 | extern __CUDA_DEPRECATED __host__ cudaError_t CUDARTAPI cudaGLSetGLDevice(int device);
      |                                                         ^~~~~~~~~~~~~~~~~
[ 51%] Building CXX object plugins/cudart/CMakeFiles/gvirtus-plugin-cudart.dir/backend/CudaRtHandler_surface.cpp.o
In file included from /home/GVirtuS/GVirtuS/plugins/cudart/backend/CudaRtHandler.h:71,
                 from /home/GVirtuS/GVirtuS/plugins/cudart/backend/CudaRtHandler_surface.cpp:27:
/usr/local/cuda/include/crt/device_functions.h:54:2: warning: #warning "crt/device_functions.h is an internal header file and must not be used directly.  Please use cuda_runtime_api.h or cuda_runtime.h instead." [-Wcpp]
   54 | #warning "crt/device_functions.h is an internal header file and must not be used directly.  Please use cuda_runtime_api.h or cuda_runtime.h instead."
      |  ^~~~~~~
In file included from /usr/local/cuda/include/crt/device_functions.h:3615,
                 from /home/GVirtuS/GVirtuS/plugins/cudart/backend/CudaRtHandler.h:71,
                 from /home/GVirtuS/GVirtuS/plugins/cudart/backend/CudaRtHandler_surface.cpp:27:
/usr/local/cuda/include/device_atomic_functions.h: In function 'int atomicAdd(int*, int)':
/usr/local/cuda/include/device_atomic_functions.h:74:25: warning: no return statement in function returning non-void [-Wreturn-type]
   74 | #define __DEF_IF_HOST { }
      |                         ^
/usr/local/cuda/include/device_atomic_functions.h:86:71: note: in expansion of macro '__DEF_IF_HOST'
   86 | __DEVICE_ATOMIC_FUNCTIONS_DECL__ int atomicAdd(int *address, int val) __DEF_IF_HOST
      |                                                                       ^~~~~~~~~~~~~
/usr/local/cuda/include/device_atomic_functions.h: In function 'unsigned int atomicAdd(unsigned int*, unsigned int)':
/usr/local/cuda/include/device_atomic_functions.h:74:25: warning: no return statement in function returning non-void [-Wreturn-type]
   74 | #define __DEF_IF_HOST { }
      |                         ^
/usr/local/cuda/include/device_atomic_functions.h:88:98: note: in expansion of macro '__DEF_IF_HOST'
   88 | __DEVICE_ATOMIC_FUNCTIONS_DECL__ unsigned int atomicAdd(unsigned int *address, unsigned int val) __DEF_IF_HOST
      |                                                                                                  ^~~~~~~~~~~~~
/usr/local/cuda/include/device_atomic_functions.h: In function 'int atomicSub(int*, int)':
/usr/local/cuda/include/device_atomic_functions.h:74:25: warning: no return statement in function returning non-void [-Wreturn-type]
   74 | #define __DEF_IF_HOST { }
      |                         ^
/usr/local/cuda/include/device_atomic_functions.h:90:71: note: in expansion of macro '__DEF_IF_HOST'
   90 | __DEVICE_ATOMIC_FUNCTIONS_DECL__ int atomicSub(int *address, int val) __DEF_IF_HOST
      |                                                                       ^~~~~~~~~~~~~
/usr/local/cuda/include/device_atomic_functions.h: In function 'unsigned int atomicSub(unsigned int*, unsigned int)':
/usr/local/cuda/include/device_atomic_functions.h:74:25: warning: no return statement in function returning non-void [-Wreturn-type]
   74 | #define __DEF_IF_HOST { }
      |                         ^
/usr/local/cuda/include/device_atomic_functions.h:92:98: note: in expansion of macro '__DEF_IF_HOST'
   92 | __DEVICE_ATOMIC_FUNCTIONS_DECL__ unsigned int atomicSub(unsigned int *address, unsigned int val) __DEF_IF_HOST
      |                                                                                                  ^~~~~~~~~~~~~
/usr/local/cuda/include/device_atomic_functions.h: In function 'int atomicExch(int*, int)':
/usr/local/cuda/include/device_atomic_functions.h:74:25: warning: no return statement in function returning non-void [-Wreturn-type]
   74 | #define __DEF_IF_HOST { }
      |                         ^
/usr/local/cuda/include/device_atomic_functions.h:94:72: note: in expansion of macro '__DEF_IF_HOST'
   94 | __DEVICE_ATOMIC_FUNCTIONS_DECL__ int atomicExch(int *address, int val) __DEF_IF_HOST
      |                                                                        ^~~~~~~~~~~~~
/usr/local/cuda/include/device_atomic_functions.h: In function 'unsigned int atomicExch(unsigned int*, unsigned int)':
/usr/local/cuda/include/device_atomic_functions.h:74:25: warning: no return statement in function returning non-void [-Wreturn-type]
   74 | #define __DEF_IF_HOST { }
      |                         ^
/usr/local/cuda/include/device_atomic_functions.h:96:99: note: in expansion of macro '__DEF_IF_HOST'
   96 | __DEVICE_ATOMIC_FUNCTIONS_DECL__ unsigned int atomicExch(unsigned int *address, unsigned int val) __DEF_IF_HOST
      |                                                                                                   ^~~~~~~~~~~~~
/usr/local/cuda/include/device_atomic_functions.h: In function 'float atomicExch(float*, float)':
/usr/local/cuda/include/device_atomic_functions.h:74:25: warning: no return statement in function returning non-void [-Wreturn-type]
   74 | #define __DEF_IF_HOST { }
      |                         ^
/usr/local/cuda/include/device_atomic_functions.h:98:78: note: in expansion of macro '__DEF_IF_HOST'
   98 | __DEVICE_ATOMIC_FUNCTIONS_DECL__ float atomicExch(float *address, float val) __DEF_IF_HOST
      |                                                                              ^~~~~~~~~~~~~
/usr/local/cuda/include/device_atomic_functions.h: In function 'int atomicMin(int*, int)':
/usr/local/cuda/include/device_atomic_functions.h:74:25: warning: no return statement in function returning non-void [-Wreturn-type]
   74 | #define __DEF_IF_HOST { }
      |                         ^
/usr/local/cuda/include/device_atomic_functions.h:100:71: note: in expansion of macro '__DEF_IF_HOST'
  100 | __DEVICE_ATOMIC_FUNCTIONS_DECL__ int atomicMin(int *address, int val) __DEF_IF_HOST
      |                                                                       ^~~~~~~~~~~~~
/usr/local/cuda/include/device_atomic_functions.h: In function 'unsigned int atomicMin(unsigned int*, unsigned int)':
/usr/local/cuda/include/device_atomic_functions.h:74:25: warning: no return statement in function returning non-void [-Wreturn-type]
   74 | #define __DEF_IF_HOST { }
      |                         ^
/usr/local/cuda/include/device_atomic_functions.h:102:98: note: in expansion of macro '__DEF_IF_HOST'
  102 | __DEVICE_ATOMIC_FUNCTIONS_DECL__ unsigned int atomicMin(unsigned int *address, unsigned int val) __DEF_IF_HOST
      |                                                                                                  ^~~~~~~~~~~~~
/usr/local/cuda/include/device_atomic_functions.h: In function 'int atomicMax(int*, int)':
/usr/local/cuda/include/device_atomic_functions.h:74:25: warning: no return statement in function returning non-void [-Wreturn-type]
   74 | #define __DEF_IF_HOST { }
      |                         ^
/usr/local/cuda/include/device_atomic_functions.h:104:71: note: in expansion of macro '__DEF_IF_HOST'
  104 | __DEVICE_ATOMIC_FUNCTIONS_DECL__ int atomicMax(int *address, int val) __DEF_IF_HOST
      |                                                                       ^~~~~~~~~~~~~
/usr/local/cuda/include/device_atomic_functions.h: In function 'unsigned int atomicMax(unsigned int*, unsigned int)':
/usr/local/cuda/include/device_atomic_functions.h:74:25: warning: no return statement in function returning non-void [-Wreturn-type]
   74 | #define __DEF_IF_HOST { }
      |                         ^
/usr/local/cuda/include/device_atomic_functions.h:106:98: note: in expansion of macro '__DEF_IF_HOST'
  106 | __DEVICE_ATOMIC_FUNCTIONS_DECL__ unsigned int atomicMax(unsigned int *address, unsigned int val) __DEF_IF_HOST
      |                                                                                                  ^~~~~~~~~~~~~
/usr/local/cuda/include/device_atomic_functions.h: In function 'unsigned int atomicInc(unsigned int*, unsigned int)':
/usr/local/cuda/include/device_atomic_functions.h:74:25: warning: no return statement in function returning non-void [-Wreturn-type]
   74 | #define __DEF_IF_HOST { }
      |                         ^
/usr/local/cuda/include/device_atomic_functions.h:108:98: note: in expansion of macro '__DEF_IF_HOST'
  108 | __DEVICE_ATOMIC_FUNCTIONS_DECL__ unsigned int atomicInc(unsigned int *address, unsigned int val) __DEF_IF_HOST
      |                                                                                                  ^~~~~~~~~~~~~
/usr/local/cuda/include/device_atomic_functions.h: In function 'unsigned int atomicDec(unsigned int*, unsigned int)':
/usr/local/cuda/include/device_atomic_functions.h:74:25: warning: no return statement in function returning non-void [-Wreturn-type]
   74 | #define __DEF_IF_HOST { }
      |                         ^
/usr/local/cuda/include/device_atomic_functions.h:110:98: note: in expansion of macro '__DEF_IF_HOST'
  110 | __DEVICE_ATOMIC_FUNCTIONS_DECL__ unsigned int atomicDec(unsigned int *address, unsigned int val) __DEF_IF_HOST
      |                                                                                                  ^~~~~~~~~~~~~
/usr/local/cuda/include/device_atomic_functions.h: In function 'int atomicAnd(int*, int)':
/usr/local/cuda/include/device_atomic_functions.h:74:25: warning: no return statement in function returning non-void [-Wreturn-type]
   74 | #define __DEF_IF_HOST { }
      |                         ^
/usr/local/cuda/include/device_atomic_functions.h:112:71: note: in expansion of macro '__DEF_IF_HOST'
  112 | __DEVICE_ATOMIC_FUNCTIONS_DECL__ int atomicAnd(int *address, int val) __DEF_IF_HOST
      |                                                                       ^~~~~~~~~~~~~
/usr/local/cuda/include/device_atomic_functions.h: In function 'unsigned int atomicAnd(unsigned int*, unsigned int)':
/usr/local/cuda/include/device_atomic_functions.h:74:25: warning: no return statement in function returning non-void [-Wreturn-type]
   74 | #define __DEF_IF_HOST { }
      |                         ^
/usr/local/cuda/include/device_atomic_functions.h:114:98: note: in expansion of macro '__DEF_IF_HOST'
  114 | __DEVICE_ATOMIC_FUNCTIONS_DECL__ unsigned int atomicAnd(unsigned int *address, unsigned int val) __DEF_IF_HOST
      |                                                                                                  ^~~~~~~~~~~~~
/usr/local/cuda/include/device_atomic_functions.h: In function 'int atomicOr(int*, int)':
/usr/local/cuda/include/device_atomic_functions.h:74:25: warning: no return statement in function returning non-void [-Wreturn-type]
   74 | #define __DEF_IF_HOST { }
      |                         ^
/usr/local/cuda/include/device_atomic_functions.h:116:70: note: in expansion of macro '__DEF_IF_HOST'
  116 | __DEVICE_ATOMIC_FUNCTIONS_DECL__ int atomicOr(int *address, int val) __DEF_IF_HOST
      |                                                                      ^~~~~~~~~~~~~
/usr/local/cuda/include/device_atomic_functions.h: In function 'unsigned int atomicOr(unsigned int*, unsigned int)':
/usr/local/cuda/include/device_atomic_functions.h:74:25: warning: no return statement in function returning non-void [-Wreturn-type]
   74 | #define __DEF_IF_HOST { }
      |                         ^
/usr/local/cuda/include/device_atomic_functions.h:118:97: note: in expansion of macro '__DEF_IF_HOST'
  118 | __DEVICE_ATOMIC_FUNCTIONS_DECL__ unsigned int atomicOr(unsigned int *address, unsigned int val) __DEF_IF_HOST
      |                                                                                                 ^~~~~~~~~~~~~
/usr/local/cuda/include/device_atomic_functions.h: In function 'int atomicXor(int*, int)':
/usr/local/cuda/include/device_atomic_functions.h:74:25: warning: no return statement in function returning non-void [-Wreturn-type]
   74 | #define __DEF_IF_HOST { }
      |                         ^
/usr/local/cuda/include/device_atomic_functions.h:120:71: note: in expansion of macro '__DEF_IF_HOST'
  120 | __DEVICE_ATOMIC_FUNCTIONS_DECL__ int atomicXor(int *address, int val) __DEF_IF_HOST
      |                                                                       ^~~~~~~~~~~~~
/usr/local/cuda/include/device_atomic_functions.h: In function 'unsigned int atomicXor(unsigned int*, unsigned int)':
/usr/local/cuda/include/device_atomic_functions.h:74:25: warning: no return statement in function returning non-void [-Wreturn-type]
   74 | #define __DEF_IF_HOST { }
      |                         ^
/usr/local/cuda/include/device_atomic_functions.h:122:98: note: in expansion of macro '__DEF_IF_HOST'
  122 | __DEVICE_ATOMIC_FUNCTIONS_DECL__ unsigned int atomicXor(unsigned int *address, unsigned int val) __DEF_IF_HOST
      |                                                                                                  ^~~~~~~~~~~~~
/usr/local/cuda/include/device_atomic_functions.h: In function 'int atomicCAS(int*, int, int)':
/usr/local/cuda/include/device_atomic_functions.h:74:25: warning: no return statement in function returning non-void [-Wreturn-type]
   74 | #define __DEF_IF_HOST { }
      |                         ^
/usr/local/cuda/include/device_atomic_functions.h:124:84: note: in expansion of macro '__DEF_IF_HOST'
  124 | __DEVICE_ATOMIC_FUNCTIONS_DECL__ int atomicCAS(int *address, int compare, int val) __DEF_IF_HOST
      |                                                                                    ^~~~~~~~~~~~~
/usr/local/cuda/include/device_atomic_functions.h: In function 'unsigned int atomicCAS(unsigned int*, unsigned int, unsigned int)':
/usr/local/cuda/include/device_atomic_functions.h:74:25: warning: no return statement in function returning non-void [-Wreturn-type]
   74 | #define __DEF_IF_HOST { }
      |                         ^
/usr/local/cuda/include/device_atomic_functions.h:126:120: note: in expansion of macro '__DEF_IF_HOST'
  126 | __DEVICE_ATOMIC_FUNCTIONS_DECL__ unsigned int atomicCAS(unsigned int *address, unsigned int compare, unsigned int val) __DEF_IF_HOST
      |                                                                                                                        ^~~~~~~~~~~~~
/usr/local/cuda/include/device_atomic_functions.h: In function 'long long unsigned int atomicAdd(long long unsigned int*, long long unsigned int)':
/usr/local/cuda/include/device_atomic_functions.h:74:25: warning: no return statement in function returning non-void [-Wreturn-type]
   74 | #define __DEF_IF_HOST { }
      |                         ^
/usr/local/cuda/include/device_atomic_functions.h:166:128: note: in expansion of macro '__DEF_IF_HOST'
  166 | __DEVICE_ATOMIC_FUNCTIONS_DECL__ unsigned long long int atomicAdd(unsigned long long int *address, unsigned long long int val) __DEF_IF_HOST
      |                                                                                                                                ^~~~~~~~~~~~~
/usr/local/cuda/include/device_atomic_functions.h: In function 'long long unsigned int atomicExch(long long unsigned int*, long long unsigned int)':
/usr/local/cuda/include/device_atomic_functions.h:74:25: warning: no return statement in function returning non-void [-Wreturn-type]
   74 | #define __DEF_IF_HOST { }
      |                         ^
/usr/local/cuda/include/device_atomic_functions.h:168:129: note: in expansion of macro '__DEF_IF_HOST'
  168 | __DEVICE_ATOMIC_FUNCTIONS_DECL__ unsigned long long int atomicExch(unsigned long long int *address, unsigned long long int val) __DEF_IF_HOST
      |                                                                                                                                 ^~~~~~~~~~~~~
/usr/local/cuda/include/device_atomic_functions.h: In function 'long long unsigned int atomicCAS(long long unsigned int*, long long unsigned int, long long unsigned int)':
/usr/local/cuda/include/device_atomic_functions.h:74:25: warning: no return statement in function returning non-void [-Wreturn-type]
   74 | #define __DEF_IF_HOST { }
      |                         ^
/usr/local/cuda/include/device_atomic_functions.h:170:160: note: in expansion of macro '__DEF_IF_HOST'
  170 | __DEVICE_ATOMIC_FUNCTIONS_DECL__ unsigned long long int atomicCAS(unsigned long long int *address, unsigned long long int compare, unsigned long long int val) __DEF_IF_HOST
      |                                                                                                                                                                ^~~~~~~~~~~~~
/usr/local/cuda/include/device_atomic_functions.h: In function 'bool any(bool)':
/usr/local/cuda/include/device_atomic_functions.h:74:25: warning: no return statement in function returning non-void [-Wreturn-type]
   74 | #define __DEF_IF_HOST { }
      |                         ^
/usr/local/cuda/include/device_atomic_functions.h:172:103: note: in expansion of macro '__DEF_IF_HOST'
  172 | __DEVICE_ATOMIC_FUNCTIONS_DECL__ __DEPRECATED__(__WSB_DEPRECATION_MESSAGE(__any)) bool any(bool cond) __DEF_IF_HOST
      |                                                                                                       ^~~~~~~~~~~~~
/usr/local/cuda/include/device_atomic_functions.h: In function 'bool all(bool)':
/usr/local/cuda/include/device_atomic_functions.h:74:25: warning: no return statement in function returning non-void [-Wreturn-type]
   74 | #define __DEF_IF_HOST { }
      |                         ^
/usr/local/cuda/include/device_atomic_functions.h:174:103: note: in expansion of macro '__DEF_IF_HOST'
  174 | __DEVICE_ATOMIC_FUNCTIONS_DECL__ __DEPRECATED__(__WSB_DEPRECATION_MESSAGE(__all)) bool all(bool cond) __DEF_IF_HOST
      |                                                                                                       ^~~~~~~~~~~~~
In file included from /usr/local/cuda/include/crt/device_functions.h:3617,
                 from /home/GVirtuS/GVirtuS/plugins/cudart/backend/CudaRtHandler.h:71,
                 from /home/GVirtuS/GVirtuS/plugins/cudart/backend/CudaRtHandler_surface.cpp:27:
/usr/local/cuda/include/sm_20_atomic_functions.h: In function 'float atomicAdd(float*, float)':
/usr/local/cuda/include/sm_20_atomic_functions.h:79:25: warning: no return statement in function returning non-void [-Wreturn-type]
   79 | #define __DEF_IF_HOST { }
      |                         ^
/usr/local/cuda/include/sm_20_atomic_functions.h:96:76: note: in expansion of macro '__DEF_IF_HOST'
   96 | __SM_20_ATOMIC_FUNCTIONS_DECL__ float atomicAdd(float *address, float val) __DEF_IF_HOST
      |                                                                            ^~~~~~~~~~~~~
In file included from /usr/local/cuda/include/crt/device_functions.h:3618,
                 from /home/GVirtuS/GVirtuS/plugins/cudart/backend/CudaRtHandler.h:71,
                 from /home/GVirtuS/GVirtuS/plugins/cudart/backend/CudaRtHandler_surface.cpp:27:
/usr/local/cuda/include/sm_32_atomic_functions.h: In function 'long long int atomicMin(long long int*, long long int)':
/usr/local/cuda/include/sm_32_atomic_functions.h:72:25: warning: no return statement in function returning non-void [-Wreturn-type]
   72 | #define __DEF_IF_HOST { }
      |                         ^
/usr/local/cuda/include/sm_32_atomic_functions.h:89:88: note: in expansion of macro '__DEF_IF_HOST'
   89 | __SM_32_ATOMIC_FUNCTIONS_DECL__ long long atomicMin(long long *address, long long val) __DEF_IF_HOST
      |                                                                                        ^~~~~~~~~~~~~
/usr/local/cuda/include/sm_32_atomic_functions.h: In function 'long long int atomicMax(long long int*, long long int)':
/usr/local/cuda/include/sm_32_atomic_functions.h:72:25: warning: no return statement in function returning non-void [-Wreturn-type]
   72 | #define __DEF_IF_HOST { }
      |                         ^
/usr/local/cuda/include/sm_32_atomic_functions.h:91:88: note: in expansion of macro '__DEF_IF_HOST'
   91 | __SM_32_ATOMIC_FUNCTIONS_DECL__ long long atomicMax(long long *address, long long val) __DEF_IF_HOST
      |                                                                                        ^~~~~~~~~~~~~
/usr/local/cuda/include/sm_32_atomic_functions.h: In function 'long long int atomicAnd(long long int*, long long int)':
/usr/local/cuda/include/sm_32_atomic_functions.h:72:25: warning: no return statement in function returning non-void [-Wreturn-type]
   72 | #define __DEF_IF_HOST { }
      |                         ^
/usr/local/cuda/include/sm_32_atomic_functions.h:93:88: note: in expansion of macro '__DEF_IF_HOST'
   93 | __SM_32_ATOMIC_FUNCTIONS_DECL__ long long atomicAnd(long long *address, long long val) __DEF_IF_HOST
      |                                                                                        ^~~~~~~~~~~~~
/usr/local/cuda/include/sm_32_atomic_functions.h: In function 'long long int atomicOr(long long int*, long long int)':
/usr/local/cuda/include/sm_32_atomic_functions.h:72:25: warning: no return statement in function returning non-void [-Wreturn-type]
   72 | #define __DEF_IF_HOST { }
      |                         ^
/usr/local/cuda/include/sm_32_atomic_functions.h:95:87: note: in expansion of macro '__DEF_IF_HOST'
   95 | __SM_32_ATOMIC_FUNCTIONS_DECL__ long long atomicOr(long long *address, long long val) __DEF_IF_HOST
      |                                                                                       ^~~~~~~~~~~~~
/usr/local/cuda/include/sm_32_atomic_functions.h: In function 'long long int atomicXor(long long int*, long long int)':
/usr/local/cuda/include/sm_32_atomic_functions.h:72:25: warning: no return statement in function returning non-void [-Wreturn-type]
   72 | #define __DEF_IF_HOST { }
      |                         ^
/usr/local/cuda/include/sm_32_atomic_functions.h:97:88: note: in expansion of macro '__DEF_IF_HOST'
   97 | __SM_32_ATOMIC_FUNCTIONS_DECL__ long long atomicXor(long long *address, long long val) __DEF_IF_HOST
      |                                                                                        ^~~~~~~~~~~~~
/usr/local/cuda/include/sm_32_atomic_functions.h: In function 'long long unsigned int atomicMin(long long unsigned int*, long long unsigned int)':
/usr/local/cuda/include/sm_32_atomic_functions.h:72:25: warning: no return statement in function returning non-void [-Wreturn-type]
   72 | #define __DEF_IF_HOST { }
      |                         ^
/usr/local/cuda/include/sm_32_atomic_functions.h:99:115: note: in expansion of macro '__DEF_IF_HOST'
   99 | __SM_32_ATOMIC_FUNCTIONS_DECL__ unsigned long long atomicMin(unsigned long long *address, unsigned long long val) __DEF_IF_HOST
      |                                                                                                                   ^~~~~~~~~~~~~
/usr/local/cuda/include/sm_32_atomic_functions.h: In function 'long long unsigned int atomicMax(long long unsigned int*, long long unsigned int)':
/usr/local/cuda/include/sm_32_atomic_functions.h:72:25: warning: no return statement in function returning non-void [-Wreturn-type]
   72 | #define __DEF_IF_HOST { }
      |                         ^
/usr/local/cuda/include/sm_32_atomic_functions.h:101:115: note: in expansion of macro '__DEF_IF_HOST'
  101 | __SM_32_ATOMIC_FUNCTIONS_DECL__ unsigned long long atomicMax(unsigned long long *address, unsigned long long val) __DEF_IF_HOST
      |                                                                                                                   ^~~~~~~~~~~~~
/usr/local/cuda/include/sm_32_atomic_functions.h: In function 'long long unsigned int atomicAnd(long long unsigned int*, long long unsigned int)':
/usr/local/cuda/include/sm_32_atomic_functions.h:72:25: warning: no return statement in function returning non-void [-Wreturn-type]
   72 | #define __DEF_IF_HOST { }
      |                         ^
/usr/local/cuda/include/sm_32_atomic_functions.h:103:115: note: in expansion of macro '__DEF_IF_HOST'
  103 | __SM_32_ATOMIC_FUNCTIONS_DECL__ unsigned long long atomicAnd(unsigned long long *address, unsigned long long val) __DEF_IF_HOST
      |                                                                                                                   ^~~~~~~~~~~~~
/usr/local/cuda/include/sm_32_atomic_functions.h: In function 'long long unsigned int atomicOr(long long unsigned int*, long long unsigned int)':
/usr/local/cuda/include/sm_32_atomic_functions.h:72:25: warning: no return statement in function returning non-void [-Wreturn-type]
   72 | #define __DEF_IF_HOST { }
      |                         ^
/usr/local/cuda/include/sm_32_atomic_functions.h:105:114: note: in expansion of macro '__DEF_IF_HOST'
  105 | __SM_32_ATOMIC_FUNCTIONS_DECL__ unsigned long long atomicOr(unsigned long long *address, unsigned long long val) __DEF_IF_HOST
      |                                                                                                                  ^~~~~~~~~~~~~
/usr/local/cuda/include/sm_32_atomic_functions.h: In function 'long long unsigned int atomicXor(long long unsigned int*, long long unsigned int)':
/usr/local/cuda/include/sm_32_atomic_functions.h:72:25: warning: no return statement in function returning non-void [-Wreturn-type]
   72 | #define __DEF_IF_HOST { }
      |                         ^
/usr/local/cuda/include/sm_32_atomic_functions.h:107:115: note: in expansion of macro '__DEF_IF_HOST'
  107 | __SM_32_ATOMIC_FUNCTIONS_DECL__ unsigned long long atomicXor(unsigned long long *address, unsigned long long val) __DEF_IF_HOST
      |                                                                                                                   ^~~~~~~~~~~~~
In file included from /usr/local/cuda/include/crt/device_functions.h:3620,
                 from /home/GVirtuS/GVirtuS/plugins/cudart/backend/CudaRtHandler.h:71,
                 from /home/GVirtuS/GVirtuS/plugins/cudart/backend/CudaRtHandler_surface.cpp:27:
/usr/local/cuda/include/sm_60_atomic_functions.h: In function 'double atomicAdd(double*, double)':
/usr/local/cuda/include/sm_60_atomic_functions.h:77:25: warning: no return statement in function returning non-void [-Wreturn-type]
   77 | #define __DEF_IF_HOST { }
      |                         ^
/usr/local/cuda/include/sm_60_atomic_functions.h:90:79: note: in expansion of macro '__DEF_IF_HOST'
   90 | __SM_60_ATOMIC_FUNCTIONS_DECL__ double atomicAdd(double *address, double val) __DEF_IF_HOST
      |                                                                               ^~~~~~~~~~~~~
/usr/local/cuda/include/sm_60_atomic_functions.h: In function 'int atomicAdd_block(int*, int)':
/usr/local/cuda/include/sm_60_atomic_functions.h:77:25: warning: no return statement in function returning non-void [-Wreturn-type]
   77 | #define __DEF_IF_HOST { }
      |                         ^
/usr/local/cuda/include/sm_60_atomic_functions.h:93:44: note: in expansion of macro '__DEF_IF_HOST'
   93 | int atomicAdd_block(int *address, int val) __DEF_IF_HOST
      |                                            ^~~~~~~~~~~~~
/usr/local/cuda/include/sm_60_atomic_functions.h: In function 'int atomicAdd_system(int*, int)':
/usr/local/cuda/include/sm_60_atomic_functions.h:77:25: warning: no return statement in function returning non-void [-Wreturn-type]
   77 | #define __DEF_IF_HOST { }
      |                         ^
/usr/local/cuda/include/sm_60_atomic_functions.h:96:45: note: in expansion of macro '__DEF_IF_HOST'
   96 | int atomicAdd_system(int *address, int val) __DEF_IF_HOST
      |                                             ^~~~~~~~~~~~~
/usr/local/cuda/include/sm_60_atomic_functions.h: In function 'unsigned int atomicAdd_block(unsigned int*, unsigned int)':
/usr/local/cuda/include/sm_60_atomic_functions.h:77:25: warning: no return statement in function returning non-void [-Wreturn-type]
   77 | #define __DEF_IF_HOST { }
      |                         ^
/usr/local/cuda/include/sm_60_atomic_functions.h:99:71: note: in expansion of macro '__DEF_IF_HOST'
   99 | unsigned int atomicAdd_block(unsigned int *address, unsigned int val) __DEF_IF_HOST
      |                                                                       ^~~~~~~~~~~~~
/usr/local/cuda/include/sm_60_atomic_functions.h: In function 'unsigned int atomicAdd_system(unsigned int*, unsigned int)':
/usr/local/cuda/include/sm_60_atomic_functions.h:77:25: warning: no return statement in function returning non-void [-Wreturn-type]
   77 | #define __DEF_IF_HOST { }
      |                         ^
/usr/local/cuda/include/sm_60_atomic_functions.h:102:72: note: in expansion of macro '__DEF_IF_HOST'
  102 | unsigned int atomicAdd_system(unsigned int *address, unsigned int val) __DEF_IF_HOST
      |                                                                        ^~~~~~~~~~~~~
/usr/local/cuda/include/sm_60_atomic_functions.h: In function 'long long unsigned int atomicAdd_block(long long unsigned int*, long long unsigned int)':
/usr/local/cuda/include/sm_60_atomic_functions.h:77:25: warning: no return statement in function returning non-void [-Wreturn-type]
   77 | #define __DEF_IF_HOST { }
      |                         ^
/usr/local/cuda/include/sm_60_atomic_functions.h:105:89: note: in expansion of macro '__DEF_IF_HOST'
  105 | unsigned long long atomicAdd_block(unsigned long long *address, unsigned long long val) __DEF_IF_HOST
      |                                                                                         ^~~~~~~~~~~~~
/usr/local/cuda/include/sm_60_atomic_functions.h: In function 'long long unsigned int atomicAdd_system(long long unsigned int*, long long unsigned int)':
/usr/local/cuda/include/sm_60_atomic_functions.h:77:25: warning: no return statement in function returning non-void [-Wreturn-type]
   77 | #define __DEF_IF_HOST { }
      |                         ^
/usr/local/cuda/include/sm_60_atomic_functions.h:108:90: note: in expansion of macro '__DEF_IF_HOST'
  108 | unsigned long long atomicAdd_system(unsigned long long *address, unsigned long long val) __DEF_IF_HOST
      |                                                                                          ^~~~~~~~~~~~~
/usr/local/cuda/include/sm_60_atomic_functions.h: In function 'float atomicAdd_block(float*, float)':
/usr/local/cuda/include/sm_60_atomic_functions.h:77:25: warning: no return statement in function returning non-void [-Wreturn-type]
   77 | #define __DEF_IF_HOST { }
      |                         ^
/usr/local/cuda/include/sm_60_atomic_functions.h:111:50: note: in expansion of macro '__DEF_IF_HOST'
  111 | float atomicAdd_block(float *address, float val) __DEF_IF_HOST
      |                                                  ^~~~~~~~~~~~~
/usr/local/cuda/include/sm_60_atomic_functions.h: In function 'float atomicAdd_system(float*, float)':
/usr/local/cuda/include/sm_60_atomic_functions.h:77:25: warning: no return statement in function returning non-void [-Wreturn-type]
   77 | #define __DEF_IF_HOST { }
      |                         ^
/usr/local/cuda/include/sm_60_atomic_functions.h:114:51: note: in expansion of macro '__DEF_IF_HOST'
  114 | float atomicAdd_system(float *address, float val) __DEF_IF_HOST
      |                                                   ^~~~~~~~~~~~~
/usr/local/cuda/include/sm_60_atomic_functions.h: In function 'double atomicAdd_block(double*, double)':
/usr/local/cuda/include/sm_60_atomic_functions.h:77:25: warning: no return statement in function returning non-void [-Wreturn-type]
   77 | #define __DEF_IF_HOST { }
      |                         ^
/usr/local/cuda/include/sm_60_atomic_functions.h:117:53: note: in expansion of macro '__DEF_IF_HOST'
  117 | double atomicAdd_block(double *address, double val) __DEF_IF_HOST
      |                                                     ^~~~~~~~~~~~~
/usr/local/cuda/include/sm_60_atomic_functions.h: In function 'double atomicAdd_system(double*, double)':
/usr/local/cuda/include/sm_60_atomic_functions.h:77:25: warning: no return statement in function returning non-void [-Wreturn-type]
   77 | #define __DEF_IF_HOST { }
      |                         ^
/usr/local/cuda/include/sm_60_atomic_functions.h:120:54: note: in expansion of macro '__DEF_IF_HOST'
  120 | double atomicAdd_system(double *address, double val) __DEF_IF_HOST
      |                                                      ^~~~~~~~~~~~~
/usr/local/cuda/include/sm_60_atomic_functions.h: In function 'int atomicSub_block(int*, int)':
/usr/local/cuda/include/sm_60_atomic_functions.h:77:25: warning: no return statement in function returning non-void [-Wreturn-type]
   77 | #define __DEF_IF_HOST { }
      |                         ^
/usr/local/cuda/include/sm_60_atomic_functions.h:123:44: note: in expansion of macro '__DEF_IF_HOST'
  123 | int atomicSub_block(int *address, int val) __DEF_IF_HOST
      |                                            ^~~~~~~~~~~~~
/usr/local/cuda/include/sm_60_atomic_functions.h: In function 'int atomicSub_system(int*, int)':
/usr/local/cuda/include/sm_60_atomic_functions.h:77:25: warning: no return statement in function returning non-void [-Wreturn-type]
   77 | #define __DEF_IF_HOST { }
      |                         ^
/usr/local/cuda/include/sm_60_atomic_functions.h:126:45: note: in expansion of macro '__DEF_IF_HOST'
  126 | int atomicSub_system(int *address, int val) __DEF_IF_HOST
      |                                             ^~~~~~~~~~~~~
/usr/local/cuda/include/sm_60_atomic_functions.h: In function 'unsigned int atomicSub_block(unsigned int*, unsigned int)':
/usr/local/cuda/include/sm_60_atomic_functions.h:77:25: warning: no return statement in function returning non-void [-Wreturn-type]
   77 | #define __DEF_IF_HOST { }
      |                         ^
/usr/local/cuda/include/sm_60_atomic_functions.h:129:71: note: in expansion of macro '__DEF_IF_HOST'
  129 | unsigned int atomicSub_block(unsigned int *address, unsigned int val) __DEF_IF_HOST
      |                                                                       ^~~~~~~~~~~~~
/usr/local/cuda/include/sm_60_atomic_functions.h: In function 'unsigned int atomicSub_system(unsigned int*, unsigned int)':
/usr/local/cuda/include/sm_60_atomic_functions.h:77:25: warning: no return statement in function returning non-void [-Wreturn-type]
   77 | #define __DEF_IF_HOST { }
      |                         ^
/usr/local/cuda/include/sm_60_atomic_functions.h:132:72: note: in expansion of macro '__DEF_IF_HOST'
  132 | unsigned int atomicSub_system(unsigned int *address, unsigned int val) __DEF_IF_HOST
      |                                                                        ^~~~~~~~~~~~~
/usr/local/cuda/include/sm_60_atomic_functions.h: In function 'int atomicExch_block(int*, int)':
/usr/local/cuda/include/sm_60_atomic_functions.h:77:25: warning: no return statement in function returning non-void [-Wreturn-type]
   77 | #define __DEF_IF_HOST { }
      |                         ^
/usr/local/cuda/include/sm_60_atomic_functions.h:135:45: note: in expansion of macro '__DEF_IF_HOST'
  135 | int atomicExch_block(int *address, int val) __DEF_IF_HOST
      |                                             ^~~~~~~~~~~~~
/usr/local/cuda/include/sm_60_atomic_functions.h: In function 'int atomicExch_system(int*, int)':
/usr/local/cuda/include/sm_60_atomic_functions.h:77:25: warning: no return statement in function returning non-void [-Wreturn-type]
   77 | #define __DEF_IF_HOST { }
      |                         ^
/usr/local/cuda/include/sm_60_atomic_functions.h:138:46: note: in expansion of macro '__DEF_IF_HOST'
  138 | int atomicExch_system(int *address, int val) __DEF_IF_HOST
      |                                              ^~~~~~~~~~~~~
/usr/local/cuda/include/sm_60_atomic_functions.h: In function 'unsigned int atomicExch_block(unsigned int*, unsigned int)':
/usr/local/cuda/include/sm_60_atomic_functions.h:77:25: warning: no return statement in function returning non-void [-Wreturn-type]
   77 | #define __DEF_IF_HOST { }
      |                         ^
/usr/local/cuda/include/sm_60_atomic_functions.h:141:72: note: in expansion of macro '__DEF_IF_HOST'
  141 | unsigned int atomicExch_block(unsigned int *address, unsigned int val) __DEF_IF_HOST
      |                                                                        ^~~~~~~~~~~~~
/usr/local/cuda/include/sm_60_atomic_functions.h: In function 'unsigned int atomicExch_system(unsigned int*, unsigned int)':
/usr/local/cuda/include/sm_60_atomic_functions.h:77:25: warning: no return statement in function returning non-void [-Wreturn-type]
   77 | #define __DEF_IF_HOST { }
      |                         ^
/usr/local/cuda/include/sm_60_atomic_functions.h:144:73: note: in expansion of macro '__DEF_IF_HOST'
  144 | unsigned int atomicExch_system(unsigned int *address, unsigned int val) __DEF_IF_HOST
      |                                                                         ^~~~~~~~~~~~~
/usr/local/cuda/include/sm_60_atomic_functions.h: In function 'long long unsigned int atomicExch_block(long long unsigned int*, long long unsigned int)':
/usr/local/cuda/include/sm_60_atomic_functions.h:77:25: warning: no return statement in function returning non-void [-Wreturn-type]
   77 | #define __DEF_IF_HOST { }
      |                         ^
/usr/local/cuda/include/sm_60_atomic_functions.h:147:90: note: in expansion of macro '__DEF_IF_HOST'
  147 | unsigned long long atomicExch_block(unsigned long long *address, unsigned long long val) __DEF_IF_HOST
      |                                                                                          ^~~~~~~~~~~~~
/usr/local/cuda/include/sm_60_atomic_functions.h: In function 'long long unsigned int atomicExch_system(long long unsigned int*, long long unsigned int)':
/usr/local/cuda/include/sm_60_atomic_functions.h:77:25: warning: no return statement in function returning non-void [-Wreturn-type]
   77 | #define __DEF_IF_HOST { }
      |                         ^
/usr/local/cuda/include/sm_60_atomic_functions.h:150:91: note: in expansion of macro '__DEF_IF_HOST'
  150 | unsigned long long atomicExch_system(unsigned long long *address, unsigned long long val) __DEF_IF_HOST
      |                                                                                           ^~~~~~~~~~~~~
/usr/local/cuda/include/sm_60_atomic_functions.h: In function 'float atomicExch_block(float*, float)':
/usr/local/cuda/include/sm_60_atomic_functions.h:77:25: warning: no return statement in function returning non-void [-Wreturn-type]
   77 | #define __DEF_IF_HOST { }
      |                         ^
/usr/local/cuda/include/sm_60_atomic_functions.h:153:51: note: in expansion of macro '__DEF_IF_HOST'
  153 | float atomicExch_block(float *address, float val) __DEF_IF_HOST
      |                                                   ^~~~~~~~~~~~~
/usr/local/cuda/include/sm_60_atomic_functions.h: In function 'float atomicExch_system(float*, float)':
/usr/local/cuda/include/sm_60_atomic_functions.h:77:25: warning: no return statement in function returning non-void [-Wreturn-type]
   77 | #define __DEF_IF_HOST { }
      |                         ^
/usr/local/cuda/include/sm_60_atomic_functions.h:156:52: note: in expansion of macro '__DEF_IF_HOST'
  156 | float atomicExch_system(float *address, float val) __DEF_IF_HOST
      |                                                    ^~~~~~~~~~~~~
/usr/local/cuda/include/sm_60_atomic_functions.h: In function 'int atomicMin_block(int*, int)':
/usr/local/cuda/include/sm_60_atomic_functions.h:77:25: warning: no return statement in function returning non-void [-Wreturn-type]
   77 | #define __DEF_IF_HOST { }
      |                         ^
/usr/local/cuda/include/sm_60_atomic_functions.h:159:44: note: in expansion of macro '__DEF_IF_HOST'
  159 | int atomicMin_block(int *address, int val) __DEF_IF_HOST
      |                                            ^~~~~~~~~~~~~
/usr/local/cuda/include/sm_60_atomic_functions.h: In function 'int atomicMin_system(int*, int)':
/usr/local/cuda/include/sm_60_atomic_functions.h:77:25: warning: no return statement in function returning non-void [-Wreturn-type]
   77 | #define __DEF_IF_HOST { }
      |                         ^
/usr/local/cuda/include/sm_60_atomic_functions.h:162:45: note: in expansion of macro '__DEF_IF_HOST'
  162 | int atomicMin_system(int *address, int val) __DEF_IF_HOST
      |                                             ^~~~~~~~~~~~~
/usr/local/cuda/include/sm_60_atomic_functions.h: In function 'long long int atomicMin_block(long long int*, long long int)':
/usr/local/cuda/include/sm_60_atomic_functions.h:77:25: warning: no return statement in function returning non-void [-Wreturn-type]
   77 | #define __DEF_IF_HOST { }
      |                         ^
/usr/local/cuda/include/sm_60_atomic_functions.h:165:62: note: in expansion of macro '__DEF_IF_HOST'
  165 | long long atomicMin_block(long long *address, long long val) __DEF_IF_HOST
      |                                                              ^~~~~~~~~~~~~
/usr/local/cuda/include/sm_60_atomic_functions.h: In function 'long long int atomicMin_system(long long int*, long long int)':
/usr/local/cuda/include/sm_60_atomic_functions.h:77:25: warning: no return statement in function returning non-void [-Wreturn-type]
   77 | #define __DEF_IF_HOST { }
      |                         ^
/usr/local/cuda/include/sm_60_atomic_functions.h:168:63: note: in expansion of macro '__DEF_IF_HOST'
  168 | long long atomicMin_system(long long *address, long long val) __DEF_IF_HOST
      |                                                               ^~~~~~~~~~~~~
/usr/local/cuda/include/sm_60_atomic_functions.h: In function 'unsigned int atomicMin_block(unsigned int*, unsigned int)':
/usr/local/cuda/include/sm_60_atomic_functions.h:77:25: warning: no return statement in function returning non-void [-Wreturn-type]
   77 | #define __DEF_IF_HOST { }
      |                         ^
/usr/local/cuda/include/sm_60_atomic_functions.h:171:71: note: in expansion of macro '__DEF_IF_HOST'
  171 | unsigned int atomicMin_block(unsigned int *address, unsigned int val) __DEF_IF_HOST
      |                                                                       ^~~~~~~~~~~~~
/usr/local/cuda/include/sm_60_atomic_functions.h: In function 'unsigned int atomicMin_system(unsigned int*, unsigned int)':
/usr/local/cuda/include/sm_60_atomic_functions.h:77:25: warning: no return statement in function returning non-void [-Wreturn-type]
   77 | #define __DEF_IF_HOST { }
      |                         ^
/usr/local/cuda/include/sm_60_atomic_functions.h:174:72: note: in expansion of macro '__DEF_IF_HOST'
  174 | unsigned int atomicMin_system(unsigned int *address, unsigned int val) __DEF_IF_HOST
      |                                                                        ^~~~~~~~~~~~~
/usr/local/cuda/include/sm_60_atomic_functions.h: In function 'long long unsigned int atomicMin_block(long long unsigned int*, long long unsigned int)':
/usr/local/cuda/include/sm_60_atomic_functions.h:77:25: warning: no return statement in function returning non-void [-Wreturn-type]
   77 | #define __DEF_IF_HOST { }
      |                         ^
/usr/local/cuda/include/sm_60_atomic_functions.h:177:89: note: in expansion of macro '__DEF_IF_HOST'
  177 | unsigned long long atomicMin_block(unsigned long long *address, unsigned long long val) __DEF_IF_HOST
      |                                                                                         ^~~~~~~~~~~~~
/usr/local/cuda/include/sm_60_atomic_functions.h: In function 'long long unsigned int atomicMin_system(long long unsigned int*, long long unsigned int)':
/usr/local/cuda/include/sm_60_atomic_functions.h:77:25: warning: no return statement in function returning non-void [-Wreturn-type]
   77 | #define __DEF_IF_HOST { }
      |                         ^
/usr/local/cuda/include/sm_60_atomic_functions.h:180:90: note: in expansion of macro '__DEF_IF_HOST'
  180 | unsigned long long atomicMin_system(unsigned long long *address, unsigned long long val) __DEF_IF_HOST
      |                                                                                          ^~~~~~~~~~~~~
/usr/local/cuda/include/sm_60_atomic_functions.h: In function 'int atomicMax_block(int*, int)':
/usr/local/cuda/include/sm_60_atomic_functions.h:77:25: warning: no return statement in function returning non-void [-Wreturn-type]
   77 | #define __DEF_IF_HOST { }
      |                         ^
/usr/local/cuda/include/sm_60_atomic_functions.h:183:44: note: in expansion of macro '__DEF_IF_HOST'
  183 | int atomicMax_block(int *address, int val) __DEF_IF_HOST
      |                                            ^~~~~~~~~~~~~
/usr/local/cuda/include/sm_60_atomic_functions.h: In function 'int atomicMax_system(int*, int)':
/usr/local/cuda/include/sm_60_atomic_functions.h:77:25: warning: no return statement in function returning non-void [-Wreturn-type]
   77 | #define __DEF_IF_HOST { }
      |                         ^
/usr/local/cuda/include/sm_60_atomic_functions.h:186:45: note: in expansion of macro '__DEF_IF_HOST'
  186 | int atomicMax_system(int *address, int val) __DEF_IF_HOST
      |                                             ^~~~~~~~~~~~~
/usr/local/cuda/include/sm_60_atomic_functions.h: In function 'long long int atomicMax_block(long long int*, long long int)':
/usr/local/cuda/include/sm_60_atomic_functions.h:77:25: warning: no return statement in function returning non-void [-Wreturn-type]
   77 | #define __DEF_IF_HOST { }
      |                         ^
/usr/local/cuda/include/sm_60_atomic_functions.h:189:62: note: in expansion of macro '__DEF_IF_HOST'
  189 | long long atomicMax_block(long long *address, long long val) __DEF_IF_HOST
      |                                                              ^~~~~~~~~~~~~
/usr/local/cuda/include/sm_60_atomic_functions.h: In function 'long long int atomicMax_system(long long int*, long long int)':
/usr/local/cuda/include/sm_60_atomic_functions.h:77:25: warning: no return statement in function returning non-void [-Wreturn-type]
   77 | #define __DEF_IF_HOST { }
      |                         ^
/usr/local/cuda/include/sm_60_atomic_functions.h:192:63: note: in expansion of macro '__DEF_IF_HOST'
  192 | long long atomicMax_system(long long *address, long long val) __DEF_IF_HOST
      |                                                               ^~~~~~~~~~~~~
/usr/local/cuda/include/sm_60_atomic_functions.h: In function 'unsigned int atomicMax_block(unsigned int*, unsigned int)':
/usr/local/cuda/include/sm_60_atomic_functions.h:77:25: warning: no return statement in function returning non-void [-Wreturn-type]
   77 | #define __DEF_IF_HOST { }
      |                         ^
/usr/local/cuda/include/sm_60_atomic_functions.h:195:71: note: in expansion of macro '__DEF_IF_HOST'
  195 | unsigned int atomicMax_block(unsigned int *address, unsigned int val) __DEF_IF_HOST
      |                                                                       ^~~~~~~~~~~~~
/usr/local/cuda/include/sm_60_atomic_functions.h: In function 'unsigned int atomicMax_system(unsigned int*, unsigned int)':
/usr/local/cuda/include/sm_60_atomic_functions.h:77:25: warning: no return statement in function returning non-void [-Wreturn-type]
   77 | #define __DEF_IF_HOST { }
      |                         ^
/usr/local/cuda/include/sm_60_atomic_functions.h:198:72: note: in expansion of macro '__DEF_IF_HOST'
  198 | unsigned int atomicMax_system(unsigned int *address, unsigned int val) __DEF_IF_HOST
      |                                                                        ^~~~~~~~~~~~~
/usr/local/cuda/include/sm_60_atomic_functions.h: In function 'long long unsigned int atomicMax_block(long long unsigned int*, long long unsigned int)':
/usr/local/cuda/include/sm_60_atomic_functions.h:77:25: warning: no return statement in function returning non-void [-Wreturn-type]
   77 | #define __DEF_IF_HOST { }
      |                         ^
/usr/local/cuda/include/sm_60_atomic_functions.h:201:89: note: in expansion of macro '__DEF_IF_HOST'
  201 | unsigned long long atomicMax_block(unsigned long long *address, unsigned long long val) __DEF_IF_HOST
      |                                                                                         ^~~~~~~~~~~~~
/usr/local/cuda/include/sm_60_atomic_functions.h: In function 'long long unsigned int atomicMax_system(long long unsigned int*, long long unsigned int)':
/usr/local/cuda/include/sm_60_atomic_functions.h:77:25: warning: no return statement in function returning non-void [-Wreturn-type]
   77 | #define __DEF_IF_HOST { }
      |                         ^
/usr/local/cuda/include/sm_60_atomic_functions.h:204:90: note: in expansion of macro '__DEF_IF_HOST'
  204 | unsigned long long atomicMax_system(unsigned long long *address, unsigned long long val) __DEF_IF_HOST
      |                                                                                          ^~~~~~~~~~~~~
/usr/local/cuda/include/sm_60_atomic_functions.h: In function 'unsigned int atomicInc_block(unsigned int*, unsigned int)':
/usr/local/cuda/include/sm_60_atomic_functions.h:77:25: warning: no return statement in function returning non-void [-Wreturn-type]
   77 | #define __DEF_IF_HOST { }
      |                         ^
/usr/local/cuda/include/sm_60_atomic_functions.h:207:71: note: in expansion of macro '__DEF_IF_HOST'
  207 | unsigned int atomicInc_block(unsigned int *address, unsigned int val) __DEF_IF_HOST
      |                                                                       ^~~~~~~~~~~~~
/usr/local/cuda/include/sm_60_atomic_functions.h: In function 'unsigned int atomicInc_system(unsigned int*, unsigned int)':
/usr/local/cuda/include/sm_60_atomic_functions.h:77:25: warning: no return statement in function returning non-void [-Wreturn-type]
   77 | #define __DEF_IF_HOST { }
      |                         ^
/usr/local/cuda/include/sm_60_atomic_functions.h:210:72: note: in expansion of macro '__DEF_IF_HOST'
  210 | unsigned int atomicInc_system(unsigned int *address, unsigned int val) __DEF_IF_HOST
      |                                                                        ^~~~~~~~~~~~~
/usr/local/cuda/include/sm_60_atomic_functions.h: In function 'unsigned int atomicDec_block(unsigned int*, unsigned int)':
/usr/local/cuda/include/sm_60_atomic_functions.h:77:25: warning: no return statement in function returning non-void [-Wreturn-type]
   77 | #define __DEF_IF_HOST { }
      |                         ^
/usr/local/cuda/include/sm_60_atomic_functions.h:213:71: note: in expansion of macro '__DEF_IF_HOST'
  213 | unsigned int atomicDec_block(unsigned int *address, unsigned int val) __DEF_IF_HOST
      |                                                                       ^~~~~~~~~~~~~
/usr/local/cuda/include/sm_60_atomic_functions.h: In function 'unsigned int atomicDec_system(unsigned int*, unsigned int)':
/usr/local/cuda/include/sm_60_atomic_functions.h:77:25: warning: no return statement in function returning non-void [-Wreturn-type]
   77 | #define __DEF_IF_HOST { }
      |                         ^
/usr/local/cuda/include/sm_60_atomic_functions.h:216:72: note: in expansion of macro '__DEF_IF_HOST'
  216 | unsigned int atomicDec_system(unsigned int *address, unsigned int val) __DEF_IF_HOST
      |                                                                        ^~~~~~~~~~~~~
/usr/local/cuda/include/sm_60_atomic_functions.h: In function 'int atomicCAS_block(int*, int, int)':
/usr/local/cuda/include/sm_60_atomic_functions.h:77:25: warning: no return statement in function returning non-void [-Wreturn-type]
   77 | #define __DEF_IF_HOST { }
      |                         ^
/usr/local/cuda/include/sm_60_atomic_functions.h:219:57: note: in expansion of macro '__DEF_IF_HOST'
  219 | int atomicCAS_block(int *address, int compare, int val) __DEF_IF_HOST
      |                                                         ^~~~~~~~~~~~~
/usr/local/cuda/include/sm_60_atomic_functions.h: In function 'int atomicCAS_system(int*, int, int)':
/usr/local/cuda/include/sm_60_atomic_functions.h:77:25: warning: no return statement in function returning non-void [-Wreturn-type]
   77 | #define __DEF_IF_HOST { }
      |                         ^
/usr/local/cuda/include/sm_60_atomic_functions.h:222:58: note: in expansion of macro '__DEF_IF_HOST'
  222 | int atomicCAS_system(int *address, int compare, int val) __DEF_IF_HOST
      |                                                          ^~~~~~~~~~~~~
/usr/local/cuda/include/sm_60_atomic_functions.h: In function 'unsigned int atomicCAS_block(unsigned int*, unsigned int, unsigned int)':
/usr/local/cuda/include/sm_60_atomic_functions.h:77:25: warning: no return statement in function returning non-void [-Wreturn-type]
   77 | #define __DEF_IF_HOST { }
      |                         ^
/usr/local/cuda/include/sm_60_atomic_functions.h:226:48: note: in expansion of macro '__DEF_IF_HOST'
  226 |                              unsigned int val) __DEF_IF_HOST
      |                                                ^~~~~~~~~~~~~
/usr/local/cuda/include/sm_60_atomic_functions.h: In function 'unsigned int atomicCAS_system(unsigned int*, unsigned int, unsigned int)':
/usr/local/cuda/include/sm_60_atomic_functions.h:77:25: warning: no return statement in function returning non-void [-Wreturn-type]
   77 | #define __DEF_IF_HOST { }
      |                         ^
/usr/local/cuda/include/sm_60_atomic_functions.h:230:49: note: in expansion of macro '__DEF_IF_HOST'
  230 |                               unsigned int val) __DEF_IF_HOST
      |                                                 ^~~~~~~~~~~~~
/usr/local/cuda/include/sm_60_atomic_functions.h: In function 'long long unsigned int atomicCAS_block(long long unsigned int*, long long unsigned int, long long unsigned int)':
/usr/local/cuda/include/sm_60_atomic_functions.h:77:25: warning: no return statement in function returning non-void [-Wreturn-type]
   77 | #define __DEF_IF_HOST { }
      |                         ^
/usr/local/cuda/include/sm_60_atomic_functions.h:235:68: note: in expansion of macro '__DEF_IF_HOST'
  235 |                                        unsigned long long int val) __DEF_IF_HOST
      |                                                                    ^~~~~~~~~~~~~
/usr/local/cuda/include/sm_60_atomic_functions.h: In function 'long long unsigned int atomicCAS_system(long long unsigned int*, long long unsigned int, long long unsigned int)':
/usr/local/cuda/include/sm_60_atomic_functions.h:77:25: warning: no return statement in function returning non-void [-Wreturn-type]
   77 | #define __DEF_IF_HOST { }
      |                         ^
/usr/local/cuda/include/sm_60_atomic_functions.h:240:69: note: in expansion of macro '__DEF_IF_HOST'
  240 |                                         unsigned long long int val) __DEF_IF_HOST
      |                                                                     ^~~~~~~~~~~~~
/usr/local/cuda/include/sm_60_atomic_functions.h: In function 'int atomicAnd_block(int*, int)':
/usr/local/cuda/include/sm_60_atomic_functions.h:77:25: warning: no return statement in function returning non-void [-Wreturn-type]
   77 | #define __DEF_IF_HOST { }
      |                         ^
/usr/local/cuda/include/sm_60_atomic_functions.h:243:44: note: in expansion of macro '__DEF_IF_HOST'
  243 | int atomicAnd_block(int *address, int val) __DEF_IF_HOST
      |                                            ^~~~~~~~~~~~~
/usr/local/cuda/include/sm_60_atomic_functions.h: In function 'int atomicAnd_system(int*, int)':
/usr/local/cuda/include/sm_60_atomic_functions.h:77:25: warning: no return statement in function returning non-void [-Wreturn-type]
   77 | #define __DEF_IF_HOST { }
      |                         ^
/usr/local/cuda/include/sm_60_atomic_functions.h:246:45: note: in expansion of macro '__DEF_IF_HOST'
  246 | int atomicAnd_system(int *address, int val) __DEF_IF_HOST
      |                                             ^~~~~~~~~~~~~
/usr/local/cuda/include/sm_60_atomic_functions.h: In function 'long long int atomicAnd_block(long long int*, long long int)':
/usr/local/cuda/include/sm_60_atomic_functions.h:77:25: warning: no return statement in function returning non-void [-Wreturn-type]
   77 | #define __DEF_IF_HOST { }
      |                         ^
/usr/local/cuda/include/sm_60_atomic_functions.h:249:62: note: in expansion of macro '__DEF_IF_HOST'
  249 | long long atomicAnd_block(long long *address, long long val) __DEF_IF_HOST
      |                                                              ^~~~~~~~~~~~~
/usr/local/cuda/include/sm_60_atomic_functions.h: In function 'long long int atomicAnd_system(long long int*, long long int)':
/usr/local/cuda/include/sm_60_atomic_functions.h:77:25: warning: no return statement in function returning non-void [-Wreturn-type]
   77 | #define __DEF_IF_HOST { }
      |                         ^
/usr/local/cuda/include/sm_60_atomic_functions.h:252:63: note: in expansion of macro '__DEF_IF_HOST'
  252 | long long atomicAnd_system(long long *address, long long val) __DEF_IF_HOST
      |                                                               ^~~~~~~~~~~~~
/usr/local/cuda/include/sm_60_atomic_functions.h: In function 'unsigned int atomicAnd_block(unsigned int*, unsigned int)':
/usr/local/cuda/include/sm_60_atomic_functions.h:77:25: warning: no return statement in function returning non-void [-Wreturn-type]
   77 | #define __DEF_IF_HOST { }
      |                         ^
/usr/local/cuda/include/sm_60_atomic_functions.h:255:71: note: in expansion of macro '__DEF_IF_HOST'
  255 | unsigned int atomicAnd_block(unsigned int *address, unsigned int val) __DEF_IF_HOST
      |                                                                       ^~~~~~~~~~~~~
/usr/local/cuda/include/sm_60_atomic_functions.h: In function 'unsigned int atomicAnd_system(unsigned int*, unsigned int)':
/usr/local/cuda/include/sm_60_atomic_functions.h:77:25: warning: no return statement in function returning non-void [-Wreturn-type]
   77 | #define __DEF_IF_HOST { }
      |                         ^
/usr/local/cuda/include/sm_60_atomic_functions.h:258:72: note: in expansion of macro '__DEF_IF_HOST'
  258 | unsigned int atomicAnd_system(unsigned int *address, unsigned int val) __DEF_IF_HOST
      |                                                                        ^~~~~~~~~~~~~
/usr/local/cuda/include/sm_60_atomic_functions.h: In function 'long long unsigned int atomicAnd_block(long long unsigned int*, long long unsigned int)':
/usr/local/cuda/include/sm_60_atomic_functions.h:77:25: warning: no return statement in function returning non-void [-Wreturn-type]
   77 | #define __DEF_IF_HOST { }
      |                         ^
/usr/local/cuda/include/sm_60_atomic_functions.h:261:89: note: in expansion of macro '__DEF_IF_HOST'
  261 | unsigned long long atomicAnd_block(unsigned long long *address, unsigned long long val) __DEF_IF_HOST
      |                                                                                         ^~~~~~~~~~~~~
/usr/local/cuda/include/sm_60_atomic_functions.h: In function 'long long unsigned int atomicAnd_system(long long unsigned int*, long long unsigned int)':
/usr/local/cuda/include/sm_60_atomic_functions.h:77:25: warning: no return statement in function returning non-void [-Wreturn-type]
   77 | #define __DEF_IF_HOST { }
      |                         ^
/usr/local/cuda/include/sm_60_atomic_functions.h:264:90: note: in expansion of macro '__DEF_IF_HOST'
  264 | unsigned long long atomicAnd_system(unsigned long long *address, unsigned long long val) __DEF_IF_HOST
      |                                                                                          ^~~~~~~~~~~~~
/usr/local/cuda/include/sm_60_atomic_functions.h: In function 'int atomicOr_block(int*, int)':
/usr/local/cuda/include/sm_60_atomic_functions.h:77:25: warning: no return statement in function returning non-void [-Wreturn-type]
   77 | #define __DEF_IF_HOST { }
      |                         ^
/usr/local/cuda/include/sm_60_atomic_functions.h:267:43: note: in expansion of macro '__DEF_IF_HOST'
  267 | int atomicOr_block(int *address, int val) __DEF_IF_HOST
      |                                           ^~~~~~~~~~~~~
/usr/local/cuda/include/sm_60_atomic_functions.h: In function 'int atomicOr_system(int*, int)':
/usr/local/cuda/include/sm_60_atomic_functions.h:77:25: warning: no return statement in function returning non-void [-Wreturn-type]
   77 | #define __DEF_IF_HOST { }
      |                         ^
/usr/local/cuda/include/sm_60_atomic_functions.h:270:44: note: in expansion of macro '__DEF_IF_HOST'
  270 | int atomicOr_system(int *address, int val) __DEF_IF_HOST
      |                                            ^~~~~~~~~~~~~
/usr/local/cuda/include/sm_60_atomic_functions.h: In function 'long long int atomicOr_block(long long int*, long long int)':
/usr/local/cuda/include/sm_60_atomic_functions.h:77:25: warning: no return statement in function returning non-void [-Wreturn-type]
   77 | #define __DEF_IF_HOST { }
      |                         ^
/usr/local/cuda/include/sm_60_atomic_functions.h:273:61: note: in expansion of macro '__DEF_IF_HOST'
  273 | long long atomicOr_block(long long *address, long long val) __DEF_IF_HOST
      |                                                             ^~~~~~~~~~~~~
/usr/local/cuda/include/sm_60_atomic_functions.h: In function 'long long int atomicOr_system(long long int*, long long int)':
/usr/local/cuda/include/sm_60_atomic_functions.h:77:25: warning: no return statement in function returning non-void [-Wreturn-type]
   77 | #define __DEF_IF_HOST { }
      |                         ^
/usr/local/cuda/include/sm_60_atomic_functions.h:276:62: note: in expansion of macro '__DEF_IF_HOST'
  276 | long long atomicOr_system(long long *address, long long val) __DEF_IF_HOST
      |                                                              ^~~~~~~~~~~~~
/usr/local/cuda/include/sm_60_atomic_functions.h: In function 'unsigned int atomicOr_block(unsigned int*, unsigned int)':
/usr/local/cuda/include/sm_60_atomic_functions.h:77:25: warning: no return statement in function returning non-void [-Wreturn-type]
   77 | #define __DEF_IF_HOST { }
      |                         ^
/usr/local/cuda/include/sm_60_atomic_functions.h:279:70: note: in expansion of macro '__DEF_IF_HOST'
  279 | unsigned int atomicOr_block(unsigned int *address, unsigned int val) __DEF_IF_HOST
      |                                                                      ^~~~~~~~~~~~~
/usr/local/cuda/include/sm_60_atomic_functions.h: In function 'unsigned int atomicOr_system(unsigned int*, unsigned int)':
/usr/local/cuda/include/sm_60_atomic_functions.h:77:25: warning: no return statement in function returning non-void [-Wreturn-type]
   77 | #define __DEF_IF_HOST { }
      |                         ^
/usr/local/cuda/include/sm_60_atomic_functions.h:282:71: note: in expansion of macro '__DEF_IF_HOST'
  282 | unsigned int atomicOr_system(unsigned int *address, unsigned int val) __DEF_IF_HOST
      |                                                                       ^~~~~~~~~~~~~
/usr/local/cuda/include/sm_60_atomic_functions.h: In function 'long long unsigned int atomicOr_block(long long unsigned int*, long long unsigned int)':
/usr/local/cuda/include/sm_60_atomic_functions.h:77:25: warning: no return statement in function returning non-void [-Wreturn-type]
   77 | #define __DEF_IF_HOST { }
      |                         ^
/usr/local/cuda/include/sm_60_atomic_functions.h:285:88: note: in expansion of macro '__DEF_IF_HOST'
  285 | unsigned long long atomicOr_block(unsigned long long *address, unsigned long long val) __DEF_IF_HOST
      |                                                                                        ^~~~~~~~~~~~~
/usr/local/cuda/include/sm_60_atomic_functions.h: In function 'long long unsigned int atomicOr_system(long long unsigned int*, long long unsigned int)':
/usr/local/cuda/include/sm_60_atomic_functions.h:77:25: warning: no return statement in function returning non-void [-Wreturn-type]
   77 | #define __DEF_IF_HOST { }
      |                         ^
/usr/local/cuda/include/sm_60_atomic_functions.h:288:89: note: in expansion of macro '__DEF_IF_HOST'
  288 | unsigned long long atomicOr_system(unsigned long long *address, unsigned long long val) __DEF_IF_HOST
      |                                                                                         ^~~~~~~~~~~~~
/usr/local/cuda/include/sm_60_atomic_functions.h: In function 'int atomicXor_block(int*, int)':
/usr/local/cuda/include/sm_60_atomic_functions.h:77:25: warning: no return statement in function returning non-void [-Wreturn-type]
   77 | #define __DEF_IF_HOST { }
      |                         ^
/usr/local/cuda/include/sm_60_atomic_functions.h:291:44: note: in expansion of macro '__DEF_IF_HOST'
  291 | int atomicXor_block(int *address, int val) __DEF_IF_HOST
      |                                            ^~~~~~~~~~~~~
/usr/local/cuda/include/sm_60_atomic_functions.h: In function 'int atomicXor_system(int*, int)':
/usr/local/cuda/include/sm_60_atomic_functions.h:77:25: warning: no return statement in function returning non-void [-Wreturn-type]
   77 | #define __DEF_IF_HOST { }
      |                         ^
/usr/local/cuda/include/sm_60_atomic_functions.h:294:45: note: in expansion of macro '__DEF_IF_HOST'
  294 | int atomicXor_system(int *address, int val) __DEF_IF_HOST
      |                                             ^~~~~~~~~~~~~
/usr/local/cuda/include/sm_60_atomic_functions.h: In function 'long long int atomicXor_block(long long int*, long long int)':
/usr/local/cuda/include/sm_60_atomic_functions.h:77:25: warning: no return statement in function returning non-void [-Wreturn-type]
   77 | #define __DEF_IF_HOST { }
      |                         ^
/usr/local/cuda/include/sm_60_atomic_functions.h:297:62: note: in expansion of macro '__DEF_IF_HOST'
  297 | long long atomicXor_block(long long *address, long long val) __DEF_IF_HOST
      |                                                              ^~~~~~~~~~~~~
/usr/local/cuda/include/sm_60_atomic_functions.h: In function 'long long int atomicXor_system(long long int*, long long int)':
/usr/local/cuda/include/sm_60_atomic_functions.h:77:25: warning: no return statement in function returning non-void [-Wreturn-type]
   77 | #define __DEF_IF_HOST { }
      |                         ^
/usr/local/cuda/include/sm_60_atomic_functions.h:300:63: note: in expansion of macro '__DEF_IF_HOST'
  300 | long long atomicXor_system(long long *address, long long val) __DEF_IF_HOST
      |                                                               ^~~~~~~~~~~~~
/usr/local/cuda/include/sm_60_atomic_functions.h: In function 'unsigned int atomicXor_block(unsigned int*, unsigned int)':
/usr/local/cuda/include/sm_60_atomic_functions.h:77:25: warning: no return statement in function returning non-void [-Wreturn-type]
   77 | #define __DEF_IF_HOST { }
      |                         ^
/usr/local/cuda/include/sm_60_atomic_functions.h:303:71: note: in expansion of macro '__DEF_IF_HOST'
  303 | unsigned int atomicXor_block(unsigned int *address, unsigned int val) __DEF_IF_HOST
      |                                                                       ^~~~~~~~~~~~~
/usr/local/cuda/include/sm_60_atomic_functions.h: In function 'unsigned int atomicXor_system(unsigned int*, unsigned int)':
/usr/local/cuda/include/sm_60_atomic_functions.h:77:25: warning: no return statement in function returning non-void [-Wreturn-type]
   77 | #define __DEF_IF_HOST { }
      |                         ^
/usr/local/cuda/include/sm_60_atomic_functions.h:306:72: note: in expansion of macro '__DEF_IF_HOST'
  306 | unsigned int atomicXor_system(unsigned int *address, unsigned int val) __DEF_IF_HOST
      |                                                                        ^~~~~~~~~~~~~
/usr/local/cuda/include/sm_60_atomic_functions.h: In function 'long long unsigned int atomicXor_block(long long unsigned int*, long long unsigned int)':
/usr/local/cuda/include/sm_60_atomic_functions.h:77:25: warning: no return statement in function returning non-void [-Wreturn-type]
   77 | #define __DEF_IF_HOST { }
      |                         ^
/usr/local/cuda/include/sm_60_atomic_functions.h:309:89: note: in expansion of macro '__DEF_IF_HOST'
  309 | unsigned long long atomicXor_block(unsigned long long *address, unsigned long long val) __DEF_IF_HOST
      |                                                                                         ^~~~~~~~~~~~~
/usr/local/cuda/include/sm_60_atomic_functions.h: In function 'long long unsigned int atomicXor_system(long long unsigned int*, long long unsigned int)':
/usr/local/cuda/include/sm_60_atomic_functions.h:77:25: warning: no return statement in function returning non-void [-Wreturn-type]
   77 | #define __DEF_IF_HOST { }
      |                         ^
/usr/local/cuda/include/sm_60_atomic_functions.h:312:90: note: in expansion of macro '__DEF_IF_HOST'
  312 | unsigned long long atomicXor_system(unsigned long long *address, unsigned long long val) __DEF_IF_HOST
      |                                                                                          ^~~~~~~~~~~~~
In file included from /usr/local/cuda/include/crt/device_functions.h:3621,
                 from /home/GVirtuS/GVirtuS/plugins/cudart/backend/CudaRtHandler.h:71,
                 from /home/GVirtuS/GVirtuS/plugins/cudart/backend/CudaRtHandler_surface.cpp:27:
/usr/local/cuda/include/sm_20_intrinsics.h: In function 'unsigned int ballot(bool)':
/usr/local/cuda/include/sm_20_intrinsics.h:75:25: warning: no return statement in function returning non-void [-Wreturn-type]
   75 | #define __DEF_IF_HOST { }
      |                         ^
/usr/local/cuda/include/sm_20_intrinsics.h:1522:110: note: in expansion of macro '__DEF_IF_HOST'
 1522 | __SM_20_INTRINSICS_DECL__ __DEPRECATED__(__WSB_DEPRECATION_MESSAGE(__ballot)) unsigned int ballot(bool pred) __DEF_IF_HOST
      |                                                                                                              ^~~~~~~~~~~~~
/usr/local/cuda/include/sm_20_intrinsics.h: In function 'int syncthreads_count(bool)':
/usr/local/cuda/include/sm_20_intrinsics.h:75:25: warning: no return statement in function returning non-void [-Wreturn-type]
   75 | #define __DEF_IF_HOST { }
      |                         ^
/usr/local/cuda/include/sm_20_intrinsics.h:1524:60: note: in expansion of macro '__DEF_IF_HOST'
 1524 | __SM_20_INTRINSICS_DECL__ int syncthreads_count(bool pred) __DEF_IF_HOST
      |                                                            ^~~~~~~~~~~~~
/usr/local/cuda/include/sm_20_intrinsics.h: In function 'bool syncthreads_and(bool)':
/usr/local/cuda/include/sm_20_intrinsics.h:75:25: warning: no return statement in function returning non-void [-Wreturn-type]
   75 | #define __DEF_IF_HOST { }
      |                         ^
/usr/local/cuda/include/sm_20_intrinsics.h:1526:59: note: in expansion of macro '__DEF_IF_HOST'
 1526 | __SM_20_INTRINSICS_DECL__ bool syncthreads_and(bool pred) __DEF_IF_HOST
      |                                                           ^~~~~~~~~~~~~
/usr/local/cuda/include/sm_20_intrinsics.h: In function 'bool syncthreads_or(bool)':
/usr/local/cuda/include/sm_20_intrinsics.h:75:25: warning: no return statement in function returning non-void [-Wreturn-type]
   75 | #define __DEF_IF_HOST { }
      |                         ^
/usr/local/cuda/include/sm_20_intrinsics.h:1528:58: note: in expansion of macro '__DEF_IF_HOST'
 1528 | __SM_20_INTRINSICS_DECL__ bool syncthreads_or(bool pred) __DEF_IF_HOST
      |                                                          ^~~~~~~~~~~~~
/usr/local/cuda/include/sm_20_intrinsics.h: In function 'unsigned int __isGlobal(const void*)':
/usr/local/cuda/include/sm_20_intrinsics.h:75:25: warning: no return statement in function returning non-void [-Wreturn-type]
   75 | #define __DEF_IF_HOST { }
      |                         ^
/usr/local/cuda/include/sm_20_intrinsics.h:1533:68: note: in expansion of macro '__DEF_IF_HOST'
 1533 | __SM_20_INTRINSICS_DECL__ unsigned int __isGlobal(const void *ptr) __DEF_IF_HOST
      |                                                                    ^~~~~~~~~~~~~
/usr/local/cuda/include/sm_20_intrinsics.h: In function 'unsigned int __isShared(const void*)':
/usr/local/cuda/include/sm_20_intrinsics.h:75:25: warning: no return statement in function returning non-void [-Wreturn-type]
   75 | #define __DEF_IF_HOST { }
      |                         ^
/usr/local/cuda/include/sm_20_intrinsics.h:1534:68: note: in expansion of macro '__DEF_IF_HOST'
 1534 | __SM_20_INTRINSICS_DECL__ unsigned int __isShared(const void *ptr) __DEF_IF_HOST
      |                                                                    ^~~~~~~~~~~~~
/usr/local/cuda/include/sm_20_intrinsics.h: In function 'unsigned int __isConstant(const void*)':
/usr/local/cuda/include/sm_20_intrinsics.h:75:25: warning: no return statement in function returning non-void [-Wreturn-type]
   75 | #define __DEF_IF_HOST { }
      |                         ^
/usr/local/cuda/include/sm_20_intrinsics.h:1535:70: note: in expansion of macro '__DEF_IF_HOST'
 1535 | __SM_20_INTRINSICS_DECL__ unsigned int __isConstant(const void *ptr) __DEF_IF_HOST
      |                                                                      ^~~~~~~~~~~~~
/usr/local/cuda/include/sm_20_intrinsics.h: In function 'unsigned int __isLocal(const void*)':
/usr/local/cuda/include/sm_20_intrinsics.h:75:25: warning: no return statement in function returning non-void [-Wreturn-type]
   75 | #define __DEF_IF_HOST { }
      |                         ^
/usr/local/cuda/include/sm_20_intrinsics.h:1536:67: note: in expansion of macro '__DEF_IF_HOST'
 1536 | __SM_20_INTRINSICS_DECL__ unsigned int __isLocal(const void *ptr) __DEF_IF_HOST
      |                                                                   ^~~~~~~~~~~~~
/usr/local/cuda/include/sm_20_intrinsics.h: In function 'unsigned int __isGridConstant(const void*)':
/usr/local/cuda/include/sm_20_intrinsics.h:75:25: warning: no return statement in function returning non-void [-Wreturn-type]
   75 | #define __DEF_IF_HOST { }
      |                         ^
/usr/local/cuda/include/sm_20_intrinsics.h:1538:74: note: in expansion of macro '__DEF_IF_HOST'
 1538 | __SM_20_INTRINSICS_DECL__ unsigned int __isGridConstant(const void *ptr) __DEF_IF_HOST
      |                                                                          ^~~~~~~~~~~~~
/usr/local/cuda/include/sm_20_intrinsics.h: In function 'size_t __cvta_generic_to_global(const void*)':
/usr/local/cuda/include/sm_20_intrinsics.h:75:25: warning: no return statement in function returning non-void [-Wreturn-type]
   75 | #define __DEF_IF_HOST { }
      |                         ^
/usr/local/cuda/include/sm_20_intrinsics.h:1540:76: note: in expansion of macro '__DEF_IF_HOST'
 1540 | __SM_20_INTRINSICS_DECL__ size_t __cvta_generic_to_global(const void *ptr) __DEF_IF_HOST
      |                                                                            ^~~~~~~~~~~~~
/usr/local/cuda/include/sm_20_intrinsics.h: In function 'size_t __cvta_generic_to_shared(const void*)':
/usr/local/cuda/include/sm_20_intrinsics.h:75:25: warning: no return statement in function returning non-void [-Wreturn-type]
   75 | #define __DEF_IF_HOST { }
      |                         ^
/usr/local/cuda/include/sm_20_intrinsics.h:1541:76: note: in expansion of macro '__DEF_IF_HOST'
 1541 | __SM_20_INTRINSICS_DECL__ size_t __cvta_generic_to_shared(const void *ptr) __DEF_IF_HOST
      |                                                                            ^~~~~~~~~~~~~
/usr/local/cuda/include/sm_20_intrinsics.h: In function 'size_t __cvta_generic_to_constant(const void*)':
/usr/local/cuda/include/sm_20_intrinsics.h:75:25: warning: no return statement in function returning non-void [-Wreturn-type]
   75 | #define __DEF_IF_HOST { }
      |                         ^
/usr/local/cuda/include/sm_20_intrinsics.h:1542:78: note: in expansion of macro '__DEF_IF_HOST'
 1542 | __SM_20_INTRINSICS_DECL__ size_t __cvta_generic_to_constant(const void *ptr) __DEF_IF_HOST
      |                                                                              ^~~~~~~~~~~~~
/usr/local/cuda/include/sm_20_intrinsics.h: In function 'size_t __cvta_generic_to_local(const void*)':
/usr/local/cuda/include/sm_20_intrinsics.h:75:25: warning: no return statement in function returning non-void [-Wreturn-type]
   75 | #define __DEF_IF_HOST { }
      |                         ^
/usr/local/cuda/include/sm_20_intrinsics.h:1543:75: note: in expansion of macro '__DEF_IF_HOST'
 1543 | __SM_20_INTRINSICS_DECL__ size_t __cvta_generic_to_local(const void *ptr) __DEF_IF_HOST
      |                                                                           ^~~~~~~~~~~~~
/usr/local/cuda/include/sm_20_intrinsics.h: In function 'size_t __cvta_generic_to_grid_constant(const void*)':
/usr/local/cuda/include/sm_20_intrinsics.h:75:25: warning: no return statement in function returning non-void [-Wreturn-type]
   75 | #define __DEF_IF_HOST { }
      |                         ^
/usr/local/cuda/include/sm_20_intrinsics.h:1545:83: note: in expansion of macro '__DEF_IF_HOST'
 1545 | __SM_20_INTRINSICS_DECL__ size_t __cvta_generic_to_grid_constant(const void *ptr) __DEF_IF_HOST
      |                                                                                   ^~~~~~~~~~~~~
/usr/local/cuda/include/sm_20_intrinsics.h: In function 'void* __cvta_global_to_generic(size_t)':
/usr/local/cuda/include/sm_20_intrinsics.h:75:25: warning: no return statement in function returning non-void [-Wreturn-type]
   75 | #define __DEF_IF_HOST { }
      |                         ^
/usr/local/cuda/include/sm_20_intrinsics.h:1548:75: note: in expansion of macro '__DEF_IF_HOST'
 1548 | __SM_20_INTRINSICS_DECL__ void * __cvta_global_to_generic(size_t rawbits) __DEF_IF_HOST
      |                                                                           ^~~~~~~~~~~~~
/usr/local/cuda/include/sm_20_intrinsics.h: In function 'void* __cvta_shared_to_generic(size_t)':
/usr/local/cuda/include/sm_20_intrinsics.h:75:25: warning: no return statement in function returning non-void [-Wreturn-type]
   75 | #define __DEF_IF_HOST { }
      |                         ^
/usr/local/cuda/include/sm_20_intrinsics.h:1549:75: note: in expansion of macro '__DEF_IF_HOST'
 1549 | __SM_20_INTRINSICS_DECL__ void * __cvta_shared_to_generic(size_t rawbits) __DEF_IF_HOST
      |                                                                           ^~~~~~~~~~~~~
/usr/local/cuda/include/sm_20_intrinsics.h: In function 'void* __cvta_constant_to_generic(size_t)':
/usr/local/cuda/include/sm_20_intrinsics.h:75:25: warning: no return statement in function returning non-void [-Wreturn-type]
   75 | #define __DEF_IF_HOST { }
      |                         ^
/usr/local/cuda/include/sm_20_intrinsics.h:1550:77: note: in expansion of macro '__DEF_IF_HOST'
 1550 | __SM_20_INTRINSICS_DECL__ void * __cvta_constant_to_generic(size_t rawbits) __DEF_IF_HOST
      |                                                                             ^~~~~~~~~~~~~
/usr/local/cuda/include/sm_20_intrinsics.h: In function 'void* __cvta_local_to_generic(size_t)':
/usr/local/cuda/include/sm_20_intrinsics.h:75:25: warning: no return statement in function returning non-void [-Wreturn-type]
   75 | #define __DEF_IF_HOST { }
      |                         ^
/usr/local/cuda/include/sm_20_intrinsics.h:1551:74: note: in expansion of macro '__DEF_IF_HOST'
 1551 | __SM_20_INTRINSICS_DECL__ void * __cvta_local_to_generic(size_t rawbits) __DEF_IF_HOST
      |                                                                          ^~~~~~~~~~~~~
/usr/local/cuda/include/sm_20_intrinsics.h: In function 'void* __cvta_grid_constant_to_generic(size_t)':
/usr/local/cuda/include/sm_20_intrinsics.h:75:25: warning: no return statement in function returning non-void [-Wreturn-type]
   75 | #define __DEF_IF_HOST { }
      |                         ^
/usr/local/cuda/include/sm_20_intrinsics.h:1553:82: note: in expansion of macro '__DEF_IF_HOST'
 1553 | __SM_20_INTRINSICS_DECL__ void * __cvta_grid_constant_to_generic(size_t rawbits) __DEF_IF_HOST
      |                                                                                  ^~~~~~~~~~~~~
In file included from /usr/local/cuda/include/crt/device_functions.h:3622,
                 from /home/GVirtuS/GVirtuS/plugins/cudart/backend/CudaRtHandler.h:71,
                 from /home/GVirtuS/GVirtuS/plugins/cudart/backend/CudaRtHandler_surface.cpp:27:
/usr/local/cuda/include/sm_30_intrinsics.h: In function 'unsigned int __fns(unsigned int, unsigned int, int)':
/usr/local/cuda/include/sm_30_intrinsics.h:76:25: warning: no return statement in function returning non-void [-Wreturn-type]
   76 | #define __DEF_IF_HOST { }
      |                         ^
/usr/local/cuda/include/sm_30_intrinsics.h:123:85: note: in expansion of macro '__DEF_IF_HOST'
  123 | __SM_30_INTRINSICS_DECL__ unsigned  __fns(unsigned mask, unsigned base, int offset) __DEF_IF_HOST
      |                                                                                     ^~~~~~~~~~~~~
/usr/local/cuda/include/sm_30_intrinsics.h: In function 'int __all_sync(unsigned int, int)':
/usr/local/cuda/include/sm_30_intrinsics.h:76:25: warning: no return statement in function returning non-void [-Wreturn-type]
   76 | #define __DEF_IF_HOST { }
      |                         ^
/usr/local/cuda/include/sm_30_intrinsics.h:127:67: note: in expansion of macro '__DEF_IF_HOST'
  127 | __SM_30_INTRINSICS_DECL__ int __all_sync(unsigned mask, int pred) __DEF_IF_HOST
      |                                                                   ^~~~~~~~~~~~~
/usr/local/cuda/include/sm_30_intrinsics.h: In function 'int __any_sync(unsigned int, int)':
/usr/local/cuda/include/sm_30_intrinsics.h:76:25: warning: no return statement in function returning non-void [-Wreturn-type]
   76 | #define __DEF_IF_HOST { }
      |                         ^
/usr/local/cuda/include/sm_30_intrinsics.h:128:67: note: in expansion of macro '__DEF_IF_HOST'
  128 | __SM_30_INTRINSICS_DECL__ int __any_sync(unsigned mask, int pred) __DEF_IF_HOST
      |                                                                   ^~~~~~~~~~~~~
/usr/local/cuda/include/sm_30_intrinsics.h: In function 'int __uni_sync(unsigned int, int)':
/usr/local/cuda/include/sm_30_intrinsics.h:76:25: warning: no return statement in function returning non-void [-Wreturn-type]
   76 | #define __DEF_IF_HOST { }
      |                         ^
/usr/local/cuda/include/sm_30_intrinsics.h:129:67: note: in expansion of macro '__DEF_IF_HOST'
  129 | __SM_30_INTRINSICS_DECL__ int __uni_sync(unsigned mask, int pred) __DEF_IF_HOST
      |                                                                   ^~~~~~~~~~~~~
/usr/local/cuda/include/sm_30_intrinsics.h: In function 'unsigned int __ballot_sync(unsigned int, int)':
/usr/local/cuda/include/sm_30_intrinsics.h:76:25: warning: no return statement in function returning non-void [-Wreturn-type]
   76 | #define __DEF_IF_HOST { }
      |                         ^
/usr/local/cuda/include/sm_30_intrinsics.h:130:75: note: in expansion of macro '__DEF_IF_HOST'
  130 | __SM_30_INTRINSICS_DECL__ unsigned __ballot_sync(unsigned mask, int pred) __DEF_IF_HOST
      |                                                                           ^~~~~~~~~~~~~
/usr/local/cuda/include/sm_30_intrinsics.h: In function 'unsigned int __activemask()':
/usr/local/cuda/include/sm_30_intrinsics.h:76:25: warning: no return statement in function returning non-void [-Wreturn-type]
   76 | #define __DEF_IF_HOST { }
      |                         ^
/usr/local/cuda/include/sm_30_intrinsics.h:131:51: note: in expansion of macro '__DEF_IF_HOST'
  131 | __SM_30_INTRINSICS_DECL__ unsigned __activemask() __DEF_IF_HOST
      |                                                   ^~~~~~~~~~~~~
/usr/local/cuda/include/sm_30_intrinsics.h: In function 'int __shfl(int, int, int)':
/usr/local/cuda/include/sm_30_intrinsics.h:76:25: warning: no return statement in function returning non-void [-Wreturn-type]
   76 | #define __DEF_IF_HOST { }
      |                         ^
/usr/local/cuda/include/sm_30_intrinsics.h:140:130: note: in expansion of macro '__DEF_IF_HOST'
  140 | __SM_30_INTRINSICS_DECL__ __DEPRECATED__(__WSB_DEPRECATION_MESSAGE(__shfl)) int __shfl(int var, int srcLane, int width=warpSize) __DEF_IF_HOST
      |                                                                                                                                  ^~~~~~~~~~~~~
/usr/local/cuda/include/sm_30_intrinsics.h: In function 'unsigned int __shfl(unsigned int, int, int)':
/usr/local/cuda/include/sm_30_intrinsics.h:76:25: warning: no return statement in function returning non-void [-Wreturn-type]
   76 | #define __DEF_IF_HOST { }
      |                         ^
/usr/local/cuda/include/sm_30_intrinsics.h:141:148: note: in expansion of macro '__DEF_IF_HOST'
  141 | __SM_30_INTRINSICS_DECL__ __DEPRECATED__(__WSB_DEPRECATION_MESSAGE(__shfl)) unsigned int __shfl(unsigned int var, int srcLane, int width=warpSize) __DEF_IF_HOST
      |                                                                                                                                                    ^~~~~~~~~~~~~
/usr/local/cuda/include/sm_30_intrinsics.h: In function 'int __shfl_up(int, unsigned int, int)':
/usr/local/cuda/include/sm_30_intrinsics.h:76:25: warning: no return statement in function returning non-void [-Wreturn-type]
   76 | #define __DEF_IF_HOST { }
      |                         ^
/usr/local/cuda/include/sm_30_intrinsics.h:142:143: note: in expansion of macro '__DEF_IF_HOST'
  142 | __SM_30_INTRINSICS_DECL__ __DEPRECATED__(__WSB_DEPRECATION_MESSAGE(__shfl_up)) int __shfl_up(int var, unsigned int delta, int width=warpSize) __DEF_IF_HOST
      |                                                                                                                                               ^~~~~~~~~~~~~
/usr/local/cuda/include/sm_30_intrinsics.h: In function 'unsigned int __shfl_up(unsigned int, unsigned int, int)':
/usr/local/cuda/include/sm_30_intrinsics.h:76:25: warning: no return statement in function returning non-void [-Wreturn-type]
   76 | #define __DEF_IF_HOST { }
      |                         ^
/usr/local/cuda/include/sm_30_intrinsics.h:143:161: note: in expansion of macro '__DEF_IF_HOST'
  143 | __SM_30_INTRINSICS_DECL__ __DEPRECATED__(__WSB_DEPRECATION_MESSAGE(__shfl_up)) unsigned int __shfl_up(unsigned int var, unsigned int delta, int width=warpSize) __DEF_IF_HOST
      |                                                                                                                                                                 ^~~~~~~~~~~~~
/usr/local/cuda/include/sm_30_intrinsics.h: In function 'int __shfl_down(int, unsigned int, int)':
/usr/local/cuda/include/sm_30_intrinsics.h:76:25: warning: no return statement in function returning non-void [-Wreturn-type]
   76 | #define __DEF_IF_HOST { }
      |                         ^
/usr/local/cuda/include/sm_30_intrinsics.h:144:147: note: in expansion of macro '__DEF_IF_HOST'
  144 | __SM_30_INTRINSICS_DECL__ __DEPRECATED__(__WSB_DEPRECATION_MESSAGE(__shfl_down)) int __shfl_down(int var, unsigned int delta, int width=warpSize) __DEF_IF_HOST
      |                                                                                                                                                   ^~~~~~~~~~~~~
/usr/local/cuda/include/sm_30_intrinsics.h: In function 'unsigned int __shfl_down(unsigned int, unsigned int, int)':
/usr/local/cuda/include/sm_30_intrinsics.h:76:25: warning: no return statement in function returning non-void [-Wreturn-type]
   76 | #define __DEF_IF_HOST { }
      |                         ^
/usr/local/cuda/include/sm_30_intrinsics.h:145:165: note: in expansion of macro '__DEF_IF_HOST'
  145 | __SM_30_INTRINSICS_DECL__ __DEPRECATED__(__WSB_DEPRECATION_MESSAGE(__shfl_down)) unsigned int __shfl_down(unsigned int var, unsigned int delta, int width=warpSize) __DEF_IF_HOST
      |                                                                                                                                                                     ^~~~~~~~~~~~~
/usr/local/cuda/include/sm_30_intrinsics.h: In function 'int __shfl_xor(int, int, int)':
/usr/local/cuda/include/sm_30_intrinsics.h:76:25: warning: no return statement in function returning non-void [-Wreturn-type]
   76 | #define __DEF_IF_HOST { }
      |                         ^
/usr/local/cuda/include/sm_30_intrinsics.h:146:139: note: in expansion of macro '__DEF_IF_HOST'
  146 | __SM_30_INTRINSICS_DECL__ __DEPRECATED__(__WSB_DEPRECATION_MESSAGE(__shfl_xor)) int __shfl_xor(int var, int laneMask, int width=warpSize) __DEF_IF_HOST
      |                                                                                                                                           ^~~~~~~~~~~~~
/usr/local/cuda/include/sm_30_intrinsics.h: In function 'unsigned int __shfl_xor(unsigned int, int, int)':
/usr/local/cuda/include/sm_30_intrinsics.h:76:25: warning: no return statement in function returning non-void [-Wreturn-type]
   76 | #define __DEF_IF_HOST { }
      |                         ^
/usr/local/cuda/include/sm_30_intrinsics.h:147:157: note: in expansion of macro '__DEF_IF_HOST'
  147 | __SM_30_INTRINSICS_DECL__ __DEPRECATED__(__WSB_DEPRECATION_MESSAGE(__shfl_xor)) unsigned int __shfl_xor(unsigned int var, int laneMask, int width=warpSize) __DEF_IF_HOST
      |                                                                                                                                                             ^~~~~~~~~~~~~
/usr/local/cuda/include/sm_30_intrinsics.h: In function 'float __shfl(float, int, int)':
/usr/local/cuda/include/sm_30_intrinsics.h:76:25: warning: no return statement in function returning non-void [-Wreturn-type]
   76 | #define __DEF_IF_HOST { }
      |                         ^
/usr/local/cuda/include/sm_30_intrinsics.h:148:134: note: in expansion of macro '__DEF_IF_HOST'
  148 | __SM_30_INTRINSICS_DECL__ __DEPRECATED__(__WSB_DEPRECATION_MESSAGE(__shfl)) float __shfl(float var, int srcLane, int width=warpSize) __DEF_IF_HOST
      |                                                                                                                                      ^~~~~~~~~~~~~
/usr/local/cuda/include/sm_30_intrinsics.h: In function 'float __shfl_up(float, unsigned int, int)':
/usr/local/cuda/include/sm_30_intrinsics.h:76:25: warning: no return statement in function returning non-void [-Wreturn-type]
   76 | #define __DEF_IF_HOST { }
      |                         ^
/usr/local/cuda/include/sm_30_intrinsics.h:149:147: note: in expansion of macro '__DEF_IF_HOST'
  149 | __SM_30_INTRINSICS_DECL__ __DEPRECATED__(__WSB_DEPRECATION_MESSAGE(__shfl_up)) float __shfl_up(float var, unsigned int delta, int width=warpSize) __DEF_IF_HOST
      |                                                                                                                                                   ^~~~~~~~~~~~~
/usr/local/cuda/include/sm_30_intrinsics.h: In function 'float __shfl_down(float, unsigned int, int)':
/usr/local/cuda/include/sm_30_intrinsics.h:76:25: warning: no return statement in function returning non-void [-Wreturn-type]
   76 | #define __DEF_IF_HOST { }
      |                         ^
/usr/local/cuda/include/sm_30_intrinsics.h:150:151: note: in expansion of macro '__DEF_IF_HOST'
  150 | __SM_30_INTRINSICS_DECL__ __DEPRECATED__(__WSB_DEPRECATION_MESSAGE(__shfl_down)) float __shfl_down(float var, unsigned int delta, int width=warpSize) __DEF_IF_HOST
      |                                                                                                                                                       ^~~~~~~~~~~~~
/usr/local/cuda/include/sm_30_intrinsics.h: In function 'float __shfl_xor(float, int, int)':
/usr/local/cuda/include/sm_30_intrinsics.h:76:25: warning: no return statement in function returning non-void [-Wreturn-type]
   76 | #define __DEF_IF_HOST { }
      |                         ^
/usr/local/cuda/include/sm_30_intrinsics.h:151:143: note: in expansion of macro '__DEF_IF_HOST'
  151 | __SM_30_INTRINSICS_DECL__ __DEPRECATED__(__WSB_DEPRECATION_MESSAGE(__shfl_xor)) float __shfl_xor(float var, int laneMask, int width=warpSize) __DEF_IF_HOST
      |                                                                                                                                               ^~~~~~~~~~~~~
/usr/local/cuda/include/sm_30_intrinsics.h: In function 'int __shfl_sync(unsigned int, int, int, int)':
/usr/local/cuda/include/sm_30_intrinsics.h:76:25: warning: no return statement in function returning non-void [-Wreturn-type]
   76 | #define __DEF_IF_HOST { }
      |                         ^
/usr/local/cuda/include/sm_30_intrinsics.h:154:100: note: in expansion of macro '__DEF_IF_HOST'
  154 | __SM_30_INTRINSICS_DECL__ int __shfl_sync(unsigned mask, int var, int srcLane, int width=warpSize) __DEF_IF_HOST
      |                                                                                                    ^~~~~~~~~~~~~
/usr/local/cuda/include/sm_30_intrinsics.h: In function 'unsigned int __shfl_sync(unsigned int, unsigned int, int, int)':
/usr/local/cuda/include/sm_30_intrinsics.h:76:25: warning: no return statement in function returning non-void [-Wreturn-type]
   76 | #define __DEF_IF_HOST { }
      |                         ^
/usr/local/cuda/include/sm_30_intrinsics.h:155:118: note: in expansion of macro '__DEF_IF_HOST'
  155 | __SM_30_INTRINSICS_DECL__ unsigned int __shfl_sync(unsigned mask, unsigned int var, int srcLane, int width=warpSize) __DEF_IF_HOST
      |                                                                                                                      ^~~~~~~~~~~~~
/usr/local/cuda/include/sm_30_intrinsics.h: In function 'int __shfl_up_sync(unsigned int, int, unsigned int, int)':
/usr/local/cuda/include/sm_30_intrinsics.h:76:25: warning: no return statement in function returning non-void [-Wreturn-type]
   76 | #define __DEF_IF_HOST { }
      |                         ^
/usr/local/cuda/include/sm_30_intrinsics.h:156:110: note: in expansion of macro '__DEF_IF_HOST'
  156 | __SM_30_INTRINSICS_DECL__ int __shfl_up_sync(unsigned mask, int var, unsigned int delta, int width=warpSize) __DEF_IF_HOST
      |                                                                                                              ^~~~~~~~~~~~~
/usr/local/cuda/include/sm_30_intrinsics.h: In function 'unsigned int __shfl_up_sync(unsigned int, unsigned int, unsigned int, int)':
/usr/local/cuda/include/sm_30_intrinsics.h:76:25: warning: no return statement in function returning non-void [-Wreturn-type]
   76 | #define __DEF_IF_HOST { }
      |                         ^
/usr/local/cuda/include/sm_30_intrinsics.h:157:128: note: in expansion of macro '__DEF_IF_HOST'
  157 | __SM_30_INTRINSICS_DECL__ unsigned int __shfl_up_sync(unsigned mask, unsigned int var, unsigned int delta, int width=warpSize) __DEF_IF_HOST
      |                                                                                                                                ^~~~~~~~~~~~~
/usr/local/cuda/include/sm_30_intrinsics.h: In function 'int __shfl_down_sync(unsigned int, int, unsigned int, int)':
/usr/local/cuda/include/sm_30_intrinsics.h:76:25: warning: no return statement in function returning non-void [-Wreturn-type]
   76 | #define __DEF_IF_HOST { }
      |                         ^
/usr/local/cuda/include/sm_30_intrinsics.h:158:112: note: in expansion of macro '__DEF_IF_HOST'
  158 | __SM_30_INTRINSICS_DECL__ int __shfl_down_sync(unsigned mask, int var, unsigned int delta, int width=warpSize) __DEF_IF_HOST
      |                                                                                                                ^~~~~~~~~~~~~
/usr/local/cuda/include/sm_30_intrinsics.h: In function 'unsigned int __shfl_down_sync(unsigned int, unsigned int, unsigned int, int)':
/usr/local/cuda/include/sm_30_intrinsics.h:76:25: warning: no return statement in function returning non-void [-Wreturn-type]
   76 | #define __DEF_IF_HOST { }
      |                         ^
/usr/local/cuda/include/sm_30_intrinsics.h:159:130: note: in expansion of macro '__DEF_IF_HOST'
  159 | __SM_30_INTRINSICS_DECL__ unsigned int __shfl_down_sync(unsigned mask, unsigned int var, unsigned int delta, int width=warpSize) __DEF_IF_HOST
      |                                                                                                                                  ^~~~~~~~~~~~~
/usr/local/cuda/include/sm_30_intrinsics.h: In function 'int __shfl_xor_sync(unsigned int, int, int, int)':
/usr/local/cuda/include/sm_30_intrinsics.h:76:25: warning: no return statement in function returning non-void [-Wreturn-type]
   76 | #define __DEF_IF_HOST { }
      |                         ^
/usr/local/cuda/include/sm_30_intrinsics.h:160:105: note: in expansion of macro '__DEF_IF_HOST'
  160 | __SM_30_INTRINSICS_DECL__ int __shfl_xor_sync(unsigned mask, int var, int laneMask, int width=warpSize) __DEF_IF_HOST
      |                                                                                                         ^~~~~~~~~~~~~
/usr/local/cuda/include/sm_30_intrinsics.h: In function 'unsigned int __shfl_xor_sync(unsigned int, unsigned int, int, int)':
/usr/local/cuda/include/sm_30_intrinsics.h:76:25: warning: no return statement in function returning non-void [-Wreturn-type]
   76 | #define __DEF_IF_HOST { }
      |                         ^
/usr/local/cuda/include/sm_30_intrinsics.h:161:123: note: in expansion of macro '__DEF_IF_HOST'
  161 | __SM_30_INTRINSICS_DECL__ unsigned int __shfl_xor_sync(unsigned mask, unsigned int var, int laneMask, int width=warpSize) __DEF_IF_HOST
      |                                                                                                                           ^~~~~~~~~~~~~
/usr/local/cuda/include/sm_30_intrinsics.h: In function 'float __shfl_sync(unsigned int, float, int, int)':
/usr/local/cuda/include/sm_30_intrinsics.h:76:25: warning: no return statement in function returning non-void [-Wreturn-type]
   76 | #define __DEF_IF_HOST { }
      |                         ^
/usr/local/cuda/include/sm_30_intrinsics.h:162:104: note: in expansion of macro '__DEF_IF_HOST'
  162 | __SM_30_INTRINSICS_DECL__ float __shfl_sync(unsigned mask, float var, int srcLane, int width=warpSize) __DEF_IF_HOST
      |                                                                                                        ^~~~~~~~~~~~~
/usr/local/cuda/include/sm_30_intrinsics.h: In function 'float __shfl_up_sync(unsigned int, float, unsigned int, int)':
/usr/local/cuda/include/sm_30_intrinsics.h:76:25: warning: no return statement in function returning non-void [-Wreturn-type]
   76 | #define __DEF_IF_HOST { }
      |                         ^
/usr/local/cuda/include/sm_30_intrinsics.h:163:114: note: in expansion of macro '__DEF_IF_HOST'
  163 | __SM_30_INTRINSICS_DECL__ float __shfl_up_sync(unsigned mask, float var, unsigned int delta, int width=warpSize) __DEF_IF_HOST
      |                                                                                                                  ^~~~~~~~~~~~~
/usr/local/cuda/include/sm_30_intrinsics.h: In function 'float __shfl_down_sync(unsigned int, float, unsigned int, int)':
/usr/local/cuda/include/sm_30_intrinsics.h:76:25: warning: no return statement in function returning non-void [-Wreturn-type]
   76 | #define __DEF_IF_HOST { }
      |                         ^
/usr/local/cuda/include/sm_30_intrinsics.h:164:116: note: in expansion of macro '__DEF_IF_HOST'
  164 | __SM_30_INTRINSICS_DECL__ float __shfl_down_sync(unsigned mask, float var, unsigned int delta, int width=warpSize) __DEF_IF_HOST
      |                                                                                                                    ^~~~~~~~~~~~~
/usr/local/cuda/include/sm_30_intrinsics.h: In function 'float __shfl_xor_sync(unsigned int, float, int, int)':
/usr/local/cuda/include/sm_30_intrinsics.h:76:25: warning: no return statement in function returning non-void [-Wreturn-type]
   76 | #define __DEF_IF_HOST { }
      |                         ^
/usr/local/cuda/include/sm_30_intrinsics.h:165:109: note: in expansion of macro '__DEF_IF_HOST'
  165 | __SM_30_INTRINSICS_DECL__ float __shfl_xor_sync(unsigned mask, float var, int laneMask, int width=warpSize) __DEF_IF_HOST
      |                                                                                                             ^~~~~~~~~~~~~
/usr/local/cuda/include/sm_30_intrinsics.h: In function 'long long unsigned int __shfl(long long unsigned int, int, int)':
/usr/local/cuda/include/sm_30_intrinsics.h:76:25: warning: no return statement in function returning non-void [-Wreturn-type]
   76 | #define __DEF_IF_HOST { }
      |                         ^
/usr/local/cuda/include/sm_30_intrinsics.h:169:160: note: in expansion of macro '__DEF_IF_HOST'
  169 | __SM_30_INTRINSICS_DECL__ __DEPRECATED__(__WSB_DEPRECATION_MESSAGE(__shfl)) unsigned long long __shfl(unsigned long long var, int srcLane, int width=warpSize) __DEF_IF_HOST
      |                                                                                                                                                                ^~~~~~~~~~~~~
/usr/local/cuda/include/sm_30_intrinsics.h: In function 'long long int __shfl(long long int, int, int)':
/usr/local/cuda/include/sm_30_intrinsics.h:76:25: warning: no return statement in function returning non-void [-Wreturn-type]
   76 | #define __DEF_IF_HOST { }
      |                         ^
/usr/local/cuda/include/sm_30_intrinsics.h:170:142: note: in expansion of macro '__DEF_IF_HOST'
  170 | __SM_30_INTRINSICS_DECL__ __DEPRECATED__(__WSB_DEPRECATION_MESSAGE(__shfl)) long long __shfl(long long var, int srcLane, int width=warpSize) __DEF_IF_HOST
      |                                                                                                                                              ^~~~~~~~~~~~~
/usr/local/cuda/include/sm_30_intrinsics.h: In function 'long long int __shfl_up(long long int, unsigned int, int)':
/usr/local/cuda/include/sm_30_intrinsics.h:76:25: warning: no return statement in function returning non-void [-Wreturn-type]
   76 | #define __DEF_IF_HOST { }
      |                         ^
/usr/local/cuda/include/sm_30_intrinsics.h:171:155: note: in expansion of macro '__DEF_IF_HOST'
  171 | __SM_30_INTRINSICS_DECL__ __DEPRECATED__(__WSB_DEPRECATION_MESSAGE(__shfl_up)) long long __shfl_up(long long var, unsigned int delta, int width=warpSize) __DEF_IF_HOST
      |                                                                                                                                                           ^~~~~~~~~~~~~
/usr/local/cuda/include/sm_30_intrinsics.h: In function 'long long unsigned int __shfl_up(long long unsigned int, unsigned int, int)':
/usr/local/cuda/include/sm_30_intrinsics.h:76:25: warning: no return statement in function returning non-void [-Wreturn-type]
   76 | #define __DEF_IF_HOST { }
      |                         ^
/usr/local/cuda/include/sm_30_intrinsics.h:172:173: note: in expansion of macro '__DEF_IF_HOST'
  172 | __SM_30_INTRINSICS_DECL__ __DEPRECATED__(__WSB_DEPRECATION_MESSAGE(__shfl_up)) unsigned long long __shfl_up(unsigned long long var, unsigned int delta, int width=warpSize) __DEF_IF_HOST
      |                                                                                                                                                                             ^~~~~~~~~~~~~
/usr/local/cuda/include/sm_30_intrinsics.h: In function 'long long int __shfl_down(long long int, unsigned int, int)':
/usr/local/cuda/include/sm_30_intrinsics.h:76:25: warning: no return statement in function returning non-void [-Wreturn-type]
   76 | #define __DEF_IF_HOST { }
      |                         ^
/usr/local/cuda/include/sm_30_intrinsics.h:173:159: note: in expansion of macro '__DEF_IF_HOST'
  173 | __SM_30_INTRINSICS_DECL__ __DEPRECATED__(__WSB_DEPRECATION_MESSAGE(__shfl_down)) long long __shfl_down(long long var, unsigned int delta, int width=warpSize) __DEF_IF_HOST
      |                                                                                                                                                               ^~~~~~~~~~~~~
/usr/local/cuda/include/sm_30_intrinsics.h: In function 'long long unsigned int __shfl_down(long long unsigned int, unsigned int, int)':
/usr/local/cuda/include/sm_30_intrinsics.h:76:25: warning: no return statement in function returning non-void [-Wreturn-type]
   76 | #define __DEF_IF_HOST { }
      |                         ^
/usr/local/cuda/include/sm_30_intrinsics.h:174:177: note: in expansion of macro '__DEF_IF_HOST'
  174 | __SM_30_INTRINSICS_DECL__ __DEPRECATED__(__WSB_DEPRECATION_MESSAGE(__shfl_down)) unsigned long long __shfl_down(unsigned long long var, unsigned int delta, int width=warpSize) __DEF_IF_HOST
      |                                                                                                                                                                                 ^~~~~~~~~~~~~
/usr/local/cuda/include/sm_30_intrinsics.h: In function 'long long int __shfl_xor(long long int, int, int)':
/usr/local/cuda/include/sm_30_intrinsics.h:76:25: warning: no return statement in function returning non-void [-Wreturn-type]
   76 | #define __DEF_IF_HOST { }
      |                         ^
/usr/local/cuda/include/sm_30_intrinsics.h:175:151: note: in expansion of macro '__DEF_IF_HOST'
  175 | __SM_30_INTRINSICS_DECL__ __DEPRECATED__(__WSB_DEPRECATION_MESSAGE(__shfl_xor)) long long __shfl_xor(long long var, int laneMask, int width=warpSize) __DEF_IF_HOST
      |                                                                                                                                                       ^~~~~~~~~~~~~
/usr/local/cuda/include/sm_30_intrinsics.h: In function 'long long unsigned int __shfl_xor(long long unsigned int, int, int)':
/usr/local/cuda/include/sm_30_intrinsics.h:76:25: warning: no return statement in function returning non-void [-Wreturn-type]
   76 | #define __DEF_IF_HOST { }
      |                         ^
/usr/local/cuda/include/sm_30_intrinsics.h:176:169: note: in expansion of macro '__DEF_IF_HOST'
  176 | __SM_30_INTRINSICS_DECL__ __DEPRECATED__(__WSB_DEPRECATION_MESSAGE(__shfl_xor)) unsigned long long __shfl_xor(unsigned long long var, int laneMask, int width=warpSize) __DEF_IF_HOST
      |                                                                                                                                                                         ^~~~~~~~~~~~~
/usr/local/cuda/include/sm_30_intrinsics.h: In function 'double __shfl(double, int, int)':
/usr/local/cuda/include/sm_30_intrinsics.h:76:25: warning: no return statement in function returning non-void [-Wreturn-type]
   76 | #define __DEF_IF_HOST { }
      |                         ^
/usr/local/cuda/include/sm_30_intrinsics.h:177:136: note: in expansion of macro '__DEF_IF_HOST'
  177 | __SM_30_INTRINSICS_DECL__ __DEPRECATED__(__WSB_DEPRECATION_MESSAGE(__shfl)) double __shfl(double var, int srcLane, int width=warpSize) __DEF_IF_HOST
      |                                                                                                                                        ^~~~~~~~~~~~~
/usr/local/cuda/include/sm_30_intrinsics.h: In function 'double __shfl_up(double, unsigned int, int)':
/usr/local/cuda/include/sm_30_intrinsics.h:76:25: warning: no return statement in function returning non-void [-Wreturn-type]
   76 | #define __DEF_IF_HOST { }
      |                         ^
/usr/local/cuda/include/sm_30_intrinsics.h:178:149: note: in expansion of macro '__DEF_IF_HOST'
  178 | __SM_30_INTRINSICS_DECL__ __DEPRECATED__(__WSB_DEPRECATION_MESSAGE(__shfl_up)) double __shfl_up(double var, unsigned int delta, int width=warpSize) __DEF_IF_HOST
      |                                                                                                                                                     ^~~~~~~~~~~~~
/usr/local/cuda/include/sm_30_intrinsics.h: In function 'double __shfl_down(double, unsigned int, int)':
/usr/local/cuda/include/sm_30_intrinsics.h:76:25: warning: no return statement in function returning non-void [-Wreturn-type]
   76 | #define __DEF_IF_HOST { }
      |                         ^
/usr/local/cuda/include/sm_30_intrinsics.h:179:153: note: in expansion of macro '__DEF_IF_HOST'
  179 | __SM_30_INTRINSICS_DECL__ __DEPRECATED__(__WSB_DEPRECATION_MESSAGE(__shfl_down)) double __shfl_down(double var, unsigned int delta, int width=warpSize) __DEF_IF_HOST
      |                                                                                                                                                         ^~~~~~~~~~~~~
/usr/local/cuda/include/sm_30_intrinsics.h: In function 'double __shfl_xor(double, int, int)':
/usr/local/cuda/include/sm_30_intrinsics.h:76:25: warning: no return statement in function returning non-void [-Wreturn-type]
   76 | #define __DEF_IF_HOST { }
      |                         ^
/usr/local/cuda/include/sm_30_intrinsics.h:180:145: note: in expansion of macro '__DEF_IF_HOST'
  180 | __SM_30_INTRINSICS_DECL__ __DEPRECATED__(__WSB_DEPRECATION_MESSAGE(__shfl_xor)) double __shfl_xor(double var, int laneMask, int width=warpSize) __DEF_IF_HOST
      |                                                                                                                                                 ^~~~~~~~~~~~~
/usr/local/cuda/include/sm_30_intrinsics.h: In function 'long long int __shfl_sync(unsigned int, long long int, int, int)':
/usr/local/cuda/include/sm_30_intrinsics.h:76:25: warning: no return statement in function returning non-void [-Wreturn-type]
   76 | #define __DEF_IF_HOST { }
      |                         ^
/usr/local/cuda/include/sm_30_intrinsics.h:183:112: note: in expansion of macro '__DEF_IF_HOST'
  183 | __SM_30_INTRINSICS_DECL__ long long __shfl_sync(unsigned mask, long long var, int srcLane, int width=warpSize) __DEF_IF_HOST
      |                                                                                                                ^~~~~~~~~~~~~
/usr/local/cuda/include/sm_30_intrinsics.h: In function 'long long unsigned int __shfl_sync(unsigned int, long long unsigned int, int, int)':
/usr/local/cuda/include/sm_30_intrinsics.h:76:25: warning: no return statement in function returning non-void [-Wreturn-type]
   76 | #define __DEF_IF_HOST { }
      |                         ^
/usr/local/cuda/include/sm_30_intrinsics.h:184:130: note: in expansion of macro '__DEF_IF_HOST'
  184 | __SM_30_INTRINSICS_DECL__ unsigned long long __shfl_sync(unsigned mask, unsigned long long var, int srcLane, int width=warpSize) __DEF_IF_HOST
      |                                                                                                                                  ^~~~~~~~~~~~~
/usr/local/cuda/include/sm_30_intrinsics.h: In function 'long long int __shfl_up_sync(unsigned int, long long int, unsigned int, int)':
/usr/local/cuda/include/sm_30_intrinsics.h:76:25: warning: no return statement in function returning non-void [-Wreturn-type]
   76 | #define __DEF_IF_HOST { }
      |                         ^
/usr/local/cuda/include/sm_30_intrinsics.h:185:122: note: in expansion of macro '__DEF_IF_HOST'
  185 | __SM_30_INTRINSICS_DECL__ long long __shfl_up_sync(unsigned mask, long long var, unsigned int delta, int width=warpSize) __DEF_IF_HOST
      |                                                                                                                          ^~~~~~~~~~~~~
/usr/local/cuda/include/sm_30_intrinsics.h: In function 'long long unsigned int __shfl_up_sync(unsigned int, long long unsigned int, unsigned int, int)':
/usr/local/cuda/include/sm_30_intrinsics.h:76:25: warning: no return statement in function returning non-void [-Wreturn-type]
   76 | #define __DEF_IF_HOST { }
      |                         ^
/usr/local/cuda/include/sm_30_intrinsics.h:186:140: note: in expansion of macro '__DEF_IF_HOST'
  186 | __SM_30_INTRINSICS_DECL__ unsigned long long __shfl_up_sync(unsigned mask, unsigned long long var, unsigned int delta, int width=warpSize) __DEF_IF_HOST
      |                                                                                                                                            ^~~~~~~~~~~~~
/usr/local/cuda/include/sm_30_intrinsics.h: In function 'long long int __shfl_down_sync(unsigned int, long long int, unsigned int, int)':
/usr/local/cuda/include/sm_30_intrinsics.h:76:25: warning: no return statement in function returning non-void [-Wreturn-type]
   76 | #define __DEF_IF_HOST { }
      |                         ^
/usr/local/cuda/include/sm_30_intrinsics.h:187:124: note: in expansion of macro '__DEF_IF_HOST'
  187 | __SM_30_INTRINSICS_DECL__ long long __shfl_down_sync(unsigned mask, long long var, unsigned int delta, int width=warpSize) __DEF_IF_HOST
      |                                                                                                                            ^~~~~~~~~~~~~
/usr/local/cuda/include/sm_30_intrinsics.h: In function 'long long unsigned int __shfl_down_sync(unsigned int, long long unsigned int, unsigned int, int)':
/usr/local/cuda/include/sm_30_intrinsics.h:76:25: warning: no return statement in function returning non-void [-Wreturn-type]
   76 | #define __DEF_IF_HOST { }
      |                         ^
/usr/local/cuda/include/sm_30_intrinsics.h:188:142: note: in expansion of macro '__DEF_IF_HOST'
  188 | __SM_30_INTRINSICS_DECL__ unsigned long long __shfl_down_sync(unsigned mask, unsigned long long var, unsigned int delta, int width=warpSize) __DEF_IF_HOST
      |                                                                                                                                              ^~~~~~~~~~~~~
/usr/local/cuda/include/sm_30_intrinsics.h: In function 'long long int __shfl_xor_sync(unsigned int, long long int, int, int)':
/usr/local/cuda/include/sm_30_intrinsics.h:76:25: warning: no return statement in function returning non-void [-Wreturn-type]
   76 | #define __DEF_IF_HOST { }
      |                         ^
/usr/local/cuda/include/sm_30_intrinsics.h:189:117: note: in expansion of macro '__DEF_IF_HOST'
  189 | __SM_30_INTRINSICS_DECL__ long long __shfl_xor_sync(unsigned mask, long long var, int laneMask, int width=warpSize) __DEF_IF_HOST
      |                                                                                                                     ^~~~~~~~~~~~~
/usr/local/cuda/include/sm_30_intrinsics.h: In function 'long long unsigned int __shfl_xor_sync(unsigned int, long long unsigned int, int, int)':
/usr/local/cuda/include/sm_30_intrinsics.h:76:25: warning: no return statement in function returning non-void [-Wreturn-type]
   76 | #define __DEF_IF_HOST { }
      |                         ^
/usr/local/cuda/include/sm_30_intrinsics.h:190:135: note: in expansion of macro '__DEF_IF_HOST'
  190 | __SM_30_INTRINSICS_DECL__ unsigned long long __shfl_xor_sync(unsigned mask, unsigned long long var, int laneMask, int width=warpSize) __DEF_IF_HOST
      |                                                                                                                                       ^~~~~~~~~~~~~
/usr/local/cuda/include/sm_30_intrinsics.h: In function 'double __shfl_sync(unsigned int, double, int, int)':
/usr/local/cuda/include/sm_30_intrinsics.h:76:25: warning: no return statement in function returning non-void [-Wreturn-type]
   76 | #define __DEF_IF_HOST { }
      |                         ^
/usr/local/cuda/include/sm_30_intrinsics.h:191:106: note: in expansion of macro '__DEF_IF_HOST'
  191 | __SM_30_INTRINSICS_DECL__ double __shfl_sync(unsigned mask, double var, int srcLane, int width=warpSize) __DEF_IF_HOST
      |                                                                                                          ^~~~~~~~~~~~~
/usr/local/cuda/include/sm_30_intrinsics.h: In function 'double __shfl_up_sync(unsigned int, double, unsigned int, int)':
/usr/local/cuda/include/sm_30_intrinsics.h:76:25: warning: no return statement in function returning non-void [-Wreturn-type]
   76 | #define __DEF_IF_HOST { }
      |                         ^
/usr/local/cuda/include/sm_30_intrinsics.h:192:116: note: in expansion of macro '__DEF_IF_HOST'
  192 | __SM_30_INTRINSICS_DECL__ double __shfl_up_sync(unsigned mask, double var, unsigned int delta, int width=warpSize) __DEF_IF_HOST
      |                                                                                                                    ^~~~~~~~~~~~~
/usr/local/cuda/include/sm_30_intrinsics.h: In function 'double __shfl_down_sync(unsigned int, double, unsigned int, int)':
/usr/local/cuda/include/sm_30_intrinsics.h:76:25: warning: no return statement in function returning non-void [-Wreturn-type]
   76 | #define __DEF_IF_HOST { }
      |                         ^
/usr/local/cuda/include/sm_30_intrinsics.h:193:118: note: in expansion of macro '__DEF_IF_HOST'
  193 | __SM_30_INTRINSICS_DECL__ double __shfl_down_sync(unsigned mask, double var, unsigned int delta, int width=warpSize) __DEF_IF_HOST
      |                                                                                                                      ^~~~~~~~~~~~~
/usr/local/cuda/include/sm_30_intrinsics.h: In function 'double __shfl_xor_sync(unsigned int, double, int, int)':
/usr/local/cuda/include/sm_30_intrinsics.h:76:25: warning: no return statement in function returning non-void [-Wreturn-type]
   76 | #define __DEF_IF_HOST { }
      |                         ^
/usr/local/cuda/include/sm_30_intrinsics.h:194:111: note: in expansion of macro '__DEF_IF_HOST'
  194 | __SM_30_INTRINSICS_DECL__ double __shfl_xor_sync(unsigned mask, double var, int laneMask, int width=warpSize) __DEF_IF_HOST
      |                                                                                                               ^~~~~~~~~~~~~
/usr/local/cuda/include/sm_30_intrinsics.h: In function 'long int __shfl(long int, int, int)':
/usr/local/cuda/include/sm_30_intrinsics.h:76:25: warning: no return statement in function returning non-void [-Wreturn-type]
   76 | #define __DEF_IF_HOST { }
      |                         ^
/usr/local/cuda/include/sm_30_intrinsics.h:198:132: note: in expansion of macro '__DEF_IF_HOST'
  198 | __SM_30_INTRINSICS_DECL__ __DEPRECATED__(__WSB_DEPRECATION_MESSAGE(__shfl)) long __shfl(long var, int srcLane, int width=warpSize) __DEF_IF_HOST
      |                                                                                                                                    ^~~~~~~~~~~~~
/usr/local/cuda/include/sm_30_intrinsics.h: In function 'long unsigned int __shfl(long unsigned int, int, int)':
/usr/local/cuda/include/sm_30_intrinsics.h:76:25: warning: no return statement in function returning non-void [-Wreturn-type]
   76 | #define __DEF_IF_HOST { }
      |                         ^
/usr/local/cuda/include/sm_30_intrinsics.h:199:150: note: in expansion of macro '__DEF_IF_HOST'
  199 | __SM_30_INTRINSICS_DECL__ __DEPRECATED__(__WSB_DEPRECATION_MESSAGE(__shfl)) unsigned long __shfl(unsigned long var, int srcLane, int width=warpSize) __DEF_IF_HOST
      |                                                                                                                                                      ^~~~~~~~~~~~~
/usr/local/cuda/include/sm_30_intrinsics.h: In function 'long int __shfl_up(long int, unsigned int, int)':
/usr/local/cuda/include/sm_30_intrinsics.h:76:25: warning: no return statement in function returning non-void [-Wreturn-type]
   76 | #define __DEF_IF_HOST { }
      |                         ^
/usr/local/cuda/include/sm_30_intrinsics.h:200:145: note: in expansion of macro '__DEF_IF_HOST'
  200 | __SM_30_INTRINSICS_DECL__ __DEPRECATED__(__WSB_DEPRECATION_MESSAGE(__shfl_up)) long __shfl_up(long var, unsigned int delta, int width=warpSize) __DEF_IF_HOST
      |                                                                                                                                                 ^~~~~~~~~~~~~
/usr/local/cuda/include/sm_30_intrinsics.h: In function 'long unsigned int __shfl_up(long unsigned int, unsigned int, int)':
/usr/local/cuda/include/sm_30_intrinsics.h:76:25: warning: no return statement in function returning non-void [-Wreturn-type]
   76 | #define __DEF_IF_HOST { }
      |                         ^
/usr/local/cuda/include/sm_30_intrinsics.h:201:163: note: in expansion of macro '__DEF_IF_HOST'
  201 | __SM_30_INTRINSICS_DECL__ __DEPRECATED__(__WSB_DEPRECATION_MESSAGE(__shfl_up)) unsigned long __shfl_up(unsigned long var, unsigned int delta, int width=warpSize) __DEF_IF_HOST
      |                                                                                                                                                                   ^~~~~~~~~~~~~
/usr/local/cuda/include/sm_30_intrinsics.h: In function 'long int __shfl_down(long int, unsigned int, int)':
/usr/local/cuda/include/sm_30_intrinsics.h:76:25: warning: no return statement in function returning non-void [-Wreturn-type]
   76 | #define __DEF_IF_HOST { }
      |                         ^
/usr/local/cuda/include/sm_30_intrinsics.h:202:149: note: in expansion of macro '__DEF_IF_HOST'
  202 | __SM_30_INTRINSICS_DECL__ __DEPRECATED__(__WSB_DEPRECATION_MESSAGE(__shfl_down)) long __shfl_down(long var, unsigned int delta, int width=warpSize) __DEF_IF_HOST
      |                                                                                                                                                     ^~~~~~~~~~~~~
/usr/local/cuda/include/sm_30_intrinsics.h: In function 'long unsigned int __shfl_down(long unsigned int, unsigned int, int)':
/usr/local/cuda/include/sm_30_intrinsics.h:76:25: warning: no return statement in function returning non-void [-Wreturn-type]
   76 | #define __DEF_IF_HOST { }
      |                         ^
/usr/local/cuda/include/sm_30_intrinsics.h:203:167: note: in expansion of macro '__DEF_IF_HOST'
  203 | __SM_30_INTRINSICS_DECL__ __DEPRECATED__(__WSB_DEPRECATION_MESSAGE(__shfl_down)) unsigned long __shfl_down(unsigned long var, unsigned int delta, int width=warpSize) __DEF_IF_HOST
      |                                                                                                                                                                       ^~~~~~~~~~~~~
/usr/local/cuda/include/sm_30_intrinsics.h: In function 'long int __shfl_xor(long int, int, int)':
/usr/local/cuda/include/sm_30_intrinsics.h:76:25: warning: no return statement in function returning non-void [-Wreturn-type]
   76 | #define __DEF_IF_HOST { }
      |                         ^
/usr/local/cuda/include/sm_30_intrinsics.h:204:141: note: in expansion of macro '__DEF_IF_HOST'
  204 | __SM_30_INTRINSICS_DECL__ __DEPRECATED__(__WSB_DEPRECATION_MESSAGE(__shfl_xor)) long __shfl_xor(long var, int laneMask, int width=warpSize) __DEF_IF_HOST
      |                                                                                                                                             ^~~~~~~~~~~~~
/usr/local/cuda/include/sm_30_intrinsics.h: In function 'long unsigned int __shfl_xor(long unsigned int, int, int)':
/usr/local/cuda/include/sm_30_intrinsics.h:76:25: warning: no return statement in function returning non-void [-Wreturn-type]
   76 | #define __DEF_IF_HOST { }
      |                         ^
/usr/local/cuda/include/sm_30_intrinsics.h:205:159: note: in expansion of macro '__DEF_IF_HOST'
  205 | __SM_30_INTRINSICS_DECL__ __DEPRECATED__(__WSB_DEPRECATION_MESSAGE(__shfl_xor)) unsigned long __shfl_xor(unsigned long var, int laneMask, int width=warpSize) __DEF_IF_HOST
      |                                                                                                                                                               ^~~~~~~~~~~~~
/usr/local/cuda/include/sm_30_intrinsics.h: In function 'long int __shfl_sync(unsigned int, long int, int, int)':
/usr/local/cuda/include/sm_30_intrinsics.h:76:25: warning: no return statement in function returning non-void [-Wreturn-type]
   76 | #define __DEF_IF_HOST { }
      |                         ^
/usr/local/cuda/include/sm_30_intrinsics.h:208:102: note: in expansion of macro '__DEF_IF_HOST'
  208 | __SM_30_INTRINSICS_DECL__ long __shfl_sync(unsigned mask, long var, int srcLane, int width=warpSize) __DEF_IF_HOST
      |                                                                                                      ^~~~~~~~~~~~~
/usr/local/cuda/include/sm_30_intrinsics.h: In function 'long unsigned int __shfl_sync(unsigned int, long unsigned int, int, int)':
/usr/local/cuda/include/sm_30_intrinsics.h:76:25: warning: no return statement in function returning non-void [-Wreturn-type]
   76 | #define __DEF_IF_HOST { }
      |                         ^
/usr/local/cuda/include/sm_30_intrinsics.h:209:120: note: in expansion of macro '__DEF_IF_HOST'
  209 | __SM_30_INTRINSICS_DECL__ unsigned long __shfl_sync(unsigned mask, unsigned long var, int srcLane, int width=warpSize) __DEF_IF_HOST
      |                                                                                                                        ^~~~~~~~~~~~~
/usr/local/cuda/include/sm_30_intrinsics.h: In function 'long int __shfl_up_sync(unsigned int, long int, unsigned int, int)':
/usr/local/cuda/include/sm_30_intrinsics.h:76:25: warning: no return statement in function returning non-void [-Wreturn-type]
   76 | #define __DEF_IF_HOST { }
      |                         ^
/usr/local/cuda/include/sm_30_intrinsics.h:210:112: note: in expansion of macro '__DEF_IF_HOST'
  210 | __SM_30_INTRINSICS_DECL__ long __shfl_up_sync(unsigned mask, long var, unsigned int delta, int width=warpSize) __DEF_IF_HOST
      |                                                                                                                ^~~~~~~~~~~~~
/usr/local/cuda/include/sm_30_intrinsics.h: In function 'long unsigned int __shfl_up_sync(unsigned int, long unsigned int, unsigned int, int)':
/usr/local/cuda/include/sm_30_intrinsics.h:76:25: warning: no return statement in function returning non-void [-Wreturn-type]
   76 | #define __DEF_IF_HOST { }
      |                         ^
/usr/local/cuda/include/sm_30_intrinsics.h:211:130: note: in expansion of macro '__DEF_IF_HOST'
  211 | __SM_30_INTRINSICS_DECL__ unsigned long __shfl_up_sync(unsigned mask, unsigned long var, unsigned int delta, int width=warpSize) __DEF_IF_HOST
      |                                                                                                                                  ^~~~~~~~~~~~~
/usr/local/cuda/include/sm_30_intrinsics.h: In function 'long int __shfl_down_sync(unsigned int, long int, unsigned int, int)':
/usr/local/cuda/include/sm_30_intrinsics.h:76:25: warning: no return statement in function returning non-void [-Wreturn-type]
   76 | #define __DEF_IF_HOST { }
      |                         ^
/usr/local/cuda/include/sm_30_intrinsics.h:212:114: note: in expansion of macro '__DEF_IF_HOST'
  212 | __SM_30_INTRINSICS_DECL__ long __shfl_down_sync(unsigned mask, long var, unsigned int delta, int width=warpSize) __DEF_IF_HOST
      |                                                                                                                  ^~~~~~~~~~~~~
/usr/local/cuda/include/sm_30_intrinsics.h: In function 'long unsigned int __shfl_down_sync(unsigned int, long unsigned int, unsigned int, int)':
/usr/local/cuda/include/sm_30_intrinsics.h:76:25: warning: no return statement in function returning non-void [-Wreturn-type]
   76 | #define __DEF_IF_HOST { }
      |                         ^
/usr/local/cuda/include/sm_30_intrinsics.h:213:132: note: in expansion of macro '__DEF_IF_HOST'
  213 | __SM_30_INTRINSICS_DECL__ unsigned long __shfl_down_sync(unsigned mask, unsigned long var, unsigned int delta, int width=warpSize) __DEF_IF_HOST
      |                                                                                                                                    ^~~~~~~~~~~~~
/usr/local/cuda/include/sm_30_intrinsics.h: In function 'long int __shfl_xor_sync(unsigned int, long int, int, int)':
/usr/local/cuda/include/sm_30_intrinsics.h:76:25: warning: no return statement in function returning non-void [-Wreturn-type]
   76 | #define __DEF_IF_HOST { }
      |                         ^
/usr/local/cuda/include/sm_30_intrinsics.h:214:107: note: in expansion of macro '__DEF_IF_HOST'
  214 | __SM_30_INTRINSICS_DECL__ long __shfl_xor_sync(unsigned mask, long var, int laneMask, int width=warpSize) __DEF_IF_HOST
      |                                                                                                           ^~~~~~~~~~~~~
/usr/local/cuda/include/sm_30_intrinsics.h: In function 'long unsigned int __shfl_xor_sync(unsigned int, long unsigned int, int, int)':
/usr/local/cuda/include/sm_30_intrinsics.h:76:25: warning: no return statement in function returning non-void [-Wreturn-type]
   76 | #define __DEF_IF_HOST { }
      |                         ^
/usr/local/cuda/include/sm_30_intrinsics.h:215:125: note: in expansion of macro '__DEF_IF_HOST'
  215 | __SM_30_INTRINSICS_DECL__ unsigned long __shfl_xor_sync(unsigned mask, unsigned long var, int laneMask, int width=warpSize) __DEF_IF_HOST
      |                                                                                                                             ^~~~~~~~~~~~~
In file included from /usr/local/cuda/include/crt/device_functions.h:3623,
                 from /home/GVirtuS/GVirtuS/plugins/cudart/backend/CudaRtHandler.h:71,
                 from /home/GVirtuS/GVirtuS/plugins/cudart/backend/CudaRtHandler_surface.cpp:27:
/usr/local/cuda/include/sm_32_intrinsics.h: In function 'long int __ldg(const long int*)':
/usr/local/cuda/include/sm_32_intrinsics.h:74:25: warning: no return statement in function returning non-void [-Wreturn-type]
   74 | #define __DEF_IF_HOST { }
      |                         ^
/usr/local/cuda/include/sm_32_intrinsics.h:87:55: note: in expansion of macro '__DEF_IF_HOST'
   87 | __SM_32_INTRINSICS_DECL__ long __ldg(const long *ptr) __DEF_IF_HOST
      |                                                       ^~~~~~~~~~~~~
/usr/local/cuda/include/sm_32_intrinsics.h: In function 'long unsigned int __ldg(const long unsigned int*)':
/usr/local/cuda/include/sm_32_intrinsics.h:74:25: warning: no return statement in function returning non-void [-Wreturn-type]
   74 | #define __DEF_IF_HOST { }
      |                         ^
/usr/local/cuda/include/sm_32_intrinsics.h:88:73: note: in expansion of macro '__DEF_IF_HOST'
   88 | __SM_32_INTRINSICS_DECL__ unsigned long __ldg(const unsigned long *ptr) __DEF_IF_HOST
      |                                                                         ^~~~~~~~~~~~~
/usr/local/cuda/include/sm_32_intrinsics.h: In function 'char __ldg(const char*)':
/usr/local/cuda/include/sm_32_intrinsics.h:74:25: warning: no return statement in function returning non-void [-Wreturn-type]
   74 | #define __DEF_IF_HOST { }
      |                         ^
/usr/local/cuda/include/sm_32_intrinsics.h:90:55: note: in expansion of macro '__DEF_IF_HOST'
   90 | __SM_32_INTRINSICS_DECL__ char __ldg(const char *ptr) __DEF_IF_HOST
      |                                                       ^~~~~~~~~~~~~
/usr/local/cuda/include/sm_32_intrinsics.h: In function 'signed char __ldg(const signed char*)':
/usr/local/cuda/include/sm_32_intrinsics.h:74:25: warning: no return statement in function returning non-void [-Wreturn-type]
   74 | #define __DEF_IF_HOST { }
      |                         ^
/usr/local/cuda/include/sm_32_intrinsics.h:91:69: note: in expansion of macro '__DEF_IF_HOST'
   91 | __SM_32_INTRINSICS_DECL__ signed char __ldg(const signed char *ptr) __DEF_IF_HOST
      |                                                                     ^~~~~~~~~~~~~
/usr/local/cuda/include/sm_32_intrinsics.h: In function 'short int __ldg(const short int*)':
/usr/local/cuda/include/sm_32_intrinsics.h:74:25: warning: no return statement in function returning non-void [-Wreturn-type]
   74 | #define __DEF_IF_HOST { }
      |                         ^
/usr/local/cuda/include/sm_32_intrinsics.h:92:57: note: in expansion of macro '__DEF_IF_HOST'
   92 | __SM_32_INTRINSICS_DECL__ short __ldg(const short *ptr) __DEF_IF_HOST
      |                                                         ^~~~~~~~~~~~~
/usr/local/cuda/include/sm_32_intrinsics.h: In function 'int __ldg(const int*)':
/usr/local/cuda/include/sm_32_intrinsics.h:74:25: warning: no return statement in function returning non-void [-Wreturn-type]
   74 | #define __DEF_IF_HOST { }
      |                         ^
/usr/local/cuda/include/sm_32_intrinsics.h:93:53: note: in expansion of macro '__DEF_IF_HOST'
   93 | __SM_32_INTRINSICS_DECL__ int __ldg(const int *ptr) __DEF_IF_HOST
      |                                                     ^~~~~~~~~~~~~
/usr/local/cuda/include/sm_32_intrinsics.h: In function 'long long int __ldg(const long long int*)':
/usr/local/cuda/include/sm_32_intrinsics.h:74:25: warning: no return statement in function returning non-void [-Wreturn-type]
   74 | #define __DEF_IF_HOST { }
      |                         ^
/usr/local/cuda/include/sm_32_intrinsics.h:94:65: note: in expansion of macro '__DEF_IF_HOST'
   94 | __SM_32_INTRINSICS_DECL__ long long __ldg(const long long *ptr) __DEF_IF_HOST
      |                                                                 ^~~~~~~~~~~~~
/usr/local/cuda/include/sm_32_intrinsics.h: In function 'char2 __ldg(const char2*)':
/usr/local/cuda/include/sm_32_intrinsics.h:74:25: warning: no return statement in function returning non-void [-Wreturn-type]
   74 | #define __DEF_IF_HOST { }
      |                         ^
/usr/local/cuda/include/sm_32_intrinsics.h:95:57: note: in expansion of macro '__DEF_IF_HOST'
   95 | __SM_32_INTRINSICS_DECL__ char2 __ldg(const char2 *ptr) __DEF_IF_HOST
      |                                                         ^~~~~~~~~~~~~
/usr/local/cuda/include/sm_32_intrinsics.h: In function 'char4 __ldg(const char4*)':
/usr/local/cuda/include/sm_32_intrinsics.h:74:25: warning: no return statement in function returning non-void [-Wreturn-type]
   74 | #define __DEF_IF_HOST { }
      |                         ^
/usr/local/cuda/include/sm_32_intrinsics.h:96:57: note: in expansion of macro '__DEF_IF_HOST'
   96 | __SM_32_INTRINSICS_DECL__ char4 __ldg(const char4 *ptr) __DEF_IF_HOST
      |                                                         ^~~~~~~~~~~~~
/usr/local/cuda/include/sm_32_intrinsics.h: In function 'short2 __ldg(const short2*)':
/usr/local/cuda/include/sm_32_intrinsics.h:74:25: warning: no return statement in function returning non-void [-Wreturn-type]
   74 | #define __DEF_IF_HOST { }
      |                         ^
/usr/local/cuda/include/sm_32_intrinsics.h:97:59: note: in expansion of macro '__DEF_IF_HOST'
   97 | __SM_32_INTRINSICS_DECL__ short2 __ldg(const short2 *ptr) __DEF_IF_HOST
      |                                                           ^~~~~~~~~~~~~
/usr/local/cuda/include/sm_32_intrinsics.h: In function 'short4 __ldg(const short4*)':
/usr/local/cuda/include/sm_32_intrinsics.h:74:25: warning: no return statement in function returning non-void [-Wreturn-type]
   74 | #define __DEF_IF_HOST { }
      |                         ^
/usr/local/cuda/include/sm_32_intrinsics.h:98:59: note: in expansion of macro '__DEF_IF_HOST'
   98 | __SM_32_INTRINSICS_DECL__ short4 __ldg(const short4 *ptr) __DEF_IF_HOST
      |                                                           ^~~~~~~~~~~~~
/usr/local/cuda/include/sm_32_intrinsics.h: In function 'int2 __ldg(const int2*)':
/usr/local/cuda/include/sm_32_intrinsics.h:74:25: warning: no return statement in function returning non-void [-Wreturn-type]
   74 | #define __DEF_IF_HOST { }
      |                         ^
/usr/local/cuda/include/sm_32_intrinsics.h:99:55: note: in expansion of macro '__DEF_IF_HOST'
   99 | __SM_32_INTRINSICS_DECL__ int2 __ldg(const int2 *ptr) __DEF_IF_HOST
      |                                                       ^~~~~~~~~~~~~
/usr/local/cuda/include/sm_32_intrinsics.h: In function 'int4 __ldg(const int4*)':
/usr/local/cuda/include/sm_32_intrinsics.h:74:25: warning: no return statement in function returning non-void [-Wreturn-type]
   74 | #define __DEF_IF_HOST { }
      |                         ^
/usr/local/cuda/include/sm_32_intrinsics.h:100:55: note: in expansion of macro '__DEF_IF_HOST'
  100 | __SM_32_INTRINSICS_DECL__ int4 __ldg(const int4 *ptr) __DEF_IF_HOST
      |                                                       ^~~~~~~~~~~~~
/usr/local/cuda/include/sm_32_intrinsics.h: In function 'longlong2 __ldg(const longlong2*)':
/usr/local/cuda/include/sm_32_intrinsics.h:74:25: warning: no return statement in function returning non-void [-Wreturn-type]
   74 | #define __DEF_IF_HOST { }
      |                         ^
/usr/local/cuda/include/sm_32_intrinsics.h:101:65: note: in expansion of macro '__DEF_IF_HOST'
  101 | __SM_32_INTRINSICS_DECL__ longlong2 __ldg(const longlong2 *ptr) __DEF_IF_HOST
      |                                                                 ^~~~~~~~~~~~~
/usr/local/cuda/include/sm_32_intrinsics.h: In function 'unsigned char __ldg(const unsigned char*)':
/usr/local/cuda/include/sm_32_intrinsics.h:74:25: warning: no return statement in function returning non-void [-Wreturn-type]
   74 | #define __DEF_IF_HOST { }
      |                         ^
/usr/local/cuda/include/sm_32_intrinsics.h:103:73: note: in expansion of macro '__DEF_IF_HOST'
  103 | __SM_32_INTRINSICS_DECL__ unsigned char __ldg(const unsigned char *ptr) __DEF_IF_HOST
      |                                                                         ^~~~~~~~~~~~~
/usr/local/cuda/include/sm_32_intrinsics.h: In function 'short unsigned int __ldg(const short unsigned int*)':
/usr/local/cuda/include/sm_32_intrinsics.h:74:25: warning: no return statement in function returning non-void [-Wreturn-type]
   74 | #define __DEF_IF_HOST { }
      |                         ^
/usr/local/cuda/include/sm_32_intrinsics.h:104:75: note: in expansion of macro '__DEF_IF_HOST'
  104 | __SM_32_INTRINSICS_DECL__ unsigned short __ldg(const unsigned short *ptr) __DEF_IF_HOST
      |                                                                           ^~~~~~~~~~~~~
/usr/local/cuda/include/sm_32_intrinsics.h: In function 'unsigned int __ldg(const unsigned int*)':
/usr/local/cuda/include/sm_32_intrinsics.h:74:25: warning: no return statement in function returning non-void [-Wreturn-type]
   74 | #define __DEF_IF_HOST { }
      |                         ^
/usr/local/cuda/include/sm_32_intrinsics.h:105:71: note: in expansion of macro '__DEF_IF_HOST'
  105 | __SM_32_INTRINSICS_DECL__ unsigned int __ldg(const unsigned int *ptr) __DEF_IF_HOST
      |                                                                       ^~~~~~~~~~~~~
/usr/local/cuda/include/sm_32_intrinsics.h: In function 'long long unsigned int __ldg(const long long unsigned int*)':
/usr/local/cuda/include/sm_32_intrinsics.h:74:25: warning: no return statement in function returning non-void [-Wreturn-type]
   74 | #define __DEF_IF_HOST { }
      |                         ^
/usr/local/cuda/include/sm_32_intrinsics.h:106:83: note: in expansion of macro '__DEF_IF_HOST'
  106 | __SM_32_INTRINSICS_DECL__ unsigned long long __ldg(const unsigned long long *ptr) __DEF_IF_HOST
      |                                                                                   ^~~~~~~~~~~~~
/usr/local/cuda/include/sm_32_intrinsics.h: In function 'uchar2 __ldg(const uchar2*)':
/usr/local/cuda/include/sm_32_intrinsics.h:74:25: warning: no return statement in function returning non-void [-Wreturn-type]
   74 | #define __DEF_IF_HOST { }
      |                         ^
/usr/local/cuda/include/sm_32_intrinsics.h:107:59: note: in expansion of macro '__DEF_IF_HOST'
  107 | __SM_32_INTRINSICS_DECL__ uchar2 __ldg(const uchar2 *ptr) __DEF_IF_HOST
      |                                                           ^~~~~~~~~~~~~
/usr/local/cuda/include/sm_32_intrinsics.h: In function 'uchar4 __ldg(const uchar4*)':
/usr/local/cuda/include/sm_32_intrinsics.h:74:25: warning: no return statement in function returning non-void [-Wreturn-type]
   74 | #define __DEF_IF_HOST { }
      |                         ^
/usr/local/cuda/include/sm_32_intrinsics.h:108:59: note: in expansion of macro '__DEF_IF_HOST'
  108 | __SM_32_INTRINSICS_DECL__ uchar4 __ldg(const uchar4 *ptr) __DEF_IF_HOST
      |                                                           ^~~~~~~~~~~~~
/usr/local/cuda/include/sm_32_intrinsics.h: In function 'ushort2 __ldg(const ushort2*)':
/usr/local/cuda/include/sm_32_intrinsics.h:74:25: warning: no return statement in function returning non-void [-Wreturn-type]
   74 | #define __DEF_IF_HOST { }
      |                         ^
/usr/local/cuda/include/sm_32_intrinsics.h:109:61: note: in expansion of macro '__DEF_IF_HOST'
  109 | __SM_32_INTRINSICS_DECL__ ushort2 __ldg(const ushort2 *ptr) __DEF_IF_HOST
      |                                                             ^~~~~~~~~~~~~
/usr/local/cuda/include/sm_32_intrinsics.h: In function 'ushort4 __ldg(const ushort4*)':
/usr/local/cuda/include/sm_32_intrinsics.h:74:25: warning: no return statement in function returning non-void [-Wreturn-type]
   74 | #define __DEF_IF_HOST { }
      |                         ^
/usr/local/cuda/include/sm_32_intrinsics.h:110:61: note: in expansion of macro '__DEF_IF_HOST'
  110 | __SM_32_INTRINSICS_DECL__ ushort4 __ldg(const ushort4 *ptr) __DEF_IF_HOST
      |                                                             ^~~~~~~~~~~~~
/usr/local/cuda/include/sm_32_intrinsics.h: In function 'uint2 __ldg(const uint2*)':
/usr/local/cuda/include/sm_32_intrinsics.h:74:25: warning: no return statement in function returning non-void [-Wreturn-type]
   74 | #define __DEF_IF_HOST { }
      |                         ^
/usr/local/cuda/include/sm_32_intrinsics.h:111:57: note: in expansion of macro '__DEF_IF_HOST'
  111 | __SM_32_INTRINSICS_DECL__ uint2 __ldg(const uint2 *ptr) __DEF_IF_HOST
      |                                                         ^~~~~~~~~~~~~
/usr/local/cuda/include/sm_32_intrinsics.h: In function 'uint4 __ldg(const uint4*)':
/usr/local/cuda/include/sm_32_intrinsics.h:74:25: warning: no return statement in function returning non-void [-Wreturn-type]
   74 | #define __DEF_IF_HOST { }
      |                         ^
/usr/local/cuda/include/sm_32_intrinsics.h:112:57: note: in expansion of macro '__DEF_IF_HOST'
  112 | __SM_32_INTRINSICS_DECL__ uint4 __ldg(const uint4 *ptr) __DEF_IF_HOST
      |                                                         ^~~~~~~~~~~~~
/usr/local/cuda/include/sm_32_intrinsics.h: In function 'ulonglong2 __ldg(const ulonglong2*)':
/usr/local/cuda/include/sm_32_intrinsics.h:74:25: warning: no return statement in function returning non-void [-Wreturn-type]
   74 | #define __DEF_IF_HOST { }
      |                         ^
/usr/local/cuda/include/sm_32_intrinsics.h:113:67: note: in expansion of macro '__DEF_IF_HOST'
  113 | __SM_32_INTRINSICS_DECL__ ulonglong2 __ldg(const ulonglong2 *ptr) __DEF_IF_HOST
      |                                                                   ^~~~~~~~~~~~~
/usr/local/cuda/include/sm_32_intrinsics.h: In function 'float __ldg(const float*)':
/usr/local/cuda/include/sm_32_intrinsics.h:74:25: warning: no return statement in function returning non-void [-Wreturn-type]
   74 | #define __DEF_IF_HOST { }
      |                         ^
/usr/local/cuda/include/sm_32_intrinsics.h:115:57: note: in expansion of macro '__DEF_IF_HOST'
  115 | __SM_32_INTRINSICS_DECL__ float __ldg(const float *ptr) __DEF_IF_HOST
      |                                                         ^~~~~~~~~~~~~
/usr/local/cuda/include/sm_32_intrinsics.h: In function 'double __ldg(const double*)':
/usr/local/cuda/include/sm_32_intrinsics.h:74:25: warning: no return statement in function returning non-void [-Wreturn-type]
   74 | #define __DEF_IF_HOST { }
      |                         ^
/usr/local/cuda/include/sm_32_intrinsics.h:116:59: note: in expansion of macro '__DEF_IF_HOST'
  116 | __SM_32_INTRINSICS_DECL__ double __ldg(const double *ptr) __DEF_IF_HOST
      |                                                           ^~~~~~~~~~~~~
/usr/local/cuda/include/sm_32_intrinsics.h: In function 'float2 __ldg(const float2*)':
/usr/local/cuda/include/sm_32_intrinsics.h:74:25: warning: no return statement in function returning non-void [-Wreturn-type]
   74 | #define __DEF_IF_HOST { }
      |                         ^
/usr/local/cuda/include/sm_32_intrinsics.h:117:59: note: in expansion of macro '__DEF_IF_HOST'
  117 | __SM_32_INTRINSICS_DECL__ float2 __ldg(const float2 *ptr) __DEF_IF_HOST
      |                                                           ^~~~~~~~~~~~~
/usr/local/cuda/include/sm_32_intrinsics.h: In function 'float4 __ldg(const float4*)':
/usr/local/cuda/include/sm_32_intrinsics.h:74:25: warning: no return statement in function returning non-void [-Wreturn-type]
   74 | #define __DEF_IF_HOST { }
      |                         ^
/usr/local/cuda/include/sm_32_intrinsics.h:118:59: note: in expansion of macro '__DEF_IF_HOST'
  118 | __SM_32_INTRINSICS_DECL__ float4 __ldg(const float4 *ptr) __DEF_IF_HOST
      |                                                           ^~~~~~~~~~~~~
/usr/local/cuda/include/sm_32_intrinsics.h: In function 'double2 __ldg(const double2*)':
/usr/local/cuda/include/sm_32_intrinsics.h:74:25: warning: no return statement in function returning non-void [-Wreturn-type]
   74 | #define __DEF_IF_HOST { }
      |                         ^
/usr/local/cuda/include/sm_32_intrinsics.h:119:61: note: in expansion of macro '__DEF_IF_HOST'
  119 | __SM_32_INTRINSICS_DECL__ double2 __ldg(const double2 *ptr) __DEF_IF_HOST
      |                                                             ^~~~~~~~~~~~~
/usr/local/cuda/include/sm_32_intrinsics.h: In function 'long int __ldcg(const long int*)':
/usr/local/cuda/include/sm_32_intrinsics.h:74:25: warning: no return statement in function returning non-void [-Wreturn-type]
   74 | #define __DEF_IF_HOST { }
      |                         ^
/usr/local/cuda/include/sm_32_intrinsics.h:123:56: note: in expansion of macro '__DEF_IF_HOST'
  123 | __SM_32_INTRINSICS_DECL__ long __ldcg(const long *ptr) __DEF_IF_HOST
      |                                                        ^~~~~~~~~~~~~
/usr/local/cuda/include/sm_32_intrinsics.h: In function 'long unsigned int __ldcg(const long unsigned int*)':
/usr/local/cuda/include/sm_32_intrinsics.h:74:25: warning: no return statement in function returning non-void [-Wreturn-type]
   74 | #define __DEF_IF_HOST { }
      |                         ^
/usr/local/cuda/include/sm_32_intrinsics.h:124:74: note: in expansion of macro '__DEF_IF_HOST'
  124 | __SM_32_INTRINSICS_DECL__ unsigned long __ldcg(const unsigned long *ptr) __DEF_IF_HOST
      |                                                                          ^~~~~~~~~~~~~
/usr/local/cuda/include/sm_32_intrinsics.h: In function 'char __ldcg(const char*)':
/usr/local/cuda/include/sm_32_intrinsics.h:74:25: warning: no return statement in function returning non-void [-Wreturn-type]
   74 | #define __DEF_IF_HOST { }
      |                         ^
/usr/local/cuda/include/sm_32_intrinsics.h:126:56: note: in expansion of macro '__DEF_IF_HOST'
  126 | __SM_32_INTRINSICS_DECL__ char __ldcg(const char *ptr) __DEF_IF_HOST
      |                                                        ^~~~~~~~~~~~~
/usr/local/cuda/include/sm_32_intrinsics.h: In function 'signed char __ldcg(const signed char*)':
/usr/local/cuda/include/sm_32_intrinsics.h:74:25: warning: no return statement in function returning non-void [-Wreturn-type]
   74 | #define __DEF_IF_HOST { }
      |                         ^
/usr/local/cuda/include/sm_32_intrinsics.h:127:70: note: in expansion of macro '__DEF_IF_HOST'
  127 | __SM_32_INTRINSICS_DECL__ signed char __ldcg(const signed char *ptr) __DEF_IF_HOST
      |                                                                      ^~~~~~~~~~~~~
/usr/local/cuda/include/sm_32_intrinsics.h: In function 'short int __ldcg(const short int*)':
/usr/local/cuda/include/sm_32_intrinsics.h:74:25: warning: no return statement in function returning non-void [-Wreturn-type]
   74 | #define __DEF_IF_HOST { }
      |                         ^
/usr/local/cuda/include/sm_32_intrinsics.h:128:58: note: in expansion of macro '__DEF_IF_HOST'
  128 | __SM_32_INTRINSICS_DECL__ short __ldcg(const short *ptr) __DEF_IF_HOST
      |                                                          ^~~~~~~~~~~~~
/usr/local/cuda/include/sm_32_intrinsics.h: In function 'int __ldcg(const int*)':
/usr/local/cuda/include/sm_32_intrinsics.h:74:25: warning: no return statement in function returning non-void [-Wreturn-type]
   74 | #define __DEF_IF_HOST { }
      |                         ^
/usr/local/cuda/include/sm_32_intrinsics.h:129:54: note: in expansion of macro '__DEF_IF_HOST'
  129 | __SM_32_INTRINSICS_DECL__ int __ldcg(const int *ptr) __DEF_IF_HOST
      |                                                      ^~~~~~~~~~~~~
/usr/local/cuda/include/sm_32_intrinsics.h: In function 'long long int __ldcg(const long long int*)':
/usr/local/cuda/include/sm_32_intrinsics.h:74:25: warning: no return statement in function returning non-void [-Wreturn-type]
   74 | #define __DEF_IF_HOST { }
      |                         ^
/usr/local/cuda/include/sm_32_intrinsics.h:130:66: note: in expansion of macro '__DEF_IF_HOST'
  130 | __SM_32_INTRINSICS_DECL__ long long __ldcg(const long long *ptr) __DEF_IF_HOST
      |                                                                  ^~~~~~~~~~~~~
/usr/local/cuda/include/sm_32_intrinsics.h: In function 'char2 __ldcg(const char2*)':
/usr/local/cuda/include/sm_32_intrinsics.h:74:25: warning: no return statement in function returning non-void [-Wreturn-type]
   74 | #define __DEF_IF_HOST { }
      |                         ^
/usr/local/cuda/include/sm_32_intrinsics.h:131:58: note: in expansion of macro '__DEF_IF_HOST'
  131 | __SM_32_INTRINSICS_DECL__ char2 __ldcg(const char2 *ptr) __DEF_IF_HOST
      |                                                          ^~~~~~~~~~~~~
/usr/local/cuda/include/sm_32_intrinsics.h: In function 'char4 __ldcg(const char4*)':
/usr/local/cuda/include/sm_32_intrinsics.h:74:25: warning: no return statement in function returning non-void [-Wreturn-type]
   74 | #define __DEF_IF_HOST { }
      |                         ^
/usr/local/cuda/include/sm_32_intrinsics.h:132:58: note: in expansion of macro '__DEF_IF_HOST'
  132 | __SM_32_INTRINSICS_DECL__ char4 __ldcg(const char4 *ptr) __DEF_IF_HOST
      |                                                          ^~~~~~~~~~~~~
/usr/local/cuda/include/sm_32_intrinsics.h: In function 'short2 __ldcg(const short2*)':
/usr/local/cuda/include/sm_32_intrinsics.h:74:25: warning: no return statement in function returning non-void [-Wreturn-type]
   74 | #define __DEF_IF_HOST { }
      |                         ^
/usr/local/cuda/include/sm_32_intrinsics.h:133:60: note: in expansion of macro '__DEF_IF_HOST'
  133 | __SM_32_INTRINSICS_DECL__ short2 __ldcg(const short2 *ptr) __DEF_IF_HOST
      |                                                            ^~~~~~~~~~~~~
/usr/local/cuda/include/sm_32_intrinsics.h: In function 'short4 __ldcg(const short4*)':
/usr/local/cuda/include/sm_32_intrinsics.h:74:25: warning: no return statement in function returning non-void [-Wreturn-type]
   74 | #define __DEF_IF_HOST { }
      |                         ^
/usr/local/cuda/include/sm_32_intrinsics.h:134:60: note: in expansion of macro '__DEF_IF_HOST'
  134 | __SM_32_INTRINSICS_DECL__ short4 __ldcg(const short4 *ptr) __DEF_IF_HOST
      |                                                            ^~~~~~~~~~~~~
/usr/local/cuda/include/sm_32_intrinsics.h: In function 'int2 __ldcg(const int2*)':
/usr/local/cuda/include/sm_32_intrinsics.h:74:25: warning: no return statement in function returning non-void [-Wreturn-type]
   74 | #define __DEF_IF_HOST { }
      |                         ^
/usr/local/cuda/include/sm_32_intrinsics.h:135:56: note: in expansion of macro '__DEF_IF_HOST'
  135 | __SM_32_INTRINSICS_DECL__ int2 __ldcg(const int2 *ptr) __DEF_IF_HOST
      |                                                        ^~~~~~~~~~~~~
/usr/local/cuda/include/sm_32_intrinsics.h: In function 'int4 __ldcg(const int4*)':
/usr/local/cuda/include/sm_32_intrinsics.h:74:25: warning: no return statement in function returning non-void [-Wreturn-type]
   74 | #define __DEF_IF_HOST { }
      |                         ^
/usr/local/cuda/include/sm_32_intrinsics.h:136:56: note: in expansion of macro '__DEF_IF_HOST'
  136 | __SM_32_INTRINSICS_DECL__ int4 __ldcg(const int4 *ptr) __DEF_IF_HOST
      |                                                        ^~~~~~~~~~~~~
/usr/local/cuda/include/sm_32_intrinsics.h: In function 'longlong2 __ldcg(const longlong2*)':
/usr/local/cuda/include/sm_32_intrinsics.h:74:25: warning: no return statement in function returning non-void [-Wreturn-type]
   74 | #define __DEF_IF_HOST { }
      |                         ^
/usr/local/cuda/include/sm_32_intrinsics.h:137:66: note: in expansion of macro '__DEF_IF_HOST'
  137 | __SM_32_INTRINSICS_DECL__ longlong2 __ldcg(const longlong2 *ptr) __DEF_IF_HOST
      |                                                                  ^~~~~~~~~~~~~
/usr/local/cuda/include/sm_32_intrinsics.h: In function 'unsigned char __ldcg(const unsigned char*)':
/usr/local/cuda/include/sm_32_intrinsics.h:74:25: warning: no return statement in function returning non-void [-Wreturn-type]
   74 | #define __DEF_IF_HOST { }
      |                         ^
/usr/local/cuda/include/sm_32_intrinsics.h:139:74: note: in expansion of macro '__DEF_IF_HOST'
  139 | __SM_32_INTRINSICS_DECL__ unsigned char __ldcg(const unsigned char *ptr) __DEF_IF_HOST
      |                                                                          ^~~~~~~~~~~~~
/usr/local/cuda/include/sm_32_intrinsics.h: In function 'short unsigned int __ldcg(const short unsigned int*)':
/usr/local/cuda/include/sm_32_intrinsics.h:74:25: warning: no return statement in function returning non-void [-Wreturn-type]
   74 | #define __DEF_IF_HOST { }
      |                         ^
/usr/local/cuda/include/sm_32_intrinsics.h:140:76: note: in expansion of macro '__DEF_IF_HOST'
  140 | __SM_32_INTRINSICS_DECL__ unsigned short __ldcg(const unsigned short *ptr) __DEF_IF_HOST
      |                                                                            ^~~~~~~~~~~~~
/usr/local/cuda/include/sm_32_intrinsics.h: In function 'unsigned int __ldcg(const unsigned int*)':
/usr/local/cuda/include/sm_32_intrinsics.h:74:25: warning: no return statement in function returning non-void [-Wreturn-type]
   74 | #define __DEF_IF_HOST { }
      |                         ^
/usr/local/cuda/include/sm_32_intrinsics.h:141:72: note: in expansion of macro '__DEF_IF_HOST'
  141 | __SM_32_INTRINSICS_DECL__ unsigned int __ldcg(const unsigned int *ptr) __DEF_IF_HOST
      |                                                                        ^~~~~~~~~~~~~
/usr/local/cuda/include/sm_32_intrinsics.h: In function 'long long unsigned int __ldcg(const long long unsigned int*)':
/usr/local/cuda/include/sm_32_intrinsics.h:74:25: warning: no return statement in function returning non-void [-Wreturn-type]
   74 | #define __DEF_IF_HOST { }
      |                         ^
/usr/local/cuda/include/sm_32_intrinsics.h:142:84: note: in expansion of macro '__DEF_IF_HOST'
  142 | __SM_32_INTRINSICS_DECL__ unsigned long long __ldcg(const unsigned long long *ptr) __DEF_IF_HOST
      |                                                                                    ^~~~~~~~~~~~~
/usr/local/cuda/include/sm_32_intrinsics.h: In function 'uchar2 __ldcg(const uchar2*)':
/usr/local/cuda/include/sm_32_intrinsics.h:74:25: warning: no return statement in function returning non-void [-Wreturn-type]
   74 | #define __DEF_IF_HOST { }
      |                         ^
/usr/local/cuda/include/sm_32_intrinsics.h:143:60: note: in expansion of macro '__DEF_IF_HOST'
  143 | __SM_32_INTRINSICS_DECL__ uchar2 __ldcg(const uchar2 *ptr) __DEF_IF_HOST
      |                                                            ^~~~~~~~~~~~~
/usr/local/cuda/include/sm_32_intrinsics.h: In function 'uchar4 __ldcg(const uchar4*)':
/usr/local/cuda/include/sm_32_intrinsics.h:74:25: warning: no return statement in function returning non-void [-Wreturn-type]
   74 | #define __DEF_IF_HOST { }
      |                         ^
/usr/local/cuda/include/sm_32_intrinsics.h:144:60: note: in expansion of macro '__DEF_IF_HOST'
  144 | __SM_32_INTRINSICS_DECL__ uchar4 __ldcg(const uchar4 *ptr) __DEF_IF_HOST
      |                                                            ^~~~~~~~~~~~~
/usr/local/cuda/include/sm_32_intrinsics.h: In function 'ushort2 __ldcg(const ushort2*)':
/usr/local/cuda/include/sm_32_intrinsics.h:74:25: warning: no return statement in function returning non-void [-Wreturn-type]
   74 | #define __DEF_IF_HOST { }
      |                         ^
/usr/local/cuda/include/sm_32_intrinsics.h:145:62: note: in expansion of macro '__DEF_IF_HOST'
  145 | __SM_32_INTRINSICS_DECL__ ushort2 __ldcg(const ushort2 *ptr) __DEF_IF_HOST
      |                                                              ^~~~~~~~~~~~~
/usr/local/cuda/include/sm_32_intrinsics.h: In function 'ushort4 __ldcg(const ushort4*)':
/usr/local/cuda/include/sm_32_intrinsics.h:74:25: warning: no return statement in function returning non-void [-Wreturn-type]
   74 | #define __DEF_IF_HOST { }
      |                         ^
/usr/local/cuda/include/sm_32_intrinsics.h:146:62: note: in expansion of macro '__DEF_IF_HOST'
  146 | __SM_32_INTRINSICS_DECL__ ushort4 __ldcg(const ushort4 *ptr) __DEF_IF_HOST
      |                                                              ^~~~~~~~~~~~~
/usr/local/cuda/include/sm_32_intrinsics.h: In function 'uint2 __ldcg(const uint2*)':
/usr/local/cuda/include/sm_32_intrinsics.h:74:25: warning: no return statement in function returning non-void [-Wreturn-type]
   74 | #define __DEF_IF_HOST { }
      |                         ^
/usr/local/cuda/include/sm_32_intrinsics.h:147:58: note: in expansion of macro '__DEF_IF_HOST'
  147 | __SM_32_INTRINSICS_DECL__ uint2 __ldcg(const uint2 *ptr) __DEF_IF_HOST
      |                                                          ^~~~~~~~~~~~~
/usr/local/cuda/include/sm_32_intrinsics.h: In function 'uint4 __ldcg(const uint4*)':
/usr/local/cuda/include/sm_32_intrinsics.h:74:25: warning: no return statement in function returning non-void [-Wreturn-type]
   74 | #define __DEF_IF_HOST { }
      |                         ^
/usr/local/cuda/include/sm_32_intrinsics.h:148:58: note: in expansion of macro '__DEF_IF_HOST'
  148 | __SM_32_INTRINSICS_DECL__ uint4 __ldcg(const uint4 *ptr) __DEF_IF_HOST
      |                                                          ^~~~~~~~~~~~~
/usr/local/cuda/include/sm_32_intrinsics.h: In function 'ulonglong2 __ldcg(const ulonglong2*)':
/usr/local/cuda/include/sm_32_intrinsics.h:74:25: warning: no return statement in function returning non-void [-Wreturn-type]
   74 | #define __DEF_IF_HOST { }
      |                         ^
/usr/local/cuda/include/sm_32_intrinsics.h:149:68: note: in expansion of macro '__DEF_IF_HOST'
  149 | __SM_32_INTRINSICS_DECL__ ulonglong2 __ldcg(const ulonglong2 *ptr) __DEF_IF_HOST
      |                                                                    ^~~~~~~~~~~~~
/usr/local/cuda/include/sm_32_intrinsics.h: In function 'float __ldcg(const float*)':
/usr/local/cuda/include/sm_32_intrinsics.h:74:25: warning: no return statement in function returning non-void [-Wreturn-type]
   74 | #define __DEF_IF_HOST { }
      |                         ^
/usr/local/cuda/include/sm_32_intrinsics.h:151:58: note: in expansion of macro '__DEF_IF_HOST'
  151 | __SM_32_INTRINSICS_DECL__ float __ldcg(const float *ptr) __DEF_IF_HOST
      |                                                          ^~~~~~~~~~~~~
/usr/local/cuda/include/sm_32_intrinsics.h: In function 'double __ldcg(const double*)':
/usr/local/cuda/include/sm_32_intrinsics.h:74:25: warning: no return statement in function returning non-void [-Wreturn-type]
   74 | #define __DEF_IF_HOST { }
      |                         ^
/usr/local/cuda/include/sm_32_intrinsics.h:152:60: note: in expansion of macro '__DEF_IF_HOST'
  152 | __SM_32_INTRINSICS_DECL__ double __ldcg(const double *ptr) __DEF_IF_HOST
      |                                                            ^~~~~~~~~~~~~
/usr/local/cuda/include/sm_32_intrinsics.h: In function 'float2 __ldcg(const float2*)':
/usr/local/cuda/include/sm_32_intrinsics.h:74:25: warning: no return statement in function returning non-void [-Wreturn-type]
   74 | #define __DEF_IF_HOST { }
      |                         ^
/usr/local/cuda/include/sm_32_intrinsics.h:153:60: note: in expansion of macro '__DEF_IF_HOST'
  153 | __SM_32_INTRINSICS_DECL__ float2 __ldcg(const float2 *ptr) __DEF_IF_HOST
      |                                                            ^~~~~~~~~~~~~
/usr/local/cuda/include/sm_32_intrinsics.h: In function 'float4 __ldcg(const float4*)':
/usr/local/cuda/include/sm_32_intrinsics.h:74:25: warning: no return statement in function returning non-void [-Wreturn-type]
   74 | #define __DEF_IF_HOST { }
      |                         ^
/usr/local/cuda/include/sm_32_intrinsics.h:154:60: note: in expansion of macro '__DEF_IF_HOST'
  154 | __SM_32_INTRINSICS_DECL__ float4 __ldcg(const float4 *ptr) __DEF_IF_HOST
      |                                                            ^~~~~~~~~~~~~
/usr/local/cuda/include/sm_32_intrinsics.h: In function 'double2 __ldcg(const double2*)':
/usr/local/cuda/include/sm_32_intrinsics.h:74:25: warning: no return statement in function returning non-void [-Wreturn-type]
   74 | #define __DEF_IF_HOST { }
      |                         ^
/usr/local/cuda/include/sm_32_intrinsics.h:155:62: note: in expansion of macro '__DEF_IF_HOST'
  155 | __SM_32_INTRINSICS_DECL__ double2 __ldcg(const double2 *ptr) __DEF_IF_HOST
      |                                                              ^~~~~~~~~~~~~
/usr/local/cuda/include/sm_32_intrinsics.h: In function 'long int __ldca(const long int*)':
/usr/local/cuda/include/sm_32_intrinsics.h:74:25: warning: no return statement in function returning non-void [-Wreturn-type]
   74 | #define __DEF_IF_HOST { }
      |                         ^
/usr/local/cuda/include/sm_32_intrinsics.h:159:56: note: in expansion of macro '__DEF_IF_HOST'
  159 | __SM_32_INTRINSICS_DECL__ long __ldca(const long *ptr) __DEF_IF_HOST
      |                                                        ^~~~~~~~~~~~~
/usr/local/cuda/include/sm_32_intrinsics.h: In function 'long unsigned int __ldca(const long unsigned int*)':
/usr/local/cuda/include/sm_32_intrinsics.h:74:25: warning: no return statement in function returning non-void [-Wreturn-type]
   74 | #define __DEF_IF_HOST { }
      |                         ^
/usr/local/cuda/include/sm_32_intrinsics.h:160:74: note: in expansion of macro '__DEF_IF_HOST'
  160 | __SM_32_INTRINSICS_DECL__ unsigned long __ldca(const unsigned long *ptr) __DEF_IF_HOST
      |                                                                          ^~~~~~~~~~~~~
/usr/local/cuda/include/sm_32_intrinsics.h: In function 'char __ldca(const char*)':
/usr/local/cuda/include/sm_32_intrinsics.h:74:25: warning: no return statement in function returning non-void [-Wreturn-type]
   74 | #define __DEF_IF_HOST { }
      |                         ^
/usr/local/cuda/include/sm_32_intrinsics.h:162:56: note: in expansion of macro '__DEF_IF_HOST'
  162 | __SM_32_INTRINSICS_DECL__ char __ldca(const char *ptr) __DEF_IF_HOST
      |                                                        ^~~~~~~~~~~~~
/usr/local/cuda/include/sm_32_intrinsics.h: In function 'signed char __ldca(const signed char*)':
/usr/local/cuda/include/sm_32_intrinsics.h:74:25: warning: no return statement in function returning non-void [-Wreturn-type]
   74 | #define __DEF_IF_HOST { }
      |                         ^
/usr/local/cuda/include/sm_32_intrinsics.h:163:70: note: in expansion of macro '__DEF_IF_HOST'
  163 | __SM_32_INTRINSICS_DECL__ signed char __ldca(const signed char *ptr) __DEF_IF_HOST
      |                                                                      ^~~~~~~~~~~~~
/usr/local/cuda/include/sm_32_intrinsics.h: In function 'short int __ldca(const short int*)':
/usr/local/cuda/include/sm_32_intrinsics.h:74:25: warning: no return statement in function returning non-void [-Wreturn-type]
   74 | #define __DEF_IF_HOST { }
      |                         ^
/usr/local/cuda/include/sm_32_intrinsics.h:164:58: note: in expansion of macro '__DEF_IF_HOST'
  164 | __SM_32_INTRINSICS_DECL__ short __ldca(const short *ptr) __DEF_IF_HOST
      |                                                          ^~~~~~~~~~~~~
/usr/local/cuda/include/sm_32_intrinsics.h: In function 'int __ldca(const int*)':
/usr/local/cuda/include/sm_32_intrinsics.h:74:25: warning: no return statement in function returning non-void [-Wreturn-type]
   74 | #define __DEF_IF_HOST { }
      |                         ^
/usr/local/cuda/include/sm_32_intrinsics.h:165:54: note: in expansion of macro '__DEF_IF_HOST'
  165 | __SM_32_INTRINSICS_DECL__ int __ldca(const int *ptr) __DEF_IF_HOST
      |                                                      ^~~~~~~~~~~~~
/usr/local/cuda/include/sm_32_intrinsics.h: In function 'long long int __ldca(const long long int*)':
/usr/local/cuda/include/sm_32_intrinsics.h:74:25: warning: no return statement in function returning non-void [-Wreturn-type]
   74 | #define __DEF_IF_HOST { }
      |                         ^
/usr/local/cuda/include/sm_32_intrinsics.h:166:66: note: in expansion of macro '__DEF_IF_HOST'
  166 | __SM_32_INTRINSICS_DECL__ long long __ldca(const long long *ptr) __DEF_IF_HOST
      |                                                                  ^~~~~~~~~~~~~
/usr/local/cuda/include/sm_32_intrinsics.h: In function 'char2 __ldca(const char2*)':
/usr/local/cuda/include/sm_32_intrinsics.h:74:25: warning: no return statement in function returning non-void [-Wreturn-type]
   74 | #define __DEF_IF_HOST { }
      |                         ^
/usr/local/cuda/include/sm_32_intrinsics.h:167:58: note: in expansion of macro '__DEF_IF_HOST'
  167 | __SM_32_INTRINSICS_DECL__ char2 __ldca(const char2 *ptr) __DEF_IF_HOST
      |                                                          ^~~~~~~~~~~~~
/usr/local/cuda/include/sm_32_intrinsics.h: In function 'char4 __ldca(const char4*)':
/usr/local/cuda/include/sm_32_intrinsics.h:74:25: warning: no return statement in function returning non-void [-Wreturn-type]
   74 | #define __DEF_IF_HOST { }
      |                         ^
/usr/local/cuda/include/sm_32_intrinsics.h:168:58: note: in expansion of macro '__DEF_IF_HOST'
  168 | __SM_32_INTRINSICS_DECL__ char4 __ldca(const char4 *ptr) __DEF_IF_HOST
      |                                                          ^~~~~~~~~~~~~
/usr/local/cuda/include/sm_32_intrinsics.h: In function 'short2 __ldca(const short2*)':
/usr/local/cuda/include/sm_32_intrinsics.h:74:25: warning: no return statement in function returning non-void [-Wreturn-type]
   74 | #define __DEF_IF_HOST { }
      |                         ^
/usr/local/cuda/include/sm_32_intrinsics.h:169:60: note: in expansion of macro '__DEF_IF_HOST'
  169 | __SM_32_INTRINSICS_DECL__ short2 __ldca(const short2 *ptr) __DEF_IF_HOST
      |                                                            ^~~~~~~~~~~~~
/usr/local/cuda/include/sm_32_intrinsics.h: In function 'short4 __ldca(const short4*)':
/usr/local/cuda/include/sm_32_intrinsics.h:74:25: warning: no return statement in function returning non-void [-Wreturn-type]
   74 | #define __DEF_IF_HOST { }
      |                         ^
/usr/local/cuda/include/sm_32_intrinsics.h:170:60: note: in expansion of macro '__DEF_IF_HOST'
  170 | __SM_32_INTRINSICS_DECL__ short4 __ldca(const short4 *ptr) __DEF_IF_HOST
      |                                                            ^~~~~~~~~~~~~
/usr/local/cuda/include/sm_32_intrinsics.h: In function 'int2 __ldca(const int2*)':
/usr/local/cuda/include/sm_32_intrinsics.h:74:25: warning: no return statement in function returning non-void [-Wreturn-type]
   74 | #define __DEF_IF_HOST { }
      |                         ^
/usr/local/cuda/include/sm_32_intrinsics.h:171:56: note: in expansion of macro '__DEF_IF_HOST'
  171 | __SM_32_INTRINSICS_DECL__ int2 __ldca(const int2 *ptr) __DEF_IF_HOST
      |                                                        ^~~~~~~~~~~~~
/usr/local/cuda/include/sm_32_intrinsics.h: In function 'int4 __ldca(const int4*)':
/usr/local/cuda/include/sm_32_intrinsics.h:74:25: warning: no return statement in function returning non-void [-Wreturn-type]
   74 | #define __DEF_IF_HOST { }
      |                         ^
/usr/local/cuda/include/sm_32_intrinsics.h:172:56: note: in expansion of macro '__DEF_IF_HOST'
  172 | __SM_32_INTRINSICS_DECL__ int4 __ldca(const int4 *ptr) __DEF_IF_HOST
      |                                                        ^~~~~~~~~~~~~
/usr/local/cuda/include/sm_32_intrinsics.h: In function 'longlong2 __ldca(const longlong2*)':
/usr/local/cuda/include/sm_32_intrinsics.h:74:25: warning: no return statement in function returning non-void [-Wreturn-type]
   74 | #define __DEF_IF_HOST { }
      |                         ^
/usr/local/cuda/include/sm_32_intrinsics.h:173:66: note: in expansion of macro '__DEF_IF_HOST'
  173 | __SM_32_INTRINSICS_DECL__ longlong2 __ldca(const longlong2 *ptr) __DEF_IF_HOST
      |                                                                  ^~~~~~~~~~~~~
/usr/local/cuda/include/sm_32_intrinsics.h: In function 'unsigned char __ldca(const unsigned char*)':
/usr/local/cuda/include/sm_32_intrinsics.h:74:25: warning: no return statement in function returning non-void [-Wreturn-type]
   74 | #define __DEF_IF_HOST { }
      |                         ^
/usr/local/cuda/include/sm_32_intrinsics.h:175:74: note: in expansion of macro '__DEF_IF_HOST'
  175 | __SM_32_INTRINSICS_DECL__ unsigned char __ldca(const unsigned char *ptr) __DEF_IF_HOST
      |                                                                          ^~~~~~~~~~~~~
/usr/local/cuda/include/sm_32_intrinsics.h: In function 'short unsigned int __ldca(const short unsigned int*)':
/usr/local/cuda/include/sm_32_intrinsics.h:74:25: warning: no return statement in function returning non-void [-Wreturn-type]
   74 | #define __DEF_IF_HOST { }
      |                         ^
/usr/local/cuda/include/sm_32_intrinsics.h:176:76: note: in expansion of macro '__DEF_IF_HOST'
  176 | __SM_32_INTRINSICS_DECL__ unsigned short __ldca(const unsigned short *ptr) __DEF_IF_HOST
      |                                                                            ^~~~~~~~~~~~~
/usr/local/cuda/include/sm_32_intrinsics.h: In function 'unsigned int __ldca(const unsigned int*)':
/usr/local/cuda/include/sm_32_intrinsics.h:74:25: warning: no return statement in function returning non-void [-Wreturn-type]
   74 | #define __DEF_IF_HOST { }
      |                         ^
/usr/local/cuda/include/sm_32_intrinsics.h:177:72: note: in expansion of macro '__DEF_IF_HOST'
  177 | __SM_32_INTRINSICS_DECL__ unsigned int __ldca(const unsigned int *ptr) __DEF_IF_HOST
      |                                                                        ^~~~~~~~~~~~~
/usr/local/cuda/include/sm_32_intrinsics.h: In function 'long long unsigned int __ldca(const long long unsigned int*)':
/usr/local/cuda/include/sm_32_intrinsics.h:74:25: warning: no return statement in function returning non-void [-Wreturn-type]
   74 | #define __DEF_IF_HOST { }
      |                         ^
/usr/local/cuda/include/sm_32_intrinsics.h:178:84: note: in expansion of macro '__DEF_IF_HOST'
  178 | __SM_32_INTRINSICS_DECL__ unsigned long long __ldca(const unsigned long long *ptr) __DEF_IF_HOST
      |                                                                                    ^~~~~~~~~~~~~
/usr/local/cuda/include/sm_32_intrinsics.h: In function 'uchar2 __ldca(const uchar2*)':
/usr/local/cuda/include/sm_32_intrinsics.h:74:25: warning: no return statement in function returning non-void [-Wreturn-type]
   74 | #define __DEF_IF_HOST { }
      |                         ^
/usr/local/cuda/include/sm_32_intrinsics.h:179:60: note: in expansion of macro '__DEF_IF_HOST'
  179 | __SM_32_INTRINSICS_DECL__ uchar2 __ldca(const uchar2 *ptr) __DEF_IF_HOST
      |                                                            ^~~~~~~~~~~~~
/usr/local/cuda/include/sm_32_intrinsics.h: In function 'uchar4 __ldca(const uchar4*)':
/usr/local/cuda/include/sm_32_intrinsics.h:74:25: warning: no return statement in function returning non-void [-Wreturn-type]
   74 | #define __DEF_IF_HOST { }
      |                         ^
/usr/local/cuda/include/sm_32_intrinsics.h:180:60: note: in expansion of macro '__DEF_IF_HOST'
  180 | __SM_32_INTRINSICS_DECL__ uchar4 __ldca(const uchar4 *ptr) __DEF_IF_HOST
      |                                                            ^~~~~~~~~~~~~
/usr/local/cuda/include/sm_32_intrinsics.h: In function 'ushort2 __ldca(const ushort2*)':
/usr/local/cuda/include/sm_32_intrinsics.h:74:25: warning: no return statement in function returning non-void [-Wreturn-type]
   74 | #define __DEF_IF_HOST { }
      |                         ^
/usr/local/cuda/include/sm_32_intrinsics.h:181:62: note: in expansion of macro '__DEF_IF_HOST'
  181 | __SM_32_INTRINSICS_DECL__ ushort2 __ldca(const ushort2 *ptr) __DEF_IF_HOST
      |                                                              ^~~~~~~~~~~~~
/usr/local/cuda/include/sm_32_intrinsics.h: In function 'ushort4 __ldca(const ushort4*)':
/usr/local/cuda/include/sm_32_intrinsics.h:74:25: warning: no return statement in function returning non-void [-Wreturn-type]
   74 | #define __DEF_IF_HOST { }
      |                         ^
/usr/local/cuda/include/sm_32_intrinsics.h:182:62: note: in expansion of macro '__DEF_IF_HOST'
  182 | __SM_32_INTRINSICS_DECL__ ushort4 __ldca(const ushort4 *ptr) __DEF_IF_HOST
      |                                                              ^~~~~~~~~~~~~
/usr/local/cuda/include/sm_32_intrinsics.h: In function 'uint2 __ldca(const uint2*)':
/usr/local/cuda/include/sm_32_intrinsics.h:74:25: warning: no return statement in function returning non-void [-Wreturn-type]
   74 | #define __DEF_IF_HOST { }
      |                         ^
/usr/local/cuda/include/sm_32_intrinsics.h:183:58: note: in expansion of macro '__DEF_IF_HOST'
  183 | __SM_32_INTRINSICS_DECL__ uint2 __ldca(const uint2 *ptr) __DEF_IF_HOST
      |                                                          ^~~~~~~~~~~~~
/usr/local/cuda/include/sm_32_intrinsics.h: In function 'uint4 __ldca(const uint4*)':
/usr/local/cuda/include/sm_32_intrinsics.h:74:25: warning: no return statement in function returning non-void [-Wreturn-type]
   74 | #define __DEF_IF_HOST { }
      |                         ^
/usr/local/cuda/include/sm_32_intrinsics.h:184:58: note: in expansion of macro '__DEF_IF_HOST'
  184 | __SM_32_INTRINSICS_DECL__ uint4 __ldca(const uint4 *ptr) __DEF_IF_HOST
      |                                                          ^~~~~~~~~~~~~
/usr/local/cuda/include/sm_32_intrinsics.h: In function 'ulonglong2 __ldca(const ulonglong2*)':
/usr/local/cuda/include/sm_32_intrinsics.h:74:25: warning: no return statement in function returning non-void [-Wreturn-type]
   74 | #define __DEF_IF_HOST { }
      |                         ^
/usr/local/cuda/include/sm_32_intrinsics.h:185:68: note: in expansion of macro '__DEF_IF_HOST'
  185 | __SM_32_INTRINSICS_DECL__ ulonglong2 __ldca(const ulonglong2 *ptr) __DEF_IF_HOST
      |                                                                    ^~~~~~~~~~~~~
/usr/local/cuda/include/sm_32_intrinsics.h: In function 'float __ldca(const float*)':
/usr/local/cuda/include/sm_32_intrinsics.h:74:25: warning: no return statement in function returning non-void [-Wreturn-type]
   74 | #define __DEF_IF_HOST { }
      |                         ^
/usr/local/cuda/include/sm_32_intrinsics.h:187:58: note: in expansion of macro '__DEF_IF_HOST'
  187 | __SM_32_INTRINSICS_DECL__ float __ldca(const float *ptr) __DEF_IF_HOST
      |                                                          ^~~~~~~~~~~~~
/usr/local/cuda/include/sm_32_intrinsics.h: In function 'double __ldca(const double*)':
/usr/local/cuda/include/sm_32_intrinsics.h:74:25: warning: no return statement in function returning non-void [-Wreturn-type]
   74 | #define __DEF_IF_HOST { }
      |                         ^
/usr/local/cuda/include/sm_32_intrinsics.h:188:60: note: in expansion of macro '__DEF_IF_HOST'
  188 | __SM_32_INTRINSICS_DECL__ double __ldca(const double *ptr) __DEF_IF_HOST
      |                                                            ^~~~~~~~~~~~~
/usr/local/cuda/include/sm_32_intrinsics.h: In function 'float2 __ldca(const float2*)':
/usr/local/cuda/include/sm_32_intrinsics.h:74:25: warning: no return statement in function returning non-void [-Wreturn-type]
   74 | #define __DEF_IF_HOST { }
      |                         ^
/usr/local/cuda/include/sm_32_intrinsics.h:189:60: note: in expansion of macro '__DEF_IF_HOST'
  189 | __SM_32_INTRINSICS_DECL__ float2 __ldca(const float2 *ptr) __DEF_IF_HOST
      |                                                            ^~~~~~~~~~~~~
/usr/local/cuda/include/sm_32_intrinsics.h: In function 'float4 __ldca(const float4*)':
/usr/local/cuda/include/sm_32_intrinsics.h:74:25: warning: no return statement in function returning non-void [-Wreturn-type]
   74 | #define __DEF_IF_HOST { }
      |                         ^
/usr/local/cuda/include/sm_32_intrinsics.h:190:60: note: in expansion of macro '__DEF_IF_HOST'
  190 | __SM_32_INTRINSICS_DECL__ float4 __ldca(const float4 *ptr) __DEF_IF_HOST
      |                                                            ^~~~~~~~~~~~~
/usr/local/cuda/include/sm_32_intrinsics.h: In function 'double2 __ldca(const double2*)':
/usr/local/cuda/include/sm_32_intrinsics.h:74:25: warning: no return statement in function returning non-void [-Wreturn-type]
   74 | #define __DEF_IF_HOST { }
      |                         ^
/usr/local/cuda/include/sm_32_intrinsics.h:191:62: note: in expansion of macro '__DEF_IF_HOST'
  191 | __SM_32_INTRINSICS_DECL__ double2 __ldca(const double2 *ptr) __DEF_IF_HOST
      |                                                              ^~~~~~~~~~~~~
/usr/local/cuda/include/sm_32_intrinsics.h: In function 'long int __ldcs(const long int*)':
/usr/local/cuda/include/sm_32_intrinsics.h:74:25: warning: no return statement in function returning non-void [-Wreturn-type]
   74 | #define __DEF_IF_HOST { }
      |                         ^
/usr/local/cuda/include/sm_32_intrinsics.h:195:56: note: in expansion of macro '__DEF_IF_HOST'
  195 | __SM_32_INTRINSICS_DECL__ long __ldcs(const long *ptr) __DEF_IF_HOST
      |                                                        ^~~~~~~~~~~~~
/usr/local/cuda/include/sm_32_intrinsics.h: In function 'long unsigned int __ldcs(const long unsigned int*)':
/usr/local/cuda/include/sm_32_intrinsics.h:74:25: warning: no return statement in function returning non-void [-Wreturn-type]
   74 | #define __DEF_IF_HOST { }
      |                         ^
/usr/local/cuda/include/sm_32_intrinsics.h:196:74: note: in expansion of macro '__DEF_IF_HOST'
  196 | __SM_32_INTRINSICS_DECL__ unsigned long __ldcs(const unsigned long *ptr) __DEF_IF_HOST
      |                                                                          ^~~~~~~~~~~~~
/usr/local/cuda/include/sm_32_intrinsics.h: In function 'char __ldcs(const char*)':
/usr/local/cuda/include/sm_32_intrinsics.h:74:25: warning: no return statement in function returning non-void [-Wreturn-type]
   74 | #define __DEF_IF_HOST { }
      |                         ^
/usr/local/cuda/include/sm_32_intrinsics.h:198:56: note: in expansion of macro '__DEF_IF_HOST'
  198 | __SM_32_INTRINSICS_DECL__ char __ldcs(const char *ptr) __DEF_IF_HOST
      |                                                        ^~~~~~~~~~~~~
/usr/local/cuda/include/sm_32_intrinsics.h: In function 'signed char __ldcs(const signed char*)':
/usr/local/cuda/include/sm_32_intrinsics.h:74:25: warning: no return statement in function returning non-void [-Wreturn-type]
   74 | #define __DEF_IF_HOST { }
      |                         ^
/usr/local/cuda/include/sm_32_intrinsics.h:199:70: note: in expansion of macro '__DEF_IF_HOST'
  199 | __SM_32_INTRINSICS_DECL__ signed char __ldcs(const signed char *ptr) __DEF_IF_HOST
      |                                                                      ^~~~~~~~~~~~~
/usr/local/cuda/include/sm_32_intrinsics.h: In function 'short int __ldcs(const short int*)':
/usr/local/cuda/include/sm_32_intrinsics.h:74:25: warning: no return statement in function returning non-void [-Wreturn-type]
   74 | #define __DEF_IF_HOST { }
      |                         ^
/usr/local/cuda/include/sm_32_intrinsics.h:200:58: note: in expansion of macro '__DEF_IF_HOST'
  200 | __SM_32_INTRINSICS_DECL__ short __ldcs(const short *ptr) __DEF_IF_HOST
      |                                                          ^~~~~~~~~~~~~
/usr/local/cuda/include/sm_32_intrinsics.h: In function 'int __ldcs(const int*)':
/usr/local/cuda/include/sm_32_intrinsics.h:74:25: warning: no return statement in function returning non-void [-Wreturn-type]
   74 | #define __DEF_IF_HOST { }
      |                         ^
/usr/local/cuda/include/sm_32_intrinsics.h:201:54: note: in expansion of macro '__DEF_IF_HOST'
  201 | __SM_32_INTRINSICS_DECL__ int __ldcs(const int *ptr) __DEF_IF_HOST
      |                                                      ^~~~~~~~~~~~~
/usr/local/cuda/include/sm_32_intrinsics.h: In function 'long long int __ldcs(const long long int*)':
/usr/local/cuda/include/sm_32_intrinsics.h:74:25: warning: no return statement in function returning non-void [-Wreturn-type]
   74 | #define __DEF_IF_HOST { }
      |                         ^
/usr/local/cuda/include/sm_32_intrinsics.h:202:66: note: in expansion of macro '__DEF_IF_HOST'
  202 | __SM_32_INTRINSICS_DECL__ long long __ldcs(const long long *ptr) __DEF_IF_HOST
      |                                                                  ^~~~~~~~~~~~~
/usr/local/cuda/include/sm_32_intrinsics.h: In function 'char2 __ldcs(const char2*)':
/usr/local/cuda/include/sm_32_intrinsics.h:74:25: warning: no return statement in function returning non-void [-Wreturn-type]
   74 | #define __DEF_IF_HOST { }
      |                         ^
/usr/local/cuda/include/sm_32_intrinsics.h:203:58: note: in expansion of macro '__DEF_IF_HOST'
  203 | __SM_32_INTRINSICS_DECL__ char2 __ldcs(const char2 *ptr) __DEF_IF_HOST
      |                                                          ^~~~~~~~~~~~~
/usr/local/cuda/include/sm_32_intrinsics.h: In function 'char4 __ldcs(const char4*)':
/usr/local/cuda/include/sm_32_intrinsics.h:74:25: warning: no return statement in function returning non-void [-Wreturn-type]
   74 | #define __DEF_IF_HOST { }
      |                         ^
/usr/local/cuda/include/sm_32_intrinsics.h:204:58: note: in expansion of macro '__DEF_IF_HOST'
  204 | __SM_32_INTRINSICS_DECL__ char4 __ldcs(const char4 *ptr) __DEF_IF_HOST
      |                                                          ^~~~~~~~~~~~~
/usr/local/cuda/include/sm_32_intrinsics.h: In function 'short2 __ldcs(const short2*)':
/usr/local/cuda/include/sm_32_intrinsics.h:74:25: warning: no return statement in function returning non-void [-Wreturn-type]
   74 | #define __DEF_IF_HOST { }
      |                         ^
/usr/local/cuda/include/sm_32_intrinsics.h:205:60: note: in expansion of macro '__DEF_IF_HOST'
  205 | __SM_32_INTRINSICS_DECL__ short2 __ldcs(const short2 *ptr) __DEF_IF_HOST
      |                                                            ^~~~~~~~~~~~~
/usr/local/cuda/include/sm_32_intrinsics.h: In function 'short4 __ldcs(const short4*)':
/usr/local/cuda/include/sm_32_intrinsics.h:74:25: warning: no return statement in function returning non-void [-Wreturn-type]
   74 | #define __DEF_IF_HOST { }
      |                         ^
/usr/local/cuda/include/sm_32_intrinsics.h:206:60: note: in expansion of macro '__DEF_IF_HOST'
  206 | __SM_32_INTRINSICS_DECL__ short4 __ldcs(const short4 *ptr) __DEF_IF_HOST
      |                                                            ^~~~~~~~~~~~~
/usr/local/cuda/include/sm_32_intrinsics.h: In function 'int2 __ldcs(const int2*)':
/usr/local/cuda/include/sm_32_intrinsics.h:74:25: warning: no return statement in function returning non-void [-Wreturn-type]
   74 | #define __DEF_IF_HOST { }
      |                         ^
/usr/local/cuda/include/sm_32_intrinsics.h:207:56: note: in expansion of macro '__DEF_IF_HOST'
  207 | __SM_32_INTRINSICS_DECL__ int2 __ldcs(const int2 *ptr) __DEF_IF_HOST
      |                                                        ^~~~~~~~~~~~~
/usr/local/cuda/include/sm_32_intrinsics.h: In function 'int4 __ldcs(const int4*)':
/usr/local/cuda/include/sm_32_intrinsics.h:74:25: warning: no return statement in function returning non-void [-Wreturn-type]
   74 | #define __DEF_IF_HOST { }
      |                         ^
/usr/local/cuda/include/sm_32_intrinsics.h:208:56: note: in expansion of macro '__DEF_IF_HOST'
  208 | __SM_32_INTRINSICS_DECL__ int4 __ldcs(const int4 *ptr) __DEF_IF_HOST
      |                                                        ^~~~~~~~~~~~~
/usr/local/cuda/include/sm_32_intrinsics.h: In function 'longlong2 __ldcs(const longlong2*)':
/usr/local/cuda/include/sm_32_intrinsics.h:74:25: warning: no return statement in function returning non-void [-Wreturn-type]
   74 | #define __DEF_IF_HOST { }
      |                         ^
/usr/local/cuda/include/sm_32_intrinsics.h:209:66: note: in expansion of macro '__DEF_IF_HOST'
  209 | __SM_32_INTRINSICS_DECL__ longlong2 __ldcs(const longlong2 *ptr) __DEF_IF_HOST
      |                                                                  ^~~~~~~~~~~~~
/usr/local/cuda/include/sm_32_intrinsics.h: In function 'unsigned char __ldcs(const unsigned char*)':
/usr/local/cuda/include/sm_32_intrinsics.h:74:25: warning: no return statement in function returning non-void [-Wreturn-type]
   74 | #define __DEF_IF_HOST { }
      |                         ^
/usr/local/cuda/include/sm_32_intrinsics.h:211:74: note: in expansion of macro '__DEF_IF_HOST'
  211 | __SM_32_INTRINSICS_DECL__ unsigned char __ldcs(const unsigned char *ptr) __DEF_IF_HOST
      |                                                                          ^~~~~~~~~~~~~
/usr/local/cuda/include/sm_32_intrinsics.h: In function 'short unsigned int __ldcs(const short unsigned int*)':
/usr/local/cuda/include/sm_32_intrinsics.h:74:25: warning: no return statement in function returning non-void [-Wreturn-type]
   74 | #define __DEF_IF_HOST { }
      |                         ^
/usr/local/cuda/include/sm_32_intrinsics.h:212:76: note: in expansion of macro '__DEF_IF_HOST'
  212 | __SM_32_INTRINSICS_DECL__ unsigned short __ldcs(const unsigned short *ptr) __DEF_IF_HOST
      |                                                                            ^~~~~~~~~~~~~
/usr/local/cuda/include/sm_32_intrinsics.h: In function 'unsigned int __ldcs(const unsigned int*)':
/usr/local/cuda/include/sm_32_intrinsics.h:74:25: warning: no return statement in function returning non-void [-Wreturn-type]
   74 | #define __DEF_IF_HOST { }
      |                         ^
/usr/local/cuda/include/sm_32_intrinsics.h:213:72: note: in expansion of macro '__DEF_IF_HOST'
  213 | __SM_32_INTRINSICS_DECL__ unsigned int __ldcs(const unsigned int *ptr) __DEF_IF_HOST
      |                                                                        ^~~~~~~~~~~~~
/usr/local/cuda/include/sm_32_intrinsics.h: In function 'long long unsigned int __ldcs(const long long unsigned int*)':
/usr/local/cuda/include/sm_32_intrinsics.h:74:25: warning: no return statement in function returning non-void [-Wreturn-type]
   74 | #define __DEF_IF_HOST { }
      |                         ^
/usr/local/cuda/include/sm_32_intrinsics.h:214:84: note: in expansion of macro '__DEF_IF_HOST'
  214 | __SM_32_INTRINSICS_DECL__ unsigned long long __ldcs(const unsigned long long *ptr) __DEF_IF_HOST
      |                                                                                    ^~~~~~~~~~~~~
/usr/local/cuda/include/sm_32_intrinsics.h: In function 'uchar2 __ldcs(const uchar2*)':
/usr/local/cuda/include/sm_32_intrinsics.h:74:25: warning: no return statement in function returning non-void [-Wreturn-type]
   74 | #define __DEF_IF_HOST { }
      |                         ^
/usr/local/cuda/include/sm_32_intrinsics.h:215:60: note: in expansion of macro '__DEF_IF_HOST'
  215 | __SM_32_INTRINSICS_DECL__ uchar2 __ldcs(const uchar2 *ptr) __DEF_IF_HOST
      |                                                            ^~~~~~~~~~~~~
/usr/local/cuda/include/sm_32_intrinsics.h: In function 'uchar4 __ldcs(const uchar4*)':
/usr/local/cuda/include/sm_32_intrinsics.h:74:25: warning: no return statement in function returning non-void [-Wreturn-type]
   74 | #define __DEF_IF_HOST { }
      |                         ^
/usr/local/cuda/include/sm_32_intrinsics.h:216:60: note: in expansion of macro '__DEF_IF_HOST'
  216 | __SM_32_INTRINSICS_DECL__ uchar4 __ldcs(const uchar4 *ptr) __DEF_IF_HOST
      |                                                            ^~~~~~~~~~~~~
/usr/local/cuda/include/sm_32_intrinsics.h: In function 'ushort2 __ldcs(const ushort2*)':
/usr/local/cuda/include/sm_32_intrinsics.h:74:25: warning: no return statement in function returning non-void [-Wreturn-type]
   74 | #define __DEF_IF_HOST { }
      |                         ^
/usr/local/cuda/include/sm_32_intrinsics.h:217:62: note: in expansion of macro '__DEF_IF_HOST'
  217 | __SM_32_INTRINSICS_DECL__ ushort2 __ldcs(const ushort2 *ptr) __DEF_IF_HOST
      |                                                              ^~~~~~~~~~~~~
/usr/local/cuda/include/sm_32_intrinsics.h: In function 'ushort4 __ldcs(const ushort4*)':
/usr/local/cuda/include/sm_32_intrinsics.h:74:25: warning: no return statement in function returning non-void [-Wreturn-type]
   74 | #define __DEF_IF_HOST { }
      |                         ^
/usr/local/cuda/include/sm_32_intrinsics.h:218:62: note: in expansion of macro '__DEF_IF_HOST'
  218 | __SM_32_INTRINSICS_DECL__ ushort4 __ldcs(const ushort4 *ptr) __DEF_IF_HOST
      |                                                              ^~~~~~~~~~~~~
/usr/local/cuda/include/sm_32_intrinsics.h: In function 'uint2 __ldcs(const uint2*)':
/usr/local/cuda/include/sm_32_intrinsics.h:74:25: warning: no return statement in function returning non-void [-Wreturn-type]
   74 | #define __DEF_IF_HOST { }
      |                         ^
/usr/local/cuda/include/sm_32_intrinsics.h:219:58: note: in expansion of macro '__DEF_IF_HOST'
  219 | __SM_32_INTRINSICS_DECL__ uint2 __ldcs(const uint2 *ptr) __DEF_IF_HOST
      |                                                          ^~~~~~~~~~~~~
/usr/local/cuda/include/sm_32_intrinsics.h: In function 'uint4 __ldcs(const uint4*)':
/usr/local/cuda/include/sm_32_intrinsics.h:74:25: warning: no return statement in function returning non-void [-Wreturn-type]
   74 | #define __DEF_IF_HOST { }
      |                         ^
/usr/local/cuda/include/sm_32_intrinsics.h:220:58: note: in expansion of macro '__DEF_IF_HOST'
  220 | __SM_32_INTRINSICS_DECL__ uint4 __ldcs(const uint4 *ptr) __DEF_IF_HOST
      |                                                          ^~~~~~~~~~~~~
/usr/local/cuda/include/sm_32_intrinsics.h: In function 'ulonglong2 __ldcs(const ulonglong2*)':
/usr/local/cuda/include/sm_32_intrinsics.h:74:25: warning: no return statement in function returning non-void [-Wreturn-type]
   74 | #define __DEF_IF_HOST { }
      |                         ^
/usr/local/cuda/include/sm_32_intrinsics.h:221:68: note: in expansion of macro '__DEF_IF_HOST'
  221 | __SM_32_INTRINSICS_DECL__ ulonglong2 __ldcs(const ulonglong2 *ptr) __DEF_IF_HOST
      |                                                                    ^~~~~~~~~~~~~
/usr/local/cuda/include/sm_32_intrinsics.h: In function 'float __ldcs(const float*)':
/usr/local/cuda/include/sm_32_intrinsics.h:74:25: warning: no return statement in function returning non-void [-Wreturn-type]
   74 | #define __DEF_IF_HOST { }
      |                         ^
/usr/local/cuda/include/sm_32_intrinsics.h:223:58: note: in expansion of macro '__DEF_IF_HOST'
  223 | __SM_32_INTRINSICS_DECL__ float __ldcs(const float *ptr) __DEF_IF_HOST
      |                                                          ^~~~~~~~~~~~~
/usr/local/cuda/include/sm_32_intrinsics.h: In function 'double __ldcs(const double*)':
/usr/local/cuda/include/sm_32_intrinsics.h:74:25: warning: no return statement in function returning non-void [-Wreturn-type]
   74 | #define __DEF_IF_HOST { }
      |                         ^
/usr/local/cuda/include/sm_32_intrinsics.h:224:60: note: in expansion of macro '__DEF_IF_HOST'
  224 | __SM_32_INTRINSICS_DECL__ double __ldcs(const double *ptr) __DEF_IF_HOST
      |                                                            ^~~~~~~~~~~~~
/usr/local/cuda/include/sm_32_intrinsics.h: In function 'float2 __ldcs(const float2*)':
/usr/local/cuda/include/sm_32_intrinsics.h:74:25: warning: no return statement in function returning non-void [-Wreturn-type]
   74 | #define __DEF_IF_HOST { }
      |                         ^
/usr/local/cuda/include/sm_32_intrinsics.h:225:60: note: in expansion of macro '__DEF_IF_HOST'
  225 | __SM_32_INTRINSICS_DECL__ float2 __ldcs(const float2 *ptr) __DEF_IF_HOST
      |                                                            ^~~~~~~~~~~~~
/usr/local/cuda/include/sm_32_intrinsics.h: In function 'float4 __ldcs(const float4*)':
/usr/local/cuda/include/sm_32_intrinsics.h:74:25: warning: no return statement in function returning non-void [-Wreturn-type]
   74 | #define __DEF_IF_HOST { }
      |                         ^
/usr/local/cuda/include/sm_32_intrinsics.h:226:60: note: in expansion of macro '__DEF_IF_HOST'
  226 | __SM_32_INTRINSICS_DECL__ float4 __ldcs(const float4 *ptr) __DEF_IF_HOST
      |                                                            ^~~~~~~~~~~~~
/usr/local/cuda/include/sm_32_intrinsics.h: In function 'double2 __ldcs(const double2*)':
/usr/local/cuda/include/sm_32_intrinsics.h:74:25: warning: no return statement in function returning non-void [-Wreturn-type]
   74 | #define __DEF_IF_HOST { }
      |                         ^
/usr/local/cuda/include/sm_32_intrinsics.h:227:62: note: in expansion of macro '__DEF_IF_HOST'
  227 | __SM_32_INTRINSICS_DECL__ double2 __ldcs(const double2 *ptr) __DEF_IF_HOST
      |                                                              ^~~~~~~~~~~~~
/usr/local/cuda/include/sm_32_intrinsics.h: In function 'long int __ldlu(const long int*)':
/usr/local/cuda/include/sm_32_intrinsics.h:74:25: warning: no return statement in function returning non-void [-Wreturn-type]
   74 | #define __DEF_IF_HOST { }
      |                         ^
/usr/local/cuda/include/sm_32_intrinsics.h:231:56: note: in expansion of macro '__DEF_IF_HOST'
  231 | __SM_32_INTRINSICS_DECL__ long __ldlu(const long *ptr) __DEF_IF_HOST
      |                                                        ^~~~~~~~~~~~~
/usr/local/cuda/include/sm_32_intrinsics.h: In function 'long unsigned int __ldlu(const long unsigned int*)':
/usr/local/cuda/include/sm_32_intrinsics.h:74:25: warning: no return statement in function returning non-void [-Wreturn-type]
   74 | #define __DEF_IF_HOST { }
      |                         ^
/usr/local/cuda/include/sm_32_intrinsics.h:232:74: note: in expansion of macro '__DEF_IF_HOST'
  232 | __SM_32_INTRINSICS_DECL__ unsigned long __ldlu(const unsigned long *ptr) __DEF_IF_HOST
      |                                                                          ^~~~~~~~~~~~~
/usr/local/cuda/include/sm_32_intrinsics.h: In function 'char __ldlu(const char*)':
/usr/local/cuda/include/sm_32_intrinsics.h:74:25: warning: no return statement in function returning non-void [-Wreturn-type]
   74 | #define __DEF_IF_HOST { }
      |                         ^
/usr/local/cuda/include/sm_32_intrinsics.h:234:56: note: in expansion of macro '__DEF_IF_HOST'
  234 | __SM_32_INTRINSICS_DECL__ char __ldlu(const char *ptr) __DEF_IF_HOST
      |                                                        ^~~~~~~~~~~~~
/usr/local/cuda/include/sm_32_intrinsics.h: In function 'signed char __ldlu(const signed char*)':
/usr/local/cuda/include/sm_32_intrinsics.h:74:25: warning: no return statement in function returning non-void [-Wreturn-type]
   74 | #define __DEF_IF_HOST { }
      |                         ^
/usr/local/cuda/include/sm_32_intrinsics.h:235:70: note: in expansion of macro '__DEF_IF_HOST'
  235 | __SM_32_INTRINSICS_DECL__ signed char __ldlu(const signed char *ptr) __DEF_IF_HOST
      |                                                                      ^~~~~~~~~~~~~
/usr/local/cuda/include/sm_32_intrinsics.h: In function 'short int __ldlu(const short int*)':
/usr/local/cuda/include/sm_32_intrinsics.h:74:25: warning: no return statement in function returning non-void [-Wreturn-type]
   74 | #define __DEF_IF_HOST { }
      |                         ^
/usr/local/cuda/include/sm_32_intrinsics.h:236:58: note: in expansion of macro '__DEF_IF_HOST'
  236 | __SM_32_INTRINSICS_DECL__ short __ldlu(const short *ptr) __DEF_IF_HOST
      |                                                          ^~~~~~~~~~~~~
/usr/local/cuda/include/sm_32_intrinsics.h: In function 'int __ldlu(const int*)':
/usr/local/cuda/include/sm_32_intrinsics.h:74:25: warning: no return statement in function returning non-void [-Wreturn-type]
   74 | #define __DEF_IF_HOST { }
      |                         ^
/usr/local/cuda/include/sm_32_intrinsics.h:237:54: note: in expansion of macro '__DEF_IF_HOST'
  237 | __SM_32_INTRINSICS_DECL__ int __ldlu(const int *ptr) __DEF_IF_HOST
      |                                                      ^~~~~~~~~~~~~
/usr/local/cuda/include/sm_32_intrinsics.h: In function 'long long int __ldlu(const long long int*)':
/usr/local/cuda/include/sm_32_intrinsics.h:74:25: warning: no return statement in function returning non-void [-Wreturn-type]
   74 | #define __DEF_IF_HOST { }
      |                         ^
/usr/local/cuda/include/sm_32_intrinsics.h:238:66: note: in expansion of macro '__DEF_IF_HOST'
  238 | __SM_32_INTRINSICS_DECL__ long long __ldlu(const long long *ptr) __DEF_IF_HOST
      |                                                                  ^~~~~~~~~~~~~
/usr/local/cuda/include/sm_32_intrinsics.h: In function 'char2 __ldlu(const char2*)':
/usr/local/cuda/include/sm_32_intrinsics.h:74:25: warning: no return statement in function returning non-void [-Wreturn-type]
   74 | #define __DEF_IF_HOST { }
      |                         ^
/usr/local/cuda/include/sm_32_intrinsics.h:239:58: note: in expansion of macro '__DEF_IF_HOST'
  239 | __SM_32_INTRINSICS_DECL__ char2 __ldlu(const char2 *ptr) __DEF_IF_HOST
      |                                                          ^~~~~~~~~~~~~
/usr/local/cuda/include/sm_32_intrinsics.h: In function 'char4 __ldlu(const char4*)':
/usr/local/cuda/include/sm_32_intrinsics.h:74:25: warning: no return statement in function returning non-void [-Wreturn-type]
   74 | #define __DEF_IF_HOST { }
      |                         ^
/usr/local/cuda/include/sm_32_intrinsics.h:240:58: note: in expansion of macro '__DEF_IF_HOST'
  240 | __SM_32_INTRINSICS_DECL__ char4 __ldlu(const char4 *ptr) __DEF_IF_HOST
      |                                                          ^~~~~~~~~~~~~
/usr/local/cuda/include/sm_32_intrinsics.h: In function 'short2 __ldlu(const short2*)':
/usr/local/cuda/include/sm_32_intrinsics.h:74:25: warning: no return statement in function returning non-void [-Wreturn-type]
   74 | #define __DEF_IF_HOST { }
      |                         ^
/usr/local/cuda/include/sm_32_intrinsics.h:241:60: note: in expansion of macro '__DEF_IF_HOST'
  241 | __SM_32_INTRINSICS_DECL__ short2 __ldlu(const short2 *ptr) __DEF_IF_HOST
      |                                                            ^~~~~~~~~~~~~
/usr/local/cuda/include/sm_32_intrinsics.h: In function 'short4 __ldlu(const short4*)':
/usr/local/cuda/include/sm_32_intrinsics.h:74:25: warning: no return statement in function returning non-void [-Wreturn-type]
   74 | #define __DEF_IF_HOST { }
      |                         ^
/usr/local/cuda/include/sm_32_intrinsics.h:242:60: note: in expansion of macro '__DEF_IF_HOST'
  242 | __SM_32_INTRINSICS_DECL__ short4 __ldlu(const short4 *ptr) __DEF_IF_HOST
      |                                                            ^~~~~~~~~~~~~
/usr/local/cuda/include/sm_32_intrinsics.h: In function 'int2 __ldlu(const int2*)':
/usr/local/cuda/include/sm_32_intrinsics.h:74:25: warning: no return statement in function returning non-void [-Wreturn-type]
   74 | #define __DEF_IF_HOST { }
      |                         ^
/usr/local/cuda/include/sm_32_intrinsics.h:243:56: note: in expansion of macro '__DEF_IF_HOST'
  243 | __SM_32_INTRINSICS_DECL__ int2 __ldlu(const int2 *ptr) __DEF_IF_HOST
      |                                                        ^~~~~~~~~~~~~
/usr/local/cuda/include/sm_32_intrinsics.h: In function 'int4 __ldlu(const int4*)':
/usr/local/cuda/include/sm_32_intrinsics.h:74:25: warning: no return statement in function returning non-void [-Wreturn-type]
   74 | #define __DEF_IF_HOST { }
      |                         ^
/usr/local/cuda/include/sm_32_intrinsics.h:244:56: note: in expansion of macro '__DEF_IF_HOST'
  244 | __SM_32_INTRINSICS_DECL__ int4 __ldlu(const int4 *ptr) __DEF_IF_HOST
      |                                                        ^~~~~~~~~~~~~
/usr/local/cuda/include/sm_32_intrinsics.h: In function 'longlong2 __ldlu(const longlong2*)':
/usr/local/cuda/include/sm_32_intrinsics.h:74:25: warning: no return statement in function returning non-void [-Wreturn-type]
   74 | #define __DEF_IF_HOST { }
      |                         ^
/usr/local/cuda/include/sm_32_intrinsics.h:245:66: note: in expansion of macro '__DEF_IF_HOST'
  245 | __SM_32_INTRINSICS_DECL__ longlong2 __ldlu(const longlong2 *ptr) __DEF_IF_HOST
      |                                                                  ^~~~~~~~~~~~~
/usr/local/cuda/include/sm_32_intrinsics.h: In function 'unsigned char __ldlu(const unsigned char*)':
/usr/local/cuda/include/sm_32_intrinsics.h:74:25: warning: no return statement in function returning non-void [-Wreturn-type]
   74 | #define __DEF_IF_HOST { }
      |                         ^
/usr/local/cuda/include/sm_32_intrinsics.h:247:74: note: in expansion of macro '__DEF_IF_HOST'
  247 | __SM_32_INTRINSICS_DECL__ unsigned char __ldlu(const unsigned char *ptr) __DEF_IF_HOST
      |                                                                          ^~~~~~~~~~~~~
/usr/local/cuda/include/sm_32_intrinsics.h: In function 'short unsigned int __ldlu(const short unsigned int*)':
/usr/local/cuda/include/sm_32_intrinsics.h:74:25: warning: no return statement in function returning non-void [-Wreturn-type]
   74 | #define __DEF_IF_HOST { }
      |                         ^
/usr/local/cuda/include/sm_32_intrinsics.h:248:76: note: in expansion of macro '__DEF_IF_HOST'
  248 | __SM_32_INTRINSICS_DECL__ unsigned short __ldlu(const unsigned short *ptr) __DEF_IF_HOST
      |                                                                            ^~~~~~~~~~~~~
/usr/local/cuda/include/sm_32_intrinsics.h: In function 'unsigned int __ldlu(const unsigned int*)':
/usr/local/cuda/include/sm_32_intrinsics.h:74:25: warning: no return statement in function returning non-void [-Wreturn-type]
   74 | #define __DEF_IF_HOST { }
      |                         ^
/usr/local/cuda/include/sm_32_intrinsics.h:249:72: note: in expansion of macro '__DEF_IF_HOST'
  249 | __SM_32_INTRINSICS_DECL__ unsigned int __ldlu(const unsigned int *ptr) __DEF_IF_HOST
      |                                                                        ^~~~~~~~~~~~~
/usr/local/cuda/include/sm_32_intrinsics.h: In function 'long long unsigned int __ldlu(const long long unsigned int*)':
/usr/local/cuda/include/sm_32_intrinsics.h:74:25: warning: no return statement in function returning non-void [-Wreturn-type]
   74 | #define __DEF_IF_HOST { }
      |                         ^
/usr/local/cuda/include/sm_32_intrinsics.h:250:84: note: in expansion of macro '__DEF_IF_HOST'
  250 | __SM_32_INTRINSICS_DECL__ unsigned long long __ldlu(const unsigned long long *ptr) __DEF_IF_HOST
      |                                                                                    ^~~~~~~~~~~~~
/usr/local/cuda/include/sm_32_intrinsics.h: In function 'uchar2 __ldlu(const uchar2*)':
/usr/local/cuda/include/sm_32_intrinsics.h:74:25: warning: no return statement in function returning non-void [-Wreturn-type]
   74 | #define __DEF_IF_HOST { }
      |                         ^
/usr/local/cuda/include/sm_32_intrinsics.h:251:60: note: in expansion of macro '__DEF_IF_HOST'
  251 | __SM_32_INTRINSICS_DECL__ uchar2 __ldlu(const uchar2 *ptr) __DEF_IF_HOST
      |                                                            ^~~~~~~~~~~~~
/usr/local/cuda/include/sm_32_intrinsics.h: In function 'uchar4 __ldlu(const uchar4*)':
/usr/local/cuda/include/sm_32_intrinsics.h:74:25: warning: no return statement in function returning non-void [-Wreturn-type]
   74 | #define __DEF_IF_HOST { }
      |                         ^
/usr/local/cuda/include/sm_32_intrinsics.h:252:60: note: in expansion of macro '__DEF_IF_HOST'
  252 | __SM_32_INTRINSICS_DECL__ uchar4 __ldlu(const uchar4 *ptr) __DEF_IF_HOST
      |                                                            ^~~~~~~~~~~~~
/usr/local/cuda/include/sm_32_intrinsics.h: In function 'ushort2 __ldlu(const ushort2*)':
/usr/local/cuda/include/sm_32_intrinsics.h:74:25: warning: no return statement in function returning non-void [-Wreturn-type]
   74 | #define __DEF_IF_HOST { }
      |                         ^
/usr/local/cuda/include/sm_32_intrinsics.h:253:62: note: in expansion of macro '__DEF_IF_HOST'
  253 | __SM_32_INTRINSICS_DECL__ ushort2 __ldlu(const ushort2 *ptr) __DEF_IF_HOST
      |                                                              ^~~~~~~~~~~~~
/usr/local/cuda/include/sm_32_intrinsics.h: In function 'ushort4 __ldlu(const ushort4*)':
/usr/local/cuda/include/sm_32_intrinsics.h:74:25: warning: no return statement in function returning non-void [-Wreturn-type]
   74 | #define __DEF_IF_HOST { }
      |                         ^
/usr/local/cuda/include/sm_32_intrinsics.h:254:62: note: in expansion of macro '__DEF_IF_HOST'
  254 | __SM_32_INTRINSICS_DECL__ ushort4 __ldlu(const ushort4 *ptr) __DEF_IF_HOST
      |                                                              ^~~~~~~~~~~~~
/usr/local/cuda/include/sm_32_intrinsics.h: In function 'uint2 __ldlu(const uint2*)':
/usr/local/cuda/include/sm_32_intrinsics.h:74:25: warning: no return statement in function returning non-void [-Wreturn-type]
   74 | #define __DEF_IF_HOST { }
      |                         ^
/usr/local/cuda/include/sm_32_intrinsics.h:255:58: note: in expansion of macro '__DEF_IF_HOST'
  255 | __SM_32_INTRINSICS_DECL__ uint2 __ldlu(const uint2 *ptr) __DEF_IF_HOST
      |                                                          ^~~~~~~~~~~~~
/usr/local/cuda/include/sm_32_intrinsics.h: In function 'uint4 __ldlu(const uint4*)':
/usr/local/cuda/include/sm_32_intrinsics.h:74:25: warning: no return statement in function returning non-void [-Wreturn-type]
   74 | #define __DEF_IF_HOST { }
      |                         ^
/usr/local/cuda/include/sm_32_intrinsics.h:256:58: note: in expansion of macro '__DEF_IF_HOST'
  256 | __SM_32_INTRINSICS_DECL__ uint4 __ldlu(const uint4 *ptr) __DEF_IF_HOST
      |                                                          ^~~~~~~~~~~~~
/usr/local/cuda/include/sm_32_intrinsics.h: In function 'ulonglong2 __ldlu(const ulonglong2*)':
/usr/local/cuda/include/sm_32_intrinsics.h:74:25: warning: no return statement in function returning non-void [-Wreturn-type]
   74 | #define __DEF_IF_HOST { }
      |                         ^
/usr/local/cuda/include/sm_32_intrinsics.h:257:68: note: in expansion of macro '__DEF_IF_HOST'
  257 | __SM_32_INTRINSICS_DECL__ ulonglong2 __ldlu(const ulonglong2 *ptr) __DEF_IF_HOST
      |                                                                    ^~~~~~~~~~~~~
/usr/local/cuda/include/sm_32_intrinsics.h: In function 'float __ldlu(const float*)':
/usr/local/cuda/include/sm_32_intrinsics.h:74:25: warning: no return statement in function returning non-void [-Wreturn-type]
   74 | #define __DEF_IF_HOST { }
      |                         ^
/usr/local/cuda/include/sm_32_intrinsics.h:259:58: note: in expansion of macro '__DEF_IF_HOST'
  259 | __SM_32_INTRINSICS_DECL__ float __ldlu(const float *ptr) __DEF_IF_HOST
      |                                                          ^~~~~~~~~~~~~
/usr/local/cuda/include/sm_32_intrinsics.h: In function 'double __ldlu(const double*)':
/usr/local/cuda/include/sm_32_intrinsics.h:74:25: warning: no return statement in function returning non-void [-Wreturn-type]
   74 | #define __DEF_IF_HOST { }
      |                         ^
/usr/local/cuda/include/sm_32_intrinsics.h:260:60: note: in expansion of macro '__DEF_IF_HOST'
  260 | __SM_32_INTRINSICS_DECL__ double __ldlu(const double *ptr) __DEF_IF_HOST
      |                                                            ^~~~~~~~~~~~~
/usr/local/cuda/include/sm_32_intrinsics.h: In function 'float2 __ldlu(const float2*)':
/usr/local/cuda/include/sm_32_intrinsics.h:74:25: warning: no return statement in function returning non-void [-Wreturn-type]
   74 | #define __DEF_IF_HOST { }
      |                         ^
/usr/local/cuda/include/sm_32_intrinsics.h:261:60: note: in expansion of macro '__DEF_IF_HOST'
  261 | __SM_32_INTRINSICS_DECL__ float2 __ldlu(const float2 *ptr) __DEF_IF_HOST
      |                                                            ^~~~~~~~~~~~~
/usr/local/cuda/include/sm_32_intrinsics.h: In function 'float4 __ldlu(const float4*)':
/usr/local/cuda/include/sm_32_intrinsics.h:74:25: warning: no return statement in function returning non-void [-Wreturn-type]
   74 | #define __DEF_IF_HOST { }
      |                         ^
/usr/local/cuda/include/sm_32_intrinsics.h:262:60: note: in expansion of macro '__DEF_IF_HOST'
  262 | __SM_32_INTRINSICS_DECL__ float4 __ldlu(const float4 *ptr) __DEF_IF_HOST
      |                                                            ^~~~~~~~~~~~~
/usr/local/cuda/include/sm_32_intrinsics.h: In function 'double2 __ldlu(const double2*)':
/usr/local/cuda/include/sm_32_intrinsics.h:74:25: warning: no return statement in function returning non-void [-Wreturn-type]
   74 | #define __DEF_IF_HOST { }
      |                         ^
/usr/local/cuda/include/sm_32_intrinsics.h:263:62: note: in expansion of macro '__DEF_IF_HOST'
  263 | __SM_32_INTRINSICS_DECL__ double2 __ldlu(const double2 *ptr) __DEF_IF_HOST
      |                                                              ^~~~~~~~~~~~~
/usr/local/cuda/include/sm_32_intrinsics.h: In function 'long int __ldcv(const long int*)':
/usr/local/cuda/include/sm_32_intrinsics.h:74:25: warning: no return statement in function returning non-void [-Wreturn-type]
   74 | #define __DEF_IF_HOST { }
      |                         ^
/usr/local/cuda/include/sm_32_intrinsics.h:267:56: note: in expansion of macro '__DEF_IF_HOST'
  267 | __SM_32_INTRINSICS_DECL__ long __ldcv(const long *ptr) __DEF_IF_HOST
      |                                                        ^~~~~~~~~~~~~
/usr/local/cuda/include/sm_32_intrinsics.h: In function 'long unsigned int __ldcv(const long unsigned int*)':
/usr/local/cuda/include/sm_32_intrinsics.h:74:25: warning: no return statement in function returning non-void [-Wreturn-type]
   74 | #define __DEF_IF_HOST { }
      |                         ^
/usr/local/cuda/include/sm_32_intrinsics.h:268:74: note: in expansion of macro '__DEF_IF_HOST'
  268 | __SM_32_INTRINSICS_DECL__ unsigned long __ldcv(const unsigned long *ptr) __DEF_IF_HOST
      |                                                                          ^~~~~~~~~~~~~
/usr/local/cuda/include/sm_32_intrinsics.h: In function 'char __ldcv(const char*)':
/usr/local/cuda/include/sm_32_intrinsics.h:74:25: warning: no return statement in function returning non-void [-Wreturn-type]
   74 | #define __DEF_IF_HOST { }
      |                         ^
/usr/local/cuda/include/sm_32_intrinsics.h:270:56: note: in expansion of macro '__DEF_IF_HOST'
  270 | __SM_32_INTRINSICS_DECL__ char __ldcv(const char *ptr) __DEF_IF_HOST
      |                                                        ^~~~~~~~~~~~~
/usr/local/cuda/include/sm_32_intrinsics.h: In function 'signed char __ldcv(const signed char*)':
/usr/local/cuda/include/sm_32_intrinsics.h:74:25: warning: no return statement in function returning non-void [-Wreturn-type]
   74 | #define __DEF_IF_HOST { }
      |                         ^
/usr/local/cuda/include/sm_32_intrinsics.h:271:70: note: in expansion of macro '__DEF_IF_HOST'
  271 | __SM_32_INTRINSICS_DECL__ signed char __ldcv(const signed char *ptr) __DEF_IF_HOST
      |                                                                      ^~~~~~~~~~~~~
/usr/local/cuda/include/sm_32_intrinsics.h: In function 'short int __ldcv(const short int*)':
/usr/local/cuda/include/sm_32_intrinsics.h:74:25: warning: no return statement in function returning non-void [-Wreturn-type]
   74 | #define __DEF_IF_HOST { }
      |                         ^
/usr/local/cuda/include/sm_32_intrinsics.h:272:58: note: in expansion of macro '__DEF_IF_HOST'
  272 | __SM_32_INTRINSICS_DECL__ short __ldcv(const short *ptr) __DEF_IF_HOST
      |                                                          ^~~~~~~~~~~~~
/usr/local/cuda/include/sm_32_intrinsics.h: In function 'int __ldcv(const int*)':
/usr/local/cuda/include/sm_32_intrinsics.h:74:25: warning: no return statement in function returning non-void [-Wreturn-type]
   74 | #define __DEF_IF_HOST { }
      |                         ^
/usr/local/cuda/include/sm_32_intrinsics.h:273:54: note: in expansion of macro '__DEF_IF_HOST'
  273 | __SM_32_INTRINSICS_DECL__ int __ldcv(const int *ptr) __DEF_IF_HOST
      |                                                      ^~~~~~~~~~~~~
/usr/local/cuda/include/sm_32_intrinsics.h: In function 'long long int __ldcv(const long long int*)':
/usr/local/cuda/include/sm_32_intrinsics.h:74:25: warning: no return statement in function returning non-void [-Wreturn-type]
   74 | #define __DEF_IF_HOST { }
      |                         ^
/usr/local/cuda/include/sm_32_intrinsics.h:274:66: note: in expansion of macro '__DEF_IF_HOST'
  274 | __SM_32_INTRINSICS_DECL__ long long __ldcv(const long long *ptr) __DEF_IF_HOST
      |                                                                  ^~~~~~~~~~~~~
/usr/local/cuda/include/sm_32_intrinsics.h: In function 'char2 __ldcv(const char2*)':
/usr/local/cuda/include/sm_32_intrinsics.h:74:25: warning: no return statement in function returning non-void [-Wreturn-type]
   74 | #define __DEF_IF_HOST { }
      |                         ^
/usr/local/cuda/include/sm_32_intrinsics.h:275:58: note: in expansion of macro '__DEF_IF_HOST'
  275 | __SM_32_INTRINSICS_DECL__ char2 __ldcv(const char2 *ptr) __DEF_IF_HOST
      |                                                          ^~~~~~~~~~~~~
/usr/local/cuda/include/sm_32_intrinsics.h: In function 'char4 __ldcv(const char4*)':
/usr/local/cuda/include/sm_32_intrinsics.h:74:25: warning: no return statement in function returning non-void [-Wreturn-type]
   74 | #define __DEF_IF_HOST { }
      |                         ^
/usr/local/cuda/include/sm_32_intrinsics.h:276:58: note: in expansion of macro '__DEF_IF_HOST'
  276 | __SM_32_INTRINSICS_DECL__ char4 __ldcv(const char4 *ptr) __DEF_IF_HOST
      |                                                          ^~~~~~~~~~~~~
/usr/local/cuda/include/sm_32_intrinsics.h: In function 'short2 __ldcv(const short2*)':
/usr/local/cuda/include/sm_32_intrinsics.h:74:25: warning: no return statement in function returning non-void [-Wreturn-type]
   74 | #define __DEF_IF_HOST { }
      |                         ^
/usr/local/cuda/include/sm_32_intrinsics.h:277:60: note: in expansion of macro '__DEF_IF_HOST'
  277 | __SM_32_INTRINSICS_DECL__ short2 __ldcv(const short2 *ptr) __DEF_IF_HOST
      |                                                            ^~~~~~~~~~~~~
/usr/local/cuda/include/sm_32_intrinsics.h: In function 'short4 __ldcv(const short4*)':
/usr/local/cuda/include/sm_32_intrinsics.h:74:25: warning: no return statement in function returning non-void [-Wreturn-type]
   74 | #define __DEF_IF_HOST { }
      |                         ^
/usr/local/cuda/include/sm_32_intrinsics.h:278:60: note: in expansion of macro '__DEF_IF_HOST'
  278 | __SM_32_INTRINSICS_DECL__ short4 __ldcv(const short4 *ptr) __DEF_IF_HOST
      |                                                            ^~~~~~~~~~~~~
/usr/local/cuda/include/sm_32_intrinsics.h: In function 'int2 __ldcv(const int2*)':
/usr/local/cuda/include/sm_32_intrinsics.h:74:25: warning: no return statement in function returning non-void [-Wreturn-type]
   74 | #define __DEF_IF_HOST { }
      |                         ^
/usr/local/cuda/include/sm_32_intrinsics.h:279:56: note: in expansion of macro '__DEF_IF_HOST'
  279 | __SM_32_INTRINSICS_DECL__ int2 __ldcv(const int2 *ptr) __DEF_IF_HOST
      |                                                        ^~~~~~~~~~~~~
/usr/local/cuda/include/sm_32_intrinsics.h: In function 'int4 __ldcv(const int4*)':
/usr/local/cuda/include/sm_32_intrinsics.h:74:25: warning: no return statement in function returning non-void [-Wreturn-type]
   74 | #define __DEF_IF_HOST { }
      |                         ^
/usr/local/cuda/include/sm_32_intrinsics.h:280:56: note: in expansion of macro '__DEF_IF_HOST'
  280 | __SM_32_INTRINSICS_DECL__ int4 __ldcv(const int4 *ptr) __DEF_IF_HOST
      |                                                        ^~~~~~~~~~~~~
/usr/local/cuda/include/sm_32_intrinsics.h: In function 'longlong2 __ldcv(const longlong2*)':
/usr/local/cuda/include/sm_32_intrinsics.h:74:25: warning: no return statement in function returning non-void [-Wreturn-type]
   74 | #define __DEF_IF_HOST { }
      |                         ^
/usr/local/cuda/include/sm_32_intrinsics.h:281:66: note: in expansion of macro '__DEF_IF_HOST'
  281 | __SM_32_INTRINSICS_DECL__ longlong2 __ldcv(const longlong2 *ptr) __DEF_IF_HOST
      |                                                                  ^~~~~~~~~~~~~
/usr/local/cuda/include/sm_32_intrinsics.h: In function 'unsigned char __ldcv(const unsigned char*)':
/usr/local/cuda/include/sm_32_intrinsics.h:74:25: warning: no return statement in function returning non-void [-Wreturn-type]
   74 | #define __DEF_IF_HOST { }
      |                         ^
/usr/local/cuda/include/sm_32_intrinsics.h:283:74: note: in expansion of macro '__DEF_IF_HOST'
  283 | __SM_32_INTRINSICS_DECL__ unsigned char __ldcv(const unsigned char *ptr) __DEF_IF_HOST
      |                                                                          ^~~~~~~~~~~~~
/usr/local/cuda/include/sm_32_intrinsics.h: In function 'short unsigned int __ldcv(const short unsigned int*)':
/usr/local/cuda/include/sm_32_intrinsics.h:74:25: warning: no return statement in function returning non-void [-Wreturn-type]
   74 | #define __DEF_IF_HOST { }
      |                         ^
/usr/local/cuda/include/sm_32_intrinsics.h:284:76: note: in expansion of macro '__DEF_IF_HOST'
  284 | __SM_32_INTRINSICS_DECL__ unsigned short __ldcv(const unsigned short *ptr) __DEF_IF_HOST
      |                                                                            ^~~~~~~~~~~~~
/usr/local/cuda/include/sm_32_intrinsics.h: In function 'unsigned int __ldcv(const unsigned int*)':
/usr/local/cuda/include/sm_32_intrinsics.h:74:25: warning: no return statement in function returning non-void [-Wreturn-type]
   74 | #define __DEF_IF_HOST { }
      |                         ^
/usr/local/cuda/include/sm_32_intrinsics.h:285:72: note: in expansion of macro '__DEF_IF_HOST'
  285 | __SM_32_INTRINSICS_DECL__ unsigned int __ldcv(const unsigned int *ptr) __DEF_IF_HOST
      |                                                                        ^~~~~~~~~~~~~
/usr/local/cuda/include/sm_32_intrinsics.h: In function 'long long unsigned int __ldcv(const long long unsigned int*)':
/usr/local/cuda/include/sm_32_intrinsics.h:74:25: warning: no return statement in function returning non-void [-Wreturn-type]
   74 | #define __DEF_IF_HOST { }
      |                         ^
/usr/local/cuda/include/sm_32_intrinsics.h:286:84: note: in expansion of macro '__DEF_IF_HOST'
  286 | __SM_32_INTRINSICS_DECL__ unsigned long long __ldcv(const unsigned long long *ptr) __DEF_IF_HOST
      |                                                                                    ^~~~~~~~~~~~~
/usr/local/cuda/include/sm_32_intrinsics.h: In function 'uchar2 __ldcv(const uchar2*)':
/usr/local/cuda/include/sm_32_intrinsics.h:74:25: warning: no return statement in function returning non-void [-Wreturn-type]
   74 | #define __DEF_IF_HOST { }
      |                         ^
/usr/local/cuda/include/sm_32_intrinsics.h:287:60: note: in expansion of macro '__DEF_IF_HOST'
  287 | __SM_32_INTRINSICS_DECL__ uchar2 __ldcv(const uchar2 *ptr) __DEF_IF_HOST
      |                                                            ^~~~~~~~~~~~~
/usr/local/cuda/include/sm_32_intrinsics.h: In function 'uchar4 __ldcv(const uchar4*)':
/usr/local/cuda/include/sm_32_intrinsics.h:74:25: warning: no return statement in function returning non-void [-Wreturn-type]
   74 | #define __DEF_IF_HOST { }
      |                         ^
/usr/local/cuda/include/sm_32_intrinsics.h:288:60: note: in expansion of macro '__DEF_IF_HOST'
  288 | __SM_32_INTRINSICS_DECL__ uchar4 __ldcv(const uchar4 *ptr) __DEF_IF_HOST
      |                                                            ^~~~~~~~~~~~~
/usr/local/cuda/include/sm_32_intrinsics.h: In function 'ushort2 __ldcv(const ushort2*)':
/usr/local/cuda/include/sm_32_intrinsics.h:74:25: warning: no return statement in function returning non-void [-Wreturn-type]
   74 | #define __DEF_IF_HOST { }
      |                         ^
/usr/local/cuda/include/sm_32_intrinsics.h:289:62: note: in expansion of macro '__DEF_IF_HOST'
  289 | __SM_32_INTRINSICS_DECL__ ushort2 __ldcv(const ushort2 *ptr) __DEF_IF_HOST
      |                                                              ^~~~~~~~~~~~~
/usr/local/cuda/include/sm_32_intrinsics.h: In function 'ushort4 __ldcv(const ushort4*)':
/usr/local/cuda/include/sm_32_intrinsics.h:74:25: warning: no return statement in function returning non-void [-Wreturn-type]
   74 | #define __DEF_IF_HOST { }
      |                         ^
/usr/local/cuda/include/sm_32_intrinsics.h:290:62: note: in expansion of macro '__DEF_IF_HOST'
  290 | __SM_32_INTRINSICS_DECL__ ushort4 __ldcv(const ushort4 *ptr) __DEF_IF_HOST
      |                                                              ^~~~~~~~~~~~~
/usr/local/cuda/include/sm_32_intrinsics.h: In function 'uint2 __ldcv(const uint2*)':
/usr/local/cuda/include/sm_32_intrinsics.h:74:25: warning: no return statement in function returning non-void [-Wreturn-type]
   74 | #define __DEF_IF_HOST { }
      |                         ^
/usr/local/cuda/include/sm_32_intrinsics.h:291:58: note: in expansion of macro '__DEF_IF_HOST'
  291 | __SM_32_INTRINSICS_DECL__ uint2 __ldcv(const uint2 *ptr) __DEF_IF_HOST
      |                                                          ^~~~~~~~~~~~~
/usr/local/cuda/include/sm_32_intrinsics.h: In function 'uint4 __ldcv(const uint4*)':
/usr/local/cuda/include/sm_32_intrinsics.h:74:25: warning: no return statement in function returning non-void [-Wreturn-type]
   74 | #define __DEF_IF_HOST { }
      |                         ^
/usr/local/cuda/include/sm_32_intrinsics.h:292:58: note: in expansion of macro '__DEF_IF_HOST'
  292 | __SM_32_INTRINSICS_DECL__ uint4 __ldcv(const uint4 *ptr) __DEF_IF_HOST
      |                                                          ^~~~~~~~~~~~~
/usr/local/cuda/include/sm_32_intrinsics.h: In function 'ulonglong2 __ldcv(const ulonglong2*)':
/usr/local/cuda/include/sm_32_intrinsics.h:74:25: warning: no return statement in function returning non-void [-Wreturn-type]
   74 | #define __DEF_IF_HOST { }
      |                         ^
/usr/local/cuda/include/sm_32_intrinsics.h:293:68: note: in expansion of macro '__DEF_IF_HOST'
  293 | __SM_32_INTRINSICS_DECL__ ulonglong2 __ldcv(const ulonglong2 *ptr) __DEF_IF_HOST
      |                                                                    ^~~~~~~~~~~~~
/usr/local/cuda/include/sm_32_intrinsics.h: In function 'float __ldcv(const float*)':
/usr/local/cuda/include/sm_32_intrinsics.h:74:25: warning: no return statement in function returning non-void [-Wreturn-type]
   74 | #define __DEF_IF_HOST { }
      |                         ^
/usr/local/cuda/include/sm_32_intrinsics.h:295:58: note: in expansion of macro '__DEF_IF_HOST'
  295 | __SM_32_INTRINSICS_DECL__ float __ldcv(const float *ptr) __DEF_IF_HOST
      |                                                          ^~~~~~~~~~~~~
/usr/local/cuda/include/sm_32_intrinsics.h: In function 'double __ldcv(const double*)':
/usr/local/cuda/include/sm_32_intrinsics.h:74:25: warning: no return statement in function returning non-void [-Wreturn-type]
   74 | #define __DEF_IF_HOST { }
      |                         ^
/usr/local/cuda/include/sm_32_intrinsics.h:296:60: note: in expansion of macro '__DEF_IF_HOST'
  296 | __SM_32_INTRINSICS_DECL__ double __ldcv(const double *ptr) __DEF_IF_HOST
      |                                                            ^~~~~~~~~~~~~
/usr/local/cuda/include/sm_32_intrinsics.h: In function 'float2 __ldcv(const float2*)':
/usr/local/cuda/include/sm_32_intrinsics.h:74:25: warning: no return statement in function returning non-void [-Wreturn-type]
   74 | #define __DEF_IF_HOST { }
      |                         ^
/usr/local/cuda/include/sm_32_intrinsics.h:297:60: note: in expansion of macro '__DEF_IF_HOST'
  297 | __SM_32_INTRINSICS_DECL__ float2 __ldcv(const float2 *ptr) __DEF_IF_HOST
      |                                                            ^~~~~~~~~~~~~
/usr/local/cuda/include/sm_32_intrinsics.h: In function 'float4 __ldcv(const float4*)':
/usr/local/cuda/include/sm_32_intrinsics.h:74:25: warning: no return statement in function returning non-void [-Wreturn-type]
   74 | #define __DEF_IF_HOST { }
      |                         ^
/usr/local/cuda/include/sm_32_intrinsics.h:298:60: note: in expansion of macro '__DEF_IF_HOST'
  298 | __SM_32_INTRINSICS_DECL__ float4 __ldcv(const float4 *ptr) __DEF_IF_HOST
      |                                                            ^~~~~~~~~~~~~
/usr/local/cuda/include/sm_32_intrinsics.h: In function 'double2 __ldcv(const double2*)':
/usr/local/cuda/include/sm_32_intrinsics.h:74:25: warning: no return statement in function returning non-void [-Wreturn-type]
   74 | #define __DEF_IF_HOST { }
      |                         ^
/usr/local/cuda/include/sm_32_intrinsics.h:299:62: note: in expansion of macro '__DEF_IF_HOST'
  299 | __SM_32_INTRINSICS_DECL__ double2 __ldcv(const double2 *ptr) __DEF_IF_HOST
      |                                                              ^~~~~~~~~~~~~
/usr/local/cuda/include/sm_32_intrinsics.h: In function 'unsigned int __funnelshift_l(unsigned int, unsigned int, unsigned int)':
/usr/local/cuda/include/sm_32_intrinsics.h:74:25: warning: no return statement in function returning non-void [-Wreturn-type]
   74 | #define __DEF_IF_HOST { }
      |                         ^
/usr/local/cuda/include/sm_32_intrinsics.h:460:110: note: in expansion of macro '__DEF_IF_HOST'
  460 | __SM_32_INTRINSICS_DECL__ unsigned int __funnelshift_l(unsigned int lo, unsigned int hi, unsigned int shift) __DEF_IF_HOST
      |                                                                                                              ^~~~~~~~~~~~~
/usr/local/cuda/include/sm_32_intrinsics.h: In function 'unsigned int __funnelshift_lc(unsigned int, unsigned int, unsigned int)':
/usr/local/cuda/include/sm_32_intrinsics.h:74:25: warning: no return statement in function returning non-void [-Wreturn-type]
   74 | #define __DEF_IF_HOST { }
      |                         ^
/usr/local/cuda/include/sm_32_intrinsics.h:472:111: note: in expansion of macro '__DEF_IF_HOST'
  472 | __SM_32_INTRINSICS_DECL__ unsigned int __funnelshift_lc(unsigned int lo, unsigned int hi, unsigned int shift) __DEF_IF_HOST
      |                                                                                                               ^~~~~~~~~~~~~
/usr/local/cuda/include/sm_32_intrinsics.h: In function 'unsigned int __funnelshift_r(unsigned int, unsigned int, unsigned int)':
/usr/local/cuda/include/sm_32_intrinsics.h:74:25: warning: no return statement in function returning non-void [-Wreturn-type]
   74 | #define __DEF_IF_HOST { }
      |                         ^
/usr/local/cuda/include/sm_32_intrinsics.h:485:110: note: in expansion of macro '__DEF_IF_HOST'
  485 | __SM_32_INTRINSICS_DECL__ unsigned int __funnelshift_r(unsigned int lo, unsigned int hi, unsigned int shift) __DEF_IF_HOST
      |                                                                                                              ^~~~~~~~~~~~~
/usr/local/cuda/include/sm_32_intrinsics.h: In function 'unsigned int __funnelshift_rc(unsigned int, unsigned int, unsigned int)':
/usr/local/cuda/include/sm_32_intrinsics.h:74:25: warning: no return statement in function returning non-void [-Wreturn-type]
   74 | #define __DEF_IF_HOST { }
      |                         ^
/usr/local/cuda/include/sm_32_intrinsics.h:497:111: note: in expansion of macro '__DEF_IF_HOST'
  497 | __SM_32_INTRINSICS_DECL__ unsigned int __funnelshift_rc(unsigned int lo, unsigned int hi, unsigned int shift) __DEF_IF_HOST
      |                                                                                                               ^~~~~~~~~~~~~
In file included from /usr/local/cuda/include/crt/device_functions.h:3625,
                 from /home/GVirtuS/GVirtuS/plugins/cudart/backend/CudaRtHandler.h:71,
                 from /home/GVirtuS/GVirtuS/plugins/cudart/backend/CudaRtHandler_surface.cpp:27:
/usr/local/cuda/include/sm_61_intrinsics.h: In function 'int __dp2a_lo(int, int, int)':
/usr/local/cuda/include/sm_61_intrinsics.h:72:25: warning: no return statement in function returning non-void [-Wreturn-type]
   72 | #define __DEF_IF_HOST { }
      |                         ^
/usr/local/cuda/include/sm_61_intrinsics.h:99:68: note: in expansion of macro '__DEF_IF_HOST'
   99 | __SM_61_INTRINSICS_DECL__ int __dp2a_lo(int srcA, int srcB, int c) __DEF_IF_HOST
      |                                                                    ^~~~~~~~~~~~~
/usr/local/cuda/include/sm_61_intrinsics.h: In function 'unsigned int __dp2a_lo(unsigned int, unsigned int, unsigned int)':
/usr/local/cuda/include/sm_61_intrinsics.h:72:25: warning: no return statement in function returning non-void [-Wreturn-type]
   72 | #define __DEF_IF_HOST { }
      |                         ^
/usr/local/cuda/include/sm_61_intrinsics.h:110:104: note: in expansion of macro '__DEF_IF_HOST'
  110 | __SM_61_INTRINSICS_DECL__ unsigned int __dp2a_lo(unsigned int srcA, unsigned int srcB, unsigned int c) __DEF_IF_HOST
      |                                                                                                        ^~~~~~~~~~~~~
/usr/local/cuda/include/sm_61_intrinsics.h: In function 'int __dp2a_lo(short2, char4, int)':
/usr/local/cuda/include/sm_61_intrinsics.h:72:25: warning: no return statement in function returning non-void [-Wreturn-type]
   72 | #define __DEF_IF_HOST { }
      |                         ^
/usr/local/cuda/include/sm_61_intrinsics.h:122:73: note: in expansion of macro '__DEF_IF_HOST'
  122 | __SM_61_INTRINSICS_DECL__ int __dp2a_lo(short2 srcA, char4 srcB, int c) __DEF_IF_HOST
      |                                                                         ^~~~~~~~~~~~~
/usr/local/cuda/include/sm_61_intrinsics.h: In function 'unsigned int __dp2a_lo(ushort2, uchar4, unsigned int)':
/usr/local/cuda/include/sm_61_intrinsics.h:72:25: warning: no return statement in function returning non-void [-Wreturn-type]
   72 | #define __DEF_IF_HOST { }
      |                         ^
/usr/local/cuda/include/sm_61_intrinsics.h:133:93: note: in expansion of macro '__DEF_IF_HOST'
  133 | __SM_61_INTRINSICS_DECL__ unsigned int __dp2a_lo(ushort2 srcA, uchar4 srcB, unsigned int c) __DEF_IF_HOST
      |                                                                                             ^~~~~~~~~~~~~
/usr/local/cuda/include/sm_61_intrinsics.h: In function 'int __dp2a_hi(int, int, int)':
/usr/local/cuda/include/sm_61_intrinsics.h:72:25: warning: no return statement in function returning non-void [-Wreturn-type]
   72 | #define __DEF_IF_HOST { }
      |                         ^
/usr/local/cuda/include/sm_61_intrinsics.h:145:68: note: in expansion of macro '__DEF_IF_HOST'
  145 | __SM_61_INTRINSICS_DECL__ int __dp2a_hi(int srcA, int srcB, int c) __DEF_IF_HOST
      |                                                                    ^~~~~~~~~~~~~
/usr/local/cuda/include/sm_61_intrinsics.h: In function 'unsigned int __dp2a_hi(unsigned int, unsigned int, unsigned int)':
/usr/local/cuda/include/sm_61_intrinsics.h:72:25: warning: no return statement in function returning non-void [-Wreturn-type]
   72 | #define __DEF_IF_HOST { }
      |                         ^
/usr/local/cuda/include/sm_61_intrinsics.h:156:104: note: in expansion of macro '__DEF_IF_HOST'
  156 | __SM_61_INTRINSICS_DECL__ unsigned int __dp2a_hi(unsigned int srcA, unsigned int srcB, unsigned int c) __DEF_IF_HOST
      |                                                                                                        ^~~~~~~~~~~~~
/usr/local/cuda/include/sm_61_intrinsics.h: In function 'int __dp2a_hi(short2, char4, int)':
/usr/local/cuda/include/sm_61_intrinsics.h:72:25: warning: no return statement in function returning non-void [-Wreturn-type]
   72 | #define __DEF_IF_HOST { }
      |                         ^
/usr/local/cuda/include/sm_61_intrinsics.h:168:73: note: in expansion of macro '__DEF_IF_HOST'
  168 | __SM_61_INTRINSICS_DECL__ int __dp2a_hi(short2 srcA, char4 srcB, int c) __DEF_IF_HOST
      |                                                                         ^~~~~~~~~~~~~
/usr/local/cuda/include/sm_61_intrinsics.h: In function 'unsigned int __dp2a_hi(ushort2, uchar4, unsigned int)':
/usr/local/cuda/include/sm_61_intrinsics.h:72:25: warning: no return statement in function returning non-void [-Wreturn-type]
   72 | #define __DEF_IF_HOST { }
      |                         ^
/usr/local/cuda/include/sm_61_intrinsics.h:179:93: note: in expansion of macro '__DEF_IF_HOST'
  179 | __SM_61_INTRINSICS_DECL__ unsigned int __dp2a_hi(ushort2 srcA, uchar4 srcB, unsigned int c) __DEF_IF_HOST
      |                                                                                             ^~~~~~~~~~~~~
/usr/local/cuda/include/sm_61_intrinsics.h: In function 'int __dp4a(int, int, int)':
/usr/local/cuda/include/sm_61_intrinsics.h:72:25: warning: no return statement in function returning non-void [-Wreturn-type]
   72 | #define __DEF_IF_HOST { }
      |                         ^
/usr/local/cuda/include/sm_61_intrinsics.h:194:65: note: in expansion of macro '__DEF_IF_HOST'
  194 | __SM_61_INTRINSICS_DECL__ int __dp4a(int srcA, int srcB, int c) __DEF_IF_HOST
      |                                                                 ^~~~~~~~~~~~~
/usr/local/cuda/include/sm_61_intrinsics.h: In function 'unsigned int __dp4a(unsigned int, unsigned int, unsigned int)':
/usr/local/cuda/include/sm_61_intrinsics.h:72:25: warning: no return statement in function returning non-void [-Wreturn-type]
   72 | #define __DEF_IF_HOST { }
      |                         ^
/usr/local/cuda/include/sm_61_intrinsics.h:203:101: note: in expansion of macro '__DEF_IF_HOST'
  203 | __SM_61_INTRINSICS_DECL__ unsigned int __dp4a(unsigned int srcA, unsigned int srcB, unsigned int c) __DEF_IF_HOST
      |                                                                                                     ^~~~~~~~~~~~~
/usr/local/cuda/include/sm_61_intrinsics.h: In function 'int __dp4a(char4, char4, int)':
/usr/local/cuda/include/sm_61_intrinsics.h:72:25: warning: no return statement in function returning non-void [-Wreturn-type]
   72 | #define __DEF_IF_HOST { }
      |                         ^
/usr/local/cuda/include/sm_61_intrinsics.h:213:69: note: in expansion of macro '__DEF_IF_HOST'
  213 | __SM_61_INTRINSICS_DECL__ int __dp4a(char4 srcA, char4 srcB, int c) __DEF_IF_HOST
      |                                                                     ^~~~~~~~~~~~~
/usr/local/cuda/include/sm_61_intrinsics.h: In function 'unsigned int __dp4a(uchar4, uchar4, unsigned int)':
/usr/local/cuda/include/sm_61_intrinsics.h:72:25: warning: no return statement in function returning non-void [-Wreturn-type]
   72 | #define __DEF_IF_HOST { }
      |                         ^
/usr/local/cuda/include/sm_61_intrinsics.h:222:89: note: in expansion of macro '__DEF_IF_HOST'
  222 | __SM_61_INTRINSICS_DECL__ unsigned int __dp4a(uchar4 srcA, uchar4 srcB, unsigned int c) __DEF_IF_HOST
      |                                                                                         ^~~~~~~~~~~~~
In file included from /usr/local/cuda/include/crt/device_functions.h:3626,
                 from /home/GVirtuS/GVirtuS/plugins/cudart/backend/CudaRtHandler.h:71,
                 from /home/GVirtuS/GVirtuS/plugins/cudart/backend/CudaRtHandler_surface.cpp:27:
/usr/local/cuda/include/crt/sm_70_rt.h: In function 'unsigned int __match_any_sync(unsigned int, unsigned int)':
/usr/local/cuda/include/crt/sm_70_rt.h:84:25: warning: no return statement in function returning non-void [-Wreturn-type]
   84 | #define __DEF_IF_HOST { }
      |                         ^
/usr/local/cuda/include/crt/sm_70_rt.h:93:80: note: in expansion of macro '__DEF_IF_HOST'
   93 | __SM_70_RT_DECL__ unsigned int __match_any_sync(unsigned mask, unsigned value) __DEF_IF_HOST
      |                                                                                ^~~~~~~~~~~~~
/usr/local/cuda/include/crt/sm_70_rt.h: In function 'unsigned int __match_any_sync(unsigned int, int)':
/usr/local/cuda/include/crt/sm_70_rt.h:84:25: warning: no return statement in function returning non-void [-Wreturn-type]
   84 | #define __DEF_IF_HOST { }
      |                         ^
/usr/local/cuda/include/crt/sm_70_rt.h:94:75: note: in expansion of macro '__DEF_IF_HOST'
   94 | __SM_70_RT_DECL__ unsigned int __match_any_sync(unsigned mask, int value) __DEF_IF_HOST
      |                                                                           ^~~~~~~~~~~~~
/usr/local/cuda/include/crt/sm_70_rt.h: In function 'unsigned int __match_any_sync(unsigned int, long unsigned int)':
/usr/local/cuda/include/crt/sm_70_rt.h:84:25: warning: no return statement in function returning non-void [-Wreturn-type]
   84 | #define __DEF_IF_HOST { }
      |                         ^
/usr/local/cuda/include/crt/sm_70_rt.h:95:85: note: in expansion of macro '__DEF_IF_HOST'
   95 | __SM_70_RT_DECL__ unsigned int __match_any_sync(unsigned mask, unsigned long value) __DEF_IF_HOST
      |                                                                                     ^~~~~~~~~~~~~
/usr/local/cuda/include/crt/sm_70_rt.h: In function 'unsigned int __match_any_sync(unsigned int, long int)':
/usr/local/cuda/include/crt/sm_70_rt.h:84:25: warning: no return statement in function returning non-void [-Wreturn-type]
   84 | #define __DEF_IF_HOST { }
      |                         ^
/usr/local/cuda/include/crt/sm_70_rt.h:96:76: note: in expansion of macro '__DEF_IF_HOST'
   96 | __SM_70_RT_DECL__ unsigned int __match_any_sync(unsigned mask, long value) __DEF_IF_HOST
      |                                                                            ^~~~~~~~~~~~~
/usr/local/cuda/include/crt/sm_70_rt.h: In function 'unsigned int __match_any_sync(unsigned int, long long unsigned int)':
/usr/local/cuda/include/crt/sm_70_rt.h:84:25: warning: no return statement in function returning non-void [-Wreturn-type]
   84 | #define __DEF_IF_HOST { }
      |                         ^
/usr/local/cuda/include/crt/sm_70_rt.h:97:90: note: in expansion of macro '__DEF_IF_HOST'
   97 | __SM_70_RT_DECL__ unsigned int __match_any_sync(unsigned mask, unsigned long long value) __DEF_IF_HOST
      |                                                                                          ^~~~~~~~~~~~~
/usr/local/cuda/include/crt/sm_70_rt.h: In function 'unsigned int __match_any_sync(unsigned int, long long int)':
/usr/local/cuda/include/crt/sm_70_rt.h:84:25: warning: no return statement in function returning non-void [-Wreturn-type]
   84 | #define __DEF_IF_HOST { }
      |                         ^
/usr/local/cuda/include/crt/sm_70_rt.h:98:81: note: in expansion of macro '__DEF_IF_HOST'
   98 | __SM_70_RT_DECL__ unsigned int __match_any_sync(unsigned mask, long long value) __DEF_IF_HOST
      |                                                                                 ^~~~~~~~~~~~~
/usr/local/cuda/include/crt/sm_70_rt.h: In function 'unsigned int __match_any_sync(unsigned int, float)':
/usr/local/cuda/include/crt/sm_70_rt.h:84:25: warning: no return statement in function returning non-void [-Wreturn-type]
   84 | #define __DEF_IF_HOST { }
      |                         ^
/usr/local/cuda/include/crt/sm_70_rt.h:99:77: note: in expansion of macro '__DEF_IF_HOST'
   99 | __SM_70_RT_DECL__ unsigned int __match_any_sync(unsigned mask, float value) __DEF_IF_HOST
      |                                                                             ^~~~~~~~~~~~~
/usr/local/cuda/include/crt/sm_70_rt.h: In function 'unsigned int __match_any_sync(unsigned int, double)':
/usr/local/cuda/include/crt/sm_70_rt.h:84:25: warning: no return statement in function returning non-void [-Wreturn-type]
   84 | #define __DEF_IF_HOST { }
      |                         ^
/usr/local/cuda/include/crt/sm_70_rt.h:100:78: note: in expansion of macro '__DEF_IF_HOST'
  100 | __SM_70_RT_DECL__ unsigned int __match_any_sync(unsigned mask, double value) __DEF_IF_HOST
      |                                                                              ^~~~~~~~~~~~~
/usr/local/cuda/include/crt/sm_70_rt.h: In function 'unsigned int __match_all_sync(unsigned int, unsigned int, int*)':
/usr/local/cuda/include/crt/sm_70_rt.h:84:25: warning: no return statement in function returning non-void [-Wreturn-type]
   84 | #define __DEF_IF_HOST { }
      |                         ^
/usr/local/cuda/include/crt/sm_70_rt.h:102:91: note: in expansion of macro '__DEF_IF_HOST'
  102 | __SM_70_RT_DECL__ unsigned int __match_all_sync(unsigned mask, unsigned value, int *pred) __DEF_IF_HOST
      |                                                                                           ^~~~~~~~~~~~~
/usr/local/cuda/include/crt/sm_70_rt.h: In function 'unsigned int __match_all_sync(unsigned int, int, int*)':
/usr/local/cuda/include/crt/sm_70_rt.h:84:25: warning: no return statement in function returning non-void [-Wreturn-type]
   84 | #define __DEF_IF_HOST { }
      |                         ^
/usr/local/cuda/include/crt/sm_70_rt.h:103:86: note: in expansion of macro '__DEF_IF_HOST'
  103 | __SM_70_RT_DECL__ unsigned int __match_all_sync(unsigned mask, int value, int *pred) __DEF_IF_HOST
      |                                                                                      ^~~~~~~~~~~~~
/usr/local/cuda/include/crt/sm_70_rt.h: In function 'unsigned int __match_all_sync(unsigned int, long unsigned int, int*)':
/usr/local/cuda/include/crt/sm_70_rt.h:84:25: warning: no return statement in function returning non-void [-Wreturn-type]
   84 | #define __DEF_IF_HOST { }
      |                         ^
/usr/local/cuda/include/crt/sm_70_rt.h:104:96: note: in expansion of macro '__DEF_IF_HOST'
  104 | __SM_70_RT_DECL__ unsigned int __match_all_sync(unsigned mask, unsigned long value, int *pred) __DEF_IF_HOST
      |                                                                                                ^~~~~~~~~~~~~
/usr/local/cuda/include/crt/sm_70_rt.h: In function 'unsigned int __match_all_sync(unsigned int, long int, int*)':
/usr/local/cuda/include/crt/sm_70_rt.h:84:25: warning: no return statement in function returning non-void [-Wreturn-type]
   84 | #define __DEF_IF_HOST { }
      |                         ^
/usr/local/cuda/include/crt/sm_70_rt.h:105:87: note: in expansion of macro '__DEF_IF_HOST'
  105 | __SM_70_RT_DECL__ unsigned int __match_all_sync(unsigned mask, long value, int *pred) __DEF_IF_HOST
      |                                                                                       ^~~~~~~~~~~~~
/usr/local/cuda/include/crt/sm_70_rt.h: In function 'unsigned int __match_all_sync(unsigned int, long long unsigned int, int*)':
/usr/local/cuda/include/crt/sm_70_rt.h:84:25: warning: no return statement in function returning non-void [-Wreturn-type]
   84 | #define __DEF_IF_HOST { }
      |                         ^
/usr/local/cuda/include/crt/sm_70_rt.h:106:101: note: in expansion of macro '__DEF_IF_HOST'
  106 | __SM_70_RT_DECL__ unsigned int __match_all_sync(unsigned mask, unsigned long long value, int *pred) __DEF_IF_HOST
      |                                                                                                     ^~~~~~~~~~~~~
/usr/local/cuda/include/crt/sm_70_rt.h: In function 'unsigned int __match_all_sync(unsigned int, long long int, int*)':
/usr/local/cuda/include/crt/sm_70_rt.h:84:25: warning: no return statement in function returning non-void [-Wreturn-type]
   84 | #define __DEF_IF_HOST { }
      |                         ^
/usr/local/cuda/include/crt/sm_70_rt.h:107:92: note: in expansion of macro '__DEF_IF_HOST'
  107 | __SM_70_RT_DECL__ unsigned int __match_all_sync(unsigned mask, long long value, int *pred) __DEF_IF_HOST
      |                                                                                            ^~~~~~~~~~~~~
/usr/local/cuda/include/crt/sm_70_rt.h: In function 'unsigned int __match_all_sync(unsigned int, float, int*)':
/usr/local/cuda/include/crt/sm_70_rt.h:84:25: warning: no return statement in function returning non-void [-Wreturn-type]
   84 | #define __DEF_IF_HOST { }
      |                         ^
/usr/local/cuda/include/crt/sm_70_rt.h:108:88: note: in expansion of macro '__DEF_IF_HOST'
  108 | __SM_70_RT_DECL__ unsigned int __match_all_sync(unsigned mask, float value, int *pred) __DEF_IF_HOST
      |                                                                                        ^~~~~~~~~~~~~
/usr/local/cuda/include/crt/sm_70_rt.h: In function 'unsigned int __match_all_sync(unsigned int, double, int*)':
/usr/local/cuda/include/crt/sm_70_rt.h:84:25: warning: no return statement in function returning non-void [-Wreturn-type]
   84 | #define __DEF_IF_HOST { }
      |                         ^
/usr/local/cuda/include/crt/sm_70_rt.h:109:89: note: in expansion of macro '__DEF_IF_HOST'
  109 | __SM_70_RT_DECL__ unsigned int __match_all_sync(unsigned mask, double value, int *pred) __DEF_IF_HOST
      |                                                                                         ^~~~~~~~~~~~~
/usr/local/cuda/include/crt/sm_70_rt.h: In function 'short unsigned int atomicCAS(short unsigned int*, short unsigned int, short unsigned int)':
/usr/local/cuda/include/crt/sm_70_rt.h:84:25: warning: no return statement in function returning non-void [-Wreturn-type]
   84 | #define __DEF_IF_HOST { }
      |                         ^
/usr/local/cuda/include/crt/sm_70_rt.h:113:129: note: in expansion of macro '__DEF_IF_HOST'
  113 | __SM_70_RT_DECL__ unsigned short int atomicCAS(unsigned short int *address, unsigned short int compare, unsigned short int val) __DEF_IF_HOST
      |                                                                                                                                 ^~~~~~~~~~~~~
In file included from /usr/local/cuda/include/crt/device_functions.h:3627,
                 from /home/GVirtuS/GVirtuS/plugins/cudart/backend/CudaRtHandler.h:71,
                 from /home/GVirtuS/GVirtuS/plugins/cudart/backend/CudaRtHandler_surface.cpp:27:
/usr/local/cuda/include/crt/sm_80_rt.h: In function 'unsigned int __reduce_add_sync(unsigned int, unsigned int)':
/usr/local/cuda/include/crt/sm_80_rt.h:84:25: warning: no return statement in function returning non-void [-Wreturn-type]
   84 | #define __DEF_IF_HOST { }
      |                         ^
/usr/local/cuda/include/crt/sm_80_rt.h:93:77: note: in expansion of macro '__DEF_IF_HOST'
   93 | __SM_80_RT_DECL__ unsigned __reduce_add_sync(unsigned mask, unsigned value) __DEF_IF_HOST
      |                                                                             ^~~~~~~~~~~~~
/usr/local/cuda/include/crt/sm_80_rt.h: In function 'unsigned int __reduce_min_sync(unsigned int, unsigned int)':
/usr/local/cuda/include/crt/sm_80_rt.h:84:25: warning: no return statement in function returning non-void [-Wreturn-type]
   84 | #define __DEF_IF_HOST { }
      |                         ^
/usr/local/cuda/include/crt/sm_80_rt.h:94:77: note: in expansion of macro '__DEF_IF_HOST'
   94 | __SM_80_RT_DECL__ unsigned __reduce_min_sync(unsigned mask, unsigned value) __DEF_IF_HOST
      |                                                                             ^~~~~~~~~~~~~
/usr/local/cuda/include/crt/sm_80_rt.h: In function 'unsigned int __reduce_max_sync(unsigned int, unsigned int)':
/usr/local/cuda/include/crt/sm_80_rt.h:84:25: warning: no return statement in function returning non-void [-Wreturn-type]
   84 | #define __DEF_IF_HOST { }
      |                         ^
/usr/local/cuda/include/crt/sm_80_rt.h:95:77: note: in expansion of macro '__DEF_IF_HOST'
   95 | __SM_80_RT_DECL__ unsigned __reduce_max_sync(unsigned mask, unsigned value) __DEF_IF_HOST
      |                                                                             ^~~~~~~~~~~~~
/usr/local/cuda/include/crt/sm_80_rt.h: In function 'int __reduce_add_sync(unsigned int, int)':
/usr/local/cuda/include/crt/sm_80_rt.h:84:25: warning: no return statement in function returning non-void [-Wreturn-type]
   84 | #define __DEF_IF_HOST { }
      |                         ^
/usr/local/cuda/include/crt/sm_80_rt.h:97:67: note: in expansion of macro '__DEF_IF_HOST'
   97 | __SM_80_RT_DECL__ int __reduce_add_sync(unsigned mask, int value) __DEF_IF_HOST
      |                                                                   ^~~~~~~~~~~~~
/usr/local/cuda/include/crt/sm_80_rt.h: In function 'int __reduce_min_sync(unsigned int, int)':
/usr/local/cuda/include/crt/sm_80_rt.h:84:25: warning: no return statement in function returning non-void [-Wreturn-type]
   84 | #define __DEF_IF_HOST { }
      |                         ^
/usr/local/cuda/include/crt/sm_80_rt.h:98:67: note: in expansion of macro '__DEF_IF_HOST'
   98 | __SM_80_RT_DECL__ int __reduce_min_sync(unsigned mask, int value) __DEF_IF_HOST
      |                                                                   ^~~~~~~~~~~~~
/usr/local/cuda/include/crt/sm_80_rt.h: In function 'int __reduce_max_sync(unsigned int, int)':
/usr/local/cuda/include/crt/sm_80_rt.h:84:25: warning: no return statement in function returning non-void [-Wreturn-type]
   84 | #define __DEF_IF_HOST { }
      |                         ^
/usr/local/cuda/include/crt/sm_80_rt.h:99:67: note: in expansion of macro '__DEF_IF_HOST'
   99 | __SM_80_RT_DECL__ int __reduce_max_sync(unsigned mask, int value) __DEF_IF_HOST
      |                                                                   ^~~~~~~~~~~~~
/usr/local/cuda/include/crt/sm_80_rt.h: In function 'unsigned int __reduce_and_sync(unsigned int, unsigned int)':
/usr/local/cuda/include/crt/sm_80_rt.h:84:25: warning: no return statement in function returning non-void [-Wreturn-type]
   84 | #define __DEF_IF_HOST { }
      |                         ^
/usr/local/cuda/include/crt/sm_80_rt.h:101:77: note: in expansion of macro '__DEF_IF_HOST'
  101 | __SM_80_RT_DECL__ unsigned __reduce_and_sync(unsigned mask, unsigned value) __DEF_IF_HOST
      |                                                                             ^~~~~~~~~~~~~
/usr/local/cuda/include/crt/sm_80_rt.h: In function 'unsigned int __reduce_or_sync(unsigned int, unsigned int)':
/usr/local/cuda/include/crt/sm_80_rt.h:84:25: warning: no return statement in function returning non-void [-Wreturn-type]
   84 | #define __DEF_IF_HOST { }
      |                         ^
/usr/local/cuda/include/crt/sm_80_rt.h:102:76: note: in expansion of macro '__DEF_IF_HOST'
  102 | __SM_80_RT_DECL__ unsigned __reduce_or_sync(unsigned mask, unsigned value) __DEF_IF_HOST
      |                                                                            ^~~~~~~~~~~~~
/usr/local/cuda/include/crt/sm_80_rt.h: In function 'unsigned int __reduce_xor_sync(unsigned int, unsigned int)':
/usr/local/cuda/include/crt/sm_80_rt.h:84:25: warning: no return statement in function returning non-void [-Wreturn-type]
   84 | #define __DEF_IF_HOST { }
      |                         ^
/usr/local/cuda/include/crt/sm_80_rt.h:103:77: note: in expansion of macro '__DEF_IF_HOST'
  103 | __SM_80_RT_DECL__ unsigned __reduce_xor_sync(unsigned mask, unsigned value) __DEF_IF_HOST
      |                                                                             ^~~~~~~~~~~~~
In file included from /usr/local/cuda/include/crt/device_functions.h:3628,
                 from /home/GVirtuS/GVirtuS/plugins/cudart/backend/CudaRtHandler.h:71,
                 from /home/GVirtuS/GVirtuS/plugins/cudart/backend/CudaRtHandler_surface.cpp:27:
/usr/local/cuda/include/crt/sm_90_rt.h: In function 'unsigned int __isCtaShared(const void*)':
/usr/local/cuda/include/crt/sm_90_rt.h:84:25: warning: no return statement in function returning non-void [-Wreturn-type]
   84 | #define __DEF_IF_HOST { }
      |                         ^
/usr/local/cuda/include/crt/sm_90_rt.h:89:59: note: in expansion of macro '__DEF_IF_HOST'
   89 | __SM_90_RT_DECL__ unsigned __isCtaShared(const void *ptr) __DEF_IF_HOST
      |                                                           ^~~~~~~~~~~~~
/usr/local/cuda/include/crt/sm_90_rt.h: In function 'unsigned int __isClusterShared(const void*)':
/usr/local/cuda/include/crt/sm_90_rt.h:84:25: warning: no return statement in function returning non-void [-Wreturn-type]
   84 | #define __DEF_IF_HOST { }
      |                         ^
/usr/local/cuda/include/crt/sm_90_rt.h:90:63: note: in expansion of macro '__DEF_IF_HOST'
   90 | __SM_90_RT_DECL__ unsigned __isClusterShared(const void *ptr) __DEF_IF_HOST
      |                                                               ^~~~~~~~~~~~~
/usr/local/cuda/include/crt/sm_90_rt.h: In function 'void* __cluster_map_shared_rank(const void*, unsigned int)':
/usr/local/cuda/include/crt/sm_90_rt.h:84:25: warning: no return statement in function returning non-void [-Wreturn-type]
   84 | #define __DEF_IF_HOST { }
      |                         ^
/usr/local/cuda/include/crt/sm_90_rt.h:91:97: note: in expansion of macro '__DEF_IF_HOST'
   91 | __SM_90_RT_DECL__ void *__cluster_map_shared_rank(const void *ptr, unsigned target_block_rank)  __DEF_IF_HOST
      |                                                                                                 ^~~~~~~~~~~~~
/usr/local/cuda/include/crt/sm_90_rt.h: In function 'unsigned int __cluster_query_shared_rank(const void*)':
/usr/local/cuda/include/crt/sm_90_rt.h:84:25: warning: no return statement in function returning non-void [-Wreturn-type]
   84 | #define __DEF_IF_HOST { }
      |                         ^
/usr/local/cuda/include/crt/sm_90_rt.h:92:73: note: in expansion of macro '__DEF_IF_HOST'
   92 | __SM_90_RT_DECL__ unsigned __cluster_query_shared_rank(const void *ptr) __DEF_IF_HOST
      |                                                                         ^~~~~~~~~~~~~
/usr/local/cuda/include/crt/sm_90_rt.h: In function 'uint2 __cluster_map_shared_multicast(const void*, unsigned int)':
/usr/local/cuda/include/crt/sm_90_rt.h:84:25: warning: no return statement in function returning non-void [-Wreturn-type]
   84 | #define __DEF_IF_HOST { }
      |                         ^
/usr/local/cuda/include/crt/sm_90_rt.h:93:100: note: in expansion of macro '__DEF_IF_HOST'
   93 | __SM_90_RT_DECL__ uint2 __cluster_map_shared_multicast(const void *ptr, unsigned cluster_cta_mask) __DEF_IF_HOST
      |                                                                                                    ^~~~~~~~~~~~~
/usr/local/cuda/include/crt/sm_90_rt.h: In function 'unsigned int __clusterDimIsSpecified()':
/usr/local/cuda/include/crt/sm_90_rt.h:84:25: warning: no return statement in function returning non-void [-Wreturn-type]
   84 | #define __DEF_IF_HOST { }
      |                         ^
/usr/local/cuda/include/crt/sm_90_rt.h:94:54: note: in expansion of macro '__DEF_IF_HOST'
   94 | __SM_90_RT_DECL__ unsigned __clusterDimIsSpecified() __DEF_IF_HOST
      |                                                      ^~~~~~~~~~~~~
/usr/local/cuda/include/crt/sm_90_rt.h: In function 'dim3 __clusterDim()':
/usr/local/cuda/include/crt/sm_90_rt.h:84:25: warning: no return statement in function returning non-void [-Wreturn-type]
   84 | #define __DEF_IF_HOST { }
      |                         ^
/usr/local/cuda/include/crt/sm_90_rt.h:95:39: note: in expansion of macro '__DEF_IF_HOST'
   95 | __SM_90_RT_DECL__ dim3 __clusterDim() __DEF_IF_HOST
      |                                       ^~~~~~~~~~~~~
/usr/local/cuda/include/crt/sm_90_rt.h: In function 'dim3 __clusterRelativeBlockIdx()':
/usr/local/cuda/include/crt/sm_90_rt.h:84:25: warning: no return statement in function returning non-void [-Wreturn-type]
   84 | #define __DEF_IF_HOST { }
      |                         ^
/usr/local/cuda/include/crt/sm_90_rt.h:96:52: note: in expansion of macro '__DEF_IF_HOST'
   96 | __SM_90_RT_DECL__ dim3 __clusterRelativeBlockIdx() __DEF_IF_HOST
      |                                                    ^~~~~~~~~~~~~
/usr/local/cuda/include/crt/sm_90_rt.h: In function 'dim3 __clusterGridDimInClusters()':
/usr/local/cuda/include/crt/sm_90_rt.h:84:25: warning: no return statement in function returning non-void [-Wreturn-type]
   84 | #define __DEF_IF_HOST { }
      |                         ^
/usr/local/cuda/include/crt/sm_90_rt.h:97:53: note: in expansion of macro '__DEF_IF_HOST'
   97 | __SM_90_RT_DECL__ dim3 __clusterGridDimInClusters() __DEF_IF_HOST
      |                                                     ^~~~~~~~~~~~~
/usr/local/cuda/include/crt/sm_90_rt.h: In function 'dim3 __clusterIdx()':
/usr/local/cuda/include/crt/sm_90_rt.h:84:25: warning: no return statement in function returning non-void [-Wreturn-type]
   84 | #define __DEF_IF_HOST { }
      |                         ^
/usr/local/cuda/include/crt/sm_90_rt.h:98:39: note: in expansion of macro '__DEF_IF_HOST'
   98 | __SM_90_RT_DECL__ dim3 __clusterIdx() __DEF_IF_HOST
      |                                       ^~~~~~~~~~~~~
/usr/local/cuda/include/crt/sm_90_rt.h: In function 'unsigned int __clusterRelativeBlockRank()':
/usr/local/cuda/include/crt/sm_90_rt.h:84:25: warning: no return statement in function returning non-void [-Wreturn-type]
   84 | #define __DEF_IF_HOST { }
      |                         ^
/usr/local/cuda/include/crt/sm_90_rt.h:99:57: note: in expansion of macro '__DEF_IF_HOST'
   99 | __SM_90_RT_DECL__ unsigned __clusterRelativeBlockRank() __DEF_IF_HOST
      |                                                         ^~~~~~~~~~~~~
/usr/local/cuda/include/crt/sm_90_rt.h: In function 'unsigned int __clusterSizeInBlocks()':
/usr/local/cuda/include/crt/sm_90_rt.h:84:25: warning: no return statement in function returning non-void [-Wreturn-type]
   84 | #define __DEF_IF_HOST { }
      |                         ^
/usr/local/cuda/include/crt/sm_90_rt.h:100:52: note: in expansion of macro '__DEF_IF_HOST'
  100 | __SM_90_RT_DECL__ unsigned __clusterSizeInBlocks() __DEF_IF_HOST
      |                                                    ^~~~~~~~~~~~~
/usr/local/cuda/include/crt/sm_90_rt.h: In function 'float2 atomicAdd(float2*, float2)':
/usr/local/cuda/include/crt/sm_90_rt.h:84:25: warning: no return statement in function returning non-void [-Wreturn-type]
   84 | #define __DEF_IF_HOST { }
      |                         ^
/usr/local/cuda/include/crt/sm_90_rt.h:106:65: note: in expansion of macro '__DEF_IF_HOST'
  106 | __SM_90_RT_DECL__ float2 atomicAdd(float2 *address, float2 val) __DEF_IF_HOST
      |                                                                 ^~~~~~~~~~~~~
/usr/local/cuda/include/crt/sm_90_rt.h: In function 'float2 atomicAdd_block(float2*, float2)':
/usr/local/cuda/include/crt/sm_90_rt.h:84:25: warning: no return statement in function returning non-void [-Wreturn-type]
   84 | #define __DEF_IF_HOST { }
      |                         ^
/usr/local/cuda/include/crt/sm_90_rt.h:107:71: note: in expansion of macro '__DEF_IF_HOST'
  107 | __SM_90_RT_DECL__ float2 atomicAdd_block(float2 *address, float2 val) __DEF_IF_HOST
      |                                                                       ^~~~~~~~~~~~~
/usr/local/cuda/include/crt/sm_90_rt.h: In function 'float2 atomicAdd_system(float2*, float2)':
/usr/local/cuda/include/crt/sm_90_rt.h:84:25: warning: no return statement in function returning non-void [-Wreturn-type]
   84 | #define __DEF_IF_HOST { }
      |                         ^
/usr/local/cuda/include/crt/sm_90_rt.h:108:72: note: in expansion of macro '__DEF_IF_HOST'
  108 | __SM_90_RT_DECL__ float2 atomicAdd_system(float2 *address, float2 val) __DEF_IF_HOST
      |                                                                        ^~~~~~~~~~~~~
/usr/local/cuda/include/crt/sm_90_rt.h: In function 'float4 atomicAdd(float4*, float4)':
/usr/local/cuda/include/crt/sm_90_rt.h:84:25: warning: no return statement in function returning non-void [-Wreturn-type]
   84 | #define __DEF_IF_HOST { }
      |                         ^
/usr/local/cuda/include/crt/sm_90_rt.h:109:65: note: in expansion of macro '__DEF_IF_HOST'
  109 | __SM_90_RT_DECL__ float4 atomicAdd(float4 *address, float4 val) __DEF_IF_HOST
      |                                                                 ^~~~~~~~~~~~~
/usr/local/cuda/include/crt/sm_90_rt.h: In function 'float4 atomicAdd_block(float4*, float4)':
/usr/local/cuda/include/crt/sm_90_rt.h:84:25: warning: no return statement in function returning non-void [-Wreturn-type]
   84 | #define __DEF_IF_HOST { }
      |                         ^
/usr/local/cuda/include/crt/sm_90_rt.h:110:71: note: in expansion of macro '__DEF_IF_HOST'
  110 | __SM_90_RT_DECL__ float4 atomicAdd_block(float4 *address, float4 val) __DEF_IF_HOST
      |                                                                       ^~~~~~~~~~~~~
/usr/local/cuda/include/crt/sm_90_rt.h: In function 'float4 atomicAdd_system(float4*, float4)':
/usr/local/cuda/include/crt/sm_90_rt.h:84:25: warning: no return statement in function returning non-void [-Wreturn-type]
   84 | #define __DEF_IF_HOST { }
      |                         ^
/usr/local/cuda/include/crt/sm_90_rt.h:111:72: note: in expansion of macro '__DEF_IF_HOST'
  111 | __SM_90_RT_DECL__ float4 atomicAdd_system(float4 *address, float4 val) __DEF_IF_HOST
      |                                                                        ^~~~~~~~~~~~~
[ 52%] Building CXX object plugins/cudart/CMakeFiles/gvirtus-plugin-cudart.dir/backend/CudaRtHandler_thread.cpp.o
In file included from /home/GVirtuS/GVirtuS/plugins/cudart/backend/CudaRtHandler.h:71,
                 from /home/GVirtuS/GVirtuS/plugins/cudart/backend/CudaRtHandler_thread.cpp:26:
/usr/local/cuda/include/crt/device_functions.h:54:2: warning: #warning "crt/device_functions.h is an internal header file and must not be used directly.  Please use cuda_runtime_api.h or cuda_runtime.h instead." [-Wcpp]
   54 | #warning "crt/device_functions.h is an internal header file and must not be used directly.  Please use cuda_runtime_api.h or cuda_runtime.h instead."
      |  ^~~~~~~
In file included from /usr/local/cuda/include/crt/device_functions.h:3615,
                 from /home/GVirtuS/GVirtuS/plugins/cudart/backend/CudaRtHandler.h:71,
                 from /home/GVirtuS/GVirtuS/plugins/cudart/backend/CudaRtHandler_thread.cpp:26:
/usr/local/cuda/include/device_atomic_functions.h: In function 'int atomicAdd(int*, int)':
/usr/local/cuda/include/device_atomic_functions.h:74:25: warning: no return statement in function returning non-void [-Wreturn-type]
   74 | #define __DEF_IF_HOST { }
      |                         ^
/usr/local/cuda/include/device_atomic_functions.h:86:71: note: in expansion of macro '__DEF_IF_HOST'
   86 | __DEVICE_ATOMIC_FUNCTIONS_DECL__ int atomicAdd(int *address, int val) __DEF_IF_HOST
      |                                                                       ^~~~~~~~~~~~~
/usr/local/cuda/include/device_atomic_functions.h: In function 'unsigned int atomicAdd(unsigned int*, unsigned int)':
/usr/local/cuda/include/device_atomic_functions.h:74:25: warning: no return statement in function returning non-void [-Wreturn-type]
   74 | #define __DEF_IF_HOST { }
      |                         ^
/usr/local/cuda/include/device_atomic_functions.h:88:98: note: in expansion of macro '__DEF_IF_HOST'
   88 | __DEVICE_ATOMIC_FUNCTIONS_DECL__ unsigned int atomicAdd(unsigned int *address, unsigned int val) __DEF_IF_HOST
      |                                                                                                  ^~~~~~~~~~~~~
/usr/local/cuda/include/device_atomic_functions.h: In function 'int atomicSub(int*, int)':
/usr/local/cuda/include/device_atomic_functions.h:74:25: warning: no return statement in function returning non-void [-Wreturn-type]
   74 | #define __DEF_IF_HOST { }
      |                         ^
/usr/local/cuda/include/device_atomic_functions.h:90:71: note: in expansion of macro '__DEF_IF_HOST'
   90 | __DEVICE_ATOMIC_FUNCTIONS_DECL__ int atomicSub(int *address, int val) __DEF_IF_HOST
      |                                                                       ^~~~~~~~~~~~~
/usr/local/cuda/include/device_atomic_functions.h: In function 'unsigned int atomicSub(unsigned int*, unsigned int)':
/usr/local/cuda/include/device_atomic_functions.h:74:25: warning: no return statement in function returning non-void [-Wreturn-type]
   74 | #define __DEF_IF_HOST { }
      |                         ^
/usr/local/cuda/include/device_atomic_functions.h:92:98: note: in expansion of macro '__DEF_IF_HOST'
   92 | __DEVICE_ATOMIC_FUNCTIONS_DECL__ unsigned int atomicSub(unsigned int *address, unsigned int val) __DEF_IF_HOST
      |                                                                                                  ^~~~~~~~~~~~~
/usr/local/cuda/include/device_atomic_functions.h: In function 'int atomicExch(int*, int)':
/usr/local/cuda/include/device_atomic_functions.h:74:25: warning: no return statement in function returning non-void [-Wreturn-type]
   74 | #define __DEF_IF_HOST { }
      |                         ^
/usr/local/cuda/include/device_atomic_functions.h:94:72: note: in expansion of macro '__DEF_IF_HOST'
   94 | __DEVICE_ATOMIC_FUNCTIONS_DECL__ int atomicExch(int *address, int val) __DEF_IF_HOST
      |                                                                        ^~~~~~~~~~~~~
/usr/local/cuda/include/device_atomic_functions.h: In function 'unsigned int atomicExch(unsigned int*, unsigned int)':
/usr/local/cuda/include/device_atomic_functions.h:74:25: warning: no return statement in function returning non-void [-Wreturn-type]
   74 | #define __DEF_IF_HOST { }
      |                         ^
/usr/local/cuda/include/device_atomic_functions.h:96:99: note: in expansion of macro '__DEF_IF_HOST'
   96 | __DEVICE_ATOMIC_FUNCTIONS_DECL__ unsigned int atomicExch(unsigned int *address, unsigned int val) __DEF_IF_HOST
      |                                                                                                   ^~~~~~~~~~~~~
/usr/local/cuda/include/device_atomic_functions.h: In function 'float atomicExch(float*, float)':
/usr/local/cuda/include/device_atomic_functions.h:74:25: warning: no return statement in function returning non-void [-Wreturn-type]
   74 | #define __DEF_IF_HOST { }
      |                         ^
/usr/local/cuda/include/device_atomic_functions.h:98:78: note: in expansion of macro '__DEF_IF_HOST'
   98 | __DEVICE_ATOMIC_FUNCTIONS_DECL__ float atomicExch(float *address, float val) __DEF_IF_HOST
      |                                                                              ^~~~~~~~~~~~~
/usr/local/cuda/include/device_atomic_functions.h: In function 'int atomicMin(int*, int)':
/usr/local/cuda/include/device_atomic_functions.h:74:25: warning: no return statement in function returning non-void [-Wreturn-type]
   74 | #define __DEF_IF_HOST { }
      |                         ^
/usr/local/cuda/include/device_atomic_functions.h:100:71: note: in expansion of macro '__DEF_IF_HOST'
  100 | __DEVICE_ATOMIC_FUNCTIONS_DECL__ int atomicMin(int *address, int val) __DEF_IF_HOST
      |                                                                       ^~~~~~~~~~~~~
/usr/local/cuda/include/device_atomic_functions.h: In function 'unsigned int atomicMin(unsigned int*, unsigned int)':
/usr/local/cuda/include/device_atomic_functions.h:74:25: warning: no return statement in function returning non-void [-Wreturn-type]
   74 | #define __DEF_IF_HOST { }
      |                         ^
/usr/local/cuda/include/device_atomic_functions.h:102:98: note: in expansion of macro '__DEF_IF_HOST'
  102 | __DEVICE_ATOMIC_FUNCTIONS_DECL__ unsigned int atomicMin(unsigned int *address, unsigned int val) __DEF_IF_HOST
      |                                                                                                  ^~~~~~~~~~~~~
/usr/local/cuda/include/device_atomic_functions.h: In function 'int atomicMax(int*, int)':
/usr/local/cuda/include/device_atomic_functions.h:74:25: warning: no return statement in function returning non-void [-Wreturn-type]
   74 | #define __DEF_IF_HOST { }
      |                         ^
/usr/local/cuda/include/device_atomic_functions.h:104:71: note: in expansion of macro '__DEF_IF_HOST'
  104 | __DEVICE_ATOMIC_FUNCTIONS_DECL__ int atomicMax(int *address, int val) __DEF_IF_HOST
      |                                                                       ^~~~~~~~~~~~~
/usr/local/cuda/include/device_atomic_functions.h: In function 'unsigned int atomicMax(unsigned int*, unsigned int)':
/usr/local/cuda/include/device_atomic_functions.h:74:25: warning: no return statement in function returning non-void [-Wreturn-type]
   74 | #define __DEF_IF_HOST { }
      |                         ^
/usr/local/cuda/include/device_atomic_functions.h:106:98: note: in expansion of macro '__DEF_IF_HOST'
  106 | __DEVICE_ATOMIC_FUNCTIONS_DECL__ unsigned int atomicMax(unsigned int *address, unsigned int val) __DEF_IF_HOST
      |                                                                                                  ^~~~~~~~~~~~~
/usr/local/cuda/include/device_atomic_functions.h: In function 'unsigned int atomicInc(unsigned int*, unsigned int)':
/usr/local/cuda/include/device_atomic_functions.h:74:25: warning: no return statement in function returning non-void [-Wreturn-type]
   74 | #define __DEF_IF_HOST { }
      |                         ^
/usr/local/cuda/include/device_atomic_functions.h:108:98: note: in expansion of macro '__DEF_IF_HOST'
  108 | __DEVICE_ATOMIC_FUNCTIONS_DECL__ unsigned int atomicInc(unsigned int *address, unsigned int val) __DEF_IF_HOST
      |                                                                                                  ^~~~~~~~~~~~~
/usr/local/cuda/include/device_atomic_functions.h: In function 'unsigned int atomicDec(unsigned int*, unsigned int)':
/usr/local/cuda/include/device_atomic_functions.h:74:25: warning: no return statement in function returning non-void [-Wreturn-type]
   74 | #define __DEF_IF_HOST { }
      |                         ^
/usr/local/cuda/include/device_atomic_functions.h:110:98: note: in expansion of macro '__DEF_IF_HOST'
  110 | __DEVICE_ATOMIC_FUNCTIONS_DECL__ unsigned int atomicDec(unsigned int *address, unsigned int val) __DEF_IF_HOST
      |                                                                                                  ^~~~~~~~~~~~~
/usr/local/cuda/include/device_atomic_functions.h: In function 'int atomicAnd(int*, int)':
/usr/local/cuda/include/device_atomic_functions.h:74:25: warning: no return statement in function returning non-void [-Wreturn-type]
   74 | #define __DEF_IF_HOST { }
      |                         ^
/usr/local/cuda/include/device_atomic_functions.h:112:71: note: in expansion of macro '__DEF_IF_HOST'
  112 | __DEVICE_ATOMIC_FUNCTIONS_DECL__ int atomicAnd(int *address, int val) __DEF_IF_HOST
      |                                                                       ^~~~~~~~~~~~~
/usr/local/cuda/include/device_atomic_functions.h: In function 'unsigned int atomicAnd(unsigned int*, unsigned int)':
/usr/local/cuda/include/device_atomic_functions.h:74:25: warning: no return statement in function returning non-void [-Wreturn-type]
   74 | #define __DEF_IF_HOST { }
      |                         ^
/usr/local/cuda/include/device_atomic_functions.h:114:98: note: in expansion of macro '__DEF_IF_HOST'
  114 | __DEVICE_ATOMIC_FUNCTIONS_DECL__ unsigned int atomicAnd(unsigned int *address, unsigned int val) __DEF_IF_HOST
      |                                                                                                  ^~~~~~~~~~~~~
/usr/local/cuda/include/device_atomic_functions.h: In function 'int atomicOr(int*, int)':
/usr/local/cuda/include/device_atomic_functions.h:74:25: warning: no return statement in function returning non-void [-Wreturn-type]
   74 | #define __DEF_IF_HOST { }
      |                         ^
/usr/local/cuda/include/device_atomic_functions.h:116:70: note: in expansion of macro '__DEF_IF_HOST'
  116 | __DEVICE_ATOMIC_FUNCTIONS_DECL__ int atomicOr(int *address, int val) __DEF_IF_HOST
      |                                                                      ^~~~~~~~~~~~~
/usr/local/cuda/include/device_atomic_functions.h: In function 'unsigned int atomicOr(unsigned int*, unsigned int)':
/usr/local/cuda/include/device_atomic_functions.h:74:25: warning: no return statement in function returning non-void [-Wreturn-type]
   74 | #define __DEF_IF_HOST { }
      |                         ^
/usr/local/cuda/include/device_atomic_functions.h:118:97: note: in expansion of macro '__DEF_IF_HOST'
  118 | __DEVICE_ATOMIC_FUNCTIONS_DECL__ unsigned int atomicOr(unsigned int *address, unsigned int val) __DEF_IF_HOST
      |                                                                                                 ^~~~~~~~~~~~~
/usr/local/cuda/include/device_atomic_functions.h: In function 'int atomicXor(int*, int)':
/usr/local/cuda/include/device_atomic_functions.h:74:25: warning: no return statement in function returning non-void [-Wreturn-type]
   74 | #define __DEF_IF_HOST { }
      |                         ^
/usr/local/cuda/include/device_atomic_functions.h:120:71: note: in expansion of macro '__DEF_IF_HOST'
  120 | __DEVICE_ATOMIC_FUNCTIONS_DECL__ int atomicXor(int *address, int val) __DEF_IF_HOST
      |                                                                       ^~~~~~~~~~~~~
/usr/local/cuda/include/device_atomic_functions.h: In function 'unsigned int atomicXor(unsigned int*, unsigned int)':
/usr/local/cuda/include/device_atomic_functions.h:74:25: warning: no return statement in function returning non-void [-Wreturn-type]
   74 | #define __DEF_IF_HOST { }
      |                         ^
/usr/local/cuda/include/device_atomic_functions.h:122:98: note: in expansion of macro '__DEF_IF_HOST'
  122 | __DEVICE_ATOMIC_FUNCTIONS_DECL__ unsigned int atomicXor(unsigned int *address, unsigned int val) __DEF_IF_HOST
      |                                                                                                  ^~~~~~~~~~~~~
/usr/local/cuda/include/device_atomic_functions.h: In function 'int atomicCAS(int*, int, int)':
/usr/local/cuda/include/device_atomic_functions.h:74:25: warning: no return statement in function returning non-void [-Wreturn-type]
   74 | #define __DEF_IF_HOST { }
      |                         ^
/usr/local/cuda/include/device_atomic_functions.h:124:84: note: in expansion of macro '__DEF_IF_HOST'
  124 | __DEVICE_ATOMIC_FUNCTIONS_DECL__ int atomicCAS(int *address, int compare, int val) __DEF_IF_HOST
      |                                                                                    ^~~~~~~~~~~~~
/usr/local/cuda/include/device_atomic_functions.h: In function 'unsigned int atomicCAS(unsigned int*, unsigned int, unsigned int)':
/usr/local/cuda/include/device_atomic_functions.h:74:25: warning: no return statement in function returning non-void [-Wreturn-type]
   74 | #define __DEF_IF_HOST { }
      |                         ^
/usr/local/cuda/include/device_atomic_functions.h:126:120: note: in expansion of macro '__DEF_IF_HOST'
  126 | __DEVICE_ATOMIC_FUNCTIONS_DECL__ unsigned int atomicCAS(unsigned int *address, unsigned int compare, unsigned int val) __DEF_IF_HOST
      |                                                                                                                        ^~~~~~~~~~~~~
/usr/local/cuda/include/device_atomic_functions.h: In function 'long long unsigned int atomicAdd(long long unsigned int*, long long unsigned int)':
/usr/local/cuda/include/device_atomic_functions.h:74:25: warning: no return statement in function returning non-void [-Wreturn-type]
   74 | #define __DEF_IF_HOST { }
      |                         ^
/usr/local/cuda/include/device_atomic_functions.h:166:128: note: in expansion of macro '__DEF_IF_HOST'
  166 | __DEVICE_ATOMIC_FUNCTIONS_DECL__ unsigned long long int atomicAdd(unsigned long long int *address, unsigned long long int val) __DEF_IF_HOST
      |                                                                                                                                ^~~~~~~~~~~~~
/usr/local/cuda/include/device_atomic_functions.h: In function 'long long unsigned int atomicExch(long long unsigned int*, long long unsigned int)':
/usr/local/cuda/include/device_atomic_functions.h:74:25: warning: no return statement in function returning non-void [-Wreturn-type]
   74 | #define __DEF_IF_HOST { }
      |                         ^
/usr/local/cuda/include/device_atomic_functions.h:168:129: note: in expansion of macro '__DEF_IF_HOST'
  168 | __DEVICE_ATOMIC_FUNCTIONS_DECL__ unsigned long long int atomicExch(unsigned long long int *address, unsigned long long int val) __DEF_IF_HOST
      |                                                                                                                                 ^~~~~~~~~~~~~
/usr/local/cuda/include/device_atomic_functions.h: In function 'long long unsigned int atomicCAS(long long unsigned int*, long long unsigned int, long long unsigned int)':
/usr/local/cuda/include/device_atomic_functions.h:74:25: warning: no return statement in function returning non-void [-Wreturn-type]
   74 | #define __DEF_IF_HOST { }
      |                         ^
/usr/local/cuda/include/device_atomic_functions.h:170:160: note: in expansion of macro '__DEF_IF_HOST'
  170 | __DEVICE_ATOMIC_FUNCTIONS_DECL__ unsigned long long int atomicCAS(unsigned long long int *address, unsigned long long int compare, unsigned long long int val) __DEF_IF_HOST
      |                                                                                                                                                                ^~~~~~~~~~~~~
/usr/local/cuda/include/device_atomic_functions.h: In function 'bool any(bool)':
/usr/local/cuda/include/device_atomic_functions.h:74:25: warning: no return statement in function returning non-void [-Wreturn-type]
   74 | #define __DEF_IF_HOST { }
      |                         ^
/usr/local/cuda/include/device_atomic_functions.h:172:103: note: in expansion of macro '__DEF_IF_HOST'
  172 | __DEVICE_ATOMIC_FUNCTIONS_DECL__ __DEPRECATED__(__WSB_DEPRECATION_MESSAGE(__any)) bool any(bool cond) __DEF_IF_HOST
      |                                                                                                       ^~~~~~~~~~~~~
/usr/local/cuda/include/device_atomic_functions.h: In function 'bool all(bool)':
/usr/local/cuda/include/device_atomic_functions.h:74:25: warning: no return statement in function returning non-void [-Wreturn-type]
   74 | #define __DEF_IF_HOST { }
      |                         ^
/usr/local/cuda/include/device_atomic_functions.h:174:103: note: in expansion of macro '__DEF_IF_HOST'
  174 | __DEVICE_ATOMIC_FUNCTIONS_DECL__ __DEPRECATED__(__WSB_DEPRECATION_MESSAGE(__all)) bool all(bool cond) __DEF_IF_HOST
      |                                                                                                       ^~~~~~~~~~~~~
In file included from /usr/local/cuda/include/crt/device_functions.h:3617,
                 from /home/GVirtuS/GVirtuS/plugins/cudart/backend/CudaRtHandler.h:71,
                 from /home/GVirtuS/GVirtuS/plugins/cudart/backend/CudaRtHandler_thread.cpp:26:
/usr/local/cuda/include/sm_20_atomic_functions.h: In function 'float atomicAdd(float*, float)':
/usr/local/cuda/include/sm_20_atomic_functions.h:79:25: warning: no return statement in function returning non-void [-Wreturn-type]
   79 | #define __DEF_IF_HOST { }
      |                         ^
/usr/local/cuda/include/sm_20_atomic_functions.h:96:76: note: in expansion of macro '__DEF_IF_HOST'
   96 | __SM_20_ATOMIC_FUNCTIONS_DECL__ float atomicAdd(float *address, float val) __DEF_IF_HOST
      |                                                                            ^~~~~~~~~~~~~
In file included from /usr/local/cuda/include/crt/device_functions.h:3618,
                 from /home/GVirtuS/GVirtuS/plugins/cudart/backend/CudaRtHandler.h:71,
                 from /home/GVirtuS/GVirtuS/plugins/cudart/backend/CudaRtHandler_thread.cpp:26:
/usr/local/cuda/include/sm_32_atomic_functions.h: In function 'long long int atomicMin(long long int*, long long int)':
/usr/local/cuda/include/sm_32_atomic_functions.h:72:25: warning: no return statement in function returning non-void [-Wreturn-type]
   72 | #define __DEF_IF_HOST { }
      |                         ^
/usr/local/cuda/include/sm_32_atomic_functions.h:89:88: note: in expansion of macro '__DEF_IF_HOST'
   89 | __SM_32_ATOMIC_FUNCTIONS_DECL__ long long atomicMin(long long *address, long long val) __DEF_IF_HOST
      |                                                                                        ^~~~~~~~~~~~~
/usr/local/cuda/include/sm_32_atomic_functions.h: In function 'long long int atomicMax(long long int*, long long int)':
/usr/local/cuda/include/sm_32_atomic_functions.h:72:25: warning: no return statement in function returning non-void [-Wreturn-type]
   72 | #define __DEF_IF_HOST { }
      |                         ^
/usr/local/cuda/include/sm_32_atomic_functions.h:91:88: note: in expansion of macro '__DEF_IF_HOST'
   91 | __SM_32_ATOMIC_FUNCTIONS_DECL__ long long atomicMax(long long *address, long long val) __DEF_IF_HOST
      |                                                                                        ^~~~~~~~~~~~~
/usr/local/cuda/include/sm_32_atomic_functions.h: In function 'long long int atomicAnd(long long int*, long long int)':
/usr/local/cuda/include/sm_32_atomic_functions.h:72:25: warning: no return statement in function returning non-void [-Wreturn-type]
   72 | #define __DEF_IF_HOST { }
      |                         ^
/usr/local/cuda/include/sm_32_atomic_functions.h:93:88: note: in expansion of macro '__DEF_IF_HOST'
   93 | __SM_32_ATOMIC_FUNCTIONS_DECL__ long long atomicAnd(long long *address, long long val) __DEF_IF_HOST
      |                                                                                        ^~~~~~~~~~~~~
/usr/local/cuda/include/sm_32_atomic_functions.h: In function 'long long int atomicOr(long long int*, long long int)':
/usr/local/cuda/include/sm_32_atomic_functions.h:72:25: warning: no return statement in function returning non-void [-Wreturn-type]
   72 | #define __DEF_IF_HOST { }
      |                         ^
/usr/local/cuda/include/sm_32_atomic_functions.h:95:87: note: in expansion of macro '__DEF_IF_HOST'
   95 | __SM_32_ATOMIC_FUNCTIONS_DECL__ long long atomicOr(long long *address, long long val) __DEF_IF_HOST
      |                                                                                       ^~~~~~~~~~~~~
/usr/local/cuda/include/sm_32_atomic_functions.h: In function 'long long int atomicXor(long long int*, long long int)':
/usr/local/cuda/include/sm_32_atomic_functions.h:72:25: warning: no return statement in function returning non-void [-Wreturn-type]
   72 | #define __DEF_IF_HOST { }
      |                         ^
/usr/local/cuda/include/sm_32_atomic_functions.h:97:88: note: in expansion of macro '__DEF_IF_HOST'
   97 | __SM_32_ATOMIC_FUNCTIONS_DECL__ long long atomicXor(long long *address, long long val) __DEF_IF_HOST
      |                                                                                        ^~~~~~~~~~~~~
/usr/local/cuda/include/sm_32_atomic_functions.h: In function 'long long unsigned int atomicMin(long long unsigned int*, long long unsigned int)':
/usr/local/cuda/include/sm_32_atomic_functions.h:72:25: warning: no return statement in function returning non-void [-Wreturn-type]
   72 | #define __DEF_IF_HOST { }
      |                         ^
/usr/local/cuda/include/sm_32_atomic_functions.h:99:115: note: in expansion of macro '__DEF_IF_HOST'
   99 | __SM_32_ATOMIC_FUNCTIONS_DECL__ unsigned long long atomicMin(unsigned long long *address, unsigned long long val) __DEF_IF_HOST
      |                                                                                                                   ^~~~~~~~~~~~~
/usr/local/cuda/include/sm_32_atomic_functions.h: In function 'long long unsigned int atomicMax(long long unsigned int*, long long unsigned int)':
/usr/local/cuda/include/sm_32_atomic_functions.h:72:25: warning: no return statement in function returning non-void [-Wreturn-type]
   72 | #define __DEF_IF_HOST { }
      |                         ^
/usr/local/cuda/include/sm_32_atomic_functions.h:101:115: note: in expansion of macro '__DEF_IF_HOST'
  101 | __SM_32_ATOMIC_FUNCTIONS_DECL__ unsigned long long atomicMax(unsigned long long *address, unsigned long long val) __DEF_IF_HOST
      |                                                                                                                   ^~~~~~~~~~~~~
/usr/local/cuda/include/sm_32_atomic_functions.h: In function 'long long unsigned int atomicAnd(long long unsigned int*, long long unsigned int)':
/usr/local/cuda/include/sm_32_atomic_functions.h:72:25: warning: no return statement in function returning non-void [-Wreturn-type]
   72 | #define __DEF_IF_HOST { }
      |                         ^
/usr/local/cuda/include/sm_32_atomic_functions.h:103:115: note: in expansion of macro '__DEF_IF_HOST'
  103 | __SM_32_ATOMIC_FUNCTIONS_DECL__ unsigned long long atomicAnd(unsigned long long *address, unsigned long long val) __DEF_IF_HOST
      |                                                                                                                   ^~~~~~~~~~~~~
/usr/local/cuda/include/sm_32_atomic_functions.h: In function 'long long unsigned int atomicOr(long long unsigned int*, long long unsigned int)':
/usr/local/cuda/include/sm_32_atomic_functions.h:72:25: warning: no return statement in function returning non-void [-Wreturn-type]
   72 | #define __DEF_IF_HOST { }
      |                         ^
/usr/local/cuda/include/sm_32_atomic_functions.h:105:114: note: in expansion of macro '__DEF_IF_HOST'
  105 | __SM_32_ATOMIC_FUNCTIONS_DECL__ unsigned long long atomicOr(unsigned long long *address, unsigned long long val) __DEF_IF_HOST
      |                                                                                                                  ^~~~~~~~~~~~~
/usr/local/cuda/include/sm_32_atomic_functions.h: In function 'long long unsigned int atomicXor(long long unsigned int*, long long unsigned int)':
/usr/local/cuda/include/sm_32_atomic_functions.h:72:25: warning: no return statement in function returning non-void [-Wreturn-type]
   72 | #define __DEF_IF_HOST { }
      |                         ^
/usr/local/cuda/include/sm_32_atomic_functions.h:107:115: note: in expansion of macro '__DEF_IF_HOST'
  107 | __SM_32_ATOMIC_FUNCTIONS_DECL__ unsigned long long atomicXor(unsigned long long *address, unsigned long long val) __DEF_IF_HOST
      |                                                                                                                   ^~~~~~~~~~~~~
In file included from /usr/local/cuda/include/crt/device_functions.h:3620,
                 from /home/GVirtuS/GVirtuS/plugins/cudart/backend/CudaRtHandler.h:71,
                 from /home/GVirtuS/GVirtuS/plugins/cudart/backend/CudaRtHandler_thread.cpp:26:
/usr/local/cuda/include/sm_60_atomic_functions.h: In function 'double atomicAdd(double*, double)':
/usr/local/cuda/include/sm_60_atomic_functions.h:77:25: warning: no return statement in function returning non-void [-Wreturn-type]
   77 | #define __DEF_IF_HOST { }
      |                         ^
/usr/local/cuda/include/sm_60_atomic_functions.h:90:79: note: in expansion of macro '__DEF_IF_HOST'
   90 | __SM_60_ATOMIC_FUNCTIONS_DECL__ double atomicAdd(double *address, double val) __DEF_IF_HOST
      |                                                                               ^~~~~~~~~~~~~
/usr/local/cuda/include/sm_60_atomic_functions.h: In function 'int atomicAdd_block(int*, int)':
/usr/local/cuda/include/sm_60_atomic_functions.h:77:25: warning: no return statement in function returning non-void [-Wreturn-type]
   77 | #define __DEF_IF_HOST { }
      |                         ^
/usr/local/cuda/include/sm_60_atomic_functions.h:93:44: note: in expansion of macro '__DEF_IF_HOST'
   93 | int atomicAdd_block(int *address, int val) __DEF_IF_HOST
      |                                            ^~~~~~~~~~~~~
/usr/local/cuda/include/sm_60_atomic_functions.h: In function 'int atomicAdd_system(int*, int)':
/usr/local/cuda/include/sm_60_atomic_functions.h:77:25: warning: no return statement in function returning non-void [-Wreturn-type]
   77 | #define __DEF_IF_HOST { }
      |                         ^
/usr/local/cuda/include/sm_60_atomic_functions.h:96:45: note: in expansion of macro '__DEF_IF_HOST'
   96 | int atomicAdd_system(int *address, int val) __DEF_IF_HOST
      |                                             ^~~~~~~~~~~~~
/usr/local/cuda/include/sm_60_atomic_functions.h: In function 'unsigned int atomicAdd_block(unsigned int*, unsigned int)':
/usr/local/cuda/include/sm_60_atomic_functions.h:77:25: warning: no return statement in function returning non-void [-Wreturn-type]
   77 | #define __DEF_IF_HOST { }
      |                         ^
/usr/local/cuda/include/sm_60_atomic_functions.h:99:71: note: in expansion of macro '__DEF_IF_HOST'
   99 | unsigned int atomicAdd_block(unsigned int *address, unsigned int val) __DEF_IF_HOST
      |                                                                       ^~~~~~~~~~~~~
/usr/local/cuda/include/sm_60_atomic_functions.h: In function 'unsigned int atomicAdd_system(unsigned int*, unsigned int)':
/usr/local/cuda/include/sm_60_atomic_functions.h:77:25: warning: no return statement in function returning non-void [-Wreturn-type]
   77 | #define __DEF_IF_HOST { }
      |                         ^
/usr/local/cuda/include/sm_60_atomic_functions.h:102:72: note: in expansion of macro '__DEF_IF_HOST'
  102 | unsigned int atomicAdd_system(unsigned int *address, unsigned int val) __DEF_IF_HOST
      |                                                                        ^~~~~~~~~~~~~
/usr/local/cuda/include/sm_60_atomic_functions.h: In function 'long long unsigned int atomicAdd_block(long long unsigned int*, long long unsigned int)':
/usr/local/cuda/include/sm_60_atomic_functions.h:77:25: warning: no return statement in function returning non-void [-Wreturn-type]
   77 | #define __DEF_IF_HOST { }
      |                         ^
/usr/local/cuda/include/sm_60_atomic_functions.h:105:89: note: in expansion of macro '__DEF_IF_HOST'
  105 | unsigned long long atomicAdd_block(unsigned long long *address, unsigned long long val) __DEF_IF_HOST
      |                                                                                         ^~~~~~~~~~~~~
/usr/local/cuda/include/sm_60_atomic_functions.h: In function 'long long unsigned int atomicAdd_system(long long unsigned int*, long long unsigned int)':
/usr/local/cuda/include/sm_60_atomic_functions.h:77:25: warning: no return statement in function returning non-void [-Wreturn-type]
   77 | #define __DEF_IF_HOST { }
      |                         ^
/usr/local/cuda/include/sm_60_atomic_functions.h:108:90: note: in expansion of macro '__DEF_IF_HOST'
  108 | unsigned long long atomicAdd_system(unsigned long long *address, unsigned long long val) __DEF_IF_HOST
      |                                                                                          ^~~~~~~~~~~~~
/usr/local/cuda/include/sm_60_atomic_functions.h: In function 'float atomicAdd_block(float*, float)':
/usr/local/cuda/include/sm_60_atomic_functions.h:77:25: warning: no return statement in function returning non-void [-Wreturn-type]
   77 | #define __DEF_IF_HOST { }
      |                         ^
/usr/local/cuda/include/sm_60_atomic_functions.h:111:50: note: in expansion of macro '__DEF_IF_HOST'
  111 | float atomicAdd_block(float *address, float val) __DEF_IF_HOST
      |                                                  ^~~~~~~~~~~~~
/usr/local/cuda/include/sm_60_atomic_functions.h: In function 'float atomicAdd_system(float*, float)':
/usr/local/cuda/include/sm_60_atomic_functions.h:77:25: warning: no return statement in function returning non-void [-Wreturn-type]
   77 | #define __DEF_IF_HOST { }
      |                         ^
/usr/local/cuda/include/sm_60_atomic_functions.h:114:51: note: in expansion of macro '__DEF_IF_HOST'
  114 | float atomicAdd_system(float *address, float val) __DEF_IF_HOST
      |                                                   ^~~~~~~~~~~~~
/usr/local/cuda/include/sm_60_atomic_functions.h: In function 'double atomicAdd_block(double*, double)':
/usr/local/cuda/include/sm_60_atomic_functions.h:77:25: warning: no return statement in function returning non-void [-Wreturn-type]
   77 | #define __DEF_IF_HOST { }
      |                         ^
/usr/local/cuda/include/sm_60_atomic_functions.h:117:53: note: in expansion of macro '__DEF_IF_HOST'
  117 | double atomicAdd_block(double *address, double val) __DEF_IF_HOST
      |                                                     ^~~~~~~~~~~~~
/usr/local/cuda/include/sm_60_atomic_functions.h: In function 'double atomicAdd_system(double*, double)':
/usr/local/cuda/include/sm_60_atomic_functions.h:77:25: warning: no return statement in function returning non-void [-Wreturn-type]
   77 | #define __DEF_IF_HOST { }
      |                         ^
/usr/local/cuda/include/sm_60_atomic_functions.h:120:54: note: in expansion of macro '__DEF_IF_HOST'
  120 | double atomicAdd_system(double *address, double val) __DEF_IF_HOST
      |                                                      ^~~~~~~~~~~~~
/usr/local/cuda/include/sm_60_atomic_functions.h: In function 'int atomicSub_block(int*, int)':
/usr/local/cuda/include/sm_60_atomic_functions.h:77:25: warning: no return statement in function returning non-void [-Wreturn-type]
   77 | #define __DEF_IF_HOST { }
      |                         ^
/usr/local/cuda/include/sm_60_atomic_functions.h:123:44: note: in expansion of macro '__DEF_IF_HOST'
  123 | int atomicSub_block(int *address, int val) __DEF_IF_HOST
      |                                            ^~~~~~~~~~~~~
/usr/local/cuda/include/sm_60_atomic_functions.h: In function 'int atomicSub_system(int*, int)':
/usr/local/cuda/include/sm_60_atomic_functions.h:77:25: warning: no return statement in function returning non-void [-Wreturn-type]
   77 | #define __DEF_IF_HOST { }
      |                         ^
/usr/local/cuda/include/sm_60_atomic_functions.h:126:45: note: in expansion of macro '__DEF_IF_HOST'
  126 | int atomicSub_system(int *address, int val) __DEF_IF_HOST
      |                                             ^~~~~~~~~~~~~
/usr/local/cuda/include/sm_60_atomic_functions.h: In function 'unsigned int atomicSub_block(unsigned int*, unsigned int)':
/usr/local/cuda/include/sm_60_atomic_functions.h:77:25: warning: no return statement in function returning non-void [-Wreturn-type]
   77 | #define __DEF_IF_HOST { }
      |                         ^
/usr/local/cuda/include/sm_60_atomic_functions.h:129:71: note: in expansion of macro '__DEF_IF_HOST'
  129 | unsigned int atomicSub_block(unsigned int *address, unsigned int val) __DEF_IF_HOST
      |                                                                       ^~~~~~~~~~~~~
/usr/local/cuda/include/sm_60_atomic_functions.h: In function 'unsigned int atomicSub_system(unsigned int*, unsigned int)':
/usr/local/cuda/include/sm_60_atomic_functions.h:77:25: warning: no return statement in function returning non-void [-Wreturn-type]
   77 | #define __DEF_IF_HOST { }
      |                         ^
/usr/local/cuda/include/sm_60_atomic_functions.h:132:72: note: in expansion of macro '__DEF_IF_HOST'
  132 | unsigned int atomicSub_system(unsigned int *address, unsigned int val) __DEF_IF_HOST
      |                                                                        ^~~~~~~~~~~~~
/usr/local/cuda/include/sm_60_atomic_functions.h: In function 'int atomicExch_block(int*, int)':
/usr/local/cuda/include/sm_60_atomic_functions.h:77:25: warning: no return statement in function returning non-void [-Wreturn-type]
   77 | #define __DEF_IF_HOST { }
      |                         ^
/usr/local/cuda/include/sm_60_atomic_functions.h:135:45: note: in expansion of macro '__DEF_IF_HOST'
  135 | int atomicExch_block(int *address, int val) __DEF_IF_HOST
      |                                             ^~~~~~~~~~~~~
/usr/local/cuda/include/sm_60_atomic_functions.h: In function 'int atomicExch_system(int*, int)':
/usr/local/cuda/include/sm_60_atomic_functions.h:77:25: warning: no return statement in function returning non-void [-Wreturn-type]
   77 | #define __DEF_IF_HOST { }
      |                         ^
/usr/local/cuda/include/sm_60_atomic_functions.h:138:46: note: in expansion of macro '__DEF_IF_HOST'
  138 | int atomicExch_system(int *address, int val) __DEF_IF_HOST
      |                                              ^~~~~~~~~~~~~
/usr/local/cuda/include/sm_60_atomic_functions.h: In function 'unsigned int atomicExch_block(unsigned int*, unsigned int)':
/usr/local/cuda/include/sm_60_atomic_functions.h:77:25: warning: no return statement in function returning non-void [-Wreturn-type]
   77 | #define __DEF_IF_HOST { }
      |                         ^
/usr/local/cuda/include/sm_60_atomic_functions.h:141:72: note: in expansion of macro '__DEF_IF_HOST'
  141 | unsigned int atomicExch_block(unsigned int *address, unsigned int val) __DEF_IF_HOST
      |                                                                        ^~~~~~~~~~~~~
/usr/local/cuda/include/sm_60_atomic_functions.h: In function 'unsigned int atomicExch_system(unsigned int*, unsigned int)':
/usr/local/cuda/include/sm_60_atomic_functions.h:77:25: warning: no return statement in function returning non-void [-Wreturn-type]
   77 | #define __DEF_IF_HOST { }
      |                         ^
/usr/local/cuda/include/sm_60_atomic_functions.h:144:73: note: in expansion of macro '__DEF_IF_HOST'
  144 | unsigned int atomicExch_system(unsigned int *address, unsigned int val) __DEF_IF_HOST
      |                                                                         ^~~~~~~~~~~~~
/usr/local/cuda/include/sm_60_atomic_functions.h: In function 'long long unsigned int atomicExch_block(long long unsigned int*, long long unsigned int)':
/usr/local/cuda/include/sm_60_atomic_functions.h:77:25: warning: no return statement in function returning non-void [-Wreturn-type]
   77 | #define __DEF_IF_HOST { }
      |                         ^
/usr/local/cuda/include/sm_60_atomic_functions.h:147:90: note: in expansion of macro '__DEF_IF_HOST'
  147 | unsigned long long atomicExch_block(unsigned long long *address, unsigned long long val) __DEF_IF_HOST
      |                                                                                          ^~~~~~~~~~~~~
/usr/local/cuda/include/sm_60_atomic_functions.h: In function 'long long unsigned int atomicExch_system(long long unsigned int*, long long unsigned int)':
/usr/local/cuda/include/sm_60_atomic_functions.h:77:25: warning: no return statement in function returning non-void [-Wreturn-type]
   77 | #define __DEF_IF_HOST { }
      |                         ^
/usr/local/cuda/include/sm_60_atomic_functions.h:150:91: note: in expansion of macro '__DEF_IF_HOST'
  150 | unsigned long long atomicExch_system(unsigned long long *address, unsigned long long val) __DEF_IF_HOST
      |                                                                                           ^~~~~~~~~~~~~
/usr/local/cuda/include/sm_60_atomic_functions.h: In function 'float atomicExch_block(float*, float)':
/usr/local/cuda/include/sm_60_atomic_functions.h:77:25: warning: no return statement in function returning non-void [-Wreturn-type]
   77 | #define __DEF_IF_HOST { }
      |                         ^
/usr/local/cuda/include/sm_60_atomic_functions.h:153:51: note: in expansion of macro '__DEF_IF_HOST'
  153 | float atomicExch_block(float *address, float val) __DEF_IF_HOST
      |                                                   ^~~~~~~~~~~~~
/usr/local/cuda/include/sm_60_atomic_functions.h: In function 'float atomicExch_system(float*, float)':
/usr/local/cuda/include/sm_60_atomic_functions.h:77:25: warning: no return statement in function returning non-void [-Wreturn-type]
   77 | #define __DEF_IF_HOST { }
      |                         ^
/usr/local/cuda/include/sm_60_atomic_functions.h:156:52: note: in expansion of macro '__DEF_IF_HOST'
  156 | float atomicExch_system(float *address, float val) __DEF_IF_HOST
      |                                                    ^~~~~~~~~~~~~
/usr/local/cuda/include/sm_60_atomic_functions.h: In function 'int atomicMin_block(int*, int)':
/usr/local/cuda/include/sm_60_atomic_functions.h:77:25: warning: no return statement in function returning non-void [-Wreturn-type]
   77 | #define __DEF_IF_HOST { }
      |                         ^
/usr/local/cuda/include/sm_60_atomic_functions.h:159:44: note: in expansion of macro '__DEF_IF_HOST'
  159 | int atomicMin_block(int *address, int val) __DEF_IF_HOST
      |                                            ^~~~~~~~~~~~~
/usr/local/cuda/include/sm_60_atomic_functions.h: In function 'int atomicMin_system(int*, int)':
/usr/local/cuda/include/sm_60_atomic_functions.h:77:25: warning: no return statement in function returning non-void [-Wreturn-type]
   77 | #define __DEF_IF_HOST { }
      |                         ^
/usr/local/cuda/include/sm_60_atomic_functions.h:162:45: note: in expansion of macro '__DEF_IF_HOST'
  162 | int atomicMin_system(int *address, int val) __DEF_IF_HOST
      |                                             ^~~~~~~~~~~~~
/usr/local/cuda/include/sm_60_atomic_functions.h: In function 'long long int atomicMin_block(long long int*, long long int)':
/usr/local/cuda/include/sm_60_atomic_functions.h:77:25: warning: no return statement in function returning non-void [-Wreturn-type]
   77 | #define __DEF_IF_HOST { }
      |                         ^
/usr/local/cuda/include/sm_60_atomic_functions.h:165:62: note: in expansion of macro '__DEF_IF_HOST'
  165 | long long atomicMin_block(long long *address, long long val) __DEF_IF_HOST
      |                                                              ^~~~~~~~~~~~~
/usr/local/cuda/include/sm_60_atomic_functions.h: In function 'long long int atomicMin_system(long long int*, long long int)':
/usr/local/cuda/include/sm_60_atomic_functions.h:77:25: warning: no return statement in function returning non-void [-Wreturn-type]
   77 | #define __DEF_IF_HOST { }
      |                         ^
/usr/local/cuda/include/sm_60_atomic_functions.h:168:63: note: in expansion of macro '__DEF_IF_HOST'
  168 | long long atomicMin_system(long long *address, long long val) __DEF_IF_HOST
      |                                                               ^~~~~~~~~~~~~
/usr/local/cuda/include/sm_60_atomic_functions.h: In function 'unsigned int atomicMin_block(unsigned int*, unsigned int)':
/usr/local/cuda/include/sm_60_atomic_functions.h:77:25: warning: no return statement in function returning non-void [-Wreturn-type]
   77 | #define __DEF_IF_HOST { }
      |                         ^
/usr/local/cuda/include/sm_60_atomic_functions.h:171:71: note: in expansion of macro '__DEF_IF_HOST'
  171 | unsigned int atomicMin_block(unsigned int *address, unsigned int val) __DEF_IF_HOST
      |                                                                       ^~~~~~~~~~~~~
/usr/local/cuda/include/sm_60_atomic_functions.h: In function 'unsigned int atomicMin_system(unsigned int*, unsigned int)':
/usr/local/cuda/include/sm_60_atomic_functions.h:77:25: warning: no return statement in function returning non-void [-Wreturn-type]
   77 | #define __DEF_IF_HOST { }
      |                         ^
/usr/local/cuda/include/sm_60_atomic_functions.h:174:72: note: in expansion of macro '__DEF_IF_HOST'
  174 | unsigned int atomicMin_system(unsigned int *address, unsigned int val) __DEF_IF_HOST
      |                                                                        ^~~~~~~~~~~~~
/usr/local/cuda/include/sm_60_atomic_functions.h: In function 'long long unsigned int atomicMin_block(long long unsigned int*, long long unsigned int)':
/usr/local/cuda/include/sm_60_atomic_functions.h:77:25: warning: no return statement in function returning non-void [-Wreturn-type]
   77 | #define __DEF_IF_HOST { }
      |                         ^
/usr/local/cuda/include/sm_60_atomic_functions.h:177:89: note: in expansion of macro '__DEF_IF_HOST'
  177 | unsigned long long atomicMin_block(unsigned long long *address, unsigned long long val) __DEF_IF_HOST
      |                                                                                         ^~~~~~~~~~~~~
/usr/local/cuda/include/sm_60_atomic_functions.h: In function 'long long unsigned int atomicMin_system(long long unsigned int*, long long unsigned int)':
/usr/local/cuda/include/sm_60_atomic_functions.h:77:25: warning: no return statement in function returning non-void [-Wreturn-type]
   77 | #define __DEF_IF_HOST { }
      |                         ^
/usr/local/cuda/include/sm_60_atomic_functions.h:180:90: note: in expansion of macro '__DEF_IF_HOST'
  180 | unsigned long long atomicMin_system(unsigned long long *address, unsigned long long val) __DEF_IF_HOST
      |                                                                                          ^~~~~~~~~~~~~
/usr/local/cuda/include/sm_60_atomic_functions.h: In function 'int atomicMax_block(int*, int)':
/usr/local/cuda/include/sm_60_atomic_functions.h:77:25: warning: no return statement in function returning non-void [-Wreturn-type]
   77 | #define __DEF_IF_HOST { }
      |                         ^
/usr/local/cuda/include/sm_60_atomic_functions.h:183:44: note: in expansion of macro '__DEF_IF_HOST'
  183 | int atomicMax_block(int *address, int val) __DEF_IF_HOST
      |                                            ^~~~~~~~~~~~~
/usr/local/cuda/include/sm_60_atomic_functions.h: In function 'int atomicMax_system(int*, int)':
/usr/local/cuda/include/sm_60_atomic_functions.h:77:25: warning: no return statement in function returning non-void [-Wreturn-type]
   77 | #define __DEF_IF_HOST { }
      |                         ^
/usr/local/cuda/include/sm_60_atomic_functions.h:186:45: note: in expansion of macro '__DEF_IF_HOST'
  186 | int atomicMax_system(int *address, int val) __DEF_IF_HOST
      |                                             ^~~~~~~~~~~~~
/usr/local/cuda/include/sm_60_atomic_functions.h: In function 'long long int atomicMax_block(long long int*, long long int)':
/usr/local/cuda/include/sm_60_atomic_functions.h:77:25: warning: no return statement in function returning non-void [-Wreturn-type]
   77 | #define __DEF_IF_HOST { }
      |                         ^
/usr/local/cuda/include/sm_60_atomic_functions.h:189:62: note: in expansion of macro '__DEF_IF_HOST'
  189 | long long atomicMax_block(long long *address, long long val) __DEF_IF_HOST
      |                                                              ^~~~~~~~~~~~~
/usr/local/cuda/include/sm_60_atomic_functions.h: In function 'long long int atomicMax_system(long long int*, long long int)':
/usr/local/cuda/include/sm_60_atomic_functions.h:77:25: warning: no return statement in function returning non-void [-Wreturn-type]
   77 | #define __DEF_IF_HOST { }
      |                         ^
/usr/local/cuda/include/sm_60_atomic_functions.h:192:63: note: in expansion of macro '__DEF_IF_HOST'
  192 | long long atomicMax_system(long long *address, long long val) __DEF_IF_HOST
      |                                                               ^~~~~~~~~~~~~
/usr/local/cuda/include/sm_60_atomic_functions.h: In function 'unsigned int atomicMax_block(unsigned int*, unsigned int)':
/usr/local/cuda/include/sm_60_atomic_functions.h:77:25: warning: no return statement in function returning non-void [-Wreturn-type]
   77 | #define __DEF_IF_HOST { }
      |                         ^
/usr/local/cuda/include/sm_60_atomic_functions.h:195:71: note: in expansion of macro '__DEF_IF_HOST'
  195 | unsigned int atomicMax_block(unsigned int *address, unsigned int val) __DEF_IF_HOST
      |                                                                       ^~~~~~~~~~~~~
/usr/local/cuda/include/sm_60_atomic_functions.h: In function 'unsigned int atomicMax_system(unsigned int*, unsigned int)':
/usr/local/cuda/include/sm_60_atomic_functions.h:77:25: warning: no return statement in function returning non-void [-Wreturn-type]
   77 | #define __DEF_IF_HOST { }
      |                         ^
/usr/local/cuda/include/sm_60_atomic_functions.h:198:72: note: in expansion of macro '__DEF_IF_HOST'
  198 | unsigned int atomicMax_system(unsigned int *address, unsigned int val) __DEF_IF_HOST
      |                                                                        ^~~~~~~~~~~~~
/usr/local/cuda/include/sm_60_atomic_functions.h: In function 'long long unsigned int atomicMax_block(long long unsigned int*, long long unsigned int)':
/usr/local/cuda/include/sm_60_atomic_functions.h:77:25: warning: no return statement in function returning non-void [-Wreturn-type]
   77 | #define __DEF_IF_HOST { }
      |                         ^
/usr/local/cuda/include/sm_60_atomic_functions.h:201:89: note: in expansion of macro '__DEF_IF_HOST'
  201 | unsigned long long atomicMax_block(unsigned long long *address, unsigned long long val) __DEF_IF_HOST
      |                                                                                         ^~~~~~~~~~~~~
/usr/local/cuda/include/sm_60_atomic_functions.h: In function 'long long unsigned int atomicMax_system(long long unsigned int*, long long unsigned int)':
/usr/local/cuda/include/sm_60_atomic_functions.h:77:25: warning: no return statement in function returning non-void [-Wreturn-type]
   77 | #define __DEF_IF_HOST { }
      |                         ^
/usr/local/cuda/include/sm_60_atomic_functions.h:204:90: note: in expansion of macro '__DEF_IF_HOST'
  204 | unsigned long long atomicMax_system(unsigned long long *address, unsigned long long val) __DEF_IF_HOST
      |                                                                                          ^~~~~~~~~~~~~
/usr/local/cuda/include/sm_60_atomic_functions.h: In function 'unsigned int atomicInc_block(unsigned int*, unsigned int)':
/usr/local/cuda/include/sm_60_atomic_functions.h:77:25: warning: no return statement in function returning non-void [-Wreturn-type]
   77 | #define __DEF_IF_HOST { }
      |                         ^
/usr/local/cuda/include/sm_60_atomic_functions.h:207:71: note: in expansion of macro '__DEF_IF_HOST'
  207 | unsigned int atomicInc_block(unsigned int *address, unsigned int val) __DEF_IF_HOST
      |                                                                       ^~~~~~~~~~~~~
/usr/local/cuda/include/sm_60_atomic_functions.h: In function 'unsigned int atomicInc_system(unsigned int*, unsigned int)':
/usr/local/cuda/include/sm_60_atomic_functions.h:77:25: warning: no return statement in function returning non-void [-Wreturn-type]
   77 | #define __DEF_IF_HOST { }
      |                         ^
/usr/local/cuda/include/sm_60_atomic_functions.h:210:72: note: in expansion of macro '__DEF_IF_HOST'
  210 | unsigned int atomicInc_system(unsigned int *address, unsigned int val) __DEF_IF_HOST
      |                                                                        ^~~~~~~~~~~~~
/usr/local/cuda/include/sm_60_atomic_functions.h: In function 'unsigned int atomicDec_block(unsigned int*, unsigned int)':
/usr/local/cuda/include/sm_60_atomic_functions.h:77:25: warning: no return statement in function returning non-void [-Wreturn-type]
   77 | #define __DEF_IF_HOST { }
      |                         ^
/usr/local/cuda/include/sm_60_atomic_functions.h:213:71: note: in expansion of macro '__DEF_IF_HOST'
  213 | unsigned int atomicDec_block(unsigned int *address, unsigned int val) __DEF_IF_HOST
      |                                                                       ^~~~~~~~~~~~~
/usr/local/cuda/include/sm_60_atomic_functions.h: In function 'unsigned int atomicDec_system(unsigned int*, unsigned int)':
/usr/local/cuda/include/sm_60_atomic_functions.h:77:25: warning: no return statement in function returning non-void [-Wreturn-type]
   77 | #define __DEF_IF_HOST { }
      |                         ^
/usr/local/cuda/include/sm_60_atomic_functions.h:216:72: note: in expansion of macro '__DEF_IF_HOST'
  216 | unsigned int atomicDec_system(unsigned int *address, unsigned int val) __DEF_IF_HOST
      |                                                                        ^~~~~~~~~~~~~
/usr/local/cuda/include/sm_60_atomic_functions.h: In function 'int atomicCAS_block(int*, int, int)':
/usr/local/cuda/include/sm_60_atomic_functions.h:77:25: warning: no return statement in function returning non-void [-Wreturn-type]
   77 | #define __DEF_IF_HOST { }
      |                         ^
/usr/local/cuda/include/sm_60_atomic_functions.h:219:57: note: in expansion of macro '__DEF_IF_HOST'
  219 | int atomicCAS_block(int *address, int compare, int val) __DEF_IF_HOST
      |                                                         ^~~~~~~~~~~~~
/usr/local/cuda/include/sm_60_atomic_functions.h: In function 'int atomicCAS_system(int*, int, int)':
/usr/local/cuda/include/sm_60_atomic_functions.h:77:25: warning: no return statement in function returning non-void [-Wreturn-type]
   77 | #define __DEF_IF_HOST { }
      |                         ^
/usr/local/cuda/include/sm_60_atomic_functions.h:222:58: note: in expansion of macro '__DEF_IF_HOST'
  222 | int atomicCAS_system(int *address, int compare, int val) __DEF_IF_HOST
      |                                                          ^~~~~~~~~~~~~
/usr/local/cuda/include/sm_60_atomic_functions.h: In function 'unsigned int atomicCAS_block(unsigned int*, unsigned int, unsigned int)':
/usr/local/cuda/include/sm_60_atomic_functions.h:77:25: warning: no return statement in function returning non-void [-Wreturn-type]
   77 | #define __DEF_IF_HOST { }
      |                         ^
/usr/local/cuda/include/sm_60_atomic_functions.h:226:48: note: in expansion of macro '__DEF_IF_HOST'
  226 |                              unsigned int val) __DEF_IF_HOST
      |                                                ^~~~~~~~~~~~~
/usr/local/cuda/include/sm_60_atomic_functions.h: In function 'unsigned int atomicCAS_system(unsigned int*, unsigned int, unsigned int)':
/usr/local/cuda/include/sm_60_atomic_functions.h:77:25: warning: no return statement in function returning non-void [-Wreturn-type]
   77 | #define __DEF_IF_HOST { }
      |                         ^
/usr/local/cuda/include/sm_60_atomic_functions.h:230:49: note: in expansion of macro '__DEF_IF_HOST'
  230 |                               unsigned int val) __DEF_IF_HOST
      |                                                 ^~~~~~~~~~~~~
/usr/local/cuda/include/sm_60_atomic_functions.h: In function 'long long unsigned int atomicCAS_block(long long unsigned int*, long long unsigned int, long long unsigned int)':
/usr/local/cuda/include/sm_60_atomic_functions.h:77:25: warning: no return statement in function returning non-void [-Wreturn-type]
   77 | #define __DEF_IF_HOST { }
      |                         ^
/usr/local/cuda/include/sm_60_atomic_functions.h:235:68: note: in expansion of macro '__DEF_IF_HOST'
  235 |                                        unsigned long long int val) __DEF_IF_HOST
      |                                                                    ^~~~~~~~~~~~~
/usr/local/cuda/include/sm_60_atomic_functions.h: In function 'long long unsigned int atomicCAS_system(long long unsigned int*, long long unsigned int, long long unsigned int)':
/usr/local/cuda/include/sm_60_atomic_functions.h:77:25: warning: no return statement in function returning non-void [-Wreturn-type]
   77 | #define __DEF_IF_HOST { }
      |                         ^
/usr/local/cuda/include/sm_60_atomic_functions.h:240:69: note: in expansion of macro '__DEF_IF_HOST'
  240 |                                         unsigned long long int val) __DEF_IF_HOST
      |                                                                     ^~~~~~~~~~~~~
/usr/local/cuda/include/sm_60_atomic_functions.h: In function 'int atomicAnd_block(int*, int)':
/usr/local/cuda/include/sm_60_atomic_functions.h:77:25: warning: no return statement in function returning non-void [-Wreturn-type]
   77 | #define __DEF_IF_HOST { }
      |                         ^
/usr/local/cuda/include/sm_60_atomic_functions.h:243:44: note: in expansion of macro '__DEF_IF_HOST'
  243 | int atomicAnd_block(int *address, int val) __DEF_IF_HOST
      |                                            ^~~~~~~~~~~~~
/usr/local/cuda/include/sm_60_atomic_functions.h: In function 'int atomicAnd_system(int*, int)':
/usr/local/cuda/include/sm_60_atomic_functions.h:77:25: warning: no return statement in function returning non-void [-Wreturn-type]
   77 | #define __DEF_IF_HOST { }
      |                         ^
/usr/local/cuda/include/sm_60_atomic_functions.h:246:45: note: in expansion of macro '__DEF_IF_HOST'
  246 | int atomicAnd_system(int *address, int val) __DEF_IF_HOST
      |                                             ^~~~~~~~~~~~~
/usr/local/cuda/include/sm_60_atomic_functions.h: In function 'long long int atomicAnd_block(long long int*, long long int)':
/usr/local/cuda/include/sm_60_atomic_functions.h:77:25: warning: no return statement in function returning non-void [-Wreturn-type]
   77 | #define __DEF_IF_HOST { }
      |                         ^
/usr/local/cuda/include/sm_60_atomic_functions.h:249:62: note: in expansion of macro '__DEF_IF_HOST'
  249 | long long atomicAnd_block(long long *address, long long val) __DEF_IF_HOST
      |                                                              ^~~~~~~~~~~~~
/usr/local/cuda/include/sm_60_atomic_functions.h: In function 'long long int atomicAnd_system(long long int*, long long int)':
/usr/local/cuda/include/sm_60_atomic_functions.h:77:25: warning: no return statement in function returning non-void [-Wreturn-type]
   77 | #define __DEF_IF_HOST { }
      |                         ^
/usr/local/cuda/include/sm_60_atomic_functions.h:252:63: note: in expansion of macro '__DEF_IF_HOST'
  252 | long long atomicAnd_system(long long *address, long long val) __DEF_IF_HOST
      |                                                               ^~~~~~~~~~~~~
/usr/local/cuda/include/sm_60_atomic_functions.h: In function 'unsigned int atomicAnd_block(unsigned int*, unsigned int)':
/usr/local/cuda/include/sm_60_atomic_functions.h:77:25: warning: no return statement in function returning non-void [-Wreturn-type]
   77 | #define __DEF_IF_HOST { }
      |                         ^
/usr/local/cuda/include/sm_60_atomic_functions.h:255:71: note: in expansion of macro '__DEF_IF_HOST'
  255 | unsigned int atomicAnd_block(unsigned int *address, unsigned int val) __DEF_IF_HOST
      |                                                                       ^~~~~~~~~~~~~
/usr/local/cuda/include/sm_60_atomic_functions.h: In function 'unsigned int atomicAnd_system(unsigned int*, unsigned int)':
/usr/local/cuda/include/sm_60_atomic_functions.h:77:25: warning: no return statement in function returning non-void [-Wreturn-type]
   77 | #define __DEF_IF_HOST { }
      |                         ^
/usr/local/cuda/include/sm_60_atomic_functions.h:258:72: note: in expansion of macro '__DEF_IF_HOST'
  258 | unsigned int atomicAnd_system(unsigned int *address, unsigned int val) __DEF_IF_HOST
      |                                                                        ^~~~~~~~~~~~~
/usr/local/cuda/include/sm_60_atomic_functions.h: In function 'long long unsigned int atomicAnd_block(long long unsigned int*, long long unsigned int)':
/usr/local/cuda/include/sm_60_atomic_functions.h:77:25: warning: no return statement in function returning non-void [-Wreturn-type]
   77 | #define __DEF_IF_HOST { }
      |                         ^
/usr/local/cuda/include/sm_60_atomic_functions.h:261:89: note: in expansion of macro '__DEF_IF_HOST'
  261 | unsigned long long atomicAnd_block(unsigned long long *address, unsigned long long val) __DEF_IF_HOST
      |                                                                                         ^~~~~~~~~~~~~
/usr/local/cuda/include/sm_60_atomic_functions.h: In function 'long long unsigned int atomicAnd_system(long long unsigned int*, long long unsigned int)':
/usr/local/cuda/include/sm_60_atomic_functions.h:77:25: warning: no return statement in function returning non-void [-Wreturn-type]
   77 | #define __DEF_IF_HOST { }
      |                         ^
/usr/local/cuda/include/sm_60_atomic_functions.h:264:90: note: in expansion of macro '__DEF_IF_HOST'
  264 | unsigned long long atomicAnd_system(unsigned long long *address, unsigned long long val) __DEF_IF_HOST
      |                                                                                          ^~~~~~~~~~~~~
/usr/local/cuda/include/sm_60_atomic_functions.h: In function 'int atomicOr_block(int*, int)':
/usr/local/cuda/include/sm_60_atomic_functions.h:77:25: warning: no return statement in function returning non-void [-Wreturn-type]
   77 | #define __DEF_IF_HOST { }
      |                         ^
/usr/local/cuda/include/sm_60_atomic_functions.h:267:43: note: in expansion of macro '__DEF_IF_HOST'
  267 | int atomicOr_block(int *address, int val) __DEF_IF_HOST
      |                                           ^~~~~~~~~~~~~
/usr/local/cuda/include/sm_60_atomic_functions.h: In function 'int atomicOr_system(int*, int)':
/usr/local/cuda/include/sm_60_atomic_functions.h:77:25: warning: no return statement in function returning non-void [-Wreturn-type]
   77 | #define __DEF_IF_HOST { }
      |                         ^
/usr/local/cuda/include/sm_60_atomic_functions.h:270:44: note: in expansion of macro '__DEF_IF_HOST'
  270 | int atomicOr_system(int *address, int val) __DEF_IF_HOST
      |                                            ^~~~~~~~~~~~~
/usr/local/cuda/include/sm_60_atomic_functions.h: In function 'long long int atomicOr_block(long long int*, long long int)':
/usr/local/cuda/include/sm_60_atomic_functions.h:77:25: warning: no return statement in function returning non-void [-Wreturn-type]
   77 | #define __DEF_IF_HOST { }
      |                         ^
/usr/local/cuda/include/sm_60_atomic_functions.h:273:61: note: in expansion of macro '__DEF_IF_HOST'
  273 | long long atomicOr_block(long long *address, long long val) __DEF_IF_HOST
      |                                                             ^~~~~~~~~~~~~
/usr/local/cuda/include/sm_60_atomic_functions.h: In function 'long long int atomicOr_system(long long int*, long long int)':
/usr/local/cuda/include/sm_60_atomic_functions.h:77:25: warning: no return statement in function returning non-void [-Wreturn-type]
   77 | #define __DEF_IF_HOST { }
      |                         ^
/usr/local/cuda/include/sm_60_atomic_functions.h:276:62: note: in expansion of macro '__DEF_IF_HOST'
  276 | long long atomicOr_system(long long *address, long long val) __DEF_IF_HOST
      |                                                              ^~~~~~~~~~~~~
/usr/local/cuda/include/sm_60_atomic_functions.h: In function 'unsigned int atomicOr_block(unsigned int*, unsigned int)':
/usr/local/cuda/include/sm_60_atomic_functions.h:77:25: warning: no return statement in function returning non-void [-Wreturn-type]
   77 | #define __DEF_IF_HOST { }
      |                         ^
/usr/local/cuda/include/sm_60_atomic_functions.h:279:70: note: in expansion of macro '__DEF_IF_HOST'
  279 | unsigned int atomicOr_block(unsigned int *address, unsigned int val) __DEF_IF_HOST
      |                                                                      ^~~~~~~~~~~~~
/usr/local/cuda/include/sm_60_atomic_functions.h: In function 'unsigned int atomicOr_system(unsigned int*, unsigned int)':
/usr/local/cuda/include/sm_60_atomic_functions.h:77:25: warning: no return statement in function returning non-void [-Wreturn-type]
   77 | #define __DEF_IF_HOST { }
      |                         ^
/usr/local/cuda/include/sm_60_atomic_functions.h:282:71: note: in expansion of macro '__DEF_IF_HOST'
  282 | unsigned int atomicOr_system(unsigned int *address, unsigned int val) __DEF_IF_HOST
      |                                                                       ^~~~~~~~~~~~~
/usr/local/cuda/include/sm_60_atomic_functions.h: In function 'long long unsigned int atomicOr_block(long long unsigned int*, long long unsigned int)':
/usr/local/cuda/include/sm_60_atomic_functions.h:77:25: warning: no return statement in function returning non-void [-Wreturn-type]
   77 | #define __DEF_IF_HOST { }
      |                         ^
/usr/local/cuda/include/sm_60_atomic_functions.h:285:88: note: in expansion of macro '__DEF_IF_HOST'
  285 | unsigned long long atomicOr_block(unsigned long long *address, unsigned long long val) __DEF_IF_HOST
      |                                                                                        ^~~~~~~~~~~~~
/usr/local/cuda/include/sm_60_atomic_functions.h: In function 'long long unsigned int atomicOr_system(long long unsigned int*, long long unsigned int)':
/usr/local/cuda/include/sm_60_atomic_functions.h:77:25: warning: no return statement in function returning non-void [-Wreturn-type]
   77 | #define __DEF_IF_HOST { }
      |                         ^
/usr/local/cuda/include/sm_60_atomic_functions.h:288:89: note: in expansion of macro '__DEF_IF_HOST'
  288 | unsigned long long atomicOr_system(unsigned long long *address, unsigned long long val) __DEF_IF_HOST
      |                                                                                         ^~~~~~~~~~~~~
/usr/local/cuda/include/sm_60_atomic_functions.h: In function 'int atomicXor_block(int*, int)':
/usr/local/cuda/include/sm_60_atomic_functions.h:77:25: warning: no return statement in function returning non-void [-Wreturn-type]
   77 | #define __DEF_IF_HOST { }
      |                         ^
/usr/local/cuda/include/sm_60_atomic_functions.h:291:44: note: in expansion of macro '__DEF_IF_HOST'
  291 | int atomicXor_block(int *address, int val) __DEF_IF_HOST
      |                                            ^~~~~~~~~~~~~
/usr/local/cuda/include/sm_60_atomic_functions.h: In function 'int atomicXor_system(int*, int)':
/usr/local/cuda/include/sm_60_atomic_functions.h:77:25: warning: no return statement in function returning non-void [-Wreturn-type]
   77 | #define __DEF_IF_HOST { }
      |                         ^
/usr/local/cuda/include/sm_60_atomic_functions.h:294:45: note: in expansion of macro '__DEF_IF_HOST'
  294 | int atomicXor_system(int *address, int val) __DEF_IF_HOST
      |                                             ^~~~~~~~~~~~~
/usr/local/cuda/include/sm_60_atomic_functions.h: In function 'long long int atomicXor_block(long long int*, long long int)':
/usr/local/cuda/include/sm_60_atomic_functions.h:77:25: warning: no return statement in function returning non-void [-Wreturn-type]
   77 | #define __DEF_IF_HOST { }
      |                         ^
/usr/local/cuda/include/sm_60_atomic_functions.h:297:62: note: in expansion of macro '__DEF_IF_HOST'
  297 | long long atomicXor_block(long long *address, long long val) __DEF_IF_HOST
      |                                                              ^~~~~~~~~~~~~
/usr/local/cuda/include/sm_60_atomic_functions.h: In function 'long long int atomicXor_system(long long int*, long long int)':
/usr/local/cuda/include/sm_60_atomic_functions.h:77:25: warning: no return statement in function returning non-void [-Wreturn-type]
   77 | #define __DEF_IF_HOST { }
      |                         ^
/usr/local/cuda/include/sm_60_atomic_functions.h:300:63: note: in expansion of macro '__DEF_IF_HOST'
  300 | long long atomicXor_system(long long *address, long long val) __DEF_IF_HOST
      |                                                               ^~~~~~~~~~~~~
/usr/local/cuda/include/sm_60_atomic_functions.h: In function 'unsigned int atomicXor_block(unsigned int*, unsigned int)':
/usr/local/cuda/include/sm_60_atomic_functions.h:77:25: warning: no return statement in function returning non-void [-Wreturn-type]
   77 | #define __DEF_IF_HOST { }
      |                         ^
/usr/local/cuda/include/sm_60_atomic_functions.h:303:71: note: in expansion of macro '__DEF_IF_HOST'
  303 | unsigned int atomicXor_block(unsigned int *address, unsigned int val) __DEF_IF_HOST
      |                                                                       ^~~~~~~~~~~~~
/usr/local/cuda/include/sm_60_atomic_functions.h: In function 'unsigned int atomicXor_system(unsigned int*, unsigned int)':
/usr/local/cuda/include/sm_60_atomic_functions.h:77:25: warning: no return statement in function returning non-void [-Wreturn-type]
   77 | #define __DEF_IF_HOST { }
      |                         ^
/usr/local/cuda/include/sm_60_atomic_functions.h:306:72: note: in expansion of macro '__DEF_IF_HOST'
  306 | unsigned int atomicXor_system(unsigned int *address, unsigned int val) __DEF_IF_HOST
      |                                                                        ^~~~~~~~~~~~~
/usr/local/cuda/include/sm_60_atomic_functions.h: In function 'long long unsigned int atomicXor_block(long long unsigned int*, long long unsigned int)':
/usr/local/cuda/include/sm_60_atomic_functions.h:77:25: warning: no return statement in function returning non-void [-Wreturn-type]
   77 | #define __DEF_IF_HOST { }
      |                         ^
/usr/local/cuda/include/sm_60_atomic_functions.h:309:89: note: in expansion of macro '__DEF_IF_HOST'
  309 | unsigned long long atomicXor_block(unsigned long long *address, unsigned long long val) __DEF_IF_HOST
      |                                                                                         ^~~~~~~~~~~~~
/usr/local/cuda/include/sm_60_atomic_functions.h: In function 'long long unsigned int atomicXor_system(long long unsigned int*, long long unsigned int)':
/usr/local/cuda/include/sm_60_atomic_functions.h:77:25: warning: no return statement in function returning non-void [-Wreturn-type]
   77 | #define __DEF_IF_HOST { }
      |                         ^
/usr/local/cuda/include/sm_60_atomic_functions.h:312:90: note: in expansion of macro '__DEF_IF_HOST'
  312 | unsigned long long atomicXor_system(unsigned long long *address, unsigned long long val) __DEF_IF_HOST
      |                                                                                          ^~~~~~~~~~~~~
In file included from /usr/local/cuda/include/crt/device_functions.h:3621,
                 from /home/GVirtuS/GVirtuS/plugins/cudart/backend/CudaRtHandler.h:71,
                 from /home/GVirtuS/GVirtuS/plugins/cudart/backend/CudaRtHandler_thread.cpp:26:
/usr/local/cuda/include/sm_20_intrinsics.h: In function 'unsigned int ballot(bool)':
/usr/local/cuda/include/sm_20_intrinsics.h:75:25: warning: no return statement in function returning non-void [-Wreturn-type]
   75 | #define __DEF_IF_HOST { }
      |                         ^
/usr/local/cuda/include/sm_20_intrinsics.h:1522:110: note: in expansion of macro '__DEF_IF_HOST'
 1522 | __SM_20_INTRINSICS_DECL__ __DEPRECATED__(__WSB_DEPRECATION_MESSAGE(__ballot)) unsigned int ballot(bool pred) __DEF_IF_HOST
      |                                                                                                              ^~~~~~~~~~~~~
/usr/local/cuda/include/sm_20_intrinsics.h: In function 'int syncthreads_count(bool)':
/usr/local/cuda/include/sm_20_intrinsics.h:75:25: warning: no return statement in function returning non-void [-Wreturn-type]
   75 | #define __DEF_IF_HOST { }
      |                         ^
/usr/local/cuda/include/sm_20_intrinsics.h:1524:60: note: in expansion of macro '__DEF_IF_HOST'
 1524 | __SM_20_INTRINSICS_DECL__ int syncthreads_count(bool pred) __DEF_IF_HOST
      |                                                            ^~~~~~~~~~~~~
/usr/local/cuda/include/sm_20_intrinsics.h: In function 'bool syncthreads_and(bool)':
/usr/local/cuda/include/sm_20_intrinsics.h:75:25: warning: no return statement in function returning non-void [-Wreturn-type]
   75 | #define __DEF_IF_HOST { }
      |                         ^
/usr/local/cuda/include/sm_20_intrinsics.h:1526:59: note: in expansion of macro '__DEF_IF_HOST'
 1526 | __SM_20_INTRINSICS_DECL__ bool syncthreads_and(bool pred) __DEF_IF_HOST
      |                                                           ^~~~~~~~~~~~~
/usr/local/cuda/include/sm_20_intrinsics.h: In function 'bool syncthreads_or(bool)':
/usr/local/cuda/include/sm_20_intrinsics.h:75:25: warning: no return statement in function returning non-void [-Wreturn-type]
   75 | #define __DEF_IF_HOST { }
      |                         ^
/usr/local/cuda/include/sm_20_intrinsics.h:1528:58: note: in expansion of macro '__DEF_IF_HOST'
 1528 | __SM_20_INTRINSICS_DECL__ bool syncthreads_or(bool pred) __DEF_IF_HOST
      |                                                          ^~~~~~~~~~~~~
/usr/local/cuda/include/sm_20_intrinsics.h: In function 'unsigned int __isGlobal(const void*)':
/usr/local/cuda/include/sm_20_intrinsics.h:75:25: warning: no return statement in function returning non-void [-Wreturn-type]
   75 | #define __DEF_IF_HOST { }
      |                         ^
/usr/local/cuda/include/sm_20_intrinsics.h:1533:68: note: in expansion of macro '__DEF_IF_HOST'
 1533 | __SM_20_INTRINSICS_DECL__ unsigned int __isGlobal(const void *ptr) __DEF_IF_HOST
      |                                                                    ^~~~~~~~~~~~~
/usr/local/cuda/include/sm_20_intrinsics.h: In function 'unsigned int __isShared(const void*)':
/usr/local/cuda/include/sm_20_intrinsics.h:75:25: warning: no return statement in function returning non-void [-Wreturn-type]
   75 | #define __DEF_IF_HOST { }
      |                         ^
/usr/local/cuda/include/sm_20_intrinsics.h:1534:68: note: in expansion of macro '__DEF_IF_HOST'
 1534 | __SM_20_INTRINSICS_DECL__ unsigned int __isShared(const void *ptr) __DEF_IF_HOST
      |                                                                    ^~~~~~~~~~~~~
/usr/local/cuda/include/sm_20_intrinsics.h: In function 'unsigned int __isConstant(const void*)':
/usr/local/cuda/include/sm_20_intrinsics.h:75:25: warning: no return statement in function returning non-void [-Wreturn-type]
   75 | #define __DEF_IF_HOST { }
      |                         ^
/usr/local/cuda/include/sm_20_intrinsics.h:1535:70: note: in expansion of macro '__DEF_IF_HOST'
 1535 | __SM_20_INTRINSICS_DECL__ unsigned int __isConstant(const void *ptr) __DEF_IF_HOST
      |                                                                      ^~~~~~~~~~~~~
/usr/local/cuda/include/sm_20_intrinsics.h: In function 'unsigned int __isLocal(const void*)':
/usr/local/cuda/include/sm_20_intrinsics.h:75:25: warning: no return statement in function returning non-void [-Wreturn-type]
   75 | #define __DEF_IF_HOST { }
      |                         ^
/usr/local/cuda/include/sm_20_intrinsics.h:1536:67: note: in expansion of macro '__DEF_IF_HOST'
 1536 | __SM_20_INTRINSICS_DECL__ unsigned int __isLocal(const void *ptr) __DEF_IF_HOST
      |                                                                   ^~~~~~~~~~~~~
/usr/local/cuda/include/sm_20_intrinsics.h: In function 'unsigned int __isGridConstant(const void*)':
/usr/local/cuda/include/sm_20_intrinsics.h:75:25: warning: no return statement in function returning non-void [-Wreturn-type]
   75 | #define __DEF_IF_HOST { }
      |                         ^
/usr/local/cuda/include/sm_20_intrinsics.h:1538:74: note: in expansion of macro '__DEF_IF_HOST'
 1538 | __SM_20_INTRINSICS_DECL__ unsigned int __isGridConstant(const void *ptr) __DEF_IF_HOST
      |                                                                          ^~~~~~~~~~~~~
/usr/local/cuda/include/sm_20_intrinsics.h: In function 'size_t __cvta_generic_to_global(const void*)':
/usr/local/cuda/include/sm_20_intrinsics.h:75:25: warning: no return statement in function returning non-void [-Wreturn-type]
   75 | #define __DEF_IF_HOST { }
      |                         ^
/usr/local/cuda/include/sm_20_intrinsics.h:1540:76: note: in expansion of macro '__DEF_IF_HOST'
 1540 | __SM_20_INTRINSICS_DECL__ size_t __cvta_generic_to_global(const void *ptr) __DEF_IF_HOST
      |                                                                            ^~~~~~~~~~~~~
/usr/local/cuda/include/sm_20_intrinsics.h: In function 'size_t __cvta_generic_to_shared(const void*)':
/usr/local/cuda/include/sm_20_intrinsics.h:75:25: warning: no return statement in function returning non-void [-Wreturn-type]
   75 | #define __DEF_IF_HOST { }
      |                         ^
/usr/local/cuda/include/sm_20_intrinsics.h:1541:76: note: in expansion of macro '__DEF_IF_HOST'
 1541 | __SM_20_INTRINSICS_DECL__ size_t __cvta_generic_to_shared(const void *ptr) __DEF_IF_HOST
      |                                                                            ^~~~~~~~~~~~~
/usr/local/cuda/include/sm_20_intrinsics.h: In function 'size_t __cvta_generic_to_constant(const void*)':
/usr/local/cuda/include/sm_20_intrinsics.h:75:25: warning: no return statement in function returning non-void [-Wreturn-type]
   75 | #define __DEF_IF_HOST { }
      |                         ^
/usr/local/cuda/include/sm_20_intrinsics.h:1542:78: note: in expansion of macro '__DEF_IF_HOST'
 1542 | __SM_20_INTRINSICS_DECL__ size_t __cvta_generic_to_constant(const void *ptr) __DEF_IF_HOST
      |                                                                              ^~~~~~~~~~~~~
/usr/local/cuda/include/sm_20_intrinsics.h: In function 'size_t __cvta_generic_to_local(const void*)':
/usr/local/cuda/include/sm_20_intrinsics.h:75:25: warning: no return statement in function returning non-void [-Wreturn-type]
   75 | #define __DEF_IF_HOST { }
      |                         ^
/usr/local/cuda/include/sm_20_intrinsics.h:1543:75: note: in expansion of macro '__DEF_IF_HOST'
 1543 | __SM_20_INTRINSICS_DECL__ size_t __cvta_generic_to_local(const void *ptr) __DEF_IF_HOST
      |                                                                           ^~~~~~~~~~~~~
/usr/local/cuda/include/sm_20_intrinsics.h: In function 'size_t __cvta_generic_to_grid_constant(const void*)':
/usr/local/cuda/include/sm_20_intrinsics.h:75:25: warning: no return statement in function returning non-void [-Wreturn-type]
   75 | #define __DEF_IF_HOST { }
      |                         ^
/usr/local/cuda/include/sm_20_intrinsics.h:1545:83: note: in expansion of macro '__DEF_IF_HOST'
 1545 | __SM_20_INTRINSICS_DECL__ size_t __cvta_generic_to_grid_constant(const void *ptr) __DEF_IF_HOST
      |                                                                                   ^~~~~~~~~~~~~
/usr/local/cuda/include/sm_20_intrinsics.h: In function 'void* __cvta_global_to_generic(size_t)':
/usr/local/cuda/include/sm_20_intrinsics.h:75:25: warning: no return statement in function returning non-void [-Wreturn-type]
   75 | #define __DEF_IF_HOST { }
      |                         ^
/usr/local/cuda/include/sm_20_intrinsics.h:1548:75: note: in expansion of macro '__DEF_IF_HOST'
 1548 | __SM_20_INTRINSICS_DECL__ void * __cvta_global_to_generic(size_t rawbits) __DEF_IF_HOST
      |                                                                           ^~~~~~~~~~~~~
/usr/local/cuda/include/sm_20_intrinsics.h: In function 'void* __cvta_shared_to_generic(size_t)':
/usr/local/cuda/include/sm_20_intrinsics.h:75:25: warning: no return statement in function returning non-void [-Wreturn-type]
   75 | #define __DEF_IF_HOST { }
      |                         ^
/usr/local/cuda/include/sm_20_intrinsics.h:1549:75: note: in expansion of macro '__DEF_IF_HOST'
 1549 | __SM_20_INTRINSICS_DECL__ void * __cvta_shared_to_generic(size_t rawbits) __DEF_IF_HOST
      |                                                                           ^~~~~~~~~~~~~
/usr/local/cuda/include/sm_20_intrinsics.h: In function 'void* __cvta_constant_to_generic(size_t)':
/usr/local/cuda/include/sm_20_intrinsics.h:75:25: warning: no return statement in function returning non-void [-Wreturn-type]
   75 | #define __DEF_IF_HOST { }
      |                         ^
/usr/local/cuda/include/sm_20_intrinsics.h:1550:77: note: in expansion of macro '__DEF_IF_HOST'
 1550 | __SM_20_INTRINSICS_DECL__ void * __cvta_constant_to_generic(size_t rawbits) __DEF_IF_HOST
      |                                                                             ^~~~~~~~~~~~~
/usr/local/cuda/include/sm_20_intrinsics.h: In function 'void* __cvta_local_to_generic(size_t)':
/usr/local/cuda/include/sm_20_intrinsics.h:75:25: warning: no return statement in function returning non-void [-Wreturn-type]
   75 | #define __DEF_IF_HOST { }
      |                         ^
/usr/local/cuda/include/sm_20_intrinsics.h:1551:74: note: in expansion of macro '__DEF_IF_HOST'
 1551 | __SM_20_INTRINSICS_DECL__ void * __cvta_local_to_generic(size_t rawbits) __DEF_IF_HOST
      |                                                                          ^~~~~~~~~~~~~
/usr/local/cuda/include/sm_20_intrinsics.h: In function 'void* __cvta_grid_constant_to_generic(size_t)':
/usr/local/cuda/include/sm_20_intrinsics.h:75:25: warning: no return statement in function returning non-void [-Wreturn-type]
   75 | #define __DEF_IF_HOST { }
      |                         ^
/usr/local/cuda/include/sm_20_intrinsics.h:1553:82: note: in expansion of macro '__DEF_IF_HOST'
 1553 | __SM_20_INTRINSICS_DECL__ void * __cvta_grid_constant_to_generic(size_t rawbits) __DEF_IF_HOST
      |                                                                                  ^~~~~~~~~~~~~
In file included from /usr/local/cuda/include/crt/device_functions.h:3622,
                 from /home/GVirtuS/GVirtuS/plugins/cudart/backend/CudaRtHandler.h:71,
                 from /home/GVirtuS/GVirtuS/plugins/cudart/backend/CudaRtHandler_thread.cpp:26:
/usr/local/cuda/include/sm_30_intrinsics.h: In function 'unsigned int __fns(unsigned int, unsigned int, int)':
/usr/local/cuda/include/sm_30_intrinsics.h:76:25: warning: no return statement in function returning non-void [-Wreturn-type]
   76 | #define __DEF_IF_HOST { }
      |                         ^
/usr/local/cuda/include/sm_30_intrinsics.h:123:85: note: in expansion of macro '__DEF_IF_HOST'
  123 | __SM_30_INTRINSICS_DECL__ unsigned  __fns(unsigned mask, unsigned base, int offset) __DEF_IF_HOST
      |                                                                                     ^~~~~~~~~~~~~
/usr/local/cuda/include/sm_30_intrinsics.h: In function 'int __all_sync(unsigned int, int)':
/usr/local/cuda/include/sm_30_intrinsics.h:76:25: warning: no return statement in function returning non-void [-Wreturn-type]
   76 | #define __DEF_IF_HOST { }
      |                         ^
/usr/local/cuda/include/sm_30_intrinsics.h:127:67: note: in expansion of macro '__DEF_IF_HOST'
  127 | __SM_30_INTRINSICS_DECL__ int __all_sync(unsigned mask, int pred) __DEF_IF_HOST
      |                                                                   ^~~~~~~~~~~~~
/usr/local/cuda/include/sm_30_intrinsics.h: In function 'int __any_sync(unsigned int, int)':
/usr/local/cuda/include/sm_30_intrinsics.h:76:25: warning: no return statement in function returning non-void [-Wreturn-type]
   76 | #define __DEF_IF_HOST { }
      |                         ^
/usr/local/cuda/include/sm_30_intrinsics.h:128:67: note: in expansion of macro '__DEF_IF_HOST'
  128 | __SM_30_INTRINSICS_DECL__ int __any_sync(unsigned mask, int pred) __DEF_IF_HOST
      |                                                                   ^~~~~~~~~~~~~
/usr/local/cuda/include/sm_30_intrinsics.h: In function 'int __uni_sync(unsigned int, int)':
/usr/local/cuda/include/sm_30_intrinsics.h:76:25: warning: no return statement in function returning non-void [-Wreturn-type]
   76 | #define __DEF_IF_HOST { }
      |                         ^
/usr/local/cuda/include/sm_30_intrinsics.h:129:67: note: in expansion of macro '__DEF_IF_HOST'
  129 | __SM_30_INTRINSICS_DECL__ int __uni_sync(unsigned mask, int pred) __DEF_IF_HOST
      |                                                                   ^~~~~~~~~~~~~
/usr/local/cuda/include/sm_30_intrinsics.h: In function 'unsigned int __ballot_sync(unsigned int, int)':
/usr/local/cuda/include/sm_30_intrinsics.h:76:25: warning: no return statement in function returning non-void [-Wreturn-type]
   76 | #define __DEF_IF_HOST { }
      |                         ^
/usr/local/cuda/include/sm_30_intrinsics.h:130:75: note: in expansion of macro '__DEF_IF_HOST'
  130 | __SM_30_INTRINSICS_DECL__ unsigned __ballot_sync(unsigned mask, int pred) __DEF_IF_HOST
      |                                                                           ^~~~~~~~~~~~~
/usr/local/cuda/include/sm_30_intrinsics.h: In function 'unsigned int __activemask()':
/usr/local/cuda/include/sm_30_intrinsics.h:76:25: warning: no return statement in function returning non-void [-Wreturn-type]
   76 | #define __DEF_IF_HOST { }
      |                         ^
/usr/local/cuda/include/sm_30_intrinsics.h:131:51: note: in expansion of macro '__DEF_IF_HOST'
  131 | __SM_30_INTRINSICS_DECL__ unsigned __activemask() __DEF_IF_HOST
      |                                                   ^~~~~~~~~~~~~
/usr/local/cuda/include/sm_30_intrinsics.h: In function 'int __shfl(int, int, int)':
/usr/local/cuda/include/sm_30_intrinsics.h:76:25: warning: no return statement in function returning non-void [-Wreturn-type]
   76 | #define __DEF_IF_HOST { }
      |                         ^
/usr/local/cuda/include/sm_30_intrinsics.h:140:130: note: in expansion of macro '__DEF_IF_HOST'
  140 | __SM_30_INTRINSICS_DECL__ __DEPRECATED__(__WSB_DEPRECATION_MESSAGE(__shfl)) int __shfl(int var, int srcLane, int width=warpSize) __DEF_IF_HOST
      |                                                                                                                                  ^~~~~~~~~~~~~
/usr/local/cuda/include/sm_30_intrinsics.h: In function 'unsigned int __shfl(unsigned int, int, int)':
/usr/local/cuda/include/sm_30_intrinsics.h:76:25: warning: no return statement in function returning non-void [-Wreturn-type]
   76 | #define __DEF_IF_HOST { }
      |                         ^
/usr/local/cuda/include/sm_30_intrinsics.h:141:148: note: in expansion of macro '__DEF_IF_HOST'
  141 | __SM_30_INTRINSICS_DECL__ __DEPRECATED__(__WSB_DEPRECATION_MESSAGE(__shfl)) unsigned int __shfl(unsigned int var, int srcLane, int width=warpSize) __DEF_IF_HOST
      |                                                                                                                                                    ^~~~~~~~~~~~~
/usr/local/cuda/include/sm_30_intrinsics.h: In function 'int __shfl_up(int, unsigned int, int)':
/usr/local/cuda/include/sm_30_intrinsics.h:76:25: warning: no return statement in function returning non-void [-Wreturn-type]
   76 | #define __DEF_IF_HOST { }
      |                         ^
/usr/local/cuda/include/sm_30_intrinsics.h:142:143: note: in expansion of macro '__DEF_IF_HOST'
  142 | __SM_30_INTRINSICS_DECL__ __DEPRECATED__(__WSB_DEPRECATION_MESSAGE(__shfl_up)) int __shfl_up(int var, unsigned int delta, int width=warpSize) __DEF_IF_HOST
      |                                                                                                                                               ^~~~~~~~~~~~~
/usr/local/cuda/include/sm_30_intrinsics.h: In function 'unsigned int __shfl_up(unsigned int, unsigned int, int)':
/usr/local/cuda/include/sm_30_intrinsics.h:76:25: warning: no return statement in function returning non-void [-Wreturn-type]
   76 | #define __DEF_IF_HOST { }
      |                         ^
/usr/local/cuda/include/sm_30_intrinsics.h:143:161: note: in expansion of macro '__DEF_IF_HOST'
  143 | __SM_30_INTRINSICS_DECL__ __DEPRECATED__(__WSB_DEPRECATION_MESSAGE(__shfl_up)) unsigned int __shfl_up(unsigned int var, unsigned int delta, int width=warpSize) __DEF_IF_HOST
      |                                                                                                                                                                 ^~~~~~~~~~~~~
/usr/local/cuda/include/sm_30_intrinsics.h: In function 'int __shfl_down(int, unsigned int, int)':
/usr/local/cuda/include/sm_30_intrinsics.h:76:25: warning: no return statement in function returning non-void [-Wreturn-type]
   76 | #define __DEF_IF_HOST { }
      |                         ^
/usr/local/cuda/include/sm_30_intrinsics.h:144:147: note: in expansion of macro '__DEF_IF_HOST'
  144 | __SM_30_INTRINSICS_DECL__ __DEPRECATED__(__WSB_DEPRECATION_MESSAGE(__shfl_down)) int __shfl_down(int var, unsigned int delta, int width=warpSize) __DEF_IF_HOST
      |                                                                                                                                                   ^~~~~~~~~~~~~
/usr/local/cuda/include/sm_30_intrinsics.h: In function 'unsigned int __shfl_down(unsigned int, unsigned int, int)':
/usr/local/cuda/include/sm_30_intrinsics.h:76:25: warning: no return statement in function returning non-void [-Wreturn-type]
   76 | #define __DEF_IF_HOST { }
      |                         ^
/usr/local/cuda/include/sm_30_intrinsics.h:145:165: note: in expansion of macro '__DEF_IF_HOST'
  145 | __SM_30_INTRINSICS_DECL__ __DEPRECATED__(__WSB_DEPRECATION_MESSAGE(__shfl_down)) unsigned int __shfl_down(unsigned int var, unsigned int delta, int width=warpSize) __DEF_IF_HOST
      |                                                                                                                                                                     ^~~~~~~~~~~~~
/usr/local/cuda/include/sm_30_intrinsics.h: In function 'int __shfl_xor(int, int, int)':
/usr/local/cuda/include/sm_30_intrinsics.h:76:25: warning: no return statement in function returning non-void [-Wreturn-type]
   76 | #define __DEF_IF_HOST { }
      |                         ^
/usr/local/cuda/include/sm_30_intrinsics.h:146:139: note: in expansion of macro '__DEF_IF_HOST'
  146 | __SM_30_INTRINSICS_DECL__ __DEPRECATED__(__WSB_DEPRECATION_MESSAGE(__shfl_xor)) int __shfl_xor(int var, int laneMask, int width=warpSize) __DEF_IF_HOST
      |                                                                                                                                           ^~~~~~~~~~~~~
/usr/local/cuda/include/sm_30_intrinsics.h: In function 'unsigned int __shfl_xor(unsigned int, int, int)':
/usr/local/cuda/include/sm_30_intrinsics.h:76:25: warning: no return statement in function returning non-void [-Wreturn-type]
   76 | #define __DEF_IF_HOST { }
      |                         ^
/usr/local/cuda/include/sm_30_intrinsics.h:147:157: note: in expansion of macro '__DEF_IF_HOST'
  147 | __SM_30_INTRINSICS_DECL__ __DEPRECATED__(__WSB_DEPRECATION_MESSAGE(__shfl_xor)) unsigned int __shfl_xor(unsigned int var, int laneMask, int width=warpSize) __DEF_IF_HOST
      |                                                                                                                                                             ^~~~~~~~~~~~~
/usr/local/cuda/include/sm_30_intrinsics.h: In function 'float __shfl(float, int, int)':
/usr/local/cuda/include/sm_30_intrinsics.h:76:25: warning: no return statement in function returning non-void [-Wreturn-type]
   76 | #define __DEF_IF_HOST { }
      |                         ^
/usr/local/cuda/include/sm_30_intrinsics.h:148:134: note: in expansion of macro '__DEF_IF_HOST'
  148 | __SM_30_INTRINSICS_DECL__ __DEPRECATED__(__WSB_DEPRECATION_MESSAGE(__shfl)) float __shfl(float var, int srcLane, int width=warpSize) __DEF_IF_HOST
      |                                                                                                                                      ^~~~~~~~~~~~~
/usr/local/cuda/include/sm_30_intrinsics.h: In function 'float __shfl_up(float, unsigned int, int)':
/usr/local/cuda/include/sm_30_intrinsics.h:76:25: warning: no return statement in function returning non-void [-Wreturn-type]
   76 | #define __DEF_IF_HOST { }
      |                         ^
/usr/local/cuda/include/sm_30_intrinsics.h:149:147: note: in expansion of macro '__DEF_IF_HOST'
  149 | __SM_30_INTRINSICS_DECL__ __DEPRECATED__(__WSB_DEPRECATION_MESSAGE(__shfl_up)) float __shfl_up(float var, unsigned int delta, int width=warpSize) __DEF_IF_HOST
      |                                                                                                                                                   ^~~~~~~~~~~~~
/usr/local/cuda/include/sm_30_intrinsics.h: In function 'float __shfl_down(float, unsigned int, int)':
/usr/local/cuda/include/sm_30_intrinsics.h:76:25: warning: no return statement in function returning non-void [-Wreturn-type]
   76 | #define __DEF_IF_HOST { }
      |                         ^
/usr/local/cuda/include/sm_30_intrinsics.h:150:151: note: in expansion of macro '__DEF_IF_HOST'
  150 | __SM_30_INTRINSICS_DECL__ __DEPRECATED__(__WSB_DEPRECATION_MESSAGE(__shfl_down)) float __shfl_down(float var, unsigned int delta, int width=warpSize) __DEF_IF_HOST
      |                                                                                                                                                       ^~~~~~~~~~~~~
/usr/local/cuda/include/sm_30_intrinsics.h: In function 'float __shfl_xor(float, int, int)':
/usr/local/cuda/include/sm_30_intrinsics.h:76:25: warning: no return statement in function returning non-void [-Wreturn-type]
   76 | #define __DEF_IF_HOST { }
      |                         ^
/usr/local/cuda/include/sm_30_intrinsics.h:151:143: note: in expansion of macro '__DEF_IF_HOST'
  151 | __SM_30_INTRINSICS_DECL__ __DEPRECATED__(__WSB_DEPRECATION_MESSAGE(__shfl_xor)) float __shfl_xor(float var, int laneMask, int width=warpSize) __DEF_IF_HOST
      |                                                                                                                                               ^~~~~~~~~~~~~
/usr/local/cuda/include/sm_30_intrinsics.h: In function 'int __shfl_sync(unsigned int, int, int, int)':
/usr/local/cuda/include/sm_30_intrinsics.h:76:25: warning: no return statement in function returning non-void [-Wreturn-type]
   76 | #define __DEF_IF_HOST { }
      |                         ^
/usr/local/cuda/include/sm_30_intrinsics.h:154:100: note: in expansion of macro '__DEF_IF_HOST'
  154 | __SM_30_INTRINSICS_DECL__ int __shfl_sync(unsigned mask, int var, int srcLane, int width=warpSize) __DEF_IF_HOST
      |                                                                                                    ^~~~~~~~~~~~~
/usr/local/cuda/include/sm_30_intrinsics.h: In function 'unsigned int __shfl_sync(unsigned int, unsigned int, int, int)':
/usr/local/cuda/include/sm_30_intrinsics.h:76:25: warning: no return statement in function returning non-void [-Wreturn-type]
   76 | #define __DEF_IF_HOST { }
      |                         ^
/usr/local/cuda/include/sm_30_intrinsics.h:155:118: note: in expansion of macro '__DEF_IF_HOST'
  155 | __SM_30_INTRINSICS_DECL__ unsigned int __shfl_sync(unsigned mask, unsigned int var, int srcLane, int width=warpSize) __DEF_IF_HOST
      |                                                                                                                      ^~~~~~~~~~~~~
/usr/local/cuda/include/sm_30_intrinsics.h: In function 'int __shfl_up_sync(unsigned int, int, unsigned int, int)':
/usr/local/cuda/include/sm_30_intrinsics.h:76:25: warning: no return statement in function returning non-void [-Wreturn-type]
   76 | #define __DEF_IF_HOST { }
      |                         ^
/usr/local/cuda/include/sm_30_intrinsics.h:156:110: note: in expansion of macro '__DEF_IF_HOST'
  156 | __SM_30_INTRINSICS_DECL__ int __shfl_up_sync(unsigned mask, int var, unsigned int delta, int width=warpSize) __DEF_IF_HOST
      |                                                                                                              ^~~~~~~~~~~~~
/usr/local/cuda/include/sm_30_intrinsics.h: In function 'unsigned int __shfl_up_sync(unsigned int, unsigned int, unsigned int, int)':
/usr/local/cuda/include/sm_30_intrinsics.h:76:25: warning: no return statement in function returning non-void [-Wreturn-type]
   76 | #define __DEF_IF_HOST { }
      |                         ^
/usr/local/cuda/include/sm_30_intrinsics.h:157:128: note: in expansion of macro '__DEF_IF_HOST'
  157 | __SM_30_INTRINSICS_DECL__ unsigned int __shfl_up_sync(unsigned mask, unsigned int var, unsigned int delta, int width=warpSize) __DEF_IF_HOST
      |                                                                                                                                ^~~~~~~~~~~~~
/usr/local/cuda/include/sm_30_intrinsics.h: In function 'int __shfl_down_sync(unsigned int, int, unsigned int, int)':
/usr/local/cuda/include/sm_30_intrinsics.h:76:25: warning: no return statement in function returning non-void [-Wreturn-type]
   76 | #define __DEF_IF_HOST { }
      |                         ^
/usr/local/cuda/include/sm_30_intrinsics.h:158:112: note: in expansion of macro '__DEF_IF_HOST'
  158 | __SM_30_INTRINSICS_DECL__ int __shfl_down_sync(unsigned mask, int var, unsigned int delta, int width=warpSize) __DEF_IF_HOST
      |                                                                                                                ^~~~~~~~~~~~~
/usr/local/cuda/include/sm_30_intrinsics.h: In function 'unsigned int __shfl_down_sync(unsigned int, unsigned int, unsigned int, int)':
/usr/local/cuda/include/sm_30_intrinsics.h:76:25: warning: no return statement in function returning non-void [-Wreturn-type]
   76 | #define __DEF_IF_HOST { }
      |                         ^
/usr/local/cuda/include/sm_30_intrinsics.h:159:130: note: in expansion of macro '__DEF_IF_HOST'
  159 | __SM_30_INTRINSICS_DECL__ unsigned int __shfl_down_sync(unsigned mask, unsigned int var, unsigned int delta, int width=warpSize) __DEF_IF_HOST
      |                                                                                                                                  ^~~~~~~~~~~~~
/usr/local/cuda/include/sm_30_intrinsics.h: In function 'int __shfl_xor_sync(unsigned int, int, int, int)':
/usr/local/cuda/include/sm_30_intrinsics.h:76:25: warning: no return statement in function returning non-void [-Wreturn-type]
   76 | #define __DEF_IF_HOST { }
      |                         ^
/usr/local/cuda/include/sm_30_intrinsics.h:160:105: note: in expansion of macro '__DEF_IF_HOST'
  160 | __SM_30_INTRINSICS_DECL__ int __shfl_xor_sync(unsigned mask, int var, int laneMask, int width=warpSize) __DEF_IF_HOST
      |                                                                                                         ^~~~~~~~~~~~~
/usr/local/cuda/include/sm_30_intrinsics.h: In function 'unsigned int __shfl_xor_sync(unsigned int, unsigned int, int, int)':
/usr/local/cuda/include/sm_30_intrinsics.h:76:25: warning: no return statement in function returning non-void [-Wreturn-type]
   76 | #define __DEF_IF_HOST { }
      |                         ^
/usr/local/cuda/include/sm_30_intrinsics.h:161:123: note: in expansion of macro '__DEF_IF_HOST'
  161 | __SM_30_INTRINSICS_DECL__ unsigned int __shfl_xor_sync(unsigned mask, unsigned int var, int laneMask, int width=warpSize) __DEF_IF_HOST
      |                                                                                                                           ^~~~~~~~~~~~~
/usr/local/cuda/include/sm_30_intrinsics.h: In function 'float __shfl_sync(unsigned int, float, int, int)':
/usr/local/cuda/include/sm_30_intrinsics.h:76:25: warning: no return statement in function returning non-void [-Wreturn-type]
   76 | #define __DEF_IF_HOST { }
      |                         ^
/usr/local/cuda/include/sm_30_intrinsics.h:162:104: note: in expansion of macro '__DEF_IF_HOST'
  162 | __SM_30_INTRINSICS_DECL__ float __shfl_sync(unsigned mask, float var, int srcLane, int width=warpSize) __DEF_IF_HOST
      |                                                                                                        ^~~~~~~~~~~~~
/usr/local/cuda/include/sm_30_intrinsics.h: In function 'float __shfl_up_sync(unsigned int, float, unsigned int, int)':
/usr/local/cuda/include/sm_30_intrinsics.h:76:25: warning: no return statement in function returning non-void [-Wreturn-type]
   76 | #define __DEF_IF_HOST { }
      |                         ^
/usr/local/cuda/include/sm_30_intrinsics.h:163:114: note: in expansion of macro '__DEF_IF_HOST'
  163 | __SM_30_INTRINSICS_DECL__ float __shfl_up_sync(unsigned mask, float var, unsigned int delta, int width=warpSize) __DEF_IF_HOST
      |                                                                                                                  ^~~~~~~~~~~~~
/usr/local/cuda/include/sm_30_intrinsics.h: In function 'float __shfl_down_sync(unsigned int, float, unsigned int, int)':
/usr/local/cuda/include/sm_30_intrinsics.h:76:25: warning: no return statement in function returning non-void [-Wreturn-type]
   76 | #define __DEF_IF_HOST { }
      |                         ^
/usr/local/cuda/include/sm_30_intrinsics.h:164:116: note: in expansion of macro '__DEF_IF_HOST'
  164 | __SM_30_INTRINSICS_DECL__ float __shfl_down_sync(unsigned mask, float var, unsigned int delta, int width=warpSize) __DEF_IF_HOST
      |                                                                                                                    ^~~~~~~~~~~~~
/usr/local/cuda/include/sm_30_intrinsics.h: In function 'float __shfl_xor_sync(unsigned int, float, int, int)':
/usr/local/cuda/include/sm_30_intrinsics.h:76:25: warning: no return statement in function returning non-void [-Wreturn-type]
   76 | #define __DEF_IF_HOST { }
      |                         ^
/usr/local/cuda/include/sm_30_intrinsics.h:165:109: note: in expansion of macro '__DEF_IF_HOST'
  165 | __SM_30_INTRINSICS_DECL__ float __shfl_xor_sync(unsigned mask, float var, int laneMask, int width=warpSize) __DEF_IF_HOST
      |                                                                                                             ^~~~~~~~~~~~~
/usr/local/cuda/include/sm_30_intrinsics.h: In function 'long long unsigned int __shfl(long long unsigned int, int, int)':
/usr/local/cuda/include/sm_30_intrinsics.h:76:25: warning: no return statement in function returning non-void [-Wreturn-type]
   76 | #define __DEF_IF_HOST { }
      |                         ^
/usr/local/cuda/include/sm_30_intrinsics.h:169:160: note: in expansion of macro '__DEF_IF_HOST'
  169 | __SM_30_INTRINSICS_DECL__ __DEPRECATED__(__WSB_DEPRECATION_MESSAGE(__shfl)) unsigned long long __shfl(unsigned long long var, int srcLane, int width=warpSize) __DEF_IF_HOST
      |                                                                                                                                                                ^~~~~~~~~~~~~
/usr/local/cuda/include/sm_30_intrinsics.h: In function 'long long int __shfl(long long int, int, int)':
/usr/local/cuda/include/sm_30_intrinsics.h:76:25: warning: no return statement in function returning non-void [-Wreturn-type]
   76 | #define __DEF_IF_HOST { }
      |                         ^
/usr/local/cuda/include/sm_30_intrinsics.h:170:142: note: in expansion of macro '__DEF_IF_HOST'
  170 | __SM_30_INTRINSICS_DECL__ __DEPRECATED__(__WSB_DEPRECATION_MESSAGE(__shfl)) long long __shfl(long long var, int srcLane, int width=warpSize) __DEF_IF_HOST
      |                                                                                                                                              ^~~~~~~~~~~~~
/usr/local/cuda/include/sm_30_intrinsics.h: In function 'long long int __shfl_up(long long int, unsigned int, int)':
/usr/local/cuda/include/sm_30_intrinsics.h:76:25: warning: no return statement in function returning non-void [-Wreturn-type]
   76 | #define __DEF_IF_HOST { }
      |                         ^
/usr/local/cuda/include/sm_30_intrinsics.h:171:155: note: in expansion of macro '__DEF_IF_HOST'
  171 | __SM_30_INTRINSICS_DECL__ __DEPRECATED__(__WSB_DEPRECATION_MESSAGE(__shfl_up)) long long __shfl_up(long long var, unsigned int delta, int width=warpSize) __DEF_IF_HOST
      |                                                                                                                                                           ^~~~~~~~~~~~~
/usr/local/cuda/include/sm_30_intrinsics.h: In function 'long long unsigned int __shfl_up(long long unsigned int, unsigned int, int)':
/usr/local/cuda/include/sm_30_intrinsics.h:76:25: warning: no return statement in function returning non-void [-Wreturn-type]
   76 | #define __DEF_IF_HOST { }
      |                         ^
/usr/local/cuda/include/sm_30_intrinsics.h:172:173: note: in expansion of macro '__DEF_IF_HOST'
  172 | __SM_30_INTRINSICS_DECL__ __DEPRECATED__(__WSB_DEPRECATION_MESSAGE(__shfl_up)) unsigned long long __shfl_up(unsigned long long var, unsigned int delta, int width=warpSize) __DEF_IF_HOST
      |                                                                                                                                                                             ^~~~~~~~~~~~~
/usr/local/cuda/include/sm_30_intrinsics.h: In function 'long long int __shfl_down(long long int, unsigned int, int)':
/usr/local/cuda/include/sm_30_intrinsics.h:76:25: warning: no return statement in function returning non-void [-Wreturn-type]
   76 | #define __DEF_IF_HOST { }
      |                         ^
/usr/local/cuda/include/sm_30_intrinsics.h:173:159: note: in expansion of macro '__DEF_IF_HOST'
  173 | __SM_30_INTRINSICS_DECL__ __DEPRECATED__(__WSB_DEPRECATION_MESSAGE(__shfl_down)) long long __shfl_down(long long var, unsigned int delta, int width=warpSize) __DEF_IF_HOST
      |                                                                                                                                                               ^~~~~~~~~~~~~
/usr/local/cuda/include/sm_30_intrinsics.h: In function 'long long unsigned int __shfl_down(long long unsigned int, unsigned int, int)':
/usr/local/cuda/include/sm_30_intrinsics.h:76:25: warning: no return statement in function returning non-void [-Wreturn-type]
   76 | #define __DEF_IF_HOST { }
      |                         ^
/usr/local/cuda/include/sm_30_intrinsics.h:174:177: note: in expansion of macro '__DEF_IF_HOST'
  174 | __SM_30_INTRINSICS_DECL__ __DEPRECATED__(__WSB_DEPRECATION_MESSAGE(__shfl_down)) unsigned long long __shfl_down(unsigned long long var, unsigned int delta, int width=warpSize) __DEF_IF_HOST
      |                                                                                                                                                                                 ^~~~~~~~~~~~~
/usr/local/cuda/include/sm_30_intrinsics.h: In function 'long long int __shfl_xor(long long int, int, int)':
/usr/local/cuda/include/sm_30_intrinsics.h:76:25: warning: no return statement in function returning non-void [-Wreturn-type]
   76 | #define __DEF_IF_HOST { }
      |                         ^
/usr/local/cuda/include/sm_30_intrinsics.h:175:151: note: in expansion of macro '__DEF_IF_HOST'
  175 | __SM_30_INTRINSICS_DECL__ __DEPRECATED__(__WSB_DEPRECATION_MESSAGE(__shfl_xor)) long long __shfl_xor(long long var, int laneMask, int width=warpSize) __DEF_IF_HOST
      |                                                                                                                                                       ^~~~~~~~~~~~~
/usr/local/cuda/include/sm_30_intrinsics.h: In function 'long long unsigned int __shfl_xor(long long unsigned int, int, int)':
/usr/local/cuda/include/sm_30_intrinsics.h:76:25: warning: no return statement in function returning non-void [-Wreturn-type]
   76 | #define __DEF_IF_HOST { }
      |                         ^
/usr/local/cuda/include/sm_30_intrinsics.h:176:169: note: in expansion of macro '__DEF_IF_HOST'
  176 | __SM_30_INTRINSICS_DECL__ __DEPRECATED__(__WSB_DEPRECATION_MESSAGE(__shfl_xor)) unsigned long long __shfl_xor(unsigned long long var, int laneMask, int width=warpSize) __DEF_IF_HOST
      |                                                                                                                                                                         ^~~~~~~~~~~~~
/usr/local/cuda/include/sm_30_intrinsics.h: In function 'double __shfl(double, int, int)':
/usr/local/cuda/include/sm_30_intrinsics.h:76:25: warning: no return statement in function returning non-void [-Wreturn-type]
   76 | #define __DEF_IF_HOST { }
      |                         ^
/usr/local/cuda/include/sm_30_intrinsics.h:177:136: note: in expansion of macro '__DEF_IF_HOST'
  177 | __SM_30_INTRINSICS_DECL__ __DEPRECATED__(__WSB_DEPRECATION_MESSAGE(__shfl)) double __shfl(double var, int srcLane, int width=warpSize) __DEF_IF_HOST
      |                                                                                                                                        ^~~~~~~~~~~~~
/usr/local/cuda/include/sm_30_intrinsics.h: In function 'double __shfl_up(double, unsigned int, int)':
/usr/local/cuda/include/sm_30_intrinsics.h:76:25: warning: no return statement in function returning non-void [-Wreturn-type]
   76 | #define __DEF_IF_HOST { }
      |                         ^
/usr/local/cuda/include/sm_30_intrinsics.h:178:149: note: in expansion of macro '__DEF_IF_HOST'
  178 | __SM_30_INTRINSICS_DECL__ __DEPRECATED__(__WSB_DEPRECATION_MESSAGE(__shfl_up)) double __shfl_up(double var, unsigned int delta, int width=warpSize) __DEF_IF_HOST
      |                                                                                                                                                     ^~~~~~~~~~~~~
/usr/local/cuda/include/sm_30_intrinsics.h: In function 'double __shfl_down(double, unsigned int, int)':
/usr/local/cuda/include/sm_30_intrinsics.h:76:25: warning: no return statement in function returning non-void [-Wreturn-type]
   76 | #define __DEF_IF_HOST { }
      |                         ^
/usr/local/cuda/include/sm_30_intrinsics.h:179:153: note: in expansion of macro '__DEF_IF_HOST'
  179 | __SM_30_INTRINSICS_DECL__ __DEPRECATED__(__WSB_DEPRECATION_MESSAGE(__shfl_down)) double __shfl_down(double var, unsigned int delta, int width=warpSize) __DEF_IF_HOST
      |                                                                                                                                                         ^~~~~~~~~~~~~
/usr/local/cuda/include/sm_30_intrinsics.h: In function 'double __shfl_xor(double, int, int)':
/usr/local/cuda/include/sm_30_intrinsics.h:76:25: warning: no return statement in function returning non-void [-Wreturn-type]
   76 | #define __DEF_IF_HOST { }
      |                         ^
/usr/local/cuda/include/sm_30_intrinsics.h:180:145: note: in expansion of macro '__DEF_IF_HOST'
  180 | __SM_30_INTRINSICS_DECL__ __DEPRECATED__(__WSB_DEPRECATION_MESSAGE(__shfl_xor)) double __shfl_xor(double var, int laneMask, int width=warpSize) __DEF_IF_HOST
      |                                                                                                                                                 ^~~~~~~~~~~~~
/usr/local/cuda/include/sm_30_intrinsics.h: In function 'long long int __shfl_sync(unsigned int, long long int, int, int)':
/usr/local/cuda/include/sm_30_intrinsics.h:76:25: warning: no return statement in function returning non-void [-Wreturn-type]
   76 | #define __DEF_IF_HOST { }
      |                         ^
/usr/local/cuda/include/sm_30_intrinsics.h:183:112: note: in expansion of macro '__DEF_IF_HOST'
  183 | __SM_30_INTRINSICS_DECL__ long long __shfl_sync(unsigned mask, long long var, int srcLane, int width=warpSize) __DEF_IF_HOST
      |                                                                                                                ^~~~~~~~~~~~~
/usr/local/cuda/include/sm_30_intrinsics.h: In function 'long long unsigned int __shfl_sync(unsigned int, long long unsigned int, int, int)':
/usr/local/cuda/include/sm_30_intrinsics.h:76:25: warning: no return statement in function returning non-void [-Wreturn-type]
   76 | #define __DEF_IF_HOST { }
      |                         ^
/usr/local/cuda/include/sm_30_intrinsics.h:184:130: note: in expansion of macro '__DEF_IF_HOST'
  184 | __SM_30_INTRINSICS_DECL__ unsigned long long __shfl_sync(unsigned mask, unsigned long long var, int srcLane, int width=warpSize) __DEF_IF_HOST
      |                                                                                                                                  ^~~~~~~~~~~~~
/usr/local/cuda/include/sm_30_intrinsics.h: In function 'long long int __shfl_up_sync(unsigned int, long long int, unsigned int, int)':
/usr/local/cuda/include/sm_30_intrinsics.h:76:25: warning: no return statement in function returning non-void [-Wreturn-type]
   76 | #define __DEF_IF_HOST { }
      |                         ^
/usr/local/cuda/include/sm_30_intrinsics.h:185:122: note: in expansion of macro '__DEF_IF_HOST'
  185 | __SM_30_INTRINSICS_DECL__ long long __shfl_up_sync(unsigned mask, long long var, unsigned int delta, int width=warpSize) __DEF_IF_HOST
      |                                                                                                                          ^~~~~~~~~~~~~
/usr/local/cuda/include/sm_30_intrinsics.h: In function 'long long unsigned int __shfl_up_sync(unsigned int, long long unsigned int, unsigned int, int)':
/usr/local/cuda/include/sm_30_intrinsics.h:76:25: warning: no return statement in function returning non-void [-Wreturn-type]
   76 | #define __DEF_IF_HOST { }
      |                         ^
/usr/local/cuda/include/sm_30_intrinsics.h:186:140: note: in expansion of macro '__DEF_IF_HOST'
  186 | __SM_30_INTRINSICS_DECL__ unsigned long long __shfl_up_sync(unsigned mask, unsigned long long var, unsigned int delta, int width=warpSize) __DEF_IF_HOST
      |                                                                                                                                            ^~~~~~~~~~~~~
/usr/local/cuda/include/sm_30_intrinsics.h: In function 'long long int __shfl_down_sync(unsigned int, long long int, unsigned int, int)':
/usr/local/cuda/include/sm_30_intrinsics.h:76:25: warning: no return statement in function returning non-void [-Wreturn-type]
   76 | #define __DEF_IF_HOST { }
      |                         ^
/usr/local/cuda/include/sm_30_intrinsics.h:187:124: note: in expansion of macro '__DEF_IF_HOST'
  187 | __SM_30_INTRINSICS_DECL__ long long __shfl_down_sync(unsigned mask, long long var, unsigned int delta, int width=warpSize) __DEF_IF_HOST
      |                                                                                                                            ^~~~~~~~~~~~~
/usr/local/cuda/include/sm_30_intrinsics.h: In function 'long long unsigned int __shfl_down_sync(unsigned int, long long unsigned int, unsigned int, int)':
/usr/local/cuda/include/sm_30_intrinsics.h:76:25: warning: no return statement in function returning non-void [-Wreturn-type]
   76 | #define __DEF_IF_HOST { }
      |                         ^
/usr/local/cuda/include/sm_30_intrinsics.h:188:142: note: in expansion of macro '__DEF_IF_HOST'
  188 | __SM_30_INTRINSICS_DECL__ unsigned long long __shfl_down_sync(unsigned mask, unsigned long long var, unsigned int delta, int width=warpSize) __DEF_IF_HOST
      |                                                                                                                                              ^~~~~~~~~~~~~
/usr/local/cuda/include/sm_30_intrinsics.h: In function 'long long int __shfl_xor_sync(unsigned int, long long int, int, int)':
/usr/local/cuda/include/sm_30_intrinsics.h:76:25: warning: no return statement in function returning non-void [-Wreturn-type]
   76 | #define __DEF_IF_HOST { }
      |                         ^
/usr/local/cuda/include/sm_30_intrinsics.h:189:117: note: in expansion of macro '__DEF_IF_HOST'
  189 | __SM_30_INTRINSICS_DECL__ long long __shfl_xor_sync(unsigned mask, long long var, int laneMask, int width=warpSize) __DEF_IF_HOST
      |                                                                                                                     ^~~~~~~~~~~~~
/usr/local/cuda/include/sm_30_intrinsics.h: In function 'long long unsigned int __shfl_xor_sync(unsigned int, long long unsigned int, int, int)':
/usr/local/cuda/include/sm_30_intrinsics.h:76:25: warning: no return statement in function returning non-void [-Wreturn-type]
   76 | #define __DEF_IF_HOST { }
      |                         ^
/usr/local/cuda/include/sm_30_intrinsics.h:190:135: note: in expansion of macro '__DEF_IF_HOST'
  190 | __SM_30_INTRINSICS_DECL__ unsigned long long __shfl_xor_sync(unsigned mask, unsigned long long var, int laneMask, int width=warpSize) __DEF_IF_HOST
      |                                                                                                                                       ^~~~~~~~~~~~~
/usr/local/cuda/include/sm_30_intrinsics.h: In function 'double __shfl_sync(unsigned int, double, int, int)':
/usr/local/cuda/include/sm_30_intrinsics.h:76:25: warning: no return statement in function returning non-void [-Wreturn-type]
   76 | #define __DEF_IF_HOST { }
      |                         ^
/usr/local/cuda/include/sm_30_intrinsics.h:191:106: note: in expansion of macro '__DEF_IF_HOST'
  191 | __SM_30_INTRINSICS_DECL__ double __shfl_sync(unsigned mask, double var, int srcLane, int width=warpSize) __DEF_IF_HOST
      |                                                                                                          ^~~~~~~~~~~~~
/usr/local/cuda/include/sm_30_intrinsics.h: In function 'double __shfl_up_sync(unsigned int, double, unsigned int, int)':
/usr/local/cuda/include/sm_30_intrinsics.h:76:25: warning: no return statement in function returning non-void [-Wreturn-type]
   76 | #define __DEF_IF_HOST { }
      |                         ^
/usr/local/cuda/include/sm_30_intrinsics.h:192:116: note: in expansion of macro '__DEF_IF_HOST'
  192 | __SM_30_INTRINSICS_DECL__ double __shfl_up_sync(unsigned mask, double var, unsigned int delta, int width=warpSize) __DEF_IF_HOST
      |                                                                                                                    ^~~~~~~~~~~~~
/usr/local/cuda/include/sm_30_intrinsics.h: In function 'double __shfl_down_sync(unsigned int, double, unsigned int, int)':
/usr/local/cuda/include/sm_30_intrinsics.h:76:25: warning: no return statement in function returning non-void [-Wreturn-type]
   76 | #define __DEF_IF_HOST { }
      |                         ^
/usr/local/cuda/include/sm_30_intrinsics.h:193:118: note: in expansion of macro '__DEF_IF_HOST'
  193 | __SM_30_INTRINSICS_DECL__ double __shfl_down_sync(unsigned mask, double var, unsigned int delta, int width=warpSize) __DEF_IF_HOST
      |                                                                                                                      ^~~~~~~~~~~~~
/usr/local/cuda/include/sm_30_intrinsics.h: In function 'double __shfl_xor_sync(unsigned int, double, int, int)':
/usr/local/cuda/include/sm_30_intrinsics.h:76:25: warning: no return statement in function returning non-void [-Wreturn-type]
   76 | #define __DEF_IF_HOST { }
      |                         ^
/usr/local/cuda/include/sm_30_intrinsics.h:194:111: note: in expansion of macro '__DEF_IF_HOST'
  194 | __SM_30_INTRINSICS_DECL__ double __shfl_xor_sync(unsigned mask, double var, int laneMask, int width=warpSize) __DEF_IF_HOST
      |                                                                                                               ^~~~~~~~~~~~~
/usr/local/cuda/include/sm_30_intrinsics.h: In function 'long int __shfl(long int, int, int)':
/usr/local/cuda/include/sm_30_intrinsics.h:76:25: warning: no return statement in function returning non-void [-Wreturn-type]
   76 | #define __DEF_IF_HOST { }
      |                         ^
/usr/local/cuda/include/sm_30_intrinsics.h:198:132: note: in expansion of macro '__DEF_IF_HOST'
  198 | __SM_30_INTRINSICS_DECL__ __DEPRECATED__(__WSB_DEPRECATION_MESSAGE(__shfl)) long __shfl(long var, int srcLane, int width=warpSize) __DEF_IF_HOST
      |                                                                                                                                    ^~~~~~~~~~~~~
/usr/local/cuda/include/sm_30_intrinsics.h: In function 'long unsigned int __shfl(long unsigned int, int, int)':
/usr/local/cuda/include/sm_30_intrinsics.h:76:25: warning: no return statement in function returning non-void [-Wreturn-type]
   76 | #define __DEF_IF_HOST { }
      |                         ^
/usr/local/cuda/include/sm_30_intrinsics.h:199:150: note: in expansion of macro '__DEF_IF_HOST'
  199 | __SM_30_INTRINSICS_DECL__ __DEPRECATED__(__WSB_DEPRECATION_MESSAGE(__shfl)) unsigned long __shfl(unsigned long var, int srcLane, int width=warpSize) __DEF_IF_HOST
      |                                                                                                                                                      ^~~~~~~~~~~~~
/usr/local/cuda/include/sm_30_intrinsics.h: In function 'long int __shfl_up(long int, unsigned int, int)':
/usr/local/cuda/include/sm_30_intrinsics.h:76:25: warning: no return statement in function returning non-void [-Wreturn-type]
   76 | #define __DEF_IF_HOST { }
      |                         ^
/usr/local/cuda/include/sm_30_intrinsics.h:200:145: note: in expansion of macro '__DEF_IF_HOST'
  200 | __SM_30_INTRINSICS_DECL__ __DEPRECATED__(__WSB_DEPRECATION_MESSAGE(__shfl_up)) long __shfl_up(long var, unsigned int delta, int width=warpSize) __DEF_IF_HOST
      |                                                                                                                                                 ^~~~~~~~~~~~~
/usr/local/cuda/include/sm_30_intrinsics.h: In function 'long unsigned int __shfl_up(long unsigned int, unsigned int, int)':
/usr/local/cuda/include/sm_30_intrinsics.h:76:25: warning: no return statement in function returning non-void [-Wreturn-type]
   76 | #define __DEF_IF_HOST { }
      |                         ^
/usr/local/cuda/include/sm_30_intrinsics.h:201:163: note: in expansion of macro '__DEF_IF_HOST'
  201 | __SM_30_INTRINSICS_DECL__ __DEPRECATED__(__WSB_DEPRECATION_MESSAGE(__shfl_up)) unsigned long __shfl_up(unsigned long var, unsigned int delta, int width=warpSize) __DEF_IF_HOST
      |                                                                                                                                                                   ^~~~~~~~~~~~~
/usr/local/cuda/include/sm_30_intrinsics.h: In function 'long int __shfl_down(long int, unsigned int, int)':
/usr/local/cuda/include/sm_30_intrinsics.h:76:25: warning: no return statement in function returning non-void [-Wreturn-type]
   76 | #define __DEF_IF_HOST { }
      |                         ^
/usr/local/cuda/include/sm_30_intrinsics.h:202:149: note: in expansion of macro '__DEF_IF_HOST'
  202 | __SM_30_INTRINSICS_DECL__ __DEPRECATED__(__WSB_DEPRECATION_MESSAGE(__shfl_down)) long __shfl_down(long var, unsigned int delta, int width=warpSize) __DEF_IF_HOST
      |                                                                                                                                                     ^~~~~~~~~~~~~
/usr/local/cuda/include/sm_30_intrinsics.h: In function 'long unsigned int __shfl_down(long unsigned int, unsigned int, int)':
/usr/local/cuda/include/sm_30_intrinsics.h:76:25: warning: no return statement in function returning non-void [-Wreturn-type]
   76 | #define __DEF_IF_HOST { }
      |                         ^
/usr/local/cuda/include/sm_30_intrinsics.h:203:167: note: in expansion of macro '__DEF_IF_HOST'
  203 | __SM_30_INTRINSICS_DECL__ __DEPRECATED__(__WSB_DEPRECATION_MESSAGE(__shfl_down)) unsigned long __shfl_down(unsigned long var, unsigned int delta, int width=warpSize) __DEF_IF_HOST
      |                                                                                                                                                                       ^~~~~~~~~~~~~
/usr/local/cuda/include/sm_30_intrinsics.h: In function 'long int __shfl_xor(long int, int, int)':
/usr/local/cuda/include/sm_30_intrinsics.h:76:25: warning: no return statement in function returning non-void [-Wreturn-type]
   76 | #define __DEF_IF_HOST { }
      |                         ^
/usr/local/cuda/include/sm_30_intrinsics.h:204:141: note: in expansion of macro '__DEF_IF_HOST'
  204 | __SM_30_INTRINSICS_DECL__ __DEPRECATED__(__WSB_DEPRECATION_MESSAGE(__shfl_xor)) long __shfl_xor(long var, int laneMask, int width=warpSize) __DEF_IF_HOST
      |                                                                                                                                             ^~~~~~~~~~~~~
/usr/local/cuda/include/sm_30_intrinsics.h: In function 'long unsigned int __shfl_xor(long unsigned int, int, int)':
/usr/local/cuda/include/sm_30_intrinsics.h:76:25: warning: no return statement in function returning non-void [-Wreturn-type]
   76 | #define __DEF_IF_HOST { }
      |                         ^
/usr/local/cuda/include/sm_30_intrinsics.h:205:159: note: in expansion of macro '__DEF_IF_HOST'
  205 | __SM_30_INTRINSICS_DECL__ __DEPRECATED__(__WSB_DEPRECATION_MESSAGE(__shfl_xor)) unsigned long __shfl_xor(unsigned long var, int laneMask, int width=warpSize) __DEF_IF_HOST
      |                                                                                                                                                               ^~~~~~~~~~~~~
/usr/local/cuda/include/sm_30_intrinsics.h: In function 'long int __shfl_sync(unsigned int, long int, int, int)':
/usr/local/cuda/include/sm_30_intrinsics.h:76:25: warning: no return statement in function returning non-void [-Wreturn-type]
   76 | #define __DEF_IF_HOST { }
      |                         ^
/usr/local/cuda/include/sm_30_intrinsics.h:208:102: note: in expansion of macro '__DEF_IF_HOST'
  208 | __SM_30_INTRINSICS_DECL__ long __shfl_sync(unsigned mask, long var, int srcLane, int width=warpSize) __DEF_IF_HOST
      |                                                                                                      ^~~~~~~~~~~~~
/usr/local/cuda/include/sm_30_intrinsics.h: In function 'long unsigned int __shfl_sync(unsigned int, long unsigned int, int, int)':
/usr/local/cuda/include/sm_30_intrinsics.h:76:25: warning: no return statement in function returning non-void [-Wreturn-type]
   76 | #define __DEF_IF_HOST { }
      |                         ^
/usr/local/cuda/include/sm_30_intrinsics.h:209:120: note: in expansion of macro '__DEF_IF_HOST'
  209 | __SM_30_INTRINSICS_DECL__ unsigned long __shfl_sync(unsigned mask, unsigned long var, int srcLane, int width=warpSize) __DEF_IF_HOST
      |                                                                                                                        ^~~~~~~~~~~~~
/usr/local/cuda/include/sm_30_intrinsics.h: In function 'long int __shfl_up_sync(unsigned int, long int, unsigned int, int)':
/usr/local/cuda/include/sm_30_intrinsics.h:76:25: warning: no return statement in function returning non-void [-Wreturn-type]
   76 | #define __DEF_IF_HOST { }
      |                         ^
/usr/local/cuda/include/sm_30_intrinsics.h:210:112: note: in expansion of macro '__DEF_IF_HOST'
  210 | __SM_30_INTRINSICS_DECL__ long __shfl_up_sync(unsigned mask, long var, unsigned int delta, int width=warpSize) __DEF_IF_HOST
      |                                                                                                                ^~~~~~~~~~~~~
/usr/local/cuda/include/sm_30_intrinsics.h: In function 'long unsigned int __shfl_up_sync(unsigned int, long unsigned int, unsigned int, int)':
/usr/local/cuda/include/sm_30_intrinsics.h:76:25: warning: no return statement in function returning non-void [-Wreturn-type]
   76 | #define __DEF_IF_HOST { }
      |                         ^
/usr/local/cuda/include/sm_30_intrinsics.h:211:130: note: in expansion of macro '__DEF_IF_HOST'
  211 | __SM_30_INTRINSICS_DECL__ unsigned long __shfl_up_sync(unsigned mask, unsigned long var, unsigned int delta, int width=warpSize) __DEF_IF_HOST
      |                                                                                                                                  ^~~~~~~~~~~~~
/usr/local/cuda/include/sm_30_intrinsics.h: In function 'long int __shfl_down_sync(unsigned int, long int, unsigned int, int)':
/usr/local/cuda/include/sm_30_intrinsics.h:76:25: warning: no return statement in function returning non-void [-Wreturn-type]
   76 | #define __DEF_IF_HOST { }
      |                         ^
/usr/local/cuda/include/sm_30_intrinsics.h:212:114: note: in expansion of macro '__DEF_IF_HOST'
  212 | __SM_30_INTRINSICS_DECL__ long __shfl_down_sync(unsigned mask, long var, unsigned int delta, int width=warpSize) __DEF_IF_HOST
      |                                                                                                                  ^~~~~~~~~~~~~
/usr/local/cuda/include/sm_30_intrinsics.h: In function 'long unsigned int __shfl_down_sync(unsigned int, long unsigned int, unsigned int, int)':
/usr/local/cuda/include/sm_30_intrinsics.h:76:25: warning: no return statement in function returning non-void [-Wreturn-type]
   76 | #define __DEF_IF_HOST { }
      |                         ^
/usr/local/cuda/include/sm_30_intrinsics.h:213:132: note: in expansion of macro '__DEF_IF_HOST'
  213 | __SM_30_INTRINSICS_DECL__ unsigned long __shfl_down_sync(unsigned mask, unsigned long var, unsigned int delta, int width=warpSize) __DEF_IF_HOST
      |                                                                                                                                    ^~~~~~~~~~~~~
/usr/local/cuda/include/sm_30_intrinsics.h: In function 'long int __shfl_xor_sync(unsigned int, long int, int, int)':
/usr/local/cuda/include/sm_30_intrinsics.h:76:25: warning: no return statement in function returning non-void [-Wreturn-type]
   76 | #define __DEF_IF_HOST { }
      |                         ^
/usr/local/cuda/include/sm_30_intrinsics.h:214:107: note: in expansion of macro '__DEF_IF_HOST'
  214 | __SM_30_INTRINSICS_DECL__ long __shfl_xor_sync(unsigned mask, long var, int laneMask, int width=warpSize) __DEF_IF_HOST
      |                                                                                                           ^~~~~~~~~~~~~
/usr/local/cuda/include/sm_30_intrinsics.h: In function 'long unsigned int __shfl_xor_sync(unsigned int, long unsigned int, int, int)':
/usr/local/cuda/include/sm_30_intrinsics.h:76:25: warning: no return statement in function returning non-void [-Wreturn-type]
   76 | #define __DEF_IF_HOST { }
      |                         ^
/usr/local/cuda/include/sm_30_intrinsics.h:215:125: note: in expansion of macro '__DEF_IF_HOST'
  215 | __SM_30_INTRINSICS_DECL__ unsigned long __shfl_xor_sync(unsigned mask, unsigned long var, int laneMask, int width=warpSize) __DEF_IF_HOST
      |                                                                                                                             ^~~~~~~~~~~~~
In file included from /usr/local/cuda/include/crt/device_functions.h:3623,
                 from /home/GVirtuS/GVirtuS/plugins/cudart/backend/CudaRtHandler.h:71,
                 from /home/GVirtuS/GVirtuS/plugins/cudart/backend/CudaRtHandler_thread.cpp:26:
/usr/local/cuda/include/sm_32_intrinsics.h: In function 'long int __ldg(const long int*)':
/usr/local/cuda/include/sm_32_intrinsics.h:74:25: warning: no return statement in function returning non-void [-Wreturn-type]
   74 | #define __DEF_IF_HOST { }
      |                         ^
/usr/local/cuda/include/sm_32_intrinsics.h:87:55: note: in expansion of macro '__DEF_IF_HOST'
   87 | __SM_32_INTRINSICS_DECL__ long __ldg(const long *ptr) __DEF_IF_HOST
      |                                                       ^~~~~~~~~~~~~
/usr/local/cuda/include/sm_32_intrinsics.h: In function 'long unsigned int __ldg(const long unsigned int*)':
/usr/local/cuda/include/sm_32_intrinsics.h:74:25: warning: no return statement in function returning non-void [-Wreturn-type]
   74 | #define __DEF_IF_HOST { }
      |                         ^
/usr/local/cuda/include/sm_32_intrinsics.h:88:73: note: in expansion of macro '__DEF_IF_HOST'
   88 | __SM_32_INTRINSICS_DECL__ unsigned long __ldg(const unsigned long *ptr) __DEF_IF_HOST
      |                                                                         ^~~~~~~~~~~~~
/usr/local/cuda/include/sm_32_intrinsics.h: In function 'char __ldg(const char*)':
/usr/local/cuda/include/sm_32_intrinsics.h:74:25: warning: no return statement in function returning non-void [-Wreturn-type]
   74 | #define __DEF_IF_HOST { }
      |                         ^
/usr/local/cuda/include/sm_32_intrinsics.h:90:55: note: in expansion of macro '__DEF_IF_HOST'
   90 | __SM_32_INTRINSICS_DECL__ char __ldg(const char *ptr) __DEF_IF_HOST
      |                                                       ^~~~~~~~~~~~~
/usr/local/cuda/include/sm_32_intrinsics.h: In function 'signed char __ldg(const signed char*)':
/usr/local/cuda/include/sm_32_intrinsics.h:74:25: warning: no return statement in function returning non-void [-Wreturn-type]
   74 | #define __DEF_IF_HOST { }
      |                         ^
/usr/local/cuda/include/sm_32_intrinsics.h:91:69: note: in expansion of macro '__DEF_IF_HOST'
   91 | __SM_32_INTRINSICS_DECL__ signed char __ldg(const signed char *ptr) __DEF_IF_HOST
      |                                                                     ^~~~~~~~~~~~~
/usr/local/cuda/include/sm_32_intrinsics.h: In function 'short int __ldg(const short int*)':
/usr/local/cuda/include/sm_32_intrinsics.h:74:25: warning: no return statement in function returning non-void [-Wreturn-type]
   74 | #define __DEF_IF_HOST { }
      |                         ^
/usr/local/cuda/include/sm_32_intrinsics.h:92:57: note: in expansion of macro '__DEF_IF_HOST'
   92 | __SM_32_INTRINSICS_DECL__ short __ldg(const short *ptr) __DEF_IF_HOST
      |                                                         ^~~~~~~~~~~~~
/usr/local/cuda/include/sm_32_intrinsics.h: In function 'int __ldg(const int*)':
/usr/local/cuda/include/sm_32_intrinsics.h:74:25: warning: no return statement in function returning non-void [-Wreturn-type]
   74 | #define __DEF_IF_HOST { }
      |                         ^
/usr/local/cuda/include/sm_32_intrinsics.h:93:53: note: in expansion of macro '__DEF_IF_HOST'
   93 | __SM_32_INTRINSICS_DECL__ int __ldg(const int *ptr) __DEF_IF_HOST
      |                                                     ^~~~~~~~~~~~~
/usr/local/cuda/include/sm_32_intrinsics.h: In function 'long long int __ldg(const long long int*)':
/usr/local/cuda/include/sm_32_intrinsics.h:74:25: warning: no return statement in function returning non-void [-Wreturn-type]
   74 | #define __DEF_IF_HOST { }
      |                         ^
/usr/local/cuda/include/sm_32_intrinsics.h:94:65: note: in expansion of macro '__DEF_IF_HOST'
   94 | __SM_32_INTRINSICS_DECL__ long long __ldg(const long long *ptr) __DEF_IF_HOST
      |                                                                 ^~~~~~~~~~~~~
/usr/local/cuda/include/sm_32_intrinsics.h: In function 'char2 __ldg(const char2*)':
/usr/local/cuda/include/sm_32_intrinsics.h:74:25: warning: no return statement in function returning non-void [-Wreturn-type]
   74 | #define __DEF_IF_HOST { }
      |                         ^
/usr/local/cuda/include/sm_32_intrinsics.h:95:57: note: in expansion of macro '__DEF_IF_HOST'
   95 | __SM_32_INTRINSICS_DECL__ char2 __ldg(const char2 *ptr) __DEF_IF_HOST
      |                                                         ^~~~~~~~~~~~~
/usr/local/cuda/include/sm_32_intrinsics.h: In function 'char4 __ldg(const char4*)':
/usr/local/cuda/include/sm_32_intrinsics.h:74:25: warning: no return statement in function returning non-void [-Wreturn-type]
   74 | #define __DEF_IF_HOST { }
      |                         ^
/usr/local/cuda/include/sm_32_intrinsics.h:96:57: note: in expansion of macro '__DEF_IF_HOST'
   96 | __SM_32_INTRINSICS_DECL__ char4 __ldg(const char4 *ptr) __DEF_IF_HOST
      |                                                         ^~~~~~~~~~~~~
/usr/local/cuda/include/sm_32_intrinsics.h: In function 'short2 __ldg(const short2*)':
/usr/local/cuda/include/sm_32_intrinsics.h:74:25: warning: no return statement in function returning non-void [-Wreturn-type]
   74 | #define __DEF_IF_HOST { }
      |                         ^
/usr/local/cuda/include/sm_32_intrinsics.h:97:59: note: in expansion of macro '__DEF_IF_HOST'
   97 | __SM_32_INTRINSICS_DECL__ short2 __ldg(const short2 *ptr) __DEF_IF_HOST
      |                                                           ^~~~~~~~~~~~~
/usr/local/cuda/include/sm_32_intrinsics.h: In function 'short4 __ldg(const short4*)':
/usr/local/cuda/include/sm_32_intrinsics.h:74:25: warning: no return statement in function returning non-void [-Wreturn-type]
   74 | #define __DEF_IF_HOST { }
      |                         ^
/usr/local/cuda/include/sm_32_intrinsics.h:98:59: note: in expansion of macro '__DEF_IF_HOST'
   98 | __SM_32_INTRINSICS_DECL__ short4 __ldg(const short4 *ptr) __DEF_IF_HOST
      |                                                           ^~~~~~~~~~~~~
/usr/local/cuda/include/sm_32_intrinsics.h: In function 'int2 __ldg(const int2*)':
/usr/local/cuda/include/sm_32_intrinsics.h:74:25: warning: no return statement in function returning non-void [-Wreturn-type]
   74 | #define __DEF_IF_HOST { }
      |                         ^
/usr/local/cuda/include/sm_32_intrinsics.h:99:55: note: in expansion of macro '__DEF_IF_HOST'
   99 | __SM_32_INTRINSICS_DECL__ int2 __ldg(const int2 *ptr) __DEF_IF_HOST
      |                                                       ^~~~~~~~~~~~~
/usr/local/cuda/include/sm_32_intrinsics.h: In function 'int4 __ldg(const int4*)':
/usr/local/cuda/include/sm_32_intrinsics.h:74:25: warning: no return statement in function returning non-void [-Wreturn-type]
   74 | #define __DEF_IF_HOST { }
      |                         ^
/usr/local/cuda/include/sm_32_intrinsics.h:100:55: note: in expansion of macro '__DEF_IF_HOST'
  100 | __SM_32_INTRINSICS_DECL__ int4 __ldg(const int4 *ptr) __DEF_IF_HOST
      |                                                       ^~~~~~~~~~~~~
/usr/local/cuda/include/sm_32_intrinsics.h: In function 'longlong2 __ldg(const longlong2*)':
/usr/local/cuda/include/sm_32_intrinsics.h:74:25: warning: no return statement in function returning non-void [-Wreturn-type]
   74 | #define __DEF_IF_HOST { }
      |                         ^
/usr/local/cuda/include/sm_32_intrinsics.h:101:65: note: in expansion of macro '__DEF_IF_HOST'
  101 | __SM_32_INTRINSICS_DECL__ longlong2 __ldg(const longlong2 *ptr) __DEF_IF_HOST
      |                                                                 ^~~~~~~~~~~~~
/usr/local/cuda/include/sm_32_intrinsics.h: In function 'unsigned char __ldg(const unsigned char*)':
/usr/local/cuda/include/sm_32_intrinsics.h:74:25: warning: no return statement in function returning non-void [-Wreturn-type]
   74 | #define __DEF_IF_HOST { }
      |                         ^
/usr/local/cuda/include/sm_32_intrinsics.h:103:73: note: in expansion of macro '__DEF_IF_HOST'
  103 | __SM_32_INTRINSICS_DECL__ unsigned char __ldg(const unsigned char *ptr) __DEF_IF_HOST
      |                                                                         ^~~~~~~~~~~~~
/usr/local/cuda/include/sm_32_intrinsics.h: In function 'short unsigned int __ldg(const short unsigned int*)':
/usr/local/cuda/include/sm_32_intrinsics.h:74:25: warning: no return statement in function returning non-void [-Wreturn-type]
   74 | #define __DEF_IF_HOST { }
      |                         ^
/usr/local/cuda/include/sm_32_intrinsics.h:104:75: note: in expansion of macro '__DEF_IF_HOST'
  104 | __SM_32_INTRINSICS_DECL__ unsigned short __ldg(const unsigned short *ptr) __DEF_IF_HOST
      |                                                                           ^~~~~~~~~~~~~
/usr/local/cuda/include/sm_32_intrinsics.h: In function 'unsigned int __ldg(const unsigned int*)':
/usr/local/cuda/include/sm_32_intrinsics.h:74:25: warning: no return statement in function returning non-void [-Wreturn-type]
   74 | #define __DEF_IF_HOST { }
      |                         ^
/usr/local/cuda/include/sm_32_intrinsics.h:105:71: note: in expansion of macro '__DEF_IF_HOST'
  105 | __SM_32_INTRINSICS_DECL__ unsigned int __ldg(const unsigned int *ptr) __DEF_IF_HOST
      |                                                                       ^~~~~~~~~~~~~
/usr/local/cuda/include/sm_32_intrinsics.h: In function 'long long unsigned int __ldg(const long long unsigned int*)':
/usr/local/cuda/include/sm_32_intrinsics.h:74:25: warning: no return statement in function returning non-void [-Wreturn-type]
   74 | #define __DEF_IF_HOST { }
      |                         ^
/usr/local/cuda/include/sm_32_intrinsics.h:106:83: note: in expansion of macro '__DEF_IF_HOST'
  106 | __SM_32_INTRINSICS_DECL__ unsigned long long __ldg(const unsigned long long *ptr) __DEF_IF_HOST
      |                                                                                   ^~~~~~~~~~~~~
/usr/local/cuda/include/sm_32_intrinsics.h: In function 'uchar2 __ldg(const uchar2*)':
/usr/local/cuda/include/sm_32_intrinsics.h:74:25: warning: no return statement in function returning non-void [-Wreturn-type]
   74 | #define __DEF_IF_HOST { }
      |                         ^
/usr/local/cuda/include/sm_32_intrinsics.h:107:59: note: in expansion of macro '__DEF_IF_HOST'
  107 | __SM_32_INTRINSICS_DECL__ uchar2 __ldg(const uchar2 *ptr) __DEF_IF_HOST
      |                                                           ^~~~~~~~~~~~~
/usr/local/cuda/include/sm_32_intrinsics.h: In function 'uchar4 __ldg(const uchar4*)':
/usr/local/cuda/include/sm_32_intrinsics.h:74:25: warning: no return statement in function returning non-void [-Wreturn-type]
   74 | #define __DEF_IF_HOST { }
      |                         ^
/usr/local/cuda/include/sm_32_intrinsics.h:108:59: note: in expansion of macro '__DEF_IF_HOST'
  108 | __SM_32_INTRINSICS_DECL__ uchar4 __ldg(const uchar4 *ptr) __DEF_IF_HOST
      |                                                           ^~~~~~~~~~~~~
/usr/local/cuda/include/sm_32_intrinsics.h: In function 'ushort2 __ldg(const ushort2*)':
/usr/local/cuda/include/sm_32_intrinsics.h:74:25: warning: no return statement in function returning non-void [-Wreturn-type]
   74 | #define __DEF_IF_HOST { }
      |                         ^
/usr/local/cuda/include/sm_32_intrinsics.h:109:61: note: in expansion of macro '__DEF_IF_HOST'
  109 | __SM_32_INTRINSICS_DECL__ ushort2 __ldg(const ushort2 *ptr) __DEF_IF_HOST
      |                                                             ^~~~~~~~~~~~~
/usr/local/cuda/include/sm_32_intrinsics.h: In function 'ushort4 __ldg(const ushort4*)':
/usr/local/cuda/include/sm_32_intrinsics.h:74:25: warning: no return statement in function returning non-void [-Wreturn-type]
   74 | #define __DEF_IF_HOST { }
      |                         ^
/usr/local/cuda/include/sm_32_intrinsics.h:110:61: note: in expansion of macro '__DEF_IF_HOST'
  110 | __SM_32_INTRINSICS_DECL__ ushort4 __ldg(const ushort4 *ptr) __DEF_IF_HOST
      |                                                             ^~~~~~~~~~~~~
/usr/local/cuda/include/sm_32_intrinsics.h: In function 'uint2 __ldg(const uint2*)':
/usr/local/cuda/include/sm_32_intrinsics.h:74:25: warning: no return statement in function returning non-void [-Wreturn-type]
   74 | #define __DEF_IF_HOST { }
      |                         ^
/usr/local/cuda/include/sm_32_intrinsics.h:111:57: note: in expansion of macro '__DEF_IF_HOST'
  111 | __SM_32_INTRINSICS_DECL__ uint2 __ldg(const uint2 *ptr) __DEF_IF_HOST
      |                                                         ^~~~~~~~~~~~~
/usr/local/cuda/include/sm_32_intrinsics.h: In function 'uint4 __ldg(const uint4*)':
/usr/local/cuda/include/sm_32_intrinsics.h:74:25: warning: no return statement in function returning non-void [-Wreturn-type]
   74 | #define __DEF_IF_HOST { }
      |                         ^
/usr/local/cuda/include/sm_32_intrinsics.h:112:57: note: in expansion of macro '__DEF_IF_HOST'
  112 | __SM_32_INTRINSICS_DECL__ uint4 __ldg(const uint4 *ptr) __DEF_IF_HOST
      |                                                         ^~~~~~~~~~~~~
/usr/local/cuda/include/sm_32_intrinsics.h: In function 'ulonglong2 __ldg(const ulonglong2*)':
/usr/local/cuda/include/sm_32_intrinsics.h:74:25: warning: no return statement in function returning non-void [-Wreturn-type]
   74 | #define __DEF_IF_HOST { }
      |                         ^
/usr/local/cuda/include/sm_32_intrinsics.h:113:67: note: in expansion of macro '__DEF_IF_HOST'
  113 | __SM_32_INTRINSICS_DECL__ ulonglong2 __ldg(const ulonglong2 *ptr) __DEF_IF_HOST
      |                                                                   ^~~~~~~~~~~~~
/usr/local/cuda/include/sm_32_intrinsics.h: In function 'float __ldg(const float*)':
/usr/local/cuda/include/sm_32_intrinsics.h:74:25: warning: no return statement in function returning non-void [-Wreturn-type]
   74 | #define __DEF_IF_HOST { }
      |                         ^
/usr/local/cuda/include/sm_32_intrinsics.h:115:57: note: in expansion of macro '__DEF_IF_HOST'
  115 | __SM_32_INTRINSICS_DECL__ float __ldg(const float *ptr) __DEF_IF_HOST
      |                                                         ^~~~~~~~~~~~~
/usr/local/cuda/include/sm_32_intrinsics.h: In function 'double __ldg(const double*)':
/usr/local/cuda/include/sm_32_intrinsics.h:74:25: warning: no return statement in function returning non-void [-Wreturn-type]
   74 | #define __DEF_IF_HOST { }
      |                         ^
/usr/local/cuda/include/sm_32_intrinsics.h:116:59: note: in expansion of macro '__DEF_IF_HOST'
  116 | __SM_32_INTRINSICS_DECL__ double __ldg(const double *ptr) __DEF_IF_HOST
      |                                                           ^~~~~~~~~~~~~
/usr/local/cuda/include/sm_32_intrinsics.h: In function 'float2 __ldg(const float2*)':
/usr/local/cuda/include/sm_32_intrinsics.h:74:25: warning: no return statement in function returning non-void [-Wreturn-type]
   74 | #define __DEF_IF_HOST { }
      |                         ^
/usr/local/cuda/include/sm_32_intrinsics.h:117:59: note: in expansion of macro '__DEF_IF_HOST'
  117 | __SM_32_INTRINSICS_DECL__ float2 __ldg(const float2 *ptr) __DEF_IF_HOST
      |                                                           ^~~~~~~~~~~~~
/usr/local/cuda/include/sm_32_intrinsics.h: In function 'float4 __ldg(const float4*)':
/usr/local/cuda/include/sm_32_intrinsics.h:74:25: warning: no return statement in function returning non-void [-Wreturn-type]
   74 | #define __DEF_IF_HOST { }
      |                         ^
/usr/local/cuda/include/sm_32_intrinsics.h:118:59: note: in expansion of macro '__DEF_IF_HOST'
  118 | __SM_32_INTRINSICS_DECL__ float4 __ldg(const float4 *ptr) __DEF_IF_HOST
      |                                                           ^~~~~~~~~~~~~
/usr/local/cuda/include/sm_32_intrinsics.h: In function 'double2 __ldg(const double2*)':
/usr/local/cuda/include/sm_32_intrinsics.h:74:25: warning: no return statement in function returning non-void [-Wreturn-type]
   74 | #define __DEF_IF_HOST { }
      |                         ^
/usr/local/cuda/include/sm_32_intrinsics.h:119:61: note: in expansion of macro '__DEF_IF_HOST'
  119 | __SM_32_INTRINSICS_DECL__ double2 __ldg(const double2 *ptr) __DEF_IF_HOST
      |                                                             ^~~~~~~~~~~~~
/usr/local/cuda/include/sm_32_intrinsics.h: In function 'long int __ldcg(const long int*)':
/usr/local/cuda/include/sm_32_intrinsics.h:74:25: warning: no return statement in function returning non-void [-Wreturn-type]
   74 | #define __DEF_IF_HOST { }
      |                         ^
/usr/local/cuda/include/sm_32_intrinsics.h:123:56: note: in expansion of macro '__DEF_IF_HOST'
  123 | __SM_32_INTRINSICS_DECL__ long __ldcg(const long *ptr) __DEF_IF_HOST
      |                                                        ^~~~~~~~~~~~~
/usr/local/cuda/include/sm_32_intrinsics.h: In function 'long unsigned int __ldcg(const long unsigned int*)':
/usr/local/cuda/include/sm_32_intrinsics.h:74:25: warning: no return statement in function returning non-void [-Wreturn-type]
   74 | #define __DEF_IF_HOST { }
      |                         ^
/usr/local/cuda/include/sm_32_intrinsics.h:124:74: note: in expansion of macro '__DEF_IF_HOST'
  124 | __SM_32_INTRINSICS_DECL__ unsigned long __ldcg(const unsigned long *ptr) __DEF_IF_HOST
      |                                                                          ^~~~~~~~~~~~~
/usr/local/cuda/include/sm_32_intrinsics.h: In function 'char __ldcg(const char*)':
/usr/local/cuda/include/sm_32_intrinsics.h:74:25: warning: no return statement in function returning non-void [-Wreturn-type]
   74 | #define __DEF_IF_HOST { }
      |                         ^
/usr/local/cuda/include/sm_32_intrinsics.h:126:56: note: in expansion of macro '__DEF_IF_HOST'
  126 | __SM_32_INTRINSICS_DECL__ char __ldcg(const char *ptr) __DEF_IF_HOST
      |                                                        ^~~~~~~~~~~~~
/usr/local/cuda/include/sm_32_intrinsics.h: In function 'signed char __ldcg(const signed char*)':
/usr/local/cuda/include/sm_32_intrinsics.h:74:25: warning: no return statement in function returning non-void [-Wreturn-type]
   74 | #define __DEF_IF_HOST { }
      |                         ^
/usr/local/cuda/include/sm_32_intrinsics.h:127:70: note: in expansion of macro '__DEF_IF_HOST'
  127 | __SM_32_INTRINSICS_DECL__ signed char __ldcg(const signed char *ptr) __DEF_IF_HOST
      |                                                                      ^~~~~~~~~~~~~
/usr/local/cuda/include/sm_32_intrinsics.h: In function 'short int __ldcg(const short int*)':
/usr/local/cuda/include/sm_32_intrinsics.h:74:25: warning: no return statement in function returning non-void [-Wreturn-type]
   74 | #define __DEF_IF_HOST { }
      |                         ^
/usr/local/cuda/include/sm_32_intrinsics.h:128:58: note: in expansion of macro '__DEF_IF_HOST'
  128 | __SM_32_INTRINSICS_DECL__ short __ldcg(const short *ptr) __DEF_IF_HOST
      |                                                          ^~~~~~~~~~~~~
/usr/local/cuda/include/sm_32_intrinsics.h: In function 'int __ldcg(const int*)':
/usr/local/cuda/include/sm_32_intrinsics.h:74:25: warning: no return statement in function returning non-void [-Wreturn-type]
   74 | #define __DEF_IF_HOST { }
      |                         ^
/usr/local/cuda/include/sm_32_intrinsics.h:129:54: note: in expansion of macro '__DEF_IF_HOST'
  129 | __SM_32_INTRINSICS_DECL__ int __ldcg(const int *ptr) __DEF_IF_HOST
      |                                                      ^~~~~~~~~~~~~
/usr/local/cuda/include/sm_32_intrinsics.h: In function 'long long int __ldcg(const long long int*)':
/usr/local/cuda/include/sm_32_intrinsics.h:74:25: warning: no return statement in function returning non-void [-Wreturn-type]
   74 | #define __DEF_IF_HOST { }
      |                         ^
/usr/local/cuda/include/sm_32_intrinsics.h:130:66: note: in expansion of macro '__DEF_IF_HOST'
  130 | __SM_32_INTRINSICS_DECL__ long long __ldcg(const long long *ptr) __DEF_IF_HOST
      |                                                                  ^~~~~~~~~~~~~
/usr/local/cuda/include/sm_32_intrinsics.h: In function 'char2 __ldcg(const char2*)':
/usr/local/cuda/include/sm_32_intrinsics.h:74:25: warning: no return statement in function returning non-void [-Wreturn-type]
   74 | #define __DEF_IF_HOST { }
      |                         ^
/usr/local/cuda/include/sm_32_intrinsics.h:131:58: note: in expansion of macro '__DEF_IF_HOST'
  131 | __SM_32_INTRINSICS_DECL__ char2 __ldcg(const char2 *ptr) __DEF_IF_HOST
      |                                                          ^~~~~~~~~~~~~
/usr/local/cuda/include/sm_32_intrinsics.h: In function 'char4 __ldcg(const char4*)':
/usr/local/cuda/include/sm_32_intrinsics.h:74:25: warning: no return statement in function returning non-void [-Wreturn-type]
   74 | #define __DEF_IF_HOST { }
      |                         ^
/usr/local/cuda/include/sm_32_intrinsics.h:132:58: note: in expansion of macro '__DEF_IF_HOST'
  132 | __SM_32_INTRINSICS_DECL__ char4 __ldcg(const char4 *ptr) __DEF_IF_HOST
      |                                                          ^~~~~~~~~~~~~
/usr/local/cuda/include/sm_32_intrinsics.h: In function 'short2 __ldcg(const short2*)':
/usr/local/cuda/include/sm_32_intrinsics.h:74:25: warning: no return statement in function returning non-void [-Wreturn-type]
   74 | #define __DEF_IF_HOST { }
      |                         ^
/usr/local/cuda/include/sm_32_intrinsics.h:133:60: note: in expansion of macro '__DEF_IF_HOST'
  133 | __SM_32_INTRINSICS_DECL__ short2 __ldcg(const short2 *ptr) __DEF_IF_HOST
      |                                                            ^~~~~~~~~~~~~
/usr/local/cuda/include/sm_32_intrinsics.h: In function 'short4 __ldcg(const short4*)':
/usr/local/cuda/include/sm_32_intrinsics.h:74:25: warning: no return statement in function returning non-void [-Wreturn-type]
   74 | #define __DEF_IF_HOST { }
      |                         ^
/usr/local/cuda/include/sm_32_intrinsics.h:134:60: note: in expansion of macro '__DEF_IF_HOST'
  134 | __SM_32_INTRINSICS_DECL__ short4 __ldcg(const short4 *ptr) __DEF_IF_HOST
      |                                                            ^~~~~~~~~~~~~
/usr/local/cuda/include/sm_32_intrinsics.h: In function 'int2 __ldcg(const int2*)':
/usr/local/cuda/include/sm_32_intrinsics.h:74:25: warning: no return statement in function returning non-void [-Wreturn-type]
   74 | #define __DEF_IF_HOST { }
      |                         ^
/usr/local/cuda/include/sm_32_intrinsics.h:135:56: note: in expansion of macro '__DEF_IF_HOST'
  135 | __SM_32_INTRINSICS_DECL__ int2 __ldcg(const int2 *ptr) __DEF_IF_HOST
      |                                                        ^~~~~~~~~~~~~
/usr/local/cuda/include/sm_32_intrinsics.h: In function 'int4 __ldcg(const int4*)':
/usr/local/cuda/include/sm_32_intrinsics.h:74:25: warning: no return statement in function returning non-void [-Wreturn-type]
   74 | #define __DEF_IF_HOST { }
      |                         ^
/usr/local/cuda/include/sm_32_intrinsics.h:136:56: note: in expansion of macro '__DEF_IF_HOST'
  136 | __SM_32_INTRINSICS_DECL__ int4 __ldcg(const int4 *ptr) __DEF_IF_HOST
      |                                                        ^~~~~~~~~~~~~
/usr/local/cuda/include/sm_32_intrinsics.h: In function 'longlong2 __ldcg(const longlong2*)':
/usr/local/cuda/include/sm_32_intrinsics.h:74:25: warning: no return statement in function returning non-void [-Wreturn-type]
   74 | #define __DEF_IF_HOST { }
      |                         ^
/usr/local/cuda/include/sm_32_intrinsics.h:137:66: note: in expansion of macro '__DEF_IF_HOST'
  137 | __SM_32_INTRINSICS_DECL__ longlong2 __ldcg(const longlong2 *ptr) __DEF_IF_HOST
      |                                                                  ^~~~~~~~~~~~~
/usr/local/cuda/include/sm_32_intrinsics.h: In function 'unsigned char __ldcg(const unsigned char*)':
/usr/local/cuda/include/sm_32_intrinsics.h:74:25: warning: no return statement in function returning non-void [-Wreturn-type]
   74 | #define __DEF_IF_HOST { }
      |                         ^
/usr/local/cuda/include/sm_32_intrinsics.h:139:74: note: in expansion of macro '__DEF_IF_HOST'
  139 | __SM_32_INTRINSICS_DECL__ unsigned char __ldcg(const unsigned char *ptr) __DEF_IF_HOST
      |                                                                          ^~~~~~~~~~~~~
/usr/local/cuda/include/sm_32_intrinsics.h: In function 'short unsigned int __ldcg(const short unsigned int*)':
/usr/local/cuda/include/sm_32_intrinsics.h:74:25: warning: no return statement in function returning non-void [-Wreturn-type]
   74 | #define __DEF_IF_HOST { }
      |                         ^
/usr/local/cuda/include/sm_32_intrinsics.h:140:76: note: in expansion of macro '__DEF_IF_HOST'
  140 | __SM_32_INTRINSICS_DECL__ unsigned short __ldcg(const unsigned short *ptr) __DEF_IF_HOST
      |                                                                            ^~~~~~~~~~~~~
/usr/local/cuda/include/sm_32_intrinsics.h: In function 'unsigned int __ldcg(const unsigned int*)':
/usr/local/cuda/include/sm_32_intrinsics.h:74:25: warning: no return statement in function returning non-void [-Wreturn-type]
   74 | #define __DEF_IF_HOST { }
      |                         ^
/usr/local/cuda/include/sm_32_intrinsics.h:141:72: note: in expansion of macro '__DEF_IF_HOST'
  141 | __SM_32_INTRINSICS_DECL__ unsigned int __ldcg(const unsigned int *ptr) __DEF_IF_HOST
      |                                                                        ^~~~~~~~~~~~~
/usr/local/cuda/include/sm_32_intrinsics.h: In function 'long long unsigned int __ldcg(const long long unsigned int*)':
/usr/local/cuda/include/sm_32_intrinsics.h:74:25: warning: no return statement in function returning non-void [-Wreturn-type]
   74 | #define __DEF_IF_HOST { }
      |                         ^
/usr/local/cuda/include/sm_32_intrinsics.h:142:84: note: in expansion of macro '__DEF_IF_HOST'
  142 | __SM_32_INTRINSICS_DECL__ unsigned long long __ldcg(const unsigned long long *ptr) __DEF_IF_HOST
      |                                                                                    ^~~~~~~~~~~~~
/usr/local/cuda/include/sm_32_intrinsics.h: In function 'uchar2 __ldcg(const uchar2*)':
/usr/local/cuda/include/sm_32_intrinsics.h:74:25: warning: no return statement in function returning non-void [-Wreturn-type]
   74 | #define __DEF_IF_HOST { }
      |                         ^
/usr/local/cuda/include/sm_32_intrinsics.h:143:60: note: in expansion of macro '__DEF_IF_HOST'
  143 | __SM_32_INTRINSICS_DECL__ uchar2 __ldcg(const uchar2 *ptr) __DEF_IF_HOST
      |                                                            ^~~~~~~~~~~~~
/usr/local/cuda/include/sm_32_intrinsics.h: In function 'uchar4 __ldcg(const uchar4*)':
/usr/local/cuda/include/sm_32_intrinsics.h:74:25: warning: no return statement in function returning non-void [-Wreturn-type]
   74 | #define __DEF_IF_HOST { }
      |                         ^
/usr/local/cuda/include/sm_32_intrinsics.h:144:60: note: in expansion of macro '__DEF_IF_HOST'
  144 | __SM_32_INTRINSICS_DECL__ uchar4 __ldcg(const uchar4 *ptr) __DEF_IF_HOST
      |                                                            ^~~~~~~~~~~~~
/usr/local/cuda/include/sm_32_intrinsics.h: In function 'ushort2 __ldcg(const ushort2*)':
/usr/local/cuda/include/sm_32_intrinsics.h:74:25: warning: no return statement in function returning non-void [-Wreturn-type]
   74 | #define __DEF_IF_HOST { }
      |                         ^
/usr/local/cuda/include/sm_32_intrinsics.h:145:62: note: in expansion of macro '__DEF_IF_HOST'
  145 | __SM_32_INTRINSICS_DECL__ ushort2 __ldcg(const ushort2 *ptr) __DEF_IF_HOST
      |                                                              ^~~~~~~~~~~~~
/usr/local/cuda/include/sm_32_intrinsics.h: In function 'ushort4 __ldcg(const ushort4*)':
/usr/local/cuda/include/sm_32_intrinsics.h:74:25: warning: no return statement in function returning non-void [-Wreturn-type]
   74 | #define __DEF_IF_HOST { }
      |                         ^
/usr/local/cuda/include/sm_32_intrinsics.h:146:62: note: in expansion of macro '__DEF_IF_HOST'
  146 | __SM_32_INTRINSICS_DECL__ ushort4 __ldcg(const ushort4 *ptr) __DEF_IF_HOST
      |                                                              ^~~~~~~~~~~~~
/usr/local/cuda/include/sm_32_intrinsics.h: In function 'uint2 __ldcg(const uint2*)':
/usr/local/cuda/include/sm_32_intrinsics.h:74:25: warning: no return statement in function returning non-void [-Wreturn-type]
   74 | #define __DEF_IF_HOST { }
      |                         ^
/usr/local/cuda/include/sm_32_intrinsics.h:147:58: note: in expansion of macro '__DEF_IF_HOST'
  147 | __SM_32_INTRINSICS_DECL__ uint2 __ldcg(const uint2 *ptr) __DEF_IF_HOST
      |                                                          ^~~~~~~~~~~~~
/usr/local/cuda/include/sm_32_intrinsics.h: In function 'uint4 __ldcg(const uint4*)':
/usr/local/cuda/include/sm_32_intrinsics.h:74:25: warning: no return statement in function returning non-void [-Wreturn-type]
   74 | #define __DEF_IF_HOST { }
      |                         ^
/usr/local/cuda/include/sm_32_intrinsics.h:148:58: note: in expansion of macro '__DEF_IF_HOST'
  148 | __SM_32_INTRINSICS_DECL__ uint4 __ldcg(const uint4 *ptr) __DEF_IF_HOST
      |                                                          ^~~~~~~~~~~~~
/usr/local/cuda/include/sm_32_intrinsics.h: In function 'ulonglong2 __ldcg(const ulonglong2*)':
/usr/local/cuda/include/sm_32_intrinsics.h:74:25: warning: no return statement in function returning non-void [-Wreturn-type]
   74 | #define __DEF_IF_HOST { }
      |                         ^
/usr/local/cuda/include/sm_32_intrinsics.h:149:68: note: in expansion of macro '__DEF_IF_HOST'
  149 | __SM_32_INTRINSICS_DECL__ ulonglong2 __ldcg(const ulonglong2 *ptr) __DEF_IF_HOST
      |                                                                    ^~~~~~~~~~~~~
/usr/local/cuda/include/sm_32_intrinsics.h: In function 'float __ldcg(const float*)':
/usr/local/cuda/include/sm_32_intrinsics.h:74:25: warning: no return statement in function returning non-void [-Wreturn-type]
   74 | #define __DEF_IF_HOST { }
      |                         ^
/usr/local/cuda/include/sm_32_intrinsics.h:151:58: note: in expansion of macro '__DEF_IF_HOST'
  151 | __SM_32_INTRINSICS_DECL__ float __ldcg(const float *ptr) __DEF_IF_HOST
      |                                                          ^~~~~~~~~~~~~
/usr/local/cuda/include/sm_32_intrinsics.h: In function 'double __ldcg(const double*)':
/usr/local/cuda/include/sm_32_intrinsics.h:74:25: warning: no return statement in function returning non-void [-Wreturn-type]
   74 | #define __DEF_IF_HOST { }
      |                         ^
/usr/local/cuda/include/sm_32_intrinsics.h:152:60: note: in expansion of macro '__DEF_IF_HOST'
  152 | __SM_32_INTRINSICS_DECL__ double __ldcg(const double *ptr) __DEF_IF_HOST
      |                                                            ^~~~~~~~~~~~~
/usr/local/cuda/include/sm_32_intrinsics.h: In function 'float2 __ldcg(const float2*)':
/usr/local/cuda/include/sm_32_intrinsics.h:74:25: warning: no return statement in function returning non-void [-Wreturn-type]
   74 | #define __DEF_IF_HOST { }
      |                         ^
/usr/local/cuda/include/sm_32_intrinsics.h:153:60: note: in expansion of macro '__DEF_IF_HOST'
  153 | __SM_32_INTRINSICS_DECL__ float2 __ldcg(const float2 *ptr) __DEF_IF_HOST
      |                                                            ^~~~~~~~~~~~~
/usr/local/cuda/include/sm_32_intrinsics.h: In function 'float4 __ldcg(const float4*)':
/usr/local/cuda/include/sm_32_intrinsics.h:74:25: warning: no return statement in function returning non-void [-Wreturn-type]
   74 | #define __DEF_IF_HOST { }
      |                         ^
/usr/local/cuda/include/sm_32_intrinsics.h:154:60: note: in expansion of macro '__DEF_IF_HOST'
  154 | __SM_32_INTRINSICS_DECL__ float4 __ldcg(const float4 *ptr) __DEF_IF_HOST
      |                                                            ^~~~~~~~~~~~~
/usr/local/cuda/include/sm_32_intrinsics.h: In function 'double2 __ldcg(const double2*)':
/usr/local/cuda/include/sm_32_intrinsics.h:74:25: warning: no return statement in function returning non-void [-Wreturn-type]
   74 | #define __DEF_IF_HOST { }
      |                         ^
/usr/local/cuda/include/sm_32_intrinsics.h:155:62: note: in expansion of macro '__DEF_IF_HOST'
  155 | __SM_32_INTRINSICS_DECL__ double2 __ldcg(const double2 *ptr) __DEF_IF_HOST
      |                                                              ^~~~~~~~~~~~~
/usr/local/cuda/include/sm_32_intrinsics.h: In function 'long int __ldca(const long int*)':
/usr/local/cuda/include/sm_32_intrinsics.h:74:25: warning: no return statement in function returning non-void [-Wreturn-type]
   74 | #define __DEF_IF_HOST { }
      |                         ^
/usr/local/cuda/include/sm_32_intrinsics.h:159:56: note: in expansion of macro '__DEF_IF_HOST'
  159 | __SM_32_INTRINSICS_DECL__ long __ldca(const long *ptr) __DEF_IF_HOST
      |                                                        ^~~~~~~~~~~~~
/usr/local/cuda/include/sm_32_intrinsics.h: In function 'long unsigned int __ldca(const long unsigned int*)':
/usr/local/cuda/include/sm_32_intrinsics.h:74:25: warning: no return statement in function returning non-void [-Wreturn-type]
   74 | #define __DEF_IF_HOST { }
      |                         ^
/usr/local/cuda/include/sm_32_intrinsics.h:160:74: note: in expansion of macro '__DEF_IF_HOST'
  160 | __SM_32_INTRINSICS_DECL__ unsigned long __ldca(const unsigned long *ptr) __DEF_IF_HOST
      |                                                                          ^~~~~~~~~~~~~
/usr/local/cuda/include/sm_32_intrinsics.h: In function 'char __ldca(const char*)':
/usr/local/cuda/include/sm_32_intrinsics.h:74:25: warning: no return statement in function returning non-void [-Wreturn-type]
   74 | #define __DEF_IF_HOST { }
      |                         ^
/usr/local/cuda/include/sm_32_intrinsics.h:162:56: note: in expansion of macro '__DEF_IF_HOST'
  162 | __SM_32_INTRINSICS_DECL__ char __ldca(const char *ptr) __DEF_IF_HOST
      |                                                        ^~~~~~~~~~~~~
/usr/local/cuda/include/sm_32_intrinsics.h: In function 'signed char __ldca(const signed char*)':
/usr/local/cuda/include/sm_32_intrinsics.h:74:25: warning: no return statement in function returning non-void [-Wreturn-type]
   74 | #define __DEF_IF_HOST { }
      |                         ^
/usr/local/cuda/include/sm_32_intrinsics.h:163:70: note: in expansion of macro '__DEF_IF_HOST'
  163 | __SM_32_INTRINSICS_DECL__ signed char __ldca(const signed char *ptr) __DEF_IF_HOST
      |                                                                      ^~~~~~~~~~~~~
/usr/local/cuda/include/sm_32_intrinsics.h: In function 'short int __ldca(const short int*)':
/usr/local/cuda/include/sm_32_intrinsics.h:74:25: warning: no return statement in function returning non-void [-Wreturn-type]
   74 | #define __DEF_IF_HOST { }
      |                         ^
/usr/local/cuda/include/sm_32_intrinsics.h:164:58: note: in expansion of macro '__DEF_IF_HOST'
  164 | __SM_32_INTRINSICS_DECL__ short __ldca(const short *ptr) __DEF_IF_HOST
      |                                                          ^~~~~~~~~~~~~
/usr/local/cuda/include/sm_32_intrinsics.h: In function 'int __ldca(const int*)':
/usr/local/cuda/include/sm_32_intrinsics.h:74:25: warning: no return statement in function returning non-void [-Wreturn-type]
   74 | #define __DEF_IF_HOST { }
      |                         ^
/usr/local/cuda/include/sm_32_intrinsics.h:165:54: note: in expansion of macro '__DEF_IF_HOST'
  165 | __SM_32_INTRINSICS_DECL__ int __ldca(const int *ptr) __DEF_IF_HOST
      |                                                      ^~~~~~~~~~~~~
/usr/local/cuda/include/sm_32_intrinsics.h: In function 'long long int __ldca(const long long int*)':
/usr/local/cuda/include/sm_32_intrinsics.h:74:25: warning: no return statement in function returning non-void [-Wreturn-type]
   74 | #define __DEF_IF_HOST { }
      |                         ^
/usr/local/cuda/include/sm_32_intrinsics.h:166:66: note: in expansion of macro '__DEF_IF_HOST'
  166 | __SM_32_INTRINSICS_DECL__ long long __ldca(const long long *ptr) __DEF_IF_HOST
      |                                                                  ^~~~~~~~~~~~~
/usr/local/cuda/include/sm_32_intrinsics.h: In function 'char2 __ldca(const char2*)':
/usr/local/cuda/include/sm_32_intrinsics.h:74:25: warning: no return statement in function returning non-void [-Wreturn-type]
   74 | #define __DEF_IF_HOST { }
      |                         ^
/usr/local/cuda/include/sm_32_intrinsics.h:167:58: note: in expansion of macro '__DEF_IF_HOST'
  167 | __SM_32_INTRINSICS_DECL__ char2 __ldca(const char2 *ptr) __DEF_IF_HOST
      |                                                          ^~~~~~~~~~~~~
/usr/local/cuda/include/sm_32_intrinsics.h: In function 'char4 __ldca(const char4*)':
/usr/local/cuda/include/sm_32_intrinsics.h:74:25: warning: no return statement in function returning non-void [-Wreturn-type]
   74 | #define __DEF_IF_HOST { }
      |                         ^
/usr/local/cuda/include/sm_32_intrinsics.h:168:58: note: in expansion of macro '__DEF_IF_HOST'
  168 | __SM_32_INTRINSICS_DECL__ char4 __ldca(const char4 *ptr) __DEF_IF_HOST
      |                                                          ^~~~~~~~~~~~~
/usr/local/cuda/include/sm_32_intrinsics.h: In function 'short2 __ldca(const short2*)':
/usr/local/cuda/include/sm_32_intrinsics.h:74:25: warning: no return statement in function returning non-void [-Wreturn-type]
   74 | #define __DEF_IF_HOST { }
      |                         ^
/usr/local/cuda/include/sm_32_intrinsics.h:169:60: note: in expansion of macro '__DEF_IF_HOST'
  169 | __SM_32_INTRINSICS_DECL__ short2 __ldca(const short2 *ptr) __DEF_IF_HOST
      |                                                            ^~~~~~~~~~~~~
/usr/local/cuda/include/sm_32_intrinsics.h: In function 'short4 __ldca(const short4*)':
/usr/local/cuda/include/sm_32_intrinsics.h:74:25: warning: no return statement in function returning non-void [-Wreturn-type]
   74 | #define __DEF_IF_HOST { }
      |                         ^
/usr/local/cuda/include/sm_32_intrinsics.h:170:60: note: in expansion of macro '__DEF_IF_HOST'
  170 | __SM_32_INTRINSICS_DECL__ short4 __ldca(const short4 *ptr) __DEF_IF_HOST
      |                                                            ^~~~~~~~~~~~~
/usr/local/cuda/include/sm_32_intrinsics.h: In function 'int2 __ldca(const int2*)':
/usr/local/cuda/include/sm_32_intrinsics.h:74:25: warning: no return statement in function returning non-void [-Wreturn-type]
   74 | #define __DEF_IF_HOST { }
      |                         ^
/usr/local/cuda/include/sm_32_intrinsics.h:171:56: note: in expansion of macro '__DEF_IF_HOST'
  171 | __SM_32_INTRINSICS_DECL__ int2 __ldca(const int2 *ptr) __DEF_IF_HOST
      |                                                        ^~~~~~~~~~~~~
/usr/local/cuda/include/sm_32_intrinsics.h: In function 'int4 __ldca(const int4*)':
/usr/local/cuda/include/sm_32_intrinsics.h:74:25: warning: no return statement in function returning non-void [-Wreturn-type]
   74 | #define __DEF_IF_HOST { }
      |                         ^
/usr/local/cuda/include/sm_32_intrinsics.h:172:56: note: in expansion of macro '__DEF_IF_HOST'
  172 | __SM_32_INTRINSICS_DECL__ int4 __ldca(const int4 *ptr) __DEF_IF_HOST
      |                                                        ^~~~~~~~~~~~~
/usr/local/cuda/include/sm_32_intrinsics.h: In function 'longlong2 __ldca(const longlong2*)':
/usr/local/cuda/include/sm_32_intrinsics.h:74:25: warning: no return statement in function returning non-void [-Wreturn-type]
   74 | #define __DEF_IF_HOST { }
      |                         ^
/usr/local/cuda/include/sm_32_intrinsics.h:173:66: note: in expansion of macro '__DEF_IF_HOST'
  173 | __SM_32_INTRINSICS_DECL__ longlong2 __ldca(const longlong2 *ptr) __DEF_IF_HOST
      |                                                                  ^~~~~~~~~~~~~
/usr/local/cuda/include/sm_32_intrinsics.h: In function 'unsigned char __ldca(const unsigned char*)':
/usr/local/cuda/include/sm_32_intrinsics.h:74:25: warning: no return statement in function returning non-void [-Wreturn-type]
   74 | #define __DEF_IF_HOST { }
      |                         ^
/usr/local/cuda/include/sm_32_intrinsics.h:175:74: note: in expansion of macro '__DEF_IF_HOST'
  175 | __SM_32_INTRINSICS_DECL__ unsigned char __ldca(const unsigned char *ptr) __DEF_IF_HOST
      |                                                                          ^~~~~~~~~~~~~
/usr/local/cuda/include/sm_32_intrinsics.h: In function 'short unsigned int __ldca(const short unsigned int*)':
/usr/local/cuda/include/sm_32_intrinsics.h:74:25: warning: no return statement in function returning non-void [-Wreturn-type]
   74 | #define __DEF_IF_HOST { }
      |                         ^
/usr/local/cuda/include/sm_32_intrinsics.h:176:76: note: in expansion of macro '__DEF_IF_HOST'
  176 | __SM_32_INTRINSICS_DECL__ unsigned short __ldca(const unsigned short *ptr) __DEF_IF_HOST
      |                                                                            ^~~~~~~~~~~~~
/usr/local/cuda/include/sm_32_intrinsics.h: In function 'unsigned int __ldca(const unsigned int*)':
/usr/local/cuda/include/sm_32_intrinsics.h:74:25: warning: no return statement in function returning non-void [-Wreturn-type]
   74 | #define __DEF_IF_HOST { }
      |                         ^
/usr/local/cuda/include/sm_32_intrinsics.h:177:72: note: in expansion of macro '__DEF_IF_HOST'
  177 | __SM_32_INTRINSICS_DECL__ unsigned int __ldca(const unsigned int *ptr) __DEF_IF_HOST
      |                                                                        ^~~~~~~~~~~~~
/usr/local/cuda/include/sm_32_intrinsics.h: In function 'long long unsigned int __ldca(const long long unsigned int*)':
/usr/local/cuda/include/sm_32_intrinsics.h:74:25: warning: no return statement in function returning non-void [-Wreturn-type]
   74 | #define __DEF_IF_HOST { }
      |                         ^
/usr/local/cuda/include/sm_32_intrinsics.h:178:84: note: in expansion of macro '__DEF_IF_HOST'
  178 | __SM_32_INTRINSICS_DECL__ unsigned long long __ldca(const unsigned long long *ptr) __DEF_IF_HOST
      |                                                                                    ^~~~~~~~~~~~~
/usr/local/cuda/include/sm_32_intrinsics.h: In function 'uchar2 __ldca(const uchar2*)':
/usr/local/cuda/include/sm_32_intrinsics.h:74:25: warning: no return statement in function returning non-void [-Wreturn-type]
   74 | #define __DEF_IF_HOST { }
      |                         ^
/usr/local/cuda/include/sm_32_intrinsics.h:179:60: note: in expansion of macro '__DEF_IF_HOST'
  179 | __SM_32_INTRINSICS_DECL__ uchar2 __ldca(const uchar2 *ptr) __DEF_IF_HOST
      |                                                            ^~~~~~~~~~~~~
/usr/local/cuda/include/sm_32_intrinsics.h: In function 'uchar4 __ldca(const uchar4*)':
/usr/local/cuda/include/sm_32_intrinsics.h:74:25: warning: no return statement in function returning non-void [-Wreturn-type]
   74 | #define __DEF_IF_HOST { }
      |                         ^
/usr/local/cuda/include/sm_32_intrinsics.h:180:60: note: in expansion of macro '__DEF_IF_HOST'
  180 | __SM_32_INTRINSICS_DECL__ uchar4 __ldca(const uchar4 *ptr) __DEF_IF_HOST
      |                                                            ^~~~~~~~~~~~~
/usr/local/cuda/include/sm_32_intrinsics.h: In function 'ushort2 __ldca(const ushort2*)':
/usr/local/cuda/include/sm_32_intrinsics.h:74:25: warning: no return statement in function returning non-void [-Wreturn-type]
   74 | #define __DEF_IF_HOST { }
      |                         ^
/usr/local/cuda/include/sm_32_intrinsics.h:181:62: note: in expansion of macro '__DEF_IF_HOST'
  181 | __SM_32_INTRINSICS_DECL__ ushort2 __ldca(const ushort2 *ptr) __DEF_IF_HOST
      |                                                              ^~~~~~~~~~~~~
/usr/local/cuda/include/sm_32_intrinsics.h: In function 'ushort4 __ldca(const ushort4*)':
/usr/local/cuda/include/sm_32_intrinsics.h:74:25: warning: no return statement in function returning non-void [-Wreturn-type]
   74 | #define __DEF_IF_HOST { }
      |                         ^
/usr/local/cuda/include/sm_32_intrinsics.h:182:62: note: in expansion of macro '__DEF_IF_HOST'
  182 | __SM_32_INTRINSICS_DECL__ ushort4 __ldca(const ushort4 *ptr) __DEF_IF_HOST
      |                                                              ^~~~~~~~~~~~~
/usr/local/cuda/include/sm_32_intrinsics.h: In function 'uint2 __ldca(const uint2*)':
/usr/local/cuda/include/sm_32_intrinsics.h:74:25: warning: no return statement in function returning non-void [-Wreturn-type]
   74 | #define __DEF_IF_HOST { }
      |                         ^
/usr/local/cuda/include/sm_32_intrinsics.h:183:58: note: in expansion of macro '__DEF_IF_HOST'
  183 | __SM_32_INTRINSICS_DECL__ uint2 __ldca(const uint2 *ptr) __DEF_IF_HOST
      |                                                          ^~~~~~~~~~~~~
/usr/local/cuda/include/sm_32_intrinsics.h: In function 'uint4 __ldca(const uint4*)':
/usr/local/cuda/include/sm_32_intrinsics.h:74:25: warning: no return statement in function returning non-void [-Wreturn-type]
   74 | #define __DEF_IF_HOST { }
      |                         ^
/usr/local/cuda/include/sm_32_intrinsics.h:184:58: note: in expansion of macro '__DEF_IF_HOST'
  184 | __SM_32_INTRINSICS_DECL__ uint4 __ldca(const uint4 *ptr) __DEF_IF_HOST
      |                                                          ^~~~~~~~~~~~~
/usr/local/cuda/include/sm_32_intrinsics.h: In function 'ulonglong2 __ldca(const ulonglong2*)':
/usr/local/cuda/include/sm_32_intrinsics.h:74:25: warning: no return statement in function returning non-void [-Wreturn-type]
   74 | #define __DEF_IF_HOST { }
      |                         ^
/usr/local/cuda/include/sm_32_intrinsics.h:185:68: note: in expansion of macro '__DEF_IF_HOST'
  185 | __SM_32_INTRINSICS_DECL__ ulonglong2 __ldca(const ulonglong2 *ptr) __DEF_IF_HOST
      |                                                                    ^~~~~~~~~~~~~
/usr/local/cuda/include/sm_32_intrinsics.h: In function 'float __ldca(const float*)':
/usr/local/cuda/include/sm_32_intrinsics.h:74:25: warning: no return statement in function returning non-void [-Wreturn-type]
   74 | #define __DEF_IF_HOST { }
      |                         ^
/usr/local/cuda/include/sm_32_intrinsics.h:187:58: note: in expansion of macro '__DEF_IF_HOST'
  187 | __SM_32_INTRINSICS_DECL__ float __ldca(const float *ptr) __DEF_IF_HOST
      |                                                          ^~~~~~~~~~~~~
/usr/local/cuda/include/sm_32_intrinsics.h: In function 'double __ldca(const double*)':
/usr/local/cuda/include/sm_32_intrinsics.h:74:25: warning: no return statement in function returning non-void [-Wreturn-type]
   74 | #define __DEF_IF_HOST { }
      |                         ^
/usr/local/cuda/include/sm_32_intrinsics.h:188:60: note: in expansion of macro '__DEF_IF_HOST'
  188 | __SM_32_INTRINSICS_DECL__ double __ldca(const double *ptr) __DEF_IF_HOST
      |                                                            ^~~~~~~~~~~~~
/usr/local/cuda/include/sm_32_intrinsics.h: In function 'float2 __ldca(const float2*)':
/usr/local/cuda/include/sm_32_intrinsics.h:74:25: warning: no return statement in function returning non-void [-Wreturn-type]
   74 | #define __DEF_IF_HOST { }
      |                         ^
/usr/local/cuda/include/sm_32_intrinsics.h:189:60: note: in expansion of macro '__DEF_IF_HOST'
  189 | __SM_32_INTRINSICS_DECL__ float2 __ldca(const float2 *ptr) __DEF_IF_HOST
      |                                                            ^~~~~~~~~~~~~
/usr/local/cuda/include/sm_32_intrinsics.h: In function 'float4 __ldca(const float4*)':
/usr/local/cuda/include/sm_32_intrinsics.h:74:25: warning: no return statement in function returning non-void [-Wreturn-type]
   74 | #define __DEF_IF_HOST { }
      |                         ^
/usr/local/cuda/include/sm_32_intrinsics.h:190:60: note: in expansion of macro '__DEF_IF_HOST'
  190 | __SM_32_INTRINSICS_DECL__ float4 __ldca(const float4 *ptr) __DEF_IF_HOST
      |                                                            ^~~~~~~~~~~~~
/usr/local/cuda/include/sm_32_intrinsics.h: In function 'double2 __ldca(const double2*)':
/usr/local/cuda/include/sm_32_intrinsics.h:74:25: warning: no return statement in function returning non-void [-Wreturn-type]
   74 | #define __DEF_IF_HOST { }
      |                         ^
/usr/local/cuda/include/sm_32_intrinsics.h:191:62: note: in expansion of macro '__DEF_IF_HOST'
  191 | __SM_32_INTRINSICS_DECL__ double2 __ldca(const double2 *ptr) __DEF_IF_HOST
      |                                                              ^~~~~~~~~~~~~
/usr/local/cuda/include/sm_32_intrinsics.h: In function 'long int __ldcs(const long int*)':
/usr/local/cuda/include/sm_32_intrinsics.h:74:25: warning: no return statement in function returning non-void [-Wreturn-type]
   74 | #define __DEF_IF_HOST { }
      |                         ^
/usr/local/cuda/include/sm_32_intrinsics.h:195:56: note: in expansion of macro '__DEF_IF_HOST'
  195 | __SM_32_INTRINSICS_DECL__ long __ldcs(const long *ptr) __DEF_IF_HOST
      |                                                        ^~~~~~~~~~~~~
/usr/local/cuda/include/sm_32_intrinsics.h: In function 'long unsigned int __ldcs(const long unsigned int*)':
/usr/local/cuda/include/sm_32_intrinsics.h:74:25: warning: no return statement in function returning non-void [-Wreturn-type]
   74 | #define __DEF_IF_HOST { }
      |                         ^
/usr/local/cuda/include/sm_32_intrinsics.h:196:74: note: in expansion of macro '__DEF_IF_HOST'
  196 | __SM_32_INTRINSICS_DECL__ unsigned long __ldcs(const unsigned long *ptr) __DEF_IF_HOST
      |                                                                          ^~~~~~~~~~~~~
/usr/local/cuda/include/sm_32_intrinsics.h: In function 'char __ldcs(const char*)':
/usr/local/cuda/include/sm_32_intrinsics.h:74:25: warning: no return statement in function returning non-void [-Wreturn-type]
   74 | #define __DEF_IF_HOST { }
      |                         ^
/usr/local/cuda/include/sm_32_intrinsics.h:198:56: note: in expansion of macro '__DEF_IF_HOST'
  198 | __SM_32_INTRINSICS_DECL__ char __ldcs(const char *ptr) __DEF_IF_HOST
      |                                                        ^~~~~~~~~~~~~
/usr/local/cuda/include/sm_32_intrinsics.h: In function 'signed char __ldcs(const signed char*)':
/usr/local/cuda/include/sm_32_intrinsics.h:74:25: warning: no return statement in function returning non-void [-Wreturn-type]
   74 | #define __DEF_IF_HOST { }
      |                         ^
/usr/local/cuda/include/sm_32_intrinsics.h:199:70: note: in expansion of macro '__DEF_IF_HOST'
  199 | __SM_32_INTRINSICS_DECL__ signed char __ldcs(const signed char *ptr) __DEF_IF_HOST
      |                                                                      ^~~~~~~~~~~~~
/usr/local/cuda/include/sm_32_intrinsics.h: In function 'short int __ldcs(const short int*)':
/usr/local/cuda/include/sm_32_intrinsics.h:74:25: warning: no return statement in function returning non-void [-Wreturn-type]
   74 | #define __DEF_IF_HOST { }
      |                         ^
/usr/local/cuda/include/sm_32_intrinsics.h:200:58: note: in expansion of macro '__DEF_IF_HOST'
  200 | __SM_32_INTRINSICS_DECL__ short __ldcs(const short *ptr) __DEF_IF_HOST
      |                                                          ^~~~~~~~~~~~~
/usr/local/cuda/include/sm_32_intrinsics.h: In function 'int __ldcs(const int*)':
/usr/local/cuda/include/sm_32_intrinsics.h:74:25: warning: no return statement in function returning non-void [-Wreturn-type]
   74 | #define __DEF_IF_HOST { }
      |                         ^
/usr/local/cuda/include/sm_32_intrinsics.h:201:54: note: in expansion of macro '__DEF_IF_HOST'
  201 | __SM_32_INTRINSICS_DECL__ int __ldcs(const int *ptr) __DEF_IF_HOST
      |                                                      ^~~~~~~~~~~~~
/usr/local/cuda/include/sm_32_intrinsics.h: In function 'long long int __ldcs(const long long int*)':
/usr/local/cuda/include/sm_32_intrinsics.h:74:25: warning: no return statement in function returning non-void [-Wreturn-type]
   74 | #define __DEF_IF_HOST { }
      |                         ^
/usr/local/cuda/include/sm_32_intrinsics.h:202:66: note: in expansion of macro '__DEF_IF_HOST'
  202 | __SM_32_INTRINSICS_DECL__ long long __ldcs(const long long *ptr) __DEF_IF_HOST
      |                                                                  ^~~~~~~~~~~~~
/usr/local/cuda/include/sm_32_intrinsics.h: In function 'char2 __ldcs(const char2*)':
/usr/local/cuda/include/sm_32_intrinsics.h:74:25: warning: no return statement in function returning non-void [-Wreturn-type]
   74 | #define __DEF_IF_HOST { }
      |                         ^
/usr/local/cuda/include/sm_32_intrinsics.h:203:58: note: in expansion of macro '__DEF_IF_HOST'
  203 | __SM_32_INTRINSICS_DECL__ char2 __ldcs(const char2 *ptr) __DEF_IF_HOST
      |                                                          ^~~~~~~~~~~~~
/usr/local/cuda/include/sm_32_intrinsics.h: In function 'char4 __ldcs(const char4*)':
/usr/local/cuda/include/sm_32_intrinsics.h:74:25: warning: no return statement in function returning non-void [-Wreturn-type]
   74 | #define __DEF_IF_HOST { }
      |                         ^
/usr/local/cuda/include/sm_32_intrinsics.h:204:58: note: in expansion of macro '__DEF_IF_HOST'
  204 | __SM_32_INTRINSICS_DECL__ char4 __ldcs(const char4 *ptr) __DEF_IF_HOST
      |                                                          ^~~~~~~~~~~~~
/usr/local/cuda/include/sm_32_intrinsics.h: In function 'short2 __ldcs(const short2*)':
/usr/local/cuda/include/sm_32_intrinsics.h:74:25: warning: no return statement in function returning non-void [-Wreturn-type]
   74 | #define __DEF_IF_HOST { }
      |                         ^
/usr/local/cuda/include/sm_32_intrinsics.h:205:60: note: in expansion of macro '__DEF_IF_HOST'
  205 | __SM_32_INTRINSICS_DECL__ short2 __ldcs(const short2 *ptr) __DEF_IF_HOST
      |                                                            ^~~~~~~~~~~~~
/usr/local/cuda/include/sm_32_intrinsics.h: In function 'short4 __ldcs(const short4*)':
/usr/local/cuda/include/sm_32_intrinsics.h:74:25: warning: no return statement in function returning non-void [-Wreturn-type]
   74 | #define __DEF_IF_HOST { }
      |                         ^
/usr/local/cuda/include/sm_32_intrinsics.h:206:60: note: in expansion of macro '__DEF_IF_HOST'
  206 | __SM_32_INTRINSICS_DECL__ short4 __ldcs(const short4 *ptr) __DEF_IF_HOST
      |                                                            ^~~~~~~~~~~~~
/usr/local/cuda/include/sm_32_intrinsics.h: In function 'int2 __ldcs(const int2*)':
/usr/local/cuda/include/sm_32_intrinsics.h:74:25: warning: no return statement in function returning non-void [-Wreturn-type]
   74 | #define __DEF_IF_HOST { }
      |                         ^
/usr/local/cuda/include/sm_32_intrinsics.h:207:56: note: in expansion of macro '__DEF_IF_HOST'
  207 | __SM_32_INTRINSICS_DECL__ int2 __ldcs(const int2 *ptr) __DEF_IF_HOST
      |                                                        ^~~~~~~~~~~~~
/usr/local/cuda/include/sm_32_intrinsics.h: In function 'int4 __ldcs(const int4*)':
/usr/local/cuda/include/sm_32_intrinsics.h:74:25: warning: no return statement in function returning non-void [-Wreturn-type]
   74 | #define __DEF_IF_HOST { }
      |                         ^
/usr/local/cuda/include/sm_32_intrinsics.h:208:56: note: in expansion of macro '__DEF_IF_HOST'
  208 | __SM_32_INTRINSICS_DECL__ int4 __ldcs(const int4 *ptr) __DEF_IF_HOST
      |                                                        ^~~~~~~~~~~~~
/usr/local/cuda/include/sm_32_intrinsics.h: In function 'longlong2 __ldcs(const longlong2*)':
/usr/local/cuda/include/sm_32_intrinsics.h:74:25: warning: no return statement in function returning non-void [-Wreturn-type]
   74 | #define __DEF_IF_HOST { }
      |                         ^
/usr/local/cuda/include/sm_32_intrinsics.h:209:66: note: in expansion of macro '__DEF_IF_HOST'
  209 | __SM_32_INTRINSICS_DECL__ longlong2 __ldcs(const longlong2 *ptr) __DEF_IF_HOST
      |                                                                  ^~~~~~~~~~~~~
/usr/local/cuda/include/sm_32_intrinsics.h: In function 'unsigned char __ldcs(const unsigned char*)':
/usr/local/cuda/include/sm_32_intrinsics.h:74:25: warning: no return statement in function returning non-void [-Wreturn-type]
   74 | #define __DEF_IF_HOST { }
      |                         ^
/usr/local/cuda/include/sm_32_intrinsics.h:211:74: note: in expansion of macro '__DEF_IF_HOST'
  211 | __SM_32_INTRINSICS_DECL__ unsigned char __ldcs(const unsigned char *ptr) __DEF_IF_HOST
      |                                                                          ^~~~~~~~~~~~~
/usr/local/cuda/include/sm_32_intrinsics.h: In function 'short unsigned int __ldcs(const short unsigned int*)':
/usr/local/cuda/include/sm_32_intrinsics.h:74:25: warning: no return statement in function returning non-void [-Wreturn-type]
   74 | #define __DEF_IF_HOST { }
      |                         ^
/usr/local/cuda/include/sm_32_intrinsics.h:212:76: note: in expansion of macro '__DEF_IF_HOST'
  212 | __SM_32_INTRINSICS_DECL__ unsigned short __ldcs(const unsigned short *ptr) __DEF_IF_HOST
      |                                                                            ^~~~~~~~~~~~~
/usr/local/cuda/include/sm_32_intrinsics.h: In function 'unsigned int __ldcs(const unsigned int*)':
/usr/local/cuda/include/sm_32_intrinsics.h:74:25: warning: no return statement in function returning non-void [-Wreturn-type]
   74 | #define __DEF_IF_HOST { }
      |                         ^
/usr/local/cuda/include/sm_32_intrinsics.h:213:72: note: in expansion of macro '__DEF_IF_HOST'
  213 | __SM_32_INTRINSICS_DECL__ unsigned int __ldcs(const unsigned int *ptr) __DEF_IF_HOST
      |                                                                        ^~~~~~~~~~~~~
/usr/local/cuda/include/sm_32_intrinsics.h: In function 'long long unsigned int __ldcs(const long long unsigned int*)':
/usr/local/cuda/include/sm_32_intrinsics.h:74:25: warning: no return statement in function returning non-void [-Wreturn-type]
   74 | #define __DEF_IF_HOST { }
      |                         ^
/usr/local/cuda/include/sm_32_intrinsics.h:214:84: note: in expansion of macro '__DEF_IF_HOST'
  214 | __SM_32_INTRINSICS_DECL__ unsigned long long __ldcs(const unsigned long long *ptr) __DEF_IF_HOST
      |                                                                                    ^~~~~~~~~~~~~
/usr/local/cuda/include/sm_32_intrinsics.h: In function 'uchar2 __ldcs(const uchar2*)':
/usr/local/cuda/include/sm_32_intrinsics.h:74:25: warning: no return statement in function returning non-void [-Wreturn-type]
   74 | #define __DEF_IF_HOST { }
      |                         ^
/usr/local/cuda/include/sm_32_intrinsics.h:215:60: note: in expansion of macro '__DEF_IF_HOST'
  215 | __SM_32_INTRINSICS_DECL__ uchar2 __ldcs(const uchar2 *ptr) __DEF_IF_HOST
      |                                                            ^~~~~~~~~~~~~
/usr/local/cuda/include/sm_32_intrinsics.h: In function 'uchar4 __ldcs(const uchar4*)':
/usr/local/cuda/include/sm_32_intrinsics.h:74:25: warning: no return statement in function returning non-void [-Wreturn-type]
   74 | #define __DEF_IF_HOST { }
      |                         ^
/usr/local/cuda/include/sm_32_intrinsics.h:216:60: note: in expansion of macro '__DEF_IF_HOST'
  216 | __SM_32_INTRINSICS_DECL__ uchar4 __ldcs(const uchar4 *ptr) __DEF_IF_HOST
      |                                                            ^~~~~~~~~~~~~
/usr/local/cuda/include/sm_32_intrinsics.h: In function 'ushort2 __ldcs(const ushort2*)':
/usr/local/cuda/include/sm_32_intrinsics.h:74:25: warning: no return statement in function returning non-void [-Wreturn-type]
   74 | #define __DEF_IF_HOST { }
      |                         ^
/usr/local/cuda/include/sm_32_intrinsics.h:217:62: note: in expansion of macro '__DEF_IF_HOST'
  217 | __SM_32_INTRINSICS_DECL__ ushort2 __ldcs(const ushort2 *ptr) __DEF_IF_HOST
      |                                                              ^~~~~~~~~~~~~
/usr/local/cuda/include/sm_32_intrinsics.h: In function 'ushort4 __ldcs(const ushort4*)':
/usr/local/cuda/include/sm_32_intrinsics.h:74:25: warning: no return statement in function returning non-void [-Wreturn-type]
   74 | #define __DEF_IF_HOST { }
      |                         ^
/usr/local/cuda/include/sm_32_intrinsics.h:218:62: note: in expansion of macro '__DEF_IF_HOST'
  218 | __SM_32_INTRINSICS_DECL__ ushort4 __ldcs(const ushort4 *ptr) __DEF_IF_HOST
      |                                                              ^~~~~~~~~~~~~
/usr/local/cuda/include/sm_32_intrinsics.h: In function 'uint2 __ldcs(const uint2*)':
/usr/local/cuda/include/sm_32_intrinsics.h:74:25: warning: no return statement in function returning non-void [-Wreturn-type]
   74 | #define __DEF_IF_HOST { }
      |                         ^
/usr/local/cuda/include/sm_32_intrinsics.h:219:58: note: in expansion of macro '__DEF_IF_HOST'
  219 | __SM_32_INTRINSICS_DECL__ uint2 __ldcs(const uint2 *ptr) __DEF_IF_HOST
      |                                                          ^~~~~~~~~~~~~
/usr/local/cuda/include/sm_32_intrinsics.h: In function 'uint4 __ldcs(const uint4*)':
/usr/local/cuda/include/sm_32_intrinsics.h:74:25: warning: no return statement in function returning non-void [-Wreturn-type]
   74 | #define __DEF_IF_HOST { }
      |                         ^
/usr/local/cuda/include/sm_32_intrinsics.h:220:58: note: in expansion of macro '__DEF_IF_HOST'
  220 | __SM_32_INTRINSICS_DECL__ uint4 __ldcs(const uint4 *ptr) __DEF_IF_HOST
      |                                                          ^~~~~~~~~~~~~
/usr/local/cuda/include/sm_32_intrinsics.h: In function 'ulonglong2 __ldcs(const ulonglong2*)':
/usr/local/cuda/include/sm_32_intrinsics.h:74:25: warning: no return statement in function returning non-void [-Wreturn-type]
   74 | #define __DEF_IF_HOST { }
      |                         ^
/usr/local/cuda/include/sm_32_intrinsics.h:221:68: note: in expansion of macro '__DEF_IF_HOST'
  221 | __SM_32_INTRINSICS_DECL__ ulonglong2 __ldcs(const ulonglong2 *ptr) __DEF_IF_HOST
      |                                                                    ^~~~~~~~~~~~~
/usr/local/cuda/include/sm_32_intrinsics.h: In function 'float __ldcs(const float*)':
/usr/local/cuda/include/sm_32_intrinsics.h:74:25: warning: no return statement in function returning non-void [-Wreturn-type]
   74 | #define __DEF_IF_HOST { }
      |                         ^
/usr/local/cuda/include/sm_32_intrinsics.h:223:58: note: in expansion of macro '__DEF_IF_HOST'
  223 | __SM_32_INTRINSICS_DECL__ float __ldcs(const float *ptr) __DEF_IF_HOST
      |                                                          ^~~~~~~~~~~~~
/usr/local/cuda/include/sm_32_intrinsics.h: In function 'double __ldcs(const double*)':
/usr/local/cuda/include/sm_32_intrinsics.h:74:25: warning: no return statement in function returning non-void [-Wreturn-type]
   74 | #define __DEF_IF_HOST { }
      |                         ^
/usr/local/cuda/include/sm_32_intrinsics.h:224:60: note: in expansion of macro '__DEF_IF_HOST'
  224 | __SM_32_INTRINSICS_DECL__ double __ldcs(const double *ptr) __DEF_IF_HOST
      |                                                            ^~~~~~~~~~~~~
/usr/local/cuda/include/sm_32_intrinsics.h: In function 'float2 __ldcs(const float2*)':
/usr/local/cuda/include/sm_32_intrinsics.h:74:25: warning: no return statement in function returning non-void [-Wreturn-type]
   74 | #define __DEF_IF_HOST { }
      |                         ^
/usr/local/cuda/include/sm_32_intrinsics.h:225:60: note: in expansion of macro '__DEF_IF_HOST'
  225 | __SM_32_INTRINSICS_DECL__ float2 __ldcs(const float2 *ptr) __DEF_IF_HOST
      |                                                            ^~~~~~~~~~~~~
/usr/local/cuda/include/sm_32_intrinsics.h: In function 'float4 __ldcs(const float4*)':
/usr/local/cuda/include/sm_32_intrinsics.h:74:25: warning: no return statement in function returning non-void [-Wreturn-type]
   74 | #define __DEF_IF_HOST { }
      |                         ^
/usr/local/cuda/include/sm_32_intrinsics.h:226:60: note: in expansion of macro '__DEF_IF_HOST'
  226 | __SM_32_INTRINSICS_DECL__ float4 __ldcs(const float4 *ptr) __DEF_IF_HOST
      |                                                            ^~~~~~~~~~~~~
/usr/local/cuda/include/sm_32_intrinsics.h: In function 'double2 __ldcs(const double2*)':
/usr/local/cuda/include/sm_32_intrinsics.h:74:25: warning: no return statement in function returning non-void [-Wreturn-type]
   74 | #define __DEF_IF_HOST { }
      |                         ^
/usr/local/cuda/include/sm_32_intrinsics.h:227:62: note: in expansion of macro '__DEF_IF_HOST'
  227 | __SM_32_INTRINSICS_DECL__ double2 __ldcs(const double2 *ptr) __DEF_IF_HOST
      |                                                              ^~~~~~~~~~~~~
/usr/local/cuda/include/sm_32_intrinsics.h: In function 'long int __ldlu(const long int*)':
/usr/local/cuda/include/sm_32_intrinsics.h:74:25: warning: no return statement in function returning non-void [-Wreturn-type]
   74 | #define __DEF_IF_HOST { }
      |                         ^
/usr/local/cuda/include/sm_32_intrinsics.h:231:56: note: in expansion of macro '__DEF_IF_HOST'
  231 | __SM_32_INTRINSICS_DECL__ long __ldlu(const long *ptr) __DEF_IF_HOST
      |                                                        ^~~~~~~~~~~~~
/usr/local/cuda/include/sm_32_intrinsics.h: In function 'long unsigned int __ldlu(const long unsigned int*)':
/usr/local/cuda/include/sm_32_intrinsics.h:74:25: warning: no return statement in function returning non-void [-Wreturn-type]
   74 | #define __DEF_IF_HOST { }
      |                         ^
/usr/local/cuda/include/sm_32_intrinsics.h:232:74: note: in expansion of macro '__DEF_IF_HOST'
  232 | __SM_32_INTRINSICS_DECL__ unsigned long __ldlu(const unsigned long *ptr) __DEF_IF_HOST
      |                                                                          ^~~~~~~~~~~~~
/usr/local/cuda/include/sm_32_intrinsics.h: In function 'char __ldlu(const char*)':
/usr/local/cuda/include/sm_32_intrinsics.h:74:25: warning: no return statement in function returning non-void [-Wreturn-type]
   74 | #define __DEF_IF_HOST { }
      |                         ^
/usr/local/cuda/include/sm_32_intrinsics.h:234:56: note: in expansion of macro '__DEF_IF_HOST'
  234 | __SM_32_INTRINSICS_DECL__ char __ldlu(const char *ptr) __DEF_IF_HOST
      |                                                        ^~~~~~~~~~~~~
/usr/local/cuda/include/sm_32_intrinsics.h: In function 'signed char __ldlu(const signed char*)':
/usr/local/cuda/include/sm_32_intrinsics.h:74:25: warning: no return statement in function returning non-void [-Wreturn-type]
   74 | #define __DEF_IF_HOST { }
      |                         ^
/usr/local/cuda/include/sm_32_intrinsics.h:235:70: note: in expansion of macro '__DEF_IF_HOST'
  235 | __SM_32_INTRINSICS_DECL__ signed char __ldlu(const signed char *ptr) __DEF_IF_HOST
      |                                                                      ^~~~~~~~~~~~~
/usr/local/cuda/include/sm_32_intrinsics.h: In function 'short int __ldlu(const short int*)':
/usr/local/cuda/include/sm_32_intrinsics.h:74:25: warning: no return statement in function returning non-void [-Wreturn-type]
   74 | #define __DEF_IF_HOST { }
      |                         ^
/usr/local/cuda/include/sm_32_intrinsics.h:236:58: note: in expansion of macro '__DEF_IF_HOST'
  236 | __SM_32_INTRINSICS_DECL__ short __ldlu(const short *ptr) __DEF_IF_HOST
      |                                                          ^~~~~~~~~~~~~
/usr/local/cuda/include/sm_32_intrinsics.h: In function 'int __ldlu(const int*)':
/usr/local/cuda/include/sm_32_intrinsics.h:74:25: warning: no return statement in function returning non-void [-Wreturn-type]
   74 | #define __DEF_IF_HOST { }
      |                         ^
/usr/local/cuda/include/sm_32_intrinsics.h:237:54: note: in expansion of macro '__DEF_IF_HOST'
  237 | __SM_32_INTRINSICS_DECL__ int __ldlu(const int *ptr) __DEF_IF_HOST
      |                                                      ^~~~~~~~~~~~~
/usr/local/cuda/include/sm_32_intrinsics.h: In function 'long long int __ldlu(const long long int*)':
/usr/local/cuda/include/sm_32_intrinsics.h:74:25: warning: no return statement in function returning non-void [-Wreturn-type]
   74 | #define __DEF_IF_HOST { }
      |                         ^
/usr/local/cuda/include/sm_32_intrinsics.h:238:66: note: in expansion of macro '__DEF_IF_HOST'
  238 | __SM_32_INTRINSICS_DECL__ long long __ldlu(const long long *ptr) __DEF_IF_HOST
      |                                                                  ^~~~~~~~~~~~~
/usr/local/cuda/include/sm_32_intrinsics.h: In function 'char2 __ldlu(const char2*)':
/usr/local/cuda/include/sm_32_intrinsics.h:74:25: warning: no return statement in function returning non-void [-Wreturn-type]
   74 | #define __DEF_IF_HOST { }
      |                         ^
/usr/local/cuda/include/sm_32_intrinsics.h:239:58: note: in expansion of macro '__DEF_IF_HOST'
  239 | __SM_32_INTRINSICS_DECL__ char2 __ldlu(const char2 *ptr) __DEF_IF_HOST
      |                                                          ^~~~~~~~~~~~~
/usr/local/cuda/include/sm_32_intrinsics.h: In function 'char4 __ldlu(const char4*)':
/usr/local/cuda/include/sm_32_intrinsics.h:74:25: warning: no return statement in function returning non-void [-Wreturn-type]
   74 | #define __DEF_IF_HOST { }
      |                         ^
/usr/local/cuda/include/sm_32_intrinsics.h:240:58: note: in expansion of macro '__DEF_IF_HOST'
  240 | __SM_32_INTRINSICS_DECL__ char4 __ldlu(const char4 *ptr) __DEF_IF_HOST
      |                                                          ^~~~~~~~~~~~~
/usr/local/cuda/include/sm_32_intrinsics.h: In function 'short2 __ldlu(const short2*)':
/usr/local/cuda/include/sm_32_intrinsics.h:74:25: warning: no return statement in function returning non-void [-Wreturn-type]
   74 | #define __DEF_IF_HOST { }
      |                         ^
/usr/local/cuda/include/sm_32_intrinsics.h:241:60: note: in expansion of macro '__DEF_IF_HOST'
  241 | __SM_32_INTRINSICS_DECL__ short2 __ldlu(const short2 *ptr) __DEF_IF_HOST
      |                                                            ^~~~~~~~~~~~~
/usr/local/cuda/include/sm_32_intrinsics.h: In function 'short4 __ldlu(const short4*)':
/usr/local/cuda/include/sm_32_intrinsics.h:74:25: warning: no return statement in function returning non-void [-Wreturn-type]
   74 | #define __DEF_IF_HOST { }
      |                         ^
/usr/local/cuda/include/sm_32_intrinsics.h:242:60: note: in expansion of macro '__DEF_IF_HOST'
  242 | __SM_32_INTRINSICS_DECL__ short4 __ldlu(const short4 *ptr) __DEF_IF_HOST
      |                                                            ^~~~~~~~~~~~~
/usr/local/cuda/include/sm_32_intrinsics.h: In function 'int2 __ldlu(const int2*)':
/usr/local/cuda/include/sm_32_intrinsics.h:74:25: warning: no return statement in function returning non-void [-Wreturn-type]
   74 | #define __DEF_IF_HOST { }
      |                         ^
/usr/local/cuda/include/sm_32_intrinsics.h:243:56: note: in expansion of macro '__DEF_IF_HOST'
  243 | __SM_32_INTRINSICS_DECL__ int2 __ldlu(const int2 *ptr) __DEF_IF_HOST
      |                                                        ^~~~~~~~~~~~~
/usr/local/cuda/include/sm_32_intrinsics.h: In function 'int4 __ldlu(const int4*)':
/usr/local/cuda/include/sm_32_intrinsics.h:74:25: warning: no return statement in function returning non-void [-Wreturn-type]
   74 | #define __DEF_IF_HOST { }
      |                         ^
/usr/local/cuda/include/sm_32_intrinsics.h:244:56: note: in expansion of macro '__DEF_IF_HOST'
  244 | __SM_32_INTRINSICS_DECL__ int4 __ldlu(const int4 *ptr) __DEF_IF_HOST
      |                                                        ^~~~~~~~~~~~~
/usr/local/cuda/include/sm_32_intrinsics.h: In function 'longlong2 __ldlu(const longlong2*)':
/usr/local/cuda/include/sm_32_intrinsics.h:74:25: warning: no return statement in function returning non-void [-Wreturn-type]
   74 | #define __DEF_IF_HOST { }
      |                         ^
/usr/local/cuda/include/sm_32_intrinsics.h:245:66: note: in expansion of macro '__DEF_IF_HOST'
  245 | __SM_32_INTRINSICS_DECL__ longlong2 __ldlu(const longlong2 *ptr) __DEF_IF_HOST
      |                                                                  ^~~~~~~~~~~~~
/usr/local/cuda/include/sm_32_intrinsics.h: In function 'unsigned char __ldlu(const unsigned char*)':
/usr/local/cuda/include/sm_32_intrinsics.h:74:25: warning: no return statement in function returning non-void [-Wreturn-type]
   74 | #define __DEF_IF_HOST { }
      |                         ^
/usr/local/cuda/include/sm_32_intrinsics.h:247:74: note: in expansion of macro '__DEF_IF_HOST'
  247 | __SM_32_INTRINSICS_DECL__ unsigned char __ldlu(const unsigned char *ptr) __DEF_IF_HOST
      |                                                                          ^~~~~~~~~~~~~
/usr/local/cuda/include/sm_32_intrinsics.h: In function 'short unsigned int __ldlu(const short unsigned int*)':
/usr/local/cuda/include/sm_32_intrinsics.h:74:25: warning: no return statement in function returning non-void [-Wreturn-type]
   74 | #define __DEF_IF_HOST { }
      |                         ^
/usr/local/cuda/include/sm_32_intrinsics.h:248:76: note: in expansion of macro '__DEF_IF_HOST'
  248 | __SM_32_INTRINSICS_DECL__ unsigned short __ldlu(const unsigned short *ptr) __DEF_IF_HOST
      |                                                                            ^~~~~~~~~~~~~
/usr/local/cuda/include/sm_32_intrinsics.h: In function 'unsigned int __ldlu(const unsigned int*)':
/usr/local/cuda/include/sm_32_intrinsics.h:74:25: warning: no return statement in function returning non-void [-Wreturn-type]
   74 | #define __DEF_IF_HOST { }
      |                         ^
/usr/local/cuda/include/sm_32_intrinsics.h:249:72: note: in expansion of macro '__DEF_IF_HOST'
  249 | __SM_32_INTRINSICS_DECL__ unsigned int __ldlu(const unsigned int *ptr) __DEF_IF_HOST
      |                                                                        ^~~~~~~~~~~~~
/usr/local/cuda/include/sm_32_intrinsics.h: In function 'long long unsigned int __ldlu(const long long unsigned int*)':
/usr/local/cuda/include/sm_32_intrinsics.h:74:25: warning: no return statement in function returning non-void [-Wreturn-type]
   74 | #define __DEF_IF_HOST { }
      |                         ^
/usr/local/cuda/include/sm_32_intrinsics.h:250:84: note: in expansion of macro '__DEF_IF_HOST'
  250 | __SM_32_INTRINSICS_DECL__ unsigned long long __ldlu(const unsigned long long *ptr) __DEF_IF_HOST
      |                                                                                    ^~~~~~~~~~~~~
/usr/local/cuda/include/sm_32_intrinsics.h: In function 'uchar2 __ldlu(const uchar2*)':
/usr/local/cuda/include/sm_32_intrinsics.h:74:25: warning: no return statement in function returning non-void [-Wreturn-type]
   74 | #define __DEF_IF_HOST { }
      |                         ^
/usr/local/cuda/include/sm_32_intrinsics.h:251:60: note: in expansion of macro '__DEF_IF_HOST'
  251 | __SM_32_INTRINSICS_DECL__ uchar2 __ldlu(const uchar2 *ptr) __DEF_IF_HOST
      |                                                            ^~~~~~~~~~~~~
/usr/local/cuda/include/sm_32_intrinsics.h: In function 'uchar4 __ldlu(const uchar4*)':
/usr/local/cuda/include/sm_32_intrinsics.h:74:25: warning: no return statement in function returning non-void [-Wreturn-type]
   74 | #define __DEF_IF_HOST { }
      |                         ^
/usr/local/cuda/include/sm_32_intrinsics.h:252:60: note: in expansion of macro '__DEF_IF_HOST'
  252 | __SM_32_INTRINSICS_DECL__ uchar4 __ldlu(const uchar4 *ptr) __DEF_IF_HOST
      |                                                            ^~~~~~~~~~~~~
/usr/local/cuda/include/sm_32_intrinsics.h: In function 'ushort2 __ldlu(const ushort2*)':
/usr/local/cuda/include/sm_32_intrinsics.h:74:25: warning: no return statement in function returning non-void [-Wreturn-type]
   74 | #define __DEF_IF_HOST { }
      |                         ^
/usr/local/cuda/include/sm_32_intrinsics.h:253:62: note: in expansion of macro '__DEF_IF_HOST'
  253 | __SM_32_INTRINSICS_DECL__ ushort2 __ldlu(const ushort2 *ptr) __DEF_IF_HOST
      |                                                              ^~~~~~~~~~~~~
/usr/local/cuda/include/sm_32_intrinsics.h: In function 'ushort4 __ldlu(const ushort4*)':
/usr/local/cuda/include/sm_32_intrinsics.h:74:25: warning: no return statement in function returning non-void [-Wreturn-type]
   74 | #define __DEF_IF_HOST { }
      |                         ^
/usr/local/cuda/include/sm_32_intrinsics.h:254:62: note: in expansion of macro '__DEF_IF_HOST'
  254 | __SM_32_INTRINSICS_DECL__ ushort4 __ldlu(const ushort4 *ptr) __DEF_IF_HOST
      |                                                              ^~~~~~~~~~~~~
/usr/local/cuda/include/sm_32_intrinsics.h: In function 'uint2 __ldlu(const uint2*)':
/usr/local/cuda/include/sm_32_intrinsics.h:74:25: warning: no return statement in function returning non-void [-Wreturn-type]
   74 | #define __DEF_IF_HOST { }
      |                         ^
/usr/local/cuda/include/sm_32_intrinsics.h:255:58: note: in expansion of macro '__DEF_IF_HOST'
  255 | __SM_32_INTRINSICS_DECL__ uint2 __ldlu(const uint2 *ptr) __DEF_IF_HOST
      |                                                          ^~~~~~~~~~~~~
/usr/local/cuda/include/sm_32_intrinsics.h: In function 'uint4 __ldlu(const uint4*)':
/usr/local/cuda/include/sm_32_intrinsics.h:74:25: warning: no return statement in function returning non-void [-Wreturn-type]
   74 | #define __DEF_IF_HOST { }
      |                         ^
/usr/local/cuda/include/sm_32_intrinsics.h:256:58: note: in expansion of macro '__DEF_IF_HOST'
  256 | __SM_32_INTRINSICS_DECL__ uint4 __ldlu(const uint4 *ptr) __DEF_IF_HOST
      |                                                          ^~~~~~~~~~~~~
/usr/local/cuda/include/sm_32_intrinsics.h: In function 'ulonglong2 __ldlu(const ulonglong2*)':
/usr/local/cuda/include/sm_32_intrinsics.h:74:25: warning: no return statement in function returning non-void [-Wreturn-type]
   74 | #define __DEF_IF_HOST { }
      |                         ^
/usr/local/cuda/include/sm_32_intrinsics.h:257:68: note: in expansion of macro '__DEF_IF_HOST'
  257 | __SM_32_INTRINSICS_DECL__ ulonglong2 __ldlu(const ulonglong2 *ptr) __DEF_IF_HOST
      |                                                                    ^~~~~~~~~~~~~
/usr/local/cuda/include/sm_32_intrinsics.h: In function 'float __ldlu(const float*)':
/usr/local/cuda/include/sm_32_intrinsics.h:74:25: warning: no return statement in function returning non-void [-Wreturn-type]
   74 | #define __DEF_IF_HOST { }
      |                         ^
/usr/local/cuda/include/sm_32_intrinsics.h:259:58: note: in expansion of macro '__DEF_IF_HOST'
  259 | __SM_32_INTRINSICS_DECL__ float __ldlu(const float *ptr) __DEF_IF_HOST
      |                                                          ^~~~~~~~~~~~~
/usr/local/cuda/include/sm_32_intrinsics.h: In function 'double __ldlu(const double*)':
/usr/local/cuda/include/sm_32_intrinsics.h:74:25: warning: no return statement in function returning non-void [-Wreturn-type]
   74 | #define __DEF_IF_HOST { }
      |                         ^
/usr/local/cuda/include/sm_32_intrinsics.h:260:60: note: in expansion of macro '__DEF_IF_HOST'
  260 | __SM_32_INTRINSICS_DECL__ double __ldlu(const double *ptr) __DEF_IF_HOST
      |                                                            ^~~~~~~~~~~~~
/usr/local/cuda/include/sm_32_intrinsics.h: In function 'float2 __ldlu(const float2*)':
/usr/local/cuda/include/sm_32_intrinsics.h:74:25: warning: no return statement in function returning non-void [-Wreturn-type]
   74 | #define __DEF_IF_HOST { }
      |                         ^
/usr/local/cuda/include/sm_32_intrinsics.h:261:60: note: in expansion of macro '__DEF_IF_HOST'
  261 | __SM_32_INTRINSICS_DECL__ float2 __ldlu(const float2 *ptr) __DEF_IF_HOST
      |                                                            ^~~~~~~~~~~~~
/usr/local/cuda/include/sm_32_intrinsics.h: In function 'float4 __ldlu(const float4*)':
/usr/local/cuda/include/sm_32_intrinsics.h:74:25: warning: no return statement in function returning non-void [-Wreturn-type]
   74 | #define __DEF_IF_HOST { }
      |                         ^
/usr/local/cuda/include/sm_32_intrinsics.h:262:60: note: in expansion of macro '__DEF_IF_HOST'
  262 | __SM_32_INTRINSICS_DECL__ float4 __ldlu(const float4 *ptr) __DEF_IF_HOST
      |                                                            ^~~~~~~~~~~~~
/usr/local/cuda/include/sm_32_intrinsics.h: In function 'double2 __ldlu(const double2*)':
/usr/local/cuda/include/sm_32_intrinsics.h:74:25: warning: no return statement in function returning non-void [-Wreturn-type]
   74 | #define __DEF_IF_HOST { }
      |                         ^
/usr/local/cuda/include/sm_32_intrinsics.h:263:62: note: in expansion of macro '__DEF_IF_HOST'
  263 | __SM_32_INTRINSICS_DECL__ double2 __ldlu(const double2 *ptr) __DEF_IF_HOST
      |                                                              ^~~~~~~~~~~~~
/usr/local/cuda/include/sm_32_intrinsics.h: In function 'long int __ldcv(const long int*)':
/usr/local/cuda/include/sm_32_intrinsics.h:74:25: warning: no return statement in function returning non-void [-Wreturn-type]
   74 | #define __DEF_IF_HOST { }
      |                         ^
/usr/local/cuda/include/sm_32_intrinsics.h:267:56: note: in expansion of macro '__DEF_IF_HOST'
  267 | __SM_32_INTRINSICS_DECL__ long __ldcv(const long *ptr) __DEF_IF_HOST
      |                                                        ^~~~~~~~~~~~~
/usr/local/cuda/include/sm_32_intrinsics.h: In function 'long unsigned int __ldcv(const long unsigned int*)':
/usr/local/cuda/include/sm_32_intrinsics.h:74:25: warning: no return statement in function returning non-void [-Wreturn-type]
   74 | #define __DEF_IF_HOST { }
      |                         ^
/usr/local/cuda/include/sm_32_intrinsics.h:268:74: note: in expansion of macro '__DEF_IF_HOST'
  268 | __SM_32_INTRINSICS_DECL__ unsigned long __ldcv(const unsigned long *ptr) __DEF_IF_HOST
      |                                                                          ^~~~~~~~~~~~~
/usr/local/cuda/include/sm_32_intrinsics.h: In function 'char __ldcv(const char*)':
/usr/local/cuda/include/sm_32_intrinsics.h:74:25: warning: no return statement in function returning non-void [-Wreturn-type]
   74 | #define __DEF_IF_HOST { }
      |                         ^
/usr/local/cuda/include/sm_32_intrinsics.h:270:56: note: in expansion of macro '__DEF_IF_HOST'
  270 | __SM_32_INTRINSICS_DECL__ char __ldcv(const char *ptr) __DEF_IF_HOST
      |                                                        ^~~~~~~~~~~~~
/usr/local/cuda/include/sm_32_intrinsics.h: In function 'signed char __ldcv(const signed char*)':
/usr/local/cuda/include/sm_32_intrinsics.h:74:25: warning: no return statement in function returning non-void [-Wreturn-type]
   74 | #define __DEF_IF_HOST { }
      |                         ^
/usr/local/cuda/include/sm_32_intrinsics.h:271:70: note: in expansion of macro '__DEF_IF_HOST'
  271 | __SM_32_INTRINSICS_DECL__ signed char __ldcv(const signed char *ptr) __DEF_IF_HOST
      |                                                                      ^~~~~~~~~~~~~
/usr/local/cuda/include/sm_32_intrinsics.h: In function 'short int __ldcv(const short int*)':
/usr/local/cuda/include/sm_32_intrinsics.h:74:25: warning: no return statement in function returning non-void [-Wreturn-type]
   74 | #define __DEF_IF_HOST { }
      |                         ^
/usr/local/cuda/include/sm_32_intrinsics.h:272:58: note: in expansion of macro '__DEF_IF_HOST'
  272 | __SM_32_INTRINSICS_DECL__ short __ldcv(const short *ptr) __DEF_IF_HOST
      |                                                          ^~~~~~~~~~~~~
/usr/local/cuda/include/sm_32_intrinsics.h: In function 'int __ldcv(const int*)':
/usr/local/cuda/include/sm_32_intrinsics.h:74:25: warning: no return statement in function returning non-void [-Wreturn-type]
   74 | #define __DEF_IF_HOST { }
      |                         ^
/usr/local/cuda/include/sm_32_intrinsics.h:273:54: note: in expansion of macro '__DEF_IF_HOST'
  273 | __SM_32_INTRINSICS_DECL__ int __ldcv(const int *ptr) __DEF_IF_HOST
      |                                                      ^~~~~~~~~~~~~
/usr/local/cuda/include/sm_32_intrinsics.h: In function 'long long int __ldcv(const long long int*)':
/usr/local/cuda/include/sm_32_intrinsics.h:74:25: warning: no return statement in function returning non-void [-Wreturn-type]
   74 | #define __DEF_IF_HOST { }
      |                         ^
/usr/local/cuda/include/sm_32_intrinsics.h:274:66: note: in expansion of macro '__DEF_IF_HOST'
  274 | __SM_32_INTRINSICS_DECL__ long long __ldcv(const long long *ptr) __DEF_IF_HOST
      |                                                                  ^~~~~~~~~~~~~
/usr/local/cuda/include/sm_32_intrinsics.h: In function 'char2 __ldcv(const char2*)':
/usr/local/cuda/include/sm_32_intrinsics.h:74:25: warning: no return statement in function returning non-void [-Wreturn-type]
   74 | #define __DEF_IF_HOST { }
      |                         ^
/usr/local/cuda/include/sm_32_intrinsics.h:275:58: note: in expansion of macro '__DEF_IF_HOST'
  275 | __SM_32_INTRINSICS_DECL__ char2 __ldcv(const char2 *ptr) __DEF_IF_HOST
      |                                                          ^~~~~~~~~~~~~
/usr/local/cuda/include/sm_32_intrinsics.h: In function 'char4 __ldcv(const char4*)':
/usr/local/cuda/include/sm_32_intrinsics.h:74:25: warning: no return statement in function returning non-void [-Wreturn-type]
   74 | #define __DEF_IF_HOST { }
      |                         ^
/usr/local/cuda/include/sm_32_intrinsics.h:276:58: note: in expansion of macro '__DEF_IF_HOST'
  276 | __SM_32_INTRINSICS_DECL__ char4 __ldcv(const char4 *ptr) __DEF_IF_HOST
      |                                                          ^~~~~~~~~~~~~
/usr/local/cuda/include/sm_32_intrinsics.h: In function 'short2 __ldcv(const short2*)':
/usr/local/cuda/include/sm_32_intrinsics.h:74:25: warning: no return statement in function returning non-void [-Wreturn-type]
   74 | #define __DEF_IF_HOST { }
      |                         ^
/usr/local/cuda/include/sm_32_intrinsics.h:277:60: note: in expansion of macro '__DEF_IF_HOST'
  277 | __SM_32_INTRINSICS_DECL__ short2 __ldcv(const short2 *ptr) __DEF_IF_HOST
      |                                                            ^~~~~~~~~~~~~
/usr/local/cuda/include/sm_32_intrinsics.h: In function 'short4 __ldcv(const short4*)':
/usr/local/cuda/include/sm_32_intrinsics.h:74:25: warning: no return statement in function returning non-void [-Wreturn-type]
   74 | #define __DEF_IF_HOST { }
      |                         ^
/usr/local/cuda/include/sm_32_intrinsics.h:278:60: note: in expansion of macro '__DEF_IF_HOST'
  278 | __SM_32_INTRINSICS_DECL__ short4 __ldcv(const short4 *ptr) __DEF_IF_HOST
      |                                                            ^~~~~~~~~~~~~
/usr/local/cuda/include/sm_32_intrinsics.h: In function 'int2 __ldcv(const int2*)':
/usr/local/cuda/include/sm_32_intrinsics.h:74:25: warning: no return statement in function returning non-void [-Wreturn-type]
   74 | #define __DEF_IF_HOST { }
      |                         ^
/usr/local/cuda/include/sm_32_intrinsics.h:279:56: note: in expansion of macro '__DEF_IF_HOST'
  279 | __SM_32_INTRINSICS_DECL__ int2 __ldcv(const int2 *ptr) __DEF_IF_HOST
      |                                                        ^~~~~~~~~~~~~
/usr/local/cuda/include/sm_32_intrinsics.h: In function 'int4 __ldcv(const int4*)':
/usr/local/cuda/include/sm_32_intrinsics.h:74:25: warning: no return statement in function returning non-void [-Wreturn-type]
   74 | #define __DEF_IF_HOST { }
      |                         ^
/usr/local/cuda/include/sm_32_intrinsics.h:280:56: note: in expansion of macro '__DEF_IF_HOST'
  280 | __SM_32_INTRINSICS_DECL__ int4 __ldcv(const int4 *ptr) __DEF_IF_HOST
      |                                                        ^~~~~~~~~~~~~
/usr/local/cuda/include/sm_32_intrinsics.h: In function 'longlong2 __ldcv(const longlong2*)':
/usr/local/cuda/include/sm_32_intrinsics.h:74:25: warning: no return statement in function returning non-void [-Wreturn-type]
   74 | #define __DEF_IF_HOST { }
      |                         ^
/usr/local/cuda/include/sm_32_intrinsics.h:281:66: note: in expansion of macro '__DEF_IF_HOST'
  281 | __SM_32_INTRINSICS_DECL__ longlong2 __ldcv(const longlong2 *ptr) __DEF_IF_HOST
      |                                                                  ^~~~~~~~~~~~~
/usr/local/cuda/include/sm_32_intrinsics.h: In function 'unsigned char __ldcv(const unsigned char*)':
/usr/local/cuda/include/sm_32_intrinsics.h:74:25: warning: no return statement in function returning non-void [-Wreturn-type]
   74 | #define __DEF_IF_HOST { }
      |                         ^
/usr/local/cuda/include/sm_32_intrinsics.h:283:74: note: in expansion of macro '__DEF_IF_HOST'
  283 | __SM_32_INTRINSICS_DECL__ unsigned char __ldcv(const unsigned char *ptr) __DEF_IF_HOST
      |                                                                          ^~~~~~~~~~~~~
/usr/local/cuda/include/sm_32_intrinsics.h: In function 'short unsigned int __ldcv(const short unsigned int*)':
/usr/local/cuda/include/sm_32_intrinsics.h:74:25: warning: no return statement in function returning non-void [-Wreturn-type]
   74 | #define __DEF_IF_HOST { }
      |                         ^
/usr/local/cuda/include/sm_32_intrinsics.h:284:76: note: in expansion of macro '__DEF_IF_HOST'
  284 | __SM_32_INTRINSICS_DECL__ unsigned short __ldcv(const unsigned short *ptr) __DEF_IF_HOST
      |                                                                            ^~~~~~~~~~~~~
/usr/local/cuda/include/sm_32_intrinsics.h: In function 'unsigned int __ldcv(const unsigned int*)':
/usr/local/cuda/include/sm_32_intrinsics.h:74:25: warning: no return statement in function returning non-void [-Wreturn-type]
   74 | #define __DEF_IF_HOST { }
      |                         ^
/usr/local/cuda/include/sm_32_intrinsics.h:285:72: note: in expansion of macro '__DEF_IF_HOST'
  285 | __SM_32_INTRINSICS_DECL__ unsigned int __ldcv(const unsigned int *ptr) __DEF_IF_HOST
      |                                                                        ^~~~~~~~~~~~~
/usr/local/cuda/include/sm_32_intrinsics.h: In function 'long long unsigned int __ldcv(const long long unsigned int*)':
/usr/local/cuda/include/sm_32_intrinsics.h:74:25: warning: no return statement in function returning non-void [-Wreturn-type]
   74 | #define __DEF_IF_HOST { }
      |                         ^
/usr/local/cuda/include/sm_32_intrinsics.h:286:84: note: in expansion of macro '__DEF_IF_HOST'
  286 | __SM_32_INTRINSICS_DECL__ unsigned long long __ldcv(const unsigned long long *ptr) __DEF_IF_HOST
      |                                                                                    ^~~~~~~~~~~~~
/usr/local/cuda/include/sm_32_intrinsics.h: In function 'uchar2 __ldcv(const uchar2*)':
/usr/local/cuda/include/sm_32_intrinsics.h:74:25: warning: no return statement in function returning non-void [-Wreturn-type]
   74 | #define __DEF_IF_HOST { }
      |                         ^
/usr/local/cuda/include/sm_32_intrinsics.h:287:60: note: in expansion of macro '__DEF_IF_HOST'
  287 | __SM_32_INTRINSICS_DECL__ uchar2 __ldcv(const uchar2 *ptr) __DEF_IF_HOST
      |                                                            ^~~~~~~~~~~~~
/usr/local/cuda/include/sm_32_intrinsics.h: In function 'uchar4 __ldcv(const uchar4*)':
/usr/local/cuda/include/sm_32_intrinsics.h:74:25: warning: no return statement in function returning non-void [-Wreturn-type]
   74 | #define __DEF_IF_HOST { }
      |                         ^
/usr/local/cuda/include/sm_32_intrinsics.h:288:60: note: in expansion of macro '__DEF_IF_HOST'
  288 | __SM_32_INTRINSICS_DECL__ uchar4 __ldcv(const uchar4 *ptr) __DEF_IF_HOST
      |                                                            ^~~~~~~~~~~~~
/usr/local/cuda/include/sm_32_intrinsics.h: In function 'ushort2 __ldcv(const ushort2*)':
/usr/local/cuda/include/sm_32_intrinsics.h:74:25: warning: no return statement in function returning non-void [-Wreturn-type]
   74 | #define __DEF_IF_HOST { }
      |                         ^
/usr/local/cuda/include/sm_32_intrinsics.h:289:62: note: in expansion of macro '__DEF_IF_HOST'
  289 | __SM_32_INTRINSICS_DECL__ ushort2 __ldcv(const ushort2 *ptr) __DEF_IF_HOST
      |                                                              ^~~~~~~~~~~~~
/usr/local/cuda/include/sm_32_intrinsics.h: In function 'ushort4 __ldcv(const ushort4*)':
/usr/local/cuda/include/sm_32_intrinsics.h:74:25: warning: no return statement in function returning non-void [-Wreturn-type]
   74 | #define __DEF_IF_HOST { }
      |                         ^
/usr/local/cuda/include/sm_32_intrinsics.h:290:62: note: in expansion of macro '__DEF_IF_HOST'
  290 | __SM_32_INTRINSICS_DECL__ ushort4 __ldcv(const ushort4 *ptr) __DEF_IF_HOST
      |                                                              ^~~~~~~~~~~~~
/usr/local/cuda/include/sm_32_intrinsics.h: In function 'uint2 __ldcv(const uint2*)':
/usr/local/cuda/include/sm_32_intrinsics.h:74:25: warning: no return statement in function returning non-void [-Wreturn-type]
   74 | #define __DEF_IF_HOST { }
      |                         ^
/usr/local/cuda/include/sm_32_intrinsics.h:291:58: note: in expansion of macro '__DEF_IF_HOST'
  291 | __SM_32_INTRINSICS_DECL__ uint2 __ldcv(const uint2 *ptr) __DEF_IF_HOST
      |                                                          ^~~~~~~~~~~~~
/usr/local/cuda/include/sm_32_intrinsics.h: In function 'uint4 __ldcv(const uint4*)':
/usr/local/cuda/include/sm_32_intrinsics.h:74:25: warning: no return statement in function returning non-void [-Wreturn-type]
   74 | #define __DEF_IF_HOST { }
      |                         ^
/usr/local/cuda/include/sm_32_intrinsics.h:292:58: note: in expansion of macro '__DEF_IF_HOST'
  292 | __SM_32_INTRINSICS_DECL__ uint4 __ldcv(const uint4 *ptr) __DEF_IF_HOST
      |                                                          ^~~~~~~~~~~~~
/usr/local/cuda/include/sm_32_intrinsics.h: In function 'ulonglong2 __ldcv(const ulonglong2*)':
/usr/local/cuda/include/sm_32_intrinsics.h:74:25: warning: no return statement in function returning non-void [-Wreturn-type]
   74 | #define __DEF_IF_HOST { }
      |                         ^
/usr/local/cuda/include/sm_32_intrinsics.h:293:68: note: in expansion of macro '__DEF_IF_HOST'
  293 | __SM_32_INTRINSICS_DECL__ ulonglong2 __ldcv(const ulonglong2 *ptr) __DEF_IF_HOST
      |                                                                    ^~~~~~~~~~~~~
/usr/local/cuda/include/sm_32_intrinsics.h: In function 'float __ldcv(const float*)':
/usr/local/cuda/include/sm_32_intrinsics.h:74:25: warning: no return statement in function returning non-void [-Wreturn-type]
   74 | #define __DEF_IF_HOST { }
      |                         ^
/usr/local/cuda/include/sm_32_intrinsics.h:295:58: note: in expansion of macro '__DEF_IF_HOST'
  295 | __SM_32_INTRINSICS_DECL__ float __ldcv(const float *ptr) __DEF_IF_HOST
      |                                                          ^~~~~~~~~~~~~
/usr/local/cuda/include/sm_32_intrinsics.h: In function 'double __ldcv(const double*)':
/usr/local/cuda/include/sm_32_intrinsics.h:74:25: warning: no return statement in function returning non-void [-Wreturn-type]
   74 | #define __DEF_IF_HOST { }
      |                         ^
/usr/local/cuda/include/sm_32_intrinsics.h:296:60: note: in expansion of macro '__DEF_IF_HOST'
  296 | __SM_32_INTRINSICS_DECL__ double __ldcv(const double *ptr) __DEF_IF_HOST
      |                                                            ^~~~~~~~~~~~~
/usr/local/cuda/include/sm_32_intrinsics.h: In function 'float2 __ldcv(const float2*)':
/usr/local/cuda/include/sm_32_intrinsics.h:74:25: warning: no return statement in function returning non-void [-Wreturn-type]
   74 | #define __DEF_IF_HOST { }
      |                         ^
/usr/local/cuda/include/sm_32_intrinsics.h:297:60: note: in expansion of macro '__DEF_IF_HOST'
  297 | __SM_32_INTRINSICS_DECL__ float2 __ldcv(const float2 *ptr) __DEF_IF_HOST
      |                                                            ^~~~~~~~~~~~~
/usr/local/cuda/include/sm_32_intrinsics.h: In function 'float4 __ldcv(const float4*)':
/usr/local/cuda/include/sm_32_intrinsics.h:74:25: warning: no return statement in function returning non-void [-Wreturn-type]
   74 | #define __DEF_IF_HOST { }
      |                         ^
/usr/local/cuda/include/sm_32_intrinsics.h:298:60: note: in expansion of macro '__DEF_IF_HOST'
  298 | __SM_32_INTRINSICS_DECL__ float4 __ldcv(const float4 *ptr) __DEF_IF_HOST
      |                                                            ^~~~~~~~~~~~~
/usr/local/cuda/include/sm_32_intrinsics.h: In function 'double2 __ldcv(const double2*)':
/usr/local/cuda/include/sm_32_intrinsics.h:74:25: warning: no return statement in function returning non-void [-Wreturn-type]
   74 | #define __DEF_IF_HOST { }
      |                         ^
/usr/local/cuda/include/sm_32_intrinsics.h:299:62: note: in expansion of macro '__DEF_IF_HOST'
  299 | __SM_32_INTRINSICS_DECL__ double2 __ldcv(const double2 *ptr) __DEF_IF_HOST
      |                                                              ^~~~~~~~~~~~~
/usr/local/cuda/include/sm_32_intrinsics.h: In function 'unsigned int __funnelshift_l(unsigned int, unsigned int, unsigned int)':
/usr/local/cuda/include/sm_32_intrinsics.h:74:25: warning: no return statement in function returning non-void [-Wreturn-type]
   74 | #define __DEF_IF_HOST { }
      |                         ^
/usr/local/cuda/include/sm_32_intrinsics.h:460:110: note: in expansion of macro '__DEF_IF_HOST'
  460 | __SM_32_INTRINSICS_DECL__ unsigned int __funnelshift_l(unsigned int lo, unsigned int hi, unsigned int shift) __DEF_IF_HOST
      |                                                                                                              ^~~~~~~~~~~~~
/usr/local/cuda/include/sm_32_intrinsics.h: In function 'unsigned int __funnelshift_lc(unsigned int, unsigned int, unsigned int)':
/usr/local/cuda/include/sm_32_intrinsics.h:74:25: warning: no return statement in function returning non-void [-Wreturn-type]
   74 | #define __DEF_IF_HOST { }
      |                         ^
/usr/local/cuda/include/sm_32_intrinsics.h:472:111: note: in expansion of macro '__DEF_IF_HOST'
  472 | __SM_32_INTRINSICS_DECL__ unsigned int __funnelshift_lc(unsigned int lo, unsigned int hi, unsigned int shift) __DEF_IF_HOST
      |                                                                                                               ^~~~~~~~~~~~~
/usr/local/cuda/include/sm_32_intrinsics.h: In function 'unsigned int __funnelshift_r(unsigned int, unsigned int, unsigned int)':
/usr/local/cuda/include/sm_32_intrinsics.h:74:25: warning: no return statement in function returning non-void [-Wreturn-type]
   74 | #define __DEF_IF_HOST { }
      |                         ^
/usr/local/cuda/include/sm_32_intrinsics.h:485:110: note: in expansion of macro '__DEF_IF_HOST'
  485 | __SM_32_INTRINSICS_DECL__ unsigned int __funnelshift_r(unsigned int lo, unsigned int hi, unsigned int shift) __DEF_IF_HOST
      |                                                                                                              ^~~~~~~~~~~~~
/usr/local/cuda/include/sm_32_intrinsics.h: In function 'unsigned int __funnelshift_rc(unsigned int, unsigned int, unsigned int)':
/usr/local/cuda/include/sm_32_intrinsics.h:74:25: warning: no return statement in function returning non-void [-Wreturn-type]
   74 | #define __DEF_IF_HOST { }
      |                         ^
/usr/local/cuda/include/sm_32_intrinsics.h:497:111: note: in expansion of macro '__DEF_IF_HOST'
  497 | __SM_32_INTRINSICS_DECL__ unsigned int __funnelshift_rc(unsigned int lo, unsigned int hi, unsigned int shift) __DEF_IF_HOST
      |                                                                                                               ^~~~~~~~~~~~~
In file included from /usr/local/cuda/include/crt/device_functions.h:3625,
                 from /home/GVirtuS/GVirtuS/plugins/cudart/backend/CudaRtHandler.h:71,
                 from /home/GVirtuS/GVirtuS/plugins/cudart/backend/CudaRtHandler_thread.cpp:26:
/usr/local/cuda/include/sm_61_intrinsics.h: In function 'int __dp2a_lo(int, int, int)':
/usr/local/cuda/include/sm_61_intrinsics.h:72:25: warning: no return statement in function returning non-void [-Wreturn-type]
   72 | #define __DEF_IF_HOST { }
      |                         ^
/usr/local/cuda/include/sm_61_intrinsics.h:99:68: note: in expansion of macro '__DEF_IF_HOST'
   99 | __SM_61_INTRINSICS_DECL__ int __dp2a_lo(int srcA, int srcB, int c) __DEF_IF_HOST
      |                                                                    ^~~~~~~~~~~~~
/usr/local/cuda/include/sm_61_intrinsics.h: In function 'unsigned int __dp2a_lo(unsigned int, unsigned int, unsigned int)':
/usr/local/cuda/include/sm_61_intrinsics.h:72:25: warning: no return statement in function returning non-void [-Wreturn-type]
   72 | #define __DEF_IF_HOST { }
      |                         ^
/usr/local/cuda/include/sm_61_intrinsics.h:110:104: note: in expansion of macro '__DEF_IF_HOST'
  110 | __SM_61_INTRINSICS_DECL__ unsigned int __dp2a_lo(unsigned int srcA, unsigned int srcB, unsigned int c) __DEF_IF_HOST
      |                                                                                                        ^~~~~~~~~~~~~
/usr/local/cuda/include/sm_61_intrinsics.h: In function 'int __dp2a_lo(short2, char4, int)':
/usr/local/cuda/include/sm_61_intrinsics.h:72:25: warning: no return statement in function returning non-void [-Wreturn-type]
   72 | #define __DEF_IF_HOST { }
      |                         ^
/usr/local/cuda/include/sm_61_intrinsics.h:122:73: note: in expansion of macro '__DEF_IF_HOST'
  122 | __SM_61_INTRINSICS_DECL__ int __dp2a_lo(short2 srcA, char4 srcB, int c) __DEF_IF_HOST
      |                                                                         ^~~~~~~~~~~~~
/usr/local/cuda/include/sm_61_intrinsics.h: In function 'unsigned int __dp2a_lo(ushort2, uchar4, unsigned int)':
/usr/local/cuda/include/sm_61_intrinsics.h:72:25: warning: no return statement in function returning non-void [-Wreturn-type]
   72 | #define __DEF_IF_HOST { }
      |                         ^
/usr/local/cuda/include/sm_61_intrinsics.h:133:93: note: in expansion of macro '__DEF_IF_HOST'
  133 | __SM_61_INTRINSICS_DECL__ unsigned int __dp2a_lo(ushort2 srcA, uchar4 srcB, unsigned int c) __DEF_IF_HOST
      |                                                                                             ^~~~~~~~~~~~~
/usr/local/cuda/include/sm_61_intrinsics.h: In function 'int __dp2a_hi(int, int, int)':
/usr/local/cuda/include/sm_61_intrinsics.h:72:25: warning: no return statement in function returning non-void [-Wreturn-type]
   72 | #define __DEF_IF_HOST { }
      |                         ^
/usr/local/cuda/include/sm_61_intrinsics.h:145:68: note: in expansion of macro '__DEF_IF_HOST'
  145 | __SM_61_INTRINSICS_DECL__ int __dp2a_hi(int srcA, int srcB, int c) __DEF_IF_HOST
      |                                                                    ^~~~~~~~~~~~~
/usr/local/cuda/include/sm_61_intrinsics.h: In function 'unsigned int __dp2a_hi(unsigned int, unsigned int, unsigned int)':
/usr/local/cuda/include/sm_61_intrinsics.h:72:25: warning: no return statement in function returning non-void [-Wreturn-type]
   72 | #define __DEF_IF_HOST { }
      |                         ^
/usr/local/cuda/include/sm_61_intrinsics.h:156:104: note: in expansion of macro '__DEF_IF_HOST'
  156 | __SM_61_INTRINSICS_DECL__ unsigned int __dp2a_hi(unsigned int srcA, unsigned int srcB, unsigned int c) __DEF_IF_HOST
      |                                                                                                        ^~~~~~~~~~~~~
/usr/local/cuda/include/sm_61_intrinsics.h: In function 'int __dp2a_hi(short2, char4, int)':
/usr/local/cuda/include/sm_61_intrinsics.h:72:25: warning: no return statement in function returning non-void [-Wreturn-type]
   72 | #define __DEF_IF_HOST { }
      |                         ^
/usr/local/cuda/include/sm_61_intrinsics.h:168:73: note: in expansion of macro '__DEF_IF_HOST'
  168 | __SM_61_INTRINSICS_DECL__ int __dp2a_hi(short2 srcA, char4 srcB, int c) __DEF_IF_HOST
      |                                                                         ^~~~~~~~~~~~~
/usr/local/cuda/include/sm_61_intrinsics.h: In function 'unsigned int __dp2a_hi(ushort2, uchar4, unsigned int)':
/usr/local/cuda/include/sm_61_intrinsics.h:72:25: warning: no return statement in function returning non-void [-Wreturn-type]
   72 | #define __DEF_IF_HOST { }
      |                         ^
/usr/local/cuda/include/sm_61_intrinsics.h:179:93: note: in expansion of macro '__DEF_IF_HOST'
  179 | __SM_61_INTRINSICS_DECL__ unsigned int __dp2a_hi(ushort2 srcA, uchar4 srcB, unsigned int c) __DEF_IF_HOST
      |                                                                                             ^~~~~~~~~~~~~
/usr/local/cuda/include/sm_61_intrinsics.h: In function 'int __dp4a(int, int, int)':
/usr/local/cuda/include/sm_61_intrinsics.h:72:25: warning: no return statement in function returning non-void [-Wreturn-type]
   72 | #define __DEF_IF_HOST { }
      |                         ^
/usr/local/cuda/include/sm_61_intrinsics.h:194:65: note: in expansion of macro '__DEF_IF_HOST'
  194 | __SM_61_INTRINSICS_DECL__ int __dp4a(int srcA, int srcB, int c) __DEF_IF_HOST
      |                                                                 ^~~~~~~~~~~~~
/usr/local/cuda/include/sm_61_intrinsics.h: In function 'unsigned int __dp4a(unsigned int, unsigned int, unsigned int)':
/usr/local/cuda/include/sm_61_intrinsics.h:72:25: warning: no return statement in function returning non-void [-Wreturn-type]
   72 | #define __DEF_IF_HOST { }
      |                         ^
/usr/local/cuda/include/sm_61_intrinsics.h:203:101: note: in expansion of macro '__DEF_IF_HOST'
  203 | __SM_61_INTRINSICS_DECL__ unsigned int __dp4a(unsigned int srcA, unsigned int srcB, unsigned int c) __DEF_IF_HOST
      |                                                                                                     ^~~~~~~~~~~~~
/usr/local/cuda/include/sm_61_intrinsics.h: In function 'int __dp4a(char4, char4, int)':
/usr/local/cuda/include/sm_61_intrinsics.h:72:25: warning: no return statement in function returning non-void [-Wreturn-type]
   72 | #define __DEF_IF_HOST { }
      |                         ^
/usr/local/cuda/include/sm_61_intrinsics.h:213:69: note: in expansion of macro '__DEF_IF_HOST'
  213 | __SM_61_INTRINSICS_DECL__ int __dp4a(char4 srcA, char4 srcB, int c) __DEF_IF_HOST
      |                                                                     ^~~~~~~~~~~~~
/usr/local/cuda/include/sm_61_intrinsics.h: In function 'unsigned int __dp4a(uchar4, uchar4, unsigned int)':
/usr/local/cuda/include/sm_61_intrinsics.h:72:25: warning: no return statement in function returning non-void [-Wreturn-type]
   72 | #define __DEF_IF_HOST { }
      |                         ^
/usr/local/cuda/include/sm_61_intrinsics.h:222:89: note: in expansion of macro '__DEF_IF_HOST'
  222 | __SM_61_INTRINSICS_DECL__ unsigned int __dp4a(uchar4 srcA, uchar4 srcB, unsigned int c) __DEF_IF_HOST
      |                                                                                         ^~~~~~~~~~~~~
In file included from /usr/local/cuda/include/crt/device_functions.h:3626,
                 from /home/GVirtuS/GVirtuS/plugins/cudart/backend/CudaRtHandler.h:71,
                 from /home/GVirtuS/GVirtuS/plugins/cudart/backend/CudaRtHandler_thread.cpp:26:
/usr/local/cuda/include/crt/sm_70_rt.h: In function 'unsigned int __match_any_sync(unsigned int, unsigned int)':
/usr/local/cuda/include/crt/sm_70_rt.h:84:25: warning: no return statement in function returning non-void [-Wreturn-type]
   84 | #define __DEF_IF_HOST { }
      |                         ^
/usr/local/cuda/include/crt/sm_70_rt.h:93:80: note: in expansion of macro '__DEF_IF_HOST'
   93 | __SM_70_RT_DECL__ unsigned int __match_any_sync(unsigned mask, unsigned value) __DEF_IF_HOST
      |                                                                                ^~~~~~~~~~~~~
/usr/local/cuda/include/crt/sm_70_rt.h: In function 'unsigned int __match_any_sync(unsigned int, int)':
/usr/local/cuda/include/crt/sm_70_rt.h:84:25: warning: no return statement in function returning non-void [-Wreturn-type]
   84 | #define __DEF_IF_HOST { }
      |                         ^
/usr/local/cuda/include/crt/sm_70_rt.h:94:75: note: in expansion of macro '__DEF_IF_HOST'
   94 | __SM_70_RT_DECL__ unsigned int __match_any_sync(unsigned mask, int value) __DEF_IF_HOST
      |                                                                           ^~~~~~~~~~~~~
/usr/local/cuda/include/crt/sm_70_rt.h: In function 'unsigned int __match_any_sync(unsigned int, long unsigned int)':
/usr/local/cuda/include/crt/sm_70_rt.h:84:25: warning: no return statement in function returning non-void [-Wreturn-type]
   84 | #define __DEF_IF_HOST { }
      |                         ^
/usr/local/cuda/include/crt/sm_70_rt.h:95:85: note: in expansion of macro '__DEF_IF_HOST'
   95 | __SM_70_RT_DECL__ unsigned int __match_any_sync(unsigned mask, unsigned long value) __DEF_IF_HOST
      |                                                                                     ^~~~~~~~~~~~~
/usr/local/cuda/include/crt/sm_70_rt.h: In function 'unsigned int __match_any_sync(unsigned int, long int)':
/usr/local/cuda/include/crt/sm_70_rt.h:84:25: warning: no return statement in function returning non-void [-Wreturn-type]
   84 | #define __DEF_IF_HOST { }
      |                         ^
/usr/local/cuda/include/crt/sm_70_rt.h:96:76: note: in expansion of macro '__DEF_IF_HOST'
   96 | __SM_70_RT_DECL__ unsigned int __match_any_sync(unsigned mask, long value) __DEF_IF_HOST
      |                                                                            ^~~~~~~~~~~~~
/usr/local/cuda/include/crt/sm_70_rt.h: In function 'unsigned int __match_any_sync(unsigned int, long long unsigned int)':
/usr/local/cuda/include/crt/sm_70_rt.h:84:25: warning: no return statement in function returning non-void [-Wreturn-type]
   84 | #define __DEF_IF_HOST { }
      |                         ^
/usr/local/cuda/include/crt/sm_70_rt.h:97:90: note: in expansion of macro '__DEF_IF_HOST'
   97 | __SM_70_RT_DECL__ unsigned int __match_any_sync(unsigned mask, unsigned long long value) __DEF_IF_HOST
      |                                                                                          ^~~~~~~~~~~~~
/usr/local/cuda/include/crt/sm_70_rt.h: In function 'unsigned int __match_any_sync(unsigned int, long long int)':
/usr/local/cuda/include/crt/sm_70_rt.h:84:25: warning: no return statement in function returning non-void [-Wreturn-type]
   84 | #define __DEF_IF_HOST { }
      |                         ^
/usr/local/cuda/include/crt/sm_70_rt.h:98:81: note: in expansion of macro '__DEF_IF_HOST'
   98 | __SM_70_RT_DECL__ unsigned int __match_any_sync(unsigned mask, long long value) __DEF_IF_HOST
      |                                                                                 ^~~~~~~~~~~~~
/usr/local/cuda/include/crt/sm_70_rt.h: In function 'unsigned int __match_any_sync(unsigned int, float)':
/usr/local/cuda/include/crt/sm_70_rt.h:84:25: warning: no return statement in function returning non-void [-Wreturn-type]
   84 | #define __DEF_IF_HOST { }
      |                         ^
/usr/local/cuda/include/crt/sm_70_rt.h:99:77: note: in expansion of macro '__DEF_IF_HOST'
   99 | __SM_70_RT_DECL__ unsigned int __match_any_sync(unsigned mask, float value) __DEF_IF_HOST
      |                                                                             ^~~~~~~~~~~~~
/usr/local/cuda/include/crt/sm_70_rt.h: In function 'unsigned int __match_any_sync(unsigned int, double)':
/usr/local/cuda/include/crt/sm_70_rt.h:84:25: warning: no return statement in function returning non-void [-Wreturn-type]
   84 | #define __DEF_IF_HOST { }
      |                         ^
/usr/local/cuda/include/crt/sm_70_rt.h:100:78: note: in expansion of macro '__DEF_IF_HOST'
  100 | __SM_70_RT_DECL__ unsigned int __match_any_sync(unsigned mask, double value) __DEF_IF_HOST
      |                                                                              ^~~~~~~~~~~~~
/usr/local/cuda/include/crt/sm_70_rt.h: In function 'unsigned int __match_all_sync(unsigned int, unsigned int, int*)':
/usr/local/cuda/include/crt/sm_70_rt.h:84:25: warning: no return statement in function returning non-void [-Wreturn-type]
   84 | #define __DEF_IF_HOST { }
      |                         ^
/usr/local/cuda/include/crt/sm_70_rt.h:102:91: note: in expansion of macro '__DEF_IF_HOST'
  102 | __SM_70_RT_DECL__ unsigned int __match_all_sync(unsigned mask, unsigned value, int *pred) __DEF_IF_HOST
      |                                                                                           ^~~~~~~~~~~~~
/usr/local/cuda/include/crt/sm_70_rt.h: In function 'unsigned int __match_all_sync(unsigned int, int, int*)':
/usr/local/cuda/include/crt/sm_70_rt.h:84:25: warning: no return statement in function returning non-void [-Wreturn-type]
   84 | #define __DEF_IF_HOST { }
      |                         ^
/usr/local/cuda/include/crt/sm_70_rt.h:103:86: note: in expansion of macro '__DEF_IF_HOST'
  103 | __SM_70_RT_DECL__ unsigned int __match_all_sync(unsigned mask, int value, int *pred) __DEF_IF_HOST
      |                                                                                      ^~~~~~~~~~~~~
/usr/local/cuda/include/crt/sm_70_rt.h: In function 'unsigned int __match_all_sync(unsigned int, long unsigned int, int*)':
/usr/local/cuda/include/crt/sm_70_rt.h:84:25: warning: no return statement in function returning non-void [-Wreturn-type]
   84 | #define __DEF_IF_HOST { }
      |                         ^
/usr/local/cuda/include/crt/sm_70_rt.h:104:96: note: in expansion of macro '__DEF_IF_HOST'
  104 | __SM_70_RT_DECL__ unsigned int __match_all_sync(unsigned mask, unsigned long value, int *pred) __DEF_IF_HOST
      |                                                                                                ^~~~~~~~~~~~~
/usr/local/cuda/include/crt/sm_70_rt.h: In function 'unsigned int __match_all_sync(unsigned int, long int, int*)':
/usr/local/cuda/include/crt/sm_70_rt.h:84:25: warning: no return statement in function returning non-void [-Wreturn-type]
   84 | #define __DEF_IF_HOST { }
      |                         ^
/usr/local/cuda/include/crt/sm_70_rt.h:105:87: note: in expansion of macro '__DEF_IF_HOST'
  105 | __SM_70_RT_DECL__ unsigned int __match_all_sync(unsigned mask, long value, int *pred) __DEF_IF_HOST
      |                                                                                       ^~~~~~~~~~~~~
/usr/local/cuda/include/crt/sm_70_rt.h: In function 'unsigned int __match_all_sync(unsigned int, long long unsigned int, int*)':
/usr/local/cuda/include/crt/sm_70_rt.h:84:25: warning: no return statement in function returning non-void [-Wreturn-type]
   84 | #define __DEF_IF_HOST { }
      |                         ^
/usr/local/cuda/include/crt/sm_70_rt.h:106:101: note: in expansion of macro '__DEF_IF_HOST'
  106 | __SM_70_RT_DECL__ unsigned int __match_all_sync(unsigned mask, unsigned long long value, int *pred) __DEF_IF_HOST
      |                                                                                                     ^~~~~~~~~~~~~
/usr/local/cuda/include/crt/sm_70_rt.h: In function 'unsigned int __match_all_sync(unsigned int, long long int, int*)':
/usr/local/cuda/include/crt/sm_70_rt.h:84:25: warning: no return statement in function returning non-void [-Wreturn-type]
   84 | #define __DEF_IF_HOST { }
      |                         ^
/usr/local/cuda/include/crt/sm_70_rt.h:107:92: note: in expansion of macro '__DEF_IF_HOST'
  107 | __SM_70_RT_DECL__ unsigned int __match_all_sync(unsigned mask, long long value, int *pred) __DEF_IF_HOST
      |                                                                                            ^~~~~~~~~~~~~
/usr/local/cuda/include/crt/sm_70_rt.h: In function 'unsigned int __match_all_sync(unsigned int, float, int*)':
/usr/local/cuda/include/crt/sm_70_rt.h:84:25: warning: no return statement in function returning non-void [-Wreturn-type]
   84 | #define __DEF_IF_HOST { }
      |                         ^
/usr/local/cuda/include/crt/sm_70_rt.h:108:88: note: in expansion of macro '__DEF_IF_HOST'
  108 | __SM_70_RT_DECL__ unsigned int __match_all_sync(unsigned mask, float value, int *pred) __DEF_IF_HOST
      |                                                                                        ^~~~~~~~~~~~~
/usr/local/cuda/include/crt/sm_70_rt.h: In function 'unsigned int __match_all_sync(unsigned int, double, int*)':
/usr/local/cuda/include/crt/sm_70_rt.h:84:25: warning: no return statement in function returning non-void [-Wreturn-type]
   84 | #define __DEF_IF_HOST { }
      |                         ^
/usr/local/cuda/include/crt/sm_70_rt.h:109:89: note: in expansion of macro '__DEF_IF_HOST'
  109 | __SM_70_RT_DECL__ unsigned int __match_all_sync(unsigned mask, double value, int *pred) __DEF_IF_HOST
      |                                                                                         ^~~~~~~~~~~~~
/usr/local/cuda/include/crt/sm_70_rt.h: In function 'short unsigned int atomicCAS(short unsigned int*, short unsigned int, short unsigned int)':
/usr/local/cuda/include/crt/sm_70_rt.h:84:25: warning: no return statement in function returning non-void [-Wreturn-type]
   84 | #define __DEF_IF_HOST { }
      |                         ^
/usr/local/cuda/include/crt/sm_70_rt.h:113:129: note: in expansion of macro '__DEF_IF_HOST'
  113 | __SM_70_RT_DECL__ unsigned short int atomicCAS(unsigned short int *address, unsigned short int compare, unsigned short int val) __DEF_IF_HOST
      |                                                                                                                                 ^~~~~~~~~~~~~
In file included from /usr/local/cuda/include/crt/device_functions.h:3627,
                 from /home/GVirtuS/GVirtuS/plugins/cudart/backend/CudaRtHandler.h:71,
                 from /home/GVirtuS/GVirtuS/plugins/cudart/backend/CudaRtHandler_thread.cpp:26:
/usr/local/cuda/include/crt/sm_80_rt.h: In function 'unsigned int __reduce_add_sync(unsigned int, unsigned int)':
/usr/local/cuda/include/crt/sm_80_rt.h:84:25: warning: no return statement in function returning non-void [-Wreturn-type]
   84 | #define __DEF_IF_HOST { }
      |                         ^
/usr/local/cuda/include/crt/sm_80_rt.h:93:77: note: in expansion of macro '__DEF_IF_HOST'
   93 | __SM_80_RT_DECL__ unsigned __reduce_add_sync(unsigned mask, unsigned value) __DEF_IF_HOST
      |                                                                             ^~~~~~~~~~~~~
/usr/local/cuda/include/crt/sm_80_rt.h: In function 'unsigned int __reduce_min_sync(unsigned int, unsigned int)':
/usr/local/cuda/include/crt/sm_80_rt.h:84:25: warning: no return statement in function returning non-void [-Wreturn-type]
   84 | #define __DEF_IF_HOST { }
      |                         ^
/usr/local/cuda/include/crt/sm_80_rt.h:94:77: note: in expansion of macro '__DEF_IF_HOST'
   94 | __SM_80_RT_DECL__ unsigned __reduce_min_sync(unsigned mask, unsigned value) __DEF_IF_HOST
      |                                                                             ^~~~~~~~~~~~~
/usr/local/cuda/include/crt/sm_80_rt.h: In function 'unsigned int __reduce_max_sync(unsigned int, unsigned int)':
/usr/local/cuda/include/crt/sm_80_rt.h:84:25: warning: no return statement in function returning non-void [-Wreturn-type]
   84 | #define __DEF_IF_HOST { }
      |                         ^
/usr/local/cuda/include/crt/sm_80_rt.h:95:77: note: in expansion of macro '__DEF_IF_HOST'
   95 | __SM_80_RT_DECL__ unsigned __reduce_max_sync(unsigned mask, unsigned value) __DEF_IF_HOST
      |                                                                             ^~~~~~~~~~~~~
/usr/local/cuda/include/crt/sm_80_rt.h: In function 'int __reduce_add_sync(unsigned int, int)':
/usr/local/cuda/include/crt/sm_80_rt.h:84:25: warning: no return statement in function returning non-void [-Wreturn-type]
   84 | #define __DEF_IF_HOST { }
      |                         ^
/usr/local/cuda/include/crt/sm_80_rt.h:97:67: note: in expansion of macro '__DEF_IF_HOST'
   97 | __SM_80_RT_DECL__ int __reduce_add_sync(unsigned mask, int value) __DEF_IF_HOST
      |                                                                   ^~~~~~~~~~~~~
/usr/local/cuda/include/crt/sm_80_rt.h: In function 'int __reduce_min_sync(unsigned int, int)':
/usr/local/cuda/include/crt/sm_80_rt.h:84:25: warning: no return statement in function returning non-void [-Wreturn-type]
   84 | #define __DEF_IF_HOST { }
      |                         ^
/usr/local/cuda/include/crt/sm_80_rt.h:98:67: note: in expansion of macro '__DEF_IF_HOST'
   98 | __SM_80_RT_DECL__ int __reduce_min_sync(unsigned mask, int value) __DEF_IF_HOST
      |                                                                   ^~~~~~~~~~~~~
/usr/local/cuda/include/crt/sm_80_rt.h: In function 'int __reduce_max_sync(unsigned int, int)':
/usr/local/cuda/include/crt/sm_80_rt.h:84:25: warning: no return statement in function returning non-void [-Wreturn-type]
   84 | #define __DEF_IF_HOST { }
      |                         ^
/usr/local/cuda/include/crt/sm_80_rt.h:99:67: note: in expansion of macro '__DEF_IF_HOST'
   99 | __SM_80_RT_DECL__ int __reduce_max_sync(unsigned mask, int value) __DEF_IF_HOST
      |                                                                   ^~~~~~~~~~~~~
/usr/local/cuda/include/crt/sm_80_rt.h: In function 'unsigned int __reduce_and_sync(unsigned int, unsigned int)':
/usr/local/cuda/include/crt/sm_80_rt.h:84:25: warning: no return statement in function returning non-void [-Wreturn-type]
   84 | #define __DEF_IF_HOST { }
      |                         ^
/usr/local/cuda/include/crt/sm_80_rt.h:101:77: note: in expansion of macro '__DEF_IF_HOST'
  101 | __SM_80_RT_DECL__ unsigned __reduce_and_sync(unsigned mask, unsigned value) __DEF_IF_HOST
      |                                                                             ^~~~~~~~~~~~~
/usr/local/cuda/include/crt/sm_80_rt.h: In function 'unsigned int __reduce_or_sync(unsigned int, unsigned int)':
/usr/local/cuda/include/crt/sm_80_rt.h:84:25: warning: no return statement in function returning non-void [-Wreturn-type]
   84 | #define __DEF_IF_HOST { }
      |                         ^
/usr/local/cuda/include/crt/sm_80_rt.h:102:76: note: in expansion of macro '__DEF_IF_HOST'
  102 | __SM_80_RT_DECL__ unsigned __reduce_or_sync(unsigned mask, unsigned value) __DEF_IF_HOST
      |                                                                            ^~~~~~~~~~~~~
/usr/local/cuda/include/crt/sm_80_rt.h: In function 'unsigned int __reduce_xor_sync(unsigned int, unsigned int)':
/usr/local/cuda/include/crt/sm_80_rt.h:84:25: warning: no return statement in function returning non-void [-Wreturn-type]
   84 | #define __DEF_IF_HOST { }
      |                         ^
/usr/local/cuda/include/crt/sm_80_rt.h:103:77: note: in expansion of macro '__DEF_IF_HOST'
  103 | __SM_80_RT_DECL__ unsigned __reduce_xor_sync(unsigned mask, unsigned value) __DEF_IF_HOST
      |                                                                             ^~~~~~~~~~~~~
In file included from /usr/local/cuda/include/crt/device_functions.h:3628,
                 from /home/GVirtuS/GVirtuS/plugins/cudart/backend/CudaRtHandler.h:71,
                 from /home/GVirtuS/GVirtuS/plugins/cudart/backend/CudaRtHandler_thread.cpp:26:
/usr/local/cuda/include/crt/sm_90_rt.h: In function 'unsigned int __isCtaShared(const void*)':
/usr/local/cuda/include/crt/sm_90_rt.h:84:25: warning: no return statement in function returning non-void [-Wreturn-type]
   84 | #define __DEF_IF_HOST { }
      |                         ^
/usr/local/cuda/include/crt/sm_90_rt.h:89:59: note: in expansion of macro '__DEF_IF_HOST'
   89 | __SM_90_RT_DECL__ unsigned __isCtaShared(const void *ptr) __DEF_IF_HOST
      |                                                           ^~~~~~~~~~~~~
/usr/local/cuda/include/crt/sm_90_rt.h: In function 'unsigned int __isClusterShared(const void*)':
/usr/local/cuda/include/crt/sm_90_rt.h:84:25: warning: no return statement in function returning non-void [-Wreturn-type]
   84 | #define __DEF_IF_HOST { }
      |                         ^
/usr/local/cuda/include/crt/sm_90_rt.h:90:63: note: in expansion of macro '__DEF_IF_HOST'
   90 | __SM_90_RT_DECL__ unsigned __isClusterShared(const void *ptr) __DEF_IF_HOST
      |                                                               ^~~~~~~~~~~~~
/usr/local/cuda/include/crt/sm_90_rt.h: In function 'void* __cluster_map_shared_rank(const void*, unsigned int)':
/usr/local/cuda/include/crt/sm_90_rt.h:84:25: warning: no return statement in function returning non-void [-Wreturn-type]
   84 | #define __DEF_IF_HOST { }
      |                         ^
/usr/local/cuda/include/crt/sm_90_rt.h:91:97: note: in expansion of macro '__DEF_IF_HOST'
   91 | __SM_90_RT_DECL__ void *__cluster_map_shared_rank(const void *ptr, unsigned target_block_rank)  __DEF_IF_HOST
      |                                                                                                 ^~~~~~~~~~~~~
/usr/local/cuda/include/crt/sm_90_rt.h: In function 'unsigned int __cluster_query_shared_rank(const void*)':
/usr/local/cuda/include/crt/sm_90_rt.h:84:25: warning: no return statement in function returning non-void [-Wreturn-type]
   84 | #define __DEF_IF_HOST { }
      |                         ^
/usr/local/cuda/include/crt/sm_90_rt.h:92:73: note: in expansion of macro '__DEF_IF_HOST'
   92 | __SM_90_RT_DECL__ unsigned __cluster_query_shared_rank(const void *ptr) __DEF_IF_HOST
      |                                                                         ^~~~~~~~~~~~~
/usr/local/cuda/include/crt/sm_90_rt.h: In function 'uint2 __cluster_map_shared_multicast(const void*, unsigned int)':
/usr/local/cuda/include/crt/sm_90_rt.h:84:25: warning: no return statement in function returning non-void [-Wreturn-type]
   84 | #define __DEF_IF_HOST { }
      |                         ^
/usr/local/cuda/include/crt/sm_90_rt.h:93:100: note: in expansion of macro '__DEF_IF_HOST'
   93 | __SM_90_RT_DECL__ uint2 __cluster_map_shared_multicast(const void *ptr, unsigned cluster_cta_mask) __DEF_IF_HOST
      |                                                                                                    ^~~~~~~~~~~~~
/usr/local/cuda/include/crt/sm_90_rt.h: In function 'unsigned int __clusterDimIsSpecified()':
/usr/local/cuda/include/crt/sm_90_rt.h:84:25: warning: no return statement in function returning non-void [-Wreturn-type]
   84 | #define __DEF_IF_HOST { }
      |                         ^
/usr/local/cuda/include/crt/sm_90_rt.h:94:54: note: in expansion of macro '__DEF_IF_HOST'
   94 | __SM_90_RT_DECL__ unsigned __clusterDimIsSpecified() __DEF_IF_HOST
      |                                                      ^~~~~~~~~~~~~
/usr/local/cuda/include/crt/sm_90_rt.h: In function 'dim3 __clusterDim()':
/usr/local/cuda/include/crt/sm_90_rt.h:84:25: warning: no return statement in function returning non-void [-Wreturn-type]
   84 | #define __DEF_IF_HOST { }
      |                         ^
/usr/local/cuda/include/crt/sm_90_rt.h:95:39: note: in expansion of macro '__DEF_IF_HOST'
   95 | __SM_90_RT_DECL__ dim3 __clusterDim() __DEF_IF_HOST
      |                                       ^~~~~~~~~~~~~
/usr/local/cuda/include/crt/sm_90_rt.h: In function 'dim3 __clusterRelativeBlockIdx()':
/usr/local/cuda/include/crt/sm_90_rt.h:84:25: warning: no return statement in function returning non-void [-Wreturn-type]
   84 | #define __DEF_IF_HOST { }
      |                         ^
/usr/local/cuda/include/crt/sm_90_rt.h:96:52: note: in expansion of macro '__DEF_IF_HOST'
   96 | __SM_90_RT_DECL__ dim3 __clusterRelativeBlockIdx() __DEF_IF_HOST
      |                                                    ^~~~~~~~~~~~~
/usr/local/cuda/include/crt/sm_90_rt.h: In function 'dim3 __clusterGridDimInClusters()':
/usr/local/cuda/include/crt/sm_90_rt.h:84:25: warning: no return statement in function returning non-void [-Wreturn-type]
   84 | #define __DEF_IF_HOST { }
      |                         ^
/usr/local/cuda/include/crt/sm_90_rt.h:97:53: note: in expansion of macro '__DEF_IF_HOST'
   97 | __SM_90_RT_DECL__ dim3 __clusterGridDimInClusters() __DEF_IF_HOST
      |                                                     ^~~~~~~~~~~~~
/usr/local/cuda/include/crt/sm_90_rt.h: In function 'dim3 __clusterIdx()':
/usr/local/cuda/include/crt/sm_90_rt.h:84:25: warning: no return statement in function returning non-void [-Wreturn-type]
   84 | #define __DEF_IF_HOST { }
      |                         ^
/usr/local/cuda/include/crt/sm_90_rt.h:98:39: note: in expansion of macro '__DEF_IF_HOST'
   98 | __SM_90_RT_DECL__ dim3 __clusterIdx() __DEF_IF_HOST
      |                                       ^~~~~~~~~~~~~
/usr/local/cuda/include/crt/sm_90_rt.h: In function 'unsigned int __clusterRelativeBlockRank()':
/usr/local/cuda/include/crt/sm_90_rt.h:84:25: warning: no return statement in function returning non-void [-Wreturn-type]
   84 | #define __DEF_IF_HOST { }
      |                         ^
/usr/local/cuda/include/crt/sm_90_rt.h:99:57: note: in expansion of macro '__DEF_IF_HOST'
   99 | __SM_90_RT_DECL__ unsigned __clusterRelativeBlockRank() __DEF_IF_HOST
      |                                                         ^~~~~~~~~~~~~
/usr/local/cuda/include/crt/sm_90_rt.h: In function 'unsigned int __clusterSizeInBlocks()':
/usr/local/cuda/include/crt/sm_90_rt.h:84:25: warning: no return statement in function returning non-void [-Wreturn-type]
   84 | #define __DEF_IF_HOST { }
      |                         ^
/usr/local/cuda/include/crt/sm_90_rt.h:100:52: note: in expansion of macro '__DEF_IF_HOST'
  100 | __SM_90_RT_DECL__ unsigned __clusterSizeInBlocks() __DEF_IF_HOST
      |                                                    ^~~~~~~~~~~~~
/usr/local/cuda/include/crt/sm_90_rt.h: In function 'float2 atomicAdd(float2*, float2)':
/usr/local/cuda/include/crt/sm_90_rt.h:84:25: warning: no return statement in function returning non-void [-Wreturn-type]
   84 | #define __DEF_IF_HOST { }
      |                         ^
/usr/local/cuda/include/crt/sm_90_rt.h:106:65: note: in expansion of macro '__DEF_IF_HOST'
  106 | __SM_90_RT_DECL__ float2 atomicAdd(float2 *address, float2 val) __DEF_IF_HOST
      |                                                                 ^~~~~~~~~~~~~
/usr/local/cuda/include/crt/sm_90_rt.h: In function 'float2 atomicAdd_block(float2*, float2)':
/usr/local/cuda/include/crt/sm_90_rt.h:84:25: warning: no return statement in function returning non-void [-Wreturn-type]
   84 | #define __DEF_IF_HOST { }
      |                         ^
/usr/local/cuda/include/crt/sm_90_rt.h:107:71: note: in expansion of macro '__DEF_IF_HOST'
  107 | __SM_90_RT_DECL__ float2 atomicAdd_block(float2 *address, float2 val) __DEF_IF_HOST
      |                                                                       ^~~~~~~~~~~~~
/usr/local/cuda/include/crt/sm_90_rt.h: In function 'float2 atomicAdd_system(float2*, float2)':
/usr/local/cuda/include/crt/sm_90_rt.h:84:25: warning: no return statement in function returning non-void [-Wreturn-type]
   84 | #define __DEF_IF_HOST { }
      |                         ^
/usr/local/cuda/include/crt/sm_90_rt.h:108:72: note: in expansion of macro '__DEF_IF_HOST'
  108 | __SM_90_RT_DECL__ float2 atomicAdd_system(float2 *address, float2 val) __DEF_IF_HOST
      |                                                                        ^~~~~~~~~~~~~
/usr/local/cuda/include/crt/sm_90_rt.h: In function 'float4 atomicAdd(float4*, float4)':
/usr/local/cuda/include/crt/sm_90_rt.h:84:25: warning: no return statement in function returning non-void [-Wreturn-type]
   84 | #define __DEF_IF_HOST { }
      |                         ^
/usr/local/cuda/include/crt/sm_90_rt.h:109:65: note: in expansion of macro '__DEF_IF_HOST'
  109 | __SM_90_RT_DECL__ float4 atomicAdd(float4 *address, float4 val) __DEF_IF_HOST
      |                                                                 ^~~~~~~~~~~~~
/usr/local/cuda/include/crt/sm_90_rt.h: In function 'float4 atomicAdd_block(float4*, float4)':
/usr/local/cuda/include/crt/sm_90_rt.h:84:25: warning: no return statement in function returning non-void [-Wreturn-type]
   84 | #define __DEF_IF_HOST { }
      |                         ^
/usr/local/cuda/include/crt/sm_90_rt.h:110:71: note: in expansion of macro '__DEF_IF_HOST'
  110 | __SM_90_RT_DECL__ float4 atomicAdd_block(float4 *address, float4 val) __DEF_IF_HOST
      |                                                                       ^~~~~~~~~~~~~
/usr/local/cuda/include/crt/sm_90_rt.h: In function 'float4 atomicAdd_system(float4*, float4)':
/usr/local/cuda/include/crt/sm_90_rt.h:84:25: warning: no return statement in function returning non-void [-Wreturn-type]
   84 | #define __DEF_IF_HOST { }
      |                         ^
/usr/local/cuda/include/crt/sm_90_rt.h:111:72: note: in expansion of macro '__DEF_IF_HOST'
  111 | __SM_90_RT_DECL__ float4 atomicAdd_system(float4 *address, float4 val) __DEF_IF_HOST
      |                                                                        ^~~~~~~~~~~~~
/home/GVirtuS/GVirtuS/plugins/cudart/backend/CudaRtHandler_thread.cpp: In function 'std::shared_ptr<gvirtus::communicators::Result> handleThreadExit(CudaRtHandler*, std::shared_ptr<gvirtus::communicators::Buffer>)':
/home/GVirtuS/GVirtuS/plugins/cudart/backend/CudaRtHandler_thread.cpp:29:50: warning: 'cudaError_t cudaThreadExit()' is deprecated [-Wdeprecated-declarations]
   29 |   return std::make_shared<Result>(cudaThreadExit());
      |                                                  ^
In file included from /home/GVirtuS/GVirtuS/plugins/cudart/backend/CudaRtHandler.h:54,
                 from /home/GVirtuS/GVirtuS/plugins/cudart/backend/CudaRtHandler_thread.cpp:26:
/usr/local/cuda/include/cuda_runtime_api.h:1043:57: note: declared here
 1043 | extern __CUDA_DEPRECATED __host__ cudaError_t CUDARTAPI cudaThreadExit(void);
      |                                                         ^~~~~~~~~~~~~~
/home/GVirtuS/GVirtuS/plugins/cudart/backend/CudaRtHandler_thread.cpp:29:50: warning: 'cudaError_t cudaThreadExit()' is deprecated [-Wdeprecated-declarations]
   29 |   return std::make_shared<Result>(cudaThreadExit());
      |                                                  ^
In file included from /home/GVirtuS/GVirtuS/plugins/cudart/backend/CudaRtHandler.h:54,
                 from /home/GVirtuS/GVirtuS/plugins/cudart/backend/CudaRtHandler_thread.cpp:26:
/usr/local/cuda/include/cuda_runtime_api.h:1043:57: note: declared here
 1043 | extern __CUDA_DEPRECATED __host__ cudaError_t CUDARTAPI cudaThreadExit(void);
      |                                                         ^~~~~~~~~~~~~~
/home/GVirtuS/GVirtuS/plugins/cudart/backend/CudaRtHandler_thread.cpp: In function 'std::shared_ptr<gvirtus::communicators::Result> handleThreadSynchronize(CudaRtHandler*, std::shared_ptr<gvirtus::communicators::Buffer>)':
/home/GVirtuS/GVirtuS/plugins/cudart/backend/CudaRtHandler_thread.cpp:33:57: warning: 'cudaError_t cudaThreadSynchronize()' is deprecated [-Wdeprecated-declarations]
   33 |   return std::make_shared<Result>(cudaThreadSynchronize());
      |                                                         ^
In file included from /home/GVirtuS/GVirtuS/plugins/cudart/backend/CudaRtHandler.h:54,
                 from /home/GVirtuS/GVirtuS/plugins/cudart/backend/CudaRtHandler_thread.cpp:26:
/usr/local/cuda/include/cuda_runtime_api.h:1069:57: note: declared here
 1069 | extern __CUDA_DEPRECATED __host__ cudaError_t CUDARTAPI cudaThreadSynchronize(void);
      |                                                         ^~~~~~~~~~~~~~~~~~~~~
/home/GVirtuS/GVirtuS/plugins/cudart/backend/CudaRtHandler_thread.cpp:33:57: warning: 'cudaError_t cudaThreadSynchronize()' is deprecated [-Wdeprecated-declarations]
   33 |   return std::make_shared<Result>(cudaThreadSynchronize());
      |                                                         ^
In file included from /home/GVirtuS/GVirtuS/plugins/cudart/backend/CudaRtHandler.h:54,
                 from /home/GVirtuS/GVirtuS/plugins/cudart/backend/CudaRtHandler_thread.cpp:26:
/usr/local/cuda/include/cuda_runtime_api.h:1069:57: note: declared here
 1069 | extern __CUDA_DEPRECATED __host__ cudaError_t CUDARTAPI cudaThreadSynchronize(void);
      |                                                         ^~~~~~~~~~~~~~~~~~~~~
[ 53%] Building CXX object plugins/cudart/CMakeFiles/gvirtus-plugin-cudart.dir/backend/CudaRtHandler_internal.cpp.o
In file included from /home/GVirtuS/GVirtuS/plugins/cudart/backend/CudaRtHandler.h:71,
                 from /home/GVirtuS/GVirtuS/plugins/cudart/backend/CudaRtHandler_internal.cpp:27:
/usr/local/cuda/include/crt/device_functions.h:54:2: warning: #warning "crt/device_functions.h is an internal header file and must not be used directly.  Please use cuda_runtime_api.h or cuda_runtime.h instead." [-Wcpp]
   54 | #warning "crt/device_functions.h is an internal header file and must not be used directly.  Please use cuda_runtime_api.h or cuda_runtime.h instead."
      |  ^~~~~~~
In file included from /home/GVirtuS/GVirtuS/plugins/cudart/backend/CudaRtHandler_internal.cpp:519:
/usr/local/cuda/include/crt/device_functions.h:54:2: warning: #warning "crt/device_functions.h is an internal header file and must not be used directly.  Please use cuda_runtime_api.h or cuda_runtime.h instead." [-Wcpp]
   54 | #warning "crt/device_functions.h is an internal header file and must not be used directly.  Please use cuda_runtime_api.h or cuda_runtime.h instead."
      |  ^~~~~~~
In file included from /usr/local/cuda/include/crt/device_functions.h:3615,
                 from /home/GVirtuS/GVirtuS/plugins/cudart/backend/CudaRtHandler.h:71,
                 from /home/GVirtuS/GVirtuS/plugins/cudart/backend/CudaRtHandler_internal.cpp:27:
/usr/local/cuda/include/device_atomic_functions.h: In function 'int atomicAdd(int*, int)':
/usr/local/cuda/include/device_atomic_functions.h:74:25: warning: no return statement in function returning non-void [-Wreturn-type]
   74 | #define __DEF_IF_HOST { }
      |                         ^
/usr/local/cuda/include/device_atomic_functions.h:86:71: note: in expansion of macro '__DEF_IF_HOST'
   86 | __DEVICE_ATOMIC_FUNCTIONS_DECL__ int atomicAdd(int *address, int val) __DEF_IF_HOST
      |                                                                       ^~~~~~~~~~~~~
/usr/local/cuda/include/device_atomic_functions.h: In function 'unsigned int atomicAdd(unsigned int*, unsigned int)':
/usr/local/cuda/include/device_atomic_functions.h:74:25: warning: no return statement in function returning non-void [-Wreturn-type]
   74 | #define __DEF_IF_HOST { }
      |                         ^
/usr/local/cuda/include/device_atomic_functions.h:88:98: note: in expansion of macro '__DEF_IF_HOST'
   88 | __DEVICE_ATOMIC_FUNCTIONS_DECL__ unsigned int atomicAdd(unsigned int *address, unsigned int val) __DEF_IF_HOST
      |                                                                                                  ^~~~~~~~~~~~~
/usr/local/cuda/include/device_atomic_functions.h: In function 'int atomicSub(int*, int)':
/usr/local/cuda/include/device_atomic_functions.h:74:25: warning: no return statement in function returning non-void [-Wreturn-type]
   74 | #define __DEF_IF_HOST { }
      |                         ^
/usr/local/cuda/include/device_atomic_functions.h:90:71: note: in expansion of macro '__DEF_IF_HOST'
   90 | __DEVICE_ATOMIC_FUNCTIONS_DECL__ int atomicSub(int *address, int val) __DEF_IF_HOST
      |                                                                       ^~~~~~~~~~~~~
/usr/local/cuda/include/device_atomic_functions.h: In function 'unsigned int atomicSub(unsigned int*, unsigned int)':
/usr/local/cuda/include/device_atomic_functions.h:74:25: warning: no return statement in function returning non-void [-Wreturn-type]
   74 | #define __DEF_IF_HOST { }
      |                         ^
/usr/local/cuda/include/device_atomic_functions.h:92:98: note: in expansion of macro '__DEF_IF_HOST'
   92 | __DEVICE_ATOMIC_FUNCTIONS_DECL__ unsigned int atomicSub(unsigned int *address, unsigned int val) __DEF_IF_HOST
      |                                                                                                  ^~~~~~~~~~~~~
/usr/local/cuda/include/device_atomic_functions.h: In function 'int atomicExch(int*, int)':
/usr/local/cuda/include/device_atomic_functions.h:74:25: warning: no return statement in function returning non-void [-Wreturn-type]
   74 | #define __DEF_IF_HOST { }
      |                         ^
/usr/local/cuda/include/device_atomic_functions.h:94:72: note: in expansion of macro '__DEF_IF_HOST'
   94 | __DEVICE_ATOMIC_FUNCTIONS_DECL__ int atomicExch(int *address, int val) __DEF_IF_HOST
      |                                                                        ^~~~~~~~~~~~~
/usr/local/cuda/include/device_atomic_functions.h: In function 'unsigned int atomicExch(unsigned int*, unsigned int)':
/usr/local/cuda/include/device_atomic_functions.h:74:25: warning: no return statement in function returning non-void [-Wreturn-type]
   74 | #define __DEF_IF_HOST { }
      |                         ^
/usr/local/cuda/include/device_atomic_functions.h:96:99: note: in expansion of macro '__DEF_IF_HOST'
   96 | __DEVICE_ATOMIC_FUNCTIONS_DECL__ unsigned int atomicExch(unsigned int *address, unsigned int val) __DEF_IF_HOST
      |                                                                                                   ^~~~~~~~~~~~~
/usr/local/cuda/include/device_atomic_functions.h: In function 'float atomicExch(float*, float)':
/usr/local/cuda/include/device_atomic_functions.h:74:25: warning: no return statement in function returning non-void [-Wreturn-type]
   74 | #define __DEF_IF_HOST { }
      |                         ^
/usr/local/cuda/include/device_atomic_functions.h:98:78: note: in expansion of macro '__DEF_IF_HOST'
   98 | __DEVICE_ATOMIC_FUNCTIONS_DECL__ float atomicExch(float *address, float val) __DEF_IF_HOST
      |                                                                              ^~~~~~~~~~~~~
/usr/local/cuda/include/device_atomic_functions.h: In function 'int atomicMin(int*, int)':
/usr/local/cuda/include/device_atomic_functions.h:74:25: warning: no return statement in function returning non-void [-Wreturn-type]
   74 | #define __DEF_IF_HOST { }
      |                         ^
/usr/local/cuda/include/device_atomic_functions.h:100:71: note: in expansion of macro '__DEF_IF_HOST'
  100 | __DEVICE_ATOMIC_FUNCTIONS_DECL__ int atomicMin(int *address, int val) __DEF_IF_HOST
      |                                                                       ^~~~~~~~~~~~~
/usr/local/cuda/include/device_atomic_functions.h: In function 'unsigned int atomicMin(unsigned int*, unsigned int)':
/usr/local/cuda/include/device_atomic_functions.h:74:25: warning: no return statement in function returning non-void [-Wreturn-type]
   74 | #define __DEF_IF_HOST { }
      |                         ^
/usr/local/cuda/include/device_atomic_functions.h:102:98: note: in expansion of macro '__DEF_IF_HOST'
  102 | __DEVICE_ATOMIC_FUNCTIONS_DECL__ unsigned int atomicMin(unsigned int *address, unsigned int val) __DEF_IF_HOST
      |                                                                                                  ^~~~~~~~~~~~~
/usr/local/cuda/include/device_atomic_functions.h: In function 'int atomicMax(int*, int)':
/usr/local/cuda/include/device_atomic_functions.h:74:25: warning: no return statement in function returning non-void [-Wreturn-type]
   74 | #define __DEF_IF_HOST { }
      |                         ^
/usr/local/cuda/include/device_atomic_functions.h:104:71: note: in expansion of macro '__DEF_IF_HOST'
  104 | __DEVICE_ATOMIC_FUNCTIONS_DECL__ int atomicMax(int *address, int val) __DEF_IF_HOST
      |                                                                       ^~~~~~~~~~~~~
/usr/local/cuda/include/device_atomic_functions.h: In function 'unsigned int atomicMax(unsigned int*, unsigned int)':
/usr/local/cuda/include/device_atomic_functions.h:74:25: warning: no return statement in function returning non-void [-Wreturn-type]
   74 | #define __DEF_IF_HOST { }
      |                         ^
/usr/local/cuda/include/device_atomic_functions.h:106:98: note: in expansion of macro '__DEF_IF_HOST'
  106 | __DEVICE_ATOMIC_FUNCTIONS_DECL__ unsigned int atomicMax(unsigned int *address, unsigned int val) __DEF_IF_HOST
      |                                                                                                  ^~~~~~~~~~~~~
/usr/local/cuda/include/device_atomic_functions.h: In function 'unsigned int atomicInc(unsigned int*, unsigned int)':
/usr/local/cuda/include/device_atomic_functions.h:74:25: warning: no return statement in function returning non-void [-Wreturn-type]
   74 | #define __DEF_IF_HOST { }
      |                         ^
/usr/local/cuda/include/device_atomic_functions.h:108:98: note: in expansion of macro '__DEF_IF_HOST'
  108 | __DEVICE_ATOMIC_FUNCTIONS_DECL__ unsigned int atomicInc(unsigned int *address, unsigned int val) __DEF_IF_HOST
      |                                                                                                  ^~~~~~~~~~~~~
/usr/local/cuda/include/device_atomic_functions.h: In function 'unsigned int atomicDec(unsigned int*, unsigned int)':
/usr/local/cuda/include/device_atomic_functions.h:74:25: warning: no return statement in function returning non-void [-Wreturn-type]
   74 | #define __DEF_IF_HOST { }
      |                         ^
/usr/local/cuda/include/device_atomic_functions.h:110:98: note: in expansion of macro '__DEF_IF_HOST'
  110 | __DEVICE_ATOMIC_FUNCTIONS_DECL__ unsigned int atomicDec(unsigned int *address, unsigned int val) __DEF_IF_HOST
      |                                                                                                  ^~~~~~~~~~~~~
/usr/local/cuda/include/device_atomic_functions.h: In function 'int atomicAnd(int*, int)':
/usr/local/cuda/include/device_atomic_functions.h:74:25: warning: no return statement in function returning non-void [-Wreturn-type]
   74 | #define __DEF_IF_HOST { }
      |                         ^
/usr/local/cuda/include/device_atomic_functions.h:112:71: note: in expansion of macro '__DEF_IF_HOST'
  112 | __DEVICE_ATOMIC_FUNCTIONS_DECL__ int atomicAnd(int *address, int val) __DEF_IF_HOST
      |                                                                       ^~~~~~~~~~~~~
/usr/local/cuda/include/device_atomic_functions.h: In function 'unsigned int atomicAnd(unsigned int*, unsigned int)':
/usr/local/cuda/include/device_atomic_functions.h:74:25: warning: no return statement in function returning non-void [-Wreturn-type]
   74 | #define __DEF_IF_HOST { }
      |                         ^
/usr/local/cuda/include/device_atomic_functions.h:114:98: note: in expansion of macro '__DEF_IF_HOST'
  114 | __DEVICE_ATOMIC_FUNCTIONS_DECL__ unsigned int atomicAnd(unsigned int *address, unsigned int val) __DEF_IF_HOST
      |                                                                                                  ^~~~~~~~~~~~~
/usr/local/cuda/include/device_atomic_functions.h: In function 'int atomicOr(int*, int)':
/usr/local/cuda/include/device_atomic_functions.h:74:25: warning: no return statement in function returning non-void [-Wreturn-type]
   74 | #define __DEF_IF_HOST { }
      |                         ^
/usr/local/cuda/include/device_atomic_functions.h:116:70: note: in expansion of macro '__DEF_IF_HOST'
  116 | __DEVICE_ATOMIC_FUNCTIONS_DECL__ int atomicOr(int *address, int val) __DEF_IF_HOST
      |                                                                      ^~~~~~~~~~~~~
/usr/local/cuda/include/device_atomic_functions.h: In function 'unsigned int atomicOr(unsigned int*, unsigned int)':
/usr/local/cuda/include/device_atomic_functions.h:74:25: warning: no return statement in function returning non-void [-Wreturn-type]
   74 | #define __DEF_IF_HOST { }
      |                         ^
/usr/local/cuda/include/device_atomic_functions.h:118:97: note: in expansion of macro '__DEF_IF_HOST'
  118 | __DEVICE_ATOMIC_FUNCTIONS_DECL__ unsigned int atomicOr(unsigned int *address, unsigned int val) __DEF_IF_HOST
      |                                                                                                 ^~~~~~~~~~~~~
/usr/local/cuda/include/device_atomic_functions.h: In function 'int atomicXor(int*, int)':
/usr/local/cuda/include/device_atomic_functions.h:74:25: warning: no return statement in function returning non-void [-Wreturn-type]
   74 | #define __DEF_IF_HOST { }
      |                         ^
/usr/local/cuda/include/device_atomic_functions.h:120:71: note: in expansion of macro '__DEF_IF_HOST'
  120 | __DEVICE_ATOMIC_FUNCTIONS_DECL__ int atomicXor(int *address, int val) __DEF_IF_HOST
      |                                                                       ^~~~~~~~~~~~~
/usr/local/cuda/include/device_atomic_functions.h: In function 'unsigned int atomicXor(unsigned int*, unsigned int)':
/usr/local/cuda/include/device_atomic_functions.h:74:25: warning: no return statement in function returning non-void [-Wreturn-type]
   74 | #define __DEF_IF_HOST { }
      |                         ^
/usr/local/cuda/include/device_atomic_functions.h:122:98: note: in expansion of macro '__DEF_IF_HOST'
  122 | __DEVICE_ATOMIC_FUNCTIONS_DECL__ unsigned int atomicXor(unsigned int *address, unsigned int val) __DEF_IF_HOST
      |                                                                                                  ^~~~~~~~~~~~~
/usr/local/cuda/include/device_atomic_functions.h: In function 'int atomicCAS(int*, int, int)':
/usr/local/cuda/include/device_atomic_functions.h:74:25: warning: no return statement in function returning non-void [-Wreturn-type]
   74 | #define __DEF_IF_HOST { }
      |                         ^
/usr/local/cuda/include/device_atomic_functions.h:124:84: note: in expansion of macro '__DEF_IF_HOST'
  124 | __DEVICE_ATOMIC_FUNCTIONS_DECL__ int atomicCAS(int *address, int compare, int val) __DEF_IF_HOST
      |                                                                                    ^~~~~~~~~~~~~
/usr/local/cuda/include/device_atomic_functions.h: In function 'unsigned int atomicCAS(unsigned int*, unsigned int, unsigned int)':
/usr/local/cuda/include/device_atomic_functions.h:74:25: warning: no return statement in function returning non-void [-Wreturn-type]
   74 | #define __DEF_IF_HOST { }
      |                         ^
/usr/local/cuda/include/device_atomic_functions.h:126:120: note: in expansion of macro '__DEF_IF_HOST'
  126 | __DEVICE_ATOMIC_FUNCTIONS_DECL__ unsigned int atomicCAS(unsigned int *address, unsigned int compare, unsigned int val) __DEF_IF_HOST
      |                                                                                                                        ^~~~~~~~~~~~~
/usr/local/cuda/include/device_atomic_functions.h: In function 'long long unsigned int atomicAdd(long long unsigned int*, long long unsigned int)':
/usr/local/cuda/include/device_atomic_functions.h:74:25: warning: no return statement in function returning non-void [-Wreturn-type]
   74 | #define __DEF_IF_HOST { }
      |                         ^
/usr/local/cuda/include/device_atomic_functions.h:166:128: note: in expansion of macro '__DEF_IF_HOST'
  166 | __DEVICE_ATOMIC_FUNCTIONS_DECL__ unsigned long long int atomicAdd(unsigned long long int *address, unsigned long long int val) __DEF_IF_HOST
      |                                                                                                                                ^~~~~~~~~~~~~
/usr/local/cuda/include/device_atomic_functions.h: In function 'long long unsigned int atomicExch(long long unsigned int*, long long unsigned int)':
/usr/local/cuda/include/device_atomic_functions.h:74:25: warning: no return statement in function returning non-void [-Wreturn-type]
   74 | #define __DEF_IF_HOST { }
      |                         ^
/usr/local/cuda/include/device_atomic_functions.h:168:129: note: in expansion of macro '__DEF_IF_HOST'
  168 | __DEVICE_ATOMIC_FUNCTIONS_DECL__ unsigned long long int atomicExch(unsigned long long int *address, unsigned long long int val) __DEF_IF_HOST
      |                                                                                                                                 ^~~~~~~~~~~~~
/usr/local/cuda/include/device_atomic_functions.h: In function 'long long unsigned int atomicCAS(long long unsigned int*, long long unsigned int, long long unsigned int)':
/usr/local/cuda/include/device_atomic_functions.h:74:25: warning: no return statement in function returning non-void [-Wreturn-type]
   74 | #define __DEF_IF_HOST { }
      |                         ^
/usr/local/cuda/include/device_atomic_functions.h:170:160: note: in expansion of macro '__DEF_IF_HOST'
  170 | __DEVICE_ATOMIC_FUNCTIONS_DECL__ unsigned long long int atomicCAS(unsigned long long int *address, unsigned long long int compare, unsigned long long int val) __DEF_IF_HOST
      |                                                                                                                                                                ^~~~~~~~~~~~~
/usr/local/cuda/include/device_atomic_functions.h: In function 'bool any(bool)':
/usr/local/cuda/include/device_atomic_functions.h:74:25: warning: no return statement in function returning non-void [-Wreturn-type]
   74 | #define __DEF_IF_HOST { }
      |                         ^
/usr/local/cuda/include/device_atomic_functions.h:172:103: note: in expansion of macro '__DEF_IF_HOST'
  172 | __DEVICE_ATOMIC_FUNCTIONS_DECL__ __DEPRECATED__(__WSB_DEPRECATION_MESSAGE(__any)) bool any(bool cond) __DEF_IF_HOST
      |                                                                                                       ^~~~~~~~~~~~~
/usr/local/cuda/include/device_atomic_functions.h: In function 'bool all(bool)':
/usr/local/cuda/include/device_atomic_functions.h:74:25: warning: no return statement in function returning non-void [-Wreturn-type]
   74 | #define __DEF_IF_HOST { }
      |                         ^
/usr/local/cuda/include/device_atomic_functions.h:174:103: note: in expansion of macro '__DEF_IF_HOST'
  174 | __DEVICE_ATOMIC_FUNCTIONS_DECL__ __DEPRECATED__(__WSB_DEPRECATION_MESSAGE(__all)) bool all(bool cond) __DEF_IF_HOST
      |                                                                                                       ^~~~~~~~~~~~~
In file included from /usr/local/cuda/include/crt/device_functions.h:3617,
                 from /home/GVirtuS/GVirtuS/plugins/cudart/backend/CudaRtHandler.h:71,
                 from /home/GVirtuS/GVirtuS/plugins/cudart/backend/CudaRtHandler_internal.cpp:27:
/usr/local/cuda/include/sm_20_atomic_functions.h: In function 'float atomicAdd(float*, float)':
/usr/local/cuda/include/sm_20_atomic_functions.h:79:25: warning: no return statement in function returning non-void [-Wreturn-type]
   79 | #define __DEF_IF_HOST { }
      |                         ^
/usr/local/cuda/include/sm_20_atomic_functions.h:96:76: note: in expansion of macro '__DEF_IF_HOST'
   96 | __SM_20_ATOMIC_FUNCTIONS_DECL__ float atomicAdd(float *address, float val) __DEF_IF_HOST
      |                                                                            ^~~~~~~~~~~~~
In file included from /usr/local/cuda/include/crt/device_functions.h:3618,
                 from /home/GVirtuS/GVirtuS/plugins/cudart/backend/CudaRtHandler.h:71,
                 from /home/GVirtuS/GVirtuS/plugins/cudart/backend/CudaRtHandler_internal.cpp:27:
/usr/local/cuda/include/sm_32_atomic_functions.h: In function 'long long int atomicMin(long long int*, long long int)':
/usr/local/cuda/include/sm_32_atomic_functions.h:72:25: warning: no return statement in function returning non-void [-Wreturn-type]
   72 | #define __DEF_IF_HOST { }
      |                         ^
/usr/local/cuda/include/sm_32_atomic_functions.h:89:88: note: in expansion of macro '__DEF_IF_HOST'
   89 | __SM_32_ATOMIC_FUNCTIONS_DECL__ long long atomicMin(long long *address, long long val) __DEF_IF_HOST
      |                                                                                        ^~~~~~~~~~~~~
/usr/local/cuda/include/sm_32_atomic_functions.h: In function 'long long int atomicMax(long long int*, long long int)':
/usr/local/cuda/include/sm_32_atomic_functions.h:72:25: warning: no return statement in function returning non-void [-Wreturn-type]
   72 | #define __DEF_IF_HOST { }
      |                         ^
/usr/local/cuda/include/sm_32_atomic_functions.h:91:88: note: in expansion of macro '__DEF_IF_HOST'
   91 | __SM_32_ATOMIC_FUNCTIONS_DECL__ long long atomicMax(long long *address, long long val) __DEF_IF_HOST
      |                                                                                        ^~~~~~~~~~~~~
/usr/local/cuda/include/sm_32_atomic_functions.h: In function 'long long int atomicAnd(long long int*, long long int)':
/usr/local/cuda/include/sm_32_atomic_functions.h:72:25: warning: no return statement in function returning non-void [-Wreturn-type]
   72 | #define __DEF_IF_HOST { }
      |                         ^
/usr/local/cuda/include/sm_32_atomic_functions.h:93:88: note: in expansion of macro '__DEF_IF_HOST'
   93 | __SM_32_ATOMIC_FUNCTIONS_DECL__ long long atomicAnd(long long *address, long long val) __DEF_IF_HOST
      |                                                                                        ^~~~~~~~~~~~~
/usr/local/cuda/include/sm_32_atomic_functions.h: In function 'long long int atomicOr(long long int*, long long int)':
/usr/local/cuda/include/sm_32_atomic_functions.h:72:25: warning: no return statement in function returning non-void [-Wreturn-type]
   72 | #define __DEF_IF_HOST { }
      |                         ^
/usr/local/cuda/include/sm_32_atomic_functions.h:95:87: note: in expansion of macro '__DEF_IF_HOST'
   95 | __SM_32_ATOMIC_FUNCTIONS_DECL__ long long atomicOr(long long *address, long long val) __DEF_IF_HOST
      |                                                                                       ^~~~~~~~~~~~~
/usr/local/cuda/include/sm_32_atomic_functions.h: In function 'long long int atomicXor(long long int*, long long int)':
/usr/local/cuda/include/sm_32_atomic_functions.h:72:25: warning: no return statement in function returning non-void [-Wreturn-type]
   72 | #define __DEF_IF_HOST { }
      |                         ^
/usr/local/cuda/include/sm_32_atomic_functions.h:97:88: note: in expansion of macro '__DEF_IF_HOST'
   97 | __SM_32_ATOMIC_FUNCTIONS_DECL__ long long atomicXor(long long *address, long long val) __DEF_IF_HOST
      |                                                                                        ^~~~~~~~~~~~~
/usr/local/cuda/include/sm_32_atomic_functions.h: In function 'long long unsigned int atomicMin(long long unsigned int*, long long unsigned int)':
/usr/local/cuda/include/sm_32_atomic_functions.h:72:25: warning: no return statement in function returning non-void [-Wreturn-type]
   72 | #define __DEF_IF_HOST { }
      |                         ^
/usr/local/cuda/include/sm_32_atomic_functions.h:99:115: note: in expansion of macro '__DEF_IF_HOST'
   99 | __SM_32_ATOMIC_FUNCTIONS_DECL__ unsigned long long atomicMin(unsigned long long *address, unsigned long long val) __DEF_IF_HOST
      |                                                                                                                   ^~~~~~~~~~~~~
/usr/local/cuda/include/sm_32_atomic_functions.h: In function 'long long unsigned int atomicMax(long long unsigned int*, long long unsigned int)':
/usr/local/cuda/include/sm_32_atomic_functions.h:72:25: warning: no return statement in function returning non-void [-Wreturn-type]
   72 | #define __DEF_IF_HOST { }
      |                         ^
/usr/local/cuda/include/sm_32_atomic_functions.h:101:115: note: in expansion of macro '__DEF_IF_HOST'
  101 | __SM_32_ATOMIC_FUNCTIONS_DECL__ unsigned long long atomicMax(unsigned long long *address, unsigned long long val) __DEF_IF_HOST
      |                                                                                                                   ^~~~~~~~~~~~~
/usr/local/cuda/include/sm_32_atomic_functions.h: In function 'long long unsigned int atomicAnd(long long unsigned int*, long long unsigned int)':
/usr/local/cuda/include/sm_32_atomic_functions.h:72:25: warning: no return statement in function returning non-void [-Wreturn-type]
   72 | #define __DEF_IF_HOST { }
      |                         ^
/usr/local/cuda/include/sm_32_atomic_functions.h:103:115: note: in expansion of macro '__DEF_IF_HOST'
  103 | __SM_32_ATOMIC_FUNCTIONS_DECL__ unsigned long long atomicAnd(unsigned long long *address, unsigned long long val) __DEF_IF_HOST
      |                                                                                                                   ^~~~~~~~~~~~~
/usr/local/cuda/include/sm_32_atomic_functions.h: In function 'long long unsigned int atomicOr(long long unsigned int*, long long unsigned int)':
/usr/local/cuda/include/sm_32_atomic_functions.h:72:25: warning: no return statement in function returning non-void [-Wreturn-type]
   72 | #define __DEF_IF_HOST { }
      |                         ^
/usr/local/cuda/include/sm_32_atomic_functions.h:105:114: note: in expansion of macro '__DEF_IF_HOST'
  105 | __SM_32_ATOMIC_FUNCTIONS_DECL__ unsigned long long atomicOr(unsigned long long *address, unsigned long long val) __DEF_IF_HOST
      |                                                                                                                  ^~~~~~~~~~~~~
/usr/local/cuda/include/sm_32_atomic_functions.h: In function 'long long unsigned int atomicXor(long long unsigned int*, long long unsigned int)':
/usr/local/cuda/include/sm_32_atomic_functions.h:72:25: warning: no return statement in function returning non-void [-Wreturn-type]
   72 | #define __DEF_IF_HOST { }
      |                         ^
/usr/local/cuda/include/sm_32_atomic_functions.h:107:115: note: in expansion of macro '__DEF_IF_HOST'
  107 | __SM_32_ATOMIC_FUNCTIONS_DECL__ unsigned long long atomicXor(unsigned long long *address, unsigned long long val) __DEF_IF_HOST
      |                                                                                                                   ^~~~~~~~~~~~~
In file included from /usr/local/cuda/include/crt/device_functions.h:3620,
                 from /home/GVirtuS/GVirtuS/plugins/cudart/backend/CudaRtHandler.h:71,
                 from /home/GVirtuS/GVirtuS/plugins/cudart/backend/CudaRtHandler_internal.cpp:27:
/usr/local/cuda/include/sm_60_atomic_functions.h: In function 'double atomicAdd(double*, double)':
/usr/local/cuda/include/sm_60_atomic_functions.h:77:25: warning: no return statement in function returning non-void [-Wreturn-type]
   77 | #define __DEF_IF_HOST { }
      |                         ^
/usr/local/cuda/include/sm_60_atomic_functions.h:90:79: note: in expansion of macro '__DEF_IF_HOST'
   90 | __SM_60_ATOMIC_FUNCTIONS_DECL__ double atomicAdd(double *address, double val) __DEF_IF_HOST
      |                                                                               ^~~~~~~~~~~~~
/usr/local/cuda/include/sm_60_atomic_functions.h: In function 'int atomicAdd_block(int*, int)':
/usr/local/cuda/include/sm_60_atomic_functions.h:77:25: warning: no return statement in function returning non-void [-Wreturn-type]
   77 | #define __DEF_IF_HOST { }
      |                         ^
/usr/local/cuda/include/sm_60_atomic_functions.h:93:44: note: in expansion of macro '__DEF_IF_HOST'
   93 | int atomicAdd_block(int *address, int val) __DEF_IF_HOST
      |                                            ^~~~~~~~~~~~~
/usr/local/cuda/include/sm_60_atomic_functions.h: In function 'int atomicAdd_system(int*, int)':
/usr/local/cuda/include/sm_60_atomic_functions.h:77:25: warning: no return statement in function returning non-void [-Wreturn-type]
   77 | #define __DEF_IF_HOST { }
      |                         ^
/usr/local/cuda/include/sm_60_atomic_functions.h:96:45: note: in expansion of macro '__DEF_IF_HOST'
   96 | int atomicAdd_system(int *address, int val) __DEF_IF_HOST
      |                                             ^~~~~~~~~~~~~
/usr/local/cuda/include/sm_60_atomic_functions.h: In function 'unsigned int atomicAdd_block(unsigned int*, unsigned int)':
/usr/local/cuda/include/sm_60_atomic_functions.h:77:25: warning: no return statement in function returning non-void [-Wreturn-type]
   77 | #define __DEF_IF_HOST { }
      |                         ^
/usr/local/cuda/include/sm_60_atomic_functions.h:99:71: note: in expansion of macro '__DEF_IF_HOST'
   99 | unsigned int atomicAdd_block(unsigned int *address, unsigned int val) __DEF_IF_HOST
      |                                                                       ^~~~~~~~~~~~~
/usr/local/cuda/include/sm_60_atomic_functions.h: In function 'unsigned int atomicAdd_system(unsigned int*, unsigned int)':
/usr/local/cuda/include/sm_60_atomic_functions.h:77:25: warning: no return statement in function returning non-void [-Wreturn-type]
   77 | #define __DEF_IF_HOST { }
      |                         ^
/usr/local/cuda/include/sm_60_atomic_functions.h:102:72: note: in expansion of macro '__DEF_IF_HOST'
  102 | unsigned int atomicAdd_system(unsigned int *address, unsigned int val) __DEF_IF_HOST
      |                                                                        ^~~~~~~~~~~~~
/usr/local/cuda/include/sm_60_atomic_functions.h: In function 'long long unsigned int atomicAdd_block(long long unsigned int*, long long unsigned int)':
/usr/local/cuda/include/sm_60_atomic_functions.h:77:25: warning: no return statement in function returning non-void [-Wreturn-type]
   77 | #define __DEF_IF_HOST { }
      |                         ^
/usr/local/cuda/include/sm_60_atomic_functions.h:105:89: note: in expansion of macro '__DEF_IF_HOST'
  105 | unsigned long long atomicAdd_block(unsigned long long *address, unsigned long long val) __DEF_IF_HOST
      |                                                                                         ^~~~~~~~~~~~~
/usr/local/cuda/include/sm_60_atomic_functions.h: In function 'long long unsigned int atomicAdd_system(long long unsigned int*, long long unsigned int)':
/usr/local/cuda/include/sm_60_atomic_functions.h:77:25: warning: no return statement in function returning non-void [-Wreturn-type]
   77 | #define __DEF_IF_HOST { }
      |                         ^
/usr/local/cuda/include/sm_60_atomic_functions.h:108:90: note: in expansion of macro '__DEF_IF_HOST'
  108 | unsigned long long atomicAdd_system(unsigned long long *address, unsigned long long val) __DEF_IF_HOST
      |                                                                                          ^~~~~~~~~~~~~
/usr/local/cuda/include/sm_60_atomic_functions.h: In function 'float atomicAdd_block(float*, float)':
/usr/local/cuda/include/sm_60_atomic_functions.h:77:25: warning: no return statement in function returning non-void [-Wreturn-type]
   77 | #define __DEF_IF_HOST { }
      |                         ^
/usr/local/cuda/include/sm_60_atomic_functions.h:111:50: note: in expansion of macro '__DEF_IF_HOST'
  111 | float atomicAdd_block(float *address, float val) __DEF_IF_HOST
      |                                                  ^~~~~~~~~~~~~
/usr/local/cuda/include/sm_60_atomic_functions.h: In function 'float atomicAdd_system(float*, float)':
/usr/local/cuda/include/sm_60_atomic_functions.h:77:25: warning: no return statement in function returning non-void [-Wreturn-type]
   77 | #define __DEF_IF_HOST { }
      |                         ^
/usr/local/cuda/include/sm_60_atomic_functions.h:114:51: note: in expansion of macro '__DEF_IF_HOST'
  114 | float atomicAdd_system(float *address, float val) __DEF_IF_HOST
      |                                                   ^~~~~~~~~~~~~
/usr/local/cuda/include/sm_60_atomic_functions.h: In function 'double atomicAdd_block(double*, double)':
/usr/local/cuda/include/sm_60_atomic_functions.h:77:25: warning: no return statement in function returning non-void [-Wreturn-type]
   77 | #define __DEF_IF_HOST { }
      |                         ^
/usr/local/cuda/include/sm_60_atomic_functions.h:117:53: note: in expansion of macro '__DEF_IF_HOST'
  117 | double atomicAdd_block(double *address, double val) __DEF_IF_HOST
      |                                                     ^~~~~~~~~~~~~
/usr/local/cuda/include/sm_60_atomic_functions.h: In function 'double atomicAdd_system(double*, double)':
/usr/local/cuda/include/sm_60_atomic_functions.h:77:25: warning: no return statement in function returning non-void [-Wreturn-type]
   77 | #define __DEF_IF_HOST { }
      |                         ^
/usr/local/cuda/include/sm_60_atomic_functions.h:120:54: note: in expansion of macro '__DEF_IF_HOST'
  120 | double atomicAdd_system(double *address, double val) __DEF_IF_HOST
      |                                                      ^~~~~~~~~~~~~
/usr/local/cuda/include/sm_60_atomic_functions.h: In function 'int atomicSub_block(int*, int)':
/usr/local/cuda/include/sm_60_atomic_functions.h:77:25: warning: no return statement in function returning non-void [-Wreturn-type]
   77 | #define __DEF_IF_HOST { }
      |                         ^
/usr/local/cuda/include/sm_60_atomic_functions.h:123:44: note: in expansion of macro '__DEF_IF_HOST'
  123 | int atomicSub_block(int *address, int val) __DEF_IF_HOST
      |                                            ^~~~~~~~~~~~~
/usr/local/cuda/include/sm_60_atomic_functions.h: In function 'int atomicSub_system(int*, int)':
/usr/local/cuda/include/sm_60_atomic_functions.h:77:25: warning: no return statement in function returning non-void [-Wreturn-type]
   77 | #define __DEF_IF_HOST { }
      |                         ^
/usr/local/cuda/include/sm_60_atomic_functions.h:126:45: note: in expansion of macro '__DEF_IF_HOST'
  126 | int atomicSub_system(int *address, int val) __DEF_IF_HOST
      |                                             ^~~~~~~~~~~~~
/usr/local/cuda/include/sm_60_atomic_functions.h: In function 'unsigned int atomicSub_block(unsigned int*, unsigned int)':
/usr/local/cuda/include/sm_60_atomic_functions.h:77:25: warning: no return statement in function returning non-void [-Wreturn-type]
   77 | #define __DEF_IF_HOST { }
      |                         ^
/usr/local/cuda/include/sm_60_atomic_functions.h:129:71: note: in expansion of macro '__DEF_IF_HOST'
  129 | unsigned int atomicSub_block(unsigned int *address, unsigned int val) __DEF_IF_HOST
      |                                                                       ^~~~~~~~~~~~~
/usr/local/cuda/include/sm_60_atomic_functions.h: In function 'unsigned int atomicSub_system(unsigned int*, unsigned int)':
/usr/local/cuda/include/sm_60_atomic_functions.h:77:25: warning: no return statement in function returning non-void [-Wreturn-type]
   77 | #define __DEF_IF_HOST { }
      |                         ^
/usr/local/cuda/include/sm_60_atomic_functions.h:132:72: note: in expansion of macro '__DEF_IF_HOST'
  132 | unsigned int atomicSub_system(unsigned int *address, unsigned int val) __DEF_IF_HOST
      |                                                                        ^~~~~~~~~~~~~
/usr/local/cuda/include/sm_60_atomic_functions.h: In function 'int atomicExch_block(int*, int)':
/usr/local/cuda/include/sm_60_atomic_functions.h:77:25: warning: no return statement in function returning non-void [-Wreturn-type]
   77 | #define __DEF_IF_HOST { }
      |                         ^
/usr/local/cuda/include/sm_60_atomic_functions.h:135:45: note: in expansion of macro '__DEF_IF_HOST'
  135 | int atomicExch_block(int *address, int val) __DEF_IF_HOST
      |                                             ^~~~~~~~~~~~~
/usr/local/cuda/include/sm_60_atomic_functions.h: In function 'int atomicExch_system(int*, int)':
/usr/local/cuda/include/sm_60_atomic_functions.h:77:25: warning: no return statement in function returning non-void [-Wreturn-type]
   77 | #define __DEF_IF_HOST { }
      |                         ^
/usr/local/cuda/include/sm_60_atomic_functions.h:138:46: note: in expansion of macro '__DEF_IF_HOST'
  138 | int atomicExch_system(int *address, int val) __DEF_IF_HOST
      |                                              ^~~~~~~~~~~~~
/usr/local/cuda/include/sm_60_atomic_functions.h: In function 'unsigned int atomicExch_block(unsigned int*, unsigned int)':
/usr/local/cuda/include/sm_60_atomic_functions.h:77:25: warning: no return statement in function returning non-void [-Wreturn-type]
   77 | #define __DEF_IF_HOST { }
      |                         ^
/usr/local/cuda/include/sm_60_atomic_functions.h:141:72: note: in expansion of macro '__DEF_IF_HOST'
  141 | unsigned int atomicExch_block(unsigned int *address, unsigned int val) __DEF_IF_HOST
      |                                                                        ^~~~~~~~~~~~~
/usr/local/cuda/include/sm_60_atomic_functions.h: In function 'unsigned int atomicExch_system(unsigned int*, unsigned int)':
/usr/local/cuda/include/sm_60_atomic_functions.h:77:25: warning: no return statement in function returning non-void [-Wreturn-type]
   77 | #define __DEF_IF_HOST { }
      |                         ^
/usr/local/cuda/include/sm_60_atomic_functions.h:144:73: note: in expansion of macro '__DEF_IF_HOST'
  144 | unsigned int atomicExch_system(unsigned int *address, unsigned int val) __DEF_IF_HOST
      |                                                                         ^~~~~~~~~~~~~
/usr/local/cuda/include/sm_60_atomic_functions.h: In function 'long long unsigned int atomicExch_block(long long unsigned int*, long long unsigned int)':
/usr/local/cuda/include/sm_60_atomic_functions.h:77:25: warning: no return statement in function returning non-void [-Wreturn-type]
   77 | #define __DEF_IF_HOST { }
      |                         ^
/usr/local/cuda/include/sm_60_atomic_functions.h:147:90: note: in expansion of macro '__DEF_IF_HOST'
  147 | unsigned long long atomicExch_block(unsigned long long *address, unsigned long long val) __DEF_IF_HOST
      |                                                                                          ^~~~~~~~~~~~~
/usr/local/cuda/include/sm_60_atomic_functions.h: In function 'long long unsigned int atomicExch_system(long long unsigned int*, long long unsigned int)':
/usr/local/cuda/include/sm_60_atomic_functions.h:77:25: warning: no return statement in function returning non-void [-Wreturn-type]
   77 | #define __DEF_IF_HOST { }
      |                         ^
/usr/local/cuda/include/sm_60_atomic_functions.h:150:91: note: in expansion of macro '__DEF_IF_HOST'
  150 | unsigned long long atomicExch_system(unsigned long long *address, unsigned long long val) __DEF_IF_HOST
      |                                                                                           ^~~~~~~~~~~~~
/usr/local/cuda/include/sm_60_atomic_functions.h: In function 'float atomicExch_block(float*, float)':
/usr/local/cuda/include/sm_60_atomic_functions.h:77:25: warning: no return statement in function returning non-void [-Wreturn-type]
   77 | #define __DEF_IF_HOST { }
      |                         ^
/usr/local/cuda/include/sm_60_atomic_functions.h:153:51: note: in expansion of macro '__DEF_IF_HOST'
  153 | float atomicExch_block(float *address, float val) __DEF_IF_HOST
      |                                                   ^~~~~~~~~~~~~
/usr/local/cuda/include/sm_60_atomic_functions.h: In function 'float atomicExch_system(float*, float)':
/usr/local/cuda/include/sm_60_atomic_functions.h:77:25: warning: no return statement in function returning non-void [-Wreturn-type]
   77 | #define __DEF_IF_HOST { }
      |                         ^
/usr/local/cuda/include/sm_60_atomic_functions.h:156:52: note: in expansion of macro '__DEF_IF_HOST'
  156 | float atomicExch_system(float *address, float val) __DEF_IF_HOST
      |                                                    ^~~~~~~~~~~~~
/usr/local/cuda/include/sm_60_atomic_functions.h: In function 'int atomicMin_block(int*, int)':
/usr/local/cuda/include/sm_60_atomic_functions.h:77:25: warning: no return statement in function returning non-void [-Wreturn-type]
   77 | #define __DEF_IF_HOST { }
      |                         ^
/usr/local/cuda/include/sm_60_atomic_functions.h:159:44: note: in expansion of macro '__DEF_IF_HOST'
  159 | int atomicMin_block(int *address, int val) __DEF_IF_HOST
      |                                            ^~~~~~~~~~~~~
/usr/local/cuda/include/sm_60_atomic_functions.h: In function 'int atomicMin_system(int*, int)':
/usr/local/cuda/include/sm_60_atomic_functions.h:77:25: warning: no return statement in function returning non-void [-Wreturn-type]
   77 | #define __DEF_IF_HOST { }
      |                         ^
/usr/local/cuda/include/sm_60_atomic_functions.h:162:45: note: in expansion of macro '__DEF_IF_HOST'
  162 | int atomicMin_system(int *address, int val) __DEF_IF_HOST
      |                                             ^~~~~~~~~~~~~
/usr/local/cuda/include/sm_60_atomic_functions.h: In function 'long long int atomicMin_block(long long int*, long long int)':
/usr/local/cuda/include/sm_60_atomic_functions.h:77:25: warning: no return statement in function returning non-void [-Wreturn-type]
   77 | #define __DEF_IF_HOST { }
      |                         ^
/usr/local/cuda/include/sm_60_atomic_functions.h:165:62: note: in expansion of macro '__DEF_IF_HOST'
  165 | long long atomicMin_block(long long *address, long long val) __DEF_IF_HOST
      |                                                              ^~~~~~~~~~~~~
/usr/local/cuda/include/sm_60_atomic_functions.h: In function 'long long int atomicMin_system(long long int*, long long int)':
/usr/local/cuda/include/sm_60_atomic_functions.h:77:25: warning: no return statement in function returning non-void [-Wreturn-type]
   77 | #define __DEF_IF_HOST { }
      |                         ^
/usr/local/cuda/include/sm_60_atomic_functions.h:168:63: note: in expansion of macro '__DEF_IF_HOST'
  168 | long long atomicMin_system(long long *address, long long val) __DEF_IF_HOST
      |                                                               ^~~~~~~~~~~~~
/usr/local/cuda/include/sm_60_atomic_functions.h: In function 'unsigned int atomicMin_block(unsigned int*, unsigned int)':
/usr/local/cuda/include/sm_60_atomic_functions.h:77:25: warning: no return statement in function returning non-void [-Wreturn-type]
   77 | #define __DEF_IF_HOST { }
      |                         ^
/usr/local/cuda/include/sm_60_atomic_functions.h:171:71: note: in expansion of macro '__DEF_IF_HOST'
  171 | unsigned int atomicMin_block(unsigned int *address, unsigned int val) __DEF_IF_HOST
      |                                                                       ^~~~~~~~~~~~~
/usr/local/cuda/include/sm_60_atomic_functions.h: In function 'unsigned int atomicMin_system(unsigned int*, unsigned int)':
/usr/local/cuda/include/sm_60_atomic_functions.h:77:25: warning: no return statement in function returning non-void [-Wreturn-type]
   77 | #define __DEF_IF_HOST { }
      |                         ^
/usr/local/cuda/include/sm_60_atomic_functions.h:174:72: note: in expansion of macro '__DEF_IF_HOST'
  174 | unsigned int atomicMin_system(unsigned int *address, unsigned int val) __DEF_IF_HOST
      |                                                                        ^~~~~~~~~~~~~
/usr/local/cuda/include/sm_60_atomic_functions.h: In function 'long long unsigned int atomicMin_block(long long unsigned int*, long long unsigned int)':
/usr/local/cuda/include/sm_60_atomic_functions.h:77:25: warning: no return statement in function returning non-void [-Wreturn-type]
   77 | #define __DEF_IF_HOST { }
      |                         ^
/usr/local/cuda/include/sm_60_atomic_functions.h:177:89: note: in expansion of macro '__DEF_IF_HOST'
  177 | unsigned long long atomicMin_block(unsigned long long *address, unsigned long long val) __DEF_IF_HOST
      |                                                                                         ^~~~~~~~~~~~~
/usr/local/cuda/include/sm_60_atomic_functions.h: In function 'long long unsigned int atomicMin_system(long long unsigned int*, long long unsigned int)':
/usr/local/cuda/include/sm_60_atomic_functions.h:77:25: warning: no return statement in function returning non-void [-Wreturn-type]
   77 | #define __DEF_IF_HOST { }
      |                         ^
/usr/local/cuda/include/sm_60_atomic_functions.h:180:90: note: in expansion of macro '__DEF_IF_HOST'
  180 | unsigned long long atomicMin_system(unsigned long long *address, unsigned long long val) __DEF_IF_HOST
      |                                                                                          ^~~~~~~~~~~~~
/usr/local/cuda/include/sm_60_atomic_functions.h: In function 'int atomicMax_block(int*, int)':
/usr/local/cuda/include/sm_60_atomic_functions.h:77:25: warning: no return statement in function returning non-void [-Wreturn-type]
   77 | #define __DEF_IF_HOST { }
      |                         ^
/usr/local/cuda/include/sm_60_atomic_functions.h:183:44: note: in expansion of macro '__DEF_IF_HOST'
  183 | int atomicMax_block(int *address, int val) __DEF_IF_HOST
      |                                            ^~~~~~~~~~~~~
/usr/local/cuda/include/sm_60_atomic_functions.h: In function 'int atomicMax_system(int*, int)':
/usr/local/cuda/include/sm_60_atomic_functions.h:77:25: warning: no return statement in function returning non-void [-Wreturn-type]
   77 | #define __DEF_IF_HOST { }
      |                         ^
/usr/local/cuda/include/sm_60_atomic_functions.h:186:45: note: in expansion of macro '__DEF_IF_HOST'
  186 | int atomicMax_system(int *address, int val) __DEF_IF_HOST
      |                                             ^~~~~~~~~~~~~
/usr/local/cuda/include/sm_60_atomic_functions.h: In function 'long long int atomicMax_block(long long int*, long long int)':
/usr/local/cuda/include/sm_60_atomic_functions.h:77:25: warning: no return statement in function returning non-void [-Wreturn-type]
   77 | #define __DEF_IF_HOST { }
      |                         ^
/usr/local/cuda/include/sm_60_atomic_functions.h:189:62: note: in expansion of macro '__DEF_IF_HOST'
  189 | long long atomicMax_block(long long *address, long long val) __DEF_IF_HOST
      |                                                              ^~~~~~~~~~~~~
/usr/local/cuda/include/sm_60_atomic_functions.h: In function 'long long int atomicMax_system(long long int*, long long int)':
/usr/local/cuda/include/sm_60_atomic_functions.h:77:25: warning: no return statement in function returning non-void [-Wreturn-type]
   77 | #define __DEF_IF_HOST { }
      |                         ^
/usr/local/cuda/include/sm_60_atomic_functions.h:192:63: note: in expansion of macro '__DEF_IF_HOST'
  192 | long long atomicMax_system(long long *address, long long val) __DEF_IF_HOST
      |                                                               ^~~~~~~~~~~~~
/usr/local/cuda/include/sm_60_atomic_functions.h: In function 'unsigned int atomicMax_block(unsigned int*, unsigned int)':
/usr/local/cuda/include/sm_60_atomic_functions.h:77:25: warning: no return statement in function returning non-void [-Wreturn-type]
   77 | #define __DEF_IF_HOST { }
      |                         ^
/usr/local/cuda/include/sm_60_atomic_functions.h:195:71: note: in expansion of macro '__DEF_IF_HOST'
  195 | unsigned int atomicMax_block(unsigned int *address, unsigned int val) __DEF_IF_HOST
      |                                                                       ^~~~~~~~~~~~~
/usr/local/cuda/include/sm_60_atomic_functions.h: In function 'unsigned int atomicMax_system(unsigned int*, unsigned int)':
/usr/local/cuda/include/sm_60_atomic_functions.h:77:25: warning: no return statement in function returning non-void [-Wreturn-type]
   77 | #define __DEF_IF_HOST { }
      |                         ^
/usr/local/cuda/include/sm_60_atomic_functions.h:198:72: note: in expansion of macro '__DEF_IF_HOST'
  198 | unsigned int atomicMax_system(unsigned int *address, unsigned int val) __DEF_IF_HOST
      |                                                                        ^~~~~~~~~~~~~
/usr/local/cuda/include/sm_60_atomic_functions.h: In function 'long long unsigned int atomicMax_block(long long unsigned int*, long long unsigned int)':
/usr/local/cuda/include/sm_60_atomic_functions.h:77:25: warning: no return statement in function returning non-void [-Wreturn-type]
   77 | #define __DEF_IF_HOST { }
      |                         ^
/usr/local/cuda/include/sm_60_atomic_functions.h:201:89: note: in expansion of macro '__DEF_IF_HOST'
  201 | unsigned long long atomicMax_block(unsigned long long *address, unsigned long long val) __DEF_IF_HOST
      |                                                                                         ^~~~~~~~~~~~~
/usr/local/cuda/include/sm_60_atomic_functions.h: In function 'long long unsigned int atomicMax_system(long long unsigned int*, long long unsigned int)':
/usr/local/cuda/include/sm_60_atomic_functions.h:77:25: warning: no return statement in function returning non-void [-Wreturn-type]
   77 | #define __DEF_IF_HOST { }
      |                         ^
/usr/local/cuda/include/sm_60_atomic_functions.h:204:90: note: in expansion of macro '__DEF_IF_HOST'
  204 | unsigned long long atomicMax_system(unsigned long long *address, unsigned long long val) __DEF_IF_HOST
      |                                                                                          ^~~~~~~~~~~~~
/usr/local/cuda/include/sm_60_atomic_functions.h: In function 'unsigned int atomicInc_block(unsigned int*, unsigned int)':
/usr/local/cuda/include/sm_60_atomic_functions.h:77:25: warning: no return statement in function returning non-void [-Wreturn-type]
   77 | #define __DEF_IF_HOST { }
      |                         ^
/usr/local/cuda/include/sm_60_atomic_functions.h:207:71: note: in expansion of macro '__DEF_IF_HOST'
  207 | unsigned int atomicInc_block(unsigned int *address, unsigned int val) __DEF_IF_HOST
      |                                                                       ^~~~~~~~~~~~~
/usr/local/cuda/include/sm_60_atomic_functions.h: In function 'unsigned int atomicInc_system(unsigned int*, unsigned int)':
/usr/local/cuda/include/sm_60_atomic_functions.h:77:25: warning: no return statement in function returning non-void [-Wreturn-type]
   77 | #define __DEF_IF_HOST { }
      |                         ^
/usr/local/cuda/include/sm_60_atomic_functions.h:210:72: note: in expansion of macro '__DEF_IF_HOST'
  210 | unsigned int atomicInc_system(unsigned int *address, unsigned int val) __DEF_IF_HOST
      |                                                                        ^~~~~~~~~~~~~
/usr/local/cuda/include/sm_60_atomic_functions.h: In function 'unsigned int atomicDec_block(unsigned int*, unsigned int)':
/usr/local/cuda/include/sm_60_atomic_functions.h:77:25: warning: no return statement in function returning non-void [-Wreturn-type]
   77 | #define __DEF_IF_HOST { }
      |                         ^
/usr/local/cuda/include/sm_60_atomic_functions.h:213:71: note: in expansion of macro '__DEF_IF_HOST'
  213 | unsigned int atomicDec_block(unsigned int *address, unsigned int val) __DEF_IF_HOST
      |                                                                       ^~~~~~~~~~~~~
/usr/local/cuda/include/sm_60_atomic_functions.h: In function 'unsigned int atomicDec_system(unsigned int*, unsigned int)':
/usr/local/cuda/include/sm_60_atomic_functions.h:77:25: warning: no return statement in function returning non-void [-Wreturn-type]
   77 | #define __DEF_IF_HOST { }
      |                         ^
/usr/local/cuda/include/sm_60_atomic_functions.h:216:72: note: in expansion of macro '__DEF_IF_HOST'
  216 | unsigned int atomicDec_system(unsigned int *address, unsigned int val) __DEF_IF_HOST
      |                                                                        ^~~~~~~~~~~~~
/usr/local/cuda/include/sm_60_atomic_functions.h: In function 'int atomicCAS_block(int*, int, int)':
/usr/local/cuda/include/sm_60_atomic_functions.h:77:25: warning: no return statement in function returning non-void [-Wreturn-type]
   77 | #define __DEF_IF_HOST { }
      |                         ^
/usr/local/cuda/include/sm_60_atomic_functions.h:219:57: note: in expansion of macro '__DEF_IF_HOST'
  219 | int atomicCAS_block(int *address, int compare, int val) __DEF_IF_HOST
      |                                                         ^~~~~~~~~~~~~
/usr/local/cuda/include/sm_60_atomic_functions.h: In function 'int atomicCAS_system(int*, int, int)':
/usr/local/cuda/include/sm_60_atomic_functions.h:77:25: warning: no return statement in function returning non-void [-Wreturn-type]
   77 | #define __DEF_IF_HOST { }
      |                         ^
/usr/local/cuda/include/sm_60_atomic_functions.h:222:58: note: in expansion of macro '__DEF_IF_HOST'
  222 | int atomicCAS_system(int *address, int compare, int val) __DEF_IF_HOST
      |                                                          ^~~~~~~~~~~~~
/usr/local/cuda/include/sm_60_atomic_functions.h: In function 'unsigned int atomicCAS_block(unsigned int*, unsigned int, unsigned int)':
/usr/local/cuda/include/sm_60_atomic_functions.h:77:25: warning: no return statement in function returning non-void [-Wreturn-type]
   77 | #define __DEF_IF_HOST { }
      |                         ^
/usr/local/cuda/include/sm_60_atomic_functions.h:226:48: note: in expansion of macro '__DEF_IF_HOST'
  226 |                              unsigned int val) __DEF_IF_HOST
      |                                                ^~~~~~~~~~~~~
/usr/local/cuda/include/sm_60_atomic_functions.h: In function 'unsigned int atomicCAS_system(unsigned int*, unsigned int, unsigned int)':
/usr/local/cuda/include/sm_60_atomic_functions.h:77:25: warning: no return statement in function returning non-void [-Wreturn-type]
   77 | #define __DEF_IF_HOST { }
      |                         ^
/usr/local/cuda/include/sm_60_atomic_functions.h:230:49: note: in expansion of macro '__DEF_IF_HOST'
  230 |                               unsigned int val) __DEF_IF_HOST
      |                                                 ^~~~~~~~~~~~~
/usr/local/cuda/include/sm_60_atomic_functions.h: In function 'long long unsigned int atomicCAS_block(long long unsigned int*, long long unsigned int, long long unsigned int)':
/usr/local/cuda/include/sm_60_atomic_functions.h:77:25: warning: no return statement in function returning non-void [-Wreturn-type]
   77 | #define __DEF_IF_HOST { }
      |                         ^
/usr/local/cuda/include/sm_60_atomic_functions.h:235:68: note: in expansion of macro '__DEF_IF_HOST'
  235 |                                        unsigned long long int val) __DEF_IF_HOST
      |                                                                    ^~~~~~~~~~~~~
/usr/local/cuda/include/sm_60_atomic_functions.h: In function 'long long unsigned int atomicCAS_system(long long unsigned int*, long long unsigned int, long long unsigned int)':
/usr/local/cuda/include/sm_60_atomic_functions.h:77:25: warning: no return statement in function returning non-void [-Wreturn-type]
   77 | #define __DEF_IF_HOST { }
      |                         ^
/usr/local/cuda/include/sm_60_atomic_functions.h:240:69: note: in expansion of macro '__DEF_IF_HOST'
  240 |                                         unsigned long long int val) __DEF_IF_HOST
      |                                                                     ^~~~~~~~~~~~~
/usr/local/cuda/include/sm_60_atomic_functions.h: In function 'int atomicAnd_block(int*, int)':
/usr/local/cuda/include/sm_60_atomic_functions.h:77:25: warning: no return statement in function returning non-void [-Wreturn-type]
   77 | #define __DEF_IF_HOST { }
      |                         ^
/usr/local/cuda/include/sm_60_atomic_functions.h:243:44: note: in expansion of macro '__DEF_IF_HOST'
  243 | int atomicAnd_block(int *address, int val) __DEF_IF_HOST
      |                                            ^~~~~~~~~~~~~
/usr/local/cuda/include/sm_60_atomic_functions.h: In function 'int atomicAnd_system(int*, int)':
/usr/local/cuda/include/sm_60_atomic_functions.h:77:25: warning: no return statement in function returning non-void [-Wreturn-type]
   77 | #define __DEF_IF_HOST { }
      |                         ^
/usr/local/cuda/include/sm_60_atomic_functions.h:246:45: note: in expansion of macro '__DEF_IF_HOST'
  246 | int atomicAnd_system(int *address, int val) __DEF_IF_HOST
      |                                             ^~~~~~~~~~~~~
/usr/local/cuda/include/sm_60_atomic_functions.h: In function 'long long int atomicAnd_block(long long int*, long long int)':
/usr/local/cuda/include/sm_60_atomic_functions.h:77:25: warning: no return statement in function returning non-void [-Wreturn-type]
   77 | #define __DEF_IF_HOST { }
      |                         ^
/usr/local/cuda/include/sm_60_atomic_functions.h:249:62: note: in expansion of macro '__DEF_IF_HOST'
  249 | long long atomicAnd_block(long long *address, long long val) __DEF_IF_HOST
      |                                                              ^~~~~~~~~~~~~
/usr/local/cuda/include/sm_60_atomic_functions.h: In function 'long long int atomicAnd_system(long long int*, long long int)':
/usr/local/cuda/include/sm_60_atomic_functions.h:77:25: warning: no return statement in function returning non-void [-Wreturn-type]
   77 | #define __DEF_IF_HOST { }
      |                         ^
/usr/local/cuda/include/sm_60_atomic_functions.h:252:63: note: in expansion of macro '__DEF_IF_HOST'
  252 | long long atomicAnd_system(long long *address, long long val) __DEF_IF_HOST
      |                                                               ^~~~~~~~~~~~~
/usr/local/cuda/include/sm_60_atomic_functions.h: In function 'unsigned int atomicAnd_block(unsigned int*, unsigned int)':
/usr/local/cuda/include/sm_60_atomic_functions.h:77:25: warning: no return statement in function returning non-void [-Wreturn-type]
   77 | #define __DEF_IF_HOST { }
      |                         ^
/usr/local/cuda/include/sm_60_atomic_functions.h:255:71: note: in expansion of macro '__DEF_IF_HOST'
  255 | unsigned int atomicAnd_block(unsigned int *address, unsigned int val) __DEF_IF_HOST
      |                                                                       ^~~~~~~~~~~~~
/usr/local/cuda/include/sm_60_atomic_functions.h: In function 'unsigned int atomicAnd_system(unsigned int*, unsigned int)':
/usr/local/cuda/include/sm_60_atomic_functions.h:77:25: warning: no return statement in function returning non-void [-Wreturn-type]
   77 | #define __DEF_IF_HOST { }
      |                         ^
/usr/local/cuda/include/sm_60_atomic_functions.h:258:72: note: in expansion of macro '__DEF_IF_HOST'
  258 | unsigned int atomicAnd_system(unsigned int *address, unsigned int val) __DEF_IF_HOST
      |                                                                        ^~~~~~~~~~~~~
/usr/local/cuda/include/sm_60_atomic_functions.h: In function 'long long unsigned int atomicAnd_block(long long unsigned int*, long long unsigned int)':
/usr/local/cuda/include/sm_60_atomic_functions.h:77:25: warning: no return statement in function returning non-void [-Wreturn-type]
   77 | #define __DEF_IF_HOST { }
      |                         ^
/usr/local/cuda/include/sm_60_atomic_functions.h:261:89: note: in expansion of macro '__DEF_IF_HOST'
  261 | unsigned long long atomicAnd_block(unsigned long long *address, unsigned long long val) __DEF_IF_HOST
      |                                                                                         ^~~~~~~~~~~~~
/usr/local/cuda/include/sm_60_atomic_functions.h: In function 'long long unsigned int atomicAnd_system(long long unsigned int*, long long unsigned int)':
/usr/local/cuda/include/sm_60_atomic_functions.h:77:25: warning: no return statement in function returning non-void [-Wreturn-type]
   77 | #define __DEF_IF_HOST { }
      |                         ^
/usr/local/cuda/include/sm_60_atomic_functions.h:264:90: note: in expansion of macro '__DEF_IF_HOST'
  264 | unsigned long long atomicAnd_system(unsigned long long *address, unsigned long long val) __DEF_IF_HOST
      |                                                                                          ^~~~~~~~~~~~~
/usr/local/cuda/include/sm_60_atomic_functions.h: In function 'int atomicOr_block(int*, int)':
/usr/local/cuda/include/sm_60_atomic_functions.h:77:25: warning: no return statement in function returning non-void [-Wreturn-type]
   77 | #define __DEF_IF_HOST { }
      |                         ^
/usr/local/cuda/include/sm_60_atomic_functions.h:267:43: note: in expansion of macro '__DEF_IF_HOST'
  267 | int atomicOr_block(int *address, int val) __DEF_IF_HOST
      |                                           ^~~~~~~~~~~~~
/usr/local/cuda/include/sm_60_atomic_functions.h: In function 'int atomicOr_system(int*, int)':
/usr/local/cuda/include/sm_60_atomic_functions.h:77:25: warning: no return statement in function returning non-void [-Wreturn-type]
   77 | #define __DEF_IF_HOST { }
      |                         ^
/usr/local/cuda/include/sm_60_atomic_functions.h:270:44: note: in expansion of macro '__DEF_IF_HOST'
  270 | int atomicOr_system(int *address, int val) __DEF_IF_HOST
      |                                            ^~~~~~~~~~~~~
/usr/local/cuda/include/sm_60_atomic_functions.h: In function 'long long int atomicOr_block(long long int*, long long int)':
/usr/local/cuda/include/sm_60_atomic_functions.h:77:25: warning: no return statement in function returning non-void [-Wreturn-type]
   77 | #define __DEF_IF_HOST { }
      |                         ^
/usr/local/cuda/include/sm_60_atomic_functions.h:273:61: note: in expansion of macro '__DEF_IF_HOST'
  273 | long long atomicOr_block(long long *address, long long val) __DEF_IF_HOST
      |                                                             ^~~~~~~~~~~~~
/usr/local/cuda/include/sm_60_atomic_functions.h: In function 'long long int atomicOr_system(long long int*, long long int)':
/usr/local/cuda/include/sm_60_atomic_functions.h:77:25: warning: no return statement in function returning non-void [-Wreturn-type]
   77 | #define __DEF_IF_HOST { }
      |                         ^
/usr/local/cuda/include/sm_60_atomic_functions.h:276:62: note: in expansion of macro '__DEF_IF_HOST'
  276 | long long atomicOr_system(long long *address, long long val) __DEF_IF_HOST
      |                                                              ^~~~~~~~~~~~~
/usr/local/cuda/include/sm_60_atomic_functions.h: In function 'unsigned int atomicOr_block(unsigned int*, unsigned int)':
/usr/local/cuda/include/sm_60_atomic_functions.h:77:25: warning: no return statement in function returning non-void [-Wreturn-type]
   77 | #define __DEF_IF_HOST { }
      |                         ^
/usr/local/cuda/include/sm_60_atomic_functions.h:279:70: note: in expansion of macro '__DEF_IF_HOST'
  279 | unsigned int atomicOr_block(unsigned int *address, unsigned int val) __DEF_IF_HOST
      |                                                                      ^~~~~~~~~~~~~
/usr/local/cuda/include/sm_60_atomic_functions.h: In function 'unsigned int atomicOr_system(unsigned int*, unsigned int)':
/usr/local/cuda/include/sm_60_atomic_functions.h:77:25: warning: no return statement in function returning non-void [-Wreturn-type]
   77 | #define __DEF_IF_HOST { }
      |                         ^
/usr/local/cuda/include/sm_60_atomic_functions.h:282:71: note: in expansion of macro '__DEF_IF_HOST'
  282 | unsigned int atomicOr_system(unsigned int *address, unsigned int val) __DEF_IF_HOST
      |                                                                       ^~~~~~~~~~~~~
/usr/local/cuda/include/sm_60_atomic_functions.h: In function 'long long unsigned int atomicOr_block(long long unsigned int*, long long unsigned int)':
/usr/local/cuda/include/sm_60_atomic_functions.h:77:25: warning: no return statement in function returning non-void [-Wreturn-type]
   77 | #define __DEF_IF_HOST { }
      |                         ^
/usr/local/cuda/include/sm_60_atomic_functions.h:285:88: note: in expansion of macro '__DEF_IF_HOST'
  285 | unsigned long long atomicOr_block(unsigned long long *address, unsigned long long val) __DEF_IF_HOST
      |                                                                                        ^~~~~~~~~~~~~
/usr/local/cuda/include/sm_60_atomic_functions.h: In function 'long long unsigned int atomicOr_system(long long unsigned int*, long long unsigned int)':
/usr/local/cuda/include/sm_60_atomic_functions.h:77:25: warning: no return statement in function returning non-void [-Wreturn-type]
   77 | #define __DEF_IF_HOST { }
      |                         ^
/usr/local/cuda/include/sm_60_atomic_functions.h:288:89: note: in expansion of macro '__DEF_IF_HOST'
  288 | unsigned long long atomicOr_system(unsigned long long *address, unsigned long long val) __DEF_IF_HOST
      |                                                                                         ^~~~~~~~~~~~~
/usr/local/cuda/include/sm_60_atomic_functions.h: In function 'int atomicXor_block(int*, int)':
/usr/local/cuda/include/sm_60_atomic_functions.h:77:25: warning: no return statement in function returning non-void [-Wreturn-type]
   77 | #define __DEF_IF_HOST { }
      |                         ^
/usr/local/cuda/include/sm_60_atomic_functions.h:291:44: note: in expansion of macro '__DEF_IF_HOST'
  291 | int atomicXor_block(int *address, int val) __DEF_IF_HOST
      |                                            ^~~~~~~~~~~~~
/usr/local/cuda/include/sm_60_atomic_functions.h: In function 'int atomicXor_system(int*, int)':
/usr/local/cuda/include/sm_60_atomic_functions.h:77:25: warning: no return statement in function returning non-void [-Wreturn-type]
   77 | #define __DEF_IF_HOST { }
      |                         ^
/usr/local/cuda/include/sm_60_atomic_functions.h:294:45: note: in expansion of macro '__DEF_IF_HOST'
  294 | int atomicXor_system(int *address, int val) __DEF_IF_HOST
      |                                             ^~~~~~~~~~~~~
/usr/local/cuda/include/sm_60_atomic_functions.h: In function 'long long int atomicXor_block(long long int*, long long int)':
/usr/local/cuda/include/sm_60_atomic_functions.h:77:25: warning: no return statement in function returning non-void [-Wreturn-type]
   77 | #define __DEF_IF_HOST { }
      |                         ^
/usr/local/cuda/include/sm_60_atomic_functions.h:297:62: note: in expansion of macro '__DEF_IF_HOST'
  297 | long long atomicXor_block(long long *address, long long val) __DEF_IF_HOST
      |                                                              ^~~~~~~~~~~~~
/usr/local/cuda/include/sm_60_atomic_functions.h: In function 'long long int atomicXor_system(long long int*, long long int)':
/usr/local/cuda/include/sm_60_atomic_functions.h:77:25: warning: no return statement in function returning non-void [-Wreturn-type]
   77 | #define __DEF_IF_HOST { }
      |                         ^
/usr/local/cuda/include/sm_60_atomic_functions.h:300:63: note: in expansion of macro '__DEF_IF_HOST'
  300 | long long atomicXor_system(long long *address, long long val) __DEF_IF_HOST
      |                                                               ^~~~~~~~~~~~~
/usr/local/cuda/include/sm_60_atomic_functions.h: In function 'unsigned int atomicXor_block(unsigned int*, unsigned int)':
/usr/local/cuda/include/sm_60_atomic_functions.h:77:25: warning: no return statement in function returning non-void [-Wreturn-type]
   77 | #define __DEF_IF_HOST { }
      |                         ^
/usr/local/cuda/include/sm_60_atomic_functions.h:303:71: note: in expansion of macro '__DEF_IF_HOST'
  303 | unsigned int atomicXor_block(unsigned int *address, unsigned int val) __DEF_IF_HOST
      |                                                                       ^~~~~~~~~~~~~
/usr/local/cuda/include/sm_60_atomic_functions.h: In function 'unsigned int atomicXor_system(unsigned int*, unsigned int)':
/usr/local/cuda/include/sm_60_atomic_functions.h:77:25: warning: no return statement in function returning non-void [-Wreturn-type]
   77 | #define __DEF_IF_HOST { }
      |                         ^
/usr/local/cuda/include/sm_60_atomic_functions.h:306:72: note: in expansion of macro '__DEF_IF_HOST'
  306 | unsigned int atomicXor_system(unsigned int *address, unsigned int val) __DEF_IF_HOST
      |                                                                        ^~~~~~~~~~~~~
/usr/local/cuda/include/sm_60_atomic_functions.h: In function 'long long unsigned int atomicXor_block(long long unsigned int*, long long unsigned int)':
/usr/local/cuda/include/sm_60_atomic_functions.h:77:25: warning: no return statement in function returning non-void [-Wreturn-type]
   77 | #define __DEF_IF_HOST { }
      |                         ^
/usr/local/cuda/include/sm_60_atomic_functions.h:309:89: note: in expansion of macro '__DEF_IF_HOST'
  309 | unsigned long long atomicXor_block(unsigned long long *address, unsigned long long val) __DEF_IF_HOST
      |                                                                                         ^~~~~~~~~~~~~
/usr/local/cuda/include/sm_60_atomic_functions.h: In function 'long long unsigned int atomicXor_system(long long unsigned int*, long long unsigned int)':
/usr/local/cuda/include/sm_60_atomic_functions.h:77:25: warning: no return statement in function returning non-void [-Wreturn-type]
   77 | #define __DEF_IF_HOST { }
      |                         ^
/usr/local/cuda/include/sm_60_atomic_functions.h:312:90: note: in expansion of macro '__DEF_IF_HOST'
  312 | unsigned long long atomicXor_system(unsigned long long *address, unsigned long long val) __DEF_IF_HOST
      |                                                                                          ^~~~~~~~~~~~~
In file included from /usr/local/cuda/include/crt/device_functions.h:3621,
                 from /home/GVirtuS/GVirtuS/plugins/cudart/backend/CudaRtHandler.h:71,
                 from /home/GVirtuS/GVirtuS/plugins/cudart/backend/CudaRtHandler_internal.cpp:27:
/usr/local/cuda/include/sm_20_intrinsics.h: In function 'unsigned int ballot(bool)':
/usr/local/cuda/include/sm_20_intrinsics.h:75:25: warning: no return statement in function returning non-void [-Wreturn-type]
   75 | #define __DEF_IF_HOST { }
      |                         ^
/usr/local/cuda/include/sm_20_intrinsics.h:1522:110: note: in expansion of macro '__DEF_IF_HOST'
 1522 | __SM_20_INTRINSICS_DECL__ __DEPRECATED__(__WSB_DEPRECATION_MESSAGE(__ballot)) unsigned int ballot(bool pred) __DEF_IF_HOST
      |                                                                                                              ^~~~~~~~~~~~~
/usr/local/cuda/include/sm_20_intrinsics.h: In function 'int syncthreads_count(bool)':
/usr/local/cuda/include/sm_20_intrinsics.h:75:25: warning: no return statement in function returning non-void [-Wreturn-type]
   75 | #define __DEF_IF_HOST { }
      |                         ^
/usr/local/cuda/include/sm_20_intrinsics.h:1524:60: note: in expansion of macro '__DEF_IF_HOST'
 1524 | __SM_20_INTRINSICS_DECL__ int syncthreads_count(bool pred) __DEF_IF_HOST
      |                                                            ^~~~~~~~~~~~~
/usr/local/cuda/include/sm_20_intrinsics.h: In function 'bool syncthreads_and(bool)':
/usr/local/cuda/include/sm_20_intrinsics.h:75:25: warning: no return statement in function returning non-void [-Wreturn-type]
   75 | #define __DEF_IF_HOST { }
      |                         ^
/usr/local/cuda/include/sm_20_intrinsics.h:1526:59: note: in expansion of macro '__DEF_IF_HOST'
 1526 | __SM_20_INTRINSICS_DECL__ bool syncthreads_and(bool pred) __DEF_IF_HOST
      |                                                           ^~~~~~~~~~~~~
/usr/local/cuda/include/sm_20_intrinsics.h: In function 'bool syncthreads_or(bool)':
/usr/local/cuda/include/sm_20_intrinsics.h:75:25: warning: no return statement in function returning non-void [-Wreturn-type]
   75 | #define __DEF_IF_HOST { }
      |                         ^
/usr/local/cuda/include/sm_20_intrinsics.h:1528:58: note: in expansion of macro '__DEF_IF_HOST'
 1528 | __SM_20_INTRINSICS_DECL__ bool syncthreads_or(bool pred) __DEF_IF_HOST
      |                                                          ^~~~~~~~~~~~~
/usr/local/cuda/include/sm_20_intrinsics.h: In function 'unsigned int __isGlobal(const void*)':
/usr/local/cuda/include/sm_20_intrinsics.h:75:25: warning: no return statement in function returning non-void [-Wreturn-type]
   75 | #define __DEF_IF_HOST { }
      |                         ^
/usr/local/cuda/include/sm_20_intrinsics.h:1533:68: note: in expansion of macro '__DEF_IF_HOST'
 1533 | __SM_20_INTRINSICS_DECL__ unsigned int __isGlobal(const void *ptr) __DEF_IF_HOST
      |                                                                    ^~~~~~~~~~~~~
/usr/local/cuda/include/sm_20_intrinsics.h: In function 'unsigned int __isShared(const void*)':
/usr/local/cuda/include/sm_20_intrinsics.h:75:25: warning: no return statement in function returning non-void [-Wreturn-type]
   75 | #define __DEF_IF_HOST { }
      |                         ^
/usr/local/cuda/include/sm_20_intrinsics.h:1534:68: note: in expansion of macro '__DEF_IF_HOST'
 1534 | __SM_20_INTRINSICS_DECL__ unsigned int __isShared(const void *ptr) __DEF_IF_HOST
      |                                                                    ^~~~~~~~~~~~~
/usr/local/cuda/include/sm_20_intrinsics.h: In function 'unsigned int __isConstant(const void*)':
/usr/local/cuda/include/sm_20_intrinsics.h:75:25: warning: no return statement in function returning non-void [-Wreturn-type]
   75 | #define __DEF_IF_HOST { }
      |                         ^
/usr/local/cuda/include/sm_20_intrinsics.h:1535:70: note: in expansion of macro '__DEF_IF_HOST'
 1535 | __SM_20_INTRINSICS_DECL__ unsigned int __isConstant(const void *ptr) __DEF_IF_HOST
      |                                                                      ^~~~~~~~~~~~~
/usr/local/cuda/include/sm_20_intrinsics.h: In function 'unsigned int __isLocal(const void*)':
/usr/local/cuda/include/sm_20_intrinsics.h:75:25: warning: no return statement in function returning non-void [-Wreturn-type]
   75 | #define __DEF_IF_HOST { }
      |                         ^
/usr/local/cuda/include/sm_20_intrinsics.h:1536:67: note: in expansion of macro '__DEF_IF_HOST'
 1536 | __SM_20_INTRINSICS_DECL__ unsigned int __isLocal(const void *ptr) __DEF_IF_HOST
      |                                                                   ^~~~~~~~~~~~~
/usr/local/cuda/include/sm_20_intrinsics.h: In function 'unsigned int __isGridConstant(const void*)':
/usr/local/cuda/include/sm_20_intrinsics.h:75:25: warning: no return statement in function returning non-void [-Wreturn-type]
   75 | #define __DEF_IF_HOST { }
      |                         ^
/usr/local/cuda/include/sm_20_intrinsics.h:1538:74: note: in expansion of macro '__DEF_IF_HOST'
 1538 | __SM_20_INTRINSICS_DECL__ unsigned int __isGridConstant(const void *ptr) __DEF_IF_HOST
      |                                                                          ^~~~~~~~~~~~~
/usr/local/cuda/include/sm_20_intrinsics.h: In function 'size_t __cvta_generic_to_global(const void*)':
/usr/local/cuda/include/sm_20_intrinsics.h:75:25: warning: no return statement in function returning non-void [-Wreturn-type]
   75 | #define __DEF_IF_HOST { }
      |                         ^
/usr/local/cuda/include/sm_20_intrinsics.h:1540:76: note: in expansion of macro '__DEF_IF_HOST'
 1540 | __SM_20_INTRINSICS_DECL__ size_t __cvta_generic_to_global(const void *ptr) __DEF_IF_HOST
      |                                                                            ^~~~~~~~~~~~~
/usr/local/cuda/include/sm_20_intrinsics.h: In function 'size_t __cvta_generic_to_shared(const void*)':
/usr/local/cuda/include/sm_20_intrinsics.h:75:25: warning: no return statement in function returning non-void [-Wreturn-type]
   75 | #define __DEF_IF_HOST { }
      |                         ^
/usr/local/cuda/include/sm_20_intrinsics.h:1541:76: note: in expansion of macro '__DEF_IF_HOST'
 1541 | __SM_20_INTRINSICS_DECL__ size_t __cvta_generic_to_shared(const void *ptr) __DEF_IF_HOST
      |                                                                            ^~~~~~~~~~~~~
/usr/local/cuda/include/sm_20_intrinsics.h: In function 'size_t __cvta_generic_to_constant(const void*)':
/usr/local/cuda/include/sm_20_intrinsics.h:75:25: warning: no return statement in function returning non-void [-Wreturn-type]
   75 | #define __DEF_IF_HOST { }
      |                         ^
/usr/local/cuda/include/sm_20_intrinsics.h:1542:78: note: in expansion of macro '__DEF_IF_HOST'
 1542 | __SM_20_INTRINSICS_DECL__ size_t __cvta_generic_to_constant(const void *ptr) __DEF_IF_HOST
      |                                                                              ^~~~~~~~~~~~~
/usr/local/cuda/include/sm_20_intrinsics.h: In function 'size_t __cvta_generic_to_local(const void*)':
/usr/local/cuda/include/sm_20_intrinsics.h:75:25: warning: no return statement in function returning non-void [-Wreturn-type]
   75 | #define __DEF_IF_HOST { }
      |                         ^
/usr/local/cuda/include/sm_20_intrinsics.h:1543:75: note: in expansion of macro '__DEF_IF_HOST'
 1543 | __SM_20_INTRINSICS_DECL__ size_t __cvta_generic_to_local(const void *ptr) __DEF_IF_HOST
      |                                                                           ^~~~~~~~~~~~~
/usr/local/cuda/include/sm_20_intrinsics.h: In function 'size_t __cvta_generic_to_grid_constant(const void*)':
/usr/local/cuda/include/sm_20_intrinsics.h:75:25: warning: no return statement in function returning non-void [-Wreturn-type]
   75 | #define __DEF_IF_HOST { }
      |                         ^
/usr/local/cuda/include/sm_20_intrinsics.h:1545:83: note: in expansion of macro '__DEF_IF_HOST'
 1545 | __SM_20_INTRINSICS_DECL__ size_t __cvta_generic_to_grid_constant(const void *ptr) __DEF_IF_HOST
      |                                                                                   ^~~~~~~~~~~~~
/usr/local/cuda/include/sm_20_intrinsics.h: In function 'void* __cvta_global_to_generic(size_t)':
/usr/local/cuda/include/sm_20_intrinsics.h:75:25: warning: no return statement in function returning non-void [-Wreturn-type]
   75 | #define __DEF_IF_HOST { }
      |                         ^
/usr/local/cuda/include/sm_20_intrinsics.h:1548:75: note: in expansion of macro '__DEF_IF_HOST'
 1548 | __SM_20_INTRINSICS_DECL__ void * __cvta_global_to_generic(size_t rawbits) __DEF_IF_HOST
      |                                                                           ^~~~~~~~~~~~~
/usr/local/cuda/include/sm_20_intrinsics.h: In function 'void* __cvta_shared_to_generic(size_t)':
/usr/local/cuda/include/sm_20_intrinsics.h:75:25: warning: no return statement in function returning non-void [-Wreturn-type]
   75 | #define __DEF_IF_HOST { }
      |                         ^
/usr/local/cuda/include/sm_20_intrinsics.h:1549:75: note: in expansion of macro '__DEF_IF_HOST'
 1549 | __SM_20_INTRINSICS_DECL__ void * __cvta_shared_to_generic(size_t rawbits) __DEF_IF_HOST
      |                                                                           ^~~~~~~~~~~~~
/usr/local/cuda/include/sm_20_intrinsics.h: In function 'void* __cvta_constant_to_generic(size_t)':
/usr/local/cuda/include/sm_20_intrinsics.h:75:25: warning: no return statement in function returning non-void [-Wreturn-type]
   75 | #define __DEF_IF_HOST { }
      |                         ^
/usr/local/cuda/include/sm_20_intrinsics.h:1550:77: note: in expansion of macro '__DEF_IF_HOST'
 1550 | __SM_20_INTRINSICS_DECL__ void * __cvta_constant_to_generic(size_t rawbits) __DEF_IF_HOST
      |                                                                             ^~~~~~~~~~~~~
/usr/local/cuda/include/sm_20_intrinsics.h: In function 'void* __cvta_local_to_generic(size_t)':
/usr/local/cuda/include/sm_20_intrinsics.h:75:25: warning: no return statement in function returning non-void [-Wreturn-type]
   75 | #define __DEF_IF_HOST { }
      |                         ^
/usr/local/cuda/include/sm_20_intrinsics.h:1551:74: note: in expansion of macro '__DEF_IF_HOST'
 1551 | __SM_20_INTRINSICS_DECL__ void * __cvta_local_to_generic(size_t rawbits) __DEF_IF_HOST
      |                                                                          ^~~~~~~~~~~~~
/usr/local/cuda/include/sm_20_intrinsics.h: In function 'void* __cvta_grid_constant_to_generic(size_t)':
/usr/local/cuda/include/sm_20_intrinsics.h:75:25: warning: no return statement in function returning non-void [-Wreturn-type]
   75 | #define __DEF_IF_HOST { }
      |                         ^
/usr/local/cuda/include/sm_20_intrinsics.h:1553:82: note: in expansion of macro '__DEF_IF_HOST'
 1553 | __SM_20_INTRINSICS_DECL__ void * __cvta_grid_constant_to_generic(size_t rawbits) __DEF_IF_HOST
      |                                                                                  ^~~~~~~~~~~~~
In file included from /usr/local/cuda/include/crt/device_functions.h:3622,
                 from /home/GVirtuS/GVirtuS/plugins/cudart/backend/CudaRtHandler.h:71,
                 from /home/GVirtuS/GVirtuS/plugins/cudart/backend/CudaRtHandler_internal.cpp:27:
/usr/local/cuda/include/sm_30_intrinsics.h: In function 'unsigned int __fns(unsigned int, unsigned int, int)':
/usr/local/cuda/include/sm_30_intrinsics.h:76:25: warning: no return statement in function returning non-void [-Wreturn-type]
   76 | #define __DEF_IF_HOST { }
      |                         ^
/usr/local/cuda/include/sm_30_intrinsics.h:123:85: note: in expansion of macro '__DEF_IF_HOST'
  123 | __SM_30_INTRINSICS_DECL__ unsigned  __fns(unsigned mask, unsigned base, int offset) __DEF_IF_HOST
      |                                                                                     ^~~~~~~~~~~~~
/usr/local/cuda/include/sm_30_intrinsics.h: In function 'int __all_sync(unsigned int, int)':
/usr/local/cuda/include/sm_30_intrinsics.h:76:25: warning: no return statement in function returning non-void [-Wreturn-type]
   76 | #define __DEF_IF_HOST { }
      |                         ^
/usr/local/cuda/include/sm_30_intrinsics.h:127:67: note: in expansion of macro '__DEF_IF_HOST'
  127 | __SM_30_INTRINSICS_DECL__ int __all_sync(unsigned mask, int pred) __DEF_IF_HOST
      |                                                                   ^~~~~~~~~~~~~
/usr/local/cuda/include/sm_30_intrinsics.h: In function 'int __any_sync(unsigned int, int)':
/usr/local/cuda/include/sm_30_intrinsics.h:76:25: warning: no return statement in function returning non-void [-Wreturn-type]
   76 | #define __DEF_IF_HOST { }
      |                         ^
/usr/local/cuda/include/sm_30_intrinsics.h:128:67: note: in expansion of macro '__DEF_IF_HOST'
  128 | __SM_30_INTRINSICS_DECL__ int __any_sync(unsigned mask, int pred) __DEF_IF_HOST
      |                                                                   ^~~~~~~~~~~~~
/usr/local/cuda/include/sm_30_intrinsics.h: In function 'int __uni_sync(unsigned int, int)':
/usr/local/cuda/include/sm_30_intrinsics.h:76:25: warning: no return statement in function returning non-void [-Wreturn-type]
   76 | #define __DEF_IF_HOST { }
      |                         ^
/usr/local/cuda/include/sm_30_intrinsics.h:129:67: note: in expansion of macro '__DEF_IF_HOST'
  129 | __SM_30_INTRINSICS_DECL__ int __uni_sync(unsigned mask, int pred) __DEF_IF_HOST
      |                                                                   ^~~~~~~~~~~~~
/usr/local/cuda/include/sm_30_intrinsics.h: In function 'unsigned int __ballot_sync(unsigned int, int)':
/usr/local/cuda/include/sm_30_intrinsics.h:76:25: warning: no return statement in function returning non-void [-Wreturn-type]
   76 | #define __DEF_IF_HOST { }
      |                         ^
/usr/local/cuda/include/sm_30_intrinsics.h:130:75: note: in expansion of macro '__DEF_IF_HOST'
  130 | __SM_30_INTRINSICS_DECL__ unsigned __ballot_sync(unsigned mask, int pred) __DEF_IF_HOST
      |                                                                           ^~~~~~~~~~~~~
/usr/local/cuda/include/sm_30_intrinsics.h: In function 'unsigned int __activemask()':
/usr/local/cuda/include/sm_30_intrinsics.h:76:25: warning: no return statement in function returning non-void [-Wreturn-type]
   76 | #define __DEF_IF_HOST { }
      |                         ^
/usr/local/cuda/include/sm_30_intrinsics.h:131:51: note: in expansion of macro '__DEF_IF_HOST'
  131 | __SM_30_INTRINSICS_DECL__ unsigned __activemask() __DEF_IF_HOST
      |                                                   ^~~~~~~~~~~~~
/usr/local/cuda/include/sm_30_intrinsics.h: In function 'int __shfl(int, int, int)':
/usr/local/cuda/include/sm_30_intrinsics.h:76:25: warning: no return statement in function returning non-void [-Wreturn-type]
   76 | #define __DEF_IF_HOST { }
      |                         ^
/usr/local/cuda/include/sm_30_intrinsics.h:140:130: note: in expansion of macro '__DEF_IF_HOST'
  140 | __SM_30_INTRINSICS_DECL__ __DEPRECATED__(__WSB_DEPRECATION_MESSAGE(__shfl)) int __shfl(int var, int srcLane, int width=warpSize) __DEF_IF_HOST
      |                                                                                                                                  ^~~~~~~~~~~~~
/usr/local/cuda/include/sm_30_intrinsics.h: In function 'unsigned int __shfl(unsigned int, int, int)':
/usr/local/cuda/include/sm_30_intrinsics.h:76:25: warning: no return statement in function returning non-void [-Wreturn-type]
   76 | #define __DEF_IF_HOST { }
      |                         ^
/usr/local/cuda/include/sm_30_intrinsics.h:141:148: note: in expansion of macro '__DEF_IF_HOST'
  141 | __SM_30_INTRINSICS_DECL__ __DEPRECATED__(__WSB_DEPRECATION_MESSAGE(__shfl)) unsigned int __shfl(unsigned int var, int srcLane, int width=warpSize) __DEF_IF_HOST
      |                                                                                                                                                    ^~~~~~~~~~~~~
/usr/local/cuda/include/sm_30_intrinsics.h: In function 'int __shfl_up(int, unsigned int, int)':
/usr/local/cuda/include/sm_30_intrinsics.h:76:25: warning: no return statement in function returning non-void [-Wreturn-type]
   76 | #define __DEF_IF_HOST { }
      |                         ^
/usr/local/cuda/include/sm_30_intrinsics.h:142:143: note: in expansion of macro '__DEF_IF_HOST'
  142 | __SM_30_INTRINSICS_DECL__ __DEPRECATED__(__WSB_DEPRECATION_MESSAGE(__shfl_up)) int __shfl_up(int var, unsigned int delta, int width=warpSize) __DEF_IF_HOST
      |                                                                                                                                               ^~~~~~~~~~~~~
/usr/local/cuda/include/sm_30_intrinsics.h: In function 'unsigned int __shfl_up(unsigned int, unsigned int, int)':
/usr/local/cuda/include/sm_30_intrinsics.h:76:25: warning: no return statement in function returning non-void [-Wreturn-type]
   76 | #define __DEF_IF_HOST { }
      |                         ^
/usr/local/cuda/include/sm_30_intrinsics.h:143:161: note: in expansion of macro '__DEF_IF_HOST'
  143 | __SM_30_INTRINSICS_DECL__ __DEPRECATED__(__WSB_DEPRECATION_MESSAGE(__shfl_up)) unsigned int __shfl_up(unsigned int var, unsigned int delta, int width=warpSize) __DEF_IF_HOST
      |                                                                                                                                                                 ^~~~~~~~~~~~~
/usr/local/cuda/include/sm_30_intrinsics.h: In function 'int __shfl_down(int, unsigned int, int)':
/usr/local/cuda/include/sm_30_intrinsics.h:76:25: warning: no return statement in function returning non-void [-Wreturn-type]
   76 | #define __DEF_IF_HOST { }
      |                         ^
/usr/local/cuda/include/sm_30_intrinsics.h:144:147: note: in expansion of macro '__DEF_IF_HOST'
  144 | __SM_30_INTRINSICS_DECL__ __DEPRECATED__(__WSB_DEPRECATION_MESSAGE(__shfl_down)) int __shfl_down(int var, unsigned int delta, int width=warpSize) __DEF_IF_HOST
      |                                                                                                                                                   ^~~~~~~~~~~~~
/usr/local/cuda/include/sm_30_intrinsics.h: In function 'unsigned int __shfl_down(unsigned int, unsigned int, int)':
/usr/local/cuda/include/sm_30_intrinsics.h:76:25: warning: no return statement in function returning non-void [-Wreturn-type]
   76 | #define __DEF_IF_HOST { }
      |                         ^
/usr/local/cuda/include/sm_30_intrinsics.h:145:165: note: in expansion of macro '__DEF_IF_HOST'
  145 | __SM_30_INTRINSICS_DECL__ __DEPRECATED__(__WSB_DEPRECATION_MESSAGE(__shfl_down)) unsigned int __shfl_down(unsigned int var, unsigned int delta, int width=warpSize) __DEF_IF_HOST
      |                                                                                                                                                                     ^~~~~~~~~~~~~
/usr/local/cuda/include/sm_30_intrinsics.h: In function 'int __shfl_xor(int, int, int)':
/usr/local/cuda/include/sm_30_intrinsics.h:76:25: warning: no return statement in function returning non-void [-Wreturn-type]
   76 | #define __DEF_IF_HOST { }
      |                         ^
/usr/local/cuda/include/sm_30_intrinsics.h:146:139: note: in expansion of macro '__DEF_IF_HOST'
  146 | __SM_30_INTRINSICS_DECL__ __DEPRECATED__(__WSB_DEPRECATION_MESSAGE(__shfl_xor)) int __shfl_xor(int var, int laneMask, int width=warpSize) __DEF_IF_HOST
      |                                                                                                                                           ^~~~~~~~~~~~~
/usr/local/cuda/include/sm_30_intrinsics.h: In function 'unsigned int __shfl_xor(unsigned int, int, int)':
/usr/local/cuda/include/sm_30_intrinsics.h:76:25: warning: no return statement in function returning non-void [-Wreturn-type]
   76 | #define __DEF_IF_HOST { }
      |                         ^
/usr/local/cuda/include/sm_30_intrinsics.h:147:157: note: in expansion of macro '__DEF_IF_HOST'
  147 | __SM_30_INTRINSICS_DECL__ __DEPRECATED__(__WSB_DEPRECATION_MESSAGE(__shfl_xor)) unsigned int __shfl_xor(unsigned int var, int laneMask, int width=warpSize) __DEF_IF_HOST
      |                                                                                                                                                             ^~~~~~~~~~~~~
/usr/local/cuda/include/sm_30_intrinsics.h: In function 'float __shfl(float, int, int)':
/usr/local/cuda/include/sm_30_intrinsics.h:76:25: warning: no return statement in function returning non-void [-Wreturn-type]
   76 | #define __DEF_IF_HOST { }
      |                         ^
/usr/local/cuda/include/sm_30_intrinsics.h:148:134: note: in expansion of macro '__DEF_IF_HOST'
  148 | __SM_30_INTRINSICS_DECL__ __DEPRECATED__(__WSB_DEPRECATION_MESSAGE(__shfl)) float __shfl(float var, int srcLane, int width=warpSize) __DEF_IF_HOST
      |                                                                                                                                      ^~~~~~~~~~~~~
/usr/local/cuda/include/sm_30_intrinsics.h: In function 'float __shfl_up(float, unsigned int, int)':
/usr/local/cuda/include/sm_30_intrinsics.h:76:25: warning: no return statement in function returning non-void [-Wreturn-type]
   76 | #define __DEF_IF_HOST { }
      |                         ^
/usr/local/cuda/include/sm_30_intrinsics.h:149:147: note: in expansion of macro '__DEF_IF_HOST'
  149 | __SM_30_INTRINSICS_DECL__ __DEPRECATED__(__WSB_DEPRECATION_MESSAGE(__shfl_up)) float __shfl_up(float var, unsigned int delta, int width=warpSize) __DEF_IF_HOST
      |                                                                                                                                                   ^~~~~~~~~~~~~
/usr/local/cuda/include/sm_30_intrinsics.h: In function 'float __shfl_down(float, unsigned int, int)':
/usr/local/cuda/include/sm_30_intrinsics.h:76:25: warning: no return statement in function returning non-void [-Wreturn-type]
   76 | #define __DEF_IF_HOST { }
      |                         ^
/usr/local/cuda/include/sm_30_intrinsics.h:150:151: note: in expansion of macro '__DEF_IF_HOST'
  150 | __SM_30_INTRINSICS_DECL__ __DEPRECATED__(__WSB_DEPRECATION_MESSAGE(__shfl_down)) float __shfl_down(float var, unsigned int delta, int width=warpSize) __DEF_IF_HOST
      |                                                                                                                                                       ^~~~~~~~~~~~~
/usr/local/cuda/include/sm_30_intrinsics.h: In function 'float __shfl_xor(float, int, int)':
/usr/local/cuda/include/sm_30_intrinsics.h:76:25: warning: no return statement in function returning non-void [-Wreturn-type]
   76 | #define __DEF_IF_HOST { }
      |                         ^
/usr/local/cuda/include/sm_30_intrinsics.h:151:143: note: in expansion of macro '__DEF_IF_HOST'
  151 | __SM_30_INTRINSICS_DECL__ __DEPRECATED__(__WSB_DEPRECATION_MESSAGE(__shfl_xor)) float __shfl_xor(float var, int laneMask, int width=warpSize) __DEF_IF_HOST
      |                                                                                                                                               ^~~~~~~~~~~~~
/usr/local/cuda/include/sm_30_intrinsics.h: In function 'int __shfl_sync(unsigned int, int, int, int)':
/usr/local/cuda/include/sm_30_intrinsics.h:76:25: warning: no return statement in function returning non-void [-Wreturn-type]
   76 | #define __DEF_IF_HOST { }
      |                         ^
/usr/local/cuda/include/sm_30_intrinsics.h:154:100: note: in expansion of macro '__DEF_IF_HOST'
  154 | __SM_30_INTRINSICS_DECL__ int __shfl_sync(unsigned mask, int var, int srcLane, int width=warpSize) __DEF_IF_HOST
      |                                                                                                    ^~~~~~~~~~~~~
/usr/local/cuda/include/sm_30_intrinsics.h: In function 'unsigned int __shfl_sync(unsigned int, unsigned int, int, int)':
/usr/local/cuda/include/sm_30_intrinsics.h:76:25: warning: no return statement in function returning non-void [-Wreturn-type]
   76 | #define __DEF_IF_HOST { }
      |                         ^
/usr/local/cuda/include/sm_30_intrinsics.h:155:118: note: in expansion of macro '__DEF_IF_HOST'
  155 | __SM_30_INTRINSICS_DECL__ unsigned int __shfl_sync(unsigned mask, unsigned int var, int srcLane, int width=warpSize) __DEF_IF_HOST
      |                                                                                                                      ^~~~~~~~~~~~~
/usr/local/cuda/include/sm_30_intrinsics.h: In function 'int __shfl_up_sync(unsigned int, int, unsigned int, int)':
/usr/local/cuda/include/sm_30_intrinsics.h:76:25: warning: no return statement in function returning non-void [-Wreturn-type]
   76 | #define __DEF_IF_HOST { }
      |                         ^
/usr/local/cuda/include/sm_30_intrinsics.h:156:110: note: in expansion of macro '__DEF_IF_HOST'
  156 | __SM_30_INTRINSICS_DECL__ int __shfl_up_sync(unsigned mask, int var, unsigned int delta, int width=warpSize) __DEF_IF_HOST
      |                                                                                                              ^~~~~~~~~~~~~
/usr/local/cuda/include/sm_30_intrinsics.h: In function 'unsigned int __shfl_up_sync(unsigned int, unsigned int, unsigned int, int)':
/usr/local/cuda/include/sm_30_intrinsics.h:76:25: warning: no return statement in function returning non-void [-Wreturn-type]
   76 | #define __DEF_IF_HOST { }
      |                         ^
/usr/local/cuda/include/sm_30_intrinsics.h:157:128: note: in expansion of macro '__DEF_IF_HOST'
  157 | __SM_30_INTRINSICS_DECL__ unsigned int __shfl_up_sync(unsigned mask, unsigned int var, unsigned int delta, int width=warpSize) __DEF_IF_HOST
      |                                                                                                                                ^~~~~~~~~~~~~
/usr/local/cuda/include/sm_30_intrinsics.h: In function 'int __shfl_down_sync(unsigned int, int, unsigned int, int)':
/usr/local/cuda/include/sm_30_intrinsics.h:76:25: warning: no return statement in function returning non-void [-Wreturn-type]
   76 | #define __DEF_IF_HOST { }
      |                         ^
/usr/local/cuda/include/sm_30_intrinsics.h:158:112: note: in expansion of macro '__DEF_IF_HOST'
  158 | __SM_30_INTRINSICS_DECL__ int __shfl_down_sync(unsigned mask, int var, unsigned int delta, int width=warpSize) __DEF_IF_HOST
      |                                                                                                                ^~~~~~~~~~~~~
/usr/local/cuda/include/sm_30_intrinsics.h: In function 'unsigned int __shfl_down_sync(unsigned int, unsigned int, unsigned int, int)':
/usr/local/cuda/include/sm_30_intrinsics.h:76:25: warning: no return statement in function returning non-void [-Wreturn-type]
   76 | #define __DEF_IF_HOST { }
      |                         ^
/usr/local/cuda/include/sm_30_intrinsics.h:159:130: note: in expansion of macro '__DEF_IF_HOST'
  159 | __SM_30_INTRINSICS_DECL__ unsigned int __shfl_down_sync(unsigned mask, unsigned int var, unsigned int delta, int width=warpSize) __DEF_IF_HOST
      |                                                                                                                                  ^~~~~~~~~~~~~
/usr/local/cuda/include/sm_30_intrinsics.h: In function 'int __shfl_xor_sync(unsigned int, int, int, int)':
/usr/local/cuda/include/sm_30_intrinsics.h:76:25: warning: no return statement in function returning non-void [-Wreturn-type]
   76 | #define __DEF_IF_HOST { }
      |                         ^
/usr/local/cuda/include/sm_30_intrinsics.h:160:105: note: in expansion of macro '__DEF_IF_HOST'
  160 | __SM_30_INTRINSICS_DECL__ int __shfl_xor_sync(unsigned mask, int var, int laneMask, int width=warpSize) __DEF_IF_HOST
      |                                                                                                         ^~~~~~~~~~~~~
/usr/local/cuda/include/sm_30_intrinsics.h: In function 'unsigned int __shfl_xor_sync(unsigned int, unsigned int, int, int)':
/usr/local/cuda/include/sm_30_intrinsics.h:76:25: warning: no return statement in function returning non-void [-Wreturn-type]
   76 | #define __DEF_IF_HOST { }
      |                         ^
/usr/local/cuda/include/sm_30_intrinsics.h:161:123: note: in expansion of macro '__DEF_IF_HOST'
  161 | __SM_30_INTRINSICS_DECL__ unsigned int __shfl_xor_sync(unsigned mask, unsigned int var, int laneMask, int width=warpSize) __DEF_IF_HOST
      |                                                                                                                           ^~~~~~~~~~~~~
/usr/local/cuda/include/sm_30_intrinsics.h: In function 'float __shfl_sync(unsigned int, float, int, int)':
/usr/local/cuda/include/sm_30_intrinsics.h:76:25: warning: no return statement in function returning non-void [-Wreturn-type]
   76 | #define __DEF_IF_HOST { }
      |                         ^
/usr/local/cuda/include/sm_30_intrinsics.h:162:104: note: in expansion of macro '__DEF_IF_HOST'
  162 | __SM_30_INTRINSICS_DECL__ float __shfl_sync(unsigned mask, float var, int srcLane, int width=warpSize) __DEF_IF_HOST
      |                                                                                                        ^~~~~~~~~~~~~
/usr/local/cuda/include/sm_30_intrinsics.h: In function 'float __shfl_up_sync(unsigned int, float, unsigned int, int)':
/usr/local/cuda/include/sm_30_intrinsics.h:76:25: warning: no return statement in function returning non-void [-Wreturn-type]
   76 | #define __DEF_IF_HOST { }
      |                         ^
/usr/local/cuda/include/sm_30_intrinsics.h:163:114: note: in expansion of macro '__DEF_IF_HOST'
  163 | __SM_30_INTRINSICS_DECL__ float __shfl_up_sync(unsigned mask, float var, unsigned int delta, int width=warpSize) __DEF_IF_HOST
      |                                                                                                                  ^~~~~~~~~~~~~
/usr/local/cuda/include/sm_30_intrinsics.h: In function 'float __shfl_down_sync(unsigned int, float, unsigned int, int)':
/usr/local/cuda/include/sm_30_intrinsics.h:76:25: warning: no return statement in function returning non-void [-Wreturn-type]
   76 | #define __DEF_IF_HOST { }
      |                         ^
/usr/local/cuda/include/sm_30_intrinsics.h:164:116: note: in expansion of macro '__DEF_IF_HOST'
  164 | __SM_30_INTRINSICS_DECL__ float __shfl_down_sync(unsigned mask, float var, unsigned int delta, int width=warpSize) __DEF_IF_HOST
      |                                                                                                                    ^~~~~~~~~~~~~
/usr/local/cuda/include/sm_30_intrinsics.h: In function 'float __shfl_xor_sync(unsigned int, float, int, int)':
/usr/local/cuda/include/sm_30_intrinsics.h:76:25: warning: no return statement in function returning non-void [-Wreturn-type]
   76 | #define __DEF_IF_HOST { }
      |                         ^
/usr/local/cuda/include/sm_30_intrinsics.h:165:109: note: in expansion of macro '__DEF_IF_HOST'
  165 | __SM_30_INTRINSICS_DECL__ float __shfl_xor_sync(unsigned mask, float var, int laneMask, int width=warpSize) __DEF_IF_HOST
      |                                                                                                             ^~~~~~~~~~~~~
/usr/local/cuda/include/sm_30_intrinsics.h: In function 'long long unsigned int __shfl(long long unsigned int, int, int)':
/usr/local/cuda/include/sm_30_intrinsics.h:76:25: warning: no return statement in function returning non-void [-Wreturn-type]
   76 | #define __DEF_IF_HOST { }
      |                         ^
/usr/local/cuda/include/sm_30_intrinsics.h:169:160: note: in expansion of macro '__DEF_IF_HOST'
  169 | __SM_30_INTRINSICS_DECL__ __DEPRECATED__(__WSB_DEPRECATION_MESSAGE(__shfl)) unsigned long long __shfl(unsigned long long var, int srcLane, int width=warpSize) __DEF_IF_HOST
      |                                                                                                                                                                ^~~~~~~~~~~~~
/usr/local/cuda/include/sm_30_intrinsics.h: In function 'long long int __shfl(long long int, int, int)':
/usr/local/cuda/include/sm_30_intrinsics.h:76:25: warning: no return statement in function returning non-void [-Wreturn-type]
   76 | #define __DEF_IF_HOST { }
      |                         ^
/usr/local/cuda/include/sm_30_intrinsics.h:170:142: note: in expansion of macro '__DEF_IF_HOST'
  170 | __SM_30_INTRINSICS_DECL__ __DEPRECATED__(__WSB_DEPRECATION_MESSAGE(__shfl)) long long __shfl(long long var, int srcLane, int width=warpSize) __DEF_IF_HOST
      |                                                                                                                                              ^~~~~~~~~~~~~
/usr/local/cuda/include/sm_30_intrinsics.h: In function 'long long int __shfl_up(long long int, unsigned int, int)':
/usr/local/cuda/include/sm_30_intrinsics.h:76:25: warning: no return statement in function returning non-void [-Wreturn-type]
   76 | #define __DEF_IF_HOST { }
      |                         ^
/usr/local/cuda/include/sm_30_intrinsics.h:171:155: note: in expansion of macro '__DEF_IF_HOST'
  171 | __SM_30_INTRINSICS_DECL__ __DEPRECATED__(__WSB_DEPRECATION_MESSAGE(__shfl_up)) long long __shfl_up(long long var, unsigned int delta, int width=warpSize) __DEF_IF_HOST
      |                                                                                                                                                           ^~~~~~~~~~~~~
/usr/local/cuda/include/sm_30_intrinsics.h: In function 'long long unsigned int __shfl_up(long long unsigned int, unsigned int, int)':
/usr/local/cuda/include/sm_30_intrinsics.h:76:25: warning: no return statement in function returning non-void [-Wreturn-type]
   76 | #define __DEF_IF_HOST { }
      |                         ^
/usr/local/cuda/include/sm_30_intrinsics.h:172:173: note: in expansion of macro '__DEF_IF_HOST'
  172 | __SM_30_INTRINSICS_DECL__ __DEPRECATED__(__WSB_DEPRECATION_MESSAGE(__shfl_up)) unsigned long long __shfl_up(unsigned long long var, unsigned int delta, int width=warpSize) __DEF_IF_HOST
      |                                                                                                                                                                             ^~~~~~~~~~~~~
/usr/local/cuda/include/sm_30_intrinsics.h: In function 'long long int __shfl_down(long long int, unsigned int, int)':
/usr/local/cuda/include/sm_30_intrinsics.h:76:25: warning: no return statement in function returning non-void [-Wreturn-type]
   76 | #define __DEF_IF_HOST { }
      |                         ^
/usr/local/cuda/include/sm_30_intrinsics.h:173:159: note: in expansion of macro '__DEF_IF_HOST'
  173 | __SM_30_INTRINSICS_DECL__ __DEPRECATED__(__WSB_DEPRECATION_MESSAGE(__shfl_down)) long long __shfl_down(long long var, unsigned int delta, int width=warpSize) __DEF_IF_HOST
      |                                                                                                                                                               ^~~~~~~~~~~~~
/usr/local/cuda/include/sm_30_intrinsics.h: In function 'long long unsigned int __shfl_down(long long unsigned int, unsigned int, int)':
/usr/local/cuda/include/sm_30_intrinsics.h:76:25: warning: no return statement in function returning non-void [-Wreturn-type]
   76 | #define __DEF_IF_HOST { }
      |                         ^
/usr/local/cuda/include/sm_30_intrinsics.h:174:177: note: in expansion of macro '__DEF_IF_HOST'
  174 | __SM_30_INTRINSICS_DECL__ __DEPRECATED__(__WSB_DEPRECATION_MESSAGE(__shfl_down)) unsigned long long __shfl_down(unsigned long long var, unsigned int delta, int width=warpSize) __DEF_IF_HOST
      |                                                                                                                                                                                 ^~~~~~~~~~~~~
/usr/local/cuda/include/sm_30_intrinsics.h: In function 'long long int __shfl_xor(long long int, int, int)':
/usr/local/cuda/include/sm_30_intrinsics.h:76:25: warning: no return statement in function returning non-void [-Wreturn-type]
   76 | #define __DEF_IF_HOST { }
      |                         ^
/usr/local/cuda/include/sm_30_intrinsics.h:175:151: note: in expansion of macro '__DEF_IF_HOST'
  175 | __SM_30_INTRINSICS_DECL__ __DEPRECATED__(__WSB_DEPRECATION_MESSAGE(__shfl_xor)) long long __shfl_xor(long long var, int laneMask, int width=warpSize) __DEF_IF_HOST
      |                                                                                                                                                       ^~~~~~~~~~~~~
/usr/local/cuda/include/sm_30_intrinsics.h: In function 'long long unsigned int __shfl_xor(long long unsigned int, int, int)':
/usr/local/cuda/include/sm_30_intrinsics.h:76:25: warning: no return statement in function returning non-void [-Wreturn-type]
   76 | #define __DEF_IF_HOST { }
      |                         ^
/usr/local/cuda/include/sm_30_intrinsics.h:176:169: note: in expansion of macro '__DEF_IF_HOST'
  176 | __SM_30_INTRINSICS_DECL__ __DEPRECATED__(__WSB_DEPRECATION_MESSAGE(__shfl_xor)) unsigned long long __shfl_xor(unsigned long long var, int laneMask, int width=warpSize) __DEF_IF_HOST
      |                                                                                                                                                                         ^~~~~~~~~~~~~
/usr/local/cuda/include/sm_30_intrinsics.h: In function 'double __shfl(double, int, int)':
/usr/local/cuda/include/sm_30_intrinsics.h:76:25: warning: no return statement in function returning non-void [-Wreturn-type]
   76 | #define __DEF_IF_HOST { }
      |                         ^
/usr/local/cuda/include/sm_30_intrinsics.h:177:136: note: in expansion of macro '__DEF_IF_HOST'
  177 | __SM_30_INTRINSICS_DECL__ __DEPRECATED__(__WSB_DEPRECATION_MESSAGE(__shfl)) double __shfl(double var, int srcLane, int width=warpSize) __DEF_IF_HOST
      |                                                                                                                                        ^~~~~~~~~~~~~
/usr/local/cuda/include/sm_30_intrinsics.h: In function 'double __shfl_up(double, unsigned int, int)':
/usr/local/cuda/include/sm_30_intrinsics.h:76:25: warning: no return statement in function returning non-void [-Wreturn-type]
   76 | #define __DEF_IF_HOST { }
      |                         ^
/usr/local/cuda/include/sm_30_intrinsics.h:178:149: note: in expansion of macro '__DEF_IF_HOST'
  178 | __SM_30_INTRINSICS_DECL__ __DEPRECATED__(__WSB_DEPRECATION_MESSAGE(__shfl_up)) double __shfl_up(double var, unsigned int delta, int width=warpSize) __DEF_IF_HOST
      |                                                                                                                                                     ^~~~~~~~~~~~~
/usr/local/cuda/include/sm_30_intrinsics.h: In function 'double __shfl_down(double, unsigned int, int)':
/usr/local/cuda/include/sm_30_intrinsics.h:76:25: warning: no return statement in function returning non-void [-Wreturn-type]
   76 | #define __DEF_IF_HOST { }
      |                         ^
/usr/local/cuda/include/sm_30_intrinsics.h:179:153: note: in expansion of macro '__DEF_IF_HOST'
  179 | __SM_30_INTRINSICS_DECL__ __DEPRECATED__(__WSB_DEPRECATION_MESSAGE(__shfl_down)) double __shfl_down(double var, unsigned int delta, int width=warpSize) __DEF_IF_HOST
      |                                                                                                                                                         ^~~~~~~~~~~~~
/usr/local/cuda/include/sm_30_intrinsics.h: In function 'double __shfl_xor(double, int, int)':
/usr/local/cuda/include/sm_30_intrinsics.h:76:25: warning: no return statement in function returning non-void [-Wreturn-type]
   76 | #define __DEF_IF_HOST { }
      |                         ^
/usr/local/cuda/include/sm_30_intrinsics.h:180:145: note: in expansion of macro '__DEF_IF_HOST'
  180 | __SM_30_INTRINSICS_DECL__ __DEPRECATED__(__WSB_DEPRECATION_MESSAGE(__shfl_xor)) double __shfl_xor(double var, int laneMask, int width=warpSize) __DEF_IF_HOST
      |                                                                                                                                                 ^~~~~~~~~~~~~
/usr/local/cuda/include/sm_30_intrinsics.h: In function 'long long int __shfl_sync(unsigned int, long long int, int, int)':
/usr/local/cuda/include/sm_30_intrinsics.h:76:25: warning: no return statement in function returning non-void [-Wreturn-type]
   76 | #define __DEF_IF_HOST { }
      |                         ^
/usr/local/cuda/include/sm_30_intrinsics.h:183:112: note: in expansion of macro '__DEF_IF_HOST'
  183 | __SM_30_INTRINSICS_DECL__ long long __shfl_sync(unsigned mask, long long var, int srcLane, int width=warpSize) __DEF_IF_HOST
      |                                                                                                                ^~~~~~~~~~~~~
/usr/local/cuda/include/sm_30_intrinsics.h: In function 'long long unsigned int __shfl_sync(unsigned int, long long unsigned int, int, int)':
/usr/local/cuda/include/sm_30_intrinsics.h:76:25: warning: no return statement in function returning non-void [-Wreturn-type]
   76 | #define __DEF_IF_HOST { }
      |                         ^
/usr/local/cuda/include/sm_30_intrinsics.h:184:130: note: in expansion of macro '__DEF_IF_HOST'
  184 | __SM_30_INTRINSICS_DECL__ unsigned long long __shfl_sync(unsigned mask, unsigned long long var, int srcLane, int width=warpSize) __DEF_IF_HOST
      |                                                                                                                                  ^~~~~~~~~~~~~
/usr/local/cuda/include/sm_30_intrinsics.h: In function 'long long int __shfl_up_sync(unsigned int, long long int, unsigned int, int)':
/usr/local/cuda/include/sm_30_intrinsics.h:76:25: warning: no return statement in function returning non-void [-Wreturn-type]
   76 | #define __DEF_IF_HOST { }
      |                         ^
/usr/local/cuda/include/sm_30_intrinsics.h:185:122: note: in expansion of macro '__DEF_IF_HOST'
  185 | __SM_30_INTRINSICS_DECL__ long long __shfl_up_sync(unsigned mask, long long var, unsigned int delta, int width=warpSize) __DEF_IF_HOST
      |                                                                                                                          ^~~~~~~~~~~~~
/usr/local/cuda/include/sm_30_intrinsics.h: In function 'long long unsigned int __shfl_up_sync(unsigned int, long long unsigned int, unsigned int, int)':
/usr/local/cuda/include/sm_30_intrinsics.h:76:25: warning: no return statement in function returning non-void [-Wreturn-type]
   76 | #define __DEF_IF_HOST { }
      |                         ^
/usr/local/cuda/include/sm_30_intrinsics.h:186:140: note: in expansion of macro '__DEF_IF_HOST'
  186 | __SM_30_INTRINSICS_DECL__ unsigned long long __shfl_up_sync(unsigned mask, unsigned long long var, unsigned int delta, int width=warpSize) __DEF_IF_HOST
      |                                                                                                                                            ^~~~~~~~~~~~~
/usr/local/cuda/include/sm_30_intrinsics.h: In function 'long long int __shfl_down_sync(unsigned int, long long int, unsigned int, int)':
/usr/local/cuda/include/sm_30_intrinsics.h:76:25: warning: no return statement in function returning non-void [-Wreturn-type]
   76 | #define __DEF_IF_HOST { }
      |                         ^
/usr/local/cuda/include/sm_30_intrinsics.h:187:124: note: in expansion of macro '__DEF_IF_HOST'
  187 | __SM_30_INTRINSICS_DECL__ long long __shfl_down_sync(unsigned mask, long long var, unsigned int delta, int width=warpSize) __DEF_IF_HOST
      |                                                                                                                            ^~~~~~~~~~~~~
/usr/local/cuda/include/sm_30_intrinsics.h: In function 'long long unsigned int __shfl_down_sync(unsigned int, long long unsigned int, unsigned int, int)':
/usr/local/cuda/include/sm_30_intrinsics.h:76:25: warning: no return statement in function returning non-void [-Wreturn-type]
   76 | #define __DEF_IF_HOST { }
      |                         ^
/usr/local/cuda/include/sm_30_intrinsics.h:188:142: note: in expansion of macro '__DEF_IF_HOST'
  188 | __SM_30_INTRINSICS_DECL__ unsigned long long __shfl_down_sync(unsigned mask, unsigned long long var, unsigned int delta, int width=warpSize) __DEF_IF_HOST
      |                                                                                                                                              ^~~~~~~~~~~~~
/usr/local/cuda/include/sm_30_intrinsics.h: In function 'long long int __shfl_xor_sync(unsigned int, long long int, int, int)':
/usr/local/cuda/include/sm_30_intrinsics.h:76:25: warning: no return statement in function returning non-void [-Wreturn-type]
   76 | #define __DEF_IF_HOST { }
      |                         ^
/usr/local/cuda/include/sm_30_intrinsics.h:189:117: note: in expansion of macro '__DEF_IF_HOST'
  189 | __SM_30_INTRINSICS_DECL__ long long __shfl_xor_sync(unsigned mask, long long var, int laneMask, int width=warpSize) __DEF_IF_HOST
      |                                                                                                                     ^~~~~~~~~~~~~
/usr/local/cuda/include/sm_30_intrinsics.h: In function 'long long unsigned int __shfl_xor_sync(unsigned int, long long unsigned int, int, int)':
/usr/local/cuda/include/sm_30_intrinsics.h:76:25: warning: no return statement in function returning non-void [-Wreturn-type]
   76 | #define __DEF_IF_HOST { }
      |                         ^
/usr/local/cuda/include/sm_30_intrinsics.h:190:135: note: in expansion of macro '__DEF_IF_HOST'
  190 | __SM_30_INTRINSICS_DECL__ unsigned long long __shfl_xor_sync(unsigned mask, unsigned long long var, int laneMask, int width=warpSize) __DEF_IF_HOST
      |                                                                                                                                       ^~~~~~~~~~~~~
/usr/local/cuda/include/sm_30_intrinsics.h: In function 'double __shfl_sync(unsigned int, double, int, int)':
/usr/local/cuda/include/sm_30_intrinsics.h:76:25: warning: no return statement in function returning non-void [-Wreturn-type]
   76 | #define __DEF_IF_HOST { }
      |                         ^
/usr/local/cuda/include/sm_30_intrinsics.h:191:106: note: in expansion of macro '__DEF_IF_HOST'
  191 | __SM_30_INTRINSICS_DECL__ double __shfl_sync(unsigned mask, double var, int srcLane, int width=warpSize) __DEF_IF_HOST
      |                                                                                                          ^~~~~~~~~~~~~
/usr/local/cuda/include/sm_30_intrinsics.h: In function 'double __shfl_up_sync(unsigned int, double, unsigned int, int)':
/usr/local/cuda/include/sm_30_intrinsics.h:76:25: warning: no return statement in function returning non-void [-Wreturn-type]
   76 | #define __DEF_IF_HOST { }
      |                         ^
/usr/local/cuda/include/sm_30_intrinsics.h:192:116: note: in expansion of macro '__DEF_IF_HOST'
  192 | __SM_30_INTRINSICS_DECL__ double __shfl_up_sync(unsigned mask, double var, unsigned int delta, int width=warpSize) __DEF_IF_HOST
      |                                                                                                                    ^~~~~~~~~~~~~
/usr/local/cuda/include/sm_30_intrinsics.h: In function 'double __shfl_down_sync(unsigned int, double, unsigned int, int)':
/usr/local/cuda/include/sm_30_intrinsics.h:76:25: warning: no return statement in function returning non-void [-Wreturn-type]
   76 | #define __DEF_IF_HOST { }
      |                         ^
/usr/local/cuda/include/sm_30_intrinsics.h:193:118: note: in expansion of macro '__DEF_IF_HOST'
  193 | __SM_30_INTRINSICS_DECL__ double __shfl_down_sync(unsigned mask, double var, unsigned int delta, int width=warpSize) __DEF_IF_HOST
      |                                                                                                                      ^~~~~~~~~~~~~
/usr/local/cuda/include/sm_30_intrinsics.h: In function 'double __shfl_xor_sync(unsigned int, double, int, int)':
/usr/local/cuda/include/sm_30_intrinsics.h:76:25: warning: no return statement in function returning non-void [-Wreturn-type]
   76 | #define __DEF_IF_HOST { }
      |                         ^
/usr/local/cuda/include/sm_30_intrinsics.h:194:111: note: in expansion of macro '__DEF_IF_HOST'
  194 | __SM_30_INTRINSICS_DECL__ double __shfl_xor_sync(unsigned mask, double var, int laneMask, int width=warpSize) __DEF_IF_HOST
      |                                                                                                               ^~~~~~~~~~~~~
/usr/local/cuda/include/sm_30_intrinsics.h: In function 'long int __shfl(long int, int, int)':
/usr/local/cuda/include/sm_30_intrinsics.h:76:25: warning: no return statement in function returning non-void [-Wreturn-type]
   76 | #define __DEF_IF_HOST { }
      |                         ^
/usr/local/cuda/include/sm_30_intrinsics.h:198:132: note: in expansion of macro '__DEF_IF_HOST'
  198 | __SM_30_INTRINSICS_DECL__ __DEPRECATED__(__WSB_DEPRECATION_MESSAGE(__shfl)) long __shfl(long var, int srcLane, int width=warpSize) __DEF_IF_HOST
      |                                                                                                                                    ^~~~~~~~~~~~~
/usr/local/cuda/include/sm_30_intrinsics.h: In function 'long unsigned int __shfl(long unsigned int, int, int)':
/usr/local/cuda/include/sm_30_intrinsics.h:76:25: warning: no return statement in function returning non-void [-Wreturn-type]
   76 | #define __DEF_IF_HOST { }
      |                         ^
/usr/local/cuda/include/sm_30_intrinsics.h:199:150: note: in expansion of macro '__DEF_IF_HOST'
  199 | __SM_30_INTRINSICS_DECL__ __DEPRECATED__(__WSB_DEPRECATION_MESSAGE(__shfl)) unsigned long __shfl(unsigned long var, int srcLane, int width=warpSize) __DEF_IF_HOST
      |                                                                                                                                                      ^~~~~~~~~~~~~
/usr/local/cuda/include/sm_30_intrinsics.h: In function 'long int __shfl_up(long int, unsigned int, int)':
/usr/local/cuda/include/sm_30_intrinsics.h:76:25: warning: no return statement in function returning non-void [-Wreturn-type]
   76 | #define __DEF_IF_HOST { }
      |                         ^
/usr/local/cuda/include/sm_30_intrinsics.h:200:145: note: in expansion of macro '__DEF_IF_HOST'
  200 | __SM_30_INTRINSICS_DECL__ __DEPRECATED__(__WSB_DEPRECATION_MESSAGE(__shfl_up)) long __shfl_up(long var, unsigned int delta, int width=warpSize) __DEF_IF_HOST
      |                                                                                                                                                 ^~~~~~~~~~~~~
/usr/local/cuda/include/sm_30_intrinsics.h: In function 'long unsigned int __shfl_up(long unsigned int, unsigned int, int)':
/usr/local/cuda/include/sm_30_intrinsics.h:76:25: warning: no return statement in function returning non-void [-Wreturn-type]
   76 | #define __DEF_IF_HOST { }
      |                         ^
/usr/local/cuda/include/sm_30_intrinsics.h:201:163: note: in expansion of macro '__DEF_IF_HOST'
  201 | __SM_30_INTRINSICS_DECL__ __DEPRECATED__(__WSB_DEPRECATION_MESSAGE(__shfl_up)) unsigned long __shfl_up(unsigned long var, unsigned int delta, int width=warpSize) __DEF_IF_HOST
      |                                                                                                                                                                   ^~~~~~~~~~~~~
/usr/local/cuda/include/sm_30_intrinsics.h: In function 'long int __shfl_down(long int, unsigned int, int)':
/usr/local/cuda/include/sm_30_intrinsics.h:76:25: warning: no return statement in function returning non-void [-Wreturn-type]
   76 | #define __DEF_IF_HOST { }
      |                         ^
/usr/local/cuda/include/sm_30_intrinsics.h:202:149: note: in expansion of macro '__DEF_IF_HOST'
  202 | __SM_30_INTRINSICS_DECL__ __DEPRECATED__(__WSB_DEPRECATION_MESSAGE(__shfl_down)) long __shfl_down(long var, unsigned int delta, int width=warpSize) __DEF_IF_HOST
      |                                                                                                                                                     ^~~~~~~~~~~~~
/usr/local/cuda/include/sm_30_intrinsics.h: In function 'long unsigned int __shfl_down(long unsigned int, unsigned int, int)':
/usr/local/cuda/include/sm_30_intrinsics.h:76:25: warning: no return statement in function returning non-void [-Wreturn-type]
   76 | #define __DEF_IF_HOST { }
      |                         ^
/usr/local/cuda/include/sm_30_intrinsics.h:203:167: note: in expansion of macro '__DEF_IF_HOST'
  203 | __SM_30_INTRINSICS_DECL__ __DEPRECATED__(__WSB_DEPRECATION_MESSAGE(__shfl_down)) unsigned long __shfl_down(unsigned long var, unsigned int delta, int width=warpSize) __DEF_IF_HOST
      |                                                                                                                                                                       ^~~~~~~~~~~~~
/usr/local/cuda/include/sm_30_intrinsics.h: In function 'long int __shfl_xor(long int, int, int)':
/usr/local/cuda/include/sm_30_intrinsics.h:76:25: warning: no return statement in function returning non-void [-Wreturn-type]
   76 | #define __DEF_IF_HOST { }
      |                         ^
/usr/local/cuda/include/sm_30_intrinsics.h:204:141: note: in expansion of macro '__DEF_IF_HOST'
  204 | __SM_30_INTRINSICS_DECL__ __DEPRECATED__(__WSB_DEPRECATION_MESSAGE(__shfl_xor)) long __shfl_xor(long var, int laneMask, int width=warpSize) __DEF_IF_HOST
      |                                                                                                                                             ^~~~~~~~~~~~~
/usr/local/cuda/include/sm_30_intrinsics.h: In function 'long unsigned int __shfl_xor(long unsigned int, int, int)':
/usr/local/cuda/include/sm_30_intrinsics.h:76:25: warning: no return statement in function returning non-void [-Wreturn-type]
   76 | #define __DEF_IF_HOST { }
      |                         ^
/usr/local/cuda/include/sm_30_intrinsics.h:205:159: note: in expansion of macro '__DEF_IF_HOST'
  205 | __SM_30_INTRINSICS_DECL__ __DEPRECATED__(__WSB_DEPRECATION_MESSAGE(__shfl_xor)) unsigned long __shfl_xor(unsigned long var, int laneMask, int width=warpSize) __DEF_IF_HOST
      |                                                                                                                                                               ^~~~~~~~~~~~~
/usr/local/cuda/include/sm_30_intrinsics.h: In function 'long int __shfl_sync(unsigned int, long int, int, int)':
/usr/local/cuda/include/sm_30_intrinsics.h:76:25: warning: no return statement in function returning non-void [-Wreturn-type]
   76 | #define __DEF_IF_HOST { }
      |                         ^
/usr/local/cuda/include/sm_30_intrinsics.h:208:102: note: in expansion of macro '__DEF_IF_HOST'
  208 | __SM_30_INTRINSICS_DECL__ long __shfl_sync(unsigned mask, long var, int srcLane, int width=warpSize) __DEF_IF_HOST
      |                                                                                                      ^~~~~~~~~~~~~
/usr/local/cuda/include/sm_30_intrinsics.h: In function 'long unsigned int __shfl_sync(unsigned int, long unsigned int, int, int)':
/usr/local/cuda/include/sm_30_intrinsics.h:76:25: warning: no return statement in function returning non-void [-Wreturn-type]
   76 | #define __DEF_IF_HOST { }
      |                         ^
/usr/local/cuda/include/sm_30_intrinsics.h:209:120: note: in expansion of macro '__DEF_IF_HOST'
  209 | __SM_30_INTRINSICS_DECL__ unsigned long __shfl_sync(unsigned mask, unsigned long var, int srcLane, int width=warpSize) __DEF_IF_HOST
      |                                                                                                                        ^~~~~~~~~~~~~
/usr/local/cuda/include/sm_30_intrinsics.h: In function 'long int __shfl_up_sync(unsigned int, long int, unsigned int, int)':
/usr/local/cuda/include/sm_30_intrinsics.h:76:25: warning: no return statement in function returning non-void [-Wreturn-type]
   76 | #define __DEF_IF_HOST { }
      |                         ^
/usr/local/cuda/include/sm_30_intrinsics.h:210:112: note: in expansion of macro '__DEF_IF_HOST'
  210 | __SM_30_INTRINSICS_DECL__ long __shfl_up_sync(unsigned mask, long var, unsigned int delta, int width=warpSize) __DEF_IF_HOST
      |                                                                                                                ^~~~~~~~~~~~~
/usr/local/cuda/include/sm_30_intrinsics.h: In function 'long unsigned int __shfl_up_sync(unsigned int, long unsigned int, unsigned int, int)':
/usr/local/cuda/include/sm_30_intrinsics.h:76:25: warning: no return statement in function returning non-void [-Wreturn-type]
   76 | #define __DEF_IF_HOST { }
      |                         ^
/usr/local/cuda/include/sm_30_intrinsics.h:211:130: note: in expansion of macro '__DEF_IF_HOST'
  211 | __SM_30_INTRINSICS_DECL__ unsigned long __shfl_up_sync(unsigned mask, unsigned long var, unsigned int delta, int width=warpSize) __DEF_IF_HOST
      |                                                                                                                                  ^~~~~~~~~~~~~
/usr/local/cuda/include/sm_30_intrinsics.h: In function 'long int __shfl_down_sync(unsigned int, long int, unsigned int, int)':
/usr/local/cuda/include/sm_30_intrinsics.h:76:25: warning: no return statement in function returning non-void [-Wreturn-type]
   76 | #define __DEF_IF_HOST { }
      |                         ^
/usr/local/cuda/include/sm_30_intrinsics.h:212:114: note: in expansion of macro '__DEF_IF_HOST'
  212 | __SM_30_INTRINSICS_DECL__ long __shfl_down_sync(unsigned mask, long var, unsigned int delta, int width=warpSize) __DEF_IF_HOST
      |                                                                                                                  ^~~~~~~~~~~~~
/usr/local/cuda/include/sm_30_intrinsics.h: In function 'long unsigned int __shfl_down_sync(unsigned int, long unsigned int, unsigned int, int)':
/usr/local/cuda/include/sm_30_intrinsics.h:76:25: warning: no return statement in function returning non-void [-Wreturn-type]
   76 | #define __DEF_IF_HOST { }
      |                         ^
/usr/local/cuda/include/sm_30_intrinsics.h:213:132: note: in expansion of macro '__DEF_IF_HOST'
  213 | __SM_30_INTRINSICS_DECL__ unsigned long __shfl_down_sync(unsigned mask, unsigned long var, unsigned int delta, int width=warpSize) __DEF_IF_HOST
      |                                                                                                                                    ^~~~~~~~~~~~~
/usr/local/cuda/include/sm_30_intrinsics.h: In function 'long int __shfl_xor_sync(unsigned int, long int, int, int)':
/usr/local/cuda/include/sm_30_intrinsics.h:76:25: warning: no return statement in function returning non-void [-Wreturn-type]
   76 | #define __DEF_IF_HOST { }
      |                         ^
/usr/local/cuda/include/sm_30_intrinsics.h:214:107: note: in expansion of macro '__DEF_IF_HOST'
  214 | __SM_30_INTRINSICS_DECL__ long __shfl_xor_sync(unsigned mask, long var, int laneMask, int width=warpSize) __DEF_IF_HOST
      |                                                                                                           ^~~~~~~~~~~~~
/usr/local/cuda/include/sm_30_intrinsics.h: In function 'long unsigned int __shfl_xor_sync(unsigned int, long unsigned int, int, int)':
/usr/local/cuda/include/sm_30_intrinsics.h:76:25: warning: no return statement in function returning non-void [-Wreturn-type]
   76 | #define __DEF_IF_HOST { }
      |                         ^
/usr/local/cuda/include/sm_30_intrinsics.h:215:125: note: in expansion of macro '__DEF_IF_HOST'
  215 | __SM_30_INTRINSICS_DECL__ unsigned long __shfl_xor_sync(unsigned mask, unsigned long var, int laneMask, int width=warpSize) __DEF_IF_HOST
      |                                                                                                                             ^~~~~~~~~~~~~
In file included from /usr/local/cuda/include/crt/device_functions.h:3623,
                 from /home/GVirtuS/GVirtuS/plugins/cudart/backend/CudaRtHandler.h:71,
                 from /home/GVirtuS/GVirtuS/plugins/cudart/backend/CudaRtHandler_internal.cpp:27:
/usr/local/cuda/include/sm_32_intrinsics.h: In function 'long int __ldg(const long int*)':
/usr/local/cuda/include/sm_32_intrinsics.h:74:25: warning: no return statement in function returning non-void [-Wreturn-type]
   74 | #define __DEF_IF_HOST { }
      |                         ^
/usr/local/cuda/include/sm_32_intrinsics.h:87:55: note: in expansion of macro '__DEF_IF_HOST'
   87 | __SM_32_INTRINSICS_DECL__ long __ldg(const long *ptr) __DEF_IF_HOST
      |                                                       ^~~~~~~~~~~~~
/usr/local/cuda/include/sm_32_intrinsics.h: In function 'long unsigned int __ldg(const long unsigned int*)':
/usr/local/cuda/include/sm_32_intrinsics.h:74:25: warning: no return statement in function returning non-void [-Wreturn-type]
   74 | #define __DEF_IF_HOST { }
      |                         ^
/usr/local/cuda/include/sm_32_intrinsics.h:88:73: note: in expansion of macro '__DEF_IF_HOST'
   88 | __SM_32_INTRINSICS_DECL__ unsigned long __ldg(const unsigned long *ptr) __DEF_IF_HOST
      |                                                                         ^~~~~~~~~~~~~
/usr/local/cuda/include/sm_32_intrinsics.h: In function 'char __ldg(const char*)':
/usr/local/cuda/include/sm_32_intrinsics.h:74:25: warning: no return statement in function returning non-void [-Wreturn-type]
   74 | #define __DEF_IF_HOST { }
      |                         ^
/usr/local/cuda/include/sm_32_intrinsics.h:90:55: note: in expansion of macro '__DEF_IF_HOST'
   90 | __SM_32_INTRINSICS_DECL__ char __ldg(const char *ptr) __DEF_IF_HOST
      |                                                       ^~~~~~~~~~~~~
/usr/local/cuda/include/sm_32_intrinsics.h: In function 'signed char __ldg(const signed char*)':
/usr/local/cuda/include/sm_32_intrinsics.h:74:25: warning: no return statement in function returning non-void [-Wreturn-type]
   74 | #define __DEF_IF_HOST { }
      |                         ^
/usr/local/cuda/include/sm_32_intrinsics.h:91:69: note: in expansion of macro '__DEF_IF_HOST'
   91 | __SM_32_INTRINSICS_DECL__ signed char __ldg(const signed char *ptr) __DEF_IF_HOST
      |                                                                     ^~~~~~~~~~~~~
/usr/local/cuda/include/sm_32_intrinsics.h: In function 'short int __ldg(const short int*)':
/usr/local/cuda/include/sm_32_intrinsics.h:74:25: warning: no return statement in function returning non-void [-Wreturn-type]
   74 | #define __DEF_IF_HOST { }
      |                         ^
/usr/local/cuda/include/sm_32_intrinsics.h:92:57: note: in expansion of macro '__DEF_IF_HOST'
   92 | __SM_32_INTRINSICS_DECL__ short __ldg(const short *ptr) __DEF_IF_HOST
      |                                                         ^~~~~~~~~~~~~
/usr/local/cuda/include/sm_32_intrinsics.h: In function 'int __ldg(const int*)':
/usr/local/cuda/include/sm_32_intrinsics.h:74:25: warning: no return statement in function returning non-void [-Wreturn-type]
   74 | #define __DEF_IF_HOST { }
      |                         ^
/usr/local/cuda/include/sm_32_intrinsics.h:93:53: note: in expansion of macro '__DEF_IF_HOST'
   93 | __SM_32_INTRINSICS_DECL__ int __ldg(const int *ptr) __DEF_IF_HOST
      |                                                     ^~~~~~~~~~~~~
/usr/local/cuda/include/sm_32_intrinsics.h: In function 'long long int __ldg(const long long int*)':
/usr/local/cuda/include/sm_32_intrinsics.h:74:25: warning: no return statement in function returning non-void [-Wreturn-type]
   74 | #define __DEF_IF_HOST { }
      |                         ^
/usr/local/cuda/include/sm_32_intrinsics.h:94:65: note: in expansion of macro '__DEF_IF_HOST'
   94 | __SM_32_INTRINSICS_DECL__ long long __ldg(const long long *ptr) __DEF_IF_HOST
      |                                                                 ^~~~~~~~~~~~~
/usr/local/cuda/include/sm_32_intrinsics.h: In function 'char2 __ldg(const char2*)':
/usr/local/cuda/include/sm_32_intrinsics.h:74:25: warning: no return statement in function returning non-void [-Wreturn-type]
   74 | #define __DEF_IF_HOST { }
      |                         ^
/usr/local/cuda/include/sm_32_intrinsics.h:95:57: note: in expansion of macro '__DEF_IF_HOST'
   95 | __SM_32_INTRINSICS_DECL__ char2 __ldg(const char2 *ptr) __DEF_IF_HOST
      |                                                         ^~~~~~~~~~~~~
/usr/local/cuda/include/sm_32_intrinsics.h: In function 'char4 __ldg(const char4*)':
/usr/local/cuda/include/sm_32_intrinsics.h:74:25: warning: no return statement in function returning non-void [-Wreturn-type]
   74 | #define __DEF_IF_HOST { }
      |                         ^
/usr/local/cuda/include/sm_32_intrinsics.h:96:57: note: in expansion of macro '__DEF_IF_HOST'
   96 | __SM_32_INTRINSICS_DECL__ char4 __ldg(const char4 *ptr) __DEF_IF_HOST
      |                                                         ^~~~~~~~~~~~~
/usr/local/cuda/include/sm_32_intrinsics.h: In function 'short2 __ldg(const short2*)':
/usr/local/cuda/include/sm_32_intrinsics.h:74:25: warning: no return statement in function returning non-void [-Wreturn-type]
   74 | #define __DEF_IF_HOST { }
      |                         ^
/usr/local/cuda/include/sm_32_intrinsics.h:97:59: note: in expansion of macro '__DEF_IF_HOST'
   97 | __SM_32_INTRINSICS_DECL__ short2 __ldg(const short2 *ptr) __DEF_IF_HOST
      |                                                           ^~~~~~~~~~~~~
/usr/local/cuda/include/sm_32_intrinsics.h: In function 'short4 __ldg(const short4*)':
/usr/local/cuda/include/sm_32_intrinsics.h:74:25: warning: no return statement in function returning non-void [-Wreturn-type]
   74 | #define __DEF_IF_HOST { }
      |                         ^
/usr/local/cuda/include/sm_32_intrinsics.h:98:59: note: in expansion of macro '__DEF_IF_HOST'
   98 | __SM_32_INTRINSICS_DECL__ short4 __ldg(const short4 *ptr) __DEF_IF_HOST
      |                                                           ^~~~~~~~~~~~~
/usr/local/cuda/include/sm_32_intrinsics.h: In function 'int2 __ldg(const int2*)':
/usr/local/cuda/include/sm_32_intrinsics.h:74:25: warning: no return statement in function returning non-void [-Wreturn-type]
   74 | #define __DEF_IF_HOST { }
      |                         ^
/usr/local/cuda/include/sm_32_intrinsics.h:99:55: note: in expansion of macro '__DEF_IF_HOST'
   99 | __SM_32_INTRINSICS_DECL__ int2 __ldg(const int2 *ptr) __DEF_IF_HOST
      |                                                       ^~~~~~~~~~~~~
/usr/local/cuda/include/sm_32_intrinsics.h: In function 'int4 __ldg(const int4*)':
/usr/local/cuda/include/sm_32_intrinsics.h:74:25: warning: no return statement in function returning non-void [-Wreturn-type]
   74 | #define __DEF_IF_HOST { }
      |                         ^
/usr/local/cuda/include/sm_32_intrinsics.h:100:55: note: in expansion of macro '__DEF_IF_HOST'
  100 | __SM_32_INTRINSICS_DECL__ int4 __ldg(const int4 *ptr) __DEF_IF_HOST
      |                                                       ^~~~~~~~~~~~~
/usr/local/cuda/include/sm_32_intrinsics.h: In function 'longlong2 __ldg(const longlong2*)':
/usr/local/cuda/include/sm_32_intrinsics.h:74:25: warning: no return statement in function returning non-void [-Wreturn-type]
   74 | #define __DEF_IF_HOST { }
      |                         ^
/usr/local/cuda/include/sm_32_intrinsics.h:101:65: note: in expansion of macro '__DEF_IF_HOST'
  101 | __SM_32_INTRINSICS_DECL__ longlong2 __ldg(const longlong2 *ptr) __DEF_IF_HOST
      |                                                                 ^~~~~~~~~~~~~
/usr/local/cuda/include/sm_32_intrinsics.h: In function 'unsigned char __ldg(const unsigned char*)':
/usr/local/cuda/include/sm_32_intrinsics.h:74:25: warning: no return statement in function returning non-void [-Wreturn-type]
   74 | #define __DEF_IF_HOST { }
      |                         ^
/usr/local/cuda/include/sm_32_intrinsics.h:103:73: note: in expansion of macro '__DEF_IF_HOST'
  103 | __SM_32_INTRINSICS_DECL__ unsigned char __ldg(const unsigned char *ptr) __DEF_IF_HOST
      |                                                                         ^~~~~~~~~~~~~
/usr/local/cuda/include/sm_32_intrinsics.h: In function 'short unsigned int __ldg(const short unsigned int*)':
/usr/local/cuda/include/sm_32_intrinsics.h:74:25: warning: no return statement in function returning non-void [-Wreturn-type]
   74 | #define __DEF_IF_HOST { }
      |                         ^
/usr/local/cuda/include/sm_32_intrinsics.h:104:75: note: in expansion of macro '__DEF_IF_HOST'
  104 | __SM_32_INTRINSICS_DECL__ unsigned short __ldg(const unsigned short *ptr) __DEF_IF_HOST
      |                                                                           ^~~~~~~~~~~~~
/usr/local/cuda/include/sm_32_intrinsics.h: In function 'unsigned int __ldg(const unsigned int*)':
/usr/local/cuda/include/sm_32_intrinsics.h:74:25: warning: no return statement in function returning non-void [-Wreturn-type]
   74 | #define __DEF_IF_HOST { }
      |                         ^
/usr/local/cuda/include/sm_32_intrinsics.h:105:71: note: in expansion of macro '__DEF_IF_HOST'
  105 | __SM_32_INTRINSICS_DECL__ unsigned int __ldg(const unsigned int *ptr) __DEF_IF_HOST
      |                                                                       ^~~~~~~~~~~~~
/usr/local/cuda/include/sm_32_intrinsics.h: In function 'long long unsigned int __ldg(const long long unsigned int*)':
/usr/local/cuda/include/sm_32_intrinsics.h:74:25: warning: no return statement in function returning non-void [-Wreturn-type]
   74 | #define __DEF_IF_HOST { }
      |                         ^
/usr/local/cuda/include/sm_32_intrinsics.h:106:83: note: in expansion of macro '__DEF_IF_HOST'
  106 | __SM_32_INTRINSICS_DECL__ unsigned long long __ldg(const unsigned long long *ptr) __DEF_IF_HOST
      |                                                                                   ^~~~~~~~~~~~~
/usr/local/cuda/include/sm_32_intrinsics.h: In function 'uchar2 __ldg(const uchar2*)':
/usr/local/cuda/include/sm_32_intrinsics.h:74:25: warning: no return statement in function returning non-void [-Wreturn-type]
   74 | #define __DEF_IF_HOST { }
      |                         ^
/usr/local/cuda/include/sm_32_intrinsics.h:107:59: note: in expansion of macro '__DEF_IF_HOST'
  107 | __SM_32_INTRINSICS_DECL__ uchar2 __ldg(const uchar2 *ptr) __DEF_IF_HOST
      |                                                           ^~~~~~~~~~~~~
/usr/local/cuda/include/sm_32_intrinsics.h: In function 'uchar4 __ldg(const uchar4*)':
/usr/local/cuda/include/sm_32_intrinsics.h:74:25: warning: no return statement in function returning non-void [-Wreturn-type]
   74 | #define __DEF_IF_HOST { }
      |                         ^
/usr/local/cuda/include/sm_32_intrinsics.h:108:59: note: in expansion of macro '__DEF_IF_HOST'
  108 | __SM_32_INTRINSICS_DECL__ uchar4 __ldg(const uchar4 *ptr) __DEF_IF_HOST
      |                                                           ^~~~~~~~~~~~~
/usr/local/cuda/include/sm_32_intrinsics.h: In function 'ushort2 __ldg(const ushort2*)':
/usr/local/cuda/include/sm_32_intrinsics.h:74:25: warning: no return statement in function returning non-void [-Wreturn-type]
   74 | #define __DEF_IF_HOST { }
      |                         ^
/usr/local/cuda/include/sm_32_intrinsics.h:109:61: note: in expansion of macro '__DEF_IF_HOST'
  109 | __SM_32_INTRINSICS_DECL__ ushort2 __ldg(const ushort2 *ptr) __DEF_IF_HOST
      |                                                             ^~~~~~~~~~~~~
/usr/local/cuda/include/sm_32_intrinsics.h: In function 'ushort4 __ldg(const ushort4*)':
/usr/local/cuda/include/sm_32_intrinsics.h:74:25: warning: no return statement in function returning non-void [-Wreturn-type]
   74 | #define __DEF_IF_HOST { }
      |                         ^
/usr/local/cuda/include/sm_32_intrinsics.h:110:61: note: in expansion of macro '__DEF_IF_HOST'
  110 | __SM_32_INTRINSICS_DECL__ ushort4 __ldg(const ushort4 *ptr) __DEF_IF_HOST
      |                                                             ^~~~~~~~~~~~~
/usr/local/cuda/include/sm_32_intrinsics.h: In function 'uint2 __ldg(const uint2*)':
/usr/local/cuda/include/sm_32_intrinsics.h:74:25: warning: no return statement in function returning non-void [-Wreturn-type]
   74 | #define __DEF_IF_HOST { }
      |                         ^
/usr/local/cuda/include/sm_32_intrinsics.h:111:57: note: in expansion of macro '__DEF_IF_HOST'
  111 | __SM_32_INTRINSICS_DECL__ uint2 __ldg(const uint2 *ptr) __DEF_IF_HOST
      |                                                         ^~~~~~~~~~~~~
/usr/local/cuda/include/sm_32_intrinsics.h: In function 'uint4 __ldg(const uint4*)':
/usr/local/cuda/include/sm_32_intrinsics.h:74:25: warning: no return statement in function returning non-void [-Wreturn-type]
   74 | #define __DEF_IF_HOST { }
      |                         ^
/usr/local/cuda/include/sm_32_intrinsics.h:112:57: note: in expansion of macro '__DEF_IF_HOST'
  112 | __SM_32_INTRINSICS_DECL__ uint4 __ldg(const uint4 *ptr) __DEF_IF_HOST
      |                                                         ^~~~~~~~~~~~~
/usr/local/cuda/include/sm_32_intrinsics.h: In function 'ulonglong2 __ldg(const ulonglong2*)':
/usr/local/cuda/include/sm_32_intrinsics.h:74:25: warning: no return statement in function returning non-void [-Wreturn-type]
   74 | #define __DEF_IF_HOST { }
      |                         ^
/usr/local/cuda/include/sm_32_intrinsics.h:113:67: note: in expansion of macro '__DEF_IF_HOST'
  113 | __SM_32_INTRINSICS_DECL__ ulonglong2 __ldg(const ulonglong2 *ptr) __DEF_IF_HOST
      |                                                                   ^~~~~~~~~~~~~
/usr/local/cuda/include/sm_32_intrinsics.h: In function 'float __ldg(const float*)':
/usr/local/cuda/include/sm_32_intrinsics.h:74:25: warning: no return statement in function returning non-void [-Wreturn-type]
   74 | #define __DEF_IF_HOST { }
      |                         ^
/usr/local/cuda/include/sm_32_intrinsics.h:115:57: note: in expansion of macro '__DEF_IF_HOST'
  115 | __SM_32_INTRINSICS_DECL__ float __ldg(const float *ptr) __DEF_IF_HOST
      |                                                         ^~~~~~~~~~~~~
/usr/local/cuda/include/sm_32_intrinsics.h: In function 'double __ldg(const double*)':
/usr/local/cuda/include/sm_32_intrinsics.h:74:25: warning: no return statement in function returning non-void [-Wreturn-type]
   74 | #define __DEF_IF_HOST { }
      |                         ^
/usr/local/cuda/include/sm_32_intrinsics.h:116:59: note: in expansion of macro '__DEF_IF_HOST'
  116 | __SM_32_INTRINSICS_DECL__ double __ldg(const double *ptr) __DEF_IF_HOST
      |                                                           ^~~~~~~~~~~~~
/usr/local/cuda/include/sm_32_intrinsics.h: In function 'float2 __ldg(const float2*)':
/usr/local/cuda/include/sm_32_intrinsics.h:74:25: warning: no return statement in function returning non-void [-Wreturn-type]
   74 | #define __DEF_IF_HOST { }
      |                         ^
/usr/local/cuda/include/sm_32_intrinsics.h:117:59: note: in expansion of macro '__DEF_IF_HOST'
  117 | __SM_32_INTRINSICS_DECL__ float2 __ldg(const float2 *ptr) __DEF_IF_HOST
      |                                                           ^~~~~~~~~~~~~
/usr/local/cuda/include/sm_32_intrinsics.h: In function 'float4 __ldg(const float4*)':
/usr/local/cuda/include/sm_32_intrinsics.h:74:25: warning: no return statement in function returning non-void [-Wreturn-type]
   74 | #define __DEF_IF_HOST { }
      |                         ^
/usr/local/cuda/include/sm_32_intrinsics.h:118:59: note: in expansion of macro '__DEF_IF_HOST'
  118 | __SM_32_INTRINSICS_DECL__ float4 __ldg(const float4 *ptr) __DEF_IF_HOST
      |                                                           ^~~~~~~~~~~~~
/usr/local/cuda/include/sm_32_intrinsics.h: In function 'double2 __ldg(const double2*)':
/usr/local/cuda/include/sm_32_intrinsics.h:74:25: warning: no return statement in function returning non-void [-Wreturn-type]
   74 | #define __DEF_IF_HOST { }
      |                         ^
/usr/local/cuda/include/sm_32_intrinsics.h:119:61: note: in expansion of macro '__DEF_IF_HOST'
  119 | __SM_32_INTRINSICS_DECL__ double2 __ldg(const double2 *ptr) __DEF_IF_HOST
      |                                                             ^~~~~~~~~~~~~
/usr/local/cuda/include/sm_32_intrinsics.h: In function 'long int __ldcg(const long int*)':
/usr/local/cuda/include/sm_32_intrinsics.h:74:25: warning: no return statement in function returning non-void [-Wreturn-type]
   74 | #define __DEF_IF_HOST { }
      |                         ^
/usr/local/cuda/include/sm_32_intrinsics.h:123:56: note: in expansion of macro '__DEF_IF_HOST'
  123 | __SM_32_INTRINSICS_DECL__ long __ldcg(const long *ptr) __DEF_IF_HOST
      |                                                        ^~~~~~~~~~~~~
/usr/local/cuda/include/sm_32_intrinsics.h: In function 'long unsigned int __ldcg(const long unsigned int*)':
/usr/local/cuda/include/sm_32_intrinsics.h:74:25: warning: no return statement in function returning non-void [-Wreturn-type]
   74 | #define __DEF_IF_HOST { }
      |                         ^
/usr/local/cuda/include/sm_32_intrinsics.h:124:74: note: in expansion of macro '__DEF_IF_HOST'
  124 | __SM_32_INTRINSICS_DECL__ unsigned long __ldcg(const unsigned long *ptr) __DEF_IF_HOST
      |                                                                          ^~~~~~~~~~~~~
/usr/local/cuda/include/sm_32_intrinsics.h: In function 'char __ldcg(const char*)':
/usr/local/cuda/include/sm_32_intrinsics.h:74:25: warning: no return statement in function returning non-void [-Wreturn-type]
   74 | #define __DEF_IF_HOST { }
      |                         ^
/usr/local/cuda/include/sm_32_intrinsics.h:126:56: note: in expansion of macro '__DEF_IF_HOST'
  126 | __SM_32_INTRINSICS_DECL__ char __ldcg(const char *ptr) __DEF_IF_HOST
      |                                                        ^~~~~~~~~~~~~
/usr/local/cuda/include/sm_32_intrinsics.h: In function 'signed char __ldcg(const signed char*)':
/usr/local/cuda/include/sm_32_intrinsics.h:74:25: warning: no return statement in function returning non-void [-Wreturn-type]
   74 | #define __DEF_IF_HOST { }
      |                         ^
/usr/local/cuda/include/sm_32_intrinsics.h:127:70: note: in expansion of macro '__DEF_IF_HOST'
  127 | __SM_32_INTRINSICS_DECL__ signed char __ldcg(const signed char *ptr) __DEF_IF_HOST
      |                                                                      ^~~~~~~~~~~~~
/usr/local/cuda/include/sm_32_intrinsics.h: In function 'short int __ldcg(const short int*)':
/usr/local/cuda/include/sm_32_intrinsics.h:74:25: warning: no return statement in function returning non-void [-Wreturn-type]
   74 | #define __DEF_IF_HOST { }
      |                         ^
/usr/local/cuda/include/sm_32_intrinsics.h:128:58: note: in expansion of macro '__DEF_IF_HOST'
  128 | __SM_32_INTRINSICS_DECL__ short __ldcg(const short *ptr) __DEF_IF_HOST
      |                                                          ^~~~~~~~~~~~~
/usr/local/cuda/include/sm_32_intrinsics.h: In function 'int __ldcg(const int*)':
/usr/local/cuda/include/sm_32_intrinsics.h:74:25: warning: no return statement in function returning non-void [-Wreturn-type]
   74 | #define __DEF_IF_HOST { }
      |                         ^
/usr/local/cuda/include/sm_32_intrinsics.h:129:54: note: in expansion of macro '__DEF_IF_HOST'
  129 | __SM_32_INTRINSICS_DECL__ int __ldcg(const int *ptr) __DEF_IF_HOST
      |                                                      ^~~~~~~~~~~~~
/usr/local/cuda/include/sm_32_intrinsics.h: In function 'long long int __ldcg(const long long int*)':
/usr/local/cuda/include/sm_32_intrinsics.h:74:25: warning: no return statement in function returning non-void [-Wreturn-type]
   74 | #define __DEF_IF_HOST { }
      |                         ^
/usr/local/cuda/include/sm_32_intrinsics.h:130:66: note: in expansion of macro '__DEF_IF_HOST'
  130 | __SM_32_INTRINSICS_DECL__ long long __ldcg(const long long *ptr) __DEF_IF_HOST
      |                                                                  ^~~~~~~~~~~~~
/usr/local/cuda/include/sm_32_intrinsics.h: In function 'char2 __ldcg(const char2*)':
/usr/local/cuda/include/sm_32_intrinsics.h:74:25: warning: no return statement in function returning non-void [-Wreturn-type]
   74 | #define __DEF_IF_HOST { }
      |                         ^
/usr/local/cuda/include/sm_32_intrinsics.h:131:58: note: in expansion of macro '__DEF_IF_HOST'
  131 | __SM_32_INTRINSICS_DECL__ char2 __ldcg(const char2 *ptr) __DEF_IF_HOST
      |                                                          ^~~~~~~~~~~~~
/usr/local/cuda/include/sm_32_intrinsics.h: In function 'char4 __ldcg(const char4*)':
/usr/local/cuda/include/sm_32_intrinsics.h:74:25: warning: no return statement in function returning non-void [-Wreturn-type]
   74 | #define __DEF_IF_HOST { }
      |                         ^
/usr/local/cuda/include/sm_32_intrinsics.h:132:58: note: in expansion of macro '__DEF_IF_HOST'
  132 | __SM_32_INTRINSICS_DECL__ char4 __ldcg(const char4 *ptr) __DEF_IF_HOST
      |                                                          ^~~~~~~~~~~~~
/usr/local/cuda/include/sm_32_intrinsics.h: In function 'short2 __ldcg(const short2*)':
/usr/local/cuda/include/sm_32_intrinsics.h:74:25: warning: no return statement in function returning non-void [-Wreturn-type]
   74 | #define __DEF_IF_HOST { }
      |                         ^
/usr/local/cuda/include/sm_32_intrinsics.h:133:60: note: in expansion of macro '__DEF_IF_HOST'
  133 | __SM_32_INTRINSICS_DECL__ short2 __ldcg(const short2 *ptr) __DEF_IF_HOST
      |                                                            ^~~~~~~~~~~~~
/usr/local/cuda/include/sm_32_intrinsics.h: In function 'short4 __ldcg(const short4*)':
/usr/local/cuda/include/sm_32_intrinsics.h:74:25: warning: no return statement in function returning non-void [-Wreturn-type]
   74 | #define __DEF_IF_HOST { }
      |                         ^
/usr/local/cuda/include/sm_32_intrinsics.h:134:60: note: in expansion of macro '__DEF_IF_HOST'
  134 | __SM_32_INTRINSICS_DECL__ short4 __ldcg(const short4 *ptr) __DEF_IF_HOST
      |                                                            ^~~~~~~~~~~~~
/usr/local/cuda/include/sm_32_intrinsics.h: In function 'int2 __ldcg(const int2*)':
/usr/local/cuda/include/sm_32_intrinsics.h:74:25: warning: no return statement in function returning non-void [-Wreturn-type]
   74 | #define __DEF_IF_HOST { }
      |                         ^
/usr/local/cuda/include/sm_32_intrinsics.h:135:56: note: in expansion of macro '__DEF_IF_HOST'
  135 | __SM_32_INTRINSICS_DECL__ int2 __ldcg(const int2 *ptr) __DEF_IF_HOST
      |                                                        ^~~~~~~~~~~~~
/usr/local/cuda/include/sm_32_intrinsics.h: In function 'int4 __ldcg(const int4*)':
/usr/local/cuda/include/sm_32_intrinsics.h:74:25: warning: no return statement in function returning non-void [-Wreturn-type]
   74 | #define __DEF_IF_HOST { }
      |                         ^
/usr/local/cuda/include/sm_32_intrinsics.h:136:56: note: in expansion of macro '__DEF_IF_HOST'
  136 | __SM_32_INTRINSICS_DECL__ int4 __ldcg(const int4 *ptr) __DEF_IF_HOST
      |                                                        ^~~~~~~~~~~~~
/usr/local/cuda/include/sm_32_intrinsics.h: In function 'longlong2 __ldcg(const longlong2*)':
/usr/local/cuda/include/sm_32_intrinsics.h:74:25: warning: no return statement in function returning non-void [-Wreturn-type]
   74 | #define __DEF_IF_HOST { }
      |                         ^
/usr/local/cuda/include/sm_32_intrinsics.h:137:66: note: in expansion of macro '__DEF_IF_HOST'
  137 | __SM_32_INTRINSICS_DECL__ longlong2 __ldcg(const longlong2 *ptr) __DEF_IF_HOST
      |                                                                  ^~~~~~~~~~~~~
/usr/local/cuda/include/sm_32_intrinsics.h: In function 'unsigned char __ldcg(const unsigned char*)':
/usr/local/cuda/include/sm_32_intrinsics.h:74:25: warning: no return statement in function returning non-void [-Wreturn-type]
   74 | #define __DEF_IF_HOST { }
      |                         ^
/usr/local/cuda/include/sm_32_intrinsics.h:139:74: note: in expansion of macro '__DEF_IF_HOST'
  139 | __SM_32_INTRINSICS_DECL__ unsigned char __ldcg(const unsigned char *ptr) __DEF_IF_HOST
      |                                                                          ^~~~~~~~~~~~~
/usr/local/cuda/include/sm_32_intrinsics.h: In function 'short unsigned int __ldcg(const short unsigned int*)':
/usr/local/cuda/include/sm_32_intrinsics.h:74:25: warning: no return statement in function returning non-void [-Wreturn-type]
   74 | #define __DEF_IF_HOST { }
      |                         ^
/usr/local/cuda/include/sm_32_intrinsics.h:140:76: note: in expansion of macro '__DEF_IF_HOST'
  140 | __SM_32_INTRINSICS_DECL__ unsigned short __ldcg(const unsigned short *ptr) __DEF_IF_HOST
      |                                                                            ^~~~~~~~~~~~~
/usr/local/cuda/include/sm_32_intrinsics.h: In function 'unsigned int __ldcg(const unsigned int*)':
/usr/local/cuda/include/sm_32_intrinsics.h:74:25: warning: no return statement in function returning non-void [-Wreturn-type]
   74 | #define __DEF_IF_HOST { }
      |                         ^
/usr/local/cuda/include/sm_32_intrinsics.h:141:72: note: in expansion of macro '__DEF_IF_HOST'
  141 | __SM_32_INTRINSICS_DECL__ unsigned int __ldcg(const unsigned int *ptr) __DEF_IF_HOST
      |                                                                        ^~~~~~~~~~~~~
/usr/local/cuda/include/sm_32_intrinsics.h: In function 'long long unsigned int __ldcg(const long long unsigned int*)':
/usr/local/cuda/include/sm_32_intrinsics.h:74:25: warning: no return statement in function returning non-void [-Wreturn-type]
   74 | #define __DEF_IF_HOST { }
      |                         ^
/usr/local/cuda/include/sm_32_intrinsics.h:142:84: note: in expansion of macro '__DEF_IF_HOST'
  142 | __SM_32_INTRINSICS_DECL__ unsigned long long __ldcg(const unsigned long long *ptr) __DEF_IF_HOST
      |                                                                                    ^~~~~~~~~~~~~
/usr/local/cuda/include/sm_32_intrinsics.h: In function 'uchar2 __ldcg(const uchar2*)':
/usr/local/cuda/include/sm_32_intrinsics.h:74:25: warning: no return statement in function returning non-void [-Wreturn-type]
   74 | #define __DEF_IF_HOST { }
      |                         ^
/usr/local/cuda/include/sm_32_intrinsics.h:143:60: note: in expansion of macro '__DEF_IF_HOST'
  143 | __SM_32_INTRINSICS_DECL__ uchar2 __ldcg(const uchar2 *ptr) __DEF_IF_HOST
      |                                                            ^~~~~~~~~~~~~
/usr/local/cuda/include/sm_32_intrinsics.h: In function 'uchar4 __ldcg(const uchar4*)':
/usr/local/cuda/include/sm_32_intrinsics.h:74:25: warning: no return statement in function returning non-void [-Wreturn-type]
   74 | #define __DEF_IF_HOST { }
      |                         ^
/usr/local/cuda/include/sm_32_intrinsics.h:144:60: note: in expansion of macro '__DEF_IF_HOST'
  144 | __SM_32_INTRINSICS_DECL__ uchar4 __ldcg(const uchar4 *ptr) __DEF_IF_HOST
      |                                                            ^~~~~~~~~~~~~
/usr/local/cuda/include/sm_32_intrinsics.h: In function 'ushort2 __ldcg(const ushort2*)':
/usr/local/cuda/include/sm_32_intrinsics.h:74:25: warning: no return statement in function returning non-void [-Wreturn-type]
   74 | #define __DEF_IF_HOST { }
      |                         ^
/usr/local/cuda/include/sm_32_intrinsics.h:145:62: note: in expansion of macro '__DEF_IF_HOST'
  145 | __SM_32_INTRINSICS_DECL__ ushort2 __ldcg(const ushort2 *ptr) __DEF_IF_HOST
      |                                                              ^~~~~~~~~~~~~
/usr/local/cuda/include/sm_32_intrinsics.h: In function 'ushort4 __ldcg(const ushort4*)':
/usr/local/cuda/include/sm_32_intrinsics.h:74:25: warning: no return statement in function returning non-void [-Wreturn-type]
   74 | #define __DEF_IF_HOST { }
      |                         ^
/usr/local/cuda/include/sm_32_intrinsics.h:146:62: note: in expansion of macro '__DEF_IF_HOST'
  146 | __SM_32_INTRINSICS_DECL__ ushort4 __ldcg(const ushort4 *ptr) __DEF_IF_HOST
      |                                                              ^~~~~~~~~~~~~
/usr/local/cuda/include/sm_32_intrinsics.h: In function 'uint2 __ldcg(const uint2*)':
/usr/local/cuda/include/sm_32_intrinsics.h:74:25: warning: no return statement in function returning non-void [-Wreturn-type]
   74 | #define __DEF_IF_HOST { }
      |                         ^
/usr/local/cuda/include/sm_32_intrinsics.h:147:58: note: in expansion of macro '__DEF_IF_HOST'
  147 | __SM_32_INTRINSICS_DECL__ uint2 __ldcg(const uint2 *ptr) __DEF_IF_HOST
      |                                                          ^~~~~~~~~~~~~
/usr/local/cuda/include/sm_32_intrinsics.h: In function 'uint4 __ldcg(const uint4*)':
/usr/local/cuda/include/sm_32_intrinsics.h:74:25: warning: no return statement in function returning non-void [-Wreturn-type]
   74 | #define __DEF_IF_HOST { }
      |                         ^
/usr/local/cuda/include/sm_32_intrinsics.h:148:58: note: in expansion of macro '__DEF_IF_HOST'
  148 | __SM_32_INTRINSICS_DECL__ uint4 __ldcg(const uint4 *ptr) __DEF_IF_HOST
      |                                                          ^~~~~~~~~~~~~
/usr/local/cuda/include/sm_32_intrinsics.h: In function 'ulonglong2 __ldcg(const ulonglong2*)':
/usr/local/cuda/include/sm_32_intrinsics.h:74:25: warning: no return statement in function returning non-void [-Wreturn-type]
   74 | #define __DEF_IF_HOST { }
      |                         ^
/usr/local/cuda/include/sm_32_intrinsics.h:149:68: note: in expansion of macro '__DEF_IF_HOST'
  149 | __SM_32_INTRINSICS_DECL__ ulonglong2 __ldcg(const ulonglong2 *ptr) __DEF_IF_HOST
      |                                                                    ^~~~~~~~~~~~~
/usr/local/cuda/include/sm_32_intrinsics.h: In function 'float __ldcg(const float*)':
/usr/local/cuda/include/sm_32_intrinsics.h:74:25: warning: no return statement in function returning non-void [-Wreturn-type]
   74 | #define __DEF_IF_HOST { }
      |                         ^
/usr/local/cuda/include/sm_32_intrinsics.h:151:58: note: in expansion of macro '__DEF_IF_HOST'
  151 | __SM_32_INTRINSICS_DECL__ float __ldcg(const float *ptr) __DEF_IF_HOST
      |                                                          ^~~~~~~~~~~~~
/usr/local/cuda/include/sm_32_intrinsics.h: In function 'double __ldcg(const double*)':
/usr/local/cuda/include/sm_32_intrinsics.h:74:25: warning: no return statement in function returning non-void [-Wreturn-type]
   74 | #define __DEF_IF_HOST { }
      |                         ^
/usr/local/cuda/include/sm_32_intrinsics.h:152:60: note: in expansion of macro '__DEF_IF_HOST'
  152 | __SM_32_INTRINSICS_DECL__ double __ldcg(const double *ptr) __DEF_IF_HOST
      |                                                            ^~~~~~~~~~~~~
/usr/local/cuda/include/sm_32_intrinsics.h: In function 'float2 __ldcg(const float2*)':
/usr/local/cuda/include/sm_32_intrinsics.h:74:25: warning: no return statement in function returning non-void [-Wreturn-type]
   74 | #define __DEF_IF_HOST { }
      |                         ^
/usr/local/cuda/include/sm_32_intrinsics.h:153:60: note: in expansion of macro '__DEF_IF_HOST'
  153 | __SM_32_INTRINSICS_DECL__ float2 __ldcg(const float2 *ptr) __DEF_IF_HOST
      |                                                            ^~~~~~~~~~~~~
/usr/local/cuda/include/sm_32_intrinsics.h: In function 'float4 __ldcg(const float4*)':
/usr/local/cuda/include/sm_32_intrinsics.h:74:25: warning: no return statement in function returning non-void [-Wreturn-type]
   74 | #define __DEF_IF_HOST { }
      |                         ^
/usr/local/cuda/include/sm_32_intrinsics.h:154:60: note: in expansion of macro '__DEF_IF_HOST'
  154 | __SM_32_INTRINSICS_DECL__ float4 __ldcg(const float4 *ptr) __DEF_IF_HOST
      |                                                            ^~~~~~~~~~~~~
/usr/local/cuda/include/sm_32_intrinsics.h: In function 'double2 __ldcg(const double2*)':
/usr/local/cuda/include/sm_32_intrinsics.h:74:25: warning: no return statement in function returning non-void [-Wreturn-type]
   74 | #define __DEF_IF_HOST { }
      |                         ^
/usr/local/cuda/include/sm_32_intrinsics.h:155:62: note: in expansion of macro '__DEF_IF_HOST'
  155 | __SM_32_INTRINSICS_DECL__ double2 __ldcg(const double2 *ptr) __DEF_IF_HOST
      |                                                              ^~~~~~~~~~~~~
/usr/local/cuda/include/sm_32_intrinsics.h: In function 'long int __ldca(const long int*)':
/usr/local/cuda/include/sm_32_intrinsics.h:74:25: warning: no return statement in function returning non-void [-Wreturn-type]
   74 | #define __DEF_IF_HOST { }
      |                         ^
/usr/local/cuda/include/sm_32_intrinsics.h:159:56: note: in expansion of macro '__DEF_IF_HOST'
  159 | __SM_32_INTRINSICS_DECL__ long __ldca(const long *ptr) __DEF_IF_HOST
      |                                                        ^~~~~~~~~~~~~
/usr/local/cuda/include/sm_32_intrinsics.h: In function 'long unsigned int __ldca(const long unsigned int*)':
/usr/local/cuda/include/sm_32_intrinsics.h:74:25: warning: no return statement in function returning non-void [-Wreturn-type]
   74 | #define __DEF_IF_HOST { }
      |                         ^
/usr/local/cuda/include/sm_32_intrinsics.h:160:74: note: in expansion of macro '__DEF_IF_HOST'
  160 | __SM_32_INTRINSICS_DECL__ unsigned long __ldca(const unsigned long *ptr) __DEF_IF_HOST
      |                                                                          ^~~~~~~~~~~~~
/usr/local/cuda/include/sm_32_intrinsics.h: In function 'char __ldca(const char*)':
/usr/local/cuda/include/sm_32_intrinsics.h:74:25: warning: no return statement in function returning non-void [-Wreturn-type]
   74 | #define __DEF_IF_HOST { }
      |                         ^
/usr/local/cuda/include/sm_32_intrinsics.h:162:56: note: in expansion of macro '__DEF_IF_HOST'
  162 | __SM_32_INTRINSICS_DECL__ char __ldca(const char *ptr) __DEF_IF_HOST
      |                                                        ^~~~~~~~~~~~~
/usr/local/cuda/include/sm_32_intrinsics.h: In function 'signed char __ldca(const signed char*)':
/usr/local/cuda/include/sm_32_intrinsics.h:74:25: warning: no return statement in function returning non-void [-Wreturn-type]
   74 | #define __DEF_IF_HOST { }
      |                         ^
/usr/local/cuda/include/sm_32_intrinsics.h:163:70: note: in expansion of macro '__DEF_IF_HOST'
  163 | __SM_32_INTRINSICS_DECL__ signed char __ldca(const signed char *ptr) __DEF_IF_HOST
      |                                                                      ^~~~~~~~~~~~~
/usr/local/cuda/include/sm_32_intrinsics.h: In function 'short int __ldca(const short int*)':
/usr/local/cuda/include/sm_32_intrinsics.h:74:25: warning: no return statement in function returning non-void [-Wreturn-type]
   74 | #define __DEF_IF_HOST { }
      |                         ^
/usr/local/cuda/include/sm_32_intrinsics.h:164:58: note: in expansion of macro '__DEF_IF_HOST'
  164 | __SM_32_INTRINSICS_DECL__ short __ldca(const short *ptr) __DEF_IF_HOST
      |                                                          ^~~~~~~~~~~~~
/usr/local/cuda/include/sm_32_intrinsics.h: In function 'int __ldca(const int*)':
/usr/local/cuda/include/sm_32_intrinsics.h:74:25: warning: no return statement in function returning non-void [-Wreturn-type]
   74 | #define __DEF_IF_HOST { }
      |                         ^
/usr/local/cuda/include/sm_32_intrinsics.h:165:54: note: in expansion of macro '__DEF_IF_HOST'
  165 | __SM_32_INTRINSICS_DECL__ int __ldca(const int *ptr) __DEF_IF_HOST
      |                                                      ^~~~~~~~~~~~~
/usr/local/cuda/include/sm_32_intrinsics.h: In function 'long long int __ldca(const long long int*)':
/usr/local/cuda/include/sm_32_intrinsics.h:74:25: warning: no return statement in function returning non-void [-Wreturn-type]
   74 | #define __DEF_IF_HOST { }
      |                         ^
/usr/local/cuda/include/sm_32_intrinsics.h:166:66: note: in expansion of macro '__DEF_IF_HOST'
  166 | __SM_32_INTRINSICS_DECL__ long long __ldca(const long long *ptr) __DEF_IF_HOST
      |                                                                  ^~~~~~~~~~~~~
/usr/local/cuda/include/sm_32_intrinsics.h: In function 'char2 __ldca(const char2*)':
/usr/local/cuda/include/sm_32_intrinsics.h:74:25: warning: no return statement in function returning non-void [-Wreturn-type]
   74 | #define __DEF_IF_HOST { }
      |                         ^
/usr/local/cuda/include/sm_32_intrinsics.h:167:58: note: in expansion of macro '__DEF_IF_HOST'
  167 | __SM_32_INTRINSICS_DECL__ char2 __ldca(const char2 *ptr) __DEF_IF_HOST
      |                                                          ^~~~~~~~~~~~~
/usr/local/cuda/include/sm_32_intrinsics.h: In function 'char4 __ldca(const char4*)':
/usr/local/cuda/include/sm_32_intrinsics.h:74:25: warning: no return statement in function returning non-void [-Wreturn-type]
   74 | #define __DEF_IF_HOST { }
      |                         ^
/usr/local/cuda/include/sm_32_intrinsics.h:168:58: note: in expansion of macro '__DEF_IF_HOST'
  168 | __SM_32_INTRINSICS_DECL__ char4 __ldca(const char4 *ptr) __DEF_IF_HOST
      |                                                          ^~~~~~~~~~~~~
/usr/local/cuda/include/sm_32_intrinsics.h: In function 'short2 __ldca(const short2*)':
/usr/local/cuda/include/sm_32_intrinsics.h:74:25: warning: no return statement in function returning non-void [-Wreturn-type]
   74 | #define __DEF_IF_HOST { }
      |                         ^
/usr/local/cuda/include/sm_32_intrinsics.h:169:60: note: in expansion of macro '__DEF_IF_HOST'
  169 | __SM_32_INTRINSICS_DECL__ short2 __ldca(const short2 *ptr) __DEF_IF_HOST
      |                                                            ^~~~~~~~~~~~~
/usr/local/cuda/include/sm_32_intrinsics.h: In function 'short4 __ldca(const short4*)':
/usr/local/cuda/include/sm_32_intrinsics.h:74:25: warning: no return statement in function returning non-void [-Wreturn-type]
   74 | #define __DEF_IF_HOST { }
      |                         ^
/usr/local/cuda/include/sm_32_intrinsics.h:170:60: note: in expansion of macro '__DEF_IF_HOST'
  170 | __SM_32_INTRINSICS_DECL__ short4 __ldca(const short4 *ptr) __DEF_IF_HOST
      |                                                            ^~~~~~~~~~~~~
/usr/local/cuda/include/sm_32_intrinsics.h: In function 'int2 __ldca(const int2*)':
/usr/local/cuda/include/sm_32_intrinsics.h:74:25: warning: no return statement in function returning non-void [-Wreturn-type]
   74 | #define __DEF_IF_HOST { }
      |                         ^
/usr/local/cuda/include/sm_32_intrinsics.h:171:56: note: in expansion of macro '__DEF_IF_HOST'
  171 | __SM_32_INTRINSICS_DECL__ int2 __ldca(const int2 *ptr) __DEF_IF_HOST
      |                                                        ^~~~~~~~~~~~~
/usr/local/cuda/include/sm_32_intrinsics.h: In function 'int4 __ldca(const int4*)':
/usr/local/cuda/include/sm_32_intrinsics.h:74:25: warning: no return statement in function returning non-void [-Wreturn-type]
   74 | #define __DEF_IF_HOST { }
      |                         ^
/usr/local/cuda/include/sm_32_intrinsics.h:172:56: note: in expansion of macro '__DEF_IF_HOST'
  172 | __SM_32_INTRINSICS_DECL__ int4 __ldca(const int4 *ptr) __DEF_IF_HOST
      |                                                        ^~~~~~~~~~~~~
/usr/local/cuda/include/sm_32_intrinsics.h: In function 'longlong2 __ldca(const longlong2*)':
/usr/local/cuda/include/sm_32_intrinsics.h:74:25: warning: no return statement in function returning non-void [-Wreturn-type]
   74 | #define __DEF_IF_HOST { }
      |                         ^
/usr/local/cuda/include/sm_32_intrinsics.h:173:66: note: in expansion of macro '__DEF_IF_HOST'
  173 | __SM_32_INTRINSICS_DECL__ longlong2 __ldca(const longlong2 *ptr) __DEF_IF_HOST
      |                                                                  ^~~~~~~~~~~~~
/usr/local/cuda/include/sm_32_intrinsics.h: In function 'unsigned char __ldca(const unsigned char*)':
/usr/local/cuda/include/sm_32_intrinsics.h:74:25: warning: no return statement in function returning non-void [-Wreturn-type]
   74 | #define __DEF_IF_HOST { }
      |                         ^
/usr/local/cuda/include/sm_32_intrinsics.h:175:74: note: in expansion of macro '__DEF_IF_HOST'
  175 | __SM_32_INTRINSICS_DECL__ unsigned char __ldca(const unsigned char *ptr) __DEF_IF_HOST
      |                                                                          ^~~~~~~~~~~~~
/usr/local/cuda/include/sm_32_intrinsics.h: In function 'short unsigned int __ldca(const short unsigned int*)':
/usr/local/cuda/include/sm_32_intrinsics.h:74:25: warning: no return statement in function returning non-void [-Wreturn-type]
   74 | #define __DEF_IF_HOST { }
      |                         ^
/usr/local/cuda/include/sm_32_intrinsics.h:176:76: note: in expansion of macro '__DEF_IF_HOST'
  176 | __SM_32_INTRINSICS_DECL__ unsigned short __ldca(const unsigned short *ptr) __DEF_IF_HOST
      |                                                                            ^~~~~~~~~~~~~
/usr/local/cuda/include/sm_32_intrinsics.h: In function 'unsigned int __ldca(const unsigned int*)':
/usr/local/cuda/include/sm_32_intrinsics.h:74:25: warning: no return statement in function returning non-void [-Wreturn-type]
   74 | #define __DEF_IF_HOST { }
      |                         ^
/usr/local/cuda/include/sm_32_intrinsics.h:177:72: note: in expansion of macro '__DEF_IF_HOST'
  177 | __SM_32_INTRINSICS_DECL__ unsigned int __ldca(const unsigned int *ptr) __DEF_IF_HOST
      |                                                                        ^~~~~~~~~~~~~
/usr/local/cuda/include/sm_32_intrinsics.h: In function 'long long unsigned int __ldca(const long long unsigned int*)':
/usr/local/cuda/include/sm_32_intrinsics.h:74:25: warning: no return statement in function returning non-void [-Wreturn-type]
   74 | #define __DEF_IF_HOST { }
      |                         ^
/usr/local/cuda/include/sm_32_intrinsics.h:178:84: note: in expansion of macro '__DEF_IF_HOST'
  178 | __SM_32_INTRINSICS_DECL__ unsigned long long __ldca(const unsigned long long *ptr) __DEF_IF_HOST
      |                                                                                    ^~~~~~~~~~~~~
/usr/local/cuda/include/sm_32_intrinsics.h: In function 'uchar2 __ldca(const uchar2*)':
/usr/local/cuda/include/sm_32_intrinsics.h:74:25: warning: no return statement in function returning non-void [-Wreturn-type]
   74 | #define __DEF_IF_HOST { }
      |                         ^
/usr/local/cuda/include/sm_32_intrinsics.h:179:60: note: in expansion of macro '__DEF_IF_HOST'
  179 | __SM_32_INTRINSICS_DECL__ uchar2 __ldca(const uchar2 *ptr) __DEF_IF_HOST
      |                                                            ^~~~~~~~~~~~~
/usr/local/cuda/include/sm_32_intrinsics.h: In function 'uchar4 __ldca(const uchar4*)':
/usr/local/cuda/include/sm_32_intrinsics.h:74:25: warning: no return statement in function returning non-void [-Wreturn-type]
   74 | #define __DEF_IF_HOST { }
      |                         ^
/usr/local/cuda/include/sm_32_intrinsics.h:180:60: note: in expansion of macro '__DEF_IF_HOST'
  180 | __SM_32_INTRINSICS_DECL__ uchar4 __ldca(const uchar4 *ptr) __DEF_IF_HOST
      |                                                            ^~~~~~~~~~~~~
/usr/local/cuda/include/sm_32_intrinsics.h: In function 'ushort2 __ldca(const ushort2*)':
/usr/local/cuda/include/sm_32_intrinsics.h:74:25: warning: no return statement in function returning non-void [-Wreturn-type]
   74 | #define __DEF_IF_HOST { }
      |                         ^
/usr/local/cuda/include/sm_32_intrinsics.h:181:62: note: in expansion of macro '__DEF_IF_HOST'
  181 | __SM_32_INTRINSICS_DECL__ ushort2 __ldca(const ushort2 *ptr) __DEF_IF_HOST
      |                                                              ^~~~~~~~~~~~~
/usr/local/cuda/include/sm_32_intrinsics.h: In function 'ushort4 __ldca(const ushort4*)':
/usr/local/cuda/include/sm_32_intrinsics.h:74:25: warning: no return statement in function returning non-void [-Wreturn-type]
   74 | #define __DEF_IF_HOST { }
      |                         ^
/usr/local/cuda/include/sm_32_intrinsics.h:182:62: note: in expansion of macro '__DEF_IF_HOST'
  182 | __SM_32_INTRINSICS_DECL__ ushort4 __ldca(const ushort4 *ptr) __DEF_IF_HOST
      |                                                              ^~~~~~~~~~~~~
/usr/local/cuda/include/sm_32_intrinsics.h: In function 'uint2 __ldca(const uint2*)':
/usr/local/cuda/include/sm_32_intrinsics.h:74:25: warning: no return statement in function returning non-void [-Wreturn-type]
   74 | #define __DEF_IF_HOST { }
      |                         ^
/usr/local/cuda/include/sm_32_intrinsics.h:183:58: note: in expansion of macro '__DEF_IF_HOST'
  183 | __SM_32_INTRINSICS_DECL__ uint2 __ldca(const uint2 *ptr) __DEF_IF_HOST
      |                                                          ^~~~~~~~~~~~~
/usr/local/cuda/include/sm_32_intrinsics.h: In function 'uint4 __ldca(const uint4*)':
/usr/local/cuda/include/sm_32_intrinsics.h:74:25: warning: no return statement in function returning non-void [-Wreturn-type]
   74 | #define __DEF_IF_HOST { }
      |                         ^
/usr/local/cuda/include/sm_32_intrinsics.h:184:58: note: in expansion of macro '__DEF_IF_HOST'
  184 | __SM_32_INTRINSICS_DECL__ uint4 __ldca(const uint4 *ptr) __DEF_IF_HOST
      |                                                          ^~~~~~~~~~~~~
/usr/local/cuda/include/sm_32_intrinsics.h: In function 'ulonglong2 __ldca(const ulonglong2*)':
/usr/local/cuda/include/sm_32_intrinsics.h:74:25: warning: no return statement in function returning non-void [-Wreturn-type]
   74 | #define __DEF_IF_HOST { }
      |                         ^
/usr/local/cuda/include/sm_32_intrinsics.h:185:68: note: in expansion of macro '__DEF_IF_HOST'
  185 | __SM_32_INTRINSICS_DECL__ ulonglong2 __ldca(const ulonglong2 *ptr) __DEF_IF_HOST
      |                                                                    ^~~~~~~~~~~~~
/usr/local/cuda/include/sm_32_intrinsics.h: In function 'float __ldca(const float*)':
/usr/local/cuda/include/sm_32_intrinsics.h:74:25: warning: no return statement in function returning non-void [-Wreturn-type]
   74 | #define __DEF_IF_HOST { }
      |                         ^
/usr/local/cuda/include/sm_32_intrinsics.h:187:58: note: in expansion of macro '__DEF_IF_HOST'
  187 | __SM_32_INTRINSICS_DECL__ float __ldca(const float *ptr) __DEF_IF_HOST
      |                                                          ^~~~~~~~~~~~~
/usr/local/cuda/include/sm_32_intrinsics.h: In function 'double __ldca(const double*)':
/usr/local/cuda/include/sm_32_intrinsics.h:74:25: warning: no return statement in function returning non-void [-Wreturn-type]
   74 | #define __DEF_IF_HOST { }
      |                         ^
/usr/local/cuda/include/sm_32_intrinsics.h:188:60: note: in expansion of macro '__DEF_IF_HOST'
  188 | __SM_32_INTRINSICS_DECL__ double __ldca(const double *ptr) __DEF_IF_HOST
      |                                                            ^~~~~~~~~~~~~
/usr/local/cuda/include/sm_32_intrinsics.h: In function 'float2 __ldca(const float2*)':
/usr/local/cuda/include/sm_32_intrinsics.h:74:25: warning: no return statement in function returning non-void [-Wreturn-type]
   74 | #define __DEF_IF_HOST { }
      |                         ^
/usr/local/cuda/include/sm_32_intrinsics.h:189:60: note: in expansion of macro '__DEF_IF_HOST'
  189 | __SM_32_INTRINSICS_DECL__ float2 __ldca(const float2 *ptr) __DEF_IF_HOST
      |                                                            ^~~~~~~~~~~~~
/usr/local/cuda/include/sm_32_intrinsics.h: In function 'float4 __ldca(const float4*)':
/usr/local/cuda/include/sm_32_intrinsics.h:74:25: warning: no return statement in function returning non-void [-Wreturn-type]
   74 | #define __DEF_IF_HOST { }
      |                         ^
/usr/local/cuda/include/sm_32_intrinsics.h:190:60: note: in expansion of macro '__DEF_IF_HOST'
  190 | __SM_32_INTRINSICS_DECL__ float4 __ldca(const float4 *ptr) __DEF_IF_HOST
      |                                                            ^~~~~~~~~~~~~
/usr/local/cuda/include/sm_32_intrinsics.h: In function 'double2 __ldca(const double2*)':
/usr/local/cuda/include/sm_32_intrinsics.h:74:25: warning: no return statement in function returning non-void [-Wreturn-type]
   74 | #define __DEF_IF_HOST { }
      |                         ^
/usr/local/cuda/include/sm_32_intrinsics.h:191:62: note: in expansion of macro '__DEF_IF_HOST'
  191 | __SM_32_INTRINSICS_DECL__ double2 __ldca(const double2 *ptr) __DEF_IF_HOST
      |                                                              ^~~~~~~~~~~~~
/usr/local/cuda/include/sm_32_intrinsics.h: In function 'long int __ldcs(const long int*)':
/usr/local/cuda/include/sm_32_intrinsics.h:74:25: warning: no return statement in function returning non-void [-Wreturn-type]
   74 | #define __DEF_IF_HOST { }
      |                         ^
/usr/local/cuda/include/sm_32_intrinsics.h:195:56: note: in expansion of macro '__DEF_IF_HOST'
  195 | __SM_32_INTRINSICS_DECL__ long __ldcs(const long *ptr) __DEF_IF_HOST
      |                                                        ^~~~~~~~~~~~~
/usr/local/cuda/include/sm_32_intrinsics.h: In function 'long unsigned int __ldcs(const long unsigned int*)':
/usr/local/cuda/include/sm_32_intrinsics.h:74:25: warning: no return statement in function returning non-void [-Wreturn-type]
   74 | #define __DEF_IF_HOST { }
      |                         ^
/usr/local/cuda/include/sm_32_intrinsics.h:196:74: note: in expansion of macro '__DEF_IF_HOST'
  196 | __SM_32_INTRINSICS_DECL__ unsigned long __ldcs(const unsigned long *ptr) __DEF_IF_HOST
      |                                                                          ^~~~~~~~~~~~~
/usr/local/cuda/include/sm_32_intrinsics.h: In function 'char __ldcs(const char*)':
/usr/local/cuda/include/sm_32_intrinsics.h:74:25: warning: no return statement in function returning non-void [-Wreturn-type]
   74 | #define __DEF_IF_HOST { }
      |                         ^
/usr/local/cuda/include/sm_32_intrinsics.h:198:56: note: in expansion of macro '__DEF_IF_HOST'
  198 | __SM_32_INTRINSICS_DECL__ char __ldcs(const char *ptr) __DEF_IF_HOST
      |                                                        ^~~~~~~~~~~~~
/usr/local/cuda/include/sm_32_intrinsics.h: In function 'signed char __ldcs(const signed char*)':
/usr/local/cuda/include/sm_32_intrinsics.h:74:25: warning: no return statement in function returning non-void [-Wreturn-type]
   74 | #define __DEF_IF_HOST { }
      |                         ^
/usr/local/cuda/include/sm_32_intrinsics.h:199:70: note: in expansion of macro '__DEF_IF_HOST'
  199 | __SM_32_INTRINSICS_DECL__ signed char __ldcs(const signed char *ptr) __DEF_IF_HOST
      |                                                                      ^~~~~~~~~~~~~
/usr/local/cuda/include/sm_32_intrinsics.h: In function 'short int __ldcs(const short int*)':
/usr/local/cuda/include/sm_32_intrinsics.h:74:25: warning: no return statement in function returning non-void [-Wreturn-type]
   74 | #define __DEF_IF_HOST { }
      |                         ^
/usr/local/cuda/include/sm_32_intrinsics.h:200:58: note: in expansion of macro '__DEF_IF_HOST'
  200 | __SM_32_INTRINSICS_DECL__ short __ldcs(const short *ptr) __DEF_IF_HOST
      |                                                          ^~~~~~~~~~~~~
/usr/local/cuda/include/sm_32_intrinsics.h: In function 'int __ldcs(const int*)':
/usr/local/cuda/include/sm_32_intrinsics.h:74:25: warning: no return statement in function returning non-void [-Wreturn-type]
   74 | #define __DEF_IF_HOST { }
      |                         ^
/usr/local/cuda/include/sm_32_intrinsics.h:201:54: note: in expansion of macro '__DEF_IF_HOST'
  201 | __SM_32_INTRINSICS_DECL__ int __ldcs(const int *ptr) __DEF_IF_HOST
      |                                                      ^~~~~~~~~~~~~
/usr/local/cuda/include/sm_32_intrinsics.h: In function 'long long int __ldcs(const long long int*)':
/usr/local/cuda/include/sm_32_intrinsics.h:74:25: warning: no return statement in function returning non-void [-Wreturn-type]
   74 | #define __DEF_IF_HOST { }
      |                         ^
/usr/local/cuda/include/sm_32_intrinsics.h:202:66: note: in expansion of macro '__DEF_IF_HOST'
  202 | __SM_32_INTRINSICS_DECL__ long long __ldcs(const long long *ptr) __DEF_IF_HOST
      |                                                                  ^~~~~~~~~~~~~
/usr/local/cuda/include/sm_32_intrinsics.h: In function 'char2 __ldcs(const char2*)':
/usr/local/cuda/include/sm_32_intrinsics.h:74:25: warning: no return statement in function returning non-void [-Wreturn-type]
   74 | #define __DEF_IF_HOST { }
      |                         ^
/usr/local/cuda/include/sm_32_intrinsics.h:203:58: note: in expansion of macro '__DEF_IF_HOST'
  203 | __SM_32_INTRINSICS_DECL__ char2 __ldcs(const char2 *ptr) __DEF_IF_HOST
      |                                                          ^~~~~~~~~~~~~
/usr/local/cuda/include/sm_32_intrinsics.h: In function 'char4 __ldcs(const char4*)':
/usr/local/cuda/include/sm_32_intrinsics.h:74:25: warning: no return statement in function returning non-void [-Wreturn-type]
   74 | #define __DEF_IF_HOST { }
      |                         ^
/usr/local/cuda/include/sm_32_intrinsics.h:204:58: note: in expansion of macro '__DEF_IF_HOST'
  204 | __SM_32_INTRINSICS_DECL__ char4 __ldcs(const char4 *ptr) __DEF_IF_HOST
      |                                                          ^~~~~~~~~~~~~
/usr/local/cuda/include/sm_32_intrinsics.h: In function 'short2 __ldcs(const short2*)':
/usr/local/cuda/include/sm_32_intrinsics.h:74:25: warning: no return statement in function returning non-void [-Wreturn-type]
   74 | #define __DEF_IF_HOST { }
      |                         ^
/usr/local/cuda/include/sm_32_intrinsics.h:205:60: note: in expansion of macro '__DEF_IF_HOST'
  205 | __SM_32_INTRINSICS_DECL__ short2 __ldcs(const short2 *ptr) __DEF_IF_HOST
      |                                                            ^~~~~~~~~~~~~
/usr/local/cuda/include/sm_32_intrinsics.h: In function 'short4 __ldcs(const short4*)':
/usr/local/cuda/include/sm_32_intrinsics.h:74:25: warning: no return statement in function returning non-void [-Wreturn-type]
   74 | #define __DEF_IF_HOST { }
      |                         ^
/usr/local/cuda/include/sm_32_intrinsics.h:206:60: note: in expansion of macro '__DEF_IF_HOST'
  206 | __SM_32_INTRINSICS_DECL__ short4 __ldcs(const short4 *ptr) __DEF_IF_HOST
      |                                                            ^~~~~~~~~~~~~
/usr/local/cuda/include/sm_32_intrinsics.h: In function 'int2 __ldcs(const int2*)':
/usr/local/cuda/include/sm_32_intrinsics.h:74:25: warning: no return statement in function returning non-void [-Wreturn-type]
   74 | #define __DEF_IF_HOST { }
      |                         ^
/usr/local/cuda/include/sm_32_intrinsics.h:207:56: note: in expansion of macro '__DEF_IF_HOST'
  207 | __SM_32_INTRINSICS_DECL__ int2 __ldcs(const int2 *ptr) __DEF_IF_HOST
      |                                                        ^~~~~~~~~~~~~
/usr/local/cuda/include/sm_32_intrinsics.h: In function 'int4 __ldcs(const int4*)':
/usr/local/cuda/include/sm_32_intrinsics.h:74:25: warning: no return statement in function returning non-void [-Wreturn-type]
   74 | #define __DEF_IF_HOST { }
      |                         ^
/usr/local/cuda/include/sm_32_intrinsics.h:208:56: note: in expansion of macro '__DEF_IF_HOST'
  208 | __SM_32_INTRINSICS_DECL__ int4 __ldcs(const int4 *ptr) __DEF_IF_HOST
      |                                                        ^~~~~~~~~~~~~
/usr/local/cuda/include/sm_32_intrinsics.h: In function 'longlong2 __ldcs(const longlong2*)':
/usr/local/cuda/include/sm_32_intrinsics.h:74:25: warning: no return statement in function returning non-void [-Wreturn-type]
   74 | #define __DEF_IF_HOST { }
      |                         ^
/usr/local/cuda/include/sm_32_intrinsics.h:209:66: note: in expansion of macro '__DEF_IF_HOST'
  209 | __SM_32_INTRINSICS_DECL__ longlong2 __ldcs(const longlong2 *ptr) __DEF_IF_HOST
      |                                                                  ^~~~~~~~~~~~~
/usr/local/cuda/include/sm_32_intrinsics.h: In function 'unsigned char __ldcs(const unsigned char*)':
/usr/local/cuda/include/sm_32_intrinsics.h:74:25: warning: no return statement in function returning non-void [-Wreturn-type]
   74 | #define __DEF_IF_HOST { }
      |                         ^
/usr/local/cuda/include/sm_32_intrinsics.h:211:74: note: in expansion of macro '__DEF_IF_HOST'
  211 | __SM_32_INTRINSICS_DECL__ unsigned char __ldcs(const unsigned char *ptr) __DEF_IF_HOST
      |                                                                          ^~~~~~~~~~~~~
/usr/local/cuda/include/sm_32_intrinsics.h: In function 'short unsigned int __ldcs(const short unsigned int*)':
/usr/local/cuda/include/sm_32_intrinsics.h:74:25: warning: no return statement in function returning non-void [-Wreturn-type]
   74 | #define __DEF_IF_HOST { }
      |                         ^
/usr/local/cuda/include/sm_32_intrinsics.h:212:76: note: in expansion of macro '__DEF_IF_HOST'
  212 | __SM_32_INTRINSICS_DECL__ unsigned short __ldcs(const unsigned short *ptr) __DEF_IF_HOST
      |                                                                            ^~~~~~~~~~~~~
/usr/local/cuda/include/sm_32_intrinsics.h: In function 'unsigned int __ldcs(const unsigned int*)':
/usr/local/cuda/include/sm_32_intrinsics.h:74:25: warning: no return statement in function returning non-void [-Wreturn-type]
   74 | #define __DEF_IF_HOST { }
      |                         ^
/usr/local/cuda/include/sm_32_intrinsics.h:213:72: note: in expansion of macro '__DEF_IF_HOST'
  213 | __SM_32_INTRINSICS_DECL__ unsigned int __ldcs(const unsigned int *ptr) __DEF_IF_HOST
      |                                                                        ^~~~~~~~~~~~~
/usr/local/cuda/include/sm_32_intrinsics.h: In function 'long long unsigned int __ldcs(const long long unsigned int*)':
/usr/local/cuda/include/sm_32_intrinsics.h:74:25: warning: no return statement in function returning non-void [-Wreturn-type]
   74 | #define __DEF_IF_HOST { }
      |                         ^
/usr/local/cuda/include/sm_32_intrinsics.h:214:84: note: in expansion of macro '__DEF_IF_HOST'
  214 | __SM_32_INTRINSICS_DECL__ unsigned long long __ldcs(const unsigned long long *ptr) __DEF_IF_HOST
      |                                                                                    ^~~~~~~~~~~~~
/usr/local/cuda/include/sm_32_intrinsics.h: In function 'uchar2 __ldcs(const uchar2*)':
/usr/local/cuda/include/sm_32_intrinsics.h:74:25: warning: no return statement in function returning non-void [-Wreturn-type]
   74 | #define __DEF_IF_HOST { }
      |                         ^
/usr/local/cuda/include/sm_32_intrinsics.h:215:60: note: in expansion of macro '__DEF_IF_HOST'
  215 | __SM_32_INTRINSICS_DECL__ uchar2 __ldcs(const uchar2 *ptr) __DEF_IF_HOST
      |                                                            ^~~~~~~~~~~~~
/usr/local/cuda/include/sm_32_intrinsics.h: In function 'uchar4 __ldcs(const uchar4*)':
/usr/local/cuda/include/sm_32_intrinsics.h:74:25: warning: no return statement in function returning non-void [-Wreturn-type]
   74 | #define __DEF_IF_HOST { }
      |                         ^
/usr/local/cuda/include/sm_32_intrinsics.h:216:60: note: in expansion of macro '__DEF_IF_HOST'
  216 | __SM_32_INTRINSICS_DECL__ uchar4 __ldcs(const uchar4 *ptr) __DEF_IF_HOST
      |                                                            ^~~~~~~~~~~~~
/usr/local/cuda/include/sm_32_intrinsics.h: In function 'ushort2 __ldcs(const ushort2*)':
/usr/local/cuda/include/sm_32_intrinsics.h:74:25: warning: no return statement in function returning non-void [-Wreturn-type]
   74 | #define __DEF_IF_HOST { }
      |                         ^
/usr/local/cuda/include/sm_32_intrinsics.h:217:62: note: in expansion of macro '__DEF_IF_HOST'
  217 | __SM_32_INTRINSICS_DECL__ ushort2 __ldcs(const ushort2 *ptr) __DEF_IF_HOST
      |                                                              ^~~~~~~~~~~~~
/usr/local/cuda/include/sm_32_intrinsics.h: In function 'ushort4 __ldcs(const ushort4*)':
/usr/local/cuda/include/sm_32_intrinsics.h:74:25: warning: no return statement in function returning non-void [-Wreturn-type]
   74 | #define __DEF_IF_HOST { }
      |                         ^
/usr/local/cuda/include/sm_32_intrinsics.h:218:62: note: in expansion of macro '__DEF_IF_HOST'
  218 | __SM_32_INTRINSICS_DECL__ ushort4 __ldcs(const ushort4 *ptr) __DEF_IF_HOST
      |                                                              ^~~~~~~~~~~~~
/usr/local/cuda/include/sm_32_intrinsics.h: In function 'uint2 __ldcs(const uint2*)':
/usr/local/cuda/include/sm_32_intrinsics.h:74:25: warning: no return statement in function returning non-void [-Wreturn-type]
   74 | #define __DEF_IF_HOST { }
      |                         ^
/usr/local/cuda/include/sm_32_intrinsics.h:219:58: note: in expansion of macro '__DEF_IF_HOST'
  219 | __SM_32_INTRINSICS_DECL__ uint2 __ldcs(const uint2 *ptr) __DEF_IF_HOST
      |                                                          ^~~~~~~~~~~~~
/usr/local/cuda/include/sm_32_intrinsics.h: In function 'uint4 __ldcs(const uint4*)':
/usr/local/cuda/include/sm_32_intrinsics.h:74:25: warning: no return statement in function returning non-void [-Wreturn-type]
   74 | #define __DEF_IF_HOST { }
      |                         ^
/usr/local/cuda/include/sm_32_intrinsics.h:220:58: note: in expansion of macro '__DEF_IF_HOST'
  220 | __SM_32_INTRINSICS_DECL__ uint4 __ldcs(const uint4 *ptr) __DEF_IF_HOST
      |                                                          ^~~~~~~~~~~~~
/usr/local/cuda/include/sm_32_intrinsics.h: In function 'ulonglong2 __ldcs(const ulonglong2*)':
/usr/local/cuda/include/sm_32_intrinsics.h:74:25: warning: no return statement in function returning non-void [-Wreturn-type]
   74 | #define __DEF_IF_HOST { }
      |                         ^
/usr/local/cuda/include/sm_32_intrinsics.h:221:68: note: in expansion of macro '__DEF_IF_HOST'
  221 | __SM_32_INTRINSICS_DECL__ ulonglong2 __ldcs(const ulonglong2 *ptr) __DEF_IF_HOST
      |                                                                    ^~~~~~~~~~~~~
/usr/local/cuda/include/sm_32_intrinsics.h: In function 'float __ldcs(const float*)':
/usr/local/cuda/include/sm_32_intrinsics.h:74:25: warning: no return statement in function returning non-void [-Wreturn-type]
   74 | #define __DEF_IF_HOST { }
      |                         ^
/usr/local/cuda/include/sm_32_intrinsics.h:223:58: note: in expansion of macro '__DEF_IF_HOST'
  223 | __SM_32_INTRINSICS_DECL__ float __ldcs(const float *ptr) __DEF_IF_HOST
      |                                                          ^~~~~~~~~~~~~
/usr/local/cuda/include/sm_32_intrinsics.h: In function 'double __ldcs(const double*)':
/usr/local/cuda/include/sm_32_intrinsics.h:74:25: warning: no return statement in function returning non-void [-Wreturn-type]
   74 | #define __DEF_IF_HOST { }
      |                         ^
/usr/local/cuda/include/sm_32_intrinsics.h:224:60: note: in expansion of macro '__DEF_IF_HOST'
  224 | __SM_32_INTRINSICS_DECL__ double __ldcs(const double *ptr) __DEF_IF_HOST
      |                                                            ^~~~~~~~~~~~~
/usr/local/cuda/include/sm_32_intrinsics.h: In function 'float2 __ldcs(const float2*)':
/usr/local/cuda/include/sm_32_intrinsics.h:74:25: warning: no return statement in function returning non-void [-Wreturn-type]
   74 | #define __DEF_IF_HOST { }
      |                         ^
/usr/local/cuda/include/sm_32_intrinsics.h:225:60: note: in expansion of macro '__DEF_IF_HOST'
  225 | __SM_32_INTRINSICS_DECL__ float2 __ldcs(const float2 *ptr) __DEF_IF_HOST
      |                                                            ^~~~~~~~~~~~~
/usr/local/cuda/include/sm_32_intrinsics.h: In function 'float4 __ldcs(const float4*)':
/usr/local/cuda/include/sm_32_intrinsics.h:74:25: warning: no return statement in function returning non-void [-Wreturn-type]
   74 | #define __DEF_IF_HOST { }
      |                         ^
/usr/local/cuda/include/sm_32_intrinsics.h:226:60: note: in expansion of macro '__DEF_IF_HOST'
  226 | __SM_32_INTRINSICS_DECL__ float4 __ldcs(const float4 *ptr) __DEF_IF_HOST
      |                                                            ^~~~~~~~~~~~~
/usr/local/cuda/include/sm_32_intrinsics.h: In function 'double2 __ldcs(const double2*)':
/usr/local/cuda/include/sm_32_intrinsics.h:74:25: warning: no return statement in function returning non-void [-Wreturn-type]
   74 | #define __DEF_IF_HOST { }
      |                         ^
/usr/local/cuda/include/sm_32_intrinsics.h:227:62: note: in expansion of macro '__DEF_IF_HOST'
  227 | __SM_32_INTRINSICS_DECL__ double2 __ldcs(const double2 *ptr) __DEF_IF_HOST
      |                                                              ^~~~~~~~~~~~~
/usr/local/cuda/include/sm_32_intrinsics.h: In function 'long int __ldlu(const long int*)':
/usr/local/cuda/include/sm_32_intrinsics.h:74:25: warning: no return statement in function returning non-void [-Wreturn-type]
   74 | #define __DEF_IF_HOST { }
      |                         ^
/usr/local/cuda/include/sm_32_intrinsics.h:231:56: note: in expansion of macro '__DEF_IF_HOST'
  231 | __SM_32_INTRINSICS_DECL__ long __ldlu(const long *ptr) __DEF_IF_HOST
      |                                                        ^~~~~~~~~~~~~
/usr/local/cuda/include/sm_32_intrinsics.h: In function 'long unsigned int __ldlu(const long unsigned int*)':
/usr/local/cuda/include/sm_32_intrinsics.h:74:25: warning: no return statement in function returning non-void [-Wreturn-type]
   74 | #define __DEF_IF_HOST { }
      |                         ^
/usr/local/cuda/include/sm_32_intrinsics.h:232:74: note: in expansion of macro '__DEF_IF_HOST'
  232 | __SM_32_INTRINSICS_DECL__ unsigned long __ldlu(const unsigned long *ptr) __DEF_IF_HOST
      |                                                                          ^~~~~~~~~~~~~
/usr/local/cuda/include/sm_32_intrinsics.h: In function 'char __ldlu(const char*)':
/usr/local/cuda/include/sm_32_intrinsics.h:74:25: warning: no return statement in function returning non-void [-Wreturn-type]
   74 | #define __DEF_IF_HOST { }
      |                         ^
/usr/local/cuda/include/sm_32_intrinsics.h:234:56: note: in expansion of macro '__DEF_IF_HOST'
  234 | __SM_32_INTRINSICS_DECL__ char __ldlu(const char *ptr) __DEF_IF_HOST
      |                                                        ^~~~~~~~~~~~~
/usr/local/cuda/include/sm_32_intrinsics.h: In function 'signed char __ldlu(const signed char*)':
/usr/local/cuda/include/sm_32_intrinsics.h:74:25: warning: no return statement in function returning non-void [-Wreturn-type]
   74 | #define __DEF_IF_HOST { }
      |                         ^
/usr/local/cuda/include/sm_32_intrinsics.h:235:70: note: in expansion of macro '__DEF_IF_HOST'
  235 | __SM_32_INTRINSICS_DECL__ signed char __ldlu(const signed char *ptr) __DEF_IF_HOST
      |                                                                      ^~~~~~~~~~~~~
/usr/local/cuda/include/sm_32_intrinsics.h: In function 'short int __ldlu(const short int*)':
/usr/local/cuda/include/sm_32_intrinsics.h:74:25: warning: no return statement in function returning non-void [-Wreturn-type]
   74 | #define __DEF_IF_HOST { }
      |                         ^
/usr/local/cuda/include/sm_32_intrinsics.h:236:58: note: in expansion of macro '__DEF_IF_HOST'
  236 | __SM_32_INTRINSICS_DECL__ short __ldlu(const short *ptr) __DEF_IF_HOST
      |                                                          ^~~~~~~~~~~~~
/usr/local/cuda/include/sm_32_intrinsics.h: In function 'int __ldlu(const int*)':
/usr/local/cuda/include/sm_32_intrinsics.h:74:25: warning: no return statement in function returning non-void [-Wreturn-type]
   74 | #define __DEF_IF_HOST { }
      |                         ^
/usr/local/cuda/include/sm_32_intrinsics.h:237:54: note: in expansion of macro '__DEF_IF_HOST'
  237 | __SM_32_INTRINSICS_DECL__ int __ldlu(const int *ptr) __DEF_IF_HOST
      |                                                      ^~~~~~~~~~~~~
/usr/local/cuda/include/sm_32_intrinsics.h: In function 'long long int __ldlu(const long long int*)':
/usr/local/cuda/include/sm_32_intrinsics.h:74:25: warning: no return statement in function returning non-void [-Wreturn-type]
   74 | #define __DEF_IF_HOST { }
      |                         ^
/usr/local/cuda/include/sm_32_intrinsics.h:238:66: note: in expansion of macro '__DEF_IF_HOST'
  238 | __SM_32_INTRINSICS_DECL__ long long __ldlu(const long long *ptr) __DEF_IF_HOST
      |                                                                  ^~~~~~~~~~~~~
/usr/local/cuda/include/sm_32_intrinsics.h: In function 'char2 __ldlu(const char2*)':
/usr/local/cuda/include/sm_32_intrinsics.h:74:25: warning: no return statement in function returning non-void [-Wreturn-type]
   74 | #define __DEF_IF_HOST { }
      |                         ^
/usr/local/cuda/include/sm_32_intrinsics.h:239:58: note: in expansion of macro '__DEF_IF_HOST'
  239 | __SM_32_INTRINSICS_DECL__ char2 __ldlu(const char2 *ptr) __DEF_IF_HOST
      |                                                          ^~~~~~~~~~~~~
/usr/local/cuda/include/sm_32_intrinsics.h: In function 'char4 __ldlu(const char4*)':
/usr/local/cuda/include/sm_32_intrinsics.h:74:25: warning: no return statement in function returning non-void [-Wreturn-type]
   74 | #define __DEF_IF_HOST { }
      |                         ^
/usr/local/cuda/include/sm_32_intrinsics.h:240:58: note: in expansion of macro '__DEF_IF_HOST'
  240 | __SM_32_INTRINSICS_DECL__ char4 __ldlu(const char4 *ptr) __DEF_IF_HOST
      |                                                          ^~~~~~~~~~~~~
/usr/local/cuda/include/sm_32_intrinsics.h: In function 'short2 __ldlu(const short2*)':
/usr/local/cuda/include/sm_32_intrinsics.h:74:25: warning: no return statement in function returning non-void [-Wreturn-type]
   74 | #define __DEF_IF_HOST { }
      |                         ^
/usr/local/cuda/include/sm_32_intrinsics.h:241:60: note: in expansion of macro '__DEF_IF_HOST'
  241 | __SM_32_INTRINSICS_DECL__ short2 __ldlu(const short2 *ptr) __DEF_IF_HOST
      |                                                            ^~~~~~~~~~~~~
/usr/local/cuda/include/sm_32_intrinsics.h: In function 'short4 __ldlu(const short4*)':
/usr/local/cuda/include/sm_32_intrinsics.h:74:25: warning: no return statement in function returning non-void [-Wreturn-type]
   74 | #define __DEF_IF_HOST { }
      |                         ^
/usr/local/cuda/include/sm_32_intrinsics.h:242:60: note: in expansion of macro '__DEF_IF_HOST'
  242 | __SM_32_INTRINSICS_DECL__ short4 __ldlu(const short4 *ptr) __DEF_IF_HOST
      |                                                            ^~~~~~~~~~~~~
/usr/local/cuda/include/sm_32_intrinsics.h: In function 'int2 __ldlu(const int2*)':
/usr/local/cuda/include/sm_32_intrinsics.h:74:25: warning: no return statement in function returning non-void [-Wreturn-type]
   74 | #define __DEF_IF_HOST { }
      |                         ^
/usr/local/cuda/include/sm_32_intrinsics.h:243:56: note: in expansion of macro '__DEF_IF_HOST'
  243 | __SM_32_INTRINSICS_DECL__ int2 __ldlu(const int2 *ptr) __DEF_IF_HOST
      |                                                        ^~~~~~~~~~~~~
/usr/local/cuda/include/sm_32_intrinsics.h: In function 'int4 __ldlu(const int4*)':
/usr/local/cuda/include/sm_32_intrinsics.h:74:25: warning: no return statement in function returning non-void [-Wreturn-type]
   74 | #define __DEF_IF_HOST { }
      |                         ^
/usr/local/cuda/include/sm_32_intrinsics.h:244:56: note: in expansion of macro '__DEF_IF_HOST'
  244 | __SM_32_INTRINSICS_DECL__ int4 __ldlu(const int4 *ptr) __DEF_IF_HOST
      |                                                        ^~~~~~~~~~~~~
/usr/local/cuda/include/sm_32_intrinsics.h: In function 'longlong2 __ldlu(const longlong2*)':
/usr/local/cuda/include/sm_32_intrinsics.h:74:25: warning: no return statement in function returning non-void [-Wreturn-type]
   74 | #define __DEF_IF_HOST { }
      |                         ^
/usr/local/cuda/include/sm_32_intrinsics.h:245:66: note: in expansion of macro '__DEF_IF_HOST'
  245 | __SM_32_INTRINSICS_DECL__ longlong2 __ldlu(const longlong2 *ptr) __DEF_IF_HOST
      |                                                                  ^~~~~~~~~~~~~
/usr/local/cuda/include/sm_32_intrinsics.h: In function 'unsigned char __ldlu(const unsigned char*)':
/usr/local/cuda/include/sm_32_intrinsics.h:74:25: warning: no return statement in function returning non-void [-Wreturn-type]
   74 | #define __DEF_IF_HOST { }
      |                         ^
/usr/local/cuda/include/sm_32_intrinsics.h:247:74: note: in expansion of macro '__DEF_IF_HOST'
  247 | __SM_32_INTRINSICS_DECL__ unsigned char __ldlu(const unsigned char *ptr) __DEF_IF_HOST
      |                                                                          ^~~~~~~~~~~~~
/usr/local/cuda/include/sm_32_intrinsics.h: In function 'short unsigned int __ldlu(const short unsigned int*)':
/usr/local/cuda/include/sm_32_intrinsics.h:74:25: warning: no return statement in function returning non-void [-Wreturn-type]
   74 | #define __DEF_IF_HOST { }
      |                         ^
/usr/local/cuda/include/sm_32_intrinsics.h:248:76: note: in expansion of macro '__DEF_IF_HOST'
  248 | __SM_32_INTRINSICS_DECL__ unsigned short __ldlu(const unsigned short *ptr) __DEF_IF_HOST
      |                                                                            ^~~~~~~~~~~~~
/usr/local/cuda/include/sm_32_intrinsics.h: In function 'unsigned int __ldlu(const unsigned int*)':
/usr/local/cuda/include/sm_32_intrinsics.h:74:25: warning: no return statement in function returning non-void [-Wreturn-type]
   74 | #define __DEF_IF_HOST { }
      |                         ^
/usr/local/cuda/include/sm_32_intrinsics.h:249:72: note: in expansion of macro '__DEF_IF_HOST'
  249 | __SM_32_INTRINSICS_DECL__ unsigned int __ldlu(const unsigned int *ptr) __DEF_IF_HOST
      |                                                                        ^~~~~~~~~~~~~
/usr/local/cuda/include/sm_32_intrinsics.h: In function 'long long unsigned int __ldlu(const long long unsigned int*)':
/usr/local/cuda/include/sm_32_intrinsics.h:74:25: warning: no return statement in function returning non-void [-Wreturn-type]
   74 | #define __DEF_IF_HOST { }
      |                         ^
/usr/local/cuda/include/sm_32_intrinsics.h:250:84: note: in expansion of macro '__DEF_IF_HOST'
  250 | __SM_32_INTRINSICS_DECL__ unsigned long long __ldlu(const unsigned long long *ptr) __DEF_IF_HOST
      |                                                                                    ^~~~~~~~~~~~~
/usr/local/cuda/include/sm_32_intrinsics.h: In function 'uchar2 __ldlu(const uchar2*)':
/usr/local/cuda/include/sm_32_intrinsics.h:74:25: warning: no return statement in function returning non-void [-Wreturn-type]
   74 | #define __DEF_IF_HOST { }
      |                         ^
/usr/local/cuda/include/sm_32_intrinsics.h:251:60: note: in expansion of macro '__DEF_IF_HOST'
  251 | __SM_32_INTRINSICS_DECL__ uchar2 __ldlu(const uchar2 *ptr) __DEF_IF_HOST
      |                                                            ^~~~~~~~~~~~~
/usr/local/cuda/include/sm_32_intrinsics.h: In function 'uchar4 __ldlu(const uchar4*)':
/usr/local/cuda/include/sm_32_intrinsics.h:74:25: warning: no return statement in function returning non-void [-Wreturn-type]
   74 | #define __DEF_IF_HOST { }
      |                         ^
/usr/local/cuda/include/sm_32_intrinsics.h:252:60: note: in expansion of macro '__DEF_IF_HOST'
  252 | __SM_32_INTRINSICS_DECL__ uchar4 __ldlu(const uchar4 *ptr) __DEF_IF_HOST
      |                                                            ^~~~~~~~~~~~~
/usr/local/cuda/include/sm_32_intrinsics.h: In function 'ushort2 __ldlu(const ushort2*)':
/usr/local/cuda/include/sm_32_intrinsics.h:74:25: warning: no return statement in function returning non-void [-Wreturn-type]
   74 | #define __DEF_IF_HOST { }
      |                         ^
/usr/local/cuda/include/sm_32_intrinsics.h:253:62: note: in expansion of macro '__DEF_IF_HOST'
  253 | __SM_32_INTRINSICS_DECL__ ushort2 __ldlu(const ushort2 *ptr) __DEF_IF_HOST
      |                                                              ^~~~~~~~~~~~~
/usr/local/cuda/include/sm_32_intrinsics.h: In function 'ushort4 __ldlu(const ushort4*)':
/usr/local/cuda/include/sm_32_intrinsics.h:74:25: warning: no return statement in function returning non-void [-Wreturn-type]
   74 | #define __DEF_IF_HOST { }
      |                         ^
/usr/local/cuda/include/sm_32_intrinsics.h:254:62: note: in expansion of macro '__DEF_IF_HOST'
  254 | __SM_32_INTRINSICS_DECL__ ushort4 __ldlu(const ushort4 *ptr) __DEF_IF_HOST
      |                                                              ^~~~~~~~~~~~~
/usr/local/cuda/include/sm_32_intrinsics.h: In function 'uint2 __ldlu(const uint2*)':
/usr/local/cuda/include/sm_32_intrinsics.h:74:25: warning: no return statement in function returning non-void [-Wreturn-type]
   74 | #define __DEF_IF_HOST { }
      |                         ^
/usr/local/cuda/include/sm_32_intrinsics.h:255:58: note: in expansion of macro '__DEF_IF_HOST'
  255 | __SM_32_INTRINSICS_DECL__ uint2 __ldlu(const uint2 *ptr) __DEF_IF_HOST
      |                                                          ^~~~~~~~~~~~~
/usr/local/cuda/include/sm_32_intrinsics.h: In function 'uint4 __ldlu(const uint4*)':
/usr/local/cuda/include/sm_32_intrinsics.h:74:25: warning: no return statement in function returning non-void [-Wreturn-type]
   74 | #define __DEF_IF_HOST { }
      |                         ^
/usr/local/cuda/include/sm_32_intrinsics.h:256:58: note: in expansion of macro '__DEF_IF_HOST'
  256 | __SM_32_INTRINSICS_DECL__ uint4 __ldlu(const uint4 *ptr) __DEF_IF_HOST
      |                                                          ^~~~~~~~~~~~~
/usr/local/cuda/include/sm_32_intrinsics.h: In function 'ulonglong2 __ldlu(const ulonglong2*)':
/usr/local/cuda/include/sm_32_intrinsics.h:74:25: warning: no return statement in function returning non-void [-Wreturn-type]
   74 | #define __DEF_IF_HOST { }
      |                         ^
/usr/local/cuda/include/sm_32_intrinsics.h:257:68: note: in expansion of macro '__DEF_IF_HOST'
  257 | __SM_32_INTRINSICS_DECL__ ulonglong2 __ldlu(const ulonglong2 *ptr) __DEF_IF_HOST
      |                                                                    ^~~~~~~~~~~~~
/usr/local/cuda/include/sm_32_intrinsics.h: In function 'float __ldlu(const float*)':
/usr/local/cuda/include/sm_32_intrinsics.h:74:25: warning: no return statement in function returning non-void [-Wreturn-type]
   74 | #define __DEF_IF_HOST { }
      |                         ^
/usr/local/cuda/include/sm_32_intrinsics.h:259:58: note: in expansion of macro '__DEF_IF_HOST'
  259 | __SM_32_INTRINSICS_DECL__ float __ldlu(const float *ptr) __DEF_IF_HOST
      |                                                          ^~~~~~~~~~~~~
/usr/local/cuda/include/sm_32_intrinsics.h: In function 'double __ldlu(const double*)':
/usr/local/cuda/include/sm_32_intrinsics.h:74:25: warning: no return statement in function returning non-void [-Wreturn-type]
   74 | #define __DEF_IF_HOST { }
      |                         ^
/usr/local/cuda/include/sm_32_intrinsics.h:260:60: note: in expansion of macro '__DEF_IF_HOST'
  260 | __SM_32_INTRINSICS_DECL__ double __ldlu(const double *ptr) __DEF_IF_HOST
      |                                                            ^~~~~~~~~~~~~
/usr/local/cuda/include/sm_32_intrinsics.h: In function 'float2 __ldlu(const float2*)':
/usr/local/cuda/include/sm_32_intrinsics.h:74:25: warning: no return statement in function returning non-void [-Wreturn-type]
   74 | #define __DEF_IF_HOST { }
      |                         ^
/usr/local/cuda/include/sm_32_intrinsics.h:261:60: note: in expansion of macro '__DEF_IF_HOST'
  261 | __SM_32_INTRINSICS_DECL__ float2 __ldlu(const float2 *ptr) __DEF_IF_HOST
      |                                                            ^~~~~~~~~~~~~
/usr/local/cuda/include/sm_32_intrinsics.h: In function 'float4 __ldlu(const float4*)':
/usr/local/cuda/include/sm_32_intrinsics.h:74:25: warning: no return statement in function returning non-void [-Wreturn-type]
   74 | #define __DEF_IF_HOST { }
      |                         ^
/usr/local/cuda/include/sm_32_intrinsics.h:262:60: note: in expansion of macro '__DEF_IF_HOST'
  262 | __SM_32_INTRINSICS_DECL__ float4 __ldlu(const float4 *ptr) __DEF_IF_HOST
      |                                                            ^~~~~~~~~~~~~
/usr/local/cuda/include/sm_32_intrinsics.h: In function 'double2 __ldlu(const double2*)':
/usr/local/cuda/include/sm_32_intrinsics.h:74:25: warning: no return statement in function returning non-void [-Wreturn-type]
   74 | #define __DEF_IF_HOST { }
      |                         ^
/usr/local/cuda/include/sm_32_intrinsics.h:263:62: note: in expansion of macro '__DEF_IF_HOST'
  263 | __SM_32_INTRINSICS_DECL__ double2 __ldlu(const double2 *ptr) __DEF_IF_HOST
      |                                                              ^~~~~~~~~~~~~
/usr/local/cuda/include/sm_32_intrinsics.h: In function 'long int __ldcv(const long int*)':
/usr/local/cuda/include/sm_32_intrinsics.h:74:25: warning: no return statement in function returning non-void [-Wreturn-type]
   74 | #define __DEF_IF_HOST { }
      |                         ^
/usr/local/cuda/include/sm_32_intrinsics.h:267:56: note: in expansion of macro '__DEF_IF_HOST'
  267 | __SM_32_INTRINSICS_DECL__ long __ldcv(const long *ptr) __DEF_IF_HOST
      |                                                        ^~~~~~~~~~~~~
/usr/local/cuda/include/sm_32_intrinsics.h: In function 'long unsigned int __ldcv(const long unsigned int*)':
/usr/local/cuda/include/sm_32_intrinsics.h:74:25: warning: no return statement in function returning non-void [-Wreturn-type]
   74 | #define __DEF_IF_HOST { }
      |                         ^
/usr/local/cuda/include/sm_32_intrinsics.h:268:74: note: in expansion of macro '__DEF_IF_HOST'
  268 | __SM_32_INTRINSICS_DECL__ unsigned long __ldcv(const unsigned long *ptr) __DEF_IF_HOST
      |                                                                          ^~~~~~~~~~~~~
/usr/local/cuda/include/sm_32_intrinsics.h: In function 'char __ldcv(const char*)':
/usr/local/cuda/include/sm_32_intrinsics.h:74:25: warning: no return statement in function returning non-void [-Wreturn-type]
   74 | #define __DEF_IF_HOST { }
      |                         ^
/usr/local/cuda/include/sm_32_intrinsics.h:270:56: note: in expansion of macro '__DEF_IF_HOST'
  270 | __SM_32_INTRINSICS_DECL__ char __ldcv(const char *ptr) __DEF_IF_HOST
      |                                                        ^~~~~~~~~~~~~
/usr/local/cuda/include/sm_32_intrinsics.h: In function 'signed char __ldcv(const signed char*)':
/usr/local/cuda/include/sm_32_intrinsics.h:74:25: warning: no return statement in function returning non-void [-Wreturn-type]
   74 | #define __DEF_IF_HOST { }
      |                         ^
/usr/local/cuda/include/sm_32_intrinsics.h:271:70: note: in expansion of macro '__DEF_IF_HOST'
  271 | __SM_32_INTRINSICS_DECL__ signed char __ldcv(const signed char *ptr) __DEF_IF_HOST
      |                                                                      ^~~~~~~~~~~~~
/usr/local/cuda/include/sm_32_intrinsics.h: In function 'short int __ldcv(const short int*)':
/usr/local/cuda/include/sm_32_intrinsics.h:74:25: warning: no return statement in function returning non-void [-Wreturn-type]
   74 | #define __DEF_IF_HOST { }
      |                         ^
/usr/local/cuda/include/sm_32_intrinsics.h:272:58: note: in expansion of macro '__DEF_IF_HOST'
  272 | __SM_32_INTRINSICS_DECL__ short __ldcv(const short *ptr) __DEF_IF_HOST
      |                                                          ^~~~~~~~~~~~~
/usr/local/cuda/include/sm_32_intrinsics.h: In function 'int __ldcv(const int*)':
/usr/local/cuda/include/sm_32_intrinsics.h:74:25: warning: no return statement in function returning non-void [-Wreturn-type]
   74 | #define __DEF_IF_HOST { }
      |                         ^
/usr/local/cuda/include/sm_32_intrinsics.h:273:54: note: in expansion of macro '__DEF_IF_HOST'
  273 | __SM_32_INTRINSICS_DECL__ int __ldcv(const int *ptr) __DEF_IF_HOST
      |                                                      ^~~~~~~~~~~~~
/usr/local/cuda/include/sm_32_intrinsics.h: In function 'long long int __ldcv(const long long int*)':
/usr/local/cuda/include/sm_32_intrinsics.h:74:25: warning: no return statement in function returning non-void [-Wreturn-type]
   74 | #define __DEF_IF_HOST { }
      |                         ^
/usr/local/cuda/include/sm_32_intrinsics.h:274:66: note: in expansion of macro '__DEF_IF_HOST'
  274 | __SM_32_INTRINSICS_DECL__ long long __ldcv(const long long *ptr) __DEF_IF_HOST
      |                                                                  ^~~~~~~~~~~~~
/usr/local/cuda/include/sm_32_intrinsics.h: In function 'char2 __ldcv(const char2*)':
/usr/local/cuda/include/sm_32_intrinsics.h:74:25: warning: no return statement in function returning non-void [-Wreturn-type]
   74 | #define __DEF_IF_HOST { }
      |                         ^
/usr/local/cuda/include/sm_32_intrinsics.h:275:58: note: in expansion of macro '__DEF_IF_HOST'
  275 | __SM_32_INTRINSICS_DECL__ char2 __ldcv(const char2 *ptr) __DEF_IF_HOST
      |                                                          ^~~~~~~~~~~~~
/usr/local/cuda/include/sm_32_intrinsics.h: In function 'char4 __ldcv(const char4*)':
/usr/local/cuda/include/sm_32_intrinsics.h:74:25: warning: no return statement in function returning non-void [-Wreturn-type]
   74 | #define __DEF_IF_HOST { }
      |                         ^
/usr/local/cuda/include/sm_32_intrinsics.h:276:58: note: in expansion of macro '__DEF_IF_HOST'
  276 | __SM_32_INTRINSICS_DECL__ char4 __ldcv(const char4 *ptr) __DEF_IF_HOST
      |                                                          ^~~~~~~~~~~~~
/usr/local/cuda/include/sm_32_intrinsics.h: In function 'short2 __ldcv(const short2*)':
/usr/local/cuda/include/sm_32_intrinsics.h:74:25: warning: no return statement in function returning non-void [-Wreturn-type]
   74 | #define __DEF_IF_HOST { }
      |                         ^
/usr/local/cuda/include/sm_32_intrinsics.h:277:60: note: in expansion of macro '__DEF_IF_HOST'
  277 | __SM_32_INTRINSICS_DECL__ short2 __ldcv(const short2 *ptr) __DEF_IF_HOST
      |                                                            ^~~~~~~~~~~~~
/usr/local/cuda/include/sm_32_intrinsics.h: In function 'short4 __ldcv(const short4*)':
/usr/local/cuda/include/sm_32_intrinsics.h:74:25: warning: no return statement in function returning non-void [-Wreturn-type]
   74 | #define __DEF_IF_HOST { }
      |                         ^
/usr/local/cuda/include/sm_32_intrinsics.h:278:60: note: in expansion of macro '__DEF_IF_HOST'
  278 | __SM_32_INTRINSICS_DECL__ short4 __ldcv(const short4 *ptr) __DEF_IF_HOST
      |                                                            ^~~~~~~~~~~~~
/usr/local/cuda/include/sm_32_intrinsics.h: In function 'int2 __ldcv(const int2*)':
/usr/local/cuda/include/sm_32_intrinsics.h:74:25: warning: no return statement in function returning non-void [-Wreturn-type]
   74 | #define __DEF_IF_HOST { }
      |                         ^
/usr/local/cuda/include/sm_32_intrinsics.h:279:56: note: in expansion of macro '__DEF_IF_HOST'
  279 | __SM_32_INTRINSICS_DECL__ int2 __ldcv(const int2 *ptr) __DEF_IF_HOST
      |                                                        ^~~~~~~~~~~~~
/usr/local/cuda/include/sm_32_intrinsics.h: In function 'int4 __ldcv(const int4*)':
/usr/local/cuda/include/sm_32_intrinsics.h:74:25: warning: no return statement in function returning non-void [-Wreturn-type]
   74 | #define __DEF_IF_HOST { }
      |                         ^
/usr/local/cuda/include/sm_32_intrinsics.h:280:56: note: in expansion of macro '__DEF_IF_HOST'
  280 | __SM_32_INTRINSICS_DECL__ int4 __ldcv(const int4 *ptr) __DEF_IF_HOST
      |                                                        ^~~~~~~~~~~~~
/usr/local/cuda/include/sm_32_intrinsics.h: In function 'longlong2 __ldcv(const longlong2*)':
/usr/local/cuda/include/sm_32_intrinsics.h:74:25: warning: no return statement in function returning non-void [-Wreturn-type]
   74 | #define __DEF_IF_HOST { }
      |                         ^
/usr/local/cuda/include/sm_32_intrinsics.h:281:66: note: in expansion of macro '__DEF_IF_HOST'
  281 | __SM_32_INTRINSICS_DECL__ longlong2 __ldcv(const longlong2 *ptr) __DEF_IF_HOST
      |                                                                  ^~~~~~~~~~~~~
/usr/local/cuda/include/sm_32_intrinsics.h: In function 'unsigned char __ldcv(const unsigned char*)':
/usr/local/cuda/include/sm_32_intrinsics.h:74:25: warning: no return statement in function returning non-void [-Wreturn-type]
   74 | #define __DEF_IF_HOST { }
      |                         ^
/usr/local/cuda/include/sm_32_intrinsics.h:283:74: note: in expansion of macro '__DEF_IF_HOST'
  283 | __SM_32_INTRINSICS_DECL__ unsigned char __ldcv(const unsigned char *ptr) __DEF_IF_HOST
      |                                                                          ^~~~~~~~~~~~~
/usr/local/cuda/include/sm_32_intrinsics.h: In function 'short unsigned int __ldcv(const short unsigned int*)':
/usr/local/cuda/include/sm_32_intrinsics.h:74:25: warning: no return statement in function returning non-void [-Wreturn-type]
   74 | #define __DEF_IF_HOST { }
      |                         ^
/usr/local/cuda/include/sm_32_intrinsics.h:284:76: note: in expansion of macro '__DEF_IF_HOST'
  284 | __SM_32_INTRINSICS_DECL__ unsigned short __ldcv(const unsigned short *ptr) __DEF_IF_HOST
      |                                                                            ^~~~~~~~~~~~~
/usr/local/cuda/include/sm_32_intrinsics.h: In function 'unsigned int __ldcv(const unsigned int*)':
/usr/local/cuda/include/sm_32_intrinsics.h:74:25: warning: no return statement in function returning non-void [-Wreturn-type]
   74 | #define __DEF_IF_HOST { }
      |                         ^
/usr/local/cuda/include/sm_32_intrinsics.h:285:72: note: in expansion of macro '__DEF_IF_HOST'
  285 | __SM_32_INTRINSICS_DECL__ unsigned int __ldcv(const unsigned int *ptr) __DEF_IF_HOST
      |                                                                        ^~~~~~~~~~~~~
/usr/local/cuda/include/sm_32_intrinsics.h: In function 'long long unsigned int __ldcv(const long long unsigned int*)':
/usr/local/cuda/include/sm_32_intrinsics.h:74:25: warning: no return statement in function returning non-void [-Wreturn-type]
   74 | #define __DEF_IF_HOST { }
      |                         ^
/usr/local/cuda/include/sm_32_intrinsics.h:286:84: note: in expansion of macro '__DEF_IF_HOST'
  286 | __SM_32_INTRINSICS_DECL__ unsigned long long __ldcv(const unsigned long long *ptr) __DEF_IF_HOST
      |                                                                                    ^~~~~~~~~~~~~
/usr/local/cuda/include/sm_32_intrinsics.h: In function 'uchar2 __ldcv(const uchar2*)':
/usr/local/cuda/include/sm_32_intrinsics.h:74:25: warning: no return statement in function returning non-void [-Wreturn-type]
   74 | #define __DEF_IF_HOST { }
      |                         ^
/usr/local/cuda/include/sm_32_intrinsics.h:287:60: note: in expansion of macro '__DEF_IF_HOST'
  287 | __SM_32_INTRINSICS_DECL__ uchar2 __ldcv(const uchar2 *ptr) __DEF_IF_HOST
      |                                                            ^~~~~~~~~~~~~
/usr/local/cuda/include/sm_32_intrinsics.h: In function 'uchar4 __ldcv(const uchar4*)':
/usr/local/cuda/include/sm_32_intrinsics.h:74:25: warning: no return statement in function returning non-void [-Wreturn-type]
   74 | #define __DEF_IF_HOST { }
      |                         ^
/usr/local/cuda/include/sm_32_intrinsics.h:288:60: note: in expansion of macro '__DEF_IF_HOST'
  288 | __SM_32_INTRINSICS_DECL__ uchar4 __ldcv(const uchar4 *ptr) __DEF_IF_HOST
      |                                                            ^~~~~~~~~~~~~
/usr/local/cuda/include/sm_32_intrinsics.h: In function 'ushort2 __ldcv(const ushort2*)':
/usr/local/cuda/include/sm_32_intrinsics.h:74:25: warning: no return statement in function returning non-void [-Wreturn-type]
   74 | #define __DEF_IF_HOST { }
      |                         ^
/usr/local/cuda/include/sm_32_intrinsics.h:289:62: note: in expansion of macro '__DEF_IF_HOST'
  289 | __SM_32_INTRINSICS_DECL__ ushort2 __ldcv(const ushort2 *ptr) __DEF_IF_HOST
      |                                                              ^~~~~~~~~~~~~
/usr/local/cuda/include/sm_32_intrinsics.h: In function 'ushort4 __ldcv(const ushort4*)':
/usr/local/cuda/include/sm_32_intrinsics.h:74:25: warning: no return statement in function returning non-void [-Wreturn-type]
   74 | #define __DEF_IF_HOST { }
      |                         ^
/usr/local/cuda/include/sm_32_intrinsics.h:290:62: note: in expansion of macro '__DEF_IF_HOST'
  290 | __SM_32_INTRINSICS_DECL__ ushort4 __ldcv(const ushort4 *ptr) __DEF_IF_HOST
      |                                                              ^~~~~~~~~~~~~
/usr/local/cuda/include/sm_32_intrinsics.h: In function 'uint2 __ldcv(const uint2*)':
/usr/local/cuda/include/sm_32_intrinsics.h:74:25: warning: no return statement in function returning non-void [-Wreturn-type]
   74 | #define __DEF_IF_HOST { }
      |                         ^
/usr/local/cuda/include/sm_32_intrinsics.h:291:58: note: in expansion of macro '__DEF_IF_HOST'
  291 | __SM_32_INTRINSICS_DECL__ uint2 __ldcv(const uint2 *ptr) __DEF_IF_HOST
      |                                                          ^~~~~~~~~~~~~
/usr/local/cuda/include/sm_32_intrinsics.h: In function 'uint4 __ldcv(const uint4*)':
/usr/local/cuda/include/sm_32_intrinsics.h:74:25: warning: no return statement in function returning non-void [-Wreturn-type]
   74 | #define __DEF_IF_HOST { }
      |                         ^
/usr/local/cuda/include/sm_32_intrinsics.h:292:58: note: in expansion of macro '__DEF_IF_HOST'
  292 | __SM_32_INTRINSICS_DECL__ uint4 __ldcv(const uint4 *ptr) __DEF_IF_HOST
      |                                                          ^~~~~~~~~~~~~
/usr/local/cuda/include/sm_32_intrinsics.h: In function 'ulonglong2 __ldcv(const ulonglong2*)':
/usr/local/cuda/include/sm_32_intrinsics.h:74:25: warning: no return statement in function returning non-void [-Wreturn-type]
   74 | #define __DEF_IF_HOST { }
      |                         ^
/usr/local/cuda/include/sm_32_intrinsics.h:293:68: note: in expansion of macro '__DEF_IF_HOST'
  293 | __SM_32_INTRINSICS_DECL__ ulonglong2 __ldcv(const ulonglong2 *ptr) __DEF_IF_HOST
      |                                                                    ^~~~~~~~~~~~~
/usr/local/cuda/include/sm_32_intrinsics.h: In function 'float __ldcv(const float*)':
/usr/local/cuda/include/sm_32_intrinsics.h:74:25: warning: no return statement in function returning non-void [-Wreturn-type]
   74 | #define __DEF_IF_HOST { }
      |                         ^
/usr/local/cuda/include/sm_32_intrinsics.h:295:58: note: in expansion of macro '__DEF_IF_HOST'
  295 | __SM_32_INTRINSICS_DECL__ float __ldcv(const float *ptr) __DEF_IF_HOST
      |                                                          ^~~~~~~~~~~~~
/usr/local/cuda/include/sm_32_intrinsics.h: In function 'double __ldcv(const double*)':
/usr/local/cuda/include/sm_32_intrinsics.h:74:25: warning: no return statement in function returning non-void [-Wreturn-type]
   74 | #define __DEF_IF_HOST { }
      |                         ^
/usr/local/cuda/include/sm_32_intrinsics.h:296:60: note: in expansion of macro '__DEF_IF_HOST'
  296 | __SM_32_INTRINSICS_DECL__ double __ldcv(const double *ptr) __DEF_IF_HOST
      |                                                            ^~~~~~~~~~~~~
/usr/local/cuda/include/sm_32_intrinsics.h: In function 'float2 __ldcv(const float2*)':
/usr/local/cuda/include/sm_32_intrinsics.h:74:25: warning: no return statement in function returning non-void [-Wreturn-type]
   74 | #define __DEF_IF_HOST { }
      |                         ^
/usr/local/cuda/include/sm_32_intrinsics.h:297:60: note: in expansion of macro '__DEF_IF_HOST'
  297 | __SM_32_INTRINSICS_DECL__ float2 __ldcv(const float2 *ptr) __DEF_IF_HOST
      |                                                            ^~~~~~~~~~~~~
/usr/local/cuda/include/sm_32_intrinsics.h: In function 'float4 __ldcv(const float4*)':
/usr/local/cuda/include/sm_32_intrinsics.h:74:25: warning: no return statement in function returning non-void [-Wreturn-type]
   74 | #define __DEF_IF_HOST { }
      |                         ^
/usr/local/cuda/include/sm_32_intrinsics.h:298:60: note: in expansion of macro '__DEF_IF_HOST'
  298 | __SM_32_INTRINSICS_DECL__ float4 __ldcv(const float4 *ptr) __DEF_IF_HOST
      |                                                            ^~~~~~~~~~~~~
/usr/local/cuda/include/sm_32_intrinsics.h: In function 'double2 __ldcv(const double2*)':
/usr/local/cuda/include/sm_32_intrinsics.h:74:25: warning: no return statement in function returning non-void [-Wreturn-type]
   74 | #define __DEF_IF_HOST { }
      |                         ^
/usr/local/cuda/include/sm_32_intrinsics.h:299:62: note: in expansion of macro '__DEF_IF_HOST'
  299 | __SM_32_INTRINSICS_DECL__ double2 __ldcv(const double2 *ptr) __DEF_IF_HOST
      |                                                              ^~~~~~~~~~~~~
/usr/local/cuda/include/sm_32_intrinsics.h: In function 'unsigned int __funnelshift_l(unsigned int, unsigned int, unsigned int)':
/usr/local/cuda/include/sm_32_intrinsics.h:74:25: warning: no return statement in function returning non-void [-Wreturn-type]
   74 | #define __DEF_IF_HOST { }
      |                         ^
/usr/local/cuda/include/sm_32_intrinsics.h:460:110: note: in expansion of macro '__DEF_IF_HOST'
  460 | __SM_32_INTRINSICS_DECL__ unsigned int __funnelshift_l(unsigned int lo, unsigned int hi, unsigned int shift) __DEF_IF_HOST
      |                                                                                                              ^~~~~~~~~~~~~
/usr/local/cuda/include/sm_32_intrinsics.h: In function 'unsigned int __funnelshift_lc(unsigned int, unsigned int, unsigned int)':
/usr/local/cuda/include/sm_32_intrinsics.h:74:25: warning: no return statement in function returning non-void [-Wreturn-type]
   74 | #define __DEF_IF_HOST { }
      |                         ^
/usr/local/cuda/include/sm_32_intrinsics.h:472:111: note: in expansion of macro '__DEF_IF_HOST'
  472 | __SM_32_INTRINSICS_DECL__ unsigned int __funnelshift_lc(unsigned int lo, unsigned int hi, unsigned int shift) __DEF_IF_HOST
      |                                                                                                               ^~~~~~~~~~~~~
/usr/local/cuda/include/sm_32_intrinsics.h: In function 'unsigned int __funnelshift_r(unsigned int, unsigned int, unsigned int)':
/usr/local/cuda/include/sm_32_intrinsics.h:74:25: warning: no return statement in function returning non-void [-Wreturn-type]
   74 | #define __DEF_IF_HOST { }
      |                         ^
/usr/local/cuda/include/sm_32_intrinsics.h:485:110: note: in expansion of macro '__DEF_IF_HOST'
  485 | __SM_32_INTRINSICS_DECL__ unsigned int __funnelshift_r(unsigned int lo, unsigned int hi, unsigned int shift) __DEF_IF_HOST
      |                                                                                                              ^~~~~~~~~~~~~
/usr/local/cuda/include/sm_32_intrinsics.h: In function 'unsigned int __funnelshift_rc(unsigned int, unsigned int, unsigned int)':
/usr/local/cuda/include/sm_32_intrinsics.h:74:25: warning: no return statement in function returning non-void [-Wreturn-type]
   74 | #define __DEF_IF_HOST { }
      |                         ^
/usr/local/cuda/include/sm_32_intrinsics.h:497:111: note: in expansion of macro '__DEF_IF_HOST'
  497 | __SM_32_INTRINSICS_DECL__ unsigned int __funnelshift_rc(unsigned int lo, unsigned int hi, unsigned int shift) __DEF_IF_HOST
      |                                                                                                               ^~~~~~~~~~~~~
In file included from /usr/local/cuda/include/crt/device_functions.h:3625,
                 from /home/GVirtuS/GVirtuS/plugins/cudart/backend/CudaRtHandler.h:71,
                 from /home/GVirtuS/GVirtuS/plugins/cudart/backend/CudaRtHandler_internal.cpp:27:
/usr/local/cuda/include/sm_61_intrinsics.h: In function 'int __dp2a_lo(int, int, int)':
/usr/local/cuda/include/sm_61_intrinsics.h:72:25: warning: no return statement in function returning non-void [-Wreturn-type]
   72 | #define __DEF_IF_HOST { }
      |                         ^
/usr/local/cuda/include/sm_61_intrinsics.h:99:68: note: in expansion of macro '__DEF_IF_HOST'
   99 | __SM_61_INTRINSICS_DECL__ int __dp2a_lo(int srcA, int srcB, int c) __DEF_IF_HOST
      |                                                                    ^~~~~~~~~~~~~
/usr/local/cuda/include/sm_61_intrinsics.h: In function 'unsigned int __dp2a_lo(unsigned int, unsigned int, unsigned int)':
/usr/local/cuda/include/sm_61_intrinsics.h:72:25: warning: no return statement in function returning non-void [-Wreturn-type]
   72 | #define __DEF_IF_HOST { }
      |                         ^
/usr/local/cuda/include/sm_61_intrinsics.h:110:104: note: in expansion of macro '__DEF_IF_HOST'
  110 | __SM_61_INTRINSICS_DECL__ unsigned int __dp2a_lo(unsigned int srcA, unsigned int srcB, unsigned int c) __DEF_IF_HOST
      |                                                                                                        ^~~~~~~~~~~~~
/usr/local/cuda/include/sm_61_intrinsics.h: In function 'int __dp2a_lo(short2, char4, int)':
/usr/local/cuda/include/sm_61_intrinsics.h:72:25: warning: no return statement in function returning non-void [-Wreturn-type]
   72 | #define __DEF_IF_HOST { }
      |                         ^
/usr/local/cuda/include/sm_61_intrinsics.h:122:73: note: in expansion of macro '__DEF_IF_HOST'
  122 | __SM_61_INTRINSICS_DECL__ int __dp2a_lo(short2 srcA, char4 srcB, int c) __DEF_IF_HOST
      |                                                                         ^~~~~~~~~~~~~
/usr/local/cuda/include/sm_61_intrinsics.h: In function 'unsigned int __dp2a_lo(ushort2, uchar4, unsigned int)':
/usr/local/cuda/include/sm_61_intrinsics.h:72:25: warning: no return statement in function returning non-void [-Wreturn-type]
   72 | #define __DEF_IF_HOST { }
      |                         ^
/usr/local/cuda/include/sm_61_intrinsics.h:133:93: note: in expansion of macro '__DEF_IF_HOST'
  133 | __SM_61_INTRINSICS_DECL__ unsigned int __dp2a_lo(ushort2 srcA, uchar4 srcB, unsigned int c) __DEF_IF_HOST
      |                                                                                             ^~~~~~~~~~~~~
/usr/local/cuda/include/sm_61_intrinsics.h: In function 'int __dp2a_hi(int, int, int)':
/usr/local/cuda/include/sm_61_intrinsics.h:72:25: warning: no return statement in function returning non-void [-Wreturn-type]
   72 | #define __DEF_IF_HOST { }
      |                         ^
/usr/local/cuda/include/sm_61_intrinsics.h:145:68: note: in expansion of macro '__DEF_IF_HOST'
  145 | __SM_61_INTRINSICS_DECL__ int __dp2a_hi(int srcA, int srcB, int c) __DEF_IF_HOST
      |                                                                    ^~~~~~~~~~~~~
/usr/local/cuda/include/sm_61_intrinsics.h: In function 'unsigned int __dp2a_hi(unsigned int, unsigned int, unsigned int)':
/usr/local/cuda/include/sm_61_intrinsics.h:72:25: warning: no return statement in function returning non-void [-Wreturn-type]
   72 | #define __DEF_IF_HOST { }
      |                         ^
/usr/local/cuda/include/sm_61_intrinsics.h:156:104: note: in expansion of macro '__DEF_IF_HOST'
  156 | __SM_61_INTRINSICS_DECL__ unsigned int __dp2a_hi(unsigned int srcA, unsigned int srcB, unsigned int c) __DEF_IF_HOST
      |                                                                                                        ^~~~~~~~~~~~~
/usr/local/cuda/include/sm_61_intrinsics.h: In function 'int __dp2a_hi(short2, char4, int)':
/usr/local/cuda/include/sm_61_intrinsics.h:72:25: warning: no return statement in function returning non-void [-Wreturn-type]
   72 | #define __DEF_IF_HOST { }
      |                         ^
/usr/local/cuda/include/sm_61_intrinsics.h:168:73: note: in expansion of macro '__DEF_IF_HOST'
  168 | __SM_61_INTRINSICS_DECL__ int __dp2a_hi(short2 srcA, char4 srcB, int c) __DEF_IF_HOST
      |                                                                         ^~~~~~~~~~~~~
/usr/local/cuda/include/sm_61_intrinsics.h: In function 'unsigned int __dp2a_hi(ushort2, uchar4, unsigned int)':
/usr/local/cuda/include/sm_61_intrinsics.h:72:25: warning: no return statement in function returning non-void [-Wreturn-type]
   72 | #define __DEF_IF_HOST { }
      |                         ^
/usr/local/cuda/include/sm_61_intrinsics.h:179:93: note: in expansion of macro '__DEF_IF_HOST'
  179 | __SM_61_INTRINSICS_DECL__ unsigned int __dp2a_hi(ushort2 srcA, uchar4 srcB, unsigned int c) __DEF_IF_HOST
      |                                                                                             ^~~~~~~~~~~~~
/usr/local/cuda/include/sm_61_intrinsics.h: In function 'int __dp4a(int, int, int)':
/usr/local/cuda/include/sm_61_intrinsics.h:72:25: warning: no return statement in function returning non-void [-Wreturn-type]
   72 | #define __DEF_IF_HOST { }
      |                         ^
/usr/local/cuda/include/sm_61_intrinsics.h:194:65: note: in expansion of macro '__DEF_IF_HOST'
  194 | __SM_61_INTRINSICS_DECL__ int __dp4a(int srcA, int srcB, int c) __DEF_IF_HOST
      |                                                                 ^~~~~~~~~~~~~
/usr/local/cuda/include/sm_61_intrinsics.h: In function 'unsigned int __dp4a(unsigned int, unsigned int, unsigned int)':
/usr/local/cuda/include/sm_61_intrinsics.h:72:25: warning: no return statement in function returning non-void [-Wreturn-type]
   72 | #define __DEF_IF_HOST { }
      |                         ^
/usr/local/cuda/include/sm_61_intrinsics.h:203:101: note: in expansion of macro '__DEF_IF_HOST'
  203 | __SM_61_INTRINSICS_DECL__ unsigned int __dp4a(unsigned int srcA, unsigned int srcB, unsigned int c) __DEF_IF_HOST
      |                                                                                                     ^~~~~~~~~~~~~
/usr/local/cuda/include/sm_61_intrinsics.h: In function 'int __dp4a(char4, char4, int)':
/usr/local/cuda/include/sm_61_intrinsics.h:72:25: warning: no return statement in function returning non-void [-Wreturn-type]
   72 | #define __DEF_IF_HOST { }
      |                         ^
/usr/local/cuda/include/sm_61_intrinsics.h:213:69: note: in expansion of macro '__DEF_IF_HOST'
  213 | __SM_61_INTRINSICS_DECL__ int __dp4a(char4 srcA, char4 srcB, int c) __DEF_IF_HOST
      |                                                                     ^~~~~~~~~~~~~
/usr/local/cuda/include/sm_61_intrinsics.h: In function 'unsigned int __dp4a(uchar4, uchar4, unsigned int)':
/usr/local/cuda/include/sm_61_intrinsics.h:72:25: warning: no return statement in function returning non-void [-Wreturn-type]
   72 | #define __DEF_IF_HOST { }
      |                         ^
/usr/local/cuda/include/sm_61_intrinsics.h:222:89: note: in expansion of macro '__DEF_IF_HOST'
  222 | __SM_61_INTRINSICS_DECL__ unsigned int __dp4a(uchar4 srcA, uchar4 srcB, unsigned int c) __DEF_IF_HOST
      |                                                                                         ^~~~~~~~~~~~~
In file included from /usr/local/cuda/include/crt/device_functions.h:3626,
                 from /home/GVirtuS/GVirtuS/plugins/cudart/backend/CudaRtHandler.h:71,
                 from /home/GVirtuS/GVirtuS/plugins/cudart/backend/CudaRtHandler_internal.cpp:27:
/usr/local/cuda/include/crt/sm_70_rt.h: In function 'unsigned int __match_any_sync(unsigned int, unsigned int)':
/usr/local/cuda/include/crt/sm_70_rt.h:84:25: warning: no return statement in function returning non-void [-Wreturn-type]
   84 | #define __DEF_IF_HOST { }
      |                         ^
/usr/local/cuda/include/crt/sm_70_rt.h:93:80: note: in expansion of macro '__DEF_IF_HOST'
   93 | __SM_70_RT_DECL__ unsigned int __match_any_sync(unsigned mask, unsigned value) __DEF_IF_HOST
      |                                                                                ^~~~~~~~~~~~~
/usr/local/cuda/include/crt/sm_70_rt.h: In function 'unsigned int __match_any_sync(unsigned int, int)':
/usr/local/cuda/include/crt/sm_70_rt.h:84:25: warning: no return statement in function returning non-void [-Wreturn-type]
   84 | #define __DEF_IF_HOST { }
      |                         ^
/usr/local/cuda/include/crt/sm_70_rt.h:94:75: note: in expansion of macro '__DEF_IF_HOST'
   94 | __SM_70_RT_DECL__ unsigned int __match_any_sync(unsigned mask, int value) __DEF_IF_HOST
      |                                                                           ^~~~~~~~~~~~~
/usr/local/cuda/include/crt/sm_70_rt.h: In function 'unsigned int __match_any_sync(unsigned int, long unsigned int)':
/usr/local/cuda/include/crt/sm_70_rt.h:84:25: warning: no return statement in function returning non-void [-Wreturn-type]
   84 | #define __DEF_IF_HOST { }
      |                         ^
/usr/local/cuda/include/crt/sm_70_rt.h:95:85: note: in expansion of macro '__DEF_IF_HOST'
   95 | __SM_70_RT_DECL__ unsigned int __match_any_sync(unsigned mask, unsigned long value) __DEF_IF_HOST
      |                                                                                     ^~~~~~~~~~~~~
/usr/local/cuda/include/crt/sm_70_rt.h: In function 'unsigned int __match_any_sync(unsigned int, long int)':
/usr/local/cuda/include/crt/sm_70_rt.h:84:25: warning: no return statement in function returning non-void [-Wreturn-type]
   84 | #define __DEF_IF_HOST { }
      |                         ^
/usr/local/cuda/include/crt/sm_70_rt.h:96:76: note: in expansion of macro '__DEF_IF_HOST'
   96 | __SM_70_RT_DECL__ unsigned int __match_any_sync(unsigned mask, long value) __DEF_IF_HOST
      |                                                                            ^~~~~~~~~~~~~
/usr/local/cuda/include/crt/sm_70_rt.h: In function 'unsigned int __match_any_sync(unsigned int, long long unsigned int)':
/usr/local/cuda/include/crt/sm_70_rt.h:84:25: warning: no return statement in function returning non-void [-Wreturn-type]
   84 | #define __DEF_IF_HOST { }
      |                         ^
/usr/local/cuda/include/crt/sm_70_rt.h:97:90: note: in expansion of macro '__DEF_IF_HOST'
   97 | __SM_70_RT_DECL__ unsigned int __match_any_sync(unsigned mask, unsigned long long value) __DEF_IF_HOST
      |                                                                                          ^~~~~~~~~~~~~
/usr/local/cuda/include/crt/sm_70_rt.h: In function 'unsigned int __match_any_sync(unsigned int, long long int)':
/usr/local/cuda/include/crt/sm_70_rt.h:84:25: warning: no return statement in function returning non-void [-Wreturn-type]
   84 | #define __DEF_IF_HOST { }
      |                         ^
/usr/local/cuda/include/crt/sm_70_rt.h:98:81: note: in expansion of macro '__DEF_IF_HOST'
   98 | __SM_70_RT_DECL__ unsigned int __match_any_sync(unsigned mask, long long value) __DEF_IF_HOST
      |                                                                                 ^~~~~~~~~~~~~
/usr/local/cuda/include/crt/sm_70_rt.h: In function 'unsigned int __match_any_sync(unsigned int, float)':
/usr/local/cuda/include/crt/sm_70_rt.h:84:25: warning: no return statement in function returning non-void [-Wreturn-type]
   84 | #define __DEF_IF_HOST { }
      |                         ^
/usr/local/cuda/include/crt/sm_70_rt.h:99:77: note: in expansion of macro '__DEF_IF_HOST'
   99 | __SM_70_RT_DECL__ unsigned int __match_any_sync(unsigned mask, float value) __DEF_IF_HOST
      |                                                                             ^~~~~~~~~~~~~
/usr/local/cuda/include/crt/sm_70_rt.h: In function 'unsigned int __match_any_sync(unsigned int, double)':
/usr/local/cuda/include/crt/sm_70_rt.h:84:25: warning: no return statement in function returning non-void [-Wreturn-type]
   84 | #define __DEF_IF_HOST { }
      |                         ^
/usr/local/cuda/include/crt/sm_70_rt.h:100:78: note: in expansion of macro '__DEF_IF_HOST'
  100 | __SM_70_RT_DECL__ unsigned int __match_any_sync(unsigned mask, double value) __DEF_IF_HOST
      |                                                                              ^~~~~~~~~~~~~
/usr/local/cuda/include/crt/sm_70_rt.h: In function 'unsigned int __match_all_sync(unsigned int, unsigned int, int*)':
/usr/local/cuda/include/crt/sm_70_rt.h:84:25: warning: no return statement in function returning non-void [-Wreturn-type]
   84 | #define __DEF_IF_HOST { }
      |                         ^
/usr/local/cuda/include/crt/sm_70_rt.h:102:91: note: in expansion of macro '__DEF_IF_HOST'
  102 | __SM_70_RT_DECL__ unsigned int __match_all_sync(unsigned mask, unsigned value, int *pred) __DEF_IF_HOST
      |                                                                                           ^~~~~~~~~~~~~
/usr/local/cuda/include/crt/sm_70_rt.h: In function 'unsigned int __match_all_sync(unsigned int, int, int*)':
/usr/local/cuda/include/crt/sm_70_rt.h:84:25: warning: no return statement in function returning non-void [-Wreturn-type]
   84 | #define __DEF_IF_HOST { }
      |                         ^
/usr/local/cuda/include/crt/sm_70_rt.h:103:86: note: in expansion of macro '__DEF_IF_HOST'
  103 | __SM_70_RT_DECL__ unsigned int __match_all_sync(unsigned mask, int value, int *pred) __DEF_IF_HOST
      |                                                                                      ^~~~~~~~~~~~~
/usr/local/cuda/include/crt/sm_70_rt.h: In function 'unsigned int __match_all_sync(unsigned int, long unsigned int, int*)':
/usr/local/cuda/include/crt/sm_70_rt.h:84:25: warning: no return statement in function returning non-void [-Wreturn-type]
   84 | #define __DEF_IF_HOST { }
      |                         ^
/usr/local/cuda/include/crt/sm_70_rt.h:104:96: note: in expansion of macro '__DEF_IF_HOST'
  104 | __SM_70_RT_DECL__ unsigned int __match_all_sync(unsigned mask, unsigned long value, int *pred) __DEF_IF_HOST
      |                                                                                                ^~~~~~~~~~~~~
/usr/local/cuda/include/crt/sm_70_rt.h: In function 'unsigned int __match_all_sync(unsigned int, long int, int*)':
/usr/local/cuda/include/crt/sm_70_rt.h:84:25: warning: no return statement in function returning non-void [-Wreturn-type]
   84 | #define __DEF_IF_HOST { }
      |                         ^
/usr/local/cuda/include/crt/sm_70_rt.h:105:87: note: in expansion of macro '__DEF_IF_HOST'
  105 | __SM_70_RT_DECL__ unsigned int __match_all_sync(unsigned mask, long value, int *pred) __DEF_IF_HOST
      |                                                                                       ^~~~~~~~~~~~~
/usr/local/cuda/include/crt/sm_70_rt.h: In function 'unsigned int __match_all_sync(unsigned int, long long unsigned int, int*)':
/usr/local/cuda/include/crt/sm_70_rt.h:84:25: warning: no return statement in function returning non-void [-Wreturn-type]
   84 | #define __DEF_IF_HOST { }
      |                         ^
/usr/local/cuda/include/crt/sm_70_rt.h:106:101: note: in expansion of macro '__DEF_IF_HOST'
  106 | __SM_70_RT_DECL__ unsigned int __match_all_sync(unsigned mask, unsigned long long value, int *pred) __DEF_IF_HOST
      |                                                                                                     ^~~~~~~~~~~~~
/usr/local/cuda/include/crt/sm_70_rt.h: In function 'unsigned int __match_all_sync(unsigned int, long long int, int*)':
/usr/local/cuda/include/crt/sm_70_rt.h:84:25: warning: no return statement in function returning non-void [-Wreturn-type]
   84 | #define __DEF_IF_HOST { }
      |                         ^
/usr/local/cuda/include/crt/sm_70_rt.h:107:92: note: in expansion of macro '__DEF_IF_HOST'
  107 | __SM_70_RT_DECL__ unsigned int __match_all_sync(unsigned mask, long long value, int *pred) __DEF_IF_HOST
      |                                                                                            ^~~~~~~~~~~~~
/usr/local/cuda/include/crt/sm_70_rt.h: In function 'unsigned int __match_all_sync(unsigned int, float, int*)':
/usr/local/cuda/include/crt/sm_70_rt.h:84:25: warning: no return statement in function returning non-void [-Wreturn-type]
   84 | #define __DEF_IF_HOST { }
      |                         ^
/usr/local/cuda/include/crt/sm_70_rt.h:108:88: note: in expansion of macro '__DEF_IF_HOST'
  108 | __SM_70_RT_DECL__ unsigned int __match_all_sync(unsigned mask, float value, int *pred) __DEF_IF_HOST
      |                                                                                        ^~~~~~~~~~~~~
/usr/local/cuda/include/crt/sm_70_rt.h: In function 'unsigned int __match_all_sync(unsigned int, double, int*)':
/usr/local/cuda/include/crt/sm_70_rt.h:84:25: warning: no return statement in function returning non-void [-Wreturn-type]
   84 | #define __DEF_IF_HOST { }
      |                         ^
/usr/local/cuda/include/crt/sm_70_rt.h:109:89: note: in expansion of macro '__DEF_IF_HOST'
  109 | __SM_70_RT_DECL__ unsigned int __match_all_sync(unsigned mask, double value, int *pred) __DEF_IF_HOST
      |                                                                                         ^~~~~~~~~~~~~
/usr/local/cuda/include/crt/sm_70_rt.h: In function 'short unsigned int atomicCAS(short unsigned int*, short unsigned int, short unsigned int)':
/usr/local/cuda/include/crt/sm_70_rt.h:84:25: warning: no return statement in function returning non-void [-Wreturn-type]
   84 | #define __DEF_IF_HOST { }
      |                         ^
/usr/local/cuda/include/crt/sm_70_rt.h:113:129: note: in expansion of macro '__DEF_IF_HOST'
  113 | __SM_70_RT_DECL__ unsigned short int atomicCAS(unsigned short int *address, unsigned short int compare, unsigned short int val) __DEF_IF_HOST
      |                                                                                                                                 ^~~~~~~~~~~~~
In file included from /usr/local/cuda/include/crt/device_functions.h:3627,
                 from /home/GVirtuS/GVirtuS/plugins/cudart/backend/CudaRtHandler.h:71,
                 from /home/GVirtuS/GVirtuS/plugins/cudart/backend/CudaRtHandler_internal.cpp:27:
/usr/local/cuda/include/crt/sm_80_rt.h: In function 'unsigned int __reduce_add_sync(unsigned int, unsigned int)':
/usr/local/cuda/include/crt/sm_80_rt.h:84:25: warning: no return statement in function returning non-void [-Wreturn-type]
   84 | #define __DEF_IF_HOST { }
      |                         ^
/usr/local/cuda/include/crt/sm_80_rt.h:93:77: note: in expansion of macro '__DEF_IF_HOST'
   93 | __SM_80_RT_DECL__ unsigned __reduce_add_sync(unsigned mask, unsigned value) __DEF_IF_HOST
      |                                                                             ^~~~~~~~~~~~~
/usr/local/cuda/include/crt/sm_80_rt.h: In function 'unsigned int __reduce_min_sync(unsigned int, unsigned int)':
/usr/local/cuda/include/crt/sm_80_rt.h:84:25: warning: no return statement in function returning non-void [-Wreturn-type]
   84 | #define __DEF_IF_HOST { }
      |                         ^
/usr/local/cuda/include/crt/sm_80_rt.h:94:77: note: in expansion of macro '__DEF_IF_HOST'
   94 | __SM_80_RT_DECL__ unsigned __reduce_min_sync(unsigned mask, unsigned value) __DEF_IF_HOST
      |                                                                             ^~~~~~~~~~~~~
/usr/local/cuda/include/crt/sm_80_rt.h: In function 'unsigned int __reduce_max_sync(unsigned int, unsigned int)':
/usr/local/cuda/include/crt/sm_80_rt.h:84:25: warning: no return statement in function returning non-void [-Wreturn-type]
   84 | #define __DEF_IF_HOST { }
      |                         ^
/usr/local/cuda/include/crt/sm_80_rt.h:95:77: note: in expansion of macro '__DEF_IF_HOST'
   95 | __SM_80_RT_DECL__ unsigned __reduce_max_sync(unsigned mask, unsigned value) __DEF_IF_HOST
      |                                                                             ^~~~~~~~~~~~~
/usr/local/cuda/include/crt/sm_80_rt.h: In function 'int __reduce_add_sync(unsigned int, int)':
/usr/local/cuda/include/crt/sm_80_rt.h:84:25: warning: no return statement in function returning non-void [-Wreturn-type]
   84 | #define __DEF_IF_HOST { }
      |                         ^
/usr/local/cuda/include/crt/sm_80_rt.h:97:67: note: in expansion of macro '__DEF_IF_HOST'
   97 | __SM_80_RT_DECL__ int __reduce_add_sync(unsigned mask, int value) __DEF_IF_HOST
      |                                                                   ^~~~~~~~~~~~~
/usr/local/cuda/include/crt/sm_80_rt.h: In function 'int __reduce_min_sync(unsigned int, int)':
/usr/local/cuda/include/crt/sm_80_rt.h:84:25: warning: no return statement in function returning non-void [-Wreturn-type]
   84 | #define __DEF_IF_HOST { }
      |                         ^
/usr/local/cuda/include/crt/sm_80_rt.h:98:67: note: in expansion of macro '__DEF_IF_HOST'
   98 | __SM_80_RT_DECL__ int __reduce_min_sync(unsigned mask, int value) __DEF_IF_HOST
      |                                                                   ^~~~~~~~~~~~~
/usr/local/cuda/include/crt/sm_80_rt.h: In function 'int __reduce_max_sync(unsigned int, int)':
/usr/local/cuda/include/crt/sm_80_rt.h:84:25: warning: no return statement in function returning non-void [-Wreturn-type]
   84 | #define __DEF_IF_HOST { }
      |                         ^
/usr/local/cuda/include/crt/sm_80_rt.h:99:67: note: in expansion of macro '__DEF_IF_HOST'
   99 | __SM_80_RT_DECL__ int __reduce_max_sync(unsigned mask, int value) __DEF_IF_HOST
      |                                                                   ^~~~~~~~~~~~~
/usr/local/cuda/include/crt/sm_80_rt.h: In function 'unsigned int __reduce_and_sync(unsigned int, unsigned int)':
/usr/local/cuda/include/crt/sm_80_rt.h:84:25: warning: no return statement in function returning non-void [-Wreturn-type]
   84 | #define __DEF_IF_HOST { }
      |                         ^
/usr/local/cuda/include/crt/sm_80_rt.h:101:77: note: in expansion of macro '__DEF_IF_HOST'
  101 | __SM_80_RT_DECL__ unsigned __reduce_and_sync(unsigned mask, unsigned value) __DEF_IF_HOST
      |                                                                             ^~~~~~~~~~~~~
/usr/local/cuda/include/crt/sm_80_rt.h: In function 'unsigned int __reduce_or_sync(unsigned int, unsigned int)':
/usr/local/cuda/include/crt/sm_80_rt.h:84:25: warning: no return statement in function returning non-void [-Wreturn-type]
   84 | #define __DEF_IF_HOST { }
      |                         ^
/usr/local/cuda/include/crt/sm_80_rt.h:102:76: note: in expansion of macro '__DEF_IF_HOST'
  102 | __SM_80_RT_DECL__ unsigned __reduce_or_sync(unsigned mask, unsigned value) __DEF_IF_HOST
      |                                                                            ^~~~~~~~~~~~~
/usr/local/cuda/include/crt/sm_80_rt.h: In function 'unsigned int __reduce_xor_sync(unsigned int, unsigned int)':
/usr/local/cuda/include/crt/sm_80_rt.h:84:25: warning: no return statement in function returning non-void [-Wreturn-type]
   84 | #define __DEF_IF_HOST { }
      |                         ^
/usr/local/cuda/include/crt/sm_80_rt.h:103:77: note: in expansion of macro '__DEF_IF_HOST'
  103 | __SM_80_RT_DECL__ unsigned __reduce_xor_sync(unsigned mask, unsigned value) __DEF_IF_HOST
      |                                                                             ^~~~~~~~~~~~~
In file included from /usr/local/cuda/include/crt/device_functions.h:3628,
                 from /home/GVirtuS/GVirtuS/plugins/cudart/backend/CudaRtHandler.h:71,
                 from /home/GVirtuS/GVirtuS/plugins/cudart/backend/CudaRtHandler_internal.cpp:27:
/usr/local/cuda/include/crt/sm_90_rt.h: In function 'unsigned int __isCtaShared(const void*)':
/usr/local/cuda/include/crt/sm_90_rt.h:84:25: warning: no return statement in function returning non-void [-Wreturn-type]
   84 | #define __DEF_IF_HOST { }
      |                         ^
/usr/local/cuda/include/crt/sm_90_rt.h:89:59: note: in expansion of macro '__DEF_IF_HOST'
   89 | __SM_90_RT_DECL__ unsigned __isCtaShared(const void *ptr) __DEF_IF_HOST
      |                                                           ^~~~~~~~~~~~~
/usr/local/cuda/include/crt/sm_90_rt.h: In function 'unsigned int __isClusterShared(const void*)':
/usr/local/cuda/include/crt/sm_90_rt.h:84:25: warning: no return statement in function returning non-void [-Wreturn-type]
   84 | #define __DEF_IF_HOST { }
      |                         ^
/usr/local/cuda/include/crt/sm_90_rt.h:90:63: note: in expansion of macro '__DEF_IF_HOST'
   90 | __SM_90_RT_DECL__ unsigned __isClusterShared(const void *ptr) __DEF_IF_HOST
      |                                                               ^~~~~~~~~~~~~
/usr/local/cuda/include/crt/sm_90_rt.h: In function 'void* __cluster_map_shared_rank(const void*, unsigned int)':
/usr/local/cuda/include/crt/sm_90_rt.h:84:25: warning: no return statement in function returning non-void [-Wreturn-type]
   84 | #define __DEF_IF_HOST { }
      |                         ^
/usr/local/cuda/include/crt/sm_90_rt.h:91:97: note: in expansion of macro '__DEF_IF_HOST'
   91 | __SM_90_RT_DECL__ void *__cluster_map_shared_rank(const void *ptr, unsigned target_block_rank)  __DEF_IF_HOST
      |                                                                                                 ^~~~~~~~~~~~~
/usr/local/cuda/include/crt/sm_90_rt.h: In function 'unsigned int __cluster_query_shared_rank(const void*)':
/usr/local/cuda/include/crt/sm_90_rt.h:84:25: warning: no return statement in function returning non-void [-Wreturn-type]
   84 | #define __DEF_IF_HOST { }
      |                         ^
/usr/local/cuda/include/crt/sm_90_rt.h:92:73: note: in expansion of macro '__DEF_IF_HOST'
   92 | __SM_90_RT_DECL__ unsigned __cluster_query_shared_rank(const void *ptr) __DEF_IF_HOST
      |                                                                         ^~~~~~~~~~~~~
/usr/local/cuda/include/crt/sm_90_rt.h: In function 'uint2 __cluster_map_shared_multicast(const void*, unsigned int)':
/usr/local/cuda/include/crt/sm_90_rt.h:84:25: warning: no return statement in function returning non-void [-Wreturn-type]
   84 | #define __DEF_IF_HOST { }
      |                         ^
/usr/local/cuda/include/crt/sm_90_rt.h:93:100: note: in expansion of macro '__DEF_IF_HOST'
   93 | __SM_90_RT_DECL__ uint2 __cluster_map_shared_multicast(const void *ptr, unsigned cluster_cta_mask) __DEF_IF_HOST
      |                                                                                                    ^~~~~~~~~~~~~
/usr/local/cuda/include/crt/sm_90_rt.h: In function 'unsigned int __clusterDimIsSpecified()':
/usr/local/cuda/include/crt/sm_90_rt.h:84:25: warning: no return statement in function returning non-void [-Wreturn-type]
   84 | #define __DEF_IF_HOST { }
      |                         ^
/usr/local/cuda/include/crt/sm_90_rt.h:94:54: note: in expansion of macro '__DEF_IF_HOST'
   94 | __SM_90_RT_DECL__ unsigned __clusterDimIsSpecified() __DEF_IF_HOST
      |                                                      ^~~~~~~~~~~~~
/usr/local/cuda/include/crt/sm_90_rt.h: In function 'dim3 __clusterDim()':
/usr/local/cuda/include/crt/sm_90_rt.h:84:25: warning: no return statement in function returning non-void [-Wreturn-type]
   84 | #define __DEF_IF_HOST { }
      |                         ^
/usr/local/cuda/include/crt/sm_90_rt.h:95:39: note: in expansion of macro '__DEF_IF_HOST'
   95 | __SM_90_RT_DECL__ dim3 __clusterDim() __DEF_IF_HOST
      |                                       ^~~~~~~~~~~~~
/usr/local/cuda/include/crt/sm_90_rt.h: In function 'dim3 __clusterRelativeBlockIdx()':
/usr/local/cuda/include/crt/sm_90_rt.h:84:25: warning: no return statement in function returning non-void [-Wreturn-type]
   84 | #define __DEF_IF_HOST { }
      |                         ^
/usr/local/cuda/include/crt/sm_90_rt.h:96:52: note: in expansion of macro '__DEF_IF_HOST'
   96 | __SM_90_RT_DECL__ dim3 __clusterRelativeBlockIdx() __DEF_IF_HOST
      |                                                    ^~~~~~~~~~~~~
/usr/local/cuda/include/crt/sm_90_rt.h: In function 'dim3 __clusterGridDimInClusters()':
/usr/local/cuda/include/crt/sm_90_rt.h:84:25: warning: no return statement in function returning non-void [-Wreturn-type]
   84 | #define __DEF_IF_HOST { }
      |                         ^
/usr/local/cuda/include/crt/sm_90_rt.h:97:53: note: in expansion of macro '__DEF_IF_HOST'
   97 | __SM_90_RT_DECL__ dim3 __clusterGridDimInClusters() __DEF_IF_HOST
      |                                                     ^~~~~~~~~~~~~
/usr/local/cuda/include/crt/sm_90_rt.h: In function 'dim3 __clusterIdx()':
/usr/local/cuda/include/crt/sm_90_rt.h:84:25: warning: no return statement in function returning non-void [-Wreturn-type]
   84 | #define __DEF_IF_HOST { }
      |                         ^
/usr/local/cuda/include/crt/sm_90_rt.h:98:39: note: in expansion of macro '__DEF_IF_HOST'
   98 | __SM_90_RT_DECL__ dim3 __clusterIdx() __DEF_IF_HOST
      |                                       ^~~~~~~~~~~~~
/usr/local/cuda/include/crt/sm_90_rt.h: In function 'unsigned int __clusterRelativeBlockRank()':
/usr/local/cuda/include/crt/sm_90_rt.h:84:25: warning: no return statement in function returning non-void [-Wreturn-type]
   84 | #define __DEF_IF_HOST { }
      |                         ^
/usr/local/cuda/include/crt/sm_90_rt.h:99:57: note: in expansion of macro '__DEF_IF_HOST'
   99 | __SM_90_RT_DECL__ unsigned __clusterRelativeBlockRank() __DEF_IF_HOST
      |                                                         ^~~~~~~~~~~~~
/usr/local/cuda/include/crt/sm_90_rt.h: In function 'unsigned int __clusterSizeInBlocks()':
/usr/local/cuda/include/crt/sm_90_rt.h:84:25: warning: no return statement in function returning non-void [-Wreturn-type]
   84 | #define __DEF_IF_HOST { }
      |                         ^
/usr/local/cuda/include/crt/sm_90_rt.h:100:52: note: in expansion of macro '__DEF_IF_HOST'
  100 | __SM_90_RT_DECL__ unsigned __clusterSizeInBlocks() __DEF_IF_HOST
      |                                                    ^~~~~~~~~~~~~
/usr/local/cuda/include/crt/sm_90_rt.h: In function 'float2 atomicAdd(float2*, float2)':
/usr/local/cuda/include/crt/sm_90_rt.h:84:25: warning: no return statement in function returning non-void [-Wreturn-type]
   84 | #define __DEF_IF_HOST { }
      |                         ^
/usr/local/cuda/include/crt/sm_90_rt.h:106:65: note: in expansion of macro '__DEF_IF_HOST'
  106 | __SM_90_RT_DECL__ float2 atomicAdd(float2 *address, float2 val) __DEF_IF_HOST
      |                                                                 ^~~~~~~~~~~~~
/usr/local/cuda/include/crt/sm_90_rt.h: In function 'float2 atomicAdd_block(float2*, float2)':
/usr/local/cuda/include/crt/sm_90_rt.h:84:25: warning: no return statement in function returning non-void [-Wreturn-type]
   84 | #define __DEF_IF_HOST { }
      |                         ^
/usr/local/cuda/include/crt/sm_90_rt.h:107:71: note: in expansion of macro '__DEF_IF_HOST'
  107 | __SM_90_RT_DECL__ float2 atomicAdd_block(float2 *address, float2 val) __DEF_IF_HOST
      |                                                                       ^~~~~~~~~~~~~
/usr/local/cuda/include/crt/sm_90_rt.h: In function 'float2 atomicAdd_system(float2*, float2)':
/usr/local/cuda/include/crt/sm_90_rt.h:84:25: warning: no return statement in function returning non-void [-Wreturn-type]
   84 | #define __DEF_IF_HOST { }
      |                         ^
/usr/local/cuda/include/crt/sm_90_rt.h:108:72: note: in expansion of macro '__DEF_IF_HOST'
  108 | __SM_90_RT_DECL__ float2 atomicAdd_system(float2 *address, float2 val) __DEF_IF_HOST
      |                                                                        ^~~~~~~~~~~~~
/usr/local/cuda/include/crt/sm_90_rt.h: In function 'float4 atomicAdd(float4*, float4)':
/usr/local/cuda/include/crt/sm_90_rt.h:84:25: warning: no return statement in function returning non-void [-Wreturn-type]
   84 | #define __DEF_IF_HOST { }
      |                         ^
/usr/local/cuda/include/crt/sm_90_rt.h:109:65: note: in expansion of macro '__DEF_IF_HOST'
  109 | __SM_90_RT_DECL__ float4 atomicAdd(float4 *address, float4 val) __DEF_IF_HOST
      |                                                                 ^~~~~~~~~~~~~
/usr/local/cuda/include/crt/sm_90_rt.h: In function 'float4 atomicAdd_block(float4*, float4)':
/usr/local/cuda/include/crt/sm_90_rt.h:84:25: warning: no return statement in function returning non-void [-Wreturn-type]
   84 | #define __DEF_IF_HOST { }
      |                         ^
/usr/local/cuda/include/crt/sm_90_rt.h:110:71: note: in expansion of macro '__DEF_IF_HOST'
  110 | __SM_90_RT_DECL__ float4 atomicAdd_block(float4 *address, float4 val) __DEF_IF_HOST
      |                                                                       ^~~~~~~~~~~~~
/usr/local/cuda/include/crt/sm_90_rt.h: In function 'float4 atomicAdd_system(float4*, float4)':
/usr/local/cuda/include/crt/sm_90_rt.h:84:25: warning: no return statement in function returning non-void [-Wreturn-type]
   84 | #define __DEF_IF_HOST { }
      |                         ^
/usr/local/cuda/include/crt/sm_90_rt.h:111:72: note: in expansion of macro '__DEF_IF_HOST'
  111 | __SM_90_RT_DECL__ float4 atomicAdd_system(float4 *address, float4 val) __DEF_IF_HOST
      |                                                                        ^~~~~~~~~~~~~
[ 54%] Building CXX object plugins/cudart/CMakeFiles/gvirtus-plugin-cudart.dir/backend/CudaRtHandler_occupancy.cpp.o
In file included from /home/GVirtuS/GVirtuS/plugins/cudart/backend/CudaRtHandler.h:71,
                 from /home/GVirtuS/GVirtuS/plugins/cudart/backend/CudaRtHandler_occupancy.cpp:26:
/usr/local/cuda/include/crt/device_functions.h:54:2: warning: #warning "crt/device_functions.h is an internal header file and must not be used directly.  Please use cuda_runtime_api.h or cuda_runtime.h instead." [-Wcpp]
   54 | #warning "crt/device_functions.h is an internal header file and must not be used directly.  Please use cuda_runtime_api.h or cuda_runtime.h instead."
      |  ^~~~~~~
In file included from /usr/local/cuda/include/crt/device_functions.h:3615,
                 from /home/GVirtuS/GVirtuS/plugins/cudart/backend/CudaRtHandler.h:71,
                 from /home/GVirtuS/GVirtuS/plugins/cudart/backend/CudaRtHandler_occupancy.cpp:26:
/usr/local/cuda/include/device_atomic_functions.h: In function 'int atomicAdd(int*, int)':
/usr/local/cuda/include/device_atomic_functions.h:74:25: warning: no return statement in function returning non-void [-Wreturn-type]
   74 | #define __DEF_IF_HOST { }
      |                         ^
/usr/local/cuda/include/device_atomic_functions.h:86:71: note: in expansion of macro '__DEF_IF_HOST'
   86 | __DEVICE_ATOMIC_FUNCTIONS_DECL__ int atomicAdd(int *address, int val) __DEF_IF_HOST
      |                                                                       ^~~~~~~~~~~~~
/usr/local/cuda/include/device_atomic_functions.h: In function 'unsigned int atomicAdd(unsigned int*, unsigned int)':
/usr/local/cuda/include/device_atomic_functions.h:74:25: warning: no return statement in function returning non-void [-Wreturn-type]
   74 | #define __DEF_IF_HOST { }
      |                         ^
/usr/local/cuda/include/device_atomic_functions.h:88:98: note: in expansion of macro '__DEF_IF_HOST'
   88 | __DEVICE_ATOMIC_FUNCTIONS_DECL__ unsigned int atomicAdd(unsigned int *address, unsigned int val) __DEF_IF_HOST
      |                                                                                                  ^~~~~~~~~~~~~
/usr/local/cuda/include/device_atomic_functions.h: In function 'int atomicSub(int*, int)':
/usr/local/cuda/include/device_atomic_functions.h:74:25: warning: no return statement in function returning non-void [-Wreturn-type]
   74 | #define __DEF_IF_HOST { }
      |                         ^
/usr/local/cuda/include/device_atomic_functions.h:90:71: note: in expansion of macro '__DEF_IF_HOST'
   90 | __DEVICE_ATOMIC_FUNCTIONS_DECL__ int atomicSub(int *address, int val) __DEF_IF_HOST
      |                                                                       ^~~~~~~~~~~~~
/usr/local/cuda/include/device_atomic_functions.h: In function 'unsigned int atomicSub(unsigned int*, unsigned int)':
/usr/local/cuda/include/device_atomic_functions.h:74:25: warning: no return statement in function returning non-void [-Wreturn-type]
   74 | #define __DEF_IF_HOST { }
      |                         ^
/usr/local/cuda/include/device_atomic_functions.h:92:98: note: in expansion of macro '__DEF_IF_HOST'
   92 | __DEVICE_ATOMIC_FUNCTIONS_DECL__ unsigned int atomicSub(unsigned int *address, unsigned int val) __DEF_IF_HOST
      |                                                                                                  ^~~~~~~~~~~~~
/usr/local/cuda/include/device_atomic_functions.h: In function 'int atomicExch(int*, int)':
/usr/local/cuda/include/device_atomic_functions.h:74:25: warning: no return statement in function returning non-void [-Wreturn-type]
   74 | #define __DEF_IF_HOST { }
      |                         ^
/usr/local/cuda/include/device_atomic_functions.h:94:72: note: in expansion of macro '__DEF_IF_HOST'
   94 | __DEVICE_ATOMIC_FUNCTIONS_DECL__ int atomicExch(int *address, int val) __DEF_IF_HOST
      |                                                                        ^~~~~~~~~~~~~
/usr/local/cuda/include/device_atomic_functions.h: In function 'unsigned int atomicExch(unsigned int*, unsigned int)':
/usr/local/cuda/include/device_atomic_functions.h:74:25: warning: no return statement in function returning non-void [-Wreturn-type]
   74 | #define __DEF_IF_HOST { }
      |                         ^
/usr/local/cuda/include/device_atomic_functions.h:96:99: note: in expansion of macro '__DEF_IF_HOST'
   96 | __DEVICE_ATOMIC_FUNCTIONS_DECL__ unsigned int atomicExch(unsigned int *address, unsigned int val) __DEF_IF_HOST
      |                                                                                                   ^~~~~~~~~~~~~
/usr/local/cuda/include/device_atomic_functions.h: In function 'float atomicExch(float*, float)':
/usr/local/cuda/include/device_atomic_functions.h:74:25: warning: no return statement in function returning non-void [-Wreturn-type]
   74 | #define __DEF_IF_HOST { }
      |                         ^
/usr/local/cuda/include/device_atomic_functions.h:98:78: note: in expansion of macro '__DEF_IF_HOST'
   98 | __DEVICE_ATOMIC_FUNCTIONS_DECL__ float atomicExch(float *address, float val) __DEF_IF_HOST
      |                                                                              ^~~~~~~~~~~~~
/usr/local/cuda/include/device_atomic_functions.h: In function 'int atomicMin(int*, int)':
/usr/local/cuda/include/device_atomic_functions.h:74:25: warning: no return statement in function returning non-void [-Wreturn-type]
   74 | #define __DEF_IF_HOST { }
      |                         ^
/usr/local/cuda/include/device_atomic_functions.h:100:71: note: in expansion of macro '__DEF_IF_HOST'
  100 | __DEVICE_ATOMIC_FUNCTIONS_DECL__ int atomicMin(int *address, int val) __DEF_IF_HOST
      |                                                                       ^~~~~~~~~~~~~
/usr/local/cuda/include/device_atomic_functions.h: In function 'unsigned int atomicMin(unsigned int*, unsigned int)':
/usr/local/cuda/include/device_atomic_functions.h:74:25: warning: no return statement in function returning non-void [-Wreturn-type]
   74 | #define __DEF_IF_HOST { }
      |                         ^
/usr/local/cuda/include/device_atomic_functions.h:102:98: note: in expansion of macro '__DEF_IF_HOST'
  102 | __DEVICE_ATOMIC_FUNCTIONS_DECL__ unsigned int atomicMin(unsigned int *address, unsigned int val) __DEF_IF_HOST
      |                                                                                                  ^~~~~~~~~~~~~
/usr/local/cuda/include/device_atomic_functions.h: In function 'int atomicMax(int*, int)':
/usr/local/cuda/include/device_atomic_functions.h:74:25: warning: no return statement in function returning non-void [-Wreturn-type]
   74 | #define __DEF_IF_HOST { }
      |                         ^
/usr/local/cuda/include/device_atomic_functions.h:104:71: note: in expansion of macro '__DEF_IF_HOST'
  104 | __DEVICE_ATOMIC_FUNCTIONS_DECL__ int atomicMax(int *address, int val) __DEF_IF_HOST
      |                                                                       ^~~~~~~~~~~~~
/usr/local/cuda/include/device_atomic_functions.h: In function 'unsigned int atomicMax(unsigned int*, unsigned int)':
/usr/local/cuda/include/device_atomic_functions.h:74:25: warning: no return statement in function returning non-void [-Wreturn-type]
   74 | #define __DEF_IF_HOST { }
      |                         ^
/usr/local/cuda/include/device_atomic_functions.h:106:98: note: in expansion of macro '__DEF_IF_HOST'
  106 | __DEVICE_ATOMIC_FUNCTIONS_DECL__ unsigned int atomicMax(unsigned int *address, unsigned int val) __DEF_IF_HOST
      |                                                                                                  ^~~~~~~~~~~~~
/usr/local/cuda/include/device_atomic_functions.h: In function 'unsigned int atomicInc(unsigned int*, unsigned int)':
/usr/local/cuda/include/device_atomic_functions.h:74:25: warning: no return statement in function returning non-void [-Wreturn-type]
   74 | #define __DEF_IF_HOST { }
      |                         ^
/usr/local/cuda/include/device_atomic_functions.h:108:98: note: in expansion of macro '__DEF_IF_HOST'
  108 | __DEVICE_ATOMIC_FUNCTIONS_DECL__ unsigned int atomicInc(unsigned int *address, unsigned int val) __DEF_IF_HOST
      |                                                                                                  ^~~~~~~~~~~~~
/usr/local/cuda/include/device_atomic_functions.h: In function 'unsigned int atomicDec(unsigned int*, unsigned int)':
/usr/local/cuda/include/device_atomic_functions.h:74:25: warning: no return statement in function returning non-void [-Wreturn-type]
   74 | #define __DEF_IF_HOST { }
      |                         ^
/usr/local/cuda/include/device_atomic_functions.h:110:98: note: in expansion of macro '__DEF_IF_HOST'
  110 | __DEVICE_ATOMIC_FUNCTIONS_DECL__ unsigned int atomicDec(unsigned int *address, unsigned int val) __DEF_IF_HOST
      |                                                                                                  ^~~~~~~~~~~~~
/usr/local/cuda/include/device_atomic_functions.h: In function 'int atomicAnd(int*, int)':
/usr/local/cuda/include/device_atomic_functions.h:74:25: warning: no return statement in function returning non-void [-Wreturn-type]
   74 | #define __DEF_IF_HOST { }
      |                         ^
/usr/local/cuda/include/device_atomic_functions.h:112:71: note: in expansion of macro '__DEF_IF_HOST'
  112 | __DEVICE_ATOMIC_FUNCTIONS_DECL__ int atomicAnd(int *address, int val) __DEF_IF_HOST
      |                                                                       ^~~~~~~~~~~~~
/usr/local/cuda/include/device_atomic_functions.h: In function 'unsigned int atomicAnd(unsigned int*, unsigned int)':
/usr/local/cuda/include/device_atomic_functions.h:74:25: warning: no return statement in function returning non-void [-Wreturn-type]
   74 | #define __DEF_IF_HOST { }
      |                         ^
/usr/local/cuda/include/device_atomic_functions.h:114:98: note: in expansion of macro '__DEF_IF_HOST'
  114 | __DEVICE_ATOMIC_FUNCTIONS_DECL__ unsigned int atomicAnd(unsigned int *address, unsigned int val) __DEF_IF_HOST
      |                                                                                                  ^~~~~~~~~~~~~
/usr/local/cuda/include/device_atomic_functions.h: In function 'int atomicOr(int*, int)':
/usr/local/cuda/include/device_atomic_functions.h:74:25: warning: no return statement in function returning non-void [-Wreturn-type]
   74 | #define __DEF_IF_HOST { }
      |                         ^
/usr/local/cuda/include/device_atomic_functions.h:116:70: note: in expansion of macro '__DEF_IF_HOST'
  116 | __DEVICE_ATOMIC_FUNCTIONS_DECL__ int atomicOr(int *address, int val) __DEF_IF_HOST
      |                                                                      ^~~~~~~~~~~~~
/usr/local/cuda/include/device_atomic_functions.h: In function 'unsigned int atomicOr(unsigned int*, unsigned int)':
/usr/local/cuda/include/device_atomic_functions.h:74:25: warning: no return statement in function returning non-void [-Wreturn-type]
   74 | #define __DEF_IF_HOST { }
      |                         ^
/usr/local/cuda/include/device_atomic_functions.h:118:97: note: in expansion of macro '__DEF_IF_HOST'
  118 | __DEVICE_ATOMIC_FUNCTIONS_DECL__ unsigned int atomicOr(unsigned int *address, unsigned int val) __DEF_IF_HOST
      |                                                                                                 ^~~~~~~~~~~~~
/usr/local/cuda/include/device_atomic_functions.h: In function 'int atomicXor(int*, int)':
/usr/local/cuda/include/device_atomic_functions.h:74:25: warning: no return statement in function returning non-void [-Wreturn-type]
   74 | #define __DEF_IF_HOST { }
      |                         ^
/usr/local/cuda/include/device_atomic_functions.h:120:71: note: in expansion of macro '__DEF_IF_HOST'
  120 | __DEVICE_ATOMIC_FUNCTIONS_DECL__ int atomicXor(int *address, int val) __DEF_IF_HOST
      |                                                                       ^~~~~~~~~~~~~
/usr/local/cuda/include/device_atomic_functions.h: In function 'unsigned int atomicXor(unsigned int*, unsigned int)':
/usr/local/cuda/include/device_atomic_functions.h:74:25: warning: no return statement in function returning non-void [-Wreturn-type]
   74 | #define __DEF_IF_HOST { }
      |                         ^
/usr/local/cuda/include/device_atomic_functions.h:122:98: note: in expansion of macro '__DEF_IF_HOST'
  122 | __DEVICE_ATOMIC_FUNCTIONS_DECL__ unsigned int atomicXor(unsigned int *address, unsigned int val) __DEF_IF_HOST
      |                                                                                                  ^~~~~~~~~~~~~
/usr/local/cuda/include/device_atomic_functions.h: In function 'int atomicCAS(int*, int, int)':
/usr/local/cuda/include/device_atomic_functions.h:74:25: warning: no return statement in function returning non-void [-Wreturn-type]
   74 | #define __DEF_IF_HOST { }
      |                         ^
/usr/local/cuda/include/device_atomic_functions.h:124:84: note: in expansion of macro '__DEF_IF_HOST'
  124 | __DEVICE_ATOMIC_FUNCTIONS_DECL__ int atomicCAS(int *address, int compare, int val) __DEF_IF_HOST
      |                                                                                    ^~~~~~~~~~~~~
/usr/local/cuda/include/device_atomic_functions.h: In function 'unsigned int atomicCAS(unsigned int*, unsigned int, unsigned int)':
/usr/local/cuda/include/device_atomic_functions.h:74:25: warning: no return statement in function returning non-void [-Wreturn-type]
   74 | #define __DEF_IF_HOST { }
      |                         ^
/usr/local/cuda/include/device_atomic_functions.h:126:120: note: in expansion of macro '__DEF_IF_HOST'
  126 | __DEVICE_ATOMIC_FUNCTIONS_DECL__ unsigned int atomicCAS(unsigned int *address, unsigned int compare, unsigned int val) __DEF_IF_HOST
      |                                                                                                                        ^~~~~~~~~~~~~
/usr/local/cuda/include/device_atomic_functions.h: In function 'long long unsigned int atomicAdd(long long unsigned int*, long long unsigned int)':
/usr/local/cuda/include/device_atomic_functions.h:74:25: warning: no return statement in function returning non-void [-Wreturn-type]
   74 | #define __DEF_IF_HOST { }
      |                         ^
/usr/local/cuda/include/device_atomic_functions.h:166:128: note: in expansion of macro '__DEF_IF_HOST'
  166 | __DEVICE_ATOMIC_FUNCTIONS_DECL__ unsigned long long int atomicAdd(unsigned long long int *address, unsigned long long int val) __DEF_IF_HOST
      |                                                                                                                                ^~~~~~~~~~~~~
/usr/local/cuda/include/device_atomic_functions.h: In function 'long long unsigned int atomicExch(long long unsigned int*, long long unsigned int)':
/usr/local/cuda/include/device_atomic_functions.h:74:25: warning: no return statement in function returning non-void [-Wreturn-type]
   74 | #define __DEF_IF_HOST { }
      |                         ^
/usr/local/cuda/include/device_atomic_functions.h:168:129: note: in expansion of macro '__DEF_IF_HOST'
  168 | __DEVICE_ATOMIC_FUNCTIONS_DECL__ unsigned long long int atomicExch(unsigned long long int *address, unsigned long long int val) __DEF_IF_HOST
      |                                                                                                                                 ^~~~~~~~~~~~~
/usr/local/cuda/include/device_atomic_functions.h: In function 'long long unsigned int atomicCAS(long long unsigned int*, long long unsigned int, long long unsigned int)':
/usr/local/cuda/include/device_atomic_functions.h:74:25: warning: no return statement in function returning non-void [-Wreturn-type]
   74 | #define __DEF_IF_HOST { }
      |                         ^
/usr/local/cuda/include/device_atomic_functions.h:170:160: note: in expansion of macro '__DEF_IF_HOST'
  170 | __DEVICE_ATOMIC_FUNCTIONS_DECL__ unsigned long long int atomicCAS(unsigned long long int *address, unsigned long long int compare, unsigned long long int val) __DEF_IF_HOST
      |                                                                                                                                                                ^~~~~~~~~~~~~
/usr/local/cuda/include/device_atomic_functions.h: In function 'bool any(bool)':
/usr/local/cuda/include/device_atomic_functions.h:74:25: warning: no return statement in function returning non-void [-Wreturn-type]
   74 | #define __DEF_IF_HOST { }
      |                         ^
/usr/local/cuda/include/device_atomic_functions.h:172:103: note: in expansion of macro '__DEF_IF_HOST'
  172 | __DEVICE_ATOMIC_FUNCTIONS_DECL__ __DEPRECATED__(__WSB_DEPRECATION_MESSAGE(__any)) bool any(bool cond) __DEF_IF_HOST
      |                                                                                                       ^~~~~~~~~~~~~
/usr/local/cuda/include/device_atomic_functions.h: In function 'bool all(bool)':
/usr/local/cuda/include/device_atomic_functions.h:74:25: warning: no return statement in function returning non-void [-Wreturn-type]
   74 | #define __DEF_IF_HOST { }
      |                         ^
/usr/local/cuda/include/device_atomic_functions.h:174:103: note: in expansion of macro '__DEF_IF_HOST'
  174 | __DEVICE_ATOMIC_FUNCTIONS_DECL__ __DEPRECATED__(__WSB_DEPRECATION_MESSAGE(__all)) bool all(bool cond) __DEF_IF_HOST
      |                                                                                                       ^~~~~~~~~~~~~
In file included from /usr/local/cuda/include/crt/device_functions.h:3617,
                 from /home/GVirtuS/GVirtuS/plugins/cudart/backend/CudaRtHandler.h:71,
                 from /home/GVirtuS/GVirtuS/plugins/cudart/backend/CudaRtHandler_occupancy.cpp:26:
/usr/local/cuda/include/sm_20_atomic_functions.h: In function 'float atomicAdd(float*, float)':
/usr/local/cuda/include/sm_20_atomic_functions.h:79:25: warning: no return statement in function returning non-void [-Wreturn-type]
   79 | #define __DEF_IF_HOST { }
      |                         ^
/usr/local/cuda/include/sm_20_atomic_functions.h:96:76: note: in expansion of macro '__DEF_IF_HOST'
   96 | __SM_20_ATOMIC_FUNCTIONS_DECL__ float atomicAdd(float *address, float val) __DEF_IF_HOST
      |                                                                            ^~~~~~~~~~~~~
In file included from /usr/local/cuda/include/crt/device_functions.h:3618,
                 from /home/GVirtuS/GVirtuS/plugins/cudart/backend/CudaRtHandler.h:71,
                 from /home/GVirtuS/GVirtuS/plugins/cudart/backend/CudaRtHandler_occupancy.cpp:26:
/usr/local/cuda/include/sm_32_atomic_functions.h: In function 'long long int atomicMin(long long int*, long long int)':
/usr/local/cuda/include/sm_32_atomic_functions.h:72:25: warning: no return statement in function returning non-void [-Wreturn-type]
   72 | #define __DEF_IF_HOST { }
      |                         ^
/usr/local/cuda/include/sm_32_atomic_functions.h:89:88: note: in expansion of macro '__DEF_IF_HOST'
   89 | __SM_32_ATOMIC_FUNCTIONS_DECL__ long long atomicMin(long long *address, long long val) __DEF_IF_HOST
      |                                                                                        ^~~~~~~~~~~~~
/usr/local/cuda/include/sm_32_atomic_functions.h: In function 'long long int atomicMax(long long int*, long long int)':
/usr/local/cuda/include/sm_32_atomic_functions.h:72:25: warning: no return statement in function returning non-void [-Wreturn-type]
   72 | #define __DEF_IF_HOST { }
      |                         ^
/usr/local/cuda/include/sm_32_atomic_functions.h:91:88: note: in expansion of macro '__DEF_IF_HOST'
   91 | __SM_32_ATOMIC_FUNCTIONS_DECL__ long long atomicMax(long long *address, long long val) __DEF_IF_HOST
      |                                                                                        ^~~~~~~~~~~~~
/usr/local/cuda/include/sm_32_atomic_functions.h: In function 'long long int atomicAnd(long long int*, long long int)':
/usr/local/cuda/include/sm_32_atomic_functions.h:72:25: warning: no return statement in function returning non-void [-Wreturn-type]
   72 | #define __DEF_IF_HOST { }
      |                         ^
/usr/local/cuda/include/sm_32_atomic_functions.h:93:88: note: in expansion of macro '__DEF_IF_HOST'
   93 | __SM_32_ATOMIC_FUNCTIONS_DECL__ long long atomicAnd(long long *address, long long val) __DEF_IF_HOST
      |                                                                                        ^~~~~~~~~~~~~
/usr/local/cuda/include/sm_32_atomic_functions.h: In function 'long long int atomicOr(long long int*, long long int)':
/usr/local/cuda/include/sm_32_atomic_functions.h:72:25: warning: no return statement in function returning non-void [-Wreturn-type]
   72 | #define __DEF_IF_HOST { }
      |                         ^
/usr/local/cuda/include/sm_32_atomic_functions.h:95:87: note: in expansion of macro '__DEF_IF_HOST'
   95 | __SM_32_ATOMIC_FUNCTIONS_DECL__ long long atomicOr(long long *address, long long val) __DEF_IF_HOST
      |                                                                                       ^~~~~~~~~~~~~
/usr/local/cuda/include/sm_32_atomic_functions.h: In function 'long long int atomicXor(long long int*, long long int)':
/usr/local/cuda/include/sm_32_atomic_functions.h:72:25: warning: no return statement in function returning non-void [-Wreturn-type]
   72 | #define __DEF_IF_HOST { }
      |                         ^
/usr/local/cuda/include/sm_32_atomic_functions.h:97:88: note: in expansion of macro '__DEF_IF_HOST'
   97 | __SM_32_ATOMIC_FUNCTIONS_DECL__ long long atomicXor(long long *address, long long val) __DEF_IF_HOST
      |                                                                                        ^~~~~~~~~~~~~
/usr/local/cuda/include/sm_32_atomic_functions.h: In function 'long long unsigned int atomicMin(long long unsigned int*, long long unsigned int)':
/usr/local/cuda/include/sm_32_atomic_functions.h:72:25: warning: no return statement in function returning non-void [-Wreturn-type]
   72 | #define __DEF_IF_HOST { }
      |                         ^
/usr/local/cuda/include/sm_32_atomic_functions.h:99:115: note: in expansion of macro '__DEF_IF_HOST'
   99 | __SM_32_ATOMIC_FUNCTIONS_DECL__ unsigned long long atomicMin(unsigned long long *address, unsigned long long val) __DEF_IF_HOST
      |                                                                                                                   ^~~~~~~~~~~~~
/usr/local/cuda/include/sm_32_atomic_functions.h: In function 'long long unsigned int atomicMax(long long unsigned int*, long long unsigned int)':
/usr/local/cuda/include/sm_32_atomic_functions.h:72:25: warning: no return statement in function returning non-void [-Wreturn-type]
   72 | #define __DEF_IF_HOST { }
      |                         ^
/usr/local/cuda/include/sm_32_atomic_functions.h:101:115: note: in expansion of macro '__DEF_IF_HOST'
  101 | __SM_32_ATOMIC_FUNCTIONS_DECL__ unsigned long long atomicMax(unsigned long long *address, unsigned long long val) __DEF_IF_HOST
      |                                                                                                                   ^~~~~~~~~~~~~
/usr/local/cuda/include/sm_32_atomic_functions.h: In function 'long long unsigned int atomicAnd(long long unsigned int*, long long unsigned int)':
/usr/local/cuda/include/sm_32_atomic_functions.h:72:25: warning: no return statement in function returning non-void [-Wreturn-type]
   72 | #define __DEF_IF_HOST { }
      |                         ^
/usr/local/cuda/include/sm_32_atomic_functions.h:103:115: note: in expansion of macro '__DEF_IF_HOST'
  103 | __SM_32_ATOMIC_FUNCTIONS_DECL__ unsigned long long atomicAnd(unsigned long long *address, unsigned long long val) __DEF_IF_HOST
      |                                                                                                                   ^~~~~~~~~~~~~
/usr/local/cuda/include/sm_32_atomic_functions.h: In function 'long long unsigned int atomicOr(long long unsigned int*, long long unsigned int)':
/usr/local/cuda/include/sm_32_atomic_functions.h:72:25: warning: no return statement in function returning non-void [-Wreturn-type]
   72 | #define __DEF_IF_HOST { }
      |                         ^
/usr/local/cuda/include/sm_32_atomic_functions.h:105:114: note: in expansion of macro '__DEF_IF_HOST'
  105 | __SM_32_ATOMIC_FUNCTIONS_DECL__ unsigned long long atomicOr(unsigned long long *address, unsigned long long val) __DEF_IF_HOST
      |                                                                                                                  ^~~~~~~~~~~~~
/usr/local/cuda/include/sm_32_atomic_functions.h: In function 'long long unsigned int atomicXor(long long unsigned int*, long long unsigned int)':
/usr/local/cuda/include/sm_32_atomic_functions.h:72:25: warning: no return statement in function returning non-void [-Wreturn-type]
   72 | #define __DEF_IF_HOST { }
      |                         ^
/usr/local/cuda/include/sm_32_atomic_functions.h:107:115: note: in expansion of macro '__DEF_IF_HOST'
  107 | __SM_32_ATOMIC_FUNCTIONS_DECL__ unsigned long long atomicXor(unsigned long long *address, unsigned long long val) __DEF_IF_HOST
      |                                                                                                                   ^~~~~~~~~~~~~
In file included from /usr/local/cuda/include/crt/device_functions.h:3620,
                 from /home/GVirtuS/GVirtuS/plugins/cudart/backend/CudaRtHandler.h:71,
                 from /home/GVirtuS/GVirtuS/plugins/cudart/backend/CudaRtHandler_occupancy.cpp:26:
/usr/local/cuda/include/sm_60_atomic_functions.h: In function 'double atomicAdd(double*, double)':
/usr/local/cuda/include/sm_60_atomic_functions.h:77:25: warning: no return statement in function returning non-void [-Wreturn-type]
   77 | #define __DEF_IF_HOST { }
      |                         ^
/usr/local/cuda/include/sm_60_atomic_functions.h:90:79: note: in expansion of macro '__DEF_IF_HOST'
   90 | __SM_60_ATOMIC_FUNCTIONS_DECL__ double atomicAdd(double *address, double val) __DEF_IF_HOST
      |                                                                               ^~~~~~~~~~~~~
/usr/local/cuda/include/sm_60_atomic_functions.h: In function 'int atomicAdd_block(int*, int)':
/usr/local/cuda/include/sm_60_atomic_functions.h:77:25: warning: no return statement in function returning non-void [-Wreturn-type]
   77 | #define __DEF_IF_HOST { }
      |                         ^
/usr/local/cuda/include/sm_60_atomic_functions.h:93:44: note: in expansion of macro '__DEF_IF_HOST'
   93 | int atomicAdd_block(int *address, int val) __DEF_IF_HOST
      |                                            ^~~~~~~~~~~~~
/usr/local/cuda/include/sm_60_atomic_functions.h: In function 'int atomicAdd_system(int*, int)':
/usr/local/cuda/include/sm_60_atomic_functions.h:77:25: warning: no return statement in function returning non-void [-Wreturn-type]
   77 | #define __DEF_IF_HOST { }
      |                         ^
/usr/local/cuda/include/sm_60_atomic_functions.h:96:45: note: in expansion of macro '__DEF_IF_HOST'
   96 | int atomicAdd_system(int *address, int val) __DEF_IF_HOST
      |                                             ^~~~~~~~~~~~~
/usr/local/cuda/include/sm_60_atomic_functions.h: In function 'unsigned int atomicAdd_block(unsigned int*, unsigned int)':
/usr/local/cuda/include/sm_60_atomic_functions.h:77:25: warning: no return statement in function returning non-void [-Wreturn-type]
   77 | #define __DEF_IF_HOST { }
      |                         ^
/usr/local/cuda/include/sm_60_atomic_functions.h:99:71: note: in expansion of macro '__DEF_IF_HOST'
   99 | unsigned int atomicAdd_block(unsigned int *address, unsigned int val) __DEF_IF_HOST
      |                                                                       ^~~~~~~~~~~~~
/usr/local/cuda/include/sm_60_atomic_functions.h: In function 'unsigned int atomicAdd_system(unsigned int*, unsigned int)':
/usr/local/cuda/include/sm_60_atomic_functions.h:77:25: warning: no return statement in function returning non-void [-Wreturn-type]
   77 | #define __DEF_IF_HOST { }
      |                         ^
/usr/local/cuda/include/sm_60_atomic_functions.h:102:72: note: in expansion of macro '__DEF_IF_HOST'
  102 | unsigned int atomicAdd_system(unsigned int *address, unsigned int val) __DEF_IF_HOST
      |                                                                        ^~~~~~~~~~~~~
/usr/local/cuda/include/sm_60_atomic_functions.h: In function 'long long unsigned int atomicAdd_block(long long unsigned int*, long long unsigned int)':
/usr/local/cuda/include/sm_60_atomic_functions.h:77:25: warning: no return statement in function returning non-void [-Wreturn-type]
   77 | #define __DEF_IF_HOST { }
      |                         ^
/usr/local/cuda/include/sm_60_atomic_functions.h:105:89: note: in expansion of macro '__DEF_IF_HOST'
  105 | unsigned long long atomicAdd_block(unsigned long long *address, unsigned long long val) __DEF_IF_HOST
      |                                                                                         ^~~~~~~~~~~~~
/usr/local/cuda/include/sm_60_atomic_functions.h: In function 'long long unsigned int atomicAdd_system(long long unsigned int*, long long unsigned int)':
/usr/local/cuda/include/sm_60_atomic_functions.h:77:25: warning: no return statement in function returning non-void [-Wreturn-type]
   77 | #define __DEF_IF_HOST { }
      |                         ^
/usr/local/cuda/include/sm_60_atomic_functions.h:108:90: note: in expansion of macro '__DEF_IF_HOST'
  108 | unsigned long long atomicAdd_system(unsigned long long *address, unsigned long long val) __DEF_IF_HOST
      |                                                                                          ^~~~~~~~~~~~~
/usr/local/cuda/include/sm_60_atomic_functions.h: In function 'float atomicAdd_block(float*, float)':
/usr/local/cuda/include/sm_60_atomic_functions.h:77:25: warning: no return statement in function returning non-void [-Wreturn-type]
   77 | #define __DEF_IF_HOST { }
      |                         ^
/usr/local/cuda/include/sm_60_atomic_functions.h:111:50: note: in expansion of macro '__DEF_IF_HOST'
  111 | float atomicAdd_block(float *address, float val) __DEF_IF_HOST
      |                                                  ^~~~~~~~~~~~~
/usr/local/cuda/include/sm_60_atomic_functions.h: In function 'float atomicAdd_system(float*, float)':
/usr/local/cuda/include/sm_60_atomic_functions.h:77:25: warning: no return statement in function returning non-void [-Wreturn-type]
   77 | #define __DEF_IF_HOST { }
      |                         ^
/usr/local/cuda/include/sm_60_atomic_functions.h:114:51: note: in expansion of macro '__DEF_IF_HOST'
  114 | float atomicAdd_system(float *address, float val) __DEF_IF_HOST
      |                                                   ^~~~~~~~~~~~~
/usr/local/cuda/include/sm_60_atomic_functions.h: In function 'double atomicAdd_block(double*, double)':
/usr/local/cuda/include/sm_60_atomic_functions.h:77:25: warning: no return statement in function returning non-void [-Wreturn-type]
   77 | #define __DEF_IF_HOST { }
      |                         ^
/usr/local/cuda/include/sm_60_atomic_functions.h:117:53: note: in expansion of macro '__DEF_IF_HOST'
  117 | double atomicAdd_block(double *address, double val) __DEF_IF_HOST
      |                                                     ^~~~~~~~~~~~~
/usr/local/cuda/include/sm_60_atomic_functions.h: In function 'double atomicAdd_system(double*, double)':
/usr/local/cuda/include/sm_60_atomic_functions.h:77:25: warning: no return statement in function returning non-void [-Wreturn-type]
   77 | #define __DEF_IF_HOST { }
      |                         ^
/usr/local/cuda/include/sm_60_atomic_functions.h:120:54: note: in expansion of macro '__DEF_IF_HOST'
  120 | double atomicAdd_system(double *address, double val) __DEF_IF_HOST
      |                                                      ^~~~~~~~~~~~~
/usr/local/cuda/include/sm_60_atomic_functions.h: In function 'int atomicSub_block(int*, int)':
/usr/local/cuda/include/sm_60_atomic_functions.h:77:25: warning: no return statement in function returning non-void [-Wreturn-type]
   77 | #define __DEF_IF_HOST { }
      |                         ^
/usr/local/cuda/include/sm_60_atomic_functions.h:123:44: note: in expansion of macro '__DEF_IF_HOST'
  123 | int atomicSub_block(int *address, int val) __DEF_IF_HOST
      |                                            ^~~~~~~~~~~~~
/usr/local/cuda/include/sm_60_atomic_functions.h: In function 'int atomicSub_system(int*, int)':
/usr/local/cuda/include/sm_60_atomic_functions.h:77:25: warning: no return statement in function returning non-void [-Wreturn-type]
   77 | #define __DEF_IF_HOST { }
      |                         ^
/usr/local/cuda/include/sm_60_atomic_functions.h:126:45: note: in expansion of macro '__DEF_IF_HOST'
  126 | int atomicSub_system(int *address, int val) __DEF_IF_HOST
      |                                             ^~~~~~~~~~~~~
/usr/local/cuda/include/sm_60_atomic_functions.h: In function 'unsigned int atomicSub_block(unsigned int*, unsigned int)':
/usr/local/cuda/include/sm_60_atomic_functions.h:77:25: warning: no return statement in function returning non-void [-Wreturn-type]
   77 | #define __DEF_IF_HOST { }
      |                         ^
/usr/local/cuda/include/sm_60_atomic_functions.h:129:71: note: in expansion of macro '__DEF_IF_HOST'
  129 | unsigned int atomicSub_block(unsigned int *address, unsigned int val) __DEF_IF_HOST
      |                                                                       ^~~~~~~~~~~~~
/usr/local/cuda/include/sm_60_atomic_functions.h: In function 'unsigned int atomicSub_system(unsigned int*, unsigned int)':
/usr/local/cuda/include/sm_60_atomic_functions.h:77:25: warning: no return statement in function returning non-void [-Wreturn-type]
   77 | #define __DEF_IF_HOST { }
      |                         ^
/usr/local/cuda/include/sm_60_atomic_functions.h:132:72: note: in expansion of macro '__DEF_IF_HOST'
  132 | unsigned int atomicSub_system(unsigned int *address, unsigned int val) __DEF_IF_HOST
      |                                                                        ^~~~~~~~~~~~~
/usr/local/cuda/include/sm_60_atomic_functions.h: In function 'int atomicExch_block(int*, int)':
/usr/local/cuda/include/sm_60_atomic_functions.h:77:25: warning: no return statement in function returning non-void [-Wreturn-type]
   77 | #define __DEF_IF_HOST { }
      |                         ^
/usr/local/cuda/include/sm_60_atomic_functions.h:135:45: note: in expansion of macro '__DEF_IF_HOST'
  135 | int atomicExch_block(int *address, int val) __DEF_IF_HOST
      |                                             ^~~~~~~~~~~~~
/usr/local/cuda/include/sm_60_atomic_functions.h: In function 'int atomicExch_system(int*, int)':
/usr/local/cuda/include/sm_60_atomic_functions.h:77:25: warning: no return statement in function returning non-void [-Wreturn-type]
   77 | #define __DEF_IF_HOST { }
      |                         ^
/usr/local/cuda/include/sm_60_atomic_functions.h:138:46: note: in expansion of macro '__DEF_IF_HOST'
  138 | int atomicExch_system(int *address, int val) __DEF_IF_HOST
      |                                              ^~~~~~~~~~~~~
/usr/local/cuda/include/sm_60_atomic_functions.h: In function 'unsigned int atomicExch_block(unsigned int*, unsigned int)':
/usr/local/cuda/include/sm_60_atomic_functions.h:77:25: warning: no return statement in function returning non-void [-Wreturn-type]
   77 | #define __DEF_IF_HOST { }
      |                         ^
/usr/local/cuda/include/sm_60_atomic_functions.h:141:72: note: in expansion of macro '__DEF_IF_HOST'
  141 | unsigned int atomicExch_block(unsigned int *address, unsigned int val) __DEF_IF_HOST
      |                                                                        ^~~~~~~~~~~~~
/usr/local/cuda/include/sm_60_atomic_functions.h: In function 'unsigned int atomicExch_system(unsigned int*, unsigned int)':
/usr/local/cuda/include/sm_60_atomic_functions.h:77:25: warning: no return statement in function returning non-void [-Wreturn-type]
   77 | #define __DEF_IF_HOST { }
      |                         ^
/usr/local/cuda/include/sm_60_atomic_functions.h:144:73: note: in expansion of macro '__DEF_IF_HOST'
  144 | unsigned int atomicExch_system(unsigned int *address, unsigned int val) __DEF_IF_HOST
      |                                                                         ^~~~~~~~~~~~~
/usr/local/cuda/include/sm_60_atomic_functions.h: In function 'long long unsigned int atomicExch_block(long long unsigned int*, long long unsigned int)':
/usr/local/cuda/include/sm_60_atomic_functions.h:77:25: warning: no return statement in function returning non-void [-Wreturn-type]
   77 | #define __DEF_IF_HOST { }
      |                         ^
/usr/local/cuda/include/sm_60_atomic_functions.h:147:90: note: in expansion of macro '__DEF_IF_HOST'
  147 | unsigned long long atomicExch_block(unsigned long long *address, unsigned long long val) __DEF_IF_HOST
      |                                                                                          ^~~~~~~~~~~~~
/usr/local/cuda/include/sm_60_atomic_functions.h: In function 'long long unsigned int atomicExch_system(long long unsigned int*, long long unsigned int)':
/usr/local/cuda/include/sm_60_atomic_functions.h:77:25: warning: no return statement in function returning non-void [-Wreturn-type]
   77 | #define __DEF_IF_HOST { }
      |                         ^
/usr/local/cuda/include/sm_60_atomic_functions.h:150:91: note: in expansion of macro '__DEF_IF_HOST'
  150 | unsigned long long atomicExch_system(unsigned long long *address, unsigned long long val) __DEF_IF_HOST
      |                                                                                           ^~~~~~~~~~~~~
/usr/local/cuda/include/sm_60_atomic_functions.h: In function 'float atomicExch_block(float*, float)':
/usr/local/cuda/include/sm_60_atomic_functions.h:77:25: warning: no return statement in function returning non-void [-Wreturn-type]
   77 | #define __DEF_IF_HOST { }
      |                         ^
/usr/local/cuda/include/sm_60_atomic_functions.h:153:51: note: in expansion of macro '__DEF_IF_HOST'
  153 | float atomicExch_block(float *address, float val) __DEF_IF_HOST
      |                                                   ^~~~~~~~~~~~~
/usr/local/cuda/include/sm_60_atomic_functions.h: In function 'float atomicExch_system(float*, float)':
/usr/local/cuda/include/sm_60_atomic_functions.h:77:25: warning: no return statement in function returning non-void [-Wreturn-type]
   77 | #define __DEF_IF_HOST { }
      |                         ^
/usr/local/cuda/include/sm_60_atomic_functions.h:156:52: note: in expansion of macro '__DEF_IF_HOST'
  156 | float atomicExch_system(float *address, float val) __DEF_IF_HOST
      |                                                    ^~~~~~~~~~~~~
/usr/local/cuda/include/sm_60_atomic_functions.h: In function 'int atomicMin_block(int*, int)':
/usr/local/cuda/include/sm_60_atomic_functions.h:77:25: warning: no return statement in function returning non-void [-Wreturn-type]
   77 | #define __DEF_IF_HOST { }
      |                         ^
/usr/local/cuda/include/sm_60_atomic_functions.h:159:44: note: in expansion of macro '__DEF_IF_HOST'
  159 | int atomicMin_block(int *address, int val) __DEF_IF_HOST
      |                                            ^~~~~~~~~~~~~
/usr/local/cuda/include/sm_60_atomic_functions.h: In function 'int atomicMin_system(int*, int)':
/usr/local/cuda/include/sm_60_atomic_functions.h:77:25: warning: no return statement in function returning non-void [-Wreturn-type]
   77 | #define __DEF_IF_HOST { }
      |                         ^
/usr/local/cuda/include/sm_60_atomic_functions.h:162:45: note: in expansion of macro '__DEF_IF_HOST'
  162 | int atomicMin_system(int *address, int val) __DEF_IF_HOST
      |                                             ^~~~~~~~~~~~~
/usr/local/cuda/include/sm_60_atomic_functions.h: In function 'long long int atomicMin_block(long long int*, long long int)':
/usr/local/cuda/include/sm_60_atomic_functions.h:77:25: warning: no return statement in function returning non-void [-Wreturn-type]
   77 | #define __DEF_IF_HOST { }
      |                         ^
/usr/local/cuda/include/sm_60_atomic_functions.h:165:62: note: in expansion of macro '__DEF_IF_HOST'
  165 | long long atomicMin_block(long long *address, long long val) __DEF_IF_HOST
      |                                                              ^~~~~~~~~~~~~
/usr/local/cuda/include/sm_60_atomic_functions.h: In function 'long long int atomicMin_system(long long int*, long long int)':
/usr/local/cuda/include/sm_60_atomic_functions.h:77:25: warning: no return statement in function returning non-void [-Wreturn-type]
   77 | #define __DEF_IF_HOST { }
      |                         ^
/usr/local/cuda/include/sm_60_atomic_functions.h:168:63: note: in expansion of macro '__DEF_IF_HOST'
  168 | long long atomicMin_system(long long *address, long long val) __DEF_IF_HOST
      |                                                               ^~~~~~~~~~~~~
/usr/local/cuda/include/sm_60_atomic_functions.h: In function 'unsigned int atomicMin_block(unsigned int*, unsigned int)':
/usr/local/cuda/include/sm_60_atomic_functions.h:77:25: warning: no return statement in function returning non-void [-Wreturn-type]
   77 | #define __DEF_IF_HOST { }
      |                         ^
/usr/local/cuda/include/sm_60_atomic_functions.h:171:71: note: in expansion of macro '__DEF_IF_HOST'
  171 | unsigned int atomicMin_block(unsigned int *address, unsigned int val) __DEF_IF_HOST
      |                                                                       ^~~~~~~~~~~~~
/usr/local/cuda/include/sm_60_atomic_functions.h: In function 'unsigned int atomicMin_system(unsigned int*, unsigned int)':
/usr/local/cuda/include/sm_60_atomic_functions.h:77:25: warning: no return statement in function returning non-void [-Wreturn-type]
   77 | #define __DEF_IF_HOST { }
      |                         ^
/usr/local/cuda/include/sm_60_atomic_functions.h:174:72: note: in expansion of macro '__DEF_IF_HOST'
  174 | unsigned int atomicMin_system(unsigned int *address, unsigned int val) __DEF_IF_HOST
      |                                                                        ^~~~~~~~~~~~~
/usr/local/cuda/include/sm_60_atomic_functions.h: In function 'long long unsigned int atomicMin_block(long long unsigned int*, long long unsigned int)':
/usr/local/cuda/include/sm_60_atomic_functions.h:77:25: warning: no return statement in function returning non-void [-Wreturn-type]
   77 | #define __DEF_IF_HOST { }
      |                         ^
/usr/local/cuda/include/sm_60_atomic_functions.h:177:89: note: in expansion of macro '__DEF_IF_HOST'
  177 | unsigned long long atomicMin_block(unsigned long long *address, unsigned long long val) __DEF_IF_HOST
      |                                                                                         ^~~~~~~~~~~~~
/usr/local/cuda/include/sm_60_atomic_functions.h: In function 'long long unsigned int atomicMin_system(long long unsigned int*, long long unsigned int)':
/usr/local/cuda/include/sm_60_atomic_functions.h:77:25: warning: no return statement in function returning non-void [-Wreturn-type]
   77 | #define __DEF_IF_HOST { }
      |                         ^
/usr/local/cuda/include/sm_60_atomic_functions.h:180:90: note: in expansion of macro '__DEF_IF_HOST'
  180 | unsigned long long atomicMin_system(unsigned long long *address, unsigned long long val) __DEF_IF_HOST
      |                                                                                          ^~~~~~~~~~~~~
/usr/local/cuda/include/sm_60_atomic_functions.h: In function 'int atomicMax_block(int*, int)':
/usr/local/cuda/include/sm_60_atomic_functions.h:77:25: warning: no return statement in function returning non-void [-Wreturn-type]
   77 | #define __DEF_IF_HOST { }
      |                         ^
/usr/local/cuda/include/sm_60_atomic_functions.h:183:44: note: in expansion of macro '__DEF_IF_HOST'
  183 | int atomicMax_block(int *address, int val) __DEF_IF_HOST
      |                                            ^~~~~~~~~~~~~
/usr/local/cuda/include/sm_60_atomic_functions.h: In function 'int atomicMax_system(int*, int)':
/usr/local/cuda/include/sm_60_atomic_functions.h:77:25: warning: no return statement in function returning non-void [-Wreturn-type]
   77 | #define __DEF_IF_HOST { }
      |                         ^
/usr/local/cuda/include/sm_60_atomic_functions.h:186:45: note: in expansion of macro '__DEF_IF_HOST'
  186 | int atomicMax_system(int *address, int val) __DEF_IF_HOST
      |                                             ^~~~~~~~~~~~~
/usr/local/cuda/include/sm_60_atomic_functions.h: In function 'long long int atomicMax_block(long long int*, long long int)':
/usr/local/cuda/include/sm_60_atomic_functions.h:77:25: warning: no return statement in function returning non-void [-Wreturn-type]
   77 | #define __DEF_IF_HOST { }
      |                         ^
/usr/local/cuda/include/sm_60_atomic_functions.h:189:62: note: in expansion of macro '__DEF_IF_HOST'
  189 | long long atomicMax_block(long long *address, long long val) __DEF_IF_HOST
      |                                                              ^~~~~~~~~~~~~
/usr/local/cuda/include/sm_60_atomic_functions.h: In function 'long long int atomicMax_system(long long int*, long long int)':
/usr/local/cuda/include/sm_60_atomic_functions.h:77:25: warning: no return statement in function returning non-void [-Wreturn-type]
   77 | #define __DEF_IF_HOST { }
      |                         ^
/usr/local/cuda/include/sm_60_atomic_functions.h:192:63: note: in expansion of macro '__DEF_IF_HOST'
  192 | long long atomicMax_system(long long *address, long long val) __DEF_IF_HOST
      |                                                               ^~~~~~~~~~~~~
/usr/local/cuda/include/sm_60_atomic_functions.h: In function 'unsigned int atomicMax_block(unsigned int*, unsigned int)':
/usr/local/cuda/include/sm_60_atomic_functions.h:77:25: warning: no return statement in function returning non-void [-Wreturn-type]
   77 | #define __DEF_IF_HOST { }
      |                         ^
/usr/local/cuda/include/sm_60_atomic_functions.h:195:71: note: in expansion of macro '__DEF_IF_HOST'
  195 | unsigned int atomicMax_block(unsigned int *address, unsigned int val) __DEF_IF_HOST
      |                                                                       ^~~~~~~~~~~~~
/usr/local/cuda/include/sm_60_atomic_functions.h: In function 'unsigned int atomicMax_system(unsigned int*, unsigned int)':
/usr/local/cuda/include/sm_60_atomic_functions.h:77:25: warning: no return statement in function returning non-void [-Wreturn-type]
   77 | #define __DEF_IF_HOST { }
      |                         ^
/usr/local/cuda/include/sm_60_atomic_functions.h:198:72: note: in expansion of macro '__DEF_IF_HOST'
  198 | unsigned int atomicMax_system(unsigned int *address, unsigned int val) __DEF_IF_HOST
      |                                                                        ^~~~~~~~~~~~~
/usr/local/cuda/include/sm_60_atomic_functions.h: In function 'long long unsigned int atomicMax_block(long long unsigned int*, long long unsigned int)':
/usr/local/cuda/include/sm_60_atomic_functions.h:77:25: warning: no return statement in function returning non-void [-Wreturn-type]
   77 | #define __DEF_IF_HOST { }
      |                         ^
/usr/local/cuda/include/sm_60_atomic_functions.h:201:89: note: in expansion of macro '__DEF_IF_HOST'
  201 | unsigned long long atomicMax_block(unsigned long long *address, unsigned long long val) __DEF_IF_HOST
      |                                                                                         ^~~~~~~~~~~~~
/usr/local/cuda/include/sm_60_atomic_functions.h: In function 'long long unsigned int atomicMax_system(long long unsigned int*, long long unsigned int)':
/usr/local/cuda/include/sm_60_atomic_functions.h:77:25: warning: no return statement in function returning non-void [-Wreturn-type]
   77 | #define __DEF_IF_HOST { }
      |                         ^
/usr/local/cuda/include/sm_60_atomic_functions.h:204:90: note: in expansion of macro '__DEF_IF_HOST'
  204 | unsigned long long atomicMax_system(unsigned long long *address, unsigned long long val) __DEF_IF_HOST
      |                                                                                          ^~~~~~~~~~~~~
/usr/local/cuda/include/sm_60_atomic_functions.h: In function 'unsigned int atomicInc_block(unsigned int*, unsigned int)':
/usr/local/cuda/include/sm_60_atomic_functions.h:77:25: warning: no return statement in function returning non-void [-Wreturn-type]
   77 | #define __DEF_IF_HOST { }
      |                         ^
/usr/local/cuda/include/sm_60_atomic_functions.h:207:71: note: in expansion of macro '__DEF_IF_HOST'
  207 | unsigned int atomicInc_block(unsigned int *address, unsigned int val) __DEF_IF_HOST
      |                                                                       ^~~~~~~~~~~~~
/usr/local/cuda/include/sm_60_atomic_functions.h: In function 'unsigned int atomicInc_system(unsigned int*, unsigned int)':
/usr/local/cuda/include/sm_60_atomic_functions.h:77:25: warning: no return statement in function returning non-void [-Wreturn-type]
   77 | #define __DEF_IF_HOST { }
      |                         ^
/usr/local/cuda/include/sm_60_atomic_functions.h:210:72: note: in expansion of macro '__DEF_IF_HOST'
  210 | unsigned int atomicInc_system(unsigned int *address, unsigned int val) __DEF_IF_HOST
      |                                                                        ^~~~~~~~~~~~~
/usr/local/cuda/include/sm_60_atomic_functions.h: In function 'unsigned int atomicDec_block(unsigned int*, unsigned int)':
/usr/local/cuda/include/sm_60_atomic_functions.h:77:25: warning: no return statement in function returning non-void [-Wreturn-type]
   77 | #define __DEF_IF_HOST { }
      |                         ^
/usr/local/cuda/include/sm_60_atomic_functions.h:213:71: note: in expansion of macro '__DEF_IF_HOST'
  213 | unsigned int atomicDec_block(unsigned int *address, unsigned int val) __DEF_IF_HOST
      |                                                                       ^~~~~~~~~~~~~
/usr/local/cuda/include/sm_60_atomic_functions.h: In function 'unsigned int atomicDec_system(unsigned int*, unsigned int)':
/usr/local/cuda/include/sm_60_atomic_functions.h:77:25: warning: no return statement in function returning non-void [-Wreturn-type]
   77 | #define __DEF_IF_HOST { }
      |                         ^
/usr/local/cuda/include/sm_60_atomic_functions.h:216:72: note: in expansion of macro '__DEF_IF_HOST'
  216 | unsigned int atomicDec_system(unsigned int *address, unsigned int val) __DEF_IF_HOST
      |                                                                        ^~~~~~~~~~~~~
/usr/local/cuda/include/sm_60_atomic_functions.h: In function 'int atomicCAS_block(int*, int, int)':
/usr/local/cuda/include/sm_60_atomic_functions.h:77:25: warning: no return statement in function returning non-void [-Wreturn-type]
   77 | #define __DEF_IF_HOST { }
      |                         ^
/usr/local/cuda/include/sm_60_atomic_functions.h:219:57: note: in expansion of macro '__DEF_IF_HOST'
  219 | int atomicCAS_block(int *address, int compare, int val) __DEF_IF_HOST
      |                                                         ^~~~~~~~~~~~~
/usr/local/cuda/include/sm_60_atomic_functions.h: In function 'int atomicCAS_system(int*, int, int)':
/usr/local/cuda/include/sm_60_atomic_functions.h:77:25: warning: no return statement in function returning non-void [-Wreturn-type]
   77 | #define __DEF_IF_HOST { }
      |                         ^
/usr/local/cuda/include/sm_60_atomic_functions.h:222:58: note: in expansion of macro '__DEF_IF_HOST'
  222 | int atomicCAS_system(int *address, int compare, int val) __DEF_IF_HOST
      |                                                          ^~~~~~~~~~~~~
/usr/local/cuda/include/sm_60_atomic_functions.h: In function 'unsigned int atomicCAS_block(unsigned int*, unsigned int, unsigned int)':
/usr/local/cuda/include/sm_60_atomic_functions.h:77:25: warning: no return statement in function returning non-void [-Wreturn-type]
   77 | #define __DEF_IF_HOST { }
      |                         ^
/usr/local/cuda/include/sm_60_atomic_functions.h:226:48: note: in expansion of macro '__DEF_IF_HOST'
  226 |                              unsigned int val) __DEF_IF_HOST
      |                                                ^~~~~~~~~~~~~
/usr/local/cuda/include/sm_60_atomic_functions.h: In function 'unsigned int atomicCAS_system(unsigned int*, unsigned int, unsigned int)':
/usr/local/cuda/include/sm_60_atomic_functions.h:77:25: warning: no return statement in function returning non-void [-Wreturn-type]
   77 | #define __DEF_IF_HOST { }
      |                         ^
/usr/local/cuda/include/sm_60_atomic_functions.h:230:49: note: in expansion of macro '__DEF_IF_HOST'
  230 |                               unsigned int val) __DEF_IF_HOST
      |                                                 ^~~~~~~~~~~~~
/usr/local/cuda/include/sm_60_atomic_functions.h: In function 'long long unsigned int atomicCAS_block(long long unsigned int*, long long unsigned int, long long unsigned int)':
/usr/local/cuda/include/sm_60_atomic_functions.h:77:25: warning: no return statement in function returning non-void [-Wreturn-type]
   77 | #define __DEF_IF_HOST { }
      |                         ^
/usr/local/cuda/include/sm_60_atomic_functions.h:235:68: note: in expansion of macro '__DEF_IF_HOST'
  235 |                                        unsigned long long int val) __DEF_IF_HOST
      |                                                                    ^~~~~~~~~~~~~
/usr/local/cuda/include/sm_60_atomic_functions.h: In function 'long long unsigned int atomicCAS_system(long long unsigned int*, long long unsigned int, long long unsigned int)':
/usr/local/cuda/include/sm_60_atomic_functions.h:77:25: warning: no return statement in function returning non-void [-Wreturn-type]
   77 | #define __DEF_IF_HOST { }
      |                         ^
/usr/local/cuda/include/sm_60_atomic_functions.h:240:69: note: in expansion of macro '__DEF_IF_HOST'
  240 |                                         unsigned long long int val) __DEF_IF_HOST
      |                                                                     ^~~~~~~~~~~~~
/usr/local/cuda/include/sm_60_atomic_functions.h: In function 'int atomicAnd_block(int*, int)':
/usr/local/cuda/include/sm_60_atomic_functions.h:77:25: warning: no return statement in function returning non-void [-Wreturn-type]
   77 | #define __DEF_IF_HOST { }
      |                         ^
/usr/local/cuda/include/sm_60_atomic_functions.h:243:44: note: in expansion of macro '__DEF_IF_HOST'
  243 | int atomicAnd_block(int *address, int val) __DEF_IF_HOST
      |                                            ^~~~~~~~~~~~~
/usr/local/cuda/include/sm_60_atomic_functions.h: In function 'int atomicAnd_system(int*, int)':
/usr/local/cuda/include/sm_60_atomic_functions.h:77:25: warning: no return statement in function returning non-void [-Wreturn-type]
   77 | #define __DEF_IF_HOST { }
      |                         ^
/usr/local/cuda/include/sm_60_atomic_functions.h:246:45: note: in expansion of macro '__DEF_IF_HOST'
  246 | int atomicAnd_system(int *address, int val) __DEF_IF_HOST
      |                                             ^~~~~~~~~~~~~
/usr/local/cuda/include/sm_60_atomic_functions.h: In function 'long long int atomicAnd_block(long long int*, long long int)':
/usr/local/cuda/include/sm_60_atomic_functions.h:77:25: warning: no return statement in function returning non-void [-Wreturn-type]
   77 | #define __DEF_IF_HOST { }
      |                         ^
/usr/local/cuda/include/sm_60_atomic_functions.h:249:62: note: in expansion of macro '__DEF_IF_HOST'
  249 | long long atomicAnd_block(long long *address, long long val) __DEF_IF_HOST
      |                                                              ^~~~~~~~~~~~~
/usr/local/cuda/include/sm_60_atomic_functions.h: In function 'long long int atomicAnd_system(long long int*, long long int)':
/usr/local/cuda/include/sm_60_atomic_functions.h:77:25: warning: no return statement in function returning non-void [-Wreturn-type]
   77 | #define __DEF_IF_HOST { }
      |                         ^
/usr/local/cuda/include/sm_60_atomic_functions.h:252:63: note: in expansion of macro '__DEF_IF_HOST'
  252 | long long atomicAnd_system(long long *address, long long val) __DEF_IF_HOST
      |                                                               ^~~~~~~~~~~~~
/usr/local/cuda/include/sm_60_atomic_functions.h: In function 'unsigned int atomicAnd_block(unsigned int*, unsigned int)':
/usr/local/cuda/include/sm_60_atomic_functions.h:77:25: warning: no return statement in function returning non-void [-Wreturn-type]
   77 | #define __DEF_IF_HOST { }
      |                         ^
/usr/local/cuda/include/sm_60_atomic_functions.h:255:71: note: in expansion of macro '__DEF_IF_HOST'
  255 | unsigned int atomicAnd_block(unsigned int *address, unsigned int val) __DEF_IF_HOST
      |                                                                       ^~~~~~~~~~~~~
/usr/local/cuda/include/sm_60_atomic_functions.h: In function 'unsigned int atomicAnd_system(unsigned int*, unsigned int)':
/usr/local/cuda/include/sm_60_atomic_functions.h:77:25: warning: no return statement in function returning non-void [-Wreturn-type]
   77 | #define __DEF_IF_HOST { }
      |                         ^
/usr/local/cuda/include/sm_60_atomic_functions.h:258:72: note: in expansion of macro '__DEF_IF_HOST'
  258 | unsigned int atomicAnd_system(unsigned int *address, unsigned int val) __DEF_IF_HOST
      |                                                                        ^~~~~~~~~~~~~
/usr/local/cuda/include/sm_60_atomic_functions.h: In function 'long long unsigned int atomicAnd_block(long long unsigned int*, long long unsigned int)':
/usr/local/cuda/include/sm_60_atomic_functions.h:77:25: warning: no return statement in function returning non-void [-Wreturn-type]
   77 | #define __DEF_IF_HOST { }
      |                         ^
/usr/local/cuda/include/sm_60_atomic_functions.h:261:89: note: in expansion of macro '__DEF_IF_HOST'
  261 | unsigned long long atomicAnd_block(unsigned long long *address, unsigned long long val) __DEF_IF_HOST
      |                                                                                         ^~~~~~~~~~~~~
/usr/local/cuda/include/sm_60_atomic_functions.h: In function 'long long unsigned int atomicAnd_system(long long unsigned int*, long long unsigned int)':
/usr/local/cuda/include/sm_60_atomic_functions.h:77:25: warning: no return statement in function returning non-void [-Wreturn-type]
   77 | #define __DEF_IF_HOST { }
      |                         ^
/usr/local/cuda/include/sm_60_atomic_functions.h:264:90: note: in expansion of macro '__DEF_IF_HOST'
  264 | unsigned long long atomicAnd_system(unsigned long long *address, unsigned long long val) __DEF_IF_HOST
      |                                                                                          ^~~~~~~~~~~~~
/usr/local/cuda/include/sm_60_atomic_functions.h: In function 'int atomicOr_block(int*, int)':
/usr/local/cuda/include/sm_60_atomic_functions.h:77:25: warning: no return statement in function returning non-void [-Wreturn-type]
   77 | #define __DEF_IF_HOST { }
      |                         ^
/usr/local/cuda/include/sm_60_atomic_functions.h:267:43: note: in expansion of macro '__DEF_IF_HOST'
  267 | int atomicOr_block(int *address, int val) __DEF_IF_HOST
      |                                           ^~~~~~~~~~~~~
/usr/local/cuda/include/sm_60_atomic_functions.h: In function 'int atomicOr_system(int*, int)':
/usr/local/cuda/include/sm_60_atomic_functions.h:77:25: warning: no return statement in function returning non-void [-Wreturn-type]
   77 | #define __DEF_IF_HOST { }
      |                         ^
/usr/local/cuda/include/sm_60_atomic_functions.h:270:44: note: in expansion of macro '__DEF_IF_HOST'
  270 | int atomicOr_system(int *address, int val) __DEF_IF_HOST
      |                                            ^~~~~~~~~~~~~
/usr/local/cuda/include/sm_60_atomic_functions.h: In function 'long long int atomicOr_block(long long int*, long long int)':
/usr/local/cuda/include/sm_60_atomic_functions.h:77:25: warning: no return statement in function returning non-void [-Wreturn-type]
   77 | #define __DEF_IF_HOST { }
      |                         ^
/usr/local/cuda/include/sm_60_atomic_functions.h:273:61: note: in expansion of macro '__DEF_IF_HOST'
  273 | long long atomicOr_block(long long *address, long long val) __DEF_IF_HOST
      |                                                             ^~~~~~~~~~~~~
/usr/local/cuda/include/sm_60_atomic_functions.h: In function 'long long int atomicOr_system(long long int*, long long int)':
/usr/local/cuda/include/sm_60_atomic_functions.h:77:25: warning: no return statement in function returning non-void [-Wreturn-type]
   77 | #define __DEF_IF_HOST { }
      |                         ^
/usr/local/cuda/include/sm_60_atomic_functions.h:276:62: note: in expansion of macro '__DEF_IF_HOST'
  276 | long long atomicOr_system(long long *address, long long val) __DEF_IF_HOST
      |                                                              ^~~~~~~~~~~~~
/usr/local/cuda/include/sm_60_atomic_functions.h: In function 'unsigned int atomicOr_block(unsigned int*, unsigned int)':
/usr/local/cuda/include/sm_60_atomic_functions.h:77:25: warning: no return statement in function returning non-void [-Wreturn-type]
   77 | #define __DEF_IF_HOST { }
      |                         ^
/usr/local/cuda/include/sm_60_atomic_functions.h:279:70: note: in expansion of macro '__DEF_IF_HOST'
  279 | unsigned int atomicOr_block(unsigned int *address, unsigned int val) __DEF_IF_HOST
      |                                                                      ^~~~~~~~~~~~~
/usr/local/cuda/include/sm_60_atomic_functions.h: In function 'unsigned int atomicOr_system(unsigned int*, unsigned int)':
/usr/local/cuda/include/sm_60_atomic_functions.h:77:25: warning: no return statement in function returning non-void [-Wreturn-type]
   77 | #define __DEF_IF_HOST { }
      |                         ^
/usr/local/cuda/include/sm_60_atomic_functions.h:282:71: note: in expansion of macro '__DEF_IF_HOST'
  282 | unsigned int atomicOr_system(unsigned int *address, unsigned int val) __DEF_IF_HOST
      |                                                                       ^~~~~~~~~~~~~
/usr/local/cuda/include/sm_60_atomic_functions.h: In function 'long long unsigned int atomicOr_block(long long unsigned int*, long long unsigned int)':
/usr/local/cuda/include/sm_60_atomic_functions.h:77:25: warning: no return statement in function returning non-void [-Wreturn-type]
   77 | #define __DEF_IF_HOST { }
      |                         ^
/usr/local/cuda/include/sm_60_atomic_functions.h:285:88: note: in expansion of macro '__DEF_IF_HOST'
  285 | unsigned long long atomicOr_block(unsigned long long *address, unsigned long long val) __DEF_IF_HOST
      |                                                                                        ^~~~~~~~~~~~~
/usr/local/cuda/include/sm_60_atomic_functions.h: In function 'long long unsigned int atomicOr_system(long long unsigned int*, long long unsigned int)':
/usr/local/cuda/include/sm_60_atomic_functions.h:77:25: warning: no return statement in function returning non-void [-Wreturn-type]
   77 | #define __DEF_IF_HOST { }
      |                         ^
/usr/local/cuda/include/sm_60_atomic_functions.h:288:89: note: in expansion of macro '__DEF_IF_HOST'
  288 | unsigned long long atomicOr_system(unsigned long long *address, unsigned long long val) __DEF_IF_HOST
      |                                                                                         ^~~~~~~~~~~~~
/usr/local/cuda/include/sm_60_atomic_functions.h: In function 'int atomicXor_block(int*, int)':
/usr/local/cuda/include/sm_60_atomic_functions.h:77:25: warning: no return statement in function returning non-void [-Wreturn-type]
   77 | #define __DEF_IF_HOST { }
      |                         ^
/usr/local/cuda/include/sm_60_atomic_functions.h:291:44: note: in expansion of macro '__DEF_IF_HOST'
  291 | int atomicXor_block(int *address, int val) __DEF_IF_HOST
      |                                            ^~~~~~~~~~~~~
/usr/local/cuda/include/sm_60_atomic_functions.h: In function 'int atomicXor_system(int*, int)':
/usr/local/cuda/include/sm_60_atomic_functions.h:77:25: warning: no return statement in function returning non-void [-Wreturn-type]
   77 | #define __DEF_IF_HOST { }
      |                         ^
/usr/local/cuda/include/sm_60_atomic_functions.h:294:45: note: in expansion of macro '__DEF_IF_HOST'
  294 | int atomicXor_system(int *address, int val) __DEF_IF_HOST
      |                                             ^~~~~~~~~~~~~
/usr/local/cuda/include/sm_60_atomic_functions.h: In function 'long long int atomicXor_block(long long int*, long long int)':
/usr/local/cuda/include/sm_60_atomic_functions.h:77:25: warning: no return statement in function returning non-void [-Wreturn-type]
   77 | #define __DEF_IF_HOST { }
      |                         ^
/usr/local/cuda/include/sm_60_atomic_functions.h:297:62: note: in expansion of macro '__DEF_IF_HOST'
  297 | long long atomicXor_block(long long *address, long long val) __DEF_IF_HOST
      |                                                              ^~~~~~~~~~~~~
/usr/local/cuda/include/sm_60_atomic_functions.h: In function 'long long int atomicXor_system(long long int*, long long int)':
/usr/local/cuda/include/sm_60_atomic_functions.h:77:25: warning: no return statement in function returning non-void [-Wreturn-type]
   77 | #define __DEF_IF_HOST { }
      |                         ^
/usr/local/cuda/include/sm_60_atomic_functions.h:300:63: note: in expansion of macro '__DEF_IF_HOST'
  300 | long long atomicXor_system(long long *address, long long val) __DEF_IF_HOST
      |                                                               ^~~~~~~~~~~~~
/usr/local/cuda/include/sm_60_atomic_functions.h: In function 'unsigned int atomicXor_block(unsigned int*, unsigned int)':
/usr/local/cuda/include/sm_60_atomic_functions.h:77:25: warning: no return statement in function returning non-void [-Wreturn-type]
   77 | #define __DEF_IF_HOST { }
      |                         ^
/usr/local/cuda/include/sm_60_atomic_functions.h:303:71: note: in expansion of macro '__DEF_IF_HOST'
  303 | unsigned int atomicXor_block(unsigned int *address, unsigned int val) __DEF_IF_HOST
      |                                                                       ^~~~~~~~~~~~~
/usr/local/cuda/include/sm_60_atomic_functions.h: In function 'unsigned int atomicXor_system(unsigned int*, unsigned int)':
/usr/local/cuda/include/sm_60_atomic_functions.h:77:25: warning: no return statement in function returning non-void [-Wreturn-type]
   77 | #define __DEF_IF_HOST { }
      |                         ^
/usr/local/cuda/include/sm_60_atomic_functions.h:306:72: note: in expansion of macro '__DEF_IF_HOST'
  306 | unsigned int atomicXor_system(unsigned int *address, unsigned int val) __DEF_IF_HOST
      |                                                                        ^~~~~~~~~~~~~
/usr/local/cuda/include/sm_60_atomic_functions.h: In function 'long long unsigned int atomicXor_block(long long unsigned int*, long long unsigned int)':
/usr/local/cuda/include/sm_60_atomic_functions.h:77:25: warning: no return statement in function returning non-void [-Wreturn-type]
   77 | #define __DEF_IF_HOST { }
      |                         ^
/usr/local/cuda/include/sm_60_atomic_functions.h:309:89: note: in expansion of macro '__DEF_IF_HOST'
  309 | unsigned long long atomicXor_block(unsigned long long *address, unsigned long long val) __DEF_IF_HOST
      |                                                                                         ^~~~~~~~~~~~~
/usr/local/cuda/include/sm_60_atomic_functions.h: In function 'long long unsigned int atomicXor_system(long long unsigned int*, long long unsigned int)':
/usr/local/cuda/include/sm_60_atomic_functions.h:77:25: warning: no return statement in function returning non-void [-Wreturn-type]
   77 | #define __DEF_IF_HOST { }
      |                         ^
/usr/local/cuda/include/sm_60_atomic_functions.h:312:90: note: in expansion of macro '__DEF_IF_HOST'
  312 | unsigned long long atomicXor_system(unsigned long long *address, unsigned long long val) __DEF_IF_HOST
      |                                                                                          ^~~~~~~~~~~~~
In file included from /usr/local/cuda/include/crt/device_functions.h:3621,
                 from /home/GVirtuS/GVirtuS/plugins/cudart/backend/CudaRtHandler.h:71,
                 from /home/GVirtuS/GVirtuS/plugins/cudart/backend/CudaRtHandler_occupancy.cpp:26:
/usr/local/cuda/include/sm_20_intrinsics.h: In function 'unsigned int ballot(bool)':
/usr/local/cuda/include/sm_20_intrinsics.h:75:25: warning: no return statement in function returning non-void [-Wreturn-type]
   75 | #define __DEF_IF_HOST { }
      |                         ^
/usr/local/cuda/include/sm_20_intrinsics.h:1522:110: note: in expansion of macro '__DEF_IF_HOST'
 1522 | __SM_20_INTRINSICS_DECL__ __DEPRECATED__(__WSB_DEPRECATION_MESSAGE(__ballot)) unsigned int ballot(bool pred) __DEF_IF_HOST
      |                                                                                                              ^~~~~~~~~~~~~
/usr/local/cuda/include/sm_20_intrinsics.h: In function 'int syncthreads_count(bool)':
/usr/local/cuda/include/sm_20_intrinsics.h:75:25: warning: no return statement in function returning non-void [-Wreturn-type]
   75 | #define __DEF_IF_HOST { }
      |                         ^
/usr/local/cuda/include/sm_20_intrinsics.h:1524:60: note: in expansion of macro '__DEF_IF_HOST'
 1524 | __SM_20_INTRINSICS_DECL__ int syncthreads_count(bool pred) __DEF_IF_HOST
      |                                                            ^~~~~~~~~~~~~
/usr/local/cuda/include/sm_20_intrinsics.h: In function 'bool syncthreads_and(bool)':
/usr/local/cuda/include/sm_20_intrinsics.h:75:25: warning: no return statement in function returning non-void [-Wreturn-type]
   75 | #define __DEF_IF_HOST { }
      |                         ^
/usr/local/cuda/include/sm_20_intrinsics.h:1526:59: note: in expansion of macro '__DEF_IF_HOST'
 1526 | __SM_20_INTRINSICS_DECL__ bool syncthreads_and(bool pred) __DEF_IF_HOST
      |                                                           ^~~~~~~~~~~~~
/usr/local/cuda/include/sm_20_intrinsics.h: In function 'bool syncthreads_or(bool)':
/usr/local/cuda/include/sm_20_intrinsics.h:75:25: warning: no return statement in function returning non-void [-Wreturn-type]
   75 | #define __DEF_IF_HOST { }
      |                         ^
/usr/local/cuda/include/sm_20_intrinsics.h:1528:58: note: in expansion of macro '__DEF_IF_HOST'
 1528 | __SM_20_INTRINSICS_DECL__ bool syncthreads_or(bool pred) __DEF_IF_HOST
      |                                                          ^~~~~~~~~~~~~
/usr/local/cuda/include/sm_20_intrinsics.h: In function 'unsigned int __isGlobal(const void*)':
/usr/local/cuda/include/sm_20_intrinsics.h:75:25: warning: no return statement in function returning non-void [-Wreturn-type]
   75 | #define __DEF_IF_HOST { }
      |                         ^
/usr/local/cuda/include/sm_20_intrinsics.h:1533:68: note: in expansion of macro '__DEF_IF_HOST'
 1533 | __SM_20_INTRINSICS_DECL__ unsigned int __isGlobal(const void *ptr) __DEF_IF_HOST
      |                                                                    ^~~~~~~~~~~~~
/usr/local/cuda/include/sm_20_intrinsics.h: In function 'unsigned int __isShared(const void*)':
/usr/local/cuda/include/sm_20_intrinsics.h:75:25: warning: no return statement in function returning non-void [-Wreturn-type]
   75 | #define __DEF_IF_HOST { }
      |                         ^
/usr/local/cuda/include/sm_20_intrinsics.h:1534:68: note: in expansion of macro '__DEF_IF_HOST'
 1534 | __SM_20_INTRINSICS_DECL__ unsigned int __isShared(const void *ptr) __DEF_IF_HOST
      |                                                                    ^~~~~~~~~~~~~
/usr/local/cuda/include/sm_20_intrinsics.h: In function 'unsigned int __isConstant(const void*)':
/usr/local/cuda/include/sm_20_intrinsics.h:75:25: warning: no return statement in function returning non-void [-Wreturn-type]
   75 | #define __DEF_IF_HOST { }
      |                         ^
/usr/local/cuda/include/sm_20_intrinsics.h:1535:70: note: in expansion of macro '__DEF_IF_HOST'
 1535 | __SM_20_INTRINSICS_DECL__ unsigned int __isConstant(const void *ptr) __DEF_IF_HOST
      |                                                                      ^~~~~~~~~~~~~
/usr/local/cuda/include/sm_20_intrinsics.h: In function 'unsigned int __isLocal(const void*)':
/usr/local/cuda/include/sm_20_intrinsics.h:75:25: warning: no return statement in function returning non-void [-Wreturn-type]
   75 | #define __DEF_IF_HOST { }
      |                         ^
/usr/local/cuda/include/sm_20_intrinsics.h:1536:67: note: in expansion of macro '__DEF_IF_HOST'
 1536 | __SM_20_INTRINSICS_DECL__ unsigned int __isLocal(const void *ptr) __DEF_IF_HOST
      |                                                                   ^~~~~~~~~~~~~
/usr/local/cuda/include/sm_20_intrinsics.h: In function 'unsigned int __isGridConstant(const void*)':
/usr/local/cuda/include/sm_20_intrinsics.h:75:25: warning: no return statement in function returning non-void [-Wreturn-type]
   75 | #define __DEF_IF_HOST { }
      |                         ^
/usr/local/cuda/include/sm_20_intrinsics.h:1538:74: note: in expansion of macro '__DEF_IF_HOST'
 1538 | __SM_20_INTRINSICS_DECL__ unsigned int __isGridConstant(const void *ptr) __DEF_IF_HOST
      |                                                                          ^~~~~~~~~~~~~
/usr/local/cuda/include/sm_20_intrinsics.h: In function 'size_t __cvta_generic_to_global(const void*)':
/usr/local/cuda/include/sm_20_intrinsics.h:75:25: warning: no return statement in function returning non-void [-Wreturn-type]
   75 | #define __DEF_IF_HOST { }
      |                         ^
/usr/local/cuda/include/sm_20_intrinsics.h:1540:76: note: in expansion of macro '__DEF_IF_HOST'
 1540 | __SM_20_INTRINSICS_DECL__ size_t __cvta_generic_to_global(const void *ptr) __DEF_IF_HOST
      |                                                                            ^~~~~~~~~~~~~
/usr/local/cuda/include/sm_20_intrinsics.h: In function 'size_t __cvta_generic_to_shared(const void*)':
/usr/local/cuda/include/sm_20_intrinsics.h:75:25: warning: no return statement in function returning non-void [-Wreturn-type]
   75 | #define __DEF_IF_HOST { }
      |                         ^
/usr/local/cuda/include/sm_20_intrinsics.h:1541:76: note: in expansion of macro '__DEF_IF_HOST'
 1541 | __SM_20_INTRINSICS_DECL__ size_t __cvta_generic_to_shared(const void *ptr) __DEF_IF_HOST
      |                                                                            ^~~~~~~~~~~~~
/usr/local/cuda/include/sm_20_intrinsics.h: In function 'size_t __cvta_generic_to_constant(const void*)':
/usr/local/cuda/include/sm_20_intrinsics.h:75:25: warning: no return statement in function returning non-void [-Wreturn-type]
   75 | #define __DEF_IF_HOST { }
      |                         ^
/usr/local/cuda/include/sm_20_intrinsics.h:1542:78: note: in expansion of macro '__DEF_IF_HOST'
 1542 | __SM_20_INTRINSICS_DECL__ size_t __cvta_generic_to_constant(const void *ptr) __DEF_IF_HOST
      |                                                                              ^~~~~~~~~~~~~
/usr/local/cuda/include/sm_20_intrinsics.h: In function 'size_t __cvta_generic_to_local(const void*)':
/usr/local/cuda/include/sm_20_intrinsics.h:75:25: warning: no return statement in function returning non-void [-Wreturn-type]
   75 | #define __DEF_IF_HOST { }
      |                         ^
/usr/local/cuda/include/sm_20_intrinsics.h:1543:75: note: in expansion of macro '__DEF_IF_HOST'
 1543 | __SM_20_INTRINSICS_DECL__ size_t __cvta_generic_to_local(const void *ptr) __DEF_IF_HOST
      |                                                                           ^~~~~~~~~~~~~
/usr/local/cuda/include/sm_20_intrinsics.h: In function 'size_t __cvta_generic_to_grid_constant(const void*)':
/usr/local/cuda/include/sm_20_intrinsics.h:75:25: warning: no return statement in function returning non-void [-Wreturn-type]
   75 | #define __DEF_IF_HOST { }
      |                         ^
/usr/local/cuda/include/sm_20_intrinsics.h:1545:83: note: in expansion of macro '__DEF_IF_HOST'
 1545 | __SM_20_INTRINSICS_DECL__ size_t __cvta_generic_to_grid_constant(const void *ptr) __DEF_IF_HOST
      |                                                                                   ^~~~~~~~~~~~~
/usr/local/cuda/include/sm_20_intrinsics.h: In function 'void* __cvta_global_to_generic(size_t)':
/usr/local/cuda/include/sm_20_intrinsics.h:75:25: warning: no return statement in function returning non-void [-Wreturn-type]
   75 | #define __DEF_IF_HOST { }
      |                         ^
/usr/local/cuda/include/sm_20_intrinsics.h:1548:75: note: in expansion of macro '__DEF_IF_HOST'
 1548 | __SM_20_INTRINSICS_DECL__ void * __cvta_global_to_generic(size_t rawbits) __DEF_IF_HOST
      |                                                                           ^~~~~~~~~~~~~
/usr/local/cuda/include/sm_20_intrinsics.h: In function 'void* __cvta_shared_to_generic(size_t)':
/usr/local/cuda/include/sm_20_intrinsics.h:75:25: warning: no return statement in function returning non-void [-Wreturn-type]
   75 | #define __DEF_IF_HOST { }
      |                         ^
/usr/local/cuda/include/sm_20_intrinsics.h:1549:75: note: in expansion of macro '__DEF_IF_HOST'
 1549 | __SM_20_INTRINSICS_DECL__ void * __cvta_shared_to_generic(size_t rawbits) __DEF_IF_HOST
      |                                                                           ^~~~~~~~~~~~~
/usr/local/cuda/include/sm_20_intrinsics.h: In function 'void* __cvta_constant_to_generic(size_t)':
/usr/local/cuda/include/sm_20_intrinsics.h:75:25: warning: no return statement in function returning non-void [-Wreturn-type]
   75 | #define __DEF_IF_HOST { }
      |                         ^
/usr/local/cuda/include/sm_20_intrinsics.h:1550:77: note: in expansion of macro '__DEF_IF_HOST'
 1550 | __SM_20_INTRINSICS_DECL__ void * __cvta_constant_to_generic(size_t rawbits) __DEF_IF_HOST
      |                                                                             ^~~~~~~~~~~~~
/usr/local/cuda/include/sm_20_intrinsics.h: In function 'void* __cvta_local_to_generic(size_t)':
/usr/local/cuda/include/sm_20_intrinsics.h:75:25: warning: no return statement in function returning non-void [-Wreturn-type]
   75 | #define __DEF_IF_HOST { }
      |                         ^
/usr/local/cuda/include/sm_20_intrinsics.h:1551:74: note: in expansion of macro '__DEF_IF_HOST'
 1551 | __SM_20_INTRINSICS_DECL__ void * __cvta_local_to_generic(size_t rawbits) __DEF_IF_HOST
      |                                                                          ^~~~~~~~~~~~~
/usr/local/cuda/include/sm_20_intrinsics.h: In function 'void* __cvta_grid_constant_to_generic(size_t)':
/usr/local/cuda/include/sm_20_intrinsics.h:75:25: warning: no return statement in function returning non-void [-Wreturn-type]
   75 | #define __DEF_IF_HOST { }
      |                         ^
/usr/local/cuda/include/sm_20_intrinsics.h:1553:82: note: in expansion of macro '__DEF_IF_HOST'
 1553 | __SM_20_INTRINSICS_DECL__ void * __cvta_grid_constant_to_generic(size_t rawbits) __DEF_IF_HOST
      |                                                                                  ^~~~~~~~~~~~~
In file included from /usr/local/cuda/include/crt/device_functions.h:3622,
                 from /home/GVirtuS/GVirtuS/plugins/cudart/backend/CudaRtHandler.h:71,
                 from /home/GVirtuS/GVirtuS/plugins/cudart/backend/CudaRtHandler_occupancy.cpp:26:
/usr/local/cuda/include/sm_30_intrinsics.h: In function 'unsigned int __fns(unsigned int, unsigned int, int)':
/usr/local/cuda/include/sm_30_intrinsics.h:76:25: warning: no return statement in function returning non-void [-Wreturn-type]
   76 | #define __DEF_IF_HOST { }
      |                         ^
/usr/local/cuda/include/sm_30_intrinsics.h:123:85: note: in expansion of macro '__DEF_IF_HOST'
  123 | __SM_30_INTRINSICS_DECL__ unsigned  __fns(unsigned mask, unsigned base, int offset) __DEF_IF_HOST
      |                                                                                     ^~~~~~~~~~~~~
/usr/local/cuda/include/sm_30_intrinsics.h: In function 'int __all_sync(unsigned int, int)':
/usr/local/cuda/include/sm_30_intrinsics.h:76:25: warning: no return statement in function returning non-void [-Wreturn-type]
   76 | #define __DEF_IF_HOST { }
      |                         ^
/usr/local/cuda/include/sm_30_intrinsics.h:127:67: note: in expansion of macro '__DEF_IF_HOST'
  127 | __SM_30_INTRINSICS_DECL__ int __all_sync(unsigned mask, int pred) __DEF_IF_HOST
      |                                                                   ^~~~~~~~~~~~~
/usr/local/cuda/include/sm_30_intrinsics.h: In function 'int __any_sync(unsigned int, int)':
/usr/local/cuda/include/sm_30_intrinsics.h:76:25: warning: no return statement in function returning non-void [-Wreturn-type]
   76 | #define __DEF_IF_HOST { }
      |                         ^
/usr/local/cuda/include/sm_30_intrinsics.h:128:67: note: in expansion of macro '__DEF_IF_HOST'
  128 | __SM_30_INTRINSICS_DECL__ int __any_sync(unsigned mask, int pred) __DEF_IF_HOST
      |                                                                   ^~~~~~~~~~~~~
/usr/local/cuda/include/sm_30_intrinsics.h: In function 'int __uni_sync(unsigned int, int)':
/usr/local/cuda/include/sm_30_intrinsics.h:76:25: warning: no return statement in function returning non-void [-Wreturn-type]
   76 | #define __DEF_IF_HOST { }
      |                         ^
/usr/local/cuda/include/sm_30_intrinsics.h:129:67: note: in expansion of macro '__DEF_IF_HOST'
  129 | __SM_30_INTRINSICS_DECL__ int __uni_sync(unsigned mask, int pred) __DEF_IF_HOST
      |                                                                   ^~~~~~~~~~~~~
/usr/local/cuda/include/sm_30_intrinsics.h: In function 'unsigned int __ballot_sync(unsigned int, int)':
/usr/local/cuda/include/sm_30_intrinsics.h:76:25: warning: no return statement in function returning non-void [-Wreturn-type]
   76 | #define __DEF_IF_HOST { }
      |                         ^
/usr/local/cuda/include/sm_30_intrinsics.h:130:75: note: in expansion of macro '__DEF_IF_HOST'
  130 | __SM_30_INTRINSICS_DECL__ unsigned __ballot_sync(unsigned mask, int pred) __DEF_IF_HOST
      |                                                                           ^~~~~~~~~~~~~
/usr/local/cuda/include/sm_30_intrinsics.h: In function 'unsigned int __activemask()':
/usr/local/cuda/include/sm_30_intrinsics.h:76:25: warning: no return statement in function returning non-void [-Wreturn-type]
   76 | #define __DEF_IF_HOST { }
      |                         ^
/usr/local/cuda/include/sm_30_intrinsics.h:131:51: note: in expansion of macro '__DEF_IF_HOST'
  131 | __SM_30_INTRINSICS_DECL__ unsigned __activemask() __DEF_IF_HOST
      |                                                   ^~~~~~~~~~~~~
/usr/local/cuda/include/sm_30_intrinsics.h: In function 'int __shfl(int, int, int)':
/usr/local/cuda/include/sm_30_intrinsics.h:76:25: warning: no return statement in function returning non-void [-Wreturn-type]
   76 | #define __DEF_IF_HOST { }
      |                         ^
/usr/local/cuda/include/sm_30_intrinsics.h:140:130: note: in expansion of macro '__DEF_IF_HOST'
  140 | __SM_30_INTRINSICS_DECL__ __DEPRECATED__(__WSB_DEPRECATION_MESSAGE(__shfl)) int __shfl(int var, int srcLane, int width=warpSize) __DEF_IF_HOST
      |                                                                                                                                  ^~~~~~~~~~~~~
/usr/local/cuda/include/sm_30_intrinsics.h: In function 'unsigned int __shfl(unsigned int, int, int)':
/usr/local/cuda/include/sm_30_intrinsics.h:76:25: warning: no return statement in function returning non-void [-Wreturn-type]
   76 | #define __DEF_IF_HOST { }
      |                         ^
/usr/local/cuda/include/sm_30_intrinsics.h:141:148: note: in expansion of macro '__DEF_IF_HOST'
  141 | __SM_30_INTRINSICS_DECL__ __DEPRECATED__(__WSB_DEPRECATION_MESSAGE(__shfl)) unsigned int __shfl(unsigned int var, int srcLane, int width=warpSize) __DEF_IF_HOST
      |                                                                                                                                                    ^~~~~~~~~~~~~
/usr/local/cuda/include/sm_30_intrinsics.h: In function 'int __shfl_up(int, unsigned int, int)':
/usr/local/cuda/include/sm_30_intrinsics.h:76:25: warning: no return statement in function returning non-void [-Wreturn-type]
   76 | #define __DEF_IF_HOST { }
      |                         ^
/usr/local/cuda/include/sm_30_intrinsics.h:142:143: note: in expansion of macro '__DEF_IF_HOST'
  142 | __SM_30_INTRINSICS_DECL__ __DEPRECATED__(__WSB_DEPRECATION_MESSAGE(__shfl_up)) int __shfl_up(int var, unsigned int delta, int width=warpSize) __DEF_IF_HOST
      |                                                                                                                                               ^~~~~~~~~~~~~
/usr/local/cuda/include/sm_30_intrinsics.h: In function 'unsigned int __shfl_up(unsigned int, unsigned int, int)':
/usr/local/cuda/include/sm_30_intrinsics.h:76:25: warning: no return statement in function returning non-void [-Wreturn-type]
   76 | #define __DEF_IF_HOST { }
      |                         ^
/usr/local/cuda/include/sm_30_intrinsics.h:143:161: note: in expansion of macro '__DEF_IF_HOST'
  143 | __SM_30_INTRINSICS_DECL__ __DEPRECATED__(__WSB_DEPRECATION_MESSAGE(__shfl_up)) unsigned int __shfl_up(unsigned int var, unsigned int delta, int width=warpSize) __DEF_IF_HOST
      |                                                                                                                                                                 ^~~~~~~~~~~~~
/usr/local/cuda/include/sm_30_intrinsics.h: In function 'int __shfl_down(int, unsigned int, int)':
/usr/local/cuda/include/sm_30_intrinsics.h:76:25: warning: no return statement in function returning non-void [-Wreturn-type]
   76 | #define __DEF_IF_HOST { }
      |                         ^
/usr/local/cuda/include/sm_30_intrinsics.h:144:147: note: in expansion of macro '__DEF_IF_HOST'
  144 | __SM_30_INTRINSICS_DECL__ __DEPRECATED__(__WSB_DEPRECATION_MESSAGE(__shfl_down)) int __shfl_down(int var, unsigned int delta, int width=warpSize) __DEF_IF_HOST
      |                                                                                                                                                   ^~~~~~~~~~~~~
/usr/local/cuda/include/sm_30_intrinsics.h: In function 'unsigned int __shfl_down(unsigned int, unsigned int, int)':
/usr/local/cuda/include/sm_30_intrinsics.h:76:25: warning: no return statement in function returning non-void [-Wreturn-type]
   76 | #define __DEF_IF_HOST { }
      |                         ^
/usr/local/cuda/include/sm_30_intrinsics.h:145:165: note: in expansion of macro '__DEF_IF_HOST'
  145 | __SM_30_INTRINSICS_DECL__ __DEPRECATED__(__WSB_DEPRECATION_MESSAGE(__shfl_down)) unsigned int __shfl_down(unsigned int var, unsigned int delta, int width=warpSize) __DEF_IF_HOST
      |                                                                                                                                                                     ^~~~~~~~~~~~~
/usr/local/cuda/include/sm_30_intrinsics.h: In function 'int __shfl_xor(int, int, int)':
/usr/local/cuda/include/sm_30_intrinsics.h:76:25: warning: no return statement in function returning non-void [-Wreturn-type]
   76 | #define __DEF_IF_HOST { }
      |                         ^
/usr/local/cuda/include/sm_30_intrinsics.h:146:139: note: in expansion of macro '__DEF_IF_HOST'
  146 | __SM_30_INTRINSICS_DECL__ __DEPRECATED__(__WSB_DEPRECATION_MESSAGE(__shfl_xor)) int __shfl_xor(int var, int laneMask, int width=warpSize) __DEF_IF_HOST
      |                                                                                                                                           ^~~~~~~~~~~~~
/usr/local/cuda/include/sm_30_intrinsics.h: In function 'unsigned int __shfl_xor(unsigned int, int, int)':
/usr/local/cuda/include/sm_30_intrinsics.h:76:25: warning: no return statement in function returning non-void [-Wreturn-type]
   76 | #define __DEF_IF_HOST { }
      |                         ^
/usr/local/cuda/include/sm_30_intrinsics.h:147:157: note: in expansion of macro '__DEF_IF_HOST'
  147 | __SM_30_INTRINSICS_DECL__ __DEPRECATED__(__WSB_DEPRECATION_MESSAGE(__shfl_xor)) unsigned int __shfl_xor(unsigned int var, int laneMask, int width=warpSize) __DEF_IF_HOST
      |                                                                                                                                                             ^~~~~~~~~~~~~
/usr/local/cuda/include/sm_30_intrinsics.h: In function 'float __shfl(float, int, int)':
/usr/local/cuda/include/sm_30_intrinsics.h:76:25: warning: no return statement in function returning non-void [-Wreturn-type]
   76 | #define __DEF_IF_HOST { }
      |                         ^
/usr/local/cuda/include/sm_30_intrinsics.h:148:134: note: in expansion of macro '__DEF_IF_HOST'
  148 | __SM_30_INTRINSICS_DECL__ __DEPRECATED__(__WSB_DEPRECATION_MESSAGE(__shfl)) float __shfl(float var, int srcLane, int width=warpSize) __DEF_IF_HOST
      |                                                                                                                                      ^~~~~~~~~~~~~
/usr/local/cuda/include/sm_30_intrinsics.h: In function 'float __shfl_up(float, unsigned int, int)':
/usr/local/cuda/include/sm_30_intrinsics.h:76:25: warning: no return statement in function returning non-void [-Wreturn-type]
   76 | #define __DEF_IF_HOST { }
      |                         ^
/usr/local/cuda/include/sm_30_intrinsics.h:149:147: note: in expansion of macro '__DEF_IF_HOST'
  149 | __SM_30_INTRINSICS_DECL__ __DEPRECATED__(__WSB_DEPRECATION_MESSAGE(__shfl_up)) float __shfl_up(float var, unsigned int delta, int width=warpSize) __DEF_IF_HOST
      |                                                                                                                                                   ^~~~~~~~~~~~~
/usr/local/cuda/include/sm_30_intrinsics.h: In function 'float __shfl_down(float, unsigned int, int)':
/usr/local/cuda/include/sm_30_intrinsics.h:76:25: warning: no return statement in function returning non-void [-Wreturn-type]
   76 | #define __DEF_IF_HOST { }
      |                         ^
/usr/local/cuda/include/sm_30_intrinsics.h:150:151: note: in expansion of macro '__DEF_IF_HOST'
  150 | __SM_30_INTRINSICS_DECL__ __DEPRECATED__(__WSB_DEPRECATION_MESSAGE(__shfl_down)) float __shfl_down(float var, unsigned int delta, int width=warpSize) __DEF_IF_HOST
      |                                                                                                                                                       ^~~~~~~~~~~~~
/usr/local/cuda/include/sm_30_intrinsics.h: In function 'float __shfl_xor(float, int, int)':
/usr/local/cuda/include/sm_30_intrinsics.h:76:25: warning: no return statement in function returning non-void [-Wreturn-type]
   76 | #define __DEF_IF_HOST { }
      |                         ^
/usr/local/cuda/include/sm_30_intrinsics.h:151:143: note: in expansion of macro '__DEF_IF_HOST'
  151 | __SM_30_INTRINSICS_DECL__ __DEPRECATED__(__WSB_DEPRECATION_MESSAGE(__shfl_xor)) float __shfl_xor(float var, int laneMask, int width=warpSize) __DEF_IF_HOST
      |                                                                                                                                               ^~~~~~~~~~~~~
/usr/local/cuda/include/sm_30_intrinsics.h: In function 'int __shfl_sync(unsigned int, int, int, int)':
/usr/local/cuda/include/sm_30_intrinsics.h:76:25: warning: no return statement in function returning non-void [-Wreturn-type]
   76 | #define __DEF_IF_HOST { }
      |                         ^
/usr/local/cuda/include/sm_30_intrinsics.h:154:100: note: in expansion of macro '__DEF_IF_HOST'
  154 | __SM_30_INTRINSICS_DECL__ int __shfl_sync(unsigned mask, int var, int srcLane, int width=warpSize) __DEF_IF_HOST
      |                                                                                                    ^~~~~~~~~~~~~
/usr/local/cuda/include/sm_30_intrinsics.h: In function 'unsigned int __shfl_sync(unsigned int, unsigned int, int, int)':
/usr/local/cuda/include/sm_30_intrinsics.h:76:25: warning: no return statement in function returning non-void [-Wreturn-type]
   76 | #define __DEF_IF_HOST { }
      |                         ^
/usr/local/cuda/include/sm_30_intrinsics.h:155:118: note: in expansion of macro '__DEF_IF_HOST'
  155 | __SM_30_INTRINSICS_DECL__ unsigned int __shfl_sync(unsigned mask, unsigned int var, int srcLane, int width=warpSize) __DEF_IF_HOST
      |                                                                                                                      ^~~~~~~~~~~~~
/usr/local/cuda/include/sm_30_intrinsics.h: In function 'int __shfl_up_sync(unsigned int, int, unsigned int, int)':
/usr/local/cuda/include/sm_30_intrinsics.h:76:25: warning: no return statement in function returning non-void [-Wreturn-type]
   76 | #define __DEF_IF_HOST { }
      |                         ^
/usr/local/cuda/include/sm_30_intrinsics.h:156:110: note: in expansion of macro '__DEF_IF_HOST'
  156 | __SM_30_INTRINSICS_DECL__ int __shfl_up_sync(unsigned mask, int var, unsigned int delta, int width=warpSize) __DEF_IF_HOST
      |                                                                                                              ^~~~~~~~~~~~~
/usr/local/cuda/include/sm_30_intrinsics.h: In function 'unsigned int __shfl_up_sync(unsigned int, unsigned int, unsigned int, int)':
/usr/local/cuda/include/sm_30_intrinsics.h:76:25: warning: no return statement in function returning non-void [-Wreturn-type]
   76 | #define __DEF_IF_HOST { }
      |                         ^
/usr/local/cuda/include/sm_30_intrinsics.h:157:128: note: in expansion of macro '__DEF_IF_HOST'
  157 | __SM_30_INTRINSICS_DECL__ unsigned int __shfl_up_sync(unsigned mask, unsigned int var, unsigned int delta, int width=warpSize) __DEF_IF_HOST
      |                                                                                                                                ^~~~~~~~~~~~~
/usr/local/cuda/include/sm_30_intrinsics.h: In function 'int __shfl_down_sync(unsigned int, int, unsigned int, int)':
/usr/local/cuda/include/sm_30_intrinsics.h:76:25: warning: no return statement in function returning non-void [-Wreturn-type]
   76 | #define __DEF_IF_HOST { }
      |                         ^
/usr/local/cuda/include/sm_30_intrinsics.h:158:112: note: in expansion of macro '__DEF_IF_HOST'
  158 | __SM_30_INTRINSICS_DECL__ int __shfl_down_sync(unsigned mask, int var, unsigned int delta, int width=warpSize) __DEF_IF_HOST
      |                                                                                                                ^~~~~~~~~~~~~
/usr/local/cuda/include/sm_30_intrinsics.h: In function 'unsigned int __shfl_down_sync(unsigned int, unsigned int, unsigned int, int)':
/usr/local/cuda/include/sm_30_intrinsics.h:76:25: warning: no return statement in function returning non-void [-Wreturn-type]
   76 | #define __DEF_IF_HOST { }
      |                         ^
/usr/local/cuda/include/sm_30_intrinsics.h:159:130: note: in expansion of macro '__DEF_IF_HOST'
  159 | __SM_30_INTRINSICS_DECL__ unsigned int __shfl_down_sync(unsigned mask, unsigned int var, unsigned int delta, int width=warpSize) __DEF_IF_HOST
      |                                                                                                                                  ^~~~~~~~~~~~~
/usr/local/cuda/include/sm_30_intrinsics.h: In function 'int __shfl_xor_sync(unsigned int, int, int, int)':
/usr/local/cuda/include/sm_30_intrinsics.h:76:25: warning: no return statement in function returning non-void [-Wreturn-type]
   76 | #define __DEF_IF_HOST { }
      |                         ^
/usr/local/cuda/include/sm_30_intrinsics.h:160:105: note: in expansion of macro '__DEF_IF_HOST'
  160 | __SM_30_INTRINSICS_DECL__ int __shfl_xor_sync(unsigned mask, int var, int laneMask, int width=warpSize) __DEF_IF_HOST
      |                                                                                                         ^~~~~~~~~~~~~
/usr/local/cuda/include/sm_30_intrinsics.h: In function 'unsigned int __shfl_xor_sync(unsigned int, unsigned int, int, int)':
/usr/local/cuda/include/sm_30_intrinsics.h:76:25: warning: no return statement in function returning non-void [-Wreturn-type]
   76 | #define __DEF_IF_HOST { }
      |                         ^
/usr/local/cuda/include/sm_30_intrinsics.h:161:123: note: in expansion of macro '__DEF_IF_HOST'
  161 | __SM_30_INTRINSICS_DECL__ unsigned int __shfl_xor_sync(unsigned mask, unsigned int var, int laneMask, int width=warpSize) __DEF_IF_HOST
      |                                                                                                                           ^~~~~~~~~~~~~
/usr/local/cuda/include/sm_30_intrinsics.h: In function 'float __shfl_sync(unsigned int, float, int, int)':
/usr/local/cuda/include/sm_30_intrinsics.h:76:25: warning: no return statement in function returning non-void [-Wreturn-type]
   76 | #define __DEF_IF_HOST { }
      |                         ^
/usr/local/cuda/include/sm_30_intrinsics.h:162:104: note: in expansion of macro '__DEF_IF_HOST'
  162 | __SM_30_INTRINSICS_DECL__ float __shfl_sync(unsigned mask, float var, int srcLane, int width=warpSize) __DEF_IF_HOST
      |                                                                                                        ^~~~~~~~~~~~~
/usr/local/cuda/include/sm_30_intrinsics.h: In function 'float __shfl_up_sync(unsigned int, float, unsigned int, int)':
/usr/local/cuda/include/sm_30_intrinsics.h:76:25: warning: no return statement in function returning non-void [-Wreturn-type]
   76 | #define __DEF_IF_HOST { }
      |                         ^
/usr/local/cuda/include/sm_30_intrinsics.h:163:114: note: in expansion of macro '__DEF_IF_HOST'
  163 | __SM_30_INTRINSICS_DECL__ float __shfl_up_sync(unsigned mask, float var, unsigned int delta, int width=warpSize) __DEF_IF_HOST
      |                                                                                                                  ^~~~~~~~~~~~~
/usr/local/cuda/include/sm_30_intrinsics.h: In function 'float __shfl_down_sync(unsigned int, float, unsigned int, int)':
/usr/local/cuda/include/sm_30_intrinsics.h:76:25: warning: no return statement in function returning non-void [-Wreturn-type]
   76 | #define __DEF_IF_HOST { }
      |                         ^
/usr/local/cuda/include/sm_30_intrinsics.h:164:116: note: in expansion of macro '__DEF_IF_HOST'
  164 | __SM_30_INTRINSICS_DECL__ float __shfl_down_sync(unsigned mask, float var, unsigned int delta, int width=warpSize) __DEF_IF_HOST
      |                                                                                                                    ^~~~~~~~~~~~~
/usr/local/cuda/include/sm_30_intrinsics.h: In function 'float __shfl_xor_sync(unsigned int, float, int, int)':
/usr/local/cuda/include/sm_30_intrinsics.h:76:25: warning: no return statement in function returning non-void [-Wreturn-type]
   76 | #define __DEF_IF_HOST { }
      |                         ^
/usr/local/cuda/include/sm_30_intrinsics.h:165:109: note: in expansion of macro '__DEF_IF_HOST'
  165 | __SM_30_INTRINSICS_DECL__ float __shfl_xor_sync(unsigned mask, float var, int laneMask, int width=warpSize) __DEF_IF_HOST
      |                                                                                                             ^~~~~~~~~~~~~
/usr/local/cuda/include/sm_30_intrinsics.h: In function 'long long unsigned int __shfl(long long unsigned int, int, int)':
/usr/local/cuda/include/sm_30_intrinsics.h:76:25: warning: no return statement in function returning non-void [-Wreturn-type]
   76 | #define __DEF_IF_HOST { }
      |                         ^
/usr/local/cuda/include/sm_30_intrinsics.h:169:160: note: in expansion of macro '__DEF_IF_HOST'
  169 | __SM_30_INTRINSICS_DECL__ __DEPRECATED__(__WSB_DEPRECATION_MESSAGE(__shfl)) unsigned long long __shfl(unsigned long long var, int srcLane, int width=warpSize) __DEF_IF_HOST
      |                                                                                                                                                                ^~~~~~~~~~~~~
/usr/local/cuda/include/sm_30_intrinsics.h: In function 'long long int __shfl(long long int, int, int)':
/usr/local/cuda/include/sm_30_intrinsics.h:76:25: warning: no return statement in function returning non-void [-Wreturn-type]
   76 | #define __DEF_IF_HOST { }
      |                         ^
/usr/local/cuda/include/sm_30_intrinsics.h:170:142: note: in expansion of macro '__DEF_IF_HOST'
  170 | __SM_30_INTRINSICS_DECL__ __DEPRECATED__(__WSB_DEPRECATION_MESSAGE(__shfl)) long long __shfl(long long var, int srcLane, int width=warpSize) __DEF_IF_HOST
      |                                                                                                                                              ^~~~~~~~~~~~~
/usr/local/cuda/include/sm_30_intrinsics.h: In function 'long long int __shfl_up(long long int, unsigned int, int)':
/usr/local/cuda/include/sm_30_intrinsics.h:76:25: warning: no return statement in function returning non-void [-Wreturn-type]
   76 | #define __DEF_IF_HOST { }
      |                         ^
/usr/local/cuda/include/sm_30_intrinsics.h:171:155: note: in expansion of macro '__DEF_IF_HOST'
  171 | __SM_30_INTRINSICS_DECL__ __DEPRECATED__(__WSB_DEPRECATION_MESSAGE(__shfl_up)) long long __shfl_up(long long var, unsigned int delta, int width=warpSize) __DEF_IF_HOST
      |                                                                                                                                                           ^~~~~~~~~~~~~
/usr/local/cuda/include/sm_30_intrinsics.h: In function 'long long unsigned int __shfl_up(long long unsigned int, unsigned int, int)':
/usr/local/cuda/include/sm_30_intrinsics.h:76:25: warning: no return statement in function returning non-void [-Wreturn-type]
   76 | #define __DEF_IF_HOST { }
      |                         ^
/usr/local/cuda/include/sm_30_intrinsics.h:172:173: note: in expansion of macro '__DEF_IF_HOST'
  172 | __SM_30_INTRINSICS_DECL__ __DEPRECATED__(__WSB_DEPRECATION_MESSAGE(__shfl_up)) unsigned long long __shfl_up(unsigned long long var, unsigned int delta, int width=warpSize) __DEF_IF_HOST
      |                                                                                                                                                                             ^~~~~~~~~~~~~
/usr/local/cuda/include/sm_30_intrinsics.h: In function 'long long int __shfl_down(long long int, unsigned int, int)':
/usr/local/cuda/include/sm_30_intrinsics.h:76:25: warning: no return statement in function returning non-void [-Wreturn-type]
   76 | #define __DEF_IF_HOST { }
      |                         ^
/usr/local/cuda/include/sm_30_intrinsics.h:173:159: note: in expansion of macro '__DEF_IF_HOST'
  173 | __SM_30_INTRINSICS_DECL__ __DEPRECATED__(__WSB_DEPRECATION_MESSAGE(__shfl_down)) long long __shfl_down(long long var, unsigned int delta, int width=warpSize) __DEF_IF_HOST
      |                                                                                                                                                               ^~~~~~~~~~~~~
/usr/local/cuda/include/sm_30_intrinsics.h: In function 'long long unsigned int __shfl_down(long long unsigned int, unsigned int, int)':
/usr/local/cuda/include/sm_30_intrinsics.h:76:25: warning: no return statement in function returning non-void [-Wreturn-type]
   76 | #define __DEF_IF_HOST { }
      |                         ^
/usr/local/cuda/include/sm_30_intrinsics.h:174:177: note: in expansion of macro '__DEF_IF_HOST'
  174 | __SM_30_INTRINSICS_DECL__ __DEPRECATED__(__WSB_DEPRECATION_MESSAGE(__shfl_down)) unsigned long long __shfl_down(unsigned long long var, unsigned int delta, int width=warpSize) __DEF_IF_HOST
      |                                                                                                                                                                                 ^~~~~~~~~~~~~
/usr/local/cuda/include/sm_30_intrinsics.h: In function 'long long int __shfl_xor(long long int, int, int)':
/usr/local/cuda/include/sm_30_intrinsics.h:76:25: warning: no return statement in function returning non-void [-Wreturn-type]
   76 | #define __DEF_IF_HOST { }
      |                         ^
/usr/local/cuda/include/sm_30_intrinsics.h:175:151: note: in expansion of macro '__DEF_IF_HOST'
  175 | __SM_30_INTRINSICS_DECL__ __DEPRECATED__(__WSB_DEPRECATION_MESSAGE(__shfl_xor)) long long __shfl_xor(long long var, int laneMask, int width=warpSize) __DEF_IF_HOST
      |                                                                                                                                                       ^~~~~~~~~~~~~
/usr/local/cuda/include/sm_30_intrinsics.h: In function 'long long unsigned int __shfl_xor(long long unsigned int, int, int)':
/usr/local/cuda/include/sm_30_intrinsics.h:76:25: warning: no return statement in function returning non-void [-Wreturn-type]
   76 | #define __DEF_IF_HOST { }
      |                         ^
/usr/local/cuda/include/sm_30_intrinsics.h:176:169: note: in expansion of macro '__DEF_IF_HOST'
  176 | __SM_30_INTRINSICS_DECL__ __DEPRECATED__(__WSB_DEPRECATION_MESSAGE(__shfl_xor)) unsigned long long __shfl_xor(unsigned long long var, int laneMask, int width=warpSize) __DEF_IF_HOST
      |                                                                                                                                                                         ^~~~~~~~~~~~~
/usr/local/cuda/include/sm_30_intrinsics.h: In function 'double __shfl(double, int, int)':
/usr/local/cuda/include/sm_30_intrinsics.h:76:25: warning: no return statement in function returning non-void [-Wreturn-type]
   76 | #define __DEF_IF_HOST { }
      |                         ^
/usr/local/cuda/include/sm_30_intrinsics.h:177:136: note: in expansion of macro '__DEF_IF_HOST'
  177 | __SM_30_INTRINSICS_DECL__ __DEPRECATED__(__WSB_DEPRECATION_MESSAGE(__shfl)) double __shfl(double var, int srcLane, int width=warpSize) __DEF_IF_HOST
      |                                                                                                                                        ^~~~~~~~~~~~~
/usr/local/cuda/include/sm_30_intrinsics.h: In function 'double __shfl_up(double, unsigned int, int)':
/usr/local/cuda/include/sm_30_intrinsics.h:76:25: warning: no return statement in function returning non-void [-Wreturn-type]
   76 | #define __DEF_IF_HOST { }
      |                         ^
/usr/local/cuda/include/sm_30_intrinsics.h:178:149: note: in expansion of macro '__DEF_IF_HOST'
  178 | __SM_30_INTRINSICS_DECL__ __DEPRECATED__(__WSB_DEPRECATION_MESSAGE(__shfl_up)) double __shfl_up(double var, unsigned int delta, int width=warpSize) __DEF_IF_HOST
      |                                                                                                                                                     ^~~~~~~~~~~~~
/usr/local/cuda/include/sm_30_intrinsics.h: In function 'double __shfl_down(double, unsigned int, int)':
/usr/local/cuda/include/sm_30_intrinsics.h:76:25: warning: no return statement in function returning non-void [-Wreturn-type]
   76 | #define __DEF_IF_HOST { }
      |                         ^
/usr/local/cuda/include/sm_30_intrinsics.h:179:153: note: in expansion of macro '__DEF_IF_HOST'
  179 | __SM_30_INTRINSICS_DECL__ __DEPRECATED__(__WSB_DEPRECATION_MESSAGE(__shfl_down)) double __shfl_down(double var, unsigned int delta, int width=warpSize) __DEF_IF_HOST
      |                                                                                                                                                         ^~~~~~~~~~~~~
/usr/local/cuda/include/sm_30_intrinsics.h: In function 'double __shfl_xor(double, int, int)':
/usr/local/cuda/include/sm_30_intrinsics.h:76:25: warning: no return statement in function returning non-void [-Wreturn-type]
   76 | #define __DEF_IF_HOST { }
      |                         ^
/usr/local/cuda/include/sm_30_intrinsics.h:180:145: note: in expansion of macro '__DEF_IF_HOST'
  180 | __SM_30_INTRINSICS_DECL__ __DEPRECATED__(__WSB_DEPRECATION_MESSAGE(__shfl_xor)) double __shfl_xor(double var, int laneMask, int width=warpSize) __DEF_IF_HOST
      |                                                                                                                                                 ^~~~~~~~~~~~~
/usr/local/cuda/include/sm_30_intrinsics.h: In function 'long long int __shfl_sync(unsigned int, long long int, int, int)':
/usr/local/cuda/include/sm_30_intrinsics.h:76:25: warning: no return statement in function returning non-void [-Wreturn-type]
   76 | #define __DEF_IF_HOST { }
      |                         ^
/usr/local/cuda/include/sm_30_intrinsics.h:183:112: note: in expansion of macro '__DEF_IF_HOST'
  183 | __SM_30_INTRINSICS_DECL__ long long __shfl_sync(unsigned mask, long long var, int srcLane, int width=warpSize) __DEF_IF_HOST
      |                                                                                                                ^~~~~~~~~~~~~
/usr/local/cuda/include/sm_30_intrinsics.h: In function 'long long unsigned int __shfl_sync(unsigned int, long long unsigned int, int, int)':
/usr/local/cuda/include/sm_30_intrinsics.h:76:25: warning: no return statement in function returning non-void [-Wreturn-type]
   76 | #define __DEF_IF_HOST { }
      |                         ^
/usr/local/cuda/include/sm_30_intrinsics.h:184:130: note: in expansion of macro '__DEF_IF_HOST'
  184 | __SM_30_INTRINSICS_DECL__ unsigned long long __shfl_sync(unsigned mask, unsigned long long var, int srcLane, int width=warpSize) __DEF_IF_HOST
      |                                                                                                                                  ^~~~~~~~~~~~~
/usr/local/cuda/include/sm_30_intrinsics.h: In function 'long long int __shfl_up_sync(unsigned int, long long int, unsigned int, int)':
/usr/local/cuda/include/sm_30_intrinsics.h:76:25: warning: no return statement in function returning non-void [-Wreturn-type]
   76 | #define __DEF_IF_HOST { }
      |                         ^
/usr/local/cuda/include/sm_30_intrinsics.h:185:122: note: in expansion of macro '__DEF_IF_HOST'
  185 | __SM_30_INTRINSICS_DECL__ long long __shfl_up_sync(unsigned mask, long long var, unsigned int delta, int width=warpSize) __DEF_IF_HOST
      |                                                                                                                          ^~~~~~~~~~~~~
/usr/local/cuda/include/sm_30_intrinsics.h: In function 'long long unsigned int __shfl_up_sync(unsigned int, long long unsigned int, unsigned int, int)':
/usr/local/cuda/include/sm_30_intrinsics.h:76:25: warning: no return statement in function returning non-void [-Wreturn-type]
   76 | #define __DEF_IF_HOST { }
      |                         ^
/usr/local/cuda/include/sm_30_intrinsics.h:186:140: note: in expansion of macro '__DEF_IF_HOST'
  186 | __SM_30_INTRINSICS_DECL__ unsigned long long __shfl_up_sync(unsigned mask, unsigned long long var, unsigned int delta, int width=warpSize) __DEF_IF_HOST
      |                                                                                                                                            ^~~~~~~~~~~~~
/usr/local/cuda/include/sm_30_intrinsics.h: In function 'long long int __shfl_down_sync(unsigned int, long long int, unsigned int, int)':
/usr/local/cuda/include/sm_30_intrinsics.h:76:25: warning: no return statement in function returning non-void [-Wreturn-type]
   76 | #define __DEF_IF_HOST { }
      |                         ^
/usr/local/cuda/include/sm_30_intrinsics.h:187:124: note: in expansion of macro '__DEF_IF_HOST'
  187 | __SM_30_INTRINSICS_DECL__ long long __shfl_down_sync(unsigned mask, long long var, unsigned int delta, int width=warpSize) __DEF_IF_HOST
      |                                                                                                                            ^~~~~~~~~~~~~
/usr/local/cuda/include/sm_30_intrinsics.h: In function 'long long unsigned int __shfl_down_sync(unsigned int, long long unsigned int, unsigned int, int)':
/usr/local/cuda/include/sm_30_intrinsics.h:76:25: warning: no return statement in function returning non-void [-Wreturn-type]
   76 | #define __DEF_IF_HOST { }
      |                         ^
/usr/local/cuda/include/sm_30_intrinsics.h:188:142: note: in expansion of macro '__DEF_IF_HOST'
  188 | __SM_30_INTRINSICS_DECL__ unsigned long long __shfl_down_sync(unsigned mask, unsigned long long var, unsigned int delta, int width=warpSize) __DEF_IF_HOST
      |                                                                                                                                              ^~~~~~~~~~~~~
/usr/local/cuda/include/sm_30_intrinsics.h: In function 'long long int __shfl_xor_sync(unsigned int, long long int, int, int)':
/usr/local/cuda/include/sm_30_intrinsics.h:76:25: warning: no return statement in function returning non-void [-Wreturn-type]
   76 | #define __DEF_IF_HOST { }
      |                         ^
/usr/local/cuda/include/sm_30_intrinsics.h:189:117: note: in expansion of macro '__DEF_IF_HOST'
  189 | __SM_30_INTRINSICS_DECL__ long long __shfl_xor_sync(unsigned mask, long long var, int laneMask, int width=warpSize) __DEF_IF_HOST
      |                                                                                                                     ^~~~~~~~~~~~~
/usr/local/cuda/include/sm_30_intrinsics.h: In function 'long long unsigned int __shfl_xor_sync(unsigned int, long long unsigned int, int, int)':
/usr/local/cuda/include/sm_30_intrinsics.h:76:25: warning: no return statement in function returning non-void [-Wreturn-type]
   76 | #define __DEF_IF_HOST { }
      |                         ^
/usr/local/cuda/include/sm_30_intrinsics.h:190:135: note: in expansion of macro '__DEF_IF_HOST'
  190 | __SM_30_INTRINSICS_DECL__ unsigned long long __shfl_xor_sync(unsigned mask, unsigned long long var, int laneMask, int width=warpSize) __DEF_IF_HOST
      |                                                                                                                                       ^~~~~~~~~~~~~
/usr/local/cuda/include/sm_30_intrinsics.h: In function 'double __shfl_sync(unsigned int, double, int, int)':
/usr/local/cuda/include/sm_30_intrinsics.h:76:25: warning: no return statement in function returning non-void [-Wreturn-type]
   76 | #define __DEF_IF_HOST { }
      |                         ^
/usr/local/cuda/include/sm_30_intrinsics.h:191:106: note: in expansion of macro '__DEF_IF_HOST'
  191 | __SM_30_INTRINSICS_DECL__ double __shfl_sync(unsigned mask, double var, int srcLane, int width=warpSize) __DEF_IF_HOST
      |                                                                                                          ^~~~~~~~~~~~~
/usr/local/cuda/include/sm_30_intrinsics.h: In function 'double __shfl_up_sync(unsigned int, double, unsigned int, int)':
/usr/local/cuda/include/sm_30_intrinsics.h:76:25: warning: no return statement in function returning non-void [-Wreturn-type]
   76 | #define __DEF_IF_HOST { }
      |                         ^
/usr/local/cuda/include/sm_30_intrinsics.h:192:116: note: in expansion of macro '__DEF_IF_HOST'
  192 | __SM_30_INTRINSICS_DECL__ double __shfl_up_sync(unsigned mask, double var, unsigned int delta, int width=warpSize) __DEF_IF_HOST
      |                                                                                                                    ^~~~~~~~~~~~~
/usr/local/cuda/include/sm_30_intrinsics.h: In function 'double __shfl_down_sync(unsigned int, double, unsigned int, int)':
/usr/local/cuda/include/sm_30_intrinsics.h:76:25: warning: no return statement in function returning non-void [-Wreturn-type]
   76 | #define __DEF_IF_HOST { }
      |                         ^
/usr/local/cuda/include/sm_30_intrinsics.h:193:118: note: in expansion of macro '__DEF_IF_HOST'
  193 | __SM_30_INTRINSICS_DECL__ double __shfl_down_sync(unsigned mask, double var, unsigned int delta, int width=warpSize) __DEF_IF_HOST
      |                                                                                                                      ^~~~~~~~~~~~~
/usr/local/cuda/include/sm_30_intrinsics.h: In function 'double __shfl_xor_sync(unsigned int, double, int, int)':
/usr/local/cuda/include/sm_30_intrinsics.h:76:25: warning: no return statement in function returning non-void [-Wreturn-type]
   76 | #define __DEF_IF_HOST { }
      |                         ^
/usr/local/cuda/include/sm_30_intrinsics.h:194:111: note: in expansion of macro '__DEF_IF_HOST'
  194 | __SM_30_INTRINSICS_DECL__ double __shfl_xor_sync(unsigned mask, double var, int laneMask, int width=warpSize) __DEF_IF_HOST
      |                                                                                                               ^~~~~~~~~~~~~
/usr/local/cuda/include/sm_30_intrinsics.h: In function 'long int __shfl(long int, int, int)':
/usr/local/cuda/include/sm_30_intrinsics.h:76:25: warning: no return statement in function returning non-void [-Wreturn-type]
   76 | #define __DEF_IF_HOST { }
      |                         ^
/usr/local/cuda/include/sm_30_intrinsics.h:198:132: note: in expansion of macro '__DEF_IF_HOST'
  198 | __SM_30_INTRINSICS_DECL__ __DEPRECATED__(__WSB_DEPRECATION_MESSAGE(__shfl)) long __shfl(long var, int srcLane, int width=warpSize) __DEF_IF_HOST
      |                                                                                                                                    ^~~~~~~~~~~~~
/usr/local/cuda/include/sm_30_intrinsics.h: In function 'long unsigned int __shfl(long unsigned int, int, int)':
/usr/local/cuda/include/sm_30_intrinsics.h:76:25: warning: no return statement in function returning non-void [-Wreturn-type]
   76 | #define __DEF_IF_HOST { }
      |                         ^
/usr/local/cuda/include/sm_30_intrinsics.h:199:150: note: in expansion of macro '__DEF_IF_HOST'
  199 | __SM_30_INTRINSICS_DECL__ __DEPRECATED__(__WSB_DEPRECATION_MESSAGE(__shfl)) unsigned long __shfl(unsigned long var, int srcLane, int width=warpSize) __DEF_IF_HOST
      |                                                                                                                                                      ^~~~~~~~~~~~~
/usr/local/cuda/include/sm_30_intrinsics.h: In function 'long int __shfl_up(long int, unsigned int, int)':
/usr/local/cuda/include/sm_30_intrinsics.h:76:25: warning: no return statement in function returning non-void [-Wreturn-type]
   76 | #define __DEF_IF_HOST { }
      |                         ^
/usr/local/cuda/include/sm_30_intrinsics.h:200:145: note: in expansion of macro '__DEF_IF_HOST'
  200 | __SM_30_INTRINSICS_DECL__ __DEPRECATED__(__WSB_DEPRECATION_MESSAGE(__shfl_up)) long __shfl_up(long var, unsigned int delta, int width=warpSize) __DEF_IF_HOST
      |                                                                                                                                                 ^~~~~~~~~~~~~
/usr/local/cuda/include/sm_30_intrinsics.h: In function 'long unsigned int __shfl_up(long unsigned int, unsigned int, int)':
/usr/local/cuda/include/sm_30_intrinsics.h:76:25: warning: no return statement in function returning non-void [-Wreturn-type]
   76 | #define __DEF_IF_HOST { }
      |                         ^
/usr/local/cuda/include/sm_30_intrinsics.h:201:163: note: in expansion of macro '__DEF_IF_HOST'
  201 | __SM_30_INTRINSICS_DECL__ __DEPRECATED__(__WSB_DEPRECATION_MESSAGE(__shfl_up)) unsigned long __shfl_up(unsigned long var, unsigned int delta, int width=warpSize) __DEF_IF_HOST
      |                                                                                                                                                                   ^~~~~~~~~~~~~
/usr/local/cuda/include/sm_30_intrinsics.h: In function 'long int __shfl_down(long int, unsigned int, int)':
/usr/local/cuda/include/sm_30_intrinsics.h:76:25: warning: no return statement in function returning non-void [-Wreturn-type]
   76 | #define __DEF_IF_HOST { }
      |                         ^
/usr/local/cuda/include/sm_30_intrinsics.h:202:149: note: in expansion of macro '__DEF_IF_HOST'
  202 | __SM_30_INTRINSICS_DECL__ __DEPRECATED__(__WSB_DEPRECATION_MESSAGE(__shfl_down)) long __shfl_down(long var, unsigned int delta, int width=warpSize) __DEF_IF_HOST
      |                                                                                                                                                     ^~~~~~~~~~~~~
/usr/local/cuda/include/sm_30_intrinsics.h: In function 'long unsigned int __shfl_down(long unsigned int, unsigned int, int)':
/usr/local/cuda/include/sm_30_intrinsics.h:76:25: warning: no return statement in function returning non-void [-Wreturn-type]
   76 | #define __DEF_IF_HOST { }
      |                         ^
/usr/local/cuda/include/sm_30_intrinsics.h:203:167: note: in expansion of macro '__DEF_IF_HOST'
  203 | __SM_30_INTRINSICS_DECL__ __DEPRECATED__(__WSB_DEPRECATION_MESSAGE(__shfl_down)) unsigned long __shfl_down(unsigned long var, unsigned int delta, int width=warpSize) __DEF_IF_HOST
      |                                                                                                                                                                       ^~~~~~~~~~~~~
/usr/local/cuda/include/sm_30_intrinsics.h: In function 'long int __shfl_xor(long int, int, int)':
/usr/local/cuda/include/sm_30_intrinsics.h:76:25: warning: no return statement in function returning non-void [-Wreturn-type]
   76 | #define __DEF_IF_HOST { }
      |                         ^
/usr/local/cuda/include/sm_30_intrinsics.h:204:141: note: in expansion of macro '__DEF_IF_HOST'
  204 | __SM_30_INTRINSICS_DECL__ __DEPRECATED__(__WSB_DEPRECATION_MESSAGE(__shfl_xor)) long __shfl_xor(long var, int laneMask, int width=warpSize) __DEF_IF_HOST
      |                                                                                                                                             ^~~~~~~~~~~~~
/usr/local/cuda/include/sm_30_intrinsics.h: In function 'long unsigned int __shfl_xor(long unsigned int, int, int)':
/usr/local/cuda/include/sm_30_intrinsics.h:76:25: warning: no return statement in function returning non-void [-Wreturn-type]
   76 | #define __DEF_IF_HOST { }
      |                         ^
/usr/local/cuda/include/sm_30_intrinsics.h:205:159: note: in expansion of macro '__DEF_IF_HOST'
  205 | __SM_30_INTRINSICS_DECL__ __DEPRECATED__(__WSB_DEPRECATION_MESSAGE(__shfl_xor)) unsigned long __shfl_xor(unsigned long var, int laneMask, int width=warpSize) __DEF_IF_HOST
      |                                                                                                                                                               ^~~~~~~~~~~~~
/usr/local/cuda/include/sm_30_intrinsics.h: In function 'long int __shfl_sync(unsigned int, long int, int, int)':
/usr/local/cuda/include/sm_30_intrinsics.h:76:25: warning: no return statement in function returning non-void [-Wreturn-type]
   76 | #define __DEF_IF_HOST { }
      |                         ^
/usr/local/cuda/include/sm_30_intrinsics.h:208:102: note: in expansion of macro '__DEF_IF_HOST'
  208 | __SM_30_INTRINSICS_DECL__ long __shfl_sync(unsigned mask, long var, int srcLane, int width=warpSize) __DEF_IF_HOST
      |                                                                                                      ^~~~~~~~~~~~~
/usr/local/cuda/include/sm_30_intrinsics.h: In function 'long unsigned int __shfl_sync(unsigned int, long unsigned int, int, int)':
/usr/local/cuda/include/sm_30_intrinsics.h:76:25: warning: no return statement in function returning non-void [-Wreturn-type]
   76 | #define __DEF_IF_HOST { }
      |                         ^
/usr/local/cuda/include/sm_30_intrinsics.h:209:120: note: in expansion of macro '__DEF_IF_HOST'
  209 | __SM_30_INTRINSICS_DECL__ unsigned long __shfl_sync(unsigned mask, unsigned long var, int srcLane, int width=warpSize) __DEF_IF_HOST
      |                                                                                                                        ^~~~~~~~~~~~~
/usr/local/cuda/include/sm_30_intrinsics.h: In function 'long int __shfl_up_sync(unsigned int, long int, unsigned int, int)':
/usr/local/cuda/include/sm_30_intrinsics.h:76:25: warning: no return statement in function returning non-void [-Wreturn-type]
   76 | #define __DEF_IF_HOST { }
      |                         ^
/usr/local/cuda/include/sm_30_intrinsics.h:210:112: note: in expansion of macro '__DEF_IF_HOST'
  210 | __SM_30_INTRINSICS_DECL__ long __shfl_up_sync(unsigned mask, long var, unsigned int delta, int width=warpSize) __DEF_IF_HOST
      |                                                                                                                ^~~~~~~~~~~~~
/usr/local/cuda/include/sm_30_intrinsics.h: In function 'long unsigned int __shfl_up_sync(unsigned int, long unsigned int, unsigned int, int)':
/usr/local/cuda/include/sm_30_intrinsics.h:76:25: warning: no return statement in function returning non-void [-Wreturn-type]
   76 | #define __DEF_IF_HOST { }
      |                         ^
/usr/local/cuda/include/sm_30_intrinsics.h:211:130: note: in expansion of macro '__DEF_IF_HOST'
  211 | __SM_30_INTRINSICS_DECL__ unsigned long __shfl_up_sync(unsigned mask, unsigned long var, unsigned int delta, int width=warpSize) __DEF_IF_HOST
      |                                                                                                                                  ^~~~~~~~~~~~~
/usr/local/cuda/include/sm_30_intrinsics.h: In function 'long int __shfl_down_sync(unsigned int, long int, unsigned int, int)':
/usr/local/cuda/include/sm_30_intrinsics.h:76:25: warning: no return statement in function returning non-void [-Wreturn-type]
   76 | #define __DEF_IF_HOST { }
      |                         ^
/usr/local/cuda/include/sm_30_intrinsics.h:212:114: note: in expansion of macro '__DEF_IF_HOST'
  212 | __SM_30_INTRINSICS_DECL__ long __shfl_down_sync(unsigned mask, long var, unsigned int delta, int width=warpSize) __DEF_IF_HOST
      |                                                                                                                  ^~~~~~~~~~~~~
/usr/local/cuda/include/sm_30_intrinsics.h: In function 'long unsigned int __shfl_down_sync(unsigned int, long unsigned int, unsigned int, int)':
/usr/local/cuda/include/sm_30_intrinsics.h:76:25: warning: no return statement in function returning non-void [-Wreturn-type]
   76 | #define __DEF_IF_HOST { }
      |                         ^
/usr/local/cuda/include/sm_30_intrinsics.h:213:132: note: in expansion of macro '__DEF_IF_HOST'
  213 | __SM_30_INTRINSICS_DECL__ unsigned long __shfl_down_sync(unsigned mask, unsigned long var, unsigned int delta, int width=warpSize) __DEF_IF_HOST
      |                                                                                                                                    ^~~~~~~~~~~~~
/usr/local/cuda/include/sm_30_intrinsics.h: In function 'long int __shfl_xor_sync(unsigned int, long int, int, int)':
/usr/local/cuda/include/sm_30_intrinsics.h:76:25: warning: no return statement in function returning non-void [-Wreturn-type]
   76 | #define __DEF_IF_HOST { }
      |                         ^
/usr/local/cuda/include/sm_30_intrinsics.h:214:107: note: in expansion of macro '__DEF_IF_HOST'
  214 | __SM_30_INTRINSICS_DECL__ long __shfl_xor_sync(unsigned mask, long var, int laneMask, int width=warpSize) __DEF_IF_HOST
      |                                                                                                           ^~~~~~~~~~~~~
/usr/local/cuda/include/sm_30_intrinsics.h: In function 'long unsigned int __shfl_xor_sync(unsigned int, long unsigned int, int, int)':
/usr/local/cuda/include/sm_30_intrinsics.h:76:25: warning: no return statement in function returning non-void [-Wreturn-type]
   76 | #define __DEF_IF_HOST { }
      |                         ^
/usr/local/cuda/include/sm_30_intrinsics.h:215:125: note: in expansion of macro '__DEF_IF_HOST'
  215 | __SM_30_INTRINSICS_DECL__ unsigned long __shfl_xor_sync(unsigned mask, unsigned long var, int laneMask, int width=warpSize) __DEF_IF_HOST
      |                                                                                                                             ^~~~~~~~~~~~~
In file included from /usr/local/cuda/include/crt/device_functions.h:3623,
                 from /home/GVirtuS/GVirtuS/plugins/cudart/backend/CudaRtHandler.h:71,
                 from /home/GVirtuS/GVirtuS/plugins/cudart/backend/CudaRtHandler_occupancy.cpp:26:
/usr/local/cuda/include/sm_32_intrinsics.h: In function 'long int __ldg(const long int*)':
/usr/local/cuda/include/sm_32_intrinsics.h:74:25: warning: no return statement in function returning non-void [-Wreturn-type]
   74 | #define __DEF_IF_HOST { }
      |                         ^
/usr/local/cuda/include/sm_32_intrinsics.h:87:55: note: in expansion of macro '__DEF_IF_HOST'
   87 | __SM_32_INTRINSICS_DECL__ long __ldg(const long *ptr) __DEF_IF_HOST
      |                                                       ^~~~~~~~~~~~~
/usr/local/cuda/include/sm_32_intrinsics.h: In function 'long unsigned int __ldg(const long unsigned int*)':
/usr/local/cuda/include/sm_32_intrinsics.h:74:25: warning: no return statement in function returning non-void [-Wreturn-type]
   74 | #define __DEF_IF_HOST { }
      |                         ^
/usr/local/cuda/include/sm_32_intrinsics.h:88:73: note: in expansion of macro '__DEF_IF_HOST'
   88 | __SM_32_INTRINSICS_DECL__ unsigned long __ldg(const unsigned long *ptr) __DEF_IF_HOST
      |                                                                         ^~~~~~~~~~~~~
/usr/local/cuda/include/sm_32_intrinsics.h: In function 'char __ldg(const char*)':
/usr/local/cuda/include/sm_32_intrinsics.h:74:25: warning: no return statement in function returning non-void [-Wreturn-type]
   74 | #define __DEF_IF_HOST { }
      |                         ^
/usr/local/cuda/include/sm_32_intrinsics.h:90:55: note: in expansion of macro '__DEF_IF_HOST'
   90 | __SM_32_INTRINSICS_DECL__ char __ldg(const char *ptr) __DEF_IF_HOST
      |                                                       ^~~~~~~~~~~~~
/usr/local/cuda/include/sm_32_intrinsics.h: In function 'signed char __ldg(const signed char*)':
/usr/local/cuda/include/sm_32_intrinsics.h:74:25: warning: no return statement in function returning non-void [-Wreturn-type]
   74 | #define __DEF_IF_HOST { }
      |                         ^
/usr/local/cuda/include/sm_32_intrinsics.h:91:69: note: in expansion of macro '__DEF_IF_HOST'
   91 | __SM_32_INTRINSICS_DECL__ signed char __ldg(const signed char *ptr) __DEF_IF_HOST
      |                                                                     ^~~~~~~~~~~~~
/usr/local/cuda/include/sm_32_intrinsics.h: In function 'short int __ldg(const short int*)':
/usr/local/cuda/include/sm_32_intrinsics.h:74:25: warning: no return statement in function returning non-void [-Wreturn-type]
   74 | #define __DEF_IF_HOST { }
      |                         ^
/usr/local/cuda/include/sm_32_intrinsics.h:92:57: note: in expansion of macro '__DEF_IF_HOST'
   92 | __SM_32_INTRINSICS_DECL__ short __ldg(const short *ptr) __DEF_IF_HOST
      |                                                         ^~~~~~~~~~~~~
/usr/local/cuda/include/sm_32_intrinsics.h: In function 'int __ldg(const int*)':
/usr/local/cuda/include/sm_32_intrinsics.h:74:25: warning: no return statement in function returning non-void [-Wreturn-type]
   74 | #define __DEF_IF_HOST { }
      |                         ^
/usr/local/cuda/include/sm_32_intrinsics.h:93:53: note: in expansion of macro '__DEF_IF_HOST'
   93 | __SM_32_INTRINSICS_DECL__ int __ldg(const int *ptr) __DEF_IF_HOST
      |                                                     ^~~~~~~~~~~~~
/usr/local/cuda/include/sm_32_intrinsics.h: In function 'long long int __ldg(const long long int*)':
/usr/local/cuda/include/sm_32_intrinsics.h:74:25: warning: no return statement in function returning non-void [-Wreturn-type]
   74 | #define __DEF_IF_HOST { }
      |                         ^
/usr/local/cuda/include/sm_32_intrinsics.h:94:65: note: in expansion of macro '__DEF_IF_HOST'
   94 | __SM_32_INTRINSICS_DECL__ long long __ldg(const long long *ptr) __DEF_IF_HOST
      |                                                                 ^~~~~~~~~~~~~
/usr/local/cuda/include/sm_32_intrinsics.h: In function 'char2 __ldg(const char2*)':
/usr/local/cuda/include/sm_32_intrinsics.h:74:25: warning: no return statement in function returning non-void [-Wreturn-type]
   74 | #define __DEF_IF_HOST { }
      |                         ^
/usr/local/cuda/include/sm_32_intrinsics.h:95:57: note: in expansion of macro '__DEF_IF_HOST'
   95 | __SM_32_INTRINSICS_DECL__ char2 __ldg(const char2 *ptr) __DEF_IF_HOST
      |                                                         ^~~~~~~~~~~~~
/usr/local/cuda/include/sm_32_intrinsics.h: In function 'char4 __ldg(const char4*)':
/usr/local/cuda/include/sm_32_intrinsics.h:74:25: warning: no return statement in function returning non-void [-Wreturn-type]
   74 | #define __DEF_IF_HOST { }
      |                         ^
/usr/local/cuda/include/sm_32_intrinsics.h:96:57: note: in expansion of macro '__DEF_IF_HOST'
   96 | __SM_32_INTRINSICS_DECL__ char4 __ldg(const char4 *ptr) __DEF_IF_HOST
      |                                                         ^~~~~~~~~~~~~
/usr/local/cuda/include/sm_32_intrinsics.h: In function 'short2 __ldg(const short2*)':
/usr/local/cuda/include/sm_32_intrinsics.h:74:25: warning: no return statement in function returning non-void [-Wreturn-type]
   74 | #define __DEF_IF_HOST { }
      |                         ^
/usr/local/cuda/include/sm_32_intrinsics.h:97:59: note: in expansion of macro '__DEF_IF_HOST'
   97 | __SM_32_INTRINSICS_DECL__ short2 __ldg(const short2 *ptr) __DEF_IF_HOST
      |                                                           ^~~~~~~~~~~~~
/usr/local/cuda/include/sm_32_intrinsics.h: In function 'short4 __ldg(const short4*)':
/usr/local/cuda/include/sm_32_intrinsics.h:74:25: warning: no return statement in function returning non-void [-Wreturn-type]
   74 | #define __DEF_IF_HOST { }
      |                         ^
/usr/local/cuda/include/sm_32_intrinsics.h:98:59: note: in expansion of macro '__DEF_IF_HOST'
   98 | __SM_32_INTRINSICS_DECL__ short4 __ldg(const short4 *ptr) __DEF_IF_HOST
      |                                                           ^~~~~~~~~~~~~
/usr/local/cuda/include/sm_32_intrinsics.h: In function 'int2 __ldg(const int2*)':
/usr/local/cuda/include/sm_32_intrinsics.h:74:25: warning: no return statement in function returning non-void [-Wreturn-type]
   74 | #define __DEF_IF_HOST { }
      |                         ^
/usr/local/cuda/include/sm_32_intrinsics.h:99:55: note: in expansion of macro '__DEF_IF_HOST'
   99 | __SM_32_INTRINSICS_DECL__ int2 __ldg(const int2 *ptr) __DEF_IF_HOST
      |                                                       ^~~~~~~~~~~~~
/usr/local/cuda/include/sm_32_intrinsics.h: In function 'int4 __ldg(const int4*)':
/usr/local/cuda/include/sm_32_intrinsics.h:74:25: warning: no return statement in function returning non-void [-Wreturn-type]
   74 | #define __DEF_IF_HOST { }
      |                         ^
/usr/local/cuda/include/sm_32_intrinsics.h:100:55: note: in expansion of macro '__DEF_IF_HOST'
  100 | __SM_32_INTRINSICS_DECL__ int4 __ldg(const int4 *ptr) __DEF_IF_HOST
      |                                                       ^~~~~~~~~~~~~
/usr/local/cuda/include/sm_32_intrinsics.h: In function 'longlong2 __ldg(const longlong2*)':
/usr/local/cuda/include/sm_32_intrinsics.h:74:25: warning: no return statement in function returning non-void [-Wreturn-type]
   74 | #define __DEF_IF_HOST { }
      |                         ^
/usr/local/cuda/include/sm_32_intrinsics.h:101:65: note: in expansion of macro '__DEF_IF_HOST'
  101 | __SM_32_INTRINSICS_DECL__ longlong2 __ldg(const longlong2 *ptr) __DEF_IF_HOST
      |                                                                 ^~~~~~~~~~~~~
/usr/local/cuda/include/sm_32_intrinsics.h: In function 'unsigned char __ldg(const unsigned char*)':
/usr/local/cuda/include/sm_32_intrinsics.h:74:25: warning: no return statement in function returning non-void [-Wreturn-type]
   74 | #define __DEF_IF_HOST { }
      |                         ^
/usr/local/cuda/include/sm_32_intrinsics.h:103:73: note: in expansion of macro '__DEF_IF_HOST'
  103 | __SM_32_INTRINSICS_DECL__ unsigned char __ldg(const unsigned char *ptr) __DEF_IF_HOST
      |                                                                         ^~~~~~~~~~~~~
/usr/local/cuda/include/sm_32_intrinsics.h: In function 'short unsigned int __ldg(const short unsigned int*)':
/usr/local/cuda/include/sm_32_intrinsics.h:74:25: warning: no return statement in function returning non-void [-Wreturn-type]
   74 | #define __DEF_IF_HOST { }
      |                         ^
/usr/local/cuda/include/sm_32_intrinsics.h:104:75: note: in expansion of macro '__DEF_IF_HOST'
  104 | __SM_32_INTRINSICS_DECL__ unsigned short __ldg(const unsigned short *ptr) __DEF_IF_HOST
      |                                                                           ^~~~~~~~~~~~~
/usr/local/cuda/include/sm_32_intrinsics.h: In function 'unsigned int __ldg(const unsigned int*)':
/usr/local/cuda/include/sm_32_intrinsics.h:74:25: warning: no return statement in function returning non-void [-Wreturn-type]
   74 | #define __DEF_IF_HOST { }
      |                         ^
/usr/local/cuda/include/sm_32_intrinsics.h:105:71: note: in expansion of macro '__DEF_IF_HOST'
  105 | __SM_32_INTRINSICS_DECL__ unsigned int __ldg(const unsigned int *ptr) __DEF_IF_HOST
      |                                                                       ^~~~~~~~~~~~~
/usr/local/cuda/include/sm_32_intrinsics.h: In function 'long long unsigned int __ldg(const long long unsigned int*)':
/usr/local/cuda/include/sm_32_intrinsics.h:74:25: warning: no return statement in function returning non-void [-Wreturn-type]
   74 | #define __DEF_IF_HOST { }
      |                         ^
/usr/local/cuda/include/sm_32_intrinsics.h:106:83: note: in expansion of macro '__DEF_IF_HOST'
  106 | __SM_32_INTRINSICS_DECL__ unsigned long long __ldg(const unsigned long long *ptr) __DEF_IF_HOST
      |                                                                                   ^~~~~~~~~~~~~
/usr/local/cuda/include/sm_32_intrinsics.h: In function 'uchar2 __ldg(const uchar2*)':
/usr/local/cuda/include/sm_32_intrinsics.h:74:25: warning: no return statement in function returning non-void [-Wreturn-type]
   74 | #define __DEF_IF_HOST { }
      |                         ^
/usr/local/cuda/include/sm_32_intrinsics.h:107:59: note: in expansion of macro '__DEF_IF_HOST'
  107 | __SM_32_INTRINSICS_DECL__ uchar2 __ldg(const uchar2 *ptr) __DEF_IF_HOST
      |                                                           ^~~~~~~~~~~~~
/usr/local/cuda/include/sm_32_intrinsics.h: In function 'uchar4 __ldg(const uchar4*)':
/usr/local/cuda/include/sm_32_intrinsics.h:74:25: warning: no return statement in function returning non-void [-Wreturn-type]
   74 | #define __DEF_IF_HOST { }
      |                         ^
/usr/local/cuda/include/sm_32_intrinsics.h:108:59: note: in expansion of macro '__DEF_IF_HOST'
  108 | __SM_32_INTRINSICS_DECL__ uchar4 __ldg(const uchar4 *ptr) __DEF_IF_HOST
      |                                                           ^~~~~~~~~~~~~
/usr/local/cuda/include/sm_32_intrinsics.h: In function 'ushort2 __ldg(const ushort2*)':
/usr/local/cuda/include/sm_32_intrinsics.h:74:25: warning: no return statement in function returning non-void [-Wreturn-type]
   74 | #define __DEF_IF_HOST { }
      |                         ^
/usr/local/cuda/include/sm_32_intrinsics.h:109:61: note: in expansion of macro '__DEF_IF_HOST'
  109 | __SM_32_INTRINSICS_DECL__ ushort2 __ldg(const ushort2 *ptr) __DEF_IF_HOST
      |                                                             ^~~~~~~~~~~~~
/usr/local/cuda/include/sm_32_intrinsics.h: In function 'ushort4 __ldg(const ushort4*)':
/usr/local/cuda/include/sm_32_intrinsics.h:74:25: warning: no return statement in function returning non-void [-Wreturn-type]
   74 | #define __DEF_IF_HOST { }
      |                         ^
/usr/local/cuda/include/sm_32_intrinsics.h:110:61: note: in expansion of macro '__DEF_IF_HOST'
  110 | __SM_32_INTRINSICS_DECL__ ushort4 __ldg(const ushort4 *ptr) __DEF_IF_HOST
      |                                                             ^~~~~~~~~~~~~
/usr/local/cuda/include/sm_32_intrinsics.h: In function 'uint2 __ldg(const uint2*)':
/usr/local/cuda/include/sm_32_intrinsics.h:74:25: warning: no return statement in function returning non-void [-Wreturn-type]
   74 | #define __DEF_IF_HOST { }
      |                         ^
/usr/local/cuda/include/sm_32_intrinsics.h:111:57: note: in expansion of macro '__DEF_IF_HOST'
  111 | __SM_32_INTRINSICS_DECL__ uint2 __ldg(const uint2 *ptr) __DEF_IF_HOST
      |                                                         ^~~~~~~~~~~~~
/usr/local/cuda/include/sm_32_intrinsics.h: In function 'uint4 __ldg(const uint4*)':
/usr/local/cuda/include/sm_32_intrinsics.h:74:25: warning: no return statement in function returning non-void [-Wreturn-type]
   74 | #define __DEF_IF_HOST { }
      |                         ^
/usr/local/cuda/include/sm_32_intrinsics.h:112:57: note: in expansion of macro '__DEF_IF_HOST'
  112 | __SM_32_INTRINSICS_DECL__ uint4 __ldg(const uint4 *ptr) __DEF_IF_HOST
      |                                                         ^~~~~~~~~~~~~
/usr/local/cuda/include/sm_32_intrinsics.h: In function 'ulonglong2 __ldg(const ulonglong2*)':
/usr/local/cuda/include/sm_32_intrinsics.h:74:25: warning: no return statement in function returning non-void [-Wreturn-type]
   74 | #define __DEF_IF_HOST { }
      |                         ^
/usr/local/cuda/include/sm_32_intrinsics.h:113:67: note: in expansion of macro '__DEF_IF_HOST'
  113 | __SM_32_INTRINSICS_DECL__ ulonglong2 __ldg(const ulonglong2 *ptr) __DEF_IF_HOST
      |                                                                   ^~~~~~~~~~~~~
/usr/local/cuda/include/sm_32_intrinsics.h: In function 'float __ldg(const float*)':
/usr/local/cuda/include/sm_32_intrinsics.h:74:25: warning: no return statement in function returning non-void [-Wreturn-type]
   74 | #define __DEF_IF_HOST { }
      |                         ^
/usr/local/cuda/include/sm_32_intrinsics.h:115:57: note: in expansion of macro '__DEF_IF_HOST'
  115 | __SM_32_INTRINSICS_DECL__ float __ldg(const float *ptr) __DEF_IF_HOST
      |                                                         ^~~~~~~~~~~~~
/usr/local/cuda/include/sm_32_intrinsics.h: In function 'double __ldg(const double*)':
/usr/local/cuda/include/sm_32_intrinsics.h:74:25: warning: no return statement in function returning non-void [-Wreturn-type]
   74 | #define __DEF_IF_HOST { }
      |                         ^
/usr/local/cuda/include/sm_32_intrinsics.h:116:59: note: in expansion of macro '__DEF_IF_HOST'
  116 | __SM_32_INTRINSICS_DECL__ double __ldg(const double *ptr) __DEF_IF_HOST
      |                                                           ^~~~~~~~~~~~~
/usr/local/cuda/include/sm_32_intrinsics.h: In function 'float2 __ldg(const float2*)':
/usr/local/cuda/include/sm_32_intrinsics.h:74:25: warning: no return statement in function returning non-void [-Wreturn-type]
   74 | #define __DEF_IF_HOST { }
      |                         ^
/usr/local/cuda/include/sm_32_intrinsics.h:117:59: note: in expansion of macro '__DEF_IF_HOST'
  117 | __SM_32_INTRINSICS_DECL__ float2 __ldg(const float2 *ptr) __DEF_IF_HOST
      |                                                           ^~~~~~~~~~~~~
/usr/local/cuda/include/sm_32_intrinsics.h: In function 'float4 __ldg(const float4*)':
/usr/local/cuda/include/sm_32_intrinsics.h:74:25: warning: no return statement in function returning non-void [-Wreturn-type]
   74 | #define __DEF_IF_HOST { }
      |                         ^
/usr/local/cuda/include/sm_32_intrinsics.h:118:59: note: in expansion of macro '__DEF_IF_HOST'
  118 | __SM_32_INTRINSICS_DECL__ float4 __ldg(const float4 *ptr) __DEF_IF_HOST
      |                                                           ^~~~~~~~~~~~~
/usr/local/cuda/include/sm_32_intrinsics.h: In function 'double2 __ldg(const double2*)':
/usr/local/cuda/include/sm_32_intrinsics.h:74:25: warning: no return statement in function returning non-void [-Wreturn-type]
   74 | #define __DEF_IF_HOST { }
      |                         ^
/usr/local/cuda/include/sm_32_intrinsics.h:119:61: note: in expansion of macro '__DEF_IF_HOST'
  119 | __SM_32_INTRINSICS_DECL__ double2 __ldg(const double2 *ptr) __DEF_IF_HOST
      |                                                             ^~~~~~~~~~~~~
/usr/local/cuda/include/sm_32_intrinsics.h: In function 'long int __ldcg(const long int*)':
/usr/local/cuda/include/sm_32_intrinsics.h:74:25: warning: no return statement in function returning non-void [-Wreturn-type]
   74 | #define __DEF_IF_HOST { }
      |                         ^
/usr/local/cuda/include/sm_32_intrinsics.h:123:56: note: in expansion of macro '__DEF_IF_HOST'
  123 | __SM_32_INTRINSICS_DECL__ long __ldcg(const long *ptr) __DEF_IF_HOST
      |                                                        ^~~~~~~~~~~~~
/usr/local/cuda/include/sm_32_intrinsics.h: In function 'long unsigned int __ldcg(const long unsigned int*)':
/usr/local/cuda/include/sm_32_intrinsics.h:74:25: warning: no return statement in function returning non-void [-Wreturn-type]
   74 | #define __DEF_IF_HOST { }
      |                         ^
/usr/local/cuda/include/sm_32_intrinsics.h:124:74: note: in expansion of macro '__DEF_IF_HOST'
  124 | __SM_32_INTRINSICS_DECL__ unsigned long __ldcg(const unsigned long *ptr) __DEF_IF_HOST
      |                                                                          ^~~~~~~~~~~~~
/usr/local/cuda/include/sm_32_intrinsics.h: In function 'char __ldcg(const char*)':
/usr/local/cuda/include/sm_32_intrinsics.h:74:25: warning: no return statement in function returning non-void [-Wreturn-type]
   74 | #define __DEF_IF_HOST { }
      |                         ^
/usr/local/cuda/include/sm_32_intrinsics.h:126:56: note: in expansion of macro '__DEF_IF_HOST'
  126 | __SM_32_INTRINSICS_DECL__ char __ldcg(const char *ptr) __DEF_IF_HOST
      |                                                        ^~~~~~~~~~~~~
/usr/local/cuda/include/sm_32_intrinsics.h: In function 'signed char __ldcg(const signed char*)':
/usr/local/cuda/include/sm_32_intrinsics.h:74:25: warning: no return statement in function returning non-void [-Wreturn-type]
   74 | #define __DEF_IF_HOST { }
      |                         ^
/usr/local/cuda/include/sm_32_intrinsics.h:127:70: note: in expansion of macro '__DEF_IF_HOST'
  127 | __SM_32_INTRINSICS_DECL__ signed char __ldcg(const signed char *ptr) __DEF_IF_HOST
      |                                                                      ^~~~~~~~~~~~~
/usr/local/cuda/include/sm_32_intrinsics.h: In function 'short int __ldcg(const short int*)':
/usr/local/cuda/include/sm_32_intrinsics.h:74:25: warning: no return statement in function returning non-void [-Wreturn-type]
   74 | #define __DEF_IF_HOST { }
      |                         ^
/usr/local/cuda/include/sm_32_intrinsics.h:128:58: note: in expansion of macro '__DEF_IF_HOST'
  128 | __SM_32_INTRINSICS_DECL__ short __ldcg(const short *ptr) __DEF_IF_HOST
      |                                                          ^~~~~~~~~~~~~
/usr/local/cuda/include/sm_32_intrinsics.h: In function 'int __ldcg(const int*)':
/usr/local/cuda/include/sm_32_intrinsics.h:74:25: warning: no return statement in function returning non-void [-Wreturn-type]
   74 | #define __DEF_IF_HOST { }
      |                         ^
/usr/local/cuda/include/sm_32_intrinsics.h:129:54: note: in expansion of macro '__DEF_IF_HOST'
  129 | __SM_32_INTRINSICS_DECL__ int __ldcg(const int *ptr) __DEF_IF_HOST
      |                                                      ^~~~~~~~~~~~~
/usr/local/cuda/include/sm_32_intrinsics.h: In function 'long long int __ldcg(const long long int*)':
/usr/local/cuda/include/sm_32_intrinsics.h:74:25: warning: no return statement in function returning non-void [-Wreturn-type]
   74 | #define __DEF_IF_HOST { }
      |                         ^
/usr/local/cuda/include/sm_32_intrinsics.h:130:66: note: in expansion of macro '__DEF_IF_HOST'
  130 | __SM_32_INTRINSICS_DECL__ long long __ldcg(const long long *ptr) __DEF_IF_HOST
      |                                                                  ^~~~~~~~~~~~~
/usr/local/cuda/include/sm_32_intrinsics.h: In function 'char2 __ldcg(const char2*)':
/usr/local/cuda/include/sm_32_intrinsics.h:74:25: warning: no return statement in function returning non-void [-Wreturn-type]
   74 | #define __DEF_IF_HOST { }
      |                         ^
/usr/local/cuda/include/sm_32_intrinsics.h:131:58: note: in expansion of macro '__DEF_IF_HOST'
  131 | __SM_32_INTRINSICS_DECL__ char2 __ldcg(const char2 *ptr) __DEF_IF_HOST
      |                                                          ^~~~~~~~~~~~~
/usr/local/cuda/include/sm_32_intrinsics.h: In function 'char4 __ldcg(const char4*)':
/usr/local/cuda/include/sm_32_intrinsics.h:74:25: warning: no return statement in function returning non-void [-Wreturn-type]
   74 | #define __DEF_IF_HOST { }
      |                         ^
/usr/local/cuda/include/sm_32_intrinsics.h:132:58: note: in expansion of macro '__DEF_IF_HOST'
  132 | __SM_32_INTRINSICS_DECL__ char4 __ldcg(const char4 *ptr) __DEF_IF_HOST
      |                                                          ^~~~~~~~~~~~~
/usr/local/cuda/include/sm_32_intrinsics.h: In function 'short2 __ldcg(const short2*)':
/usr/local/cuda/include/sm_32_intrinsics.h:74:25: warning: no return statement in function returning non-void [-Wreturn-type]
   74 | #define __DEF_IF_HOST { }
      |                         ^
/usr/local/cuda/include/sm_32_intrinsics.h:133:60: note: in expansion of macro '__DEF_IF_HOST'
  133 | __SM_32_INTRINSICS_DECL__ short2 __ldcg(const short2 *ptr) __DEF_IF_HOST
      |                                                            ^~~~~~~~~~~~~
/usr/local/cuda/include/sm_32_intrinsics.h: In function 'short4 __ldcg(const short4*)':
/usr/local/cuda/include/sm_32_intrinsics.h:74:25: warning: no return statement in function returning non-void [-Wreturn-type]
   74 | #define __DEF_IF_HOST { }
      |                         ^
/usr/local/cuda/include/sm_32_intrinsics.h:134:60: note: in expansion of macro '__DEF_IF_HOST'
  134 | __SM_32_INTRINSICS_DECL__ short4 __ldcg(const short4 *ptr) __DEF_IF_HOST
      |                                                            ^~~~~~~~~~~~~
/usr/local/cuda/include/sm_32_intrinsics.h: In function 'int2 __ldcg(const int2*)':
/usr/local/cuda/include/sm_32_intrinsics.h:74:25: warning: no return statement in function returning non-void [-Wreturn-type]
   74 | #define __DEF_IF_HOST { }
      |                         ^
/usr/local/cuda/include/sm_32_intrinsics.h:135:56: note: in expansion of macro '__DEF_IF_HOST'
  135 | __SM_32_INTRINSICS_DECL__ int2 __ldcg(const int2 *ptr) __DEF_IF_HOST
      |                                                        ^~~~~~~~~~~~~
/usr/local/cuda/include/sm_32_intrinsics.h: In function 'int4 __ldcg(const int4*)':
/usr/local/cuda/include/sm_32_intrinsics.h:74:25: warning: no return statement in function returning non-void [-Wreturn-type]
   74 | #define __DEF_IF_HOST { }
      |                         ^
/usr/local/cuda/include/sm_32_intrinsics.h:136:56: note: in expansion of macro '__DEF_IF_HOST'
  136 | __SM_32_INTRINSICS_DECL__ int4 __ldcg(const int4 *ptr) __DEF_IF_HOST
      |                                                        ^~~~~~~~~~~~~
/usr/local/cuda/include/sm_32_intrinsics.h: In function 'longlong2 __ldcg(const longlong2*)':
/usr/local/cuda/include/sm_32_intrinsics.h:74:25: warning: no return statement in function returning non-void [-Wreturn-type]
   74 | #define __DEF_IF_HOST { }
      |                         ^
/usr/local/cuda/include/sm_32_intrinsics.h:137:66: note: in expansion of macro '__DEF_IF_HOST'
  137 | __SM_32_INTRINSICS_DECL__ longlong2 __ldcg(const longlong2 *ptr) __DEF_IF_HOST
      |                                                                  ^~~~~~~~~~~~~
/usr/local/cuda/include/sm_32_intrinsics.h: In function 'unsigned char __ldcg(const unsigned char*)':
/usr/local/cuda/include/sm_32_intrinsics.h:74:25: warning: no return statement in function returning non-void [-Wreturn-type]
   74 | #define __DEF_IF_HOST { }
      |                         ^
/usr/local/cuda/include/sm_32_intrinsics.h:139:74: note: in expansion of macro '__DEF_IF_HOST'
  139 | __SM_32_INTRINSICS_DECL__ unsigned char __ldcg(const unsigned char *ptr) __DEF_IF_HOST
      |                                                                          ^~~~~~~~~~~~~
/usr/local/cuda/include/sm_32_intrinsics.h: In function 'short unsigned int __ldcg(const short unsigned int*)':
/usr/local/cuda/include/sm_32_intrinsics.h:74:25: warning: no return statement in function returning non-void [-Wreturn-type]
   74 | #define __DEF_IF_HOST { }
      |                         ^
/usr/local/cuda/include/sm_32_intrinsics.h:140:76: note: in expansion of macro '__DEF_IF_HOST'
  140 | __SM_32_INTRINSICS_DECL__ unsigned short __ldcg(const unsigned short *ptr) __DEF_IF_HOST
      |                                                                            ^~~~~~~~~~~~~
/usr/local/cuda/include/sm_32_intrinsics.h: In function 'unsigned int __ldcg(const unsigned int*)':
/usr/local/cuda/include/sm_32_intrinsics.h:74:25: warning: no return statement in function returning non-void [-Wreturn-type]
   74 | #define __DEF_IF_HOST { }
      |                         ^
/usr/local/cuda/include/sm_32_intrinsics.h:141:72: note: in expansion of macro '__DEF_IF_HOST'
  141 | __SM_32_INTRINSICS_DECL__ unsigned int __ldcg(const unsigned int *ptr) __DEF_IF_HOST
      |                                                                        ^~~~~~~~~~~~~
/usr/local/cuda/include/sm_32_intrinsics.h: In function 'long long unsigned int __ldcg(const long long unsigned int*)':
/usr/local/cuda/include/sm_32_intrinsics.h:74:25: warning: no return statement in function returning non-void [-Wreturn-type]
   74 | #define __DEF_IF_HOST { }
      |                         ^
/usr/local/cuda/include/sm_32_intrinsics.h:142:84: note: in expansion of macro '__DEF_IF_HOST'
  142 | __SM_32_INTRINSICS_DECL__ unsigned long long __ldcg(const unsigned long long *ptr) __DEF_IF_HOST
      |                                                                                    ^~~~~~~~~~~~~
/usr/local/cuda/include/sm_32_intrinsics.h: In function 'uchar2 __ldcg(const uchar2*)':
/usr/local/cuda/include/sm_32_intrinsics.h:74:25: warning: no return statement in function returning non-void [-Wreturn-type]
   74 | #define __DEF_IF_HOST { }
      |                         ^
/usr/local/cuda/include/sm_32_intrinsics.h:143:60: note: in expansion of macro '__DEF_IF_HOST'
  143 | __SM_32_INTRINSICS_DECL__ uchar2 __ldcg(const uchar2 *ptr) __DEF_IF_HOST
      |                                                            ^~~~~~~~~~~~~
/usr/local/cuda/include/sm_32_intrinsics.h: In function 'uchar4 __ldcg(const uchar4*)':
/usr/local/cuda/include/sm_32_intrinsics.h:74:25: warning: no return statement in function returning non-void [-Wreturn-type]
   74 | #define __DEF_IF_HOST { }
      |                         ^
/usr/local/cuda/include/sm_32_intrinsics.h:144:60: note: in expansion of macro '__DEF_IF_HOST'
  144 | __SM_32_INTRINSICS_DECL__ uchar4 __ldcg(const uchar4 *ptr) __DEF_IF_HOST
      |                                                            ^~~~~~~~~~~~~
/usr/local/cuda/include/sm_32_intrinsics.h: In function 'ushort2 __ldcg(const ushort2*)':
/usr/local/cuda/include/sm_32_intrinsics.h:74:25: warning: no return statement in function returning non-void [-Wreturn-type]
   74 | #define __DEF_IF_HOST { }
      |                         ^
/usr/local/cuda/include/sm_32_intrinsics.h:145:62: note: in expansion of macro '__DEF_IF_HOST'
  145 | __SM_32_INTRINSICS_DECL__ ushort2 __ldcg(const ushort2 *ptr) __DEF_IF_HOST
      |                                                              ^~~~~~~~~~~~~
/usr/local/cuda/include/sm_32_intrinsics.h: In function 'ushort4 __ldcg(const ushort4*)':
/usr/local/cuda/include/sm_32_intrinsics.h:74:25: warning: no return statement in function returning non-void [-Wreturn-type]
   74 | #define __DEF_IF_HOST { }
      |                         ^
/usr/local/cuda/include/sm_32_intrinsics.h:146:62: note: in expansion of macro '__DEF_IF_HOST'
  146 | __SM_32_INTRINSICS_DECL__ ushort4 __ldcg(const ushort4 *ptr) __DEF_IF_HOST
      |                                                              ^~~~~~~~~~~~~
/usr/local/cuda/include/sm_32_intrinsics.h: In function 'uint2 __ldcg(const uint2*)':
/usr/local/cuda/include/sm_32_intrinsics.h:74:25: warning: no return statement in function returning non-void [-Wreturn-type]
   74 | #define __DEF_IF_HOST { }
      |                         ^
/usr/local/cuda/include/sm_32_intrinsics.h:147:58: note: in expansion of macro '__DEF_IF_HOST'
  147 | __SM_32_INTRINSICS_DECL__ uint2 __ldcg(const uint2 *ptr) __DEF_IF_HOST
      |                                                          ^~~~~~~~~~~~~
/usr/local/cuda/include/sm_32_intrinsics.h: In function 'uint4 __ldcg(const uint4*)':
/usr/local/cuda/include/sm_32_intrinsics.h:74:25: warning: no return statement in function returning non-void [-Wreturn-type]
   74 | #define __DEF_IF_HOST { }
      |                         ^
/usr/local/cuda/include/sm_32_intrinsics.h:148:58: note: in expansion of macro '__DEF_IF_HOST'
  148 | __SM_32_INTRINSICS_DECL__ uint4 __ldcg(const uint4 *ptr) __DEF_IF_HOST
      |                                                          ^~~~~~~~~~~~~
/usr/local/cuda/include/sm_32_intrinsics.h: In function 'ulonglong2 __ldcg(const ulonglong2*)':
/usr/local/cuda/include/sm_32_intrinsics.h:74:25: warning: no return statement in function returning non-void [-Wreturn-type]
   74 | #define __DEF_IF_HOST { }
      |                         ^
/usr/local/cuda/include/sm_32_intrinsics.h:149:68: note: in expansion of macro '__DEF_IF_HOST'
  149 | __SM_32_INTRINSICS_DECL__ ulonglong2 __ldcg(const ulonglong2 *ptr) __DEF_IF_HOST
      |                                                                    ^~~~~~~~~~~~~
/usr/local/cuda/include/sm_32_intrinsics.h: In function 'float __ldcg(const float*)':
/usr/local/cuda/include/sm_32_intrinsics.h:74:25: warning: no return statement in function returning non-void [-Wreturn-type]
   74 | #define __DEF_IF_HOST { }
      |                         ^
/usr/local/cuda/include/sm_32_intrinsics.h:151:58: note: in expansion of macro '__DEF_IF_HOST'
  151 | __SM_32_INTRINSICS_DECL__ float __ldcg(const float *ptr) __DEF_IF_HOST
      |                                                          ^~~~~~~~~~~~~
/usr/local/cuda/include/sm_32_intrinsics.h: In function 'double __ldcg(const double*)':
/usr/local/cuda/include/sm_32_intrinsics.h:74:25: warning: no return statement in function returning non-void [-Wreturn-type]
   74 | #define __DEF_IF_HOST { }
      |                         ^
/usr/local/cuda/include/sm_32_intrinsics.h:152:60: note: in expansion of macro '__DEF_IF_HOST'
  152 | __SM_32_INTRINSICS_DECL__ double __ldcg(const double *ptr) __DEF_IF_HOST
      |                                                            ^~~~~~~~~~~~~
/usr/local/cuda/include/sm_32_intrinsics.h: In function 'float2 __ldcg(const float2*)':
/usr/local/cuda/include/sm_32_intrinsics.h:74:25: warning: no return statement in function returning non-void [-Wreturn-type]
   74 | #define __DEF_IF_HOST { }
      |                         ^
/usr/local/cuda/include/sm_32_intrinsics.h:153:60: note: in expansion of macro '__DEF_IF_HOST'
  153 | __SM_32_INTRINSICS_DECL__ float2 __ldcg(const float2 *ptr) __DEF_IF_HOST
      |                                                            ^~~~~~~~~~~~~
/usr/local/cuda/include/sm_32_intrinsics.h: In function 'float4 __ldcg(const float4*)':
/usr/local/cuda/include/sm_32_intrinsics.h:74:25: warning: no return statement in function returning non-void [-Wreturn-type]
   74 | #define __DEF_IF_HOST { }
      |                         ^
/usr/local/cuda/include/sm_32_intrinsics.h:154:60: note: in expansion of macro '__DEF_IF_HOST'
  154 | __SM_32_INTRINSICS_DECL__ float4 __ldcg(const float4 *ptr) __DEF_IF_HOST
      |                                                            ^~~~~~~~~~~~~
/usr/local/cuda/include/sm_32_intrinsics.h: In function 'double2 __ldcg(const double2*)':
/usr/local/cuda/include/sm_32_intrinsics.h:74:25: warning: no return statement in function returning non-void [-Wreturn-type]
   74 | #define __DEF_IF_HOST { }
      |                         ^
/usr/local/cuda/include/sm_32_intrinsics.h:155:62: note: in expansion of macro '__DEF_IF_HOST'
  155 | __SM_32_INTRINSICS_DECL__ double2 __ldcg(const double2 *ptr) __DEF_IF_HOST
      |                                                              ^~~~~~~~~~~~~
/usr/local/cuda/include/sm_32_intrinsics.h: In function 'long int __ldca(const long int*)':
/usr/local/cuda/include/sm_32_intrinsics.h:74:25: warning: no return statement in function returning non-void [-Wreturn-type]
   74 | #define __DEF_IF_HOST { }
      |                         ^
/usr/local/cuda/include/sm_32_intrinsics.h:159:56: note: in expansion of macro '__DEF_IF_HOST'
  159 | __SM_32_INTRINSICS_DECL__ long __ldca(const long *ptr) __DEF_IF_HOST
      |                                                        ^~~~~~~~~~~~~
/usr/local/cuda/include/sm_32_intrinsics.h: In function 'long unsigned int __ldca(const long unsigned int*)':
/usr/local/cuda/include/sm_32_intrinsics.h:74:25: warning: no return statement in function returning non-void [-Wreturn-type]
   74 | #define __DEF_IF_HOST { }
      |                         ^
/usr/local/cuda/include/sm_32_intrinsics.h:160:74: note: in expansion of macro '__DEF_IF_HOST'
  160 | __SM_32_INTRINSICS_DECL__ unsigned long __ldca(const unsigned long *ptr) __DEF_IF_HOST
      |                                                                          ^~~~~~~~~~~~~
/usr/local/cuda/include/sm_32_intrinsics.h: In function 'char __ldca(const char*)':
/usr/local/cuda/include/sm_32_intrinsics.h:74:25: warning: no return statement in function returning non-void [-Wreturn-type]
   74 | #define __DEF_IF_HOST { }
      |                         ^
/usr/local/cuda/include/sm_32_intrinsics.h:162:56: note: in expansion of macro '__DEF_IF_HOST'
  162 | __SM_32_INTRINSICS_DECL__ char __ldca(const char *ptr) __DEF_IF_HOST
      |                                                        ^~~~~~~~~~~~~
/usr/local/cuda/include/sm_32_intrinsics.h: In function 'signed char __ldca(const signed char*)':
/usr/local/cuda/include/sm_32_intrinsics.h:74:25: warning: no return statement in function returning non-void [-Wreturn-type]
   74 | #define __DEF_IF_HOST { }
      |                         ^
/usr/local/cuda/include/sm_32_intrinsics.h:163:70: note: in expansion of macro '__DEF_IF_HOST'
  163 | __SM_32_INTRINSICS_DECL__ signed char __ldca(const signed char *ptr) __DEF_IF_HOST
      |                                                                      ^~~~~~~~~~~~~
/usr/local/cuda/include/sm_32_intrinsics.h: In function 'short int __ldca(const short int*)':
/usr/local/cuda/include/sm_32_intrinsics.h:74:25: warning: no return statement in function returning non-void [-Wreturn-type]
   74 | #define __DEF_IF_HOST { }
      |                         ^
/usr/local/cuda/include/sm_32_intrinsics.h:164:58: note: in expansion of macro '__DEF_IF_HOST'
  164 | __SM_32_INTRINSICS_DECL__ short __ldca(const short *ptr) __DEF_IF_HOST
      |                                                          ^~~~~~~~~~~~~
/usr/local/cuda/include/sm_32_intrinsics.h: In function 'int __ldca(const int*)':
/usr/local/cuda/include/sm_32_intrinsics.h:74:25: warning: no return statement in function returning non-void [-Wreturn-type]
   74 | #define __DEF_IF_HOST { }
      |                         ^
/usr/local/cuda/include/sm_32_intrinsics.h:165:54: note: in expansion of macro '__DEF_IF_HOST'
  165 | __SM_32_INTRINSICS_DECL__ int __ldca(const int *ptr) __DEF_IF_HOST
      |                                                      ^~~~~~~~~~~~~
/usr/local/cuda/include/sm_32_intrinsics.h: In function 'long long int __ldca(const long long int*)':
/usr/local/cuda/include/sm_32_intrinsics.h:74:25: warning: no return statement in function returning non-void [-Wreturn-type]
   74 | #define __DEF_IF_HOST { }
      |                         ^
/usr/local/cuda/include/sm_32_intrinsics.h:166:66: note: in expansion of macro '__DEF_IF_HOST'
  166 | __SM_32_INTRINSICS_DECL__ long long __ldca(const long long *ptr) __DEF_IF_HOST
      |                                                                  ^~~~~~~~~~~~~
/usr/local/cuda/include/sm_32_intrinsics.h: In function 'char2 __ldca(const char2*)':
/usr/local/cuda/include/sm_32_intrinsics.h:74:25: warning: no return statement in function returning non-void [-Wreturn-type]
   74 | #define __DEF_IF_HOST { }
      |                         ^
/usr/local/cuda/include/sm_32_intrinsics.h:167:58: note: in expansion of macro '__DEF_IF_HOST'
  167 | __SM_32_INTRINSICS_DECL__ char2 __ldca(const char2 *ptr) __DEF_IF_HOST
      |                                                          ^~~~~~~~~~~~~
/usr/local/cuda/include/sm_32_intrinsics.h: In function 'char4 __ldca(const char4*)':
/usr/local/cuda/include/sm_32_intrinsics.h:74:25: warning: no return statement in function returning non-void [-Wreturn-type]
   74 | #define __DEF_IF_HOST { }
      |                         ^
/usr/local/cuda/include/sm_32_intrinsics.h:168:58: note: in expansion of macro '__DEF_IF_HOST'
  168 | __SM_32_INTRINSICS_DECL__ char4 __ldca(const char4 *ptr) __DEF_IF_HOST
      |                                                          ^~~~~~~~~~~~~
/usr/local/cuda/include/sm_32_intrinsics.h: In function 'short2 __ldca(const short2*)':
/usr/local/cuda/include/sm_32_intrinsics.h:74:25: warning: no return statement in function returning non-void [-Wreturn-type]
   74 | #define __DEF_IF_HOST { }
      |                         ^
/usr/local/cuda/include/sm_32_intrinsics.h:169:60: note: in expansion of macro '__DEF_IF_HOST'
  169 | __SM_32_INTRINSICS_DECL__ short2 __ldca(const short2 *ptr) __DEF_IF_HOST
      |                                                            ^~~~~~~~~~~~~
/usr/local/cuda/include/sm_32_intrinsics.h: In function 'short4 __ldca(const short4*)':
/usr/local/cuda/include/sm_32_intrinsics.h:74:25: warning: no return statement in function returning non-void [-Wreturn-type]
   74 | #define __DEF_IF_HOST { }
      |                         ^
/usr/local/cuda/include/sm_32_intrinsics.h:170:60: note: in expansion of macro '__DEF_IF_HOST'
  170 | __SM_32_INTRINSICS_DECL__ short4 __ldca(const short4 *ptr) __DEF_IF_HOST
      |                                                            ^~~~~~~~~~~~~
/usr/local/cuda/include/sm_32_intrinsics.h: In function 'int2 __ldca(const int2*)':
/usr/local/cuda/include/sm_32_intrinsics.h:74:25: warning: no return statement in function returning non-void [-Wreturn-type]
   74 | #define __DEF_IF_HOST { }
      |                         ^
/usr/local/cuda/include/sm_32_intrinsics.h:171:56: note: in expansion of macro '__DEF_IF_HOST'
  171 | __SM_32_INTRINSICS_DECL__ int2 __ldca(const int2 *ptr) __DEF_IF_HOST
      |                                                        ^~~~~~~~~~~~~
/usr/local/cuda/include/sm_32_intrinsics.h: In function 'int4 __ldca(const int4*)':
/usr/local/cuda/include/sm_32_intrinsics.h:74:25: warning: no return statement in function returning non-void [-Wreturn-type]
   74 | #define __DEF_IF_HOST { }
      |                         ^
/usr/local/cuda/include/sm_32_intrinsics.h:172:56: note: in expansion of macro '__DEF_IF_HOST'
  172 | __SM_32_INTRINSICS_DECL__ int4 __ldca(const int4 *ptr) __DEF_IF_HOST
      |                                                        ^~~~~~~~~~~~~
/usr/local/cuda/include/sm_32_intrinsics.h: In function 'longlong2 __ldca(const longlong2*)':
/usr/local/cuda/include/sm_32_intrinsics.h:74:25: warning: no return statement in function returning non-void [-Wreturn-type]
   74 | #define __DEF_IF_HOST { }
      |                         ^
/usr/local/cuda/include/sm_32_intrinsics.h:173:66: note: in expansion of macro '__DEF_IF_HOST'
  173 | __SM_32_INTRINSICS_DECL__ longlong2 __ldca(const longlong2 *ptr) __DEF_IF_HOST
      |                                                                  ^~~~~~~~~~~~~
/usr/local/cuda/include/sm_32_intrinsics.h: In function 'unsigned char __ldca(const unsigned char*)':
/usr/local/cuda/include/sm_32_intrinsics.h:74:25: warning: no return statement in function returning non-void [-Wreturn-type]
   74 | #define __DEF_IF_HOST { }
      |                         ^
/usr/local/cuda/include/sm_32_intrinsics.h:175:74: note: in expansion of macro '__DEF_IF_HOST'
  175 | __SM_32_INTRINSICS_DECL__ unsigned char __ldca(const unsigned char *ptr) __DEF_IF_HOST
      |                                                                          ^~~~~~~~~~~~~
/usr/local/cuda/include/sm_32_intrinsics.h: In function 'short unsigned int __ldca(const short unsigned int*)':
/usr/local/cuda/include/sm_32_intrinsics.h:74:25: warning: no return statement in function returning non-void [-Wreturn-type]
   74 | #define __DEF_IF_HOST { }
      |                         ^
/usr/local/cuda/include/sm_32_intrinsics.h:176:76: note: in expansion of macro '__DEF_IF_HOST'
  176 | __SM_32_INTRINSICS_DECL__ unsigned short __ldca(const unsigned short *ptr) __DEF_IF_HOST
      |                                                                            ^~~~~~~~~~~~~
/usr/local/cuda/include/sm_32_intrinsics.h: In function 'unsigned int __ldca(const unsigned int*)':
/usr/local/cuda/include/sm_32_intrinsics.h:74:25: warning: no return statement in function returning non-void [-Wreturn-type]
   74 | #define __DEF_IF_HOST { }
      |                         ^
/usr/local/cuda/include/sm_32_intrinsics.h:177:72: note: in expansion of macro '__DEF_IF_HOST'
  177 | __SM_32_INTRINSICS_DECL__ unsigned int __ldca(const unsigned int *ptr) __DEF_IF_HOST
      |                                                                        ^~~~~~~~~~~~~
/usr/local/cuda/include/sm_32_intrinsics.h: In function 'long long unsigned int __ldca(const long long unsigned int*)':
/usr/local/cuda/include/sm_32_intrinsics.h:74:25: warning: no return statement in function returning non-void [-Wreturn-type]
   74 | #define __DEF_IF_HOST { }
      |                         ^
/usr/local/cuda/include/sm_32_intrinsics.h:178:84: note: in expansion of macro '__DEF_IF_HOST'
  178 | __SM_32_INTRINSICS_DECL__ unsigned long long __ldca(const unsigned long long *ptr) __DEF_IF_HOST
      |                                                                                    ^~~~~~~~~~~~~
/usr/local/cuda/include/sm_32_intrinsics.h: In function 'uchar2 __ldca(const uchar2*)':
/usr/local/cuda/include/sm_32_intrinsics.h:74:25: warning: no return statement in function returning non-void [-Wreturn-type]
   74 | #define __DEF_IF_HOST { }
      |                         ^
/usr/local/cuda/include/sm_32_intrinsics.h:179:60: note: in expansion of macro '__DEF_IF_HOST'
  179 | __SM_32_INTRINSICS_DECL__ uchar2 __ldca(const uchar2 *ptr) __DEF_IF_HOST
      |                                                            ^~~~~~~~~~~~~
/usr/local/cuda/include/sm_32_intrinsics.h: In function 'uchar4 __ldca(const uchar4*)':
/usr/local/cuda/include/sm_32_intrinsics.h:74:25: warning: no return statement in function returning non-void [-Wreturn-type]
   74 | #define __DEF_IF_HOST { }
      |                         ^
/usr/local/cuda/include/sm_32_intrinsics.h:180:60: note: in expansion of macro '__DEF_IF_HOST'
  180 | __SM_32_INTRINSICS_DECL__ uchar4 __ldca(const uchar4 *ptr) __DEF_IF_HOST
      |                                                            ^~~~~~~~~~~~~
/usr/local/cuda/include/sm_32_intrinsics.h: In function 'ushort2 __ldca(const ushort2*)':
/usr/local/cuda/include/sm_32_intrinsics.h:74:25: warning: no return statement in function returning non-void [-Wreturn-type]
   74 | #define __DEF_IF_HOST { }
      |                         ^
/usr/local/cuda/include/sm_32_intrinsics.h:181:62: note: in expansion of macro '__DEF_IF_HOST'
  181 | __SM_32_INTRINSICS_DECL__ ushort2 __ldca(const ushort2 *ptr) __DEF_IF_HOST
      |                                                              ^~~~~~~~~~~~~
/usr/local/cuda/include/sm_32_intrinsics.h: In function 'ushort4 __ldca(const ushort4*)':
/usr/local/cuda/include/sm_32_intrinsics.h:74:25: warning: no return statement in function returning non-void [-Wreturn-type]
   74 | #define __DEF_IF_HOST { }
      |                         ^
/usr/local/cuda/include/sm_32_intrinsics.h:182:62: note: in expansion of macro '__DEF_IF_HOST'
  182 | __SM_32_INTRINSICS_DECL__ ushort4 __ldca(const ushort4 *ptr) __DEF_IF_HOST
      |                                                              ^~~~~~~~~~~~~
/usr/local/cuda/include/sm_32_intrinsics.h: In function 'uint2 __ldca(const uint2*)':
/usr/local/cuda/include/sm_32_intrinsics.h:74:25: warning: no return statement in function returning non-void [-Wreturn-type]
   74 | #define __DEF_IF_HOST { }
      |                         ^
/usr/local/cuda/include/sm_32_intrinsics.h:183:58: note: in expansion of macro '__DEF_IF_HOST'
  183 | __SM_32_INTRINSICS_DECL__ uint2 __ldca(const uint2 *ptr) __DEF_IF_HOST
      |                                                          ^~~~~~~~~~~~~
/usr/local/cuda/include/sm_32_intrinsics.h: In function 'uint4 __ldca(const uint4*)':
/usr/local/cuda/include/sm_32_intrinsics.h:74:25: warning: no return statement in function returning non-void [-Wreturn-type]
   74 | #define __DEF_IF_HOST { }
      |                         ^
/usr/local/cuda/include/sm_32_intrinsics.h:184:58: note: in expansion of macro '__DEF_IF_HOST'
  184 | __SM_32_INTRINSICS_DECL__ uint4 __ldca(const uint4 *ptr) __DEF_IF_HOST
      |                                                          ^~~~~~~~~~~~~
/usr/local/cuda/include/sm_32_intrinsics.h: In function 'ulonglong2 __ldca(const ulonglong2*)':
/usr/local/cuda/include/sm_32_intrinsics.h:74:25: warning: no return statement in function returning non-void [-Wreturn-type]
   74 | #define __DEF_IF_HOST { }
      |                         ^
/usr/local/cuda/include/sm_32_intrinsics.h:185:68: note: in expansion of macro '__DEF_IF_HOST'
  185 | __SM_32_INTRINSICS_DECL__ ulonglong2 __ldca(const ulonglong2 *ptr) __DEF_IF_HOST
      |                                                                    ^~~~~~~~~~~~~
/usr/local/cuda/include/sm_32_intrinsics.h: In function 'float __ldca(const float*)':
/usr/local/cuda/include/sm_32_intrinsics.h:74:25: warning: no return statement in function returning non-void [-Wreturn-type]
   74 | #define __DEF_IF_HOST { }
      |                         ^
/usr/local/cuda/include/sm_32_intrinsics.h:187:58: note: in expansion of macro '__DEF_IF_HOST'
  187 | __SM_32_INTRINSICS_DECL__ float __ldca(const float *ptr) __DEF_IF_HOST
      |                                                          ^~~~~~~~~~~~~
/usr/local/cuda/include/sm_32_intrinsics.h: In function 'double __ldca(const double*)':
/usr/local/cuda/include/sm_32_intrinsics.h:74:25: warning: no return statement in function returning non-void [-Wreturn-type]
   74 | #define __DEF_IF_HOST { }
      |                         ^
/usr/local/cuda/include/sm_32_intrinsics.h:188:60: note: in expansion of macro '__DEF_IF_HOST'
  188 | __SM_32_INTRINSICS_DECL__ double __ldca(const double *ptr) __DEF_IF_HOST
      |                                                            ^~~~~~~~~~~~~
/usr/local/cuda/include/sm_32_intrinsics.h: In function 'float2 __ldca(const float2*)':
/usr/local/cuda/include/sm_32_intrinsics.h:74:25: warning: no return statement in function returning non-void [-Wreturn-type]
   74 | #define __DEF_IF_HOST { }
      |                         ^
/usr/local/cuda/include/sm_32_intrinsics.h:189:60: note: in expansion of macro '__DEF_IF_HOST'
  189 | __SM_32_INTRINSICS_DECL__ float2 __ldca(const float2 *ptr) __DEF_IF_HOST
      |                                                            ^~~~~~~~~~~~~
/usr/local/cuda/include/sm_32_intrinsics.h: In function 'float4 __ldca(const float4*)':
/usr/local/cuda/include/sm_32_intrinsics.h:74:25: warning: no return statement in function returning non-void [-Wreturn-type]
   74 | #define __DEF_IF_HOST { }
      |                         ^
/usr/local/cuda/include/sm_32_intrinsics.h:190:60: note: in expansion of macro '__DEF_IF_HOST'
  190 | __SM_32_INTRINSICS_DECL__ float4 __ldca(const float4 *ptr) __DEF_IF_HOST
      |                                                            ^~~~~~~~~~~~~
/usr/local/cuda/include/sm_32_intrinsics.h: In function 'double2 __ldca(const double2*)':
/usr/local/cuda/include/sm_32_intrinsics.h:74:25: warning: no return statement in function returning non-void [-Wreturn-type]
   74 | #define __DEF_IF_HOST { }
      |                         ^
/usr/local/cuda/include/sm_32_intrinsics.h:191:62: note: in expansion of macro '__DEF_IF_HOST'
  191 | __SM_32_INTRINSICS_DECL__ double2 __ldca(const double2 *ptr) __DEF_IF_HOST
      |                                                              ^~~~~~~~~~~~~
/usr/local/cuda/include/sm_32_intrinsics.h: In function 'long int __ldcs(const long int*)':
/usr/local/cuda/include/sm_32_intrinsics.h:74:25: warning: no return statement in function returning non-void [-Wreturn-type]
   74 | #define __DEF_IF_HOST { }
      |                         ^
/usr/local/cuda/include/sm_32_intrinsics.h:195:56: note: in expansion of macro '__DEF_IF_HOST'
  195 | __SM_32_INTRINSICS_DECL__ long __ldcs(const long *ptr) __DEF_IF_HOST
      |                                                        ^~~~~~~~~~~~~
/usr/local/cuda/include/sm_32_intrinsics.h: In function 'long unsigned int __ldcs(const long unsigned int*)':
/usr/local/cuda/include/sm_32_intrinsics.h:74:25: warning: no return statement in function returning non-void [-Wreturn-type]
   74 | #define __DEF_IF_HOST { }
      |                         ^
/usr/local/cuda/include/sm_32_intrinsics.h:196:74: note: in expansion of macro '__DEF_IF_HOST'
  196 | __SM_32_INTRINSICS_DECL__ unsigned long __ldcs(const unsigned long *ptr) __DEF_IF_HOST
      |                                                                          ^~~~~~~~~~~~~
/usr/local/cuda/include/sm_32_intrinsics.h: In function 'char __ldcs(const char*)':
/usr/local/cuda/include/sm_32_intrinsics.h:74:25: warning: no return statement in function returning non-void [-Wreturn-type]
   74 | #define __DEF_IF_HOST { }
      |                         ^
/usr/local/cuda/include/sm_32_intrinsics.h:198:56: note: in expansion of macro '__DEF_IF_HOST'
  198 | __SM_32_INTRINSICS_DECL__ char __ldcs(const char *ptr) __DEF_IF_HOST
      |                                                        ^~~~~~~~~~~~~
/usr/local/cuda/include/sm_32_intrinsics.h: In function 'signed char __ldcs(const signed char*)':
/usr/local/cuda/include/sm_32_intrinsics.h:74:25: warning: no return statement in function returning non-void [-Wreturn-type]
   74 | #define __DEF_IF_HOST { }
      |                         ^
/usr/local/cuda/include/sm_32_intrinsics.h:199:70: note: in expansion of macro '__DEF_IF_HOST'
  199 | __SM_32_INTRINSICS_DECL__ signed char __ldcs(const signed char *ptr) __DEF_IF_HOST
      |                                                                      ^~~~~~~~~~~~~
/usr/local/cuda/include/sm_32_intrinsics.h: In function 'short int __ldcs(const short int*)':
/usr/local/cuda/include/sm_32_intrinsics.h:74:25: warning: no return statement in function returning non-void [-Wreturn-type]
   74 | #define __DEF_IF_HOST { }
      |                         ^
/usr/local/cuda/include/sm_32_intrinsics.h:200:58: note: in expansion of macro '__DEF_IF_HOST'
  200 | __SM_32_INTRINSICS_DECL__ short __ldcs(const short *ptr) __DEF_IF_HOST
      |                                                          ^~~~~~~~~~~~~
/usr/local/cuda/include/sm_32_intrinsics.h: In function 'int __ldcs(const int*)':
/usr/local/cuda/include/sm_32_intrinsics.h:74:25: warning: no return statement in function returning non-void [-Wreturn-type]
   74 | #define __DEF_IF_HOST { }
      |                         ^
/usr/local/cuda/include/sm_32_intrinsics.h:201:54: note: in expansion of macro '__DEF_IF_HOST'
  201 | __SM_32_INTRINSICS_DECL__ int __ldcs(const int *ptr) __DEF_IF_HOST
      |                                                      ^~~~~~~~~~~~~
/usr/local/cuda/include/sm_32_intrinsics.h: In function 'long long int __ldcs(const long long int*)':
/usr/local/cuda/include/sm_32_intrinsics.h:74:25: warning: no return statement in function returning non-void [-Wreturn-type]
   74 | #define __DEF_IF_HOST { }
      |                         ^
/usr/local/cuda/include/sm_32_intrinsics.h:202:66: note: in expansion of macro '__DEF_IF_HOST'
  202 | __SM_32_INTRINSICS_DECL__ long long __ldcs(const long long *ptr) __DEF_IF_HOST
      |                                                                  ^~~~~~~~~~~~~
/usr/local/cuda/include/sm_32_intrinsics.h: In function 'char2 __ldcs(const char2*)':
/usr/local/cuda/include/sm_32_intrinsics.h:74:25: warning: no return statement in function returning non-void [-Wreturn-type]
   74 | #define __DEF_IF_HOST { }
      |                         ^
/usr/local/cuda/include/sm_32_intrinsics.h:203:58: note: in expansion of macro '__DEF_IF_HOST'
  203 | __SM_32_INTRINSICS_DECL__ char2 __ldcs(const char2 *ptr) __DEF_IF_HOST
      |                                                          ^~~~~~~~~~~~~
/usr/local/cuda/include/sm_32_intrinsics.h: In function 'char4 __ldcs(const char4*)':
/usr/local/cuda/include/sm_32_intrinsics.h:74:25: warning: no return statement in function returning non-void [-Wreturn-type]
   74 | #define __DEF_IF_HOST { }
      |                         ^
/usr/local/cuda/include/sm_32_intrinsics.h:204:58: note: in expansion of macro '__DEF_IF_HOST'
  204 | __SM_32_INTRINSICS_DECL__ char4 __ldcs(const char4 *ptr) __DEF_IF_HOST
      |                                                          ^~~~~~~~~~~~~
/usr/local/cuda/include/sm_32_intrinsics.h: In function 'short2 __ldcs(const short2*)':
/usr/local/cuda/include/sm_32_intrinsics.h:74:25: warning: no return statement in function returning non-void [-Wreturn-type]
   74 | #define __DEF_IF_HOST { }
      |                         ^
/usr/local/cuda/include/sm_32_intrinsics.h:205:60: note: in expansion of macro '__DEF_IF_HOST'
  205 | __SM_32_INTRINSICS_DECL__ short2 __ldcs(const short2 *ptr) __DEF_IF_HOST
      |                                                            ^~~~~~~~~~~~~
/usr/local/cuda/include/sm_32_intrinsics.h: In function 'short4 __ldcs(const short4*)':
/usr/local/cuda/include/sm_32_intrinsics.h:74:25: warning: no return statement in function returning non-void [-Wreturn-type]
   74 | #define __DEF_IF_HOST { }
      |                         ^
/usr/local/cuda/include/sm_32_intrinsics.h:206:60: note: in expansion of macro '__DEF_IF_HOST'
  206 | __SM_32_INTRINSICS_DECL__ short4 __ldcs(const short4 *ptr) __DEF_IF_HOST
      |                                                            ^~~~~~~~~~~~~
/usr/local/cuda/include/sm_32_intrinsics.h: In function 'int2 __ldcs(const int2*)':
/usr/local/cuda/include/sm_32_intrinsics.h:74:25: warning: no return statement in function returning non-void [-Wreturn-type]
   74 | #define __DEF_IF_HOST { }
      |                         ^
/usr/local/cuda/include/sm_32_intrinsics.h:207:56: note: in expansion of macro '__DEF_IF_HOST'
  207 | __SM_32_INTRINSICS_DECL__ int2 __ldcs(const int2 *ptr) __DEF_IF_HOST
      |                                                        ^~~~~~~~~~~~~
/usr/local/cuda/include/sm_32_intrinsics.h: In function 'int4 __ldcs(const int4*)':
/usr/local/cuda/include/sm_32_intrinsics.h:74:25: warning: no return statement in function returning non-void [-Wreturn-type]
   74 | #define __DEF_IF_HOST { }
      |                         ^
/usr/local/cuda/include/sm_32_intrinsics.h:208:56: note: in expansion of macro '__DEF_IF_HOST'
  208 | __SM_32_INTRINSICS_DECL__ int4 __ldcs(const int4 *ptr) __DEF_IF_HOST
      |                                                        ^~~~~~~~~~~~~
/usr/local/cuda/include/sm_32_intrinsics.h: In function 'longlong2 __ldcs(const longlong2*)':
/usr/local/cuda/include/sm_32_intrinsics.h:74:25: warning: no return statement in function returning non-void [-Wreturn-type]
   74 | #define __DEF_IF_HOST { }
      |                         ^
/usr/local/cuda/include/sm_32_intrinsics.h:209:66: note: in expansion of macro '__DEF_IF_HOST'
  209 | __SM_32_INTRINSICS_DECL__ longlong2 __ldcs(const longlong2 *ptr) __DEF_IF_HOST
      |                                                                  ^~~~~~~~~~~~~
/usr/local/cuda/include/sm_32_intrinsics.h: In function 'unsigned char __ldcs(const unsigned char*)':
/usr/local/cuda/include/sm_32_intrinsics.h:74:25: warning: no return statement in function returning non-void [-Wreturn-type]
   74 | #define __DEF_IF_HOST { }
      |                         ^
/usr/local/cuda/include/sm_32_intrinsics.h:211:74: note: in expansion of macro '__DEF_IF_HOST'
  211 | __SM_32_INTRINSICS_DECL__ unsigned char __ldcs(const unsigned char *ptr) __DEF_IF_HOST
      |                                                                          ^~~~~~~~~~~~~
/usr/local/cuda/include/sm_32_intrinsics.h: In function 'short unsigned int __ldcs(const short unsigned int*)':
/usr/local/cuda/include/sm_32_intrinsics.h:74:25: warning: no return statement in function returning non-void [-Wreturn-type]
   74 | #define __DEF_IF_HOST { }
      |                         ^
/usr/local/cuda/include/sm_32_intrinsics.h:212:76: note: in expansion of macro '__DEF_IF_HOST'
  212 | __SM_32_INTRINSICS_DECL__ unsigned short __ldcs(const unsigned short *ptr) __DEF_IF_HOST
      |                                                                            ^~~~~~~~~~~~~
/usr/local/cuda/include/sm_32_intrinsics.h: In function 'unsigned int __ldcs(const unsigned int*)':
/usr/local/cuda/include/sm_32_intrinsics.h:74:25: warning: no return statement in function returning non-void [-Wreturn-type]
   74 | #define __DEF_IF_HOST { }
      |                         ^
/usr/local/cuda/include/sm_32_intrinsics.h:213:72: note: in expansion of macro '__DEF_IF_HOST'
  213 | __SM_32_INTRINSICS_DECL__ unsigned int __ldcs(const unsigned int *ptr) __DEF_IF_HOST
      |                                                                        ^~~~~~~~~~~~~
/usr/local/cuda/include/sm_32_intrinsics.h: In function 'long long unsigned int __ldcs(const long long unsigned int*)':
/usr/local/cuda/include/sm_32_intrinsics.h:74:25: warning: no return statement in function returning non-void [-Wreturn-type]
   74 | #define __DEF_IF_HOST { }
      |                         ^
/usr/local/cuda/include/sm_32_intrinsics.h:214:84: note: in expansion of macro '__DEF_IF_HOST'
  214 | __SM_32_INTRINSICS_DECL__ unsigned long long __ldcs(const unsigned long long *ptr) __DEF_IF_HOST
      |                                                                                    ^~~~~~~~~~~~~
/usr/local/cuda/include/sm_32_intrinsics.h: In function 'uchar2 __ldcs(const uchar2*)':
/usr/local/cuda/include/sm_32_intrinsics.h:74:25: warning: no return statement in function returning non-void [-Wreturn-type]
   74 | #define __DEF_IF_HOST { }
      |                         ^
/usr/local/cuda/include/sm_32_intrinsics.h:215:60: note: in expansion of macro '__DEF_IF_HOST'
  215 | __SM_32_INTRINSICS_DECL__ uchar2 __ldcs(const uchar2 *ptr) __DEF_IF_HOST
      |                                                            ^~~~~~~~~~~~~
/usr/local/cuda/include/sm_32_intrinsics.h: In function 'uchar4 __ldcs(const uchar4*)':
/usr/local/cuda/include/sm_32_intrinsics.h:74:25: warning: no return statement in function returning non-void [-Wreturn-type]
   74 | #define __DEF_IF_HOST { }
      |                         ^
/usr/local/cuda/include/sm_32_intrinsics.h:216:60: note: in expansion of macro '__DEF_IF_HOST'
  216 | __SM_32_INTRINSICS_DECL__ uchar4 __ldcs(const uchar4 *ptr) __DEF_IF_HOST
      |                                                            ^~~~~~~~~~~~~
/usr/local/cuda/include/sm_32_intrinsics.h: In function 'ushort2 __ldcs(const ushort2*)':
/usr/local/cuda/include/sm_32_intrinsics.h:74:25: warning: no return statement in function returning non-void [-Wreturn-type]
   74 | #define __DEF_IF_HOST { }
      |                         ^
/usr/local/cuda/include/sm_32_intrinsics.h:217:62: note: in expansion of macro '__DEF_IF_HOST'
  217 | __SM_32_INTRINSICS_DECL__ ushort2 __ldcs(const ushort2 *ptr) __DEF_IF_HOST
      |                                                              ^~~~~~~~~~~~~
/usr/local/cuda/include/sm_32_intrinsics.h: In function 'ushort4 __ldcs(const ushort4*)':
/usr/local/cuda/include/sm_32_intrinsics.h:74:25: warning: no return statement in function returning non-void [-Wreturn-type]
   74 | #define __DEF_IF_HOST { }
      |                         ^
/usr/local/cuda/include/sm_32_intrinsics.h:218:62: note: in expansion of macro '__DEF_IF_HOST'
  218 | __SM_32_INTRINSICS_DECL__ ushort4 __ldcs(const ushort4 *ptr) __DEF_IF_HOST
      |                                                              ^~~~~~~~~~~~~
/usr/local/cuda/include/sm_32_intrinsics.h: In function 'uint2 __ldcs(const uint2*)':
/usr/local/cuda/include/sm_32_intrinsics.h:74:25: warning: no return statement in function returning non-void [-Wreturn-type]
   74 | #define __DEF_IF_HOST { }
      |                         ^
/usr/local/cuda/include/sm_32_intrinsics.h:219:58: note: in expansion of macro '__DEF_IF_HOST'
  219 | __SM_32_INTRINSICS_DECL__ uint2 __ldcs(const uint2 *ptr) __DEF_IF_HOST
      |                                                          ^~~~~~~~~~~~~
/usr/local/cuda/include/sm_32_intrinsics.h: In function 'uint4 __ldcs(const uint4*)':
/usr/local/cuda/include/sm_32_intrinsics.h:74:25: warning: no return statement in function returning non-void [-Wreturn-type]
   74 | #define __DEF_IF_HOST { }
      |                         ^
/usr/local/cuda/include/sm_32_intrinsics.h:220:58: note: in expansion of macro '__DEF_IF_HOST'
  220 | __SM_32_INTRINSICS_DECL__ uint4 __ldcs(const uint4 *ptr) __DEF_IF_HOST
      |                                                          ^~~~~~~~~~~~~
/usr/local/cuda/include/sm_32_intrinsics.h: In function 'ulonglong2 __ldcs(const ulonglong2*)':
/usr/local/cuda/include/sm_32_intrinsics.h:74:25: warning: no return statement in function returning non-void [-Wreturn-type]
   74 | #define __DEF_IF_HOST { }
      |                         ^
/usr/local/cuda/include/sm_32_intrinsics.h:221:68: note: in expansion of macro '__DEF_IF_HOST'
  221 | __SM_32_INTRINSICS_DECL__ ulonglong2 __ldcs(const ulonglong2 *ptr) __DEF_IF_HOST
      |                                                                    ^~~~~~~~~~~~~
/usr/local/cuda/include/sm_32_intrinsics.h: In function 'float __ldcs(const float*)':
/usr/local/cuda/include/sm_32_intrinsics.h:74:25: warning: no return statement in function returning non-void [-Wreturn-type]
   74 | #define __DEF_IF_HOST { }
      |                         ^
/usr/local/cuda/include/sm_32_intrinsics.h:223:58: note: in expansion of macro '__DEF_IF_HOST'
  223 | __SM_32_INTRINSICS_DECL__ float __ldcs(const float *ptr) __DEF_IF_HOST
      |                                                          ^~~~~~~~~~~~~
/usr/local/cuda/include/sm_32_intrinsics.h: In function 'double __ldcs(const double*)':
/usr/local/cuda/include/sm_32_intrinsics.h:74:25: warning: no return statement in function returning non-void [-Wreturn-type]
   74 | #define __DEF_IF_HOST { }
      |                         ^
/usr/local/cuda/include/sm_32_intrinsics.h:224:60: note: in expansion of macro '__DEF_IF_HOST'
  224 | __SM_32_INTRINSICS_DECL__ double __ldcs(const double *ptr) __DEF_IF_HOST
      |                                                            ^~~~~~~~~~~~~
/usr/local/cuda/include/sm_32_intrinsics.h: In function 'float2 __ldcs(const float2*)':
/usr/local/cuda/include/sm_32_intrinsics.h:74:25: warning: no return statement in function returning non-void [-Wreturn-type]
   74 | #define __DEF_IF_HOST { }
      |                         ^
/usr/local/cuda/include/sm_32_intrinsics.h:225:60: note: in expansion of macro '__DEF_IF_HOST'
  225 | __SM_32_INTRINSICS_DECL__ float2 __ldcs(const float2 *ptr) __DEF_IF_HOST
      |                                                            ^~~~~~~~~~~~~
/usr/local/cuda/include/sm_32_intrinsics.h: In function 'float4 __ldcs(const float4*)':
/usr/local/cuda/include/sm_32_intrinsics.h:74:25: warning: no return statement in function returning non-void [-Wreturn-type]
   74 | #define __DEF_IF_HOST { }
      |                         ^
/usr/local/cuda/include/sm_32_intrinsics.h:226:60: note: in expansion of macro '__DEF_IF_HOST'
  226 | __SM_32_INTRINSICS_DECL__ float4 __ldcs(const float4 *ptr) __DEF_IF_HOST
      |                                                            ^~~~~~~~~~~~~
/usr/local/cuda/include/sm_32_intrinsics.h: In function 'double2 __ldcs(const double2*)':
/usr/local/cuda/include/sm_32_intrinsics.h:74:25: warning: no return statement in function returning non-void [-Wreturn-type]
   74 | #define __DEF_IF_HOST { }
      |                         ^
/usr/local/cuda/include/sm_32_intrinsics.h:227:62: note: in expansion of macro '__DEF_IF_HOST'
  227 | __SM_32_INTRINSICS_DECL__ double2 __ldcs(const double2 *ptr) __DEF_IF_HOST
      |                                                              ^~~~~~~~~~~~~
/usr/local/cuda/include/sm_32_intrinsics.h: In function 'long int __ldlu(const long int*)':
/usr/local/cuda/include/sm_32_intrinsics.h:74:25: warning: no return statement in function returning non-void [-Wreturn-type]
   74 | #define __DEF_IF_HOST { }
      |                         ^
/usr/local/cuda/include/sm_32_intrinsics.h:231:56: note: in expansion of macro '__DEF_IF_HOST'
  231 | __SM_32_INTRINSICS_DECL__ long __ldlu(const long *ptr) __DEF_IF_HOST
      |                                                        ^~~~~~~~~~~~~
/usr/local/cuda/include/sm_32_intrinsics.h: In function 'long unsigned int __ldlu(const long unsigned int*)':
/usr/local/cuda/include/sm_32_intrinsics.h:74:25: warning: no return statement in function returning non-void [-Wreturn-type]
   74 | #define __DEF_IF_HOST { }
      |                         ^
/usr/local/cuda/include/sm_32_intrinsics.h:232:74: note: in expansion of macro '__DEF_IF_HOST'
  232 | __SM_32_INTRINSICS_DECL__ unsigned long __ldlu(const unsigned long *ptr) __DEF_IF_HOST
      |                                                                          ^~~~~~~~~~~~~
/usr/local/cuda/include/sm_32_intrinsics.h: In function 'char __ldlu(const char*)':
/usr/local/cuda/include/sm_32_intrinsics.h:74:25: warning: no return statement in function returning non-void [-Wreturn-type]
   74 | #define __DEF_IF_HOST { }
      |                         ^
/usr/local/cuda/include/sm_32_intrinsics.h:234:56: note: in expansion of macro '__DEF_IF_HOST'
  234 | __SM_32_INTRINSICS_DECL__ char __ldlu(const char *ptr) __DEF_IF_HOST
      |                                                        ^~~~~~~~~~~~~
/usr/local/cuda/include/sm_32_intrinsics.h: In function 'signed char __ldlu(const signed char*)':
/usr/local/cuda/include/sm_32_intrinsics.h:74:25: warning: no return statement in function returning non-void [-Wreturn-type]
   74 | #define __DEF_IF_HOST { }
      |                         ^
/usr/local/cuda/include/sm_32_intrinsics.h:235:70: note: in expansion of macro '__DEF_IF_HOST'
  235 | __SM_32_INTRINSICS_DECL__ signed char __ldlu(const signed char *ptr) __DEF_IF_HOST
      |                                                                      ^~~~~~~~~~~~~
/usr/local/cuda/include/sm_32_intrinsics.h: In function 'short int __ldlu(const short int*)':
/usr/local/cuda/include/sm_32_intrinsics.h:74:25: warning: no return statement in function returning non-void [-Wreturn-type]
   74 | #define __DEF_IF_HOST { }
      |                         ^
/usr/local/cuda/include/sm_32_intrinsics.h:236:58: note: in expansion of macro '__DEF_IF_HOST'
  236 | __SM_32_INTRINSICS_DECL__ short __ldlu(const short *ptr) __DEF_IF_HOST
      |                                                          ^~~~~~~~~~~~~
/usr/local/cuda/include/sm_32_intrinsics.h: In function 'int __ldlu(const int*)':
/usr/local/cuda/include/sm_32_intrinsics.h:74:25: warning: no return statement in function returning non-void [-Wreturn-type]
   74 | #define __DEF_IF_HOST { }
      |                         ^
/usr/local/cuda/include/sm_32_intrinsics.h:237:54: note: in expansion of macro '__DEF_IF_HOST'
  237 | __SM_32_INTRINSICS_DECL__ int __ldlu(const int *ptr) __DEF_IF_HOST
      |                                                      ^~~~~~~~~~~~~
/usr/local/cuda/include/sm_32_intrinsics.h: In function 'long long int __ldlu(const long long int*)':
/usr/local/cuda/include/sm_32_intrinsics.h:74:25: warning: no return statement in function returning non-void [-Wreturn-type]
   74 | #define __DEF_IF_HOST { }
      |                         ^
/usr/local/cuda/include/sm_32_intrinsics.h:238:66: note: in expansion of macro '__DEF_IF_HOST'
  238 | __SM_32_INTRINSICS_DECL__ long long __ldlu(const long long *ptr) __DEF_IF_HOST
      |                                                                  ^~~~~~~~~~~~~
/usr/local/cuda/include/sm_32_intrinsics.h: In function 'char2 __ldlu(const char2*)':
/usr/local/cuda/include/sm_32_intrinsics.h:74:25: warning: no return statement in function returning non-void [-Wreturn-type]
   74 | #define __DEF_IF_HOST { }
      |                         ^
/usr/local/cuda/include/sm_32_intrinsics.h:239:58: note: in expansion of macro '__DEF_IF_HOST'
  239 | __SM_32_INTRINSICS_DECL__ char2 __ldlu(const char2 *ptr) __DEF_IF_HOST
      |                                                          ^~~~~~~~~~~~~
/usr/local/cuda/include/sm_32_intrinsics.h: In function 'char4 __ldlu(const char4*)':
/usr/local/cuda/include/sm_32_intrinsics.h:74:25: warning: no return statement in function returning non-void [-Wreturn-type]
   74 | #define __DEF_IF_HOST { }
      |                         ^
/usr/local/cuda/include/sm_32_intrinsics.h:240:58: note: in expansion of macro '__DEF_IF_HOST'
  240 | __SM_32_INTRINSICS_DECL__ char4 __ldlu(const char4 *ptr) __DEF_IF_HOST
      |                                                          ^~~~~~~~~~~~~
/usr/local/cuda/include/sm_32_intrinsics.h: In function 'short2 __ldlu(const short2*)':
/usr/local/cuda/include/sm_32_intrinsics.h:74:25: warning: no return statement in function returning non-void [-Wreturn-type]
   74 | #define __DEF_IF_HOST { }
      |                         ^
/usr/local/cuda/include/sm_32_intrinsics.h:241:60: note: in expansion of macro '__DEF_IF_HOST'
  241 | __SM_32_INTRINSICS_DECL__ short2 __ldlu(const short2 *ptr) __DEF_IF_HOST
      |                                                            ^~~~~~~~~~~~~
/usr/local/cuda/include/sm_32_intrinsics.h: In function 'short4 __ldlu(const short4*)':
/usr/local/cuda/include/sm_32_intrinsics.h:74:25: warning: no return statement in function returning non-void [-Wreturn-type]
   74 | #define __DEF_IF_HOST { }
      |                         ^
/usr/local/cuda/include/sm_32_intrinsics.h:242:60: note: in expansion of macro '__DEF_IF_HOST'
  242 | __SM_32_INTRINSICS_DECL__ short4 __ldlu(const short4 *ptr) __DEF_IF_HOST
      |                                                            ^~~~~~~~~~~~~
/usr/local/cuda/include/sm_32_intrinsics.h: In function 'int2 __ldlu(const int2*)':
/usr/local/cuda/include/sm_32_intrinsics.h:74:25: warning: no return statement in function returning non-void [-Wreturn-type]
   74 | #define __DEF_IF_HOST { }
      |                         ^
/usr/local/cuda/include/sm_32_intrinsics.h:243:56: note: in expansion of macro '__DEF_IF_HOST'
  243 | __SM_32_INTRINSICS_DECL__ int2 __ldlu(const int2 *ptr) __DEF_IF_HOST
      |                                                        ^~~~~~~~~~~~~
/usr/local/cuda/include/sm_32_intrinsics.h: In function 'int4 __ldlu(const int4*)':
/usr/local/cuda/include/sm_32_intrinsics.h:74:25: warning: no return statement in function returning non-void [-Wreturn-type]
   74 | #define __DEF_IF_HOST { }
      |                         ^
/usr/local/cuda/include/sm_32_intrinsics.h:244:56: note: in expansion of macro '__DEF_IF_HOST'
  244 | __SM_32_INTRINSICS_DECL__ int4 __ldlu(const int4 *ptr) __DEF_IF_HOST
      |                                                        ^~~~~~~~~~~~~
/usr/local/cuda/include/sm_32_intrinsics.h: In function 'longlong2 __ldlu(const longlong2*)':
/usr/local/cuda/include/sm_32_intrinsics.h:74:25: warning: no return statement in function returning non-void [-Wreturn-type]
   74 | #define __DEF_IF_HOST { }
      |                         ^
/usr/local/cuda/include/sm_32_intrinsics.h:245:66: note: in expansion of macro '__DEF_IF_HOST'
  245 | __SM_32_INTRINSICS_DECL__ longlong2 __ldlu(const longlong2 *ptr) __DEF_IF_HOST
      |                                                                  ^~~~~~~~~~~~~
/usr/local/cuda/include/sm_32_intrinsics.h: In function 'unsigned char __ldlu(const unsigned char*)':
/usr/local/cuda/include/sm_32_intrinsics.h:74:25: warning: no return statement in function returning non-void [-Wreturn-type]
   74 | #define __DEF_IF_HOST { }
      |                         ^
/usr/local/cuda/include/sm_32_intrinsics.h:247:74: note: in expansion of macro '__DEF_IF_HOST'
  247 | __SM_32_INTRINSICS_DECL__ unsigned char __ldlu(const unsigned char *ptr) __DEF_IF_HOST
      |                                                                          ^~~~~~~~~~~~~
/usr/local/cuda/include/sm_32_intrinsics.h: In function 'short unsigned int __ldlu(const short unsigned int*)':
/usr/local/cuda/include/sm_32_intrinsics.h:74:25: warning: no return statement in function returning non-void [-Wreturn-type]
   74 | #define __DEF_IF_HOST { }
      |                         ^
/usr/local/cuda/include/sm_32_intrinsics.h:248:76: note: in expansion of macro '__DEF_IF_HOST'
  248 | __SM_32_INTRINSICS_DECL__ unsigned short __ldlu(const unsigned short *ptr) __DEF_IF_HOST
      |                                                                            ^~~~~~~~~~~~~
/usr/local/cuda/include/sm_32_intrinsics.h: In function 'unsigned int __ldlu(const unsigned int*)':
/usr/local/cuda/include/sm_32_intrinsics.h:74:25: warning: no return statement in function returning non-void [-Wreturn-type]
   74 | #define __DEF_IF_HOST { }
      |                         ^
/usr/local/cuda/include/sm_32_intrinsics.h:249:72: note: in expansion of macro '__DEF_IF_HOST'
  249 | __SM_32_INTRINSICS_DECL__ unsigned int __ldlu(const unsigned int *ptr) __DEF_IF_HOST
      |                                                                        ^~~~~~~~~~~~~
/usr/local/cuda/include/sm_32_intrinsics.h: In function 'long long unsigned int __ldlu(const long long unsigned int*)':
/usr/local/cuda/include/sm_32_intrinsics.h:74:25: warning: no return statement in function returning non-void [-Wreturn-type]
   74 | #define __DEF_IF_HOST { }
      |                         ^
/usr/local/cuda/include/sm_32_intrinsics.h:250:84: note: in expansion of macro '__DEF_IF_HOST'
  250 | __SM_32_INTRINSICS_DECL__ unsigned long long __ldlu(const unsigned long long *ptr) __DEF_IF_HOST
      |                                                                                    ^~~~~~~~~~~~~
/usr/local/cuda/include/sm_32_intrinsics.h: In function 'uchar2 __ldlu(const uchar2*)':
/usr/local/cuda/include/sm_32_intrinsics.h:74:25: warning: no return statement in function returning non-void [-Wreturn-type]
   74 | #define __DEF_IF_HOST { }
      |                         ^
/usr/local/cuda/include/sm_32_intrinsics.h:251:60: note: in expansion of macro '__DEF_IF_HOST'
  251 | __SM_32_INTRINSICS_DECL__ uchar2 __ldlu(const uchar2 *ptr) __DEF_IF_HOST
      |                                                            ^~~~~~~~~~~~~
/usr/local/cuda/include/sm_32_intrinsics.h: In function 'uchar4 __ldlu(const uchar4*)':
/usr/local/cuda/include/sm_32_intrinsics.h:74:25: warning: no return statement in function returning non-void [-Wreturn-type]
   74 | #define __DEF_IF_HOST { }
      |                         ^
/usr/local/cuda/include/sm_32_intrinsics.h:252:60: note: in expansion of macro '__DEF_IF_HOST'
  252 | __SM_32_INTRINSICS_DECL__ uchar4 __ldlu(const uchar4 *ptr) __DEF_IF_HOST
      |                                                            ^~~~~~~~~~~~~
/usr/local/cuda/include/sm_32_intrinsics.h: In function 'ushort2 __ldlu(const ushort2*)':
/usr/local/cuda/include/sm_32_intrinsics.h:74:25: warning: no return statement in function returning non-void [-Wreturn-type]
   74 | #define __DEF_IF_HOST { }
      |                         ^
/usr/local/cuda/include/sm_32_intrinsics.h:253:62: note: in expansion of macro '__DEF_IF_HOST'
  253 | __SM_32_INTRINSICS_DECL__ ushort2 __ldlu(const ushort2 *ptr) __DEF_IF_HOST
      |                                                              ^~~~~~~~~~~~~
/usr/local/cuda/include/sm_32_intrinsics.h: In function 'ushort4 __ldlu(const ushort4*)':
/usr/local/cuda/include/sm_32_intrinsics.h:74:25: warning: no return statement in function returning non-void [-Wreturn-type]
   74 | #define __DEF_IF_HOST { }
      |                         ^
/usr/local/cuda/include/sm_32_intrinsics.h:254:62: note: in expansion of macro '__DEF_IF_HOST'
  254 | __SM_32_INTRINSICS_DECL__ ushort4 __ldlu(const ushort4 *ptr) __DEF_IF_HOST
      |                                                              ^~~~~~~~~~~~~
/usr/local/cuda/include/sm_32_intrinsics.h: In function 'uint2 __ldlu(const uint2*)':
/usr/local/cuda/include/sm_32_intrinsics.h:74:25: warning: no return statement in function returning non-void [-Wreturn-type]
   74 | #define __DEF_IF_HOST { }
      |                         ^
/usr/local/cuda/include/sm_32_intrinsics.h:255:58: note: in expansion of macro '__DEF_IF_HOST'
  255 | __SM_32_INTRINSICS_DECL__ uint2 __ldlu(const uint2 *ptr) __DEF_IF_HOST
      |                                                          ^~~~~~~~~~~~~
/usr/local/cuda/include/sm_32_intrinsics.h: In function 'uint4 __ldlu(const uint4*)':
/usr/local/cuda/include/sm_32_intrinsics.h:74:25: warning: no return statement in function returning non-void [-Wreturn-type]
   74 | #define __DEF_IF_HOST { }
      |                         ^
/usr/local/cuda/include/sm_32_intrinsics.h:256:58: note: in expansion of macro '__DEF_IF_HOST'
  256 | __SM_32_INTRINSICS_DECL__ uint4 __ldlu(const uint4 *ptr) __DEF_IF_HOST
      |                                                          ^~~~~~~~~~~~~
/usr/local/cuda/include/sm_32_intrinsics.h: In function 'ulonglong2 __ldlu(const ulonglong2*)':
/usr/local/cuda/include/sm_32_intrinsics.h:74:25: warning: no return statement in function returning non-void [-Wreturn-type]
   74 | #define __DEF_IF_HOST { }
      |                         ^
/usr/local/cuda/include/sm_32_intrinsics.h:257:68: note: in expansion of macro '__DEF_IF_HOST'
  257 | __SM_32_INTRINSICS_DECL__ ulonglong2 __ldlu(const ulonglong2 *ptr) __DEF_IF_HOST
      |                                                                    ^~~~~~~~~~~~~
/usr/local/cuda/include/sm_32_intrinsics.h: In function 'float __ldlu(const float*)':
/usr/local/cuda/include/sm_32_intrinsics.h:74:25: warning: no return statement in function returning non-void [-Wreturn-type]
   74 | #define __DEF_IF_HOST { }
      |                         ^
/usr/local/cuda/include/sm_32_intrinsics.h:259:58: note: in expansion of macro '__DEF_IF_HOST'
  259 | __SM_32_INTRINSICS_DECL__ float __ldlu(const float *ptr) __DEF_IF_HOST
      |                                                          ^~~~~~~~~~~~~
/usr/local/cuda/include/sm_32_intrinsics.h: In function 'double __ldlu(const double*)':
/usr/local/cuda/include/sm_32_intrinsics.h:74:25: warning: no return statement in function returning non-void [-Wreturn-type]
   74 | #define __DEF_IF_HOST { }
      |                         ^
/usr/local/cuda/include/sm_32_intrinsics.h:260:60: note: in expansion of macro '__DEF_IF_HOST'
  260 | __SM_32_INTRINSICS_DECL__ double __ldlu(const double *ptr) __DEF_IF_HOST
      |                                                            ^~~~~~~~~~~~~
/usr/local/cuda/include/sm_32_intrinsics.h: In function 'float2 __ldlu(const float2*)':
/usr/local/cuda/include/sm_32_intrinsics.h:74:25: warning: no return statement in function returning non-void [-Wreturn-type]
   74 | #define __DEF_IF_HOST { }
      |                         ^
/usr/local/cuda/include/sm_32_intrinsics.h:261:60: note: in expansion of macro '__DEF_IF_HOST'
  261 | __SM_32_INTRINSICS_DECL__ float2 __ldlu(const float2 *ptr) __DEF_IF_HOST
      |                                                            ^~~~~~~~~~~~~
/usr/local/cuda/include/sm_32_intrinsics.h: In function 'float4 __ldlu(const float4*)':
/usr/local/cuda/include/sm_32_intrinsics.h:74:25: warning: no return statement in function returning non-void [-Wreturn-type]
   74 | #define __DEF_IF_HOST { }
      |                         ^
/usr/local/cuda/include/sm_32_intrinsics.h:262:60: note: in expansion of macro '__DEF_IF_HOST'
  262 | __SM_32_INTRINSICS_DECL__ float4 __ldlu(const float4 *ptr) __DEF_IF_HOST
      |                                                            ^~~~~~~~~~~~~
/usr/local/cuda/include/sm_32_intrinsics.h: In function 'double2 __ldlu(const double2*)':
/usr/local/cuda/include/sm_32_intrinsics.h:74:25: warning: no return statement in function returning non-void [-Wreturn-type]
   74 | #define __DEF_IF_HOST { }
      |                         ^
/usr/local/cuda/include/sm_32_intrinsics.h:263:62: note: in expansion of macro '__DEF_IF_HOST'
  263 | __SM_32_INTRINSICS_DECL__ double2 __ldlu(const double2 *ptr) __DEF_IF_HOST
      |                                                              ^~~~~~~~~~~~~
/usr/local/cuda/include/sm_32_intrinsics.h: In function 'long int __ldcv(const long int*)':
/usr/local/cuda/include/sm_32_intrinsics.h:74:25: warning: no return statement in function returning non-void [-Wreturn-type]
   74 | #define __DEF_IF_HOST { }
      |                         ^
/usr/local/cuda/include/sm_32_intrinsics.h:267:56: note: in expansion of macro '__DEF_IF_HOST'
  267 | __SM_32_INTRINSICS_DECL__ long __ldcv(const long *ptr) __DEF_IF_HOST
      |                                                        ^~~~~~~~~~~~~
/usr/local/cuda/include/sm_32_intrinsics.h: In function 'long unsigned int __ldcv(const long unsigned int*)':
/usr/local/cuda/include/sm_32_intrinsics.h:74:25: warning: no return statement in function returning non-void [-Wreturn-type]
   74 | #define __DEF_IF_HOST { }
      |                         ^
/usr/local/cuda/include/sm_32_intrinsics.h:268:74: note: in expansion of macro '__DEF_IF_HOST'
  268 | __SM_32_INTRINSICS_DECL__ unsigned long __ldcv(const unsigned long *ptr) __DEF_IF_HOST
      |                                                                          ^~~~~~~~~~~~~
/usr/local/cuda/include/sm_32_intrinsics.h: In function 'char __ldcv(const char*)':
/usr/local/cuda/include/sm_32_intrinsics.h:74:25: warning: no return statement in function returning non-void [-Wreturn-type]
   74 | #define __DEF_IF_HOST { }
      |                         ^
/usr/local/cuda/include/sm_32_intrinsics.h:270:56: note: in expansion of macro '__DEF_IF_HOST'
  270 | __SM_32_INTRINSICS_DECL__ char __ldcv(const char *ptr) __DEF_IF_HOST
      |                                                        ^~~~~~~~~~~~~
/usr/local/cuda/include/sm_32_intrinsics.h: In function 'signed char __ldcv(const signed char*)':
/usr/local/cuda/include/sm_32_intrinsics.h:74:25: warning: no return statement in function returning non-void [-Wreturn-type]
   74 | #define __DEF_IF_HOST { }
      |                         ^
/usr/local/cuda/include/sm_32_intrinsics.h:271:70: note: in expansion of macro '__DEF_IF_HOST'
  271 | __SM_32_INTRINSICS_DECL__ signed char __ldcv(const signed char *ptr) __DEF_IF_HOST
      |                                                                      ^~~~~~~~~~~~~
/usr/local/cuda/include/sm_32_intrinsics.h: In function 'short int __ldcv(const short int*)':
/usr/local/cuda/include/sm_32_intrinsics.h:74:25: warning: no return statement in function returning non-void [-Wreturn-type]
   74 | #define __DEF_IF_HOST { }
      |                         ^
/usr/local/cuda/include/sm_32_intrinsics.h:272:58: note: in expansion of macro '__DEF_IF_HOST'
  272 | __SM_32_INTRINSICS_DECL__ short __ldcv(const short *ptr) __DEF_IF_HOST
      |                                                          ^~~~~~~~~~~~~
/usr/local/cuda/include/sm_32_intrinsics.h: In function 'int __ldcv(const int*)':
/usr/local/cuda/include/sm_32_intrinsics.h:74:25: warning: no return statement in function returning non-void [-Wreturn-type]
   74 | #define __DEF_IF_HOST { }
      |                         ^
/usr/local/cuda/include/sm_32_intrinsics.h:273:54: note: in expansion of macro '__DEF_IF_HOST'
  273 | __SM_32_INTRINSICS_DECL__ int __ldcv(const int *ptr) __DEF_IF_HOST
      |                                                      ^~~~~~~~~~~~~
/usr/local/cuda/include/sm_32_intrinsics.h: In function 'long long int __ldcv(const long long int*)':
/usr/local/cuda/include/sm_32_intrinsics.h:74:25: warning: no return statement in function returning non-void [-Wreturn-type]
   74 | #define __DEF_IF_HOST { }
      |                         ^
/usr/local/cuda/include/sm_32_intrinsics.h:274:66: note: in expansion of macro '__DEF_IF_HOST'
  274 | __SM_32_INTRINSICS_DECL__ long long __ldcv(const long long *ptr) __DEF_IF_HOST
      |                                                                  ^~~~~~~~~~~~~
/usr/local/cuda/include/sm_32_intrinsics.h: In function 'char2 __ldcv(const char2*)':
/usr/local/cuda/include/sm_32_intrinsics.h:74:25: warning: no return statement in function returning non-void [-Wreturn-type]
   74 | #define __DEF_IF_HOST { }
      |                         ^
/usr/local/cuda/include/sm_32_intrinsics.h:275:58: note: in expansion of macro '__DEF_IF_HOST'
  275 | __SM_32_INTRINSICS_DECL__ char2 __ldcv(const char2 *ptr) __DEF_IF_HOST
      |                                                          ^~~~~~~~~~~~~
/usr/local/cuda/include/sm_32_intrinsics.h: In function 'char4 __ldcv(const char4*)':
/usr/local/cuda/include/sm_32_intrinsics.h:74:25: warning: no return statement in function returning non-void [-Wreturn-type]
   74 | #define __DEF_IF_HOST { }
      |                         ^
/usr/local/cuda/include/sm_32_intrinsics.h:276:58: note: in expansion of macro '__DEF_IF_HOST'
  276 | __SM_32_INTRINSICS_DECL__ char4 __ldcv(const char4 *ptr) __DEF_IF_HOST
      |                                                          ^~~~~~~~~~~~~
/usr/local/cuda/include/sm_32_intrinsics.h: In function 'short2 __ldcv(const short2*)':
/usr/local/cuda/include/sm_32_intrinsics.h:74:25: warning: no return statement in function returning non-void [-Wreturn-type]
   74 | #define __DEF_IF_HOST { }
      |                         ^
/usr/local/cuda/include/sm_32_intrinsics.h:277:60: note: in expansion of macro '__DEF_IF_HOST'
  277 | __SM_32_INTRINSICS_DECL__ short2 __ldcv(const short2 *ptr) __DEF_IF_HOST
      |                                                            ^~~~~~~~~~~~~
/usr/local/cuda/include/sm_32_intrinsics.h: In function 'short4 __ldcv(const short4*)':
/usr/local/cuda/include/sm_32_intrinsics.h:74:25: warning: no return statement in function returning non-void [-Wreturn-type]
   74 | #define __DEF_IF_HOST { }
      |                         ^
/usr/local/cuda/include/sm_32_intrinsics.h:278:60: note: in expansion of macro '__DEF_IF_HOST'
  278 | __SM_32_INTRINSICS_DECL__ short4 __ldcv(const short4 *ptr) __DEF_IF_HOST
      |                                                            ^~~~~~~~~~~~~
/usr/local/cuda/include/sm_32_intrinsics.h: In function 'int2 __ldcv(const int2*)':
/usr/local/cuda/include/sm_32_intrinsics.h:74:25: warning: no return statement in function returning non-void [-Wreturn-type]
   74 | #define __DEF_IF_HOST { }
      |                         ^
/usr/local/cuda/include/sm_32_intrinsics.h:279:56: note: in expansion of macro '__DEF_IF_HOST'
  279 | __SM_32_INTRINSICS_DECL__ int2 __ldcv(const int2 *ptr) __DEF_IF_HOST
      |                                                        ^~~~~~~~~~~~~
/usr/local/cuda/include/sm_32_intrinsics.h: In function 'int4 __ldcv(const int4*)':
/usr/local/cuda/include/sm_32_intrinsics.h:74:25: warning: no return statement in function returning non-void [-Wreturn-type]
   74 | #define __DEF_IF_HOST { }
      |                         ^
/usr/local/cuda/include/sm_32_intrinsics.h:280:56: note: in expansion of macro '__DEF_IF_HOST'
  280 | __SM_32_INTRINSICS_DECL__ int4 __ldcv(const int4 *ptr) __DEF_IF_HOST
      |                                                        ^~~~~~~~~~~~~
/usr/local/cuda/include/sm_32_intrinsics.h: In function 'longlong2 __ldcv(const longlong2*)':
/usr/local/cuda/include/sm_32_intrinsics.h:74:25: warning: no return statement in function returning non-void [-Wreturn-type]
   74 | #define __DEF_IF_HOST { }
      |                         ^
/usr/local/cuda/include/sm_32_intrinsics.h:281:66: note: in expansion of macro '__DEF_IF_HOST'
  281 | __SM_32_INTRINSICS_DECL__ longlong2 __ldcv(const longlong2 *ptr) __DEF_IF_HOST
      |                                                                  ^~~~~~~~~~~~~
/usr/local/cuda/include/sm_32_intrinsics.h: In function 'unsigned char __ldcv(const unsigned char*)':
/usr/local/cuda/include/sm_32_intrinsics.h:74:25: warning: no return statement in function returning non-void [-Wreturn-type]
   74 | #define __DEF_IF_HOST { }
      |                         ^
/usr/local/cuda/include/sm_32_intrinsics.h:283:74: note: in expansion of macro '__DEF_IF_HOST'
  283 | __SM_32_INTRINSICS_DECL__ unsigned char __ldcv(const unsigned char *ptr) __DEF_IF_HOST
      |                                                                          ^~~~~~~~~~~~~
/usr/local/cuda/include/sm_32_intrinsics.h: In function 'short unsigned int __ldcv(const short unsigned int*)':
/usr/local/cuda/include/sm_32_intrinsics.h:74:25: warning: no return statement in function returning non-void [-Wreturn-type]
   74 | #define __DEF_IF_HOST { }
      |                         ^
/usr/local/cuda/include/sm_32_intrinsics.h:284:76: note: in expansion of macro '__DEF_IF_HOST'
  284 | __SM_32_INTRINSICS_DECL__ unsigned short __ldcv(const unsigned short *ptr) __DEF_IF_HOST
      |                                                                            ^~~~~~~~~~~~~
/usr/local/cuda/include/sm_32_intrinsics.h: In function 'unsigned int __ldcv(const unsigned int*)':
/usr/local/cuda/include/sm_32_intrinsics.h:74:25: warning: no return statement in function returning non-void [-Wreturn-type]
   74 | #define __DEF_IF_HOST { }
      |                         ^
/usr/local/cuda/include/sm_32_intrinsics.h:285:72: note: in expansion of macro '__DEF_IF_HOST'
  285 | __SM_32_INTRINSICS_DECL__ unsigned int __ldcv(const unsigned int *ptr) __DEF_IF_HOST
      |                                                                        ^~~~~~~~~~~~~
/usr/local/cuda/include/sm_32_intrinsics.h: In function 'long long unsigned int __ldcv(const long long unsigned int*)':
/usr/local/cuda/include/sm_32_intrinsics.h:74:25: warning: no return statement in function returning non-void [-Wreturn-type]
   74 | #define __DEF_IF_HOST { }
      |                         ^
/usr/local/cuda/include/sm_32_intrinsics.h:286:84: note: in expansion of macro '__DEF_IF_HOST'
  286 | __SM_32_INTRINSICS_DECL__ unsigned long long __ldcv(const unsigned long long *ptr) __DEF_IF_HOST
      |                                                                                    ^~~~~~~~~~~~~
/usr/local/cuda/include/sm_32_intrinsics.h: In function 'uchar2 __ldcv(const uchar2*)':
/usr/local/cuda/include/sm_32_intrinsics.h:74:25: warning: no return statement in function returning non-void [-Wreturn-type]
   74 | #define __DEF_IF_HOST { }
      |                         ^
/usr/local/cuda/include/sm_32_intrinsics.h:287:60: note: in expansion of macro '__DEF_IF_HOST'
  287 | __SM_32_INTRINSICS_DECL__ uchar2 __ldcv(const uchar2 *ptr) __DEF_IF_HOST
      |                                                            ^~~~~~~~~~~~~
/usr/local/cuda/include/sm_32_intrinsics.h: In function 'uchar4 __ldcv(const uchar4*)':
/usr/local/cuda/include/sm_32_intrinsics.h:74:25: warning: no return statement in function returning non-void [-Wreturn-type]
   74 | #define __DEF_IF_HOST { }
      |                         ^
/usr/local/cuda/include/sm_32_intrinsics.h:288:60: note: in expansion of macro '__DEF_IF_HOST'
  288 | __SM_32_INTRINSICS_DECL__ uchar4 __ldcv(const uchar4 *ptr) __DEF_IF_HOST
      |                                                            ^~~~~~~~~~~~~
/usr/local/cuda/include/sm_32_intrinsics.h: In function 'ushort2 __ldcv(const ushort2*)':
/usr/local/cuda/include/sm_32_intrinsics.h:74:25: warning: no return statement in function returning non-void [-Wreturn-type]
   74 | #define __DEF_IF_HOST { }
      |                         ^
/usr/local/cuda/include/sm_32_intrinsics.h:289:62: note: in expansion of macro '__DEF_IF_HOST'
  289 | __SM_32_INTRINSICS_DECL__ ushort2 __ldcv(const ushort2 *ptr) __DEF_IF_HOST
      |                                                              ^~~~~~~~~~~~~
/usr/local/cuda/include/sm_32_intrinsics.h: In function 'ushort4 __ldcv(const ushort4*)':
/usr/local/cuda/include/sm_32_intrinsics.h:74:25: warning: no return statement in function returning non-void [-Wreturn-type]
   74 | #define __DEF_IF_HOST { }
      |                         ^
/usr/local/cuda/include/sm_32_intrinsics.h:290:62: note: in expansion of macro '__DEF_IF_HOST'
  290 | __SM_32_INTRINSICS_DECL__ ushort4 __ldcv(const ushort4 *ptr) __DEF_IF_HOST
      |                                                              ^~~~~~~~~~~~~
/usr/local/cuda/include/sm_32_intrinsics.h: In function 'uint2 __ldcv(const uint2*)':
/usr/local/cuda/include/sm_32_intrinsics.h:74:25: warning: no return statement in function returning non-void [-Wreturn-type]
   74 | #define __DEF_IF_HOST { }
      |                         ^
/usr/local/cuda/include/sm_32_intrinsics.h:291:58: note: in expansion of macro '__DEF_IF_HOST'
  291 | __SM_32_INTRINSICS_DECL__ uint2 __ldcv(const uint2 *ptr) __DEF_IF_HOST
      |                                                          ^~~~~~~~~~~~~
/usr/local/cuda/include/sm_32_intrinsics.h: In function 'uint4 __ldcv(const uint4*)':
/usr/local/cuda/include/sm_32_intrinsics.h:74:25: warning: no return statement in function returning non-void [-Wreturn-type]
   74 | #define __DEF_IF_HOST { }
      |                         ^
/usr/local/cuda/include/sm_32_intrinsics.h:292:58: note: in expansion of macro '__DEF_IF_HOST'
  292 | __SM_32_INTRINSICS_DECL__ uint4 __ldcv(const uint4 *ptr) __DEF_IF_HOST
      |                                                          ^~~~~~~~~~~~~
/usr/local/cuda/include/sm_32_intrinsics.h: In function 'ulonglong2 __ldcv(const ulonglong2*)':
/usr/local/cuda/include/sm_32_intrinsics.h:74:25: warning: no return statement in function returning non-void [-Wreturn-type]
   74 | #define __DEF_IF_HOST { }
      |                         ^
/usr/local/cuda/include/sm_32_intrinsics.h:293:68: note: in expansion of macro '__DEF_IF_HOST'
  293 | __SM_32_INTRINSICS_DECL__ ulonglong2 __ldcv(const ulonglong2 *ptr) __DEF_IF_HOST
      |                                                                    ^~~~~~~~~~~~~
/usr/local/cuda/include/sm_32_intrinsics.h: In function 'float __ldcv(const float*)':
/usr/local/cuda/include/sm_32_intrinsics.h:74:25: warning: no return statement in function returning non-void [-Wreturn-type]
   74 | #define __DEF_IF_HOST { }
      |                         ^
/usr/local/cuda/include/sm_32_intrinsics.h:295:58: note: in expansion of macro '__DEF_IF_HOST'
  295 | __SM_32_INTRINSICS_DECL__ float __ldcv(const float *ptr) __DEF_IF_HOST
      |                                                          ^~~~~~~~~~~~~
/usr/local/cuda/include/sm_32_intrinsics.h: In function 'double __ldcv(const double*)':
/usr/local/cuda/include/sm_32_intrinsics.h:74:25: warning: no return statement in function returning non-void [-Wreturn-type]
   74 | #define __DEF_IF_HOST { }
      |                         ^
/usr/local/cuda/include/sm_32_intrinsics.h:296:60: note: in expansion of macro '__DEF_IF_HOST'
  296 | __SM_32_INTRINSICS_DECL__ double __ldcv(const double *ptr) __DEF_IF_HOST
      |                                                            ^~~~~~~~~~~~~
/usr/local/cuda/include/sm_32_intrinsics.h: In function 'float2 __ldcv(const float2*)':
/usr/local/cuda/include/sm_32_intrinsics.h:74:25: warning: no return statement in function returning non-void [-Wreturn-type]
   74 | #define __DEF_IF_HOST { }
      |                         ^
/usr/local/cuda/include/sm_32_intrinsics.h:297:60: note: in expansion of macro '__DEF_IF_HOST'
  297 | __SM_32_INTRINSICS_DECL__ float2 __ldcv(const float2 *ptr) __DEF_IF_HOST
      |                                                            ^~~~~~~~~~~~~
/usr/local/cuda/include/sm_32_intrinsics.h: In function 'float4 __ldcv(const float4*)':
/usr/local/cuda/include/sm_32_intrinsics.h:74:25: warning: no return statement in function returning non-void [-Wreturn-type]
   74 | #define __DEF_IF_HOST { }
      |                         ^
/usr/local/cuda/include/sm_32_intrinsics.h:298:60: note: in expansion of macro '__DEF_IF_HOST'
  298 | __SM_32_INTRINSICS_DECL__ float4 __ldcv(const float4 *ptr) __DEF_IF_HOST
      |                                                            ^~~~~~~~~~~~~
/usr/local/cuda/include/sm_32_intrinsics.h: In function 'double2 __ldcv(const double2*)':
/usr/local/cuda/include/sm_32_intrinsics.h:74:25: warning: no return statement in function returning non-void [-Wreturn-type]
   74 | #define __DEF_IF_HOST { }
      |                         ^
/usr/local/cuda/include/sm_32_intrinsics.h:299:62: note: in expansion of macro '__DEF_IF_HOST'
  299 | __SM_32_INTRINSICS_DECL__ double2 __ldcv(const double2 *ptr) __DEF_IF_HOST
      |                                                              ^~~~~~~~~~~~~
/usr/local/cuda/include/sm_32_intrinsics.h: In function 'unsigned int __funnelshift_l(unsigned int, unsigned int, unsigned int)':
/usr/local/cuda/include/sm_32_intrinsics.h:74:25: warning: no return statement in function returning non-void [-Wreturn-type]
   74 | #define __DEF_IF_HOST { }
      |                         ^
/usr/local/cuda/include/sm_32_intrinsics.h:460:110: note: in expansion of macro '__DEF_IF_HOST'
  460 | __SM_32_INTRINSICS_DECL__ unsigned int __funnelshift_l(unsigned int lo, unsigned int hi, unsigned int shift) __DEF_IF_HOST
      |                                                                                                              ^~~~~~~~~~~~~
/usr/local/cuda/include/sm_32_intrinsics.h: In function 'unsigned int __funnelshift_lc(unsigned int, unsigned int, unsigned int)':
/usr/local/cuda/include/sm_32_intrinsics.h:74:25: warning: no return statement in function returning non-void [-Wreturn-type]
   74 | #define __DEF_IF_HOST { }
      |                         ^
/usr/local/cuda/include/sm_32_intrinsics.h:472:111: note: in expansion of macro '__DEF_IF_HOST'
  472 | __SM_32_INTRINSICS_DECL__ unsigned int __funnelshift_lc(unsigned int lo, unsigned int hi, unsigned int shift) __DEF_IF_HOST
      |                                                                                                               ^~~~~~~~~~~~~
/usr/local/cuda/include/sm_32_intrinsics.h: In function 'unsigned int __funnelshift_r(unsigned int, unsigned int, unsigned int)':
/usr/local/cuda/include/sm_32_intrinsics.h:74:25: warning: no return statement in function returning non-void [-Wreturn-type]
   74 | #define __DEF_IF_HOST { }
      |                         ^
/usr/local/cuda/include/sm_32_intrinsics.h:485:110: note: in expansion of macro '__DEF_IF_HOST'
  485 | __SM_32_INTRINSICS_DECL__ unsigned int __funnelshift_r(unsigned int lo, unsigned int hi, unsigned int shift) __DEF_IF_HOST
      |                                                                                                              ^~~~~~~~~~~~~
/usr/local/cuda/include/sm_32_intrinsics.h: In function 'unsigned int __funnelshift_rc(unsigned int, unsigned int, unsigned int)':
/usr/local/cuda/include/sm_32_intrinsics.h:74:25: warning: no return statement in function returning non-void [-Wreturn-type]
   74 | #define __DEF_IF_HOST { }
      |                         ^
/usr/local/cuda/include/sm_32_intrinsics.h:497:111: note: in expansion of macro '__DEF_IF_HOST'
  497 | __SM_32_INTRINSICS_DECL__ unsigned int __funnelshift_rc(unsigned int lo, unsigned int hi, unsigned int shift) __DEF_IF_HOST
      |                                                                                                               ^~~~~~~~~~~~~
In file included from /usr/local/cuda/include/crt/device_functions.h:3625,
                 from /home/GVirtuS/GVirtuS/plugins/cudart/backend/CudaRtHandler.h:71,
                 from /home/GVirtuS/GVirtuS/plugins/cudart/backend/CudaRtHandler_occupancy.cpp:26:
/usr/local/cuda/include/sm_61_intrinsics.h: In function 'int __dp2a_lo(int, int, int)':
/usr/local/cuda/include/sm_61_intrinsics.h:72:25: warning: no return statement in function returning non-void [-Wreturn-type]
   72 | #define __DEF_IF_HOST { }
      |                         ^
/usr/local/cuda/include/sm_61_intrinsics.h:99:68: note: in expansion of macro '__DEF_IF_HOST'
   99 | __SM_61_INTRINSICS_DECL__ int __dp2a_lo(int srcA, int srcB, int c) __DEF_IF_HOST
      |                                                                    ^~~~~~~~~~~~~
/usr/local/cuda/include/sm_61_intrinsics.h: In function 'unsigned int __dp2a_lo(unsigned int, unsigned int, unsigned int)':
/usr/local/cuda/include/sm_61_intrinsics.h:72:25: warning: no return statement in function returning non-void [-Wreturn-type]
   72 | #define __DEF_IF_HOST { }
      |                         ^
/usr/local/cuda/include/sm_61_intrinsics.h:110:104: note: in expansion of macro '__DEF_IF_HOST'
  110 | __SM_61_INTRINSICS_DECL__ unsigned int __dp2a_lo(unsigned int srcA, unsigned int srcB, unsigned int c) __DEF_IF_HOST
      |                                                                                                        ^~~~~~~~~~~~~
/usr/local/cuda/include/sm_61_intrinsics.h: In function 'int __dp2a_lo(short2, char4, int)':
/usr/local/cuda/include/sm_61_intrinsics.h:72:25: warning: no return statement in function returning non-void [-Wreturn-type]
   72 | #define __DEF_IF_HOST { }
      |                         ^
/usr/local/cuda/include/sm_61_intrinsics.h:122:73: note: in expansion of macro '__DEF_IF_HOST'
  122 | __SM_61_INTRINSICS_DECL__ int __dp2a_lo(short2 srcA, char4 srcB, int c) __DEF_IF_HOST
      |                                                                         ^~~~~~~~~~~~~
/usr/local/cuda/include/sm_61_intrinsics.h: In function 'unsigned int __dp2a_lo(ushort2, uchar4, unsigned int)':
/usr/local/cuda/include/sm_61_intrinsics.h:72:25: warning: no return statement in function returning non-void [-Wreturn-type]
   72 | #define __DEF_IF_HOST { }
      |                         ^
/usr/local/cuda/include/sm_61_intrinsics.h:133:93: note: in expansion of macro '__DEF_IF_HOST'
  133 | __SM_61_INTRINSICS_DECL__ unsigned int __dp2a_lo(ushort2 srcA, uchar4 srcB, unsigned int c) __DEF_IF_HOST
      |                                                                                             ^~~~~~~~~~~~~
/usr/local/cuda/include/sm_61_intrinsics.h: In function 'int __dp2a_hi(int, int, int)':
/usr/local/cuda/include/sm_61_intrinsics.h:72:25: warning: no return statement in function returning non-void [-Wreturn-type]
   72 | #define __DEF_IF_HOST { }
      |                         ^
/usr/local/cuda/include/sm_61_intrinsics.h:145:68: note: in expansion of macro '__DEF_IF_HOST'
  145 | __SM_61_INTRINSICS_DECL__ int __dp2a_hi(int srcA, int srcB, int c) __DEF_IF_HOST
      |                                                                    ^~~~~~~~~~~~~
/usr/local/cuda/include/sm_61_intrinsics.h: In function 'unsigned int __dp2a_hi(unsigned int, unsigned int, unsigned int)':
/usr/local/cuda/include/sm_61_intrinsics.h:72:25: warning: no return statement in function returning non-void [-Wreturn-type]
   72 | #define __DEF_IF_HOST { }
      |                         ^
/usr/local/cuda/include/sm_61_intrinsics.h:156:104: note: in expansion of macro '__DEF_IF_HOST'
  156 | __SM_61_INTRINSICS_DECL__ unsigned int __dp2a_hi(unsigned int srcA, unsigned int srcB, unsigned int c) __DEF_IF_HOST
      |                                                                                                        ^~~~~~~~~~~~~
/usr/local/cuda/include/sm_61_intrinsics.h: In function 'int __dp2a_hi(short2, char4, int)':
/usr/local/cuda/include/sm_61_intrinsics.h:72:25: warning: no return statement in function returning non-void [-Wreturn-type]
   72 | #define __DEF_IF_HOST { }
      |                         ^
/usr/local/cuda/include/sm_61_intrinsics.h:168:73: note: in expansion of macro '__DEF_IF_HOST'
  168 | __SM_61_INTRINSICS_DECL__ int __dp2a_hi(short2 srcA, char4 srcB, int c) __DEF_IF_HOST
      |                                                                         ^~~~~~~~~~~~~
/usr/local/cuda/include/sm_61_intrinsics.h: In function 'unsigned int __dp2a_hi(ushort2, uchar4, unsigned int)':
/usr/local/cuda/include/sm_61_intrinsics.h:72:25: warning: no return statement in function returning non-void [-Wreturn-type]
   72 | #define __DEF_IF_HOST { }
      |                         ^
/usr/local/cuda/include/sm_61_intrinsics.h:179:93: note: in expansion of macro '__DEF_IF_HOST'
  179 | __SM_61_INTRINSICS_DECL__ unsigned int __dp2a_hi(ushort2 srcA, uchar4 srcB, unsigned int c) __DEF_IF_HOST
      |                                                                                             ^~~~~~~~~~~~~
/usr/local/cuda/include/sm_61_intrinsics.h: In function 'int __dp4a(int, int, int)':
/usr/local/cuda/include/sm_61_intrinsics.h:72:25: warning: no return statement in function returning non-void [-Wreturn-type]
   72 | #define __DEF_IF_HOST { }
      |                         ^
/usr/local/cuda/include/sm_61_intrinsics.h:194:65: note: in expansion of macro '__DEF_IF_HOST'
  194 | __SM_61_INTRINSICS_DECL__ int __dp4a(int srcA, int srcB, int c) __DEF_IF_HOST
      |                                                                 ^~~~~~~~~~~~~
/usr/local/cuda/include/sm_61_intrinsics.h: In function 'unsigned int __dp4a(unsigned int, unsigned int, unsigned int)':
/usr/local/cuda/include/sm_61_intrinsics.h:72:25: warning: no return statement in function returning non-void [-Wreturn-type]
   72 | #define __DEF_IF_HOST { }
      |                         ^
/usr/local/cuda/include/sm_61_intrinsics.h:203:101: note: in expansion of macro '__DEF_IF_HOST'
  203 | __SM_61_INTRINSICS_DECL__ unsigned int __dp4a(unsigned int srcA, unsigned int srcB, unsigned int c) __DEF_IF_HOST
      |                                                                                                     ^~~~~~~~~~~~~
/usr/local/cuda/include/sm_61_intrinsics.h: In function 'int __dp4a(char4, char4, int)':
/usr/local/cuda/include/sm_61_intrinsics.h:72:25: warning: no return statement in function returning non-void [-Wreturn-type]
   72 | #define __DEF_IF_HOST { }
      |                         ^
/usr/local/cuda/include/sm_61_intrinsics.h:213:69: note: in expansion of macro '__DEF_IF_HOST'
  213 | __SM_61_INTRINSICS_DECL__ int __dp4a(char4 srcA, char4 srcB, int c) __DEF_IF_HOST
      |                                                                     ^~~~~~~~~~~~~
/usr/local/cuda/include/sm_61_intrinsics.h: In function 'unsigned int __dp4a(uchar4, uchar4, unsigned int)':
/usr/local/cuda/include/sm_61_intrinsics.h:72:25: warning: no return statement in function returning non-void [-Wreturn-type]
   72 | #define __DEF_IF_HOST { }
      |                         ^
/usr/local/cuda/include/sm_61_intrinsics.h:222:89: note: in expansion of macro '__DEF_IF_HOST'
  222 | __SM_61_INTRINSICS_DECL__ unsigned int __dp4a(uchar4 srcA, uchar4 srcB, unsigned int c) __DEF_IF_HOST
      |                                                                                         ^~~~~~~~~~~~~
In file included from /usr/local/cuda/include/crt/device_functions.h:3626,
                 from /home/GVirtuS/GVirtuS/plugins/cudart/backend/CudaRtHandler.h:71,
                 from /home/GVirtuS/GVirtuS/plugins/cudart/backend/CudaRtHandler_occupancy.cpp:26:
/usr/local/cuda/include/crt/sm_70_rt.h: In function 'unsigned int __match_any_sync(unsigned int, unsigned int)':
/usr/local/cuda/include/crt/sm_70_rt.h:84:25: warning: no return statement in function returning non-void [-Wreturn-type]
   84 | #define __DEF_IF_HOST { }
      |                         ^
/usr/local/cuda/include/crt/sm_70_rt.h:93:80: note: in expansion of macro '__DEF_IF_HOST'
   93 | __SM_70_RT_DECL__ unsigned int __match_any_sync(unsigned mask, unsigned value) __DEF_IF_HOST
      |                                                                                ^~~~~~~~~~~~~
/usr/local/cuda/include/crt/sm_70_rt.h: In function 'unsigned int __match_any_sync(unsigned int, int)':
/usr/local/cuda/include/crt/sm_70_rt.h:84:25: warning: no return statement in function returning non-void [-Wreturn-type]
   84 | #define __DEF_IF_HOST { }
      |                         ^
/usr/local/cuda/include/crt/sm_70_rt.h:94:75: note: in expansion of macro '__DEF_IF_HOST'
   94 | __SM_70_RT_DECL__ unsigned int __match_any_sync(unsigned mask, int value) __DEF_IF_HOST
      |                                                                           ^~~~~~~~~~~~~
/usr/local/cuda/include/crt/sm_70_rt.h: In function 'unsigned int __match_any_sync(unsigned int, long unsigned int)':
/usr/local/cuda/include/crt/sm_70_rt.h:84:25: warning: no return statement in function returning non-void [-Wreturn-type]
   84 | #define __DEF_IF_HOST { }
      |                         ^
/usr/local/cuda/include/crt/sm_70_rt.h:95:85: note: in expansion of macro '__DEF_IF_HOST'
   95 | __SM_70_RT_DECL__ unsigned int __match_any_sync(unsigned mask, unsigned long value) __DEF_IF_HOST
      |                                                                                     ^~~~~~~~~~~~~
/usr/local/cuda/include/crt/sm_70_rt.h: In function 'unsigned int __match_any_sync(unsigned int, long int)':
/usr/local/cuda/include/crt/sm_70_rt.h:84:25: warning: no return statement in function returning non-void [-Wreturn-type]
   84 | #define __DEF_IF_HOST { }
      |                         ^
/usr/local/cuda/include/crt/sm_70_rt.h:96:76: note: in expansion of macro '__DEF_IF_HOST'
   96 | __SM_70_RT_DECL__ unsigned int __match_any_sync(unsigned mask, long value) __DEF_IF_HOST
      |                                                                            ^~~~~~~~~~~~~
/usr/local/cuda/include/crt/sm_70_rt.h: In function 'unsigned int __match_any_sync(unsigned int, long long unsigned int)':
/usr/local/cuda/include/crt/sm_70_rt.h:84:25: warning: no return statement in function returning non-void [-Wreturn-type]
   84 | #define __DEF_IF_HOST { }
      |                         ^
/usr/local/cuda/include/crt/sm_70_rt.h:97:90: note: in expansion of macro '__DEF_IF_HOST'
   97 | __SM_70_RT_DECL__ unsigned int __match_any_sync(unsigned mask, unsigned long long value) __DEF_IF_HOST
      |                                                                                          ^~~~~~~~~~~~~
/usr/local/cuda/include/crt/sm_70_rt.h: In function 'unsigned int __match_any_sync(unsigned int, long long int)':
/usr/local/cuda/include/crt/sm_70_rt.h:84:25: warning: no return statement in function returning non-void [-Wreturn-type]
   84 | #define __DEF_IF_HOST { }
      |                         ^
/usr/local/cuda/include/crt/sm_70_rt.h:98:81: note: in expansion of macro '__DEF_IF_HOST'
   98 | __SM_70_RT_DECL__ unsigned int __match_any_sync(unsigned mask, long long value) __DEF_IF_HOST
      |                                                                                 ^~~~~~~~~~~~~
/usr/local/cuda/include/crt/sm_70_rt.h: In function 'unsigned int __match_any_sync(unsigned int, float)':
/usr/local/cuda/include/crt/sm_70_rt.h:84:25: warning: no return statement in function returning non-void [-Wreturn-type]
   84 | #define __DEF_IF_HOST { }
      |                         ^
/usr/local/cuda/include/crt/sm_70_rt.h:99:77: note: in expansion of macro '__DEF_IF_HOST'
   99 | __SM_70_RT_DECL__ unsigned int __match_any_sync(unsigned mask, float value) __DEF_IF_HOST
      |                                                                             ^~~~~~~~~~~~~
/usr/local/cuda/include/crt/sm_70_rt.h: In function 'unsigned int __match_any_sync(unsigned int, double)':
/usr/local/cuda/include/crt/sm_70_rt.h:84:25: warning: no return statement in function returning non-void [-Wreturn-type]
   84 | #define __DEF_IF_HOST { }
      |                         ^
/usr/local/cuda/include/crt/sm_70_rt.h:100:78: note: in expansion of macro '__DEF_IF_HOST'
  100 | __SM_70_RT_DECL__ unsigned int __match_any_sync(unsigned mask, double value) __DEF_IF_HOST
      |                                                                              ^~~~~~~~~~~~~
/usr/local/cuda/include/crt/sm_70_rt.h: In function 'unsigned int __match_all_sync(unsigned int, unsigned int, int*)':
/usr/local/cuda/include/crt/sm_70_rt.h:84:25: warning: no return statement in function returning non-void [-Wreturn-type]
   84 | #define __DEF_IF_HOST { }
      |                         ^
/usr/local/cuda/include/crt/sm_70_rt.h:102:91: note: in expansion of macro '__DEF_IF_HOST'
  102 | __SM_70_RT_DECL__ unsigned int __match_all_sync(unsigned mask, unsigned value, int *pred) __DEF_IF_HOST
      |                                                                                           ^~~~~~~~~~~~~
/usr/local/cuda/include/crt/sm_70_rt.h: In function 'unsigned int __match_all_sync(unsigned int, int, int*)':
/usr/local/cuda/include/crt/sm_70_rt.h:84:25: warning: no return statement in function returning non-void [-Wreturn-type]
   84 | #define __DEF_IF_HOST { }
      |                         ^
/usr/local/cuda/include/crt/sm_70_rt.h:103:86: note: in expansion of macro '__DEF_IF_HOST'
  103 | __SM_70_RT_DECL__ unsigned int __match_all_sync(unsigned mask, int value, int *pred) __DEF_IF_HOST
      |                                                                                      ^~~~~~~~~~~~~
/usr/local/cuda/include/crt/sm_70_rt.h: In function 'unsigned int __match_all_sync(unsigned int, long unsigned int, int*)':
/usr/local/cuda/include/crt/sm_70_rt.h:84:25: warning: no return statement in function returning non-void [-Wreturn-type]
   84 | #define __DEF_IF_HOST { }
      |                         ^
/usr/local/cuda/include/crt/sm_70_rt.h:104:96: note: in expansion of macro '__DEF_IF_HOST'
  104 | __SM_70_RT_DECL__ unsigned int __match_all_sync(unsigned mask, unsigned long value, int *pred) __DEF_IF_HOST
      |                                                                                                ^~~~~~~~~~~~~
/usr/local/cuda/include/crt/sm_70_rt.h: In function 'unsigned int __match_all_sync(unsigned int, long int, int*)':
/usr/local/cuda/include/crt/sm_70_rt.h:84:25: warning: no return statement in function returning non-void [-Wreturn-type]
   84 | #define __DEF_IF_HOST { }
      |                         ^
/usr/local/cuda/include/crt/sm_70_rt.h:105:87: note: in expansion of macro '__DEF_IF_HOST'
  105 | __SM_70_RT_DECL__ unsigned int __match_all_sync(unsigned mask, long value, int *pred) __DEF_IF_HOST
      |                                                                                       ^~~~~~~~~~~~~
/usr/local/cuda/include/crt/sm_70_rt.h: In function 'unsigned int __match_all_sync(unsigned int, long long unsigned int, int*)':
/usr/local/cuda/include/crt/sm_70_rt.h:84:25: warning: no return statement in function returning non-void [-Wreturn-type]
   84 | #define __DEF_IF_HOST { }
      |                         ^
/usr/local/cuda/include/crt/sm_70_rt.h:106:101: note: in expansion of macro '__DEF_IF_HOST'
  106 | __SM_70_RT_DECL__ unsigned int __match_all_sync(unsigned mask, unsigned long long value, int *pred) __DEF_IF_HOST
      |                                                                                                     ^~~~~~~~~~~~~
/usr/local/cuda/include/crt/sm_70_rt.h: In function 'unsigned int __match_all_sync(unsigned int, long long int, int*)':
/usr/local/cuda/include/crt/sm_70_rt.h:84:25: warning: no return statement in function returning non-void [-Wreturn-type]
   84 | #define __DEF_IF_HOST { }
      |                         ^
/usr/local/cuda/include/crt/sm_70_rt.h:107:92: note: in expansion of macro '__DEF_IF_HOST'
  107 | __SM_70_RT_DECL__ unsigned int __match_all_sync(unsigned mask, long long value, int *pred) __DEF_IF_HOST
      |                                                                                            ^~~~~~~~~~~~~
/usr/local/cuda/include/crt/sm_70_rt.h: In function 'unsigned int __match_all_sync(unsigned int, float, int*)':
/usr/local/cuda/include/crt/sm_70_rt.h:84:25: warning: no return statement in function returning non-void [-Wreturn-type]
   84 | #define __DEF_IF_HOST { }
      |                         ^
/usr/local/cuda/include/crt/sm_70_rt.h:108:88: note: in expansion of macro '__DEF_IF_HOST'
  108 | __SM_70_RT_DECL__ unsigned int __match_all_sync(unsigned mask, float value, int *pred) __DEF_IF_HOST
      |                                                                                        ^~~~~~~~~~~~~
/usr/local/cuda/include/crt/sm_70_rt.h: In function 'unsigned int __match_all_sync(unsigned int, double, int*)':
/usr/local/cuda/include/crt/sm_70_rt.h:84:25: warning: no return statement in function returning non-void [-Wreturn-type]
   84 | #define __DEF_IF_HOST { }
      |                         ^
/usr/local/cuda/include/crt/sm_70_rt.h:109:89: note: in expansion of macro '__DEF_IF_HOST'
  109 | __SM_70_RT_DECL__ unsigned int __match_all_sync(unsigned mask, double value, int *pred) __DEF_IF_HOST
      |                                                                                         ^~~~~~~~~~~~~
/usr/local/cuda/include/crt/sm_70_rt.h: In function 'short unsigned int atomicCAS(short unsigned int*, short unsigned int, short unsigned int)':
/usr/local/cuda/include/crt/sm_70_rt.h:84:25: warning: no return statement in function returning non-void [-Wreturn-type]
   84 | #define __DEF_IF_HOST { }
      |                         ^
/usr/local/cuda/include/crt/sm_70_rt.h:113:129: note: in expansion of macro '__DEF_IF_HOST'
  113 | __SM_70_RT_DECL__ unsigned short int atomicCAS(unsigned short int *address, unsigned short int compare, unsigned short int val) __DEF_IF_HOST
      |                                                                                                                                 ^~~~~~~~~~~~~
In file included from /usr/local/cuda/include/crt/device_functions.h:3627,
                 from /home/GVirtuS/GVirtuS/plugins/cudart/backend/CudaRtHandler.h:71,
                 from /home/GVirtuS/GVirtuS/plugins/cudart/backend/CudaRtHandler_occupancy.cpp:26:
/usr/local/cuda/include/crt/sm_80_rt.h: In function 'unsigned int __reduce_add_sync(unsigned int, unsigned int)':
/usr/local/cuda/include/crt/sm_80_rt.h:84:25: warning: no return statement in function returning non-void [-Wreturn-type]
   84 | #define __DEF_IF_HOST { }
      |                         ^
/usr/local/cuda/include/crt/sm_80_rt.h:93:77: note: in expansion of macro '__DEF_IF_HOST'
   93 | __SM_80_RT_DECL__ unsigned __reduce_add_sync(unsigned mask, unsigned value) __DEF_IF_HOST
      |                                                                             ^~~~~~~~~~~~~
/usr/local/cuda/include/crt/sm_80_rt.h: In function 'unsigned int __reduce_min_sync(unsigned int, unsigned int)':
/usr/local/cuda/include/crt/sm_80_rt.h:84:25: warning: no return statement in function returning non-void [-Wreturn-type]
   84 | #define __DEF_IF_HOST { }
      |                         ^
/usr/local/cuda/include/crt/sm_80_rt.h:94:77: note: in expansion of macro '__DEF_IF_HOST'
   94 | __SM_80_RT_DECL__ unsigned __reduce_min_sync(unsigned mask, unsigned value) __DEF_IF_HOST
      |                                                                             ^~~~~~~~~~~~~
/usr/local/cuda/include/crt/sm_80_rt.h: In function 'unsigned int __reduce_max_sync(unsigned int, unsigned int)':
/usr/local/cuda/include/crt/sm_80_rt.h:84:25: warning: no return statement in function returning non-void [-Wreturn-type]
   84 | #define __DEF_IF_HOST { }
      |                         ^
/usr/local/cuda/include/crt/sm_80_rt.h:95:77: note: in expansion of macro '__DEF_IF_HOST'
   95 | __SM_80_RT_DECL__ unsigned __reduce_max_sync(unsigned mask, unsigned value) __DEF_IF_HOST
      |                                                                             ^~~~~~~~~~~~~
/usr/local/cuda/include/crt/sm_80_rt.h: In function 'int __reduce_add_sync(unsigned int, int)':
/usr/local/cuda/include/crt/sm_80_rt.h:84:25: warning: no return statement in function returning non-void [-Wreturn-type]
   84 | #define __DEF_IF_HOST { }
      |                         ^
/usr/local/cuda/include/crt/sm_80_rt.h:97:67: note: in expansion of macro '__DEF_IF_HOST'
   97 | __SM_80_RT_DECL__ int __reduce_add_sync(unsigned mask, int value) __DEF_IF_HOST
      |                                                                   ^~~~~~~~~~~~~
/usr/local/cuda/include/crt/sm_80_rt.h: In function 'int __reduce_min_sync(unsigned int, int)':
/usr/local/cuda/include/crt/sm_80_rt.h:84:25: warning: no return statement in function returning non-void [-Wreturn-type]
   84 | #define __DEF_IF_HOST { }
      |                         ^
/usr/local/cuda/include/crt/sm_80_rt.h:98:67: note: in expansion of macro '__DEF_IF_HOST'
   98 | __SM_80_RT_DECL__ int __reduce_min_sync(unsigned mask, int value) __DEF_IF_HOST
      |                                                                   ^~~~~~~~~~~~~
/usr/local/cuda/include/crt/sm_80_rt.h: In function 'int __reduce_max_sync(unsigned int, int)':
/usr/local/cuda/include/crt/sm_80_rt.h:84:25: warning: no return statement in function returning non-void [-Wreturn-type]
   84 | #define __DEF_IF_HOST { }
      |                         ^
/usr/local/cuda/include/crt/sm_80_rt.h:99:67: note: in expansion of macro '__DEF_IF_HOST'
   99 | __SM_80_RT_DECL__ int __reduce_max_sync(unsigned mask, int value) __DEF_IF_HOST
      |                                                                   ^~~~~~~~~~~~~
/usr/local/cuda/include/crt/sm_80_rt.h: In function 'unsigned int __reduce_and_sync(unsigned int, unsigned int)':
/usr/local/cuda/include/crt/sm_80_rt.h:84:25: warning: no return statement in function returning non-void [-Wreturn-type]
   84 | #define __DEF_IF_HOST { }
      |                         ^
/usr/local/cuda/include/crt/sm_80_rt.h:101:77: note: in expansion of macro '__DEF_IF_HOST'
  101 | __SM_80_RT_DECL__ unsigned __reduce_and_sync(unsigned mask, unsigned value) __DEF_IF_HOST
      |                                                                             ^~~~~~~~~~~~~
/usr/local/cuda/include/crt/sm_80_rt.h: In function 'unsigned int __reduce_or_sync(unsigned int, unsigned int)':
/usr/local/cuda/include/crt/sm_80_rt.h:84:25: warning: no return statement in function returning non-void [-Wreturn-type]
   84 | #define __DEF_IF_HOST { }
      |                         ^
/usr/local/cuda/include/crt/sm_80_rt.h:102:76: note: in expansion of macro '__DEF_IF_HOST'
  102 | __SM_80_RT_DECL__ unsigned __reduce_or_sync(unsigned mask, unsigned value) __DEF_IF_HOST
      |                                                                            ^~~~~~~~~~~~~
/usr/local/cuda/include/crt/sm_80_rt.h: In function 'unsigned int __reduce_xor_sync(unsigned int, unsigned int)':
/usr/local/cuda/include/crt/sm_80_rt.h:84:25: warning: no return statement in function returning non-void [-Wreturn-type]
   84 | #define __DEF_IF_HOST { }
      |                         ^
/usr/local/cuda/include/crt/sm_80_rt.h:103:77: note: in expansion of macro '__DEF_IF_HOST'
  103 | __SM_80_RT_DECL__ unsigned __reduce_xor_sync(unsigned mask, unsigned value) __DEF_IF_HOST
      |                                                                             ^~~~~~~~~~~~~
In file included from /usr/local/cuda/include/crt/device_functions.h:3628,
                 from /home/GVirtuS/GVirtuS/plugins/cudart/backend/CudaRtHandler.h:71,
                 from /home/GVirtuS/GVirtuS/plugins/cudart/backend/CudaRtHandler_occupancy.cpp:26:
/usr/local/cuda/include/crt/sm_90_rt.h: In function 'unsigned int __isCtaShared(const void*)':
/usr/local/cuda/include/crt/sm_90_rt.h:84:25: warning: no return statement in function returning non-void [-Wreturn-type]
   84 | #define __DEF_IF_HOST { }
      |                         ^
/usr/local/cuda/include/crt/sm_90_rt.h:89:59: note: in expansion of macro '__DEF_IF_HOST'
   89 | __SM_90_RT_DECL__ unsigned __isCtaShared(const void *ptr) __DEF_IF_HOST
      |                                                           ^~~~~~~~~~~~~
/usr/local/cuda/include/crt/sm_90_rt.h: In function 'unsigned int __isClusterShared(const void*)':
/usr/local/cuda/include/crt/sm_90_rt.h:84:25: warning: no return statement in function returning non-void [-Wreturn-type]
   84 | #define __DEF_IF_HOST { }
      |                         ^
/usr/local/cuda/include/crt/sm_90_rt.h:90:63: note: in expansion of macro '__DEF_IF_HOST'
   90 | __SM_90_RT_DECL__ unsigned __isClusterShared(const void *ptr) __DEF_IF_HOST
      |                                                               ^~~~~~~~~~~~~
/usr/local/cuda/include/crt/sm_90_rt.h: In function 'void* __cluster_map_shared_rank(const void*, unsigned int)':
/usr/local/cuda/include/crt/sm_90_rt.h:84:25: warning: no return statement in function returning non-void [-Wreturn-type]
   84 | #define __DEF_IF_HOST { }
      |                         ^
/usr/local/cuda/include/crt/sm_90_rt.h:91:97: note: in expansion of macro '__DEF_IF_HOST'
   91 | __SM_90_RT_DECL__ void *__cluster_map_shared_rank(const void *ptr, unsigned target_block_rank)  __DEF_IF_HOST
      |                                                                                                 ^~~~~~~~~~~~~
/usr/local/cuda/include/crt/sm_90_rt.h: In function 'unsigned int __cluster_query_shared_rank(const void*)':
/usr/local/cuda/include/crt/sm_90_rt.h:84:25: warning: no return statement in function returning non-void [-Wreturn-type]
   84 | #define __DEF_IF_HOST { }
      |                         ^
/usr/local/cuda/include/crt/sm_90_rt.h:92:73: note: in expansion of macro '__DEF_IF_HOST'
   92 | __SM_90_RT_DECL__ unsigned __cluster_query_shared_rank(const void *ptr) __DEF_IF_HOST
      |                                                                         ^~~~~~~~~~~~~
/usr/local/cuda/include/crt/sm_90_rt.h: In function 'uint2 __cluster_map_shared_multicast(const void*, unsigned int)':
/usr/local/cuda/include/crt/sm_90_rt.h:84:25: warning: no return statement in function returning non-void [-Wreturn-type]
   84 | #define __DEF_IF_HOST { }
      |                         ^
/usr/local/cuda/include/crt/sm_90_rt.h:93:100: note: in expansion of macro '__DEF_IF_HOST'
   93 | __SM_90_RT_DECL__ uint2 __cluster_map_shared_multicast(const void *ptr, unsigned cluster_cta_mask) __DEF_IF_HOST
      |                                                                                                    ^~~~~~~~~~~~~
/usr/local/cuda/include/crt/sm_90_rt.h: In function 'unsigned int __clusterDimIsSpecified()':
/usr/local/cuda/include/crt/sm_90_rt.h:84:25: warning: no return statement in function returning non-void [-Wreturn-type]
   84 | #define __DEF_IF_HOST { }
      |                         ^
/usr/local/cuda/include/crt/sm_90_rt.h:94:54: note: in expansion of macro '__DEF_IF_HOST'
   94 | __SM_90_RT_DECL__ unsigned __clusterDimIsSpecified() __DEF_IF_HOST
      |                                                      ^~~~~~~~~~~~~
/usr/local/cuda/include/crt/sm_90_rt.h: In function 'dim3 __clusterDim()':
/usr/local/cuda/include/crt/sm_90_rt.h:84:25: warning: no return statement in function returning non-void [-Wreturn-type]
   84 | #define __DEF_IF_HOST { }
      |                         ^
/usr/local/cuda/include/crt/sm_90_rt.h:95:39: note: in expansion of macro '__DEF_IF_HOST'
   95 | __SM_90_RT_DECL__ dim3 __clusterDim() __DEF_IF_HOST
      |                                       ^~~~~~~~~~~~~
/usr/local/cuda/include/crt/sm_90_rt.h: In function 'dim3 __clusterRelativeBlockIdx()':
/usr/local/cuda/include/crt/sm_90_rt.h:84:25: warning: no return statement in function returning non-void [-Wreturn-type]
   84 | #define __DEF_IF_HOST { }
      |                         ^
/usr/local/cuda/include/crt/sm_90_rt.h:96:52: note: in expansion of macro '__DEF_IF_HOST'
   96 | __SM_90_RT_DECL__ dim3 __clusterRelativeBlockIdx() __DEF_IF_HOST
      |                                                    ^~~~~~~~~~~~~
/usr/local/cuda/include/crt/sm_90_rt.h: In function 'dim3 __clusterGridDimInClusters()':
/usr/local/cuda/include/crt/sm_90_rt.h:84:25: warning: no return statement in function returning non-void [-Wreturn-type]
   84 | #define __DEF_IF_HOST { }
      |                         ^
/usr/local/cuda/include/crt/sm_90_rt.h:97:53: note: in expansion of macro '__DEF_IF_HOST'
   97 | __SM_90_RT_DECL__ dim3 __clusterGridDimInClusters() __DEF_IF_HOST
      |                                                     ^~~~~~~~~~~~~
/usr/local/cuda/include/crt/sm_90_rt.h: In function 'dim3 __clusterIdx()':
/usr/local/cuda/include/crt/sm_90_rt.h:84:25: warning: no return statement in function returning non-void [-Wreturn-type]
   84 | #define __DEF_IF_HOST { }
      |                         ^
/usr/local/cuda/include/crt/sm_90_rt.h:98:39: note: in expansion of macro '__DEF_IF_HOST'
   98 | __SM_90_RT_DECL__ dim3 __clusterIdx() __DEF_IF_HOST
      |                                       ^~~~~~~~~~~~~
/usr/local/cuda/include/crt/sm_90_rt.h: In function 'unsigned int __clusterRelativeBlockRank()':
/usr/local/cuda/include/crt/sm_90_rt.h:84:25: warning: no return statement in function returning non-void [-Wreturn-type]
   84 | #define __DEF_IF_HOST { }
      |                         ^
/usr/local/cuda/include/crt/sm_90_rt.h:99:57: note: in expansion of macro '__DEF_IF_HOST'
   99 | __SM_90_RT_DECL__ unsigned __clusterRelativeBlockRank() __DEF_IF_HOST
      |                                                         ^~~~~~~~~~~~~
/usr/local/cuda/include/crt/sm_90_rt.h: In function 'unsigned int __clusterSizeInBlocks()':
/usr/local/cuda/include/crt/sm_90_rt.h:84:25: warning: no return statement in function returning non-void [-Wreturn-type]
   84 | #define __DEF_IF_HOST { }
      |                         ^
/usr/local/cuda/include/crt/sm_90_rt.h:100:52: note: in expansion of macro '__DEF_IF_HOST'
  100 | __SM_90_RT_DECL__ unsigned __clusterSizeInBlocks() __DEF_IF_HOST
      |                                                    ^~~~~~~~~~~~~
/usr/local/cuda/include/crt/sm_90_rt.h: In function 'float2 atomicAdd(float2*, float2)':
/usr/local/cuda/include/crt/sm_90_rt.h:84:25: warning: no return statement in function returning non-void [-Wreturn-type]
   84 | #define __DEF_IF_HOST { }
      |                         ^
/usr/local/cuda/include/crt/sm_90_rt.h:106:65: note: in expansion of macro '__DEF_IF_HOST'
  106 | __SM_90_RT_DECL__ float2 atomicAdd(float2 *address, float2 val) __DEF_IF_HOST
      |                                                                 ^~~~~~~~~~~~~
/usr/local/cuda/include/crt/sm_90_rt.h: In function 'float2 atomicAdd_block(float2*, float2)':
/usr/local/cuda/include/crt/sm_90_rt.h:84:25: warning: no return statement in function returning non-void [-Wreturn-type]
   84 | #define __DEF_IF_HOST { }
      |                         ^
/usr/local/cuda/include/crt/sm_90_rt.h:107:71: note: in expansion of macro '__DEF_IF_HOST'
  107 | __SM_90_RT_DECL__ float2 atomicAdd_block(float2 *address, float2 val) __DEF_IF_HOST
      |                                                                       ^~~~~~~~~~~~~
/usr/local/cuda/include/crt/sm_90_rt.h: In function 'float2 atomicAdd_system(float2*, float2)':
/usr/local/cuda/include/crt/sm_90_rt.h:84:25: warning: no return statement in function returning non-void [-Wreturn-type]
   84 | #define __DEF_IF_HOST { }
      |                         ^
/usr/local/cuda/include/crt/sm_90_rt.h:108:72: note: in expansion of macro '__DEF_IF_HOST'
  108 | __SM_90_RT_DECL__ float2 atomicAdd_system(float2 *address, float2 val) __DEF_IF_HOST
      |                                                                        ^~~~~~~~~~~~~
/usr/local/cuda/include/crt/sm_90_rt.h: In function 'float4 atomicAdd(float4*, float4)':
/usr/local/cuda/include/crt/sm_90_rt.h:84:25: warning: no return statement in function returning non-void [-Wreturn-type]
   84 | #define __DEF_IF_HOST { }
      |                         ^
/usr/local/cuda/include/crt/sm_90_rt.h:109:65: note: in expansion of macro '__DEF_IF_HOST'
  109 | __SM_90_RT_DECL__ float4 atomicAdd(float4 *address, float4 val) __DEF_IF_HOST
      |                                                                 ^~~~~~~~~~~~~
/usr/local/cuda/include/crt/sm_90_rt.h: In function 'float4 atomicAdd_block(float4*, float4)':
/usr/local/cuda/include/crt/sm_90_rt.h:84:25: warning: no return statement in function returning non-void [-Wreturn-type]
   84 | #define __DEF_IF_HOST { }
      |                         ^
/usr/local/cuda/include/crt/sm_90_rt.h:110:71: note: in expansion of macro '__DEF_IF_HOST'
  110 | __SM_90_RT_DECL__ float4 atomicAdd_block(float4 *address, float4 val) __DEF_IF_HOST
      |                                                                       ^~~~~~~~~~~~~
/usr/local/cuda/include/crt/sm_90_rt.h: In function 'float4 atomicAdd_system(float4*, float4)':
/usr/local/cuda/include/crt/sm_90_rt.h:84:25: warning: no return statement in function returning non-void [-Wreturn-type]
   84 | #define __DEF_IF_HOST { }
      |                         ^
/usr/local/cuda/include/crt/sm_90_rt.h:111:72: note: in expansion of macro '__DEF_IF_HOST'
  111 | __SM_90_RT_DECL__ float4 atomicAdd_system(float4 *address, float4 val) __DEF_IF_HOST
      |                                                                        ^~~~~~~~~~~~~
[ 55%] Building CXX object plugins/cudart/CMakeFiles/gvirtus-plugin-cudart.dir/backend/CudaRtHandler_execution.cpp.o
In file included from /home/GVirtuS/GVirtuS/plugins/cudart/backend/CudaRtHandler.h:71,
                 from /home/GVirtuS/GVirtuS/plugins/cudart/backend/CudaRtHandler_execution.cpp:26:
/usr/local/cuda/include/crt/device_functions.h:54:2: warning: #warning "crt/device_functions.h is an internal header file and must not be used directly.  Please use cuda_runtime_api.h or cuda_runtime.h instead." [-Wcpp]
   54 | #warning "crt/device_functions.h is an internal header file and must not be used directly.  Please use cuda_runtime_api.h or cuda_runtime.h instead."
      |  ^~~~~~~
In file included from /usr/local/cuda/include/crt/device_functions.h:3615,
                 from /home/GVirtuS/GVirtuS/plugins/cudart/backend/CudaRtHandler.h:71,
                 from /home/GVirtuS/GVirtuS/plugins/cudart/backend/CudaRtHandler_execution.cpp:26:
/usr/local/cuda/include/device_atomic_functions.h: In function 'int atomicAdd(int*, int)':
/usr/local/cuda/include/device_atomic_functions.h:74:25: warning: no return statement in function returning non-void [-Wreturn-type]
   74 | #define __DEF_IF_HOST { }
      |                         ^
/usr/local/cuda/include/device_atomic_functions.h:86:71: note: in expansion of macro '__DEF_IF_HOST'
   86 | __DEVICE_ATOMIC_FUNCTIONS_DECL__ int atomicAdd(int *address, int val) __DEF_IF_HOST
      |                                                                       ^~~~~~~~~~~~~
/usr/local/cuda/include/device_atomic_functions.h: In function 'unsigned int atomicAdd(unsigned int*, unsigned int)':
/usr/local/cuda/include/device_atomic_functions.h:74:25: warning: no return statement in function returning non-void [-Wreturn-type]
   74 | #define __DEF_IF_HOST { }
      |                         ^
/usr/local/cuda/include/device_atomic_functions.h:88:98: note: in expansion of macro '__DEF_IF_HOST'
   88 | __DEVICE_ATOMIC_FUNCTIONS_DECL__ unsigned int atomicAdd(unsigned int *address, unsigned int val) __DEF_IF_HOST
      |                                                                                                  ^~~~~~~~~~~~~
/usr/local/cuda/include/device_atomic_functions.h: In function 'int atomicSub(int*, int)':
/usr/local/cuda/include/device_atomic_functions.h:74:25: warning: no return statement in function returning non-void [-Wreturn-type]
   74 | #define __DEF_IF_HOST { }
      |                         ^
/usr/local/cuda/include/device_atomic_functions.h:90:71: note: in expansion of macro '__DEF_IF_HOST'
   90 | __DEVICE_ATOMIC_FUNCTIONS_DECL__ int atomicSub(int *address, int val) __DEF_IF_HOST
      |                                                                       ^~~~~~~~~~~~~
/usr/local/cuda/include/device_atomic_functions.h: In function 'unsigned int atomicSub(unsigned int*, unsigned int)':
/usr/local/cuda/include/device_atomic_functions.h:74:25: warning: no return statement in function returning non-void [-Wreturn-type]
   74 | #define __DEF_IF_HOST { }
      |                         ^
/usr/local/cuda/include/device_atomic_functions.h:92:98: note: in expansion of macro '__DEF_IF_HOST'
   92 | __DEVICE_ATOMIC_FUNCTIONS_DECL__ unsigned int atomicSub(unsigned int *address, unsigned int val) __DEF_IF_HOST
      |                                                                                                  ^~~~~~~~~~~~~
/usr/local/cuda/include/device_atomic_functions.h: In function 'int atomicExch(int*, int)':
/usr/local/cuda/include/device_atomic_functions.h:74:25: warning: no return statement in function returning non-void [-Wreturn-type]
   74 | #define __DEF_IF_HOST { }
      |                         ^
/usr/local/cuda/include/device_atomic_functions.h:94:72: note: in expansion of macro '__DEF_IF_HOST'
   94 | __DEVICE_ATOMIC_FUNCTIONS_DECL__ int atomicExch(int *address, int val) __DEF_IF_HOST
      |                                                                        ^~~~~~~~~~~~~
/usr/local/cuda/include/device_atomic_functions.h: In function 'unsigned int atomicExch(unsigned int*, unsigned int)':
/usr/local/cuda/include/device_atomic_functions.h:74:25: warning: no return statement in function returning non-void [-Wreturn-type]
   74 | #define __DEF_IF_HOST { }
      |                         ^
/usr/local/cuda/include/device_atomic_functions.h:96:99: note: in expansion of macro '__DEF_IF_HOST'
   96 | __DEVICE_ATOMIC_FUNCTIONS_DECL__ unsigned int atomicExch(unsigned int *address, unsigned int val) __DEF_IF_HOST
      |                                                                                                   ^~~~~~~~~~~~~
/usr/local/cuda/include/device_atomic_functions.h: In function 'float atomicExch(float*, float)':
/usr/local/cuda/include/device_atomic_functions.h:74:25: warning: no return statement in function returning non-void [-Wreturn-type]
   74 | #define __DEF_IF_HOST { }
      |                         ^
/usr/local/cuda/include/device_atomic_functions.h:98:78: note: in expansion of macro '__DEF_IF_HOST'
   98 | __DEVICE_ATOMIC_FUNCTIONS_DECL__ float atomicExch(float *address, float val) __DEF_IF_HOST
      |                                                                              ^~~~~~~~~~~~~
/usr/local/cuda/include/device_atomic_functions.h: In function 'int atomicMin(int*, int)':
/usr/local/cuda/include/device_atomic_functions.h:74:25: warning: no return statement in function returning non-void [-Wreturn-type]
   74 | #define __DEF_IF_HOST { }
      |                         ^
/usr/local/cuda/include/device_atomic_functions.h:100:71: note: in expansion of macro '__DEF_IF_HOST'
  100 | __DEVICE_ATOMIC_FUNCTIONS_DECL__ int atomicMin(int *address, int val) __DEF_IF_HOST
      |                                                                       ^~~~~~~~~~~~~
/usr/local/cuda/include/device_atomic_functions.h: In function 'unsigned int atomicMin(unsigned int*, unsigned int)':
/usr/local/cuda/include/device_atomic_functions.h:74:25: warning: no return statement in function returning non-void [-Wreturn-type]
   74 | #define __DEF_IF_HOST { }
      |                         ^
/usr/local/cuda/include/device_atomic_functions.h:102:98: note: in expansion of macro '__DEF_IF_HOST'
  102 | __DEVICE_ATOMIC_FUNCTIONS_DECL__ unsigned int atomicMin(unsigned int *address, unsigned int val) __DEF_IF_HOST
      |                                                                                                  ^~~~~~~~~~~~~
/usr/local/cuda/include/device_atomic_functions.h: In function 'int atomicMax(int*, int)':
/usr/local/cuda/include/device_atomic_functions.h:74:25: warning: no return statement in function returning non-void [-Wreturn-type]
   74 | #define __DEF_IF_HOST { }
      |                         ^
/usr/local/cuda/include/device_atomic_functions.h:104:71: note: in expansion of macro '__DEF_IF_HOST'
  104 | __DEVICE_ATOMIC_FUNCTIONS_DECL__ int atomicMax(int *address, int val) __DEF_IF_HOST
      |                                                                       ^~~~~~~~~~~~~
/usr/local/cuda/include/device_atomic_functions.h: In function 'unsigned int atomicMax(unsigned int*, unsigned int)':
/usr/local/cuda/include/device_atomic_functions.h:74:25: warning: no return statement in function returning non-void [-Wreturn-type]
   74 | #define __DEF_IF_HOST { }
      |                         ^
/usr/local/cuda/include/device_atomic_functions.h:106:98: note: in expansion of macro '__DEF_IF_HOST'
  106 | __DEVICE_ATOMIC_FUNCTIONS_DECL__ unsigned int atomicMax(unsigned int *address, unsigned int val) __DEF_IF_HOST
      |                                                                                                  ^~~~~~~~~~~~~
/usr/local/cuda/include/device_atomic_functions.h: In function 'unsigned int atomicInc(unsigned int*, unsigned int)':
/usr/local/cuda/include/device_atomic_functions.h:74:25: warning: no return statement in function returning non-void [-Wreturn-type]
   74 | #define __DEF_IF_HOST { }
      |                         ^
/usr/local/cuda/include/device_atomic_functions.h:108:98: note: in expansion of macro '__DEF_IF_HOST'
  108 | __DEVICE_ATOMIC_FUNCTIONS_DECL__ unsigned int atomicInc(unsigned int *address, unsigned int val) __DEF_IF_HOST
      |                                                                                                  ^~~~~~~~~~~~~
/usr/local/cuda/include/device_atomic_functions.h: In function 'unsigned int atomicDec(unsigned int*, unsigned int)':
/usr/local/cuda/include/device_atomic_functions.h:74:25: warning: no return statement in function returning non-void [-Wreturn-type]
   74 | #define __DEF_IF_HOST { }
      |                         ^
/usr/local/cuda/include/device_atomic_functions.h:110:98: note: in expansion of macro '__DEF_IF_HOST'
  110 | __DEVICE_ATOMIC_FUNCTIONS_DECL__ unsigned int atomicDec(unsigned int *address, unsigned int val) __DEF_IF_HOST
      |                                                                                                  ^~~~~~~~~~~~~
/usr/local/cuda/include/device_atomic_functions.h: In function 'int atomicAnd(int*, int)':
/usr/local/cuda/include/device_atomic_functions.h:74:25: warning: no return statement in function returning non-void [-Wreturn-type]
   74 | #define __DEF_IF_HOST { }
      |                         ^
/usr/local/cuda/include/device_atomic_functions.h:112:71: note: in expansion of macro '__DEF_IF_HOST'
  112 | __DEVICE_ATOMIC_FUNCTIONS_DECL__ int atomicAnd(int *address, int val) __DEF_IF_HOST
      |                                                                       ^~~~~~~~~~~~~
/usr/local/cuda/include/device_atomic_functions.h: In function 'unsigned int atomicAnd(unsigned int*, unsigned int)':
/usr/local/cuda/include/device_atomic_functions.h:74:25: warning: no return statement in function returning non-void [-Wreturn-type]
   74 | #define __DEF_IF_HOST { }
      |                         ^
/usr/local/cuda/include/device_atomic_functions.h:114:98: note: in expansion of macro '__DEF_IF_HOST'
  114 | __DEVICE_ATOMIC_FUNCTIONS_DECL__ unsigned int atomicAnd(unsigned int *address, unsigned int val) __DEF_IF_HOST
      |                                                                                                  ^~~~~~~~~~~~~
/usr/local/cuda/include/device_atomic_functions.h: In function 'int atomicOr(int*, int)':
/usr/local/cuda/include/device_atomic_functions.h:74:25: warning: no return statement in function returning non-void [-Wreturn-type]
   74 | #define __DEF_IF_HOST { }
      |                         ^
/usr/local/cuda/include/device_atomic_functions.h:116:70: note: in expansion of macro '__DEF_IF_HOST'
  116 | __DEVICE_ATOMIC_FUNCTIONS_DECL__ int atomicOr(int *address, int val) __DEF_IF_HOST
      |                                                                      ^~~~~~~~~~~~~
/usr/local/cuda/include/device_atomic_functions.h: In function 'unsigned int atomicOr(unsigned int*, unsigned int)':
/usr/local/cuda/include/device_atomic_functions.h:74:25: warning: no return statement in function returning non-void [-Wreturn-type]
   74 | #define __DEF_IF_HOST { }
      |                         ^
/usr/local/cuda/include/device_atomic_functions.h:118:97: note: in expansion of macro '__DEF_IF_HOST'
  118 | __DEVICE_ATOMIC_FUNCTIONS_DECL__ unsigned int atomicOr(unsigned int *address, unsigned int val) __DEF_IF_HOST
      |                                                                                                 ^~~~~~~~~~~~~
/usr/local/cuda/include/device_atomic_functions.h: In function 'int atomicXor(int*, int)':
/usr/local/cuda/include/device_atomic_functions.h:74:25: warning: no return statement in function returning non-void [-Wreturn-type]
   74 | #define __DEF_IF_HOST { }
      |                         ^
/usr/local/cuda/include/device_atomic_functions.h:120:71: note: in expansion of macro '__DEF_IF_HOST'
  120 | __DEVICE_ATOMIC_FUNCTIONS_DECL__ int atomicXor(int *address, int val) __DEF_IF_HOST
      |                                                                       ^~~~~~~~~~~~~
/usr/local/cuda/include/device_atomic_functions.h: In function 'unsigned int atomicXor(unsigned int*, unsigned int)':
/usr/local/cuda/include/device_atomic_functions.h:74:25: warning: no return statement in function returning non-void [-Wreturn-type]
   74 | #define __DEF_IF_HOST { }
      |                         ^
/usr/local/cuda/include/device_atomic_functions.h:122:98: note: in expansion of macro '__DEF_IF_HOST'
  122 | __DEVICE_ATOMIC_FUNCTIONS_DECL__ unsigned int atomicXor(unsigned int *address, unsigned int val) __DEF_IF_HOST
      |                                                                                                  ^~~~~~~~~~~~~
/usr/local/cuda/include/device_atomic_functions.h: In function 'int atomicCAS(int*, int, int)':
/usr/local/cuda/include/device_atomic_functions.h:74:25: warning: no return statement in function returning non-void [-Wreturn-type]
   74 | #define __DEF_IF_HOST { }
      |                         ^
/usr/local/cuda/include/device_atomic_functions.h:124:84: note: in expansion of macro '__DEF_IF_HOST'
  124 | __DEVICE_ATOMIC_FUNCTIONS_DECL__ int atomicCAS(int *address, int compare, int val) __DEF_IF_HOST
      |                                                                                    ^~~~~~~~~~~~~
/usr/local/cuda/include/device_atomic_functions.h: In function 'unsigned int atomicCAS(unsigned int*, unsigned int, unsigned int)':
/usr/local/cuda/include/device_atomic_functions.h:74:25: warning: no return statement in function returning non-void [-Wreturn-type]
   74 | #define __DEF_IF_HOST { }
      |                         ^
/usr/local/cuda/include/device_atomic_functions.h:126:120: note: in expansion of macro '__DEF_IF_HOST'
  126 | __DEVICE_ATOMIC_FUNCTIONS_DECL__ unsigned int atomicCAS(unsigned int *address, unsigned int compare, unsigned int val) __DEF_IF_HOST
      |                                                                                                                        ^~~~~~~~~~~~~
/usr/local/cuda/include/device_atomic_functions.h: In function 'long long unsigned int atomicAdd(long long unsigned int*, long long unsigned int)':
/usr/local/cuda/include/device_atomic_functions.h:74:25: warning: no return statement in function returning non-void [-Wreturn-type]
   74 | #define __DEF_IF_HOST { }
      |                         ^
/usr/local/cuda/include/device_atomic_functions.h:166:128: note: in expansion of macro '__DEF_IF_HOST'
  166 | __DEVICE_ATOMIC_FUNCTIONS_DECL__ unsigned long long int atomicAdd(unsigned long long int *address, unsigned long long int val) __DEF_IF_HOST
      |                                                                                                                                ^~~~~~~~~~~~~
/usr/local/cuda/include/device_atomic_functions.h: In function 'long long unsigned int atomicExch(long long unsigned int*, long long unsigned int)':
/usr/local/cuda/include/device_atomic_functions.h:74:25: warning: no return statement in function returning non-void [-Wreturn-type]
   74 | #define __DEF_IF_HOST { }
      |                         ^
/usr/local/cuda/include/device_atomic_functions.h:168:129: note: in expansion of macro '__DEF_IF_HOST'
  168 | __DEVICE_ATOMIC_FUNCTIONS_DECL__ unsigned long long int atomicExch(unsigned long long int *address, unsigned long long int val) __DEF_IF_HOST
      |                                                                                                                                 ^~~~~~~~~~~~~
/usr/local/cuda/include/device_atomic_functions.h: In function 'long long unsigned int atomicCAS(long long unsigned int*, long long unsigned int, long long unsigned int)':
/usr/local/cuda/include/device_atomic_functions.h:74:25: warning: no return statement in function returning non-void [-Wreturn-type]
   74 | #define __DEF_IF_HOST { }
      |                         ^
/usr/local/cuda/include/device_atomic_functions.h:170:160: note: in expansion of macro '__DEF_IF_HOST'
  170 | __DEVICE_ATOMIC_FUNCTIONS_DECL__ unsigned long long int atomicCAS(unsigned long long int *address, unsigned long long int compare, unsigned long long int val) __DEF_IF_HOST
      |                                                                                                                                                                ^~~~~~~~~~~~~
/usr/local/cuda/include/device_atomic_functions.h: In function 'bool any(bool)':
/usr/local/cuda/include/device_atomic_functions.h:74:25: warning: no return statement in function returning non-void [-Wreturn-type]
   74 | #define __DEF_IF_HOST { }
      |                         ^
/usr/local/cuda/include/device_atomic_functions.h:172:103: note: in expansion of macro '__DEF_IF_HOST'
  172 | __DEVICE_ATOMIC_FUNCTIONS_DECL__ __DEPRECATED__(__WSB_DEPRECATION_MESSAGE(__any)) bool any(bool cond) __DEF_IF_HOST
      |                                                                                                       ^~~~~~~~~~~~~
/usr/local/cuda/include/device_atomic_functions.h: In function 'bool all(bool)':
/usr/local/cuda/include/device_atomic_functions.h:74:25: warning: no return statement in function returning non-void [-Wreturn-type]
   74 | #define __DEF_IF_HOST { }
      |                         ^
/usr/local/cuda/include/device_atomic_functions.h:174:103: note: in expansion of macro '__DEF_IF_HOST'
  174 | __DEVICE_ATOMIC_FUNCTIONS_DECL__ __DEPRECATED__(__WSB_DEPRECATION_MESSAGE(__all)) bool all(bool cond) __DEF_IF_HOST
      |                                                                                                       ^~~~~~~~~~~~~
In file included from /usr/local/cuda/include/crt/device_functions.h:3617,
                 from /home/GVirtuS/GVirtuS/plugins/cudart/backend/CudaRtHandler.h:71,
                 from /home/GVirtuS/GVirtuS/plugins/cudart/backend/CudaRtHandler_execution.cpp:26:
/usr/local/cuda/include/sm_20_atomic_functions.h: In function 'float atomicAdd(float*, float)':
/usr/local/cuda/include/sm_20_atomic_functions.h:79:25: warning: no return statement in function returning non-void [-Wreturn-type]
   79 | #define __DEF_IF_HOST { }
      |                         ^
/usr/local/cuda/include/sm_20_atomic_functions.h:96:76: note: in expansion of macro '__DEF_IF_HOST'
   96 | __SM_20_ATOMIC_FUNCTIONS_DECL__ float atomicAdd(float *address, float val) __DEF_IF_HOST
      |                                                                            ^~~~~~~~~~~~~
In file included from /usr/local/cuda/include/crt/device_functions.h:3618,
                 from /home/GVirtuS/GVirtuS/plugins/cudart/backend/CudaRtHandler.h:71,
                 from /home/GVirtuS/GVirtuS/plugins/cudart/backend/CudaRtHandler_execution.cpp:26:
/usr/local/cuda/include/sm_32_atomic_functions.h: In function 'long long int atomicMin(long long int*, long long int)':
/usr/local/cuda/include/sm_32_atomic_functions.h:72:25: warning: no return statement in function returning non-void [-Wreturn-type]
   72 | #define __DEF_IF_HOST { }
      |                         ^
/usr/local/cuda/include/sm_32_atomic_functions.h:89:88: note: in expansion of macro '__DEF_IF_HOST'
   89 | __SM_32_ATOMIC_FUNCTIONS_DECL__ long long atomicMin(long long *address, long long val) __DEF_IF_HOST
      |                                                                                        ^~~~~~~~~~~~~
/usr/local/cuda/include/sm_32_atomic_functions.h: In function 'long long int atomicMax(long long int*, long long int)':
/usr/local/cuda/include/sm_32_atomic_functions.h:72:25: warning: no return statement in function returning non-void [-Wreturn-type]
   72 | #define __DEF_IF_HOST { }
      |                         ^
/usr/local/cuda/include/sm_32_atomic_functions.h:91:88: note: in expansion of macro '__DEF_IF_HOST'
   91 | __SM_32_ATOMIC_FUNCTIONS_DECL__ long long atomicMax(long long *address, long long val) __DEF_IF_HOST
      |                                                                                        ^~~~~~~~~~~~~
/usr/local/cuda/include/sm_32_atomic_functions.h: In function 'long long int atomicAnd(long long int*, long long int)':
/usr/local/cuda/include/sm_32_atomic_functions.h:72:25: warning: no return statement in function returning non-void [-Wreturn-type]
   72 | #define __DEF_IF_HOST { }
      |                         ^
/usr/local/cuda/include/sm_32_atomic_functions.h:93:88: note: in expansion of macro '__DEF_IF_HOST'
   93 | __SM_32_ATOMIC_FUNCTIONS_DECL__ long long atomicAnd(long long *address, long long val) __DEF_IF_HOST
      |                                                                                        ^~~~~~~~~~~~~
/usr/local/cuda/include/sm_32_atomic_functions.h: In function 'long long int atomicOr(long long int*, long long int)':
/usr/local/cuda/include/sm_32_atomic_functions.h:72:25: warning: no return statement in function returning non-void [-Wreturn-type]
   72 | #define __DEF_IF_HOST { }
      |                         ^
/usr/local/cuda/include/sm_32_atomic_functions.h:95:87: note: in expansion of macro '__DEF_IF_HOST'
   95 | __SM_32_ATOMIC_FUNCTIONS_DECL__ long long atomicOr(long long *address, long long val) __DEF_IF_HOST
      |                                                                                       ^~~~~~~~~~~~~
/usr/local/cuda/include/sm_32_atomic_functions.h: In function 'long long int atomicXor(long long int*, long long int)':
/usr/local/cuda/include/sm_32_atomic_functions.h:72:25: warning: no return statement in function returning non-void [-Wreturn-type]
   72 | #define __DEF_IF_HOST { }
      |                         ^
/usr/local/cuda/include/sm_32_atomic_functions.h:97:88: note: in expansion of macro '__DEF_IF_HOST'
   97 | __SM_32_ATOMIC_FUNCTIONS_DECL__ long long atomicXor(long long *address, long long val) __DEF_IF_HOST
      |                                                                                        ^~~~~~~~~~~~~
/usr/local/cuda/include/sm_32_atomic_functions.h: In function 'long long unsigned int atomicMin(long long unsigned int*, long long unsigned int)':
/usr/local/cuda/include/sm_32_atomic_functions.h:72:25: warning: no return statement in function returning non-void [-Wreturn-type]
   72 | #define __DEF_IF_HOST { }
      |                         ^
/usr/local/cuda/include/sm_32_atomic_functions.h:99:115: note: in expansion of macro '__DEF_IF_HOST'
   99 | __SM_32_ATOMIC_FUNCTIONS_DECL__ unsigned long long atomicMin(unsigned long long *address, unsigned long long val) __DEF_IF_HOST
      |                                                                                                                   ^~~~~~~~~~~~~
/usr/local/cuda/include/sm_32_atomic_functions.h: In function 'long long unsigned int atomicMax(long long unsigned int*, long long unsigned int)':
/usr/local/cuda/include/sm_32_atomic_functions.h:72:25: warning: no return statement in function returning non-void [-Wreturn-type]
   72 | #define __DEF_IF_HOST { }
      |                         ^
/usr/local/cuda/include/sm_32_atomic_functions.h:101:115: note: in expansion of macro '__DEF_IF_HOST'
  101 | __SM_32_ATOMIC_FUNCTIONS_DECL__ unsigned long long atomicMax(unsigned long long *address, unsigned long long val) __DEF_IF_HOST
      |                                                                                                                   ^~~~~~~~~~~~~
/usr/local/cuda/include/sm_32_atomic_functions.h: In function 'long long unsigned int atomicAnd(long long unsigned int*, long long unsigned int)':
/usr/local/cuda/include/sm_32_atomic_functions.h:72:25: warning: no return statement in function returning non-void [-Wreturn-type]
   72 | #define __DEF_IF_HOST { }
      |                         ^
/usr/local/cuda/include/sm_32_atomic_functions.h:103:115: note: in expansion of macro '__DEF_IF_HOST'
  103 | __SM_32_ATOMIC_FUNCTIONS_DECL__ unsigned long long atomicAnd(unsigned long long *address, unsigned long long val) __DEF_IF_HOST
      |                                                                                                                   ^~~~~~~~~~~~~
/usr/local/cuda/include/sm_32_atomic_functions.h: In function 'long long unsigned int atomicOr(long long unsigned int*, long long unsigned int)':
/usr/local/cuda/include/sm_32_atomic_functions.h:72:25: warning: no return statement in function returning non-void [-Wreturn-type]
   72 | #define __DEF_IF_HOST { }
      |                         ^
/usr/local/cuda/include/sm_32_atomic_functions.h:105:114: note: in expansion of macro '__DEF_IF_HOST'
  105 | __SM_32_ATOMIC_FUNCTIONS_DECL__ unsigned long long atomicOr(unsigned long long *address, unsigned long long val) __DEF_IF_HOST
      |                                                                                                                  ^~~~~~~~~~~~~
/usr/local/cuda/include/sm_32_atomic_functions.h: In function 'long long unsigned int atomicXor(long long unsigned int*, long long unsigned int)':
/usr/local/cuda/include/sm_32_atomic_functions.h:72:25: warning: no return statement in function returning non-void [-Wreturn-type]
   72 | #define __DEF_IF_HOST { }
      |                         ^
/usr/local/cuda/include/sm_32_atomic_functions.h:107:115: note: in expansion of macro '__DEF_IF_HOST'
  107 | __SM_32_ATOMIC_FUNCTIONS_DECL__ unsigned long long atomicXor(unsigned long long *address, unsigned long long val) __DEF_IF_HOST
      |                                                                                                                   ^~~~~~~~~~~~~
In file included from /usr/local/cuda/include/crt/device_functions.h:3620,
                 from /home/GVirtuS/GVirtuS/plugins/cudart/backend/CudaRtHandler.h:71,
                 from /home/GVirtuS/GVirtuS/plugins/cudart/backend/CudaRtHandler_execution.cpp:26:
/usr/local/cuda/include/sm_60_atomic_functions.h: In function 'double atomicAdd(double*, double)':
/usr/local/cuda/include/sm_60_atomic_functions.h:77:25: warning: no return statement in function returning non-void [-Wreturn-type]
   77 | #define __DEF_IF_HOST { }
      |                         ^
/usr/local/cuda/include/sm_60_atomic_functions.h:90:79: note: in expansion of macro '__DEF_IF_HOST'
   90 | __SM_60_ATOMIC_FUNCTIONS_DECL__ double atomicAdd(double *address, double val) __DEF_IF_HOST
      |                                                                               ^~~~~~~~~~~~~
/usr/local/cuda/include/sm_60_atomic_functions.h: In function 'int atomicAdd_block(int*, int)':
/usr/local/cuda/include/sm_60_atomic_functions.h:77:25: warning: no return statement in function returning non-void [-Wreturn-type]
   77 | #define __DEF_IF_HOST { }
      |                         ^
/usr/local/cuda/include/sm_60_atomic_functions.h:93:44: note: in expansion of macro '__DEF_IF_HOST'
   93 | int atomicAdd_block(int *address, int val) __DEF_IF_HOST
      |                                            ^~~~~~~~~~~~~
/usr/local/cuda/include/sm_60_atomic_functions.h: In function 'int atomicAdd_system(int*, int)':
/usr/local/cuda/include/sm_60_atomic_functions.h:77:25: warning: no return statement in function returning non-void [-Wreturn-type]
   77 | #define __DEF_IF_HOST { }
      |                         ^
/usr/local/cuda/include/sm_60_atomic_functions.h:96:45: note: in expansion of macro '__DEF_IF_HOST'
   96 | int atomicAdd_system(int *address, int val) __DEF_IF_HOST
      |                                             ^~~~~~~~~~~~~
/usr/local/cuda/include/sm_60_atomic_functions.h: In function 'unsigned int atomicAdd_block(unsigned int*, unsigned int)':
/usr/local/cuda/include/sm_60_atomic_functions.h:77:25: warning: no return statement in function returning non-void [-Wreturn-type]
   77 | #define __DEF_IF_HOST { }
      |                         ^
/usr/local/cuda/include/sm_60_atomic_functions.h:99:71: note: in expansion of macro '__DEF_IF_HOST'
   99 | unsigned int atomicAdd_block(unsigned int *address, unsigned int val) __DEF_IF_HOST
      |                                                                       ^~~~~~~~~~~~~
/usr/local/cuda/include/sm_60_atomic_functions.h: In function 'unsigned int atomicAdd_system(unsigned int*, unsigned int)':
/usr/local/cuda/include/sm_60_atomic_functions.h:77:25: warning: no return statement in function returning non-void [-Wreturn-type]
   77 | #define __DEF_IF_HOST { }
      |                         ^
/usr/local/cuda/include/sm_60_atomic_functions.h:102:72: note: in expansion of macro '__DEF_IF_HOST'
  102 | unsigned int atomicAdd_system(unsigned int *address, unsigned int val) __DEF_IF_HOST
      |                                                                        ^~~~~~~~~~~~~
/usr/local/cuda/include/sm_60_atomic_functions.h: In function 'long long unsigned int atomicAdd_block(long long unsigned int*, long long unsigned int)':
/usr/local/cuda/include/sm_60_atomic_functions.h:77:25: warning: no return statement in function returning non-void [-Wreturn-type]
   77 | #define __DEF_IF_HOST { }
      |                         ^
/usr/local/cuda/include/sm_60_atomic_functions.h:105:89: note: in expansion of macro '__DEF_IF_HOST'
  105 | unsigned long long atomicAdd_block(unsigned long long *address, unsigned long long val) __DEF_IF_HOST
      |                                                                                         ^~~~~~~~~~~~~
/usr/local/cuda/include/sm_60_atomic_functions.h: In function 'long long unsigned int atomicAdd_system(long long unsigned int*, long long unsigned int)':
/usr/local/cuda/include/sm_60_atomic_functions.h:77:25: warning: no return statement in function returning non-void [-Wreturn-type]
   77 | #define __DEF_IF_HOST { }
      |                         ^
/usr/local/cuda/include/sm_60_atomic_functions.h:108:90: note: in expansion of macro '__DEF_IF_HOST'
  108 | unsigned long long atomicAdd_system(unsigned long long *address, unsigned long long val) __DEF_IF_HOST
      |                                                                                          ^~~~~~~~~~~~~
/usr/local/cuda/include/sm_60_atomic_functions.h: In function 'float atomicAdd_block(float*, float)':
/usr/local/cuda/include/sm_60_atomic_functions.h:77:25: warning: no return statement in function returning non-void [-Wreturn-type]
   77 | #define __DEF_IF_HOST { }
      |                         ^
/usr/local/cuda/include/sm_60_atomic_functions.h:111:50: note: in expansion of macro '__DEF_IF_HOST'
  111 | float atomicAdd_block(float *address, float val) __DEF_IF_HOST
      |                                                  ^~~~~~~~~~~~~
/usr/local/cuda/include/sm_60_atomic_functions.h: In function 'float atomicAdd_system(float*, float)':
/usr/local/cuda/include/sm_60_atomic_functions.h:77:25: warning: no return statement in function returning non-void [-Wreturn-type]
   77 | #define __DEF_IF_HOST { }
      |                         ^
/usr/local/cuda/include/sm_60_atomic_functions.h:114:51: note: in expansion of macro '__DEF_IF_HOST'
  114 | float atomicAdd_system(float *address, float val) __DEF_IF_HOST
      |                                                   ^~~~~~~~~~~~~
/usr/local/cuda/include/sm_60_atomic_functions.h: In function 'double atomicAdd_block(double*, double)':
/usr/local/cuda/include/sm_60_atomic_functions.h:77:25: warning: no return statement in function returning non-void [-Wreturn-type]
   77 | #define __DEF_IF_HOST { }
      |                         ^
/usr/local/cuda/include/sm_60_atomic_functions.h:117:53: note: in expansion of macro '__DEF_IF_HOST'
  117 | double atomicAdd_block(double *address, double val) __DEF_IF_HOST
      |                                                     ^~~~~~~~~~~~~
/usr/local/cuda/include/sm_60_atomic_functions.h: In function 'double atomicAdd_system(double*, double)':
/usr/local/cuda/include/sm_60_atomic_functions.h:77:25: warning: no return statement in function returning non-void [-Wreturn-type]
   77 | #define __DEF_IF_HOST { }
      |                         ^
/usr/local/cuda/include/sm_60_atomic_functions.h:120:54: note: in expansion of macro '__DEF_IF_HOST'
  120 | double atomicAdd_system(double *address, double val) __DEF_IF_HOST
      |                                                      ^~~~~~~~~~~~~
/usr/local/cuda/include/sm_60_atomic_functions.h: In function 'int atomicSub_block(int*, int)':
/usr/local/cuda/include/sm_60_atomic_functions.h:77:25: warning: no return statement in function returning non-void [-Wreturn-type]
   77 | #define __DEF_IF_HOST { }
      |                         ^
/usr/local/cuda/include/sm_60_atomic_functions.h:123:44: note: in expansion of macro '__DEF_IF_HOST'
  123 | int atomicSub_block(int *address, int val) __DEF_IF_HOST
      |                                            ^~~~~~~~~~~~~
/usr/local/cuda/include/sm_60_atomic_functions.h: In function 'int atomicSub_system(int*, int)':
/usr/local/cuda/include/sm_60_atomic_functions.h:77:25: warning: no return statement in function returning non-void [-Wreturn-type]
   77 | #define __DEF_IF_HOST { }
      |                         ^
/usr/local/cuda/include/sm_60_atomic_functions.h:126:45: note: in expansion of macro '__DEF_IF_HOST'
  126 | int atomicSub_system(int *address, int val) __DEF_IF_HOST
      |                                             ^~~~~~~~~~~~~
/usr/local/cuda/include/sm_60_atomic_functions.h: In function 'unsigned int atomicSub_block(unsigned int*, unsigned int)':
/usr/local/cuda/include/sm_60_atomic_functions.h:77:25: warning: no return statement in function returning non-void [-Wreturn-type]
   77 | #define __DEF_IF_HOST { }
      |                         ^
/usr/local/cuda/include/sm_60_atomic_functions.h:129:71: note: in expansion of macro '__DEF_IF_HOST'
  129 | unsigned int atomicSub_block(unsigned int *address, unsigned int val) __DEF_IF_HOST
      |                                                                       ^~~~~~~~~~~~~
/usr/local/cuda/include/sm_60_atomic_functions.h: In function 'unsigned int atomicSub_system(unsigned int*, unsigned int)':
/usr/local/cuda/include/sm_60_atomic_functions.h:77:25: warning: no return statement in function returning non-void [-Wreturn-type]
   77 | #define __DEF_IF_HOST { }
      |                         ^
/usr/local/cuda/include/sm_60_atomic_functions.h:132:72: note: in expansion of macro '__DEF_IF_HOST'
  132 | unsigned int atomicSub_system(unsigned int *address, unsigned int val) __DEF_IF_HOST
      |                                                                        ^~~~~~~~~~~~~
/usr/local/cuda/include/sm_60_atomic_functions.h: In function 'int atomicExch_block(int*, int)':
/usr/local/cuda/include/sm_60_atomic_functions.h:77:25: warning: no return statement in function returning non-void [-Wreturn-type]
   77 | #define __DEF_IF_HOST { }
      |                         ^
/usr/local/cuda/include/sm_60_atomic_functions.h:135:45: note: in expansion of macro '__DEF_IF_HOST'
  135 | int atomicExch_block(int *address, int val) __DEF_IF_HOST
      |                                             ^~~~~~~~~~~~~
/usr/local/cuda/include/sm_60_atomic_functions.h: In function 'int atomicExch_system(int*, int)':
/usr/local/cuda/include/sm_60_atomic_functions.h:77:25: warning: no return statement in function returning non-void [-Wreturn-type]
   77 | #define __DEF_IF_HOST { }
      |                         ^
/usr/local/cuda/include/sm_60_atomic_functions.h:138:46: note: in expansion of macro '__DEF_IF_HOST'
  138 | int atomicExch_system(int *address, int val) __DEF_IF_HOST
      |                                              ^~~~~~~~~~~~~
/usr/local/cuda/include/sm_60_atomic_functions.h: In function 'unsigned int atomicExch_block(unsigned int*, unsigned int)':
/usr/local/cuda/include/sm_60_atomic_functions.h:77:25: warning: no return statement in function returning non-void [-Wreturn-type]
   77 | #define __DEF_IF_HOST { }
      |                         ^
/usr/local/cuda/include/sm_60_atomic_functions.h:141:72: note: in expansion of macro '__DEF_IF_HOST'
  141 | unsigned int atomicExch_block(unsigned int *address, unsigned int val) __DEF_IF_HOST
      |                                                                        ^~~~~~~~~~~~~
/usr/local/cuda/include/sm_60_atomic_functions.h: In function 'unsigned int atomicExch_system(unsigned int*, unsigned int)':
/usr/local/cuda/include/sm_60_atomic_functions.h:77:25: warning: no return statement in function returning non-void [-Wreturn-type]
   77 | #define __DEF_IF_HOST { }
      |                         ^
/usr/local/cuda/include/sm_60_atomic_functions.h:144:73: note: in expansion of macro '__DEF_IF_HOST'
  144 | unsigned int atomicExch_system(unsigned int *address, unsigned int val) __DEF_IF_HOST
      |                                                                         ^~~~~~~~~~~~~
/usr/local/cuda/include/sm_60_atomic_functions.h: In function 'long long unsigned int atomicExch_block(long long unsigned int*, long long unsigned int)':
/usr/local/cuda/include/sm_60_atomic_functions.h:77:25: warning: no return statement in function returning non-void [-Wreturn-type]
   77 | #define __DEF_IF_HOST { }
      |                         ^
/usr/local/cuda/include/sm_60_atomic_functions.h:147:90: note: in expansion of macro '__DEF_IF_HOST'
  147 | unsigned long long atomicExch_block(unsigned long long *address, unsigned long long val) __DEF_IF_HOST
      |                                                                                          ^~~~~~~~~~~~~
/usr/local/cuda/include/sm_60_atomic_functions.h: In function 'long long unsigned int atomicExch_system(long long unsigned int*, long long unsigned int)':
/usr/local/cuda/include/sm_60_atomic_functions.h:77:25: warning: no return statement in function returning non-void [-Wreturn-type]
   77 | #define __DEF_IF_HOST { }
      |                         ^
/usr/local/cuda/include/sm_60_atomic_functions.h:150:91: note: in expansion of macro '__DEF_IF_HOST'
  150 | unsigned long long atomicExch_system(unsigned long long *address, unsigned long long val) __DEF_IF_HOST
      |                                                                                           ^~~~~~~~~~~~~
/usr/local/cuda/include/sm_60_atomic_functions.h: In function 'float atomicExch_block(float*, float)':
/usr/local/cuda/include/sm_60_atomic_functions.h:77:25: warning: no return statement in function returning non-void [-Wreturn-type]
   77 | #define __DEF_IF_HOST { }
      |                         ^
/usr/local/cuda/include/sm_60_atomic_functions.h:153:51: note: in expansion of macro '__DEF_IF_HOST'
  153 | float atomicExch_block(float *address, float val) __DEF_IF_HOST
      |                                                   ^~~~~~~~~~~~~
/usr/local/cuda/include/sm_60_atomic_functions.h: In function 'float atomicExch_system(float*, float)':
/usr/local/cuda/include/sm_60_atomic_functions.h:77:25: warning: no return statement in function returning non-void [-Wreturn-type]
   77 | #define __DEF_IF_HOST { }
      |                         ^
/usr/local/cuda/include/sm_60_atomic_functions.h:156:52: note: in expansion of macro '__DEF_IF_HOST'
  156 | float atomicExch_system(float *address, float val) __DEF_IF_HOST
      |                                                    ^~~~~~~~~~~~~
/usr/local/cuda/include/sm_60_atomic_functions.h: In function 'int atomicMin_block(int*, int)':
/usr/local/cuda/include/sm_60_atomic_functions.h:77:25: warning: no return statement in function returning non-void [-Wreturn-type]
   77 | #define __DEF_IF_HOST { }
      |                         ^
/usr/local/cuda/include/sm_60_atomic_functions.h:159:44: note: in expansion of macro '__DEF_IF_HOST'
  159 | int atomicMin_block(int *address, int val) __DEF_IF_HOST
      |                                            ^~~~~~~~~~~~~
/usr/local/cuda/include/sm_60_atomic_functions.h: In function 'int atomicMin_system(int*, int)':
/usr/local/cuda/include/sm_60_atomic_functions.h:77:25: warning: no return statement in function returning non-void [-Wreturn-type]
   77 | #define __DEF_IF_HOST { }
      |                         ^
/usr/local/cuda/include/sm_60_atomic_functions.h:162:45: note: in expansion of macro '__DEF_IF_HOST'
  162 | int atomicMin_system(int *address, int val) __DEF_IF_HOST
      |                                             ^~~~~~~~~~~~~
/usr/local/cuda/include/sm_60_atomic_functions.h: In function 'long long int atomicMin_block(long long int*, long long int)':
/usr/local/cuda/include/sm_60_atomic_functions.h:77:25: warning: no return statement in function returning non-void [-Wreturn-type]
   77 | #define __DEF_IF_HOST { }
      |                         ^
/usr/local/cuda/include/sm_60_atomic_functions.h:165:62: note: in expansion of macro '__DEF_IF_HOST'
  165 | long long atomicMin_block(long long *address, long long val) __DEF_IF_HOST
      |                                                              ^~~~~~~~~~~~~
/usr/local/cuda/include/sm_60_atomic_functions.h: In function 'long long int atomicMin_system(long long int*, long long int)':
/usr/local/cuda/include/sm_60_atomic_functions.h:77:25: warning: no return statement in function returning non-void [-Wreturn-type]
   77 | #define __DEF_IF_HOST { }
      |                         ^
/usr/local/cuda/include/sm_60_atomic_functions.h:168:63: note: in expansion of macro '__DEF_IF_HOST'
  168 | long long atomicMin_system(long long *address, long long val) __DEF_IF_HOST
      |                                                               ^~~~~~~~~~~~~
/usr/local/cuda/include/sm_60_atomic_functions.h: In function 'unsigned int atomicMin_block(unsigned int*, unsigned int)':
/usr/local/cuda/include/sm_60_atomic_functions.h:77:25: warning: no return statement in function returning non-void [-Wreturn-type]
   77 | #define __DEF_IF_HOST { }
      |                         ^
/usr/local/cuda/include/sm_60_atomic_functions.h:171:71: note: in expansion of macro '__DEF_IF_HOST'
  171 | unsigned int atomicMin_block(unsigned int *address, unsigned int val) __DEF_IF_HOST
      |                                                                       ^~~~~~~~~~~~~
/usr/local/cuda/include/sm_60_atomic_functions.h: In function 'unsigned int atomicMin_system(unsigned int*, unsigned int)':
/usr/local/cuda/include/sm_60_atomic_functions.h:77:25: warning: no return statement in function returning non-void [-Wreturn-type]
   77 | #define __DEF_IF_HOST { }
      |                         ^
/usr/local/cuda/include/sm_60_atomic_functions.h:174:72: note: in expansion of macro '__DEF_IF_HOST'
  174 | unsigned int atomicMin_system(unsigned int *address, unsigned int val) __DEF_IF_HOST
      |                                                                        ^~~~~~~~~~~~~
/usr/local/cuda/include/sm_60_atomic_functions.h: In function 'long long unsigned int atomicMin_block(long long unsigned int*, long long unsigned int)':
/usr/local/cuda/include/sm_60_atomic_functions.h:77:25: warning: no return statement in function returning non-void [-Wreturn-type]
   77 | #define __DEF_IF_HOST { }
      |                         ^
/usr/local/cuda/include/sm_60_atomic_functions.h:177:89: note: in expansion of macro '__DEF_IF_HOST'
  177 | unsigned long long atomicMin_block(unsigned long long *address, unsigned long long val) __DEF_IF_HOST
      |                                                                                         ^~~~~~~~~~~~~
/usr/local/cuda/include/sm_60_atomic_functions.h: In function 'long long unsigned int atomicMin_system(long long unsigned int*, long long unsigned int)':
/usr/local/cuda/include/sm_60_atomic_functions.h:77:25: warning: no return statement in function returning non-void [-Wreturn-type]
   77 | #define __DEF_IF_HOST { }
      |                         ^
/usr/local/cuda/include/sm_60_atomic_functions.h:180:90: note: in expansion of macro '__DEF_IF_HOST'
  180 | unsigned long long atomicMin_system(unsigned long long *address, unsigned long long val) __DEF_IF_HOST
      |                                                                                          ^~~~~~~~~~~~~
/usr/local/cuda/include/sm_60_atomic_functions.h: In function 'int atomicMax_block(int*, int)':
/usr/local/cuda/include/sm_60_atomic_functions.h:77:25: warning: no return statement in function returning non-void [-Wreturn-type]
   77 | #define __DEF_IF_HOST { }
      |                         ^
/usr/local/cuda/include/sm_60_atomic_functions.h:183:44: note: in expansion of macro '__DEF_IF_HOST'
  183 | int atomicMax_block(int *address, int val) __DEF_IF_HOST
      |                                            ^~~~~~~~~~~~~
/usr/local/cuda/include/sm_60_atomic_functions.h: In function 'int atomicMax_system(int*, int)':
/usr/local/cuda/include/sm_60_atomic_functions.h:77:25: warning: no return statement in function returning non-void [-Wreturn-type]
   77 | #define __DEF_IF_HOST { }
      |                         ^
/usr/local/cuda/include/sm_60_atomic_functions.h:186:45: note: in expansion of macro '__DEF_IF_HOST'
  186 | int atomicMax_system(int *address, int val) __DEF_IF_HOST
      |                                             ^~~~~~~~~~~~~
/usr/local/cuda/include/sm_60_atomic_functions.h: In function 'long long int atomicMax_block(long long int*, long long int)':
/usr/local/cuda/include/sm_60_atomic_functions.h:77:25: warning: no return statement in function returning non-void [-Wreturn-type]
   77 | #define __DEF_IF_HOST { }
      |                         ^
/usr/local/cuda/include/sm_60_atomic_functions.h:189:62: note: in expansion of macro '__DEF_IF_HOST'
  189 | long long atomicMax_block(long long *address, long long val) __DEF_IF_HOST
      |                                                              ^~~~~~~~~~~~~
/usr/local/cuda/include/sm_60_atomic_functions.h: In function 'long long int atomicMax_system(long long int*, long long int)':
/usr/local/cuda/include/sm_60_atomic_functions.h:77:25: warning: no return statement in function returning non-void [-Wreturn-type]
   77 | #define __DEF_IF_HOST { }
      |                         ^
/usr/local/cuda/include/sm_60_atomic_functions.h:192:63: note: in expansion of macro '__DEF_IF_HOST'
  192 | long long atomicMax_system(long long *address, long long val) __DEF_IF_HOST
      |                                                               ^~~~~~~~~~~~~
/usr/local/cuda/include/sm_60_atomic_functions.h: In function 'unsigned int atomicMax_block(unsigned int*, unsigned int)':
/usr/local/cuda/include/sm_60_atomic_functions.h:77:25: warning: no return statement in function returning non-void [-Wreturn-type]
   77 | #define __DEF_IF_HOST { }
      |                         ^
/usr/local/cuda/include/sm_60_atomic_functions.h:195:71: note: in expansion of macro '__DEF_IF_HOST'
  195 | unsigned int atomicMax_block(unsigned int *address, unsigned int val) __DEF_IF_HOST
      |                                                                       ^~~~~~~~~~~~~
/usr/local/cuda/include/sm_60_atomic_functions.h: In function 'unsigned int atomicMax_system(unsigned int*, unsigned int)':
/usr/local/cuda/include/sm_60_atomic_functions.h:77:25: warning: no return statement in function returning non-void [-Wreturn-type]
   77 | #define __DEF_IF_HOST { }
      |                         ^
/usr/local/cuda/include/sm_60_atomic_functions.h:198:72: note: in expansion of macro '__DEF_IF_HOST'
  198 | unsigned int atomicMax_system(unsigned int *address, unsigned int val) __DEF_IF_HOST
      |                                                                        ^~~~~~~~~~~~~
/usr/local/cuda/include/sm_60_atomic_functions.h: In function 'long long unsigned int atomicMax_block(long long unsigned int*, long long unsigned int)':
/usr/local/cuda/include/sm_60_atomic_functions.h:77:25: warning: no return statement in function returning non-void [-Wreturn-type]
   77 | #define __DEF_IF_HOST { }
      |                         ^
/usr/local/cuda/include/sm_60_atomic_functions.h:201:89: note: in expansion of macro '__DEF_IF_HOST'
  201 | unsigned long long atomicMax_block(unsigned long long *address, unsigned long long val) __DEF_IF_HOST
      |                                                                                         ^~~~~~~~~~~~~
/usr/local/cuda/include/sm_60_atomic_functions.h: In function 'long long unsigned int atomicMax_system(long long unsigned int*, long long unsigned int)':
/usr/local/cuda/include/sm_60_atomic_functions.h:77:25: warning: no return statement in function returning non-void [-Wreturn-type]
   77 | #define __DEF_IF_HOST { }
      |                         ^
/usr/local/cuda/include/sm_60_atomic_functions.h:204:90: note: in expansion of macro '__DEF_IF_HOST'
  204 | unsigned long long atomicMax_system(unsigned long long *address, unsigned long long val) __DEF_IF_HOST
      |                                                                                          ^~~~~~~~~~~~~
/usr/local/cuda/include/sm_60_atomic_functions.h: In function 'unsigned int atomicInc_block(unsigned int*, unsigned int)':
/usr/local/cuda/include/sm_60_atomic_functions.h:77:25: warning: no return statement in function returning non-void [-Wreturn-type]
   77 | #define __DEF_IF_HOST { }
      |                         ^
/usr/local/cuda/include/sm_60_atomic_functions.h:207:71: note: in expansion of macro '__DEF_IF_HOST'
  207 | unsigned int atomicInc_block(unsigned int *address, unsigned int val) __DEF_IF_HOST
      |                                                                       ^~~~~~~~~~~~~
/usr/local/cuda/include/sm_60_atomic_functions.h: In function 'unsigned int atomicInc_system(unsigned int*, unsigned int)':
/usr/local/cuda/include/sm_60_atomic_functions.h:77:25: warning: no return statement in function returning non-void [-Wreturn-type]
   77 | #define __DEF_IF_HOST { }
      |                         ^
/usr/local/cuda/include/sm_60_atomic_functions.h:210:72: note: in expansion of macro '__DEF_IF_HOST'
  210 | unsigned int atomicInc_system(unsigned int *address, unsigned int val) __DEF_IF_HOST
      |                                                                        ^~~~~~~~~~~~~
/usr/local/cuda/include/sm_60_atomic_functions.h: In function 'unsigned int atomicDec_block(unsigned int*, unsigned int)':
/usr/local/cuda/include/sm_60_atomic_functions.h:77:25: warning: no return statement in function returning non-void [-Wreturn-type]
   77 | #define __DEF_IF_HOST { }
      |                         ^
/usr/local/cuda/include/sm_60_atomic_functions.h:213:71: note: in expansion of macro '__DEF_IF_HOST'
  213 | unsigned int atomicDec_block(unsigned int *address, unsigned int val) __DEF_IF_HOST
      |                                                                       ^~~~~~~~~~~~~
/usr/local/cuda/include/sm_60_atomic_functions.h: In function 'unsigned int atomicDec_system(unsigned int*, unsigned int)':
/usr/local/cuda/include/sm_60_atomic_functions.h:77:25: warning: no return statement in function returning non-void [-Wreturn-type]
   77 | #define __DEF_IF_HOST { }
      |                         ^
/usr/local/cuda/include/sm_60_atomic_functions.h:216:72: note: in expansion of macro '__DEF_IF_HOST'
  216 | unsigned int atomicDec_system(unsigned int *address, unsigned int val) __DEF_IF_HOST
      |                                                                        ^~~~~~~~~~~~~
/usr/local/cuda/include/sm_60_atomic_functions.h: In function 'int atomicCAS_block(int*, int, int)':
/usr/local/cuda/include/sm_60_atomic_functions.h:77:25: warning: no return statement in function returning non-void [-Wreturn-type]
   77 | #define __DEF_IF_HOST { }
      |                         ^
/usr/local/cuda/include/sm_60_atomic_functions.h:219:57: note: in expansion of macro '__DEF_IF_HOST'
  219 | int atomicCAS_block(int *address, int compare, int val) __DEF_IF_HOST
      |                                                         ^~~~~~~~~~~~~
/usr/local/cuda/include/sm_60_atomic_functions.h: In function 'int atomicCAS_system(int*, int, int)':
/usr/local/cuda/include/sm_60_atomic_functions.h:77:25: warning: no return statement in function returning non-void [-Wreturn-type]
   77 | #define __DEF_IF_HOST { }
      |                         ^
/usr/local/cuda/include/sm_60_atomic_functions.h:222:58: note: in expansion of macro '__DEF_IF_HOST'
  222 | int atomicCAS_system(int *address, int compare, int val) __DEF_IF_HOST
      |                                                          ^~~~~~~~~~~~~
/usr/local/cuda/include/sm_60_atomic_functions.h: In function 'unsigned int atomicCAS_block(unsigned int*, unsigned int, unsigned int)':
/usr/local/cuda/include/sm_60_atomic_functions.h:77:25: warning: no return statement in function returning non-void [-Wreturn-type]
   77 | #define __DEF_IF_HOST { }
      |                         ^
/usr/local/cuda/include/sm_60_atomic_functions.h:226:48: note: in expansion of macro '__DEF_IF_HOST'
  226 |                              unsigned int val) __DEF_IF_HOST
      |                                                ^~~~~~~~~~~~~
/usr/local/cuda/include/sm_60_atomic_functions.h: In function 'unsigned int atomicCAS_system(unsigned int*, unsigned int, unsigned int)':
/usr/local/cuda/include/sm_60_atomic_functions.h:77:25: warning: no return statement in function returning non-void [-Wreturn-type]
   77 | #define __DEF_IF_HOST { }
      |                         ^
/usr/local/cuda/include/sm_60_atomic_functions.h:230:49: note: in expansion of macro '__DEF_IF_HOST'
  230 |                               unsigned int val) __DEF_IF_HOST
      |                                                 ^~~~~~~~~~~~~
/usr/local/cuda/include/sm_60_atomic_functions.h: In function 'long long unsigned int atomicCAS_block(long long unsigned int*, long long unsigned int, long long unsigned int)':
/usr/local/cuda/include/sm_60_atomic_functions.h:77:25: warning: no return statement in function returning non-void [-Wreturn-type]
   77 | #define __DEF_IF_HOST { }
      |                         ^
/usr/local/cuda/include/sm_60_atomic_functions.h:235:68: note: in expansion of macro '__DEF_IF_HOST'
  235 |                                        unsigned long long int val) __DEF_IF_HOST
      |                                                                    ^~~~~~~~~~~~~
/usr/local/cuda/include/sm_60_atomic_functions.h: In function 'long long unsigned int atomicCAS_system(long long unsigned int*, long long unsigned int, long long unsigned int)':
/usr/local/cuda/include/sm_60_atomic_functions.h:77:25: warning: no return statement in function returning non-void [-Wreturn-type]
   77 | #define __DEF_IF_HOST { }
      |                         ^
/usr/local/cuda/include/sm_60_atomic_functions.h:240:69: note: in expansion of macro '__DEF_IF_HOST'
  240 |                                         unsigned long long int val) __DEF_IF_HOST
      |                                                                     ^~~~~~~~~~~~~
/usr/local/cuda/include/sm_60_atomic_functions.h: In function 'int atomicAnd_block(int*, int)':
/usr/local/cuda/include/sm_60_atomic_functions.h:77:25: warning: no return statement in function returning non-void [-Wreturn-type]
   77 | #define __DEF_IF_HOST { }
      |                         ^
/usr/local/cuda/include/sm_60_atomic_functions.h:243:44: note: in expansion of macro '__DEF_IF_HOST'
  243 | int atomicAnd_block(int *address, int val) __DEF_IF_HOST
      |                                            ^~~~~~~~~~~~~
/usr/local/cuda/include/sm_60_atomic_functions.h: In function 'int atomicAnd_system(int*, int)':
/usr/local/cuda/include/sm_60_atomic_functions.h:77:25: warning: no return statement in function returning non-void [-Wreturn-type]
   77 | #define __DEF_IF_HOST { }
      |                         ^
/usr/local/cuda/include/sm_60_atomic_functions.h:246:45: note: in expansion of macro '__DEF_IF_HOST'
  246 | int atomicAnd_system(int *address, int val) __DEF_IF_HOST
      |                                             ^~~~~~~~~~~~~
/usr/local/cuda/include/sm_60_atomic_functions.h: In function 'long long int atomicAnd_block(long long int*, long long int)':
/usr/local/cuda/include/sm_60_atomic_functions.h:77:25: warning: no return statement in function returning non-void [-Wreturn-type]
   77 | #define __DEF_IF_HOST { }
      |                         ^
/usr/local/cuda/include/sm_60_atomic_functions.h:249:62: note: in expansion of macro '__DEF_IF_HOST'
  249 | long long atomicAnd_block(long long *address, long long val) __DEF_IF_HOST
      |                                                              ^~~~~~~~~~~~~
/usr/local/cuda/include/sm_60_atomic_functions.h: In function 'long long int atomicAnd_system(long long int*, long long int)':
/usr/local/cuda/include/sm_60_atomic_functions.h:77:25: warning: no return statement in function returning non-void [-Wreturn-type]
   77 | #define __DEF_IF_HOST { }
      |                         ^
/usr/local/cuda/include/sm_60_atomic_functions.h:252:63: note: in expansion of macro '__DEF_IF_HOST'
  252 | long long atomicAnd_system(long long *address, long long val) __DEF_IF_HOST
      |                                                               ^~~~~~~~~~~~~
/usr/local/cuda/include/sm_60_atomic_functions.h: In function 'unsigned int atomicAnd_block(unsigned int*, unsigned int)':
/usr/local/cuda/include/sm_60_atomic_functions.h:77:25: warning: no return statement in function returning non-void [-Wreturn-type]
   77 | #define __DEF_IF_HOST { }
      |                         ^
/usr/local/cuda/include/sm_60_atomic_functions.h:255:71: note: in expansion of macro '__DEF_IF_HOST'
  255 | unsigned int atomicAnd_block(unsigned int *address, unsigned int val) __DEF_IF_HOST
      |                                                                       ^~~~~~~~~~~~~
/usr/local/cuda/include/sm_60_atomic_functions.h: In function 'unsigned int atomicAnd_system(unsigned int*, unsigned int)':
/usr/local/cuda/include/sm_60_atomic_functions.h:77:25: warning: no return statement in function returning non-void [-Wreturn-type]
   77 | #define __DEF_IF_HOST { }
      |                         ^
/usr/local/cuda/include/sm_60_atomic_functions.h:258:72: note: in expansion of macro '__DEF_IF_HOST'
  258 | unsigned int atomicAnd_system(unsigned int *address, unsigned int val) __DEF_IF_HOST
      |                                                                        ^~~~~~~~~~~~~
/usr/local/cuda/include/sm_60_atomic_functions.h: In function 'long long unsigned int atomicAnd_block(long long unsigned int*, long long unsigned int)':
/usr/local/cuda/include/sm_60_atomic_functions.h:77:25: warning: no return statement in function returning non-void [-Wreturn-type]
   77 | #define __DEF_IF_HOST { }
      |                         ^
/usr/local/cuda/include/sm_60_atomic_functions.h:261:89: note: in expansion of macro '__DEF_IF_HOST'
  261 | unsigned long long atomicAnd_block(unsigned long long *address, unsigned long long val) __DEF_IF_HOST
      |                                                                                         ^~~~~~~~~~~~~
/usr/local/cuda/include/sm_60_atomic_functions.h: In function 'long long unsigned int atomicAnd_system(long long unsigned int*, long long unsigned int)':
/usr/local/cuda/include/sm_60_atomic_functions.h:77:25: warning: no return statement in function returning non-void [-Wreturn-type]
   77 | #define __DEF_IF_HOST { }
      |                         ^
/usr/local/cuda/include/sm_60_atomic_functions.h:264:90: note: in expansion of macro '__DEF_IF_HOST'
  264 | unsigned long long atomicAnd_system(unsigned long long *address, unsigned long long val) __DEF_IF_HOST
      |                                                                                          ^~~~~~~~~~~~~
/usr/local/cuda/include/sm_60_atomic_functions.h: In function 'int atomicOr_block(int*, int)':
/usr/local/cuda/include/sm_60_atomic_functions.h:77:25: warning: no return statement in function returning non-void [-Wreturn-type]
   77 | #define __DEF_IF_HOST { }
      |                         ^
/usr/local/cuda/include/sm_60_atomic_functions.h:267:43: note: in expansion of macro '__DEF_IF_HOST'
  267 | int atomicOr_block(int *address, int val) __DEF_IF_HOST
      |                                           ^~~~~~~~~~~~~
/usr/local/cuda/include/sm_60_atomic_functions.h: In function 'int atomicOr_system(int*, int)':
/usr/local/cuda/include/sm_60_atomic_functions.h:77:25: warning: no return statement in function returning non-void [-Wreturn-type]
   77 | #define __DEF_IF_HOST { }
      |                         ^
/usr/local/cuda/include/sm_60_atomic_functions.h:270:44: note: in expansion of macro '__DEF_IF_HOST'
  270 | int atomicOr_system(int *address, int val) __DEF_IF_HOST
      |                                            ^~~~~~~~~~~~~
/usr/local/cuda/include/sm_60_atomic_functions.h: In function 'long long int atomicOr_block(long long int*, long long int)':
/usr/local/cuda/include/sm_60_atomic_functions.h:77:25: warning: no return statement in function returning non-void [-Wreturn-type]
   77 | #define __DEF_IF_HOST { }
      |                         ^
/usr/local/cuda/include/sm_60_atomic_functions.h:273:61: note: in expansion of macro '__DEF_IF_HOST'
  273 | long long atomicOr_block(long long *address, long long val) __DEF_IF_HOST
      |                                                             ^~~~~~~~~~~~~
/usr/local/cuda/include/sm_60_atomic_functions.h: In function 'long long int atomicOr_system(long long int*, long long int)':
/usr/local/cuda/include/sm_60_atomic_functions.h:77:25: warning: no return statement in function returning non-void [-Wreturn-type]
   77 | #define __DEF_IF_HOST { }
      |                         ^
/usr/local/cuda/include/sm_60_atomic_functions.h:276:62: note: in expansion of macro '__DEF_IF_HOST'
  276 | long long atomicOr_system(long long *address, long long val) __DEF_IF_HOST
      |                                                              ^~~~~~~~~~~~~
/usr/local/cuda/include/sm_60_atomic_functions.h: In function 'unsigned int atomicOr_block(unsigned int*, unsigned int)':
/usr/local/cuda/include/sm_60_atomic_functions.h:77:25: warning: no return statement in function returning non-void [-Wreturn-type]
   77 | #define __DEF_IF_HOST { }
      |                         ^
/usr/local/cuda/include/sm_60_atomic_functions.h:279:70: note: in expansion of macro '__DEF_IF_HOST'
  279 | unsigned int atomicOr_block(unsigned int *address, unsigned int val) __DEF_IF_HOST
      |                                                                      ^~~~~~~~~~~~~
/usr/local/cuda/include/sm_60_atomic_functions.h: In function 'unsigned int atomicOr_system(unsigned int*, unsigned int)':
/usr/local/cuda/include/sm_60_atomic_functions.h:77:25: warning: no return statement in function returning non-void [-Wreturn-type]
   77 | #define __DEF_IF_HOST { }
      |                         ^
/usr/local/cuda/include/sm_60_atomic_functions.h:282:71: note: in expansion of macro '__DEF_IF_HOST'
  282 | unsigned int atomicOr_system(unsigned int *address, unsigned int val) __DEF_IF_HOST
      |                                                                       ^~~~~~~~~~~~~
/usr/local/cuda/include/sm_60_atomic_functions.h: In function 'long long unsigned int atomicOr_block(long long unsigned int*, long long unsigned int)':
/usr/local/cuda/include/sm_60_atomic_functions.h:77:25: warning: no return statement in function returning non-void [-Wreturn-type]
   77 | #define __DEF_IF_HOST { }
      |                         ^
/usr/local/cuda/include/sm_60_atomic_functions.h:285:88: note: in expansion of macro '__DEF_IF_HOST'
  285 | unsigned long long atomicOr_block(unsigned long long *address, unsigned long long val) __DEF_IF_HOST
      |                                                                                        ^~~~~~~~~~~~~
/usr/local/cuda/include/sm_60_atomic_functions.h: In function 'long long unsigned int atomicOr_system(long long unsigned int*, long long unsigned int)':
/usr/local/cuda/include/sm_60_atomic_functions.h:77:25: warning: no return statement in function returning non-void [-Wreturn-type]
   77 | #define __DEF_IF_HOST { }
      |                         ^
/usr/local/cuda/include/sm_60_atomic_functions.h:288:89: note: in expansion of macro '__DEF_IF_HOST'
  288 | unsigned long long atomicOr_system(unsigned long long *address, unsigned long long val) __DEF_IF_HOST
      |                                                                                         ^~~~~~~~~~~~~
/usr/local/cuda/include/sm_60_atomic_functions.h: In function 'int atomicXor_block(int*, int)':
/usr/local/cuda/include/sm_60_atomic_functions.h:77:25: warning: no return statement in function returning non-void [-Wreturn-type]
   77 | #define __DEF_IF_HOST { }
      |                         ^
/usr/local/cuda/include/sm_60_atomic_functions.h:291:44: note: in expansion of macro '__DEF_IF_HOST'
  291 | int atomicXor_block(int *address, int val) __DEF_IF_HOST
      |                                            ^~~~~~~~~~~~~
/usr/local/cuda/include/sm_60_atomic_functions.h: In function 'int atomicXor_system(int*, int)':
/usr/local/cuda/include/sm_60_atomic_functions.h:77:25: warning: no return statement in function returning non-void [-Wreturn-type]
   77 | #define __DEF_IF_HOST { }
      |                         ^
/usr/local/cuda/include/sm_60_atomic_functions.h:294:45: note: in expansion of macro '__DEF_IF_HOST'
  294 | int atomicXor_system(int *address, int val) __DEF_IF_HOST
      |                                             ^~~~~~~~~~~~~
/usr/local/cuda/include/sm_60_atomic_functions.h: In function 'long long int atomicXor_block(long long int*, long long int)':
/usr/local/cuda/include/sm_60_atomic_functions.h:77:25: warning: no return statement in function returning non-void [-Wreturn-type]
   77 | #define __DEF_IF_HOST { }
      |                         ^
/usr/local/cuda/include/sm_60_atomic_functions.h:297:62: note: in expansion of macro '__DEF_IF_HOST'
  297 | long long atomicXor_block(long long *address, long long val) __DEF_IF_HOST
      |                                                              ^~~~~~~~~~~~~
/usr/local/cuda/include/sm_60_atomic_functions.h: In function 'long long int atomicXor_system(long long int*, long long int)':
/usr/local/cuda/include/sm_60_atomic_functions.h:77:25: warning: no return statement in function returning non-void [-Wreturn-type]
   77 | #define __DEF_IF_HOST { }
      |                         ^
/usr/local/cuda/include/sm_60_atomic_functions.h:300:63: note: in expansion of macro '__DEF_IF_HOST'
  300 | long long atomicXor_system(long long *address, long long val) __DEF_IF_HOST
      |                                                               ^~~~~~~~~~~~~
/usr/local/cuda/include/sm_60_atomic_functions.h: In function 'unsigned int atomicXor_block(unsigned int*, unsigned int)':
/usr/local/cuda/include/sm_60_atomic_functions.h:77:25: warning: no return statement in function returning non-void [-Wreturn-type]
   77 | #define __DEF_IF_HOST { }
      |                         ^
/usr/local/cuda/include/sm_60_atomic_functions.h:303:71: note: in expansion of macro '__DEF_IF_HOST'
  303 | unsigned int atomicXor_block(unsigned int *address, unsigned int val) __DEF_IF_HOST
      |                                                                       ^~~~~~~~~~~~~
/usr/local/cuda/include/sm_60_atomic_functions.h: In function 'unsigned int atomicXor_system(unsigned int*, unsigned int)':
/usr/local/cuda/include/sm_60_atomic_functions.h:77:25: warning: no return statement in function returning non-void [-Wreturn-type]
   77 | #define __DEF_IF_HOST { }
      |                         ^
/usr/local/cuda/include/sm_60_atomic_functions.h:306:72: note: in expansion of macro '__DEF_IF_HOST'
  306 | unsigned int atomicXor_system(unsigned int *address, unsigned int val) __DEF_IF_HOST
      |                                                                        ^~~~~~~~~~~~~
/usr/local/cuda/include/sm_60_atomic_functions.h: In function 'long long unsigned int atomicXor_block(long long unsigned int*, long long unsigned int)':
/usr/local/cuda/include/sm_60_atomic_functions.h:77:25: warning: no return statement in function returning non-void [-Wreturn-type]
   77 | #define __DEF_IF_HOST { }
      |                         ^
/usr/local/cuda/include/sm_60_atomic_functions.h:309:89: note: in expansion of macro '__DEF_IF_HOST'
  309 | unsigned long long atomicXor_block(unsigned long long *address, unsigned long long val) __DEF_IF_HOST
      |                                                                                         ^~~~~~~~~~~~~
/usr/local/cuda/include/sm_60_atomic_functions.h: In function 'long long unsigned int atomicXor_system(long long unsigned int*, long long unsigned int)':
/usr/local/cuda/include/sm_60_atomic_functions.h:77:25: warning: no return statement in function returning non-void [-Wreturn-type]
   77 | #define __DEF_IF_HOST { }
      |                         ^
/usr/local/cuda/include/sm_60_atomic_functions.h:312:90: note: in expansion of macro '__DEF_IF_HOST'
  312 | unsigned long long atomicXor_system(unsigned long long *address, unsigned long long val) __DEF_IF_HOST
      |                                                                                          ^~~~~~~~~~~~~
In file included from /usr/local/cuda/include/crt/device_functions.h:3621,
                 from /home/GVirtuS/GVirtuS/plugins/cudart/backend/CudaRtHandler.h:71,
                 from /home/GVirtuS/GVirtuS/plugins/cudart/backend/CudaRtHandler_execution.cpp:26:
/usr/local/cuda/include/sm_20_intrinsics.h: In function 'unsigned int ballot(bool)':
/usr/local/cuda/include/sm_20_intrinsics.h:75:25: warning: no return statement in function returning non-void [-Wreturn-type]
   75 | #define __DEF_IF_HOST { }
      |                         ^
/usr/local/cuda/include/sm_20_intrinsics.h:1522:110: note: in expansion of macro '__DEF_IF_HOST'
 1522 | __SM_20_INTRINSICS_DECL__ __DEPRECATED__(__WSB_DEPRECATION_MESSAGE(__ballot)) unsigned int ballot(bool pred) __DEF_IF_HOST
      |                                                                                                              ^~~~~~~~~~~~~
/usr/local/cuda/include/sm_20_intrinsics.h: In function 'int syncthreads_count(bool)':
/usr/local/cuda/include/sm_20_intrinsics.h:75:25: warning: no return statement in function returning non-void [-Wreturn-type]
   75 | #define __DEF_IF_HOST { }
      |                         ^
/usr/local/cuda/include/sm_20_intrinsics.h:1524:60: note: in expansion of macro '__DEF_IF_HOST'
 1524 | __SM_20_INTRINSICS_DECL__ int syncthreads_count(bool pred) __DEF_IF_HOST
      |                                                            ^~~~~~~~~~~~~
/usr/local/cuda/include/sm_20_intrinsics.h: In function 'bool syncthreads_and(bool)':
/usr/local/cuda/include/sm_20_intrinsics.h:75:25: warning: no return statement in function returning non-void [-Wreturn-type]
   75 | #define __DEF_IF_HOST { }
      |                         ^
/usr/local/cuda/include/sm_20_intrinsics.h:1526:59: note: in expansion of macro '__DEF_IF_HOST'
 1526 | __SM_20_INTRINSICS_DECL__ bool syncthreads_and(bool pred) __DEF_IF_HOST
      |                                                           ^~~~~~~~~~~~~
/usr/local/cuda/include/sm_20_intrinsics.h: In function 'bool syncthreads_or(bool)':
/usr/local/cuda/include/sm_20_intrinsics.h:75:25: warning: no return statement in function returning non-void [-Wreturn-type]
   75 | #define __DEF_IF_HOST { }
      |                         ^
/usr/local/cuda/include/sm_20_intrinsics.h:1528:58: note: in expansion of macro '__DEF_IF_HOST'
 1528 | __SM_20_INTRINSICS_DECL__ bool syncthreads_or(bool pred) __DEF_IF_HOST
      |                                                          ^~~~~~~~~~~~~
/usr/local/cuda/include/sm_20_intrinsics.h: In function 'unsigned int __isGlobal(const void*)':
/usr/local/cuda/include/sm_20_intrinsics.h:75:25: warning: no return statement in function returning non-void [-Wreturn-type]
   75 | #define __DEF_IF_HOST { }
      |                         ^
/usr/local/cuda/include/sm_20_intrinsics.h:1533:68: note: in expansion of macro '__DEF_IF_HOST'
 1533 | __SM_20_INTRINSICS_DECL__ unsigned int __isGlobal(const void *ptr) __DEF_IF_HOST
      |                                                                    ^~~~~~~~~~~~~
/usr/local/cuda/include/sm_20_intrinsics.h: In function 'unsigned int __isShared(const void*)':
/usr/local/cuda/include/sm_20_intrinsics.h:75:25: warning: no return statement in function returning non-void [-Wreturn-type]
   75 | #define __DEF_IF_HOST { }
      |                         ^
/usr/local/cuda/include/sm_20_intrinsics.h:1534:68: note: in expansion of macro '__DEF_IF_HOST'
 1534 | __SM_20_INTRINSICS_DECL__ unsigned int __isShared(const void *ptr) __DEF_IF_HOST
      |                                                                    ^~~~~~~~~~~~~
/usr/local/cuda/include/sm_20_intrinsics.h: In function 'unsigned int __isConstant(const void*)':
/usr/local/cuda/include/sm_20_intrinsics.h:75:25: warning: no return statement in function returning non-void [-Wreturn-type]
   75 | #define __DEF_IF_HOST { }
      |                         ^
/usr/local/cuda/include/sm_20_intrinsics.h:1535:70: note: in expansion of macro '__DEF_IF_HOST'
 1535 | __SM_20_INTRINSICS_DECL__ unsigned int __isConstant(const void *ptr) __DEF_IF_HOST
      |                                                                      ^~~~~~~~~~~~~
/usr/local/cuda/include/sm_20_intrinsics.h: In function 'unsigned int __isLocal(const void*)':
/usr/local/cuda/include/sm_20_intrinsics.h:75:25: warning: no return statement in function returning non-void [-Wreturn-type]
   75 | #define __DEF_IF_HOST { }
      |                         ^
/usr/local/cuda/include/sm_20_intrinsics.h:1536:67: note: in expansion of macro '__DEF_IF_HOST'
 1536 | __SM_20_INTRINSICS_DECL__ unsigned int __isLocal(const void *ptr) __DEF_IF_HOST
      |                                                                   ^~~~~~~~~~~~~
/usr/local/cuda/include/sm_20_intrinsics.h: In function 'unsigned int __isGridConstant(const void*)':
/usr/local/cuda/include/sm_20_intrinsics.h:75:25: warning: no return statement in function returning non-void [-Wreturn-type]
   75 | #define __DEF_IF_HOST { }
      |                         ^
/usr/local/cuda/include/sm_20_intrinsics.h:1538:74: note: in expansion of macro '__DEF_IF_HOST'
 1538 | __SM_20_INTRINSICS_DECL__ unsigned int __isGridConstant(const void *ptr) __DEF_IF_HOST
      |                                                                          ^~~~~~~~~~~~~
/usr/local/cuda/include/sm_20_intrinsics.h: In function 'size_t __cvta_generic_to_global(const void*)':
/usr/local/cuda/include/sm_20_intrinsics.h:75:25: warning: no return statement in function returning non-void [-Wreturn-type]
   75 | #define __DEF_IF_HOST { }
      |                         ^
/usr/local/cuda/include/sm_20_intrinsics.h:1540:76: note: in expansion of macro '__DEF_IF_HOST'
 1540 | __SM_20_INTRINSICS_DECL__ size_t __cvta_generic_to_global(const void *ptr) __DEF_IF_HOST
      |                                                                            ^~~~~~~~~~~~~
/usr/local/cuda/include/sm_20_intrinsics.h: In function 'size_t __cvta_generic_to_shared(const void*)':
/usr/local/cuda/include/sm_20_intrinsics.h:75:25: warning: no return statement in function returning non-void [-Wreturn-type]
   75 | #define __DEF_IF_HOST { }
      |                         ^
/usr/local/cuda/include/sm_20_intrinsics.h:1541:76: note: in expansion of macro '__DEF_IF_HOST'
 1541 | __SM_20_INTRINSICS_DECL__ size_t __cvta_generic_to_shared(const void *ptr) __DEF_IF_HOST
      |                                                                            ^~~~~~~~~~~~~
/usr/local/cuda/include/sm_20_intrinsics.h: In function 'size_t __cvta_generic_to_constant(const void*)':
/usr/local/cuda/include/sm_20_intrinsics.h:75:25: warning: no return statement in function returning non-void [-Wreturn-type]
   75 | #define __DEF_IF_HOST { }
      |                         ^
/usr/local/cuda/include/sm_20_intrinsics.h:1542:78: note: in expansion of macro '__DEF_IF_HOST'
 1542 | __SM_20_INTRINSICS_DECL__ size_t __cvta_generic_to_constant(const void *ptr) __DEF_IF_HOST
      |                                                                              ^~~~~~~~~~~~~
/usr/local/cuda/include/sm_20_intrinsics.h: In function 'size_t __cvta_generic_to_local(const void*)':
/usr/local/cuda/include/sm_20_intrinsics.h:75:25: warning: no return statement in function returning non-void [-Wreturn-type]
   75 | #define __DEF_IF_HOST { }
      |                         ^
/usr/local/cuda/include/sm_20_intrinsics.h:1543:75: note: in expansion of macro '__DEF_IF_HOST'
 1543 | __SM_20_INTRINSICS_DECL__ size_t __cvta_generic_to_local(const void *ptr) __DEF_IF_HOST
      |                                                                           ^~~~~~~~~~~~~
/usr/local/cuda/include/sm_20_intrinsics.h: In function 'size_t __cvta_generic_to_grid_constant(const void*)':
/usr/local/cuda/include/sm_20_intrinsics.h:75:25: warning: no return statement in function returning non-void [-Wreturn-type]
   75 | #define __DEF_IF_HOST { }
      |                         ^
/usr/local/cuda/include/sm_20_intrinsics.h:1545:83: note: in expansion of macro '__DEF_IF_HOST'
 1545 | __SM_20_INTRINSICS_DECL__ size_t __cvta_generic_to_grid_constant(const void *ptr) __DEF_IF_HOST
      |                                                                                   ^~~~~~~~~~~~~
/usr/local/cuda/include/sm_20_intrinsics.h: In function 'void* __cvta_global_to_generic(size_t)':
/usr/local/cuda/include/sm_20_intrinsics.h:75:25: warning: no return statement in function returning non-void [-Wreturn-type]
   75 | #define __DEF_IF_HOST { }
      |                         ^
/usr/local/cuda/include/sm_20_intrinsics.h:1548:75: note: in expansion of macro '__DEF_IF_HOST'
 1548 | __SM_20_INTRINSICS_DECL__ void * __cvta_global_to_generic(size_t rawbits) __DEF_IF_HOST
      |                                                                           ^~~~~~~~~~~~~
/usr/local/cuda/include/sm_20_intrinsics.h: In function 'void* __cvta_shared_to_generic(size_t)':
/usr/local/cuda/include/sm_20_intrinsics.h:75:25: warning: no return statement in function returning non-void [-Wreturn-type]
   75 | #define __DEF_IF_HOST { }
      |                         ^
/usr/local/cuda/include/sm_20_intrinsics.h:1549:75: note: in expansion of macro '__DEF_IF_HOST'
 1549 | __SM_20_INTRINSICS_DECL__ void * __cvta_shared_to_generic(size_t rawbits) __DEF_IF_HOST
      |                                                                           ^~~~~~~~~~~~~
/usr/local/cuda/include/sm_20_intrinsics.h: In function 'void* __cvta_constant_to_generic(size_t)':
/usr/local/cuda/include/sm_20_intrinsics.h:75:25: warning: no return statement in function returning non-void [-Wreturn-type]
   75 | #define __DEF_IF_HOST { }
      |                         ^
/usr/local/cuda/include/sm_20_intrinsics.h:1550:77: note: in expansion of macro '__DEF_IF_HOST'
 1550 | __SM_20_INTRINSICS_DECL__ void * __cvta_constant_to_generic(size_t rawbits) __DEF_IF_HOST
      |                                                                             ^~~~~~~~~~~~~
/usr/local/cuda/include/sm_20_intrinsics.h: In function 'void* __cvta_local_to_generic(size_t)':
/usr/local/cuda/include/sm_20_intrinsics.h:75:25: warning: no return statement in function returning non-void [-Wreturn-type]
   75 | #define __DEF_IF_HOST { }
      |                         ^
/usr/local/cuda/include/sm_20_intrinsics.h:1551:74: note: in expansion of macro '__DEF_IF_HOST'
 1551 | __SM_20_INTRINSICS_DECL__ void * __cvta_local_to_generic(size_t rawbits) __DEF_IF_HOST
      |                                                                          ^~~~~~~~~~~~~
/usr/local/cuda/include/sm_20_intrinsics.h: In function 'void* __cvta_grid_constant_to_generic(size_t)':
/usr/local/cuda/include/sm_20_intrinsics.h:75:25: warning: no return statement in function returning non-void [-Wreturn-type]
   75 | #define __DEF_IF_HOST { }
      |                         ^
/usr/local/cuda/include/sm_20_intrinsics.h:1553:82: note: in expansion of macro '__DEF_IF_HOST'
 1553 | __SM_20_INTRINSICS_DECL__ void * __cvta_grid_constant_to_generic(size_t rawbits) __DEF_IF_HOST
      |                                                                                  ^~~~~~~~~~~~~
In file included from /usr/local/cuda/include/crt/device_functions.h:3622,
                 from /home/GVirtuS/GVirtuS/plugins/cudart/backend/CudaRtHandler.h:71,
                 from /home/GVirtuS/GVirtuS/plugins/cudart/backend/CudaRtHandler_execution.cpp:26:
/usr/local/cuda/include/sm_30_intrinsics.h: In function 'unsigned int __fns(unsigned int, unsigned int, int)':
/usr/local/cuda/include/sm_30_intrinsics.h:76:25: warning: no return statement in function returning non-void [-Wreturn-type]
   76 | #define __DEF_IF_HOST { }
      |                         ^
/usr/local/cuda/include/sm_30_intrinsics.h:123:85: note: in expansion of macro '__DEF_IF_HOST'
  123 | __SM_30_INTRINSICS_DECL__ unsigned  __fns(unsigned mask, unsigned base, int offset) __DEF_IF_HOST
      |                                                                                     ^~~~~~~~~~~~~
/usr/local/cuda/include/sm_30_intrinsics.h: In function 'int __all_sync(unsigned int, int)':
/usr/local/cuda/include/sm_30_intrinsics.h:76:25: warning: no return statement in function returning non-void [-Wreturn-type]
   76 | #define __DEF_IF_HOST { }
      |                         ^
/usr/local/cuda/include/sm_30_intrinsics.h:127:67: note: in expansion of macro '__DEF_IF_HOST'
  127 | __SM_30_INTRINSICS_DECL__ int __all_sync(unsigned mask, int pred) __DEF_IF_HOST
      |                                                                   ^~~~~~~~~~~~~
/usr/local/cuda/include/sm_30_intrinsics.h: In function 'int __any_sync(unsigned int, int)':
/usr/local/cuda/include/sm_30_intrinsics.h:76:25: warning: no return statement in function returning non-void [-Wreturn-type]
   76 | #define __DEF_IF_HOST { }
      |                         ^
/usr/local/cuda/include/sm_30_intrinsics.h:128:67: note: in expansion of macro '__DEF_IF_HOST'
  128 | __SM_30_INTRINSICS_DECL__ int __any_sync(unsigned mask, int pred) __DEF_IF_HOST
      |                                                                   ^~~~~~~~~~~~~
/usr/local/cuda/include/sm_30_intrinsics.h: In function 'int __uni_sync(unsigned int, int)':
/usr/local/cuda/include/sm_30_intrinsics.h:76:25: warning: no return statement in function returning non-void [-Wreturn-type]
   76 | #define __DEF_IF_HOST { }
      |                         ^
/usr/local/cuda/include/sm_30_intrinsics.h:129:67: note: in expansion of macro '__DEF_IF_HOST'
  129 | __SM_30_INTRINSICS_DECL__ int __uni_sync(unsigned mask, int pred) __DEF_IF_HOST
      |                                                                   ^~~~~~~~~~~~~
/usr/local/cuda/include/sm_30_intrinsics.h: In function 'unsigned int __ballot_sync(unsigned int, int)':
/usr/local/cuda/include/sm_30_intrinsics.h:76:25: warning: no return statement in function returning non-void [-Wreturn-type]
   76 | #define __DEF_IF_HOST { }
      |                         ^
/usr/local/cuda/include/sm_30_intrinsics.h:130:75: note: in expansion of macro '__DEF_IF_HOST'
  130 | __SM_30_INTRINSICS_DECL__ unsigned __ballot_sync(unsigned mask, int pred) __DEF_IF_HOST
      |                                                                           ^~~~~~~~~~~~~
/usr/local/cuda/include/sm_30_intrinsics.h: In function 'unsigned int __activemask()':
/usr/local/cuda/include/sm_30_intrinsics.h:76:25: warning: no return statement in function returning non-void [-Wreturn-type]
   76 | #define __DEF_IF_HOST { }
      |                         ^
/usr/local/cuda/include/sm_30_intrinsics.h:131:51: note: in expansion of macro '__DEF_IF_HOST'
  131 | __SM_30_INTRINSICS_DECL__ unsigned __activemask() __DEF_IF_HOST
      |                                                   ^~~~~~~~~~~~~
/usr/local/cuda/include/sm_30_intrinsics.h: In function 'int __shfl(int, int, int)':
/usr/local/cuda/include/sm_30_intrinsics.h:76:25: warning: no return statement in function returning non-void [-Wreturn-type]
   76 | #define __DEF_IF_HOST { }
      |                         ^
/usr/local/cuda/include/sm_30_intrinsics.h:140:130: note: in expansion of macro '__DEF_IF_HOST'
  140 | __SM_30_INTRINSICS_DECL__ __DEPRECATED__(__WSB_DEPRECATION_MESSAGE(__shfl)) int __shfl(int var, int srcLane, int width=warpSize) __DEF_IF_HOST
      |                                                                                                                                  ^~~~~~~~~~~~~
/usr/local/cuda/include/sm_30_intrinsics.h: In function 'unsigned int __shfl(unsigned int, int, int)':
/usr/local/cuda/include/sm_30_intrinsics.h:76:25: warning: no return statement in function returning non-void [-Wreturn-type]
   76 | #define __DEF_IF_HOST { }
      |                         ^
/usr/local/cuda/include/sm_30_intrinsics.h:141:148: note: in expansion of macro '__DEF_IF_HOST'
  141 | __SM_30_INTRINSICS_DECL__ __DEPRECATED__(__WSB_DEPRECATION_MESSAGE(__shfl)) unsigned int __shfl(unsigned int var, int srcLane, int width=warpSize) __DEF_IF_HOST
      |                                                                                                                                                    ^~~~~~~~~~~~~
/usr/local/cuda/include/sm_30_intrinsics.h: In function 'int __shfl_up(int, unsigned int, int)':
/usr/local/cuda/include/sm_30_intrinsics.h:76:25: warning: no return statement in function returning non-void [-Wreturn-type]
   76 | #define __DEF_IF_HOST { }
      |                         ^
/usr/local/cuda/include/sm_30_intrinsics.h:142:143: note: in expansion of macro '__DEF_IF_HOST'
  142 | __SM_30_INTRINSICS_DECL__ __DEPRECATED__(__WSB_DEPRECATION_MESSAGE(__shfl_up)) int __shfl_up(int var, unsigned int delta, int width=warpSize) __DEF_IF_HOST
      |                                                                                                                                               ^~~~~~~~~~~~~
/usr/local/cuda/include/sm_30_intrinsics.h: In function 'unsigned int __shfl_up(unsigned int, unsigned int, int)':
/usr/local/cuda/include/sm_30_intrinsics.h:76:25: warning: no return statement in function returning non-void [-Wreturn-type]
   76 | #define __DEF_IF_HOST { }
      |                         ^
/usr/local/cuda/include/sm_30_intrinsics.h:143:161: note: in expansion of macro '__DEF_IF_HOST'
  143 | __SM_30_INTRINSICS_DECL__ __DEPRECATED__(__WSB_DEPRECATION_MESSAGE(__shfl_up)) unsigned int __shfl_up(unsigned int var, unsigned int delta, int width=warpSize) __DEF_IF_HOST
      |                                                                                                                                                                 ^~~~~~~~~~~~~
/usr/local/cuda/include/sm_30_intrinsics.h: In function 'int __shfl_down(int, unsigned int, int)':
/usr/local/cuda/include/sm_30_intrinsics.h:76:25: warning: no return statement in function returning non-void [-Wreturn-type]
   76 | #define __DEF_IF_HOST { }
      |                         ^
/usr/local/cuda/include/sm_30_intrinsics.h:144:147: note: in expansion of macro '__DEF_IF_HOST'
  144 | __SM_30_INTRINSICS_DECL__ __DEPRECATED__(__WSB_DEPRECATION_MESSAGE(__shfl_down)) int __shfl_down(int var, unsigned int delta, int width=warpSize) __DEF_IF_HOST
      |                                                                                                                                                   ^~~~~~~~~~~~~
/usr/local/cuda/include/sm_30_intrinsics.h: In function 'unsigned int __shfl_down(unsigned int, unsigned int, int)':
/usr/local/cuda/include/sm_30_intrinsics.h:76:25: warning: no return statement in function returning non-void [-Wreturn-type]
   76 | #define __DEF_IF_HOST { }
      |                         ^
/usr/local/cuda/include/sm_30_intrinsics.h:145:165: note: in expansion of macro '__DEF_IF_HOST'
  145 | __SM_30_INTRINSICS_DECL__ __DEPRECATED__(__WSB_DEPRECATION_MESSAGE(__shfl_down)) unsigned int __shfl_down(unsigned int var, unsigned int delta, int width=warpSize) __DEF_IF_HOST
      |                                                                                                                                                                     ^~~~~~~~~~~~~
/usr/local/cuda/include/sm_30_intrinsics.h: In function 'int __shfl_xor(int, int, int)':
/usr/local/cuda/include/sm_30_intrinsics.h:76:25: warning: no return statement in function returning non-void [-Wreturn-type]
   76 | #define __DEF_IF_HOST { }
      |                         ^
/usr/local/cuda/include/sm_30_intrinsics.h:146:139: note: in expansion of macro '__DEF_IF_HOST'
  146 | __SM_30_INTRINSICS_DECL__ __DEPRECATED__(__WSB_DEPRECATION_MESSAGE(__shfl_xor)) int __shfl_xor(int var, int laneMask, int width=warpSize) __DEF_IF_HOST
      |                                                                                                                                           ^~~~~~~~~~~~~
/usr/local/cuda/include/sm_30_intrinsics.h: In function 'unsigned int __shfl_xor(unsigned int, int, int)':
/usr/local/cuda/include/sm_30_intrinsics.h:76:25: warning: no return statement in function returning non-void [-Wreturn-type]
   76 | #define __DEF_IF_HOST { }
      |                         ^
/usr/local/cuda/include/sm_30_intrinsics.h:147:157: note: in expansion of macro '__DEF_IF_HOST'
  147 | __SM_30_INTRINSICS_DECL__ __DEPRECATED__(__WSB_DEPRECATION_MESSAGE(__shfl_xor)) unsigned int __shfl_xor(unsigned int var, int laneMask, int width=warpSize) __DEF_IF_HOST
      |                                                                                                                                                             ^~~~~~~~~~~~~
/usr/local/cuda/include/sm_30_intrinsics.h: In function 'float __shfl(float, int, int)':
/usr/local/cuda/include/sm_30_intrinsics.h:76:25: warning: no return statement in function returning non-void [-Wreturn-type]
   76 | #define __DEF_IF_HOST { }
      |                         ^
/usr/local/cuda/include/sm_30_intrinsics.h:148:134: note: in expansion of macro '__DEF_IF_HOST'
  148 | __SM_30_INTRINSICS_DECL__ __DEPRECATED__(__WSB_DEPRECATION_MESSAGE(__shfl)) float __shfl(float var, int srcLane, int width=warpSize) __DEF_IF_HOST
      |                                                                                                                                      ^~~~~~~~~~~~~
/usr/local/cuda/include/sm_30_intrinsics.h: In function 'float __shfl_up(float, unsigned int, int)':
/usr/local/cuda/include/sm_30_intrinsics.h:76:25: warning: no return statement in function returning non-void [-Wreturn-type]
   76 | #define __DEF_IF_HOST { }
      |                         ^
/usr/local/cuda/include/sm_30_intrinsics.h:149:147: note: in expansion of macro '__DEF_IF_HOST'
  149 | __SM_30_INTRINSICS_DECL__ __DEPRECATED__(__WSB_DEPRECATION_MESSAGE(__shfl_up)) float __shfl_up(float var, unsigned int delta, int width=warpSize) __DEF_IF_HOST
      |                                                                                                                                                   ^~~~~~~~~~~~~
/usr/local/cuda/include/sm_30_intrinsics.h: In function 'float __shfl_down(float, unsigned int, int)':
/usr/local/cuda/include/sm_30_intrinsics.h:76:25: warning: no return statement in function returning non-void [-Wreturn-type]
   76 | #define __DEF_IF_HOST { }
      |                         ^
/usr/local/cuda/include/sm_30_intrinsics.h:150:151: note: in expansion of macro '__DEF_IF_HOST'
  150 | __SM_30_INTRINSICS_DECL__ __DEPRECATED__(__WSB_DEPRECATION_MESSAGE(__shfl_down)) float __shfl_down(float var, unsigned int delta, int width=warpSize) __DEF_IF_HOST
      |                                                                                                                                                       ^~~~~~~~~~~~~
/usr/local/cuda/include/sm_30_intrinsics.h: In function 'float __shfl_xor(float, int, int)':
/usr/local/cuda/include/sm_30_intrinsics.h:76:25: warning: no return statement in function returning non-void [-Wreturn-type]
   76 | #define __DEF_IF_HOST { }
      |                         ^
/usr/local/cuda/include/sm_30_intrinsics.h:151:143: note: in expansion of macro '__DEF_IF_HOST'
  151 | __SM_30_INTRINSICS_DECL__ __DEPRECATED__(__WSB_DEPRECATION_MESSAGE(__shfl_xor)) float __shfl_xor(float var, int laneMask, int width=warpSize) __DEF_IF_HOST
      |                                                                                                                                               ^~~~~~~~~~~~~
/usr/local/cuda/include/sm_30_intrinsics.h: In function 'int __shfl_sync(unsigned int, int, int, int)':
/usr/local/cuda/include/sm_30_intrinsics.h:76:25: warning: no return statement in function returning non-void [-Wreturn-type]
   76 | #define __DEF_IF_HOST { }
      |                         ^
/usr/local/cuda/include/sm_30_intrinsics.h:154:100: note: in expansion of macro '__DEF_IF_HOST'
  154 | __SM_30_INTRINSICS_DECL__ int __shfl_sync(unsigned mask, int var, int srcLane, int width=warpSize) __DEF_IF_HOST
      |                                                                                                    ^~~~~~~~~~~~~
/usr/local/cuda/include/sm_30_intrinsics.h: In function 'unsigned int __shfl_sync(unsigned int, unsigned int, int, int)':
/usr/local/cuda/include/sm_30_intrinsics.h:76:25: warning: no return statement in function returning non-void [-Wreturn-type]
   76 | #define __DEF_IF_HOST { }
      |                         ^
/usr/local/cuda/include/sm_30_intrinsics.h:155:118: note: in expansion of macro '__DEF_IF_HOST'
  155 | __SM_30_INTRINSICS_DECL__ unsigned int __shfl_sync(unsigned mask, unsigned int var, int srcLane, int width=warpSize) __DEF_IF_HOST
      |                                                                                                                      ^~~~~~~~~~~~~
/usr/local/cuda/include/sm_30_intrinsics.h: In function 'int __shfl_up_sync(unsigned int, int, unsigned int, int)':
/usr/local/cuda/include/sm_30_intrinsics.h:76:25: warning: no return statement in function returning non-void [-Wreturn-type]
   76 | #define __DEF_IF_HOST { }
      |                         ^
/usr/local/cuda/include/sm_30_intrinsics.h:156:110: note: in expansion of macro '__DEF_IF_HOST'
  156 | __SM_30_INTRINSICS_DECL__ int __shfl_up_sync(unsigned mask, int var, unsigned int delta, int width=warpSize) __DEF_IF_HOST
      |                                                                                                              ^~~~~~~~~~~~~
/usr/local/cuda/include/sm_30_intrinsics.h: In function 'unsigned int __shfl_up_sync(unsigned int, unsigned int, unsigned int, int)':
/usr/local/cuda/include/sm_30_intrinsics.h:76:25: warning: no return statement in function returning non-void [-Wreturn-type]
   76 | #define __DEF_IF_HOST { }
      |                         ^
/usr/local/cuda/include/sm_30_intrinsics.h:157:128: note: in expansion of macro '__DEF_IF_HOST'
  157 | __SM_30_INTRINSICS_DECL__ unsigned int __shfl_up_sync(unsigned mask, unsigned int var, unsigned int delta, int width=warpSize) __DEF_IF_HOST
      |                                                                                                                                ^~~~~~~~~~~~~
/usr/local/cuda/include/sm_30_intrinsics.h: In function 'int __shfl_down_sync(unsigned int, int, unsigned int, int)':
/usr/local/cuda/include/sm_30_intrinsics.h:76:25: warning: no return statement in function returning non-void [-Wreturn-type]
   76 | #define __DEF_IF_HOST { }
      |                         ^
/usr/local/cuda/include/sm_30_intrinsics.h:158:112: note: in expansion of macro '__DEF_IF_HOST'
  158 | __SM_30_INTRINSICS_DECL__ int __shfl_down_sync(unsigned mask, int var, unsigned int delta, int width=warpSize) __DEF_IF_HOST
      |                                                                                                                ^~~~~~~~~~~~~
/usr/local/cuda/include/sm_30_intrinsics.h: In function 'unsigned int __shfl_down_sync(unsigned int, unsigned int, unsigned int, int)':
/usr/local/cuda/include/sm_30_intrinsics.h:76:25: warning: no return statement in function returning non-void [-Wreturn-type]
   76 | #define __DEF_IF_HOST { }
      |                         ^
/usr/local/cuda/include/sm_30_intrinsics.h:159:130: note: in expansion of macro '__DEF_IF_HOST'
  159 | __SM_30_INTRINSICS_DECL__ unsigned int __shfl_down_sync(unsigned mask, unsigned int var, unsigned int delta, int width=warpSize) __DEF_IF_HOST
      |                                                                                                                                  ^~~~~~~~~~~~~
/usr/local/cuda/include/sm_30_intrinsics.h: In function 'int __shfl_xor_sync(unsigned int, int, int, int)':
/usr/local/cuda/include/sm_30_intrinsics.h:76:25: warning: no return statement in function returning non-void [-Wreturn-type]
   76 | #define __DEF_IF_HOST { }
      |                         ^
/usr/local/cuda/include/sm_30_intrinsics.h:160:105: note: in expansion of macro '__DEF_IF_HOST'
  160 | __SM_30_INTRINSICS_DECL__ int __shfl_xor_sync(unsigned mask, int var, int laneMask, int width=warpSize) __DEF_IF_HOST
      |                                                                                                         ^~~~~~~~~~~~~
/usr/local/cuda/include/sm_30_intrinsics.h: In function 'unsigned int __shfl_xor_sync(unsigned int, unsigned int, int, int)':
/usr/local/cuda/include/sm_30_intrinsics.h:76:25: warning: no return statement in function returning non-void [-Wreturn-type]
   76 | #define __DEF_IF_HOST { }
      |                         ^
/usr/local/cuda/include/sm_30_intrinsics.h:161:123: note: in expansion of macro '__DEF_IF_HOST'
  161 | __SM_30_INTRINSICS_DECL__ unsigned int __shfl_xor_sync(unsigned mask, unsigned int var, int laneMask, int width=warpSize) __DEF_IF_HOST
      |                                                                                                                           ^~~~~~~~~~~~~
/usr/local/cuda/include/sm_30_intrinsics.h: In function 'float __shfl_sync(unsigned int, float, int, int)':
/usr/local/cuda/include/sm_30_intrinsics.h:76:25: warning: no return statement in function returning non-void [-Wreturn-type]
   76 | #define __DEF_IF_HOST { }
      |                         ^
/usr/local/cuda/include/sm_30_intrinsics.h:162:104: note: in expansion of macro '__DEF_IF_HOST'
  162 | __SM_30_INTRINSICS_DECL__ float __shfl_sync(unsigned mask, float var, int srcLane, int width=warpSize) __DEF_IF_HOST
      |                                                                                                        ^~~~~~~~~~~~~
/usr/local/cuda/include/sm_30_intrinsics.h: In function 'float __shfl_up_sync(unsigned int, float, unsigned int, int)':
/usr/local/cuda/include/sm_30_intrinsics.h:76:25: warning: no return statement in function returning non-void [-Wreturn-type]
   76 | #define __DEF_IF_HOST { }
      |                         ^
/usr/local/cuda/include/sm_30_intrinsics.h:163:114: note: in expansion of macro '__DEF_IF_HOST'
  163 | __SM_30_INTRINSICS_DECL__ float __shfl_up_sync(unsigned mask, float var, unsigned int delta, int width=warpSize) __DEF_IF_HOST
      |                                                                                                                  ^~~~~~~~~~~~~
/usr/local/cuda/include/sm_30_intrinsics.h: In function 'float __shfl_down_sync(unsigned int, float, unsigned int, int)':
/usr/local/cuda/include/sm_30_intrinsics.h:76:25: warning: no return statement in function returning non-void [-Wreturn-type]
   76 | #define __DEF_IF_HOST { }
      |                         ^
/usr/local/cuda/include/sm_30_intrinsics.h:164:116: note: in expansion of macro '__DEF_IF_HOST'
  164 | __SM_30_INTRINSICS_DECL__ float __shfl_down_sync(unsigned mask, float var, unsigned int delta, int width=warpSize) __DEF_IF_HOST
      |                                                                                                                    ^~~~~~~~~~~~~
/usr/local/cuda/include/sm_30_intrinsics.h: In function 'float __shfl_xor_sync(unsigned int, float, int, int)':
/usr/local/cuda/include/sm_30_intrinsics.h:76:25: warning: no return statement in function returning non-void [-Wreturn-type]
   76 | #define __DEF_IF_HOST { }
      |                         ^
/usr/local/cuda/include/sm_30_intrinsics.h:165:109: note: in expansion of macro '__DEF_IF_HOST'
  165 | __SM_30_INTRINSICS_DECL__ float __shfl_xor_sync(unsigned mask, float var, int laneMask, int width=warpSize) __DEF_IF_HOST
      |                                                                                                             ^~~~~~~~~~~~~
/usr/local/cuda/include/sm_30_intrinsics.h: In function 'long long unsigned int __shfl(long long unsigned int, int, int)':
/usr/local/cuda/include/sm_30_intrinsics.h:76:25: warning: no return statement in function returning non-void [-Wreturn-type]
   76 | #define __DEF_IF_HOST { }
      |                         ^
/usr/local/cuda/include/sm_30_intrinsics.h:169:160: note: in expansion of macro '__DEF_IF_HOST'
  169 | __SM_30_INTRINSICS_DECL__ __DEPRECATED__(__WSB_DEPRECATION_MESSAGE(__shfl)) unsigned long long __shfl(unsigned long long var, int srcLane, int width=warpSize) __DEF_IF_HOST
      |                                                                                                                                                                ^~~~~~~~~~~~~
/usr/local/cuda/include/sm_30_intrinsics.h: In function 'long long int __shfl(long long int, int, int)':
/usr/local/cuda/include/sm_30_intrinsics.h:76:25: warning: no return statement in function returning non-void [-Wreturn-type]
   76 | #define __DEF_IF_HOST { }
      |                         ^
/usr/local/cuda/include/sm_30_intrinsics.h:170:142: note: in expansion of macro '__DEF_IF_HOST'
  170 | __SM_30_INTRINSICS_DECL__ __DEPRECATED__(__WSB_DEPRECATION_MESSAGE(__shfl)) long long __shfl(long long var, int srcLane, int width=warpSize) __DEF_IF_HOST
      |                                                                                                                                              ^~~~~~~~~~~~~
/usr/local/cuda/include/sm_30_intrinsics.h: In function 'long long int __shfl_up(long long int, unsigned int, int)':
/usr/local/cuda/include/sm_30_intrinsics.h:76:25: warning: no return statement in function returning non-void [-Wreturn-type]
   76 | #define __DEF_IF_HOST { }
      |                         ^
/usr/local/cuda/include/sm_30_intrinsics.h:171:155: note: in expansion of macro '__DEF_IF_HOST'
  171 | __SM_30_INTRINSICS_DECL__ __DEPRECATED__(__WSB_DEPRECATION_MESSAGE(__shfl_up)) long long __shfl_up(long long var, unsigned int delta, int width=warpSize) __DEF_IF_HOST
      |                                                                                                                                                           ^~~~~~~~~~~~~
/usr/local/cuda/include/sm_30_intrinsics.h: In function 'long long unsigned int __shfl_up(long long unsigned int, unsigned int, int)':
/usr/local/cuda/include/sm_30_intrinsics.h:76:25: warning: no return statement in function returning non-void [-Wreturn-type]
   76 | #define __DEF_IF_HOST { }
      |                         ^
/usr/local/cuda/include/sm_30_intrinsics.h:172:173: note: in expansion of macro '__DEF_IF_HOST'
  172 | __SM_30_INTRINSICS_DECL__ __DEPRECATED__(__WSB_DEPRECATION_MESSAGE(__shfl_up)) unsigned long long __shfl_up(unsigned long long var, unsigned int delta, int width=warpSize) __DEF_IF_HOST
      |                                                                                                                                                                             ^~~~~~~~~~~~~
/usr/local/cuda/include/sm_30_intrinsics.h: In function 'long long int __shfl_down(long long int, unsigned int, int)':
/usr/local/cuda/include/sm_30_intrinsics.h:76:25: warning: no return statement in function returning non-void [-Wreturn-type]
   76 | #define __DEF_IF_HOST { }
      |                         ^
/usr/local/cuda/include/sm_30_intrinsics.h:173:159: note: in expansion of macro '__DEF_IF_HOST'
  173 | __SM_30_INTRINSICS_DECL__ __DEPRECATED__(__WSB_DEPRECATION_MESSAGE(__shfl_down)) long long __shfl_down(long long var, unsigned int delta, int width=warpSize) __DEF_IF_HOST
      |                                                                                                                                                               ^~~~~~~~~~~~~
/usr/local/cuda/include/sm_30_intrinsics.h: In function 'long long unsigned int __shfl_down(long long unsigned int, unsigned int, int)':
/usr/local/cuda/include/sm_30_intrinsics.h:76:25: warning: no return statement in function returning non-void [-Wreturn-type]
   76 | #define __DEF_IF_HOST { }
      |                         ^
/usr/local/cuda/include/sm_30_intrinsics.h:174:177: note: in expansion of macro '__DEF_IF_HOST'
  174 | __SM_30_INTRINSICS_DECL__ __DEPRECATED__(__WSB_DEPRECATION_MESSAGE(__shfl_down)) unsigned long long __shfl_down(unsigned long long var, unsigned int delta, int width=warpSize) __DEF_IF_HOST
      |                                                                                                                                                                                 ^~~~~~~~~~~~~
/usr/local/cuda/include/sm_30_intrinsics.h: In function 'long long int __shfl_xor(long long int, int, int)':
/usr/local/cuda/include/sm_30_intrinsics.h:76:25: warning: no return statement in function returning non-void [-Wreturn-type]
   76 | #define __DEF_IF_HOST { }
      |                         ^
/usr/local/cuda/include/sm_30_intrinsics.h:175:151: note: in expansion of macro '__DEF_IF_HOST'
  175 | __SM_30_INTRINSICS_DECL__ __DEPRECATED__(__WSB_DEPRECATION_MESSAGE(__shfl_xor)) long long __shfl_xor(long long var, int laneMask, int width=warpSize) __DEF_IF_HOST
      |                                                                                                                                                       ^~~~~~~~~~~~~
/usr/local/cuda/include/sm_30_intrinsics.h: In function 'long long unsigned int __shfl_xor(long long unsigned int, int, int)':
/usr/local/cuda/include/sm_30_intrinsics.h:76:25: warning: no return statement in function returning non-void [-Wreturn-type]
   76 | #define __DEF_IF_HOST { }
      |                         ^
/usr/local/cuda/include/sm_30_intrinsics.h:176:169: note: in expansion of macro '__DEF_IF_HOST'
  176 | __SM_30_INTRINSICS_DECL__ __DEPRECATED__(__WSB_DEPRECATION_MESSAGE(__shfl_xor)) unsigned long long __shfl_xor(unsigned long long var, int laneMask, int width=warpSize) __DEF_IF_HOST
      |                                                                                                                                                                         ^~~~~~~~~~~~~
/usr/local/cuda/include/sm_30_intrinsics.h: In function 'double __shfl(double, int, int)':
/usr/local/cuda/include/sm_30_intrinsics.h:76:25: warning: no return statement in function returning non-void [-Wreturn-type]
   76 | #define __DEF_IF_HOST { }
      |                         ^
/usr/local/cuda/include/sm_30_intrinsics.h:177:136: note: in expansion of macro '__DEF_IF_HOST'
  177 | __SM_30_INTRINSICS_DECL__ __DEPRECATED__(__WSB_DEPRECATION_MESSAGE(__shfl)) double __shfl(double var, int srcLane, int width=warpSize) __DEF_IF_HOST
      |                                                                                                                                        ^~~~~~~~~~~~~
/usr/local/cuda/include/sm_30_intrinsics.h: In function 'double __shfl_up(double, unsigned int, int)':
/usr/local/cuda/include/sm_30_intrinsics.h:76:25: warning: no return statement in function returning non-void [-Wreturn-type]
   76 | #define __DEF_IF_HOST { }
      |                         ^
/usr/local/cuda/include/sm_30_intrinsics.h:178:149: note: in expansion of macro '__DEF_IF_HOST'
  178 | __SM_30_INTRINSICS_DECL__ __DEPRECATED__(__WSB_DEPRECATION_MESSAGE(__shfl_up)) double __shfl_up(double var, unsigned int delta, int width=warpSize) __DEF_IF_HOST
      |                                                                                                                                                     ^~~~~~~~~~~~~
/usr/local/cuda/include/sm_30_intrinsics.h: In function 'double __shfl_down(double, unsigned int, int)':
/usr/local/cuda/include/sm_30_intrinsics.h:76:25: warning: no return statement in function returning non-void [-Wreturn-type]
   76 | #define __DEF_IF_HOST { }
      |                         ^
/usr/local/cuda/include/sm_30_intrinsics.h:179:153: note: in expansion of macro '__DEF_IF_HOST'
  179 | __SM_30_INTRINSICS_DECL__ __DEPRECATED__(__WSB_DEPRECATION_MESSAGE(__shfl_down)) double __shfl_down(double var, unsigned int delta, int width=warpSize) __DEF_IF_HOST
      |                                                                                                                                                         ^~~~~~~~~~~~~
/usr/local/cuda/include/sm_30_intrinsics.h: In function 'double __shfl_xor(double, int, int)':
/usr/local/cuda/include/sm_30_intrinsics.h:76:25: warning: no return statement in function returning non-void [-Wreturn-type]
   76 | #define __DEF_IF_HOST { }
      |                         ^
/usr/local/cuda/include/sm_30_intrinsics.h:180:145: note: in expansion of macro '__DEF_IF_HOST'
  180 | __SM_30_INTRINSICS_DECL__ __DEPRECATED__(__WSB_DEPRECATION_MESSAGE(__shfl_xor)) double __shfl_xor(double var, int laneMask, int width=warpSize) __DEF_IF_HOST
      |                                                                                                                                                 ^~~~~~~~~~~~~
/usr/local/cuda/include/sm_30_intrinsics.h: In function 'long long int __shfl_sync(unsigned int, long long int, int, int)':
/usr/local/cuda/include/sm_30_intrinsics.h:76:25: warning: no return statement in function returning non-void [-Wreturn-type]
   76 | #define __DEF_IF_HOST { }
      |                         ^
/usr/local/cuda/include/sm_30_intrinsics.h:183:112: note: in expansion of macro '__DEF_IF_HOST'
  183 | __SM_30_INTRINSICS_DECL__ long long __shfl_sync(unsigned mask, long long var, int srcLane, int width=warpSize) __DEF_IF_HOST
      |                                                                                                                ^~~~~~~~~~~~~
/usr/local/cuda/include/sm_30_intrinsics.h: In function 'long long unsigned int __shfl_sync(unsigned int, long long unsigned int, int, int)':
/usr/local/cuda/include/sm_30_intrinsics.h:76:25: warning: no return statement in function returning non-void [-Wreturn-type]
   76 | #define __DEF_IF_HOST { }
      |                         ^
/usr/local/cuda/include/sm_30_intrinsics.h:184:130: note: in expansion of macro '__DEF_IF_HOST'
  184 | __SM_30_INTRINSICS_DECL__ unsigned long long __shfl_sync(unsigned mask, unsigned long long var, int srcLane, int width=warpSize) __DEF_IF_HOST
      |                                                                                                                                  ^~~~~~~~~~~~~
/usr/local/cuda/include/sm_30_intrinsics.h: In function 'long long int __shfl_up_sync(unsigned int, long long int, unsigned int, int)':
/usr/local/cuda/include/sm_30_intrinsics.h:76:25: warning: no return statement in function returning non-void [-Wreturn-type]
   76 | #define __DEF_IF_HOST { }
      |                         ^
/usr/local/cuda/include/sm_30_intrinsics.h:185:122: note: in expansion of macro '__DEF_IF_HOST'
  185 | __SM_30_INTRINSICS_DECL__ long long __shfl_up_sync(unsigned mask, long long var, unsigned int delta, int width=warpSize) __DEF_IF_HOST
      |                                                                                                                          ^~~~~~~~~~~~~
/usr/local/cuda/include/sm_30_intrinsics.h: In function 'long long unsigned int __shfl_up_sync(unsigned int, long long unsigned int, unsigned int, int)':
/usr/local/cuda/include/sm_30_intrinsics.h:76:25: warning: no return statement in function returning non-void [-Wreturn-type]
   76 | #define __DEF_IF_HOST { }
      |                         ^
/usr/local/cuda/include/sm_30_intrinsics.h:186:140: note: in expansion of macro '__DEF_IF_HOST'
  186 | __SM_30_INTRINSICS_DECL__ unsigned long long __shfl_up_sync(unsigned mask, unsigned long long var, unsigned int delta, int width=warpSize) __DEF_IF_HOST
      |                                                                                                                                            ^~~~~~~~~~~~~
/usr/local/cuda/include/sm_30_intrinsics.h: In function 'long long int __shfl_down_sync(unsigned int, long long int, unsigned int, int)':
/usr/local/cuda/include/sm_30_intrinsics.h:76:25: warning: no return statement in function returning non-void [-Wreturn-type]
   76 | #define __DEF_IF_HOST { }
      |                         ^
/usr/local/cuda/include/sm_30_intrinsics.h:187:124: note: in expansion of macro '__DEF_IF_HOST'
  187 | __SM_30_INTRINSICS_DECL__ long long __shfl_down_sync(unsigned mask, long long var, unsigned int delta, int width=warpSize) __DEF_IF_HOST
      |                                                                                                                            ^~~~~~~~~~~~~
/usr/local/cuda/include/sm_30_intrinsics.h: In function 'long long unsigned int __shfl_down_sync(unsigned int, long long unsigned int, unsigned int, int)':
/usr/local/cuda/include/sm_30_intrinsics.h:76:25: warning: no return statement in function returning non-void [-Wreturn-type]
   76 | #define __DEF_IF_HOST { }
      |                         ^
/usr/local/cuda/include/sm_30_intrinsics.h:188:142: note: in expansion of macro '__DEF_IF_HOST'
  188 | __SM_30_INTRINSICS_DECL__ unsigned long long __shfl_down_sync(unsigned mask, unsigned long long var, unsigned int delta, int width=warpSize) __DEF_IF_HOST
      |                                                                                                                                              ^~~~~~~~~~~~~
/usr/local/cuda/include/sm_30_intrinsics.h: In function 'long long int __shfl_xor_sync(unsigned int, long long int, int, int)':
/usr/local/cuda/include/sm_30_intrinsics.h:76:25: warning: no return statement in function returning non-void [-Wreturn-type]
   76 | #define __DEF_IF_HOST { }
      |                         ^
/usr/local/cuda/include/sm_30_intrinsics.h:189:117: note: in expansion of macro '__DEF_IF_HOST'
  189 | __SM_30_INTRINSICS_DECL__ long long __shfl_xor_sync(unsigned mask, long long var, int laneMask, int width=warpSize) __DEF_IF_HOST
      |                                                                                                                     ^~~~~~~~~~~~~
/usr/local/cuda/include/sm_30_intrinsics.h: In function 'long long unsigned int __shfl_xor_sync(unsigned int, long long unsigned int, int, int)':
/usr/local/cuda/include/sm_30_intrinsics.h:76:25: warning: no return statement in function returning non-void [-Wreturn-type]
   76 | #define __DEF_IF_HOST { }
      |                         ^
/usr/local/cuda/include/sm_30_intrinsics.h:190:135: note: in expansion of macro '__DEF_IF_HOST'
  190 | __SM_30_INTRINSICS_DECL__ unsigned long long __shfl_xor_sync(unsigned mask, unsigned long long var, int laneMask, int width=warpSize) __DEF_IF_HOST
      |                                                                                                                                       ^~~~~~~~~~~~~
/usr/local/cuda/include/sm_30_intrinsics.h: In function 'double __shfl_sync(unsigned int, double, int, int)':
/usr/local/cuda/include/sm_30_intrinsics.h:76:25: warning: no return statement in function returning non-void [-Wreturn-type]
   76 | #define __DEF_IF_HOST { }
      |                         ^
/usr/local/cuda/include/sm_30_intrinsics.h:191:106: note: in expansion of macro '__DEF_IF_HOST'
  191 | __SM_30_INTRINSICS_DECL__ double __shfl_sync(unsigned mask, double var, int srcLane, int width=warpSize) __DEF_IF_HOST
      |                                                                                                          ^~~~~~~~~~~~~
/usr/local/cuda/include/sm_30_intrinsics.h: In function 'double __shfl_up_sync(unsigned int, double, unsigned int, int)':
/usr/local/cuda/include/sm_30_intrinsics.h:76:25: warning: no return statement in function returning non-void [-Wreturn-type]
   76 | #define __DEF_IF_HOST { }
      |                         ^
/usr/local/cuda/include/sm_30_intrinsics.h:192:116: note: in expansion of macro '__DEF_IF_HOST'
  192 | __SM_30_INTRINSICS_DECL__ double __shfl_up_sync(unsigned mask, double var, unsigned int delta, int width=warpSize) __DEF_IF_HOST
      |                                                                                                                    ^~~~~~~~~~~~~
/usr/local/cuda/include/sm_30_intrinsics.h: In function 'double __shfl_down_sync(unsigned int, double, unsigned int, int)':
/usr/local/cuda/include/sm_30_intrinsics.h:76:25: warning: no return statement in function returning non-void [-Wreturn-type]
   76 | #define __DEF_IF_HOST { }
      |                         ^
/usr/local/cuda/include/sm_30_intrinsics.h:193:118: note: in expansion of macro '__DEF_IF_HOST'
  193 | __SM_30_INTRINSICS_DECL__ double __shfl_down_sync(unsigned mask, double var, unsigned int delta, int width=warpSize) __DEF_IF_HOST
      |                                                                                                                      ^~~~~~~~~~~~~
/usr/local/cuda/include/sm_30_intrinsics.h: In function 'double __shfl_xor_sync(unsigned int, double, int, int)':
/usr/local/cuda/include/sm_30_intrinsics.h:76:25: warning: no return statement in function returning non-void [-Wreturn-type]
   76 | #define __DEF_IF_HOST { }
      |                         ^
/usr/local/cuda/include/sm_30_intrinsics.h:194:111: note: in expansion of macro '__DEF_IF_HOST'
  194 | __SM_30_INTRINSICS_DECL__ double __shfl_xor_sync(unsigned mask, double var, int laneMask, int width=warpSize) __DEF_IF_HOST
      |                                                                                                               ^~~~~~~~~~~~~
/usr/local/cuda/include/sm_30_intrinsics.h: In function 'long int __shfl(long int, int, int)':
/usr/local/cuda/include/sm_30_intrinsics.h:76:25: warning: no return statement in function returning non-void [-Wreturn-type]
   76 | #define __DEF_IF_HOST { }
      |                         ^
/usr/local/cuda/include/sm_30_intrinsics.h:198:132: note: in expansion of macro '__DEF_IF_HOST'
  198 | __SM_30_INTRINSICS_DECL__ __DEPRECATED__(__WSB_DEPRECATION_MESSAGE(__shfl)) long __shfl(long var, int srcLane, int width=warpSize) __DEF_IF_HOST
      |                                                                                                                                    ^~~~~~~~~~~~~
/usr/local/cuda/include/sm_30_intrinsics.h: In function 'long unsigned int __shfl(long unsigned int, int, int)':
/usr/local/cuda/include/sm_30_intrinsics.h:76:25: warning: no return statement in function returning non-void [-Wreturn-type]
   76 | #define __DEF_IF_HOST { }
      |                         ^
/usr/local/cuda/include/sm_30_intrinsics.h:199:150: note: in expansion of macro '__DEF_IF_HOST'
  199 | __SM_30_INTRINSICS_DECL__ __DEPRECATED__(__WSB_DEPRECATION_MESSAGE(__shfl)) unsigned long __shfl(unsigned long var, int srcLane, int width=warpSize) __DEF_IF_HOST
      |                                                                                                                                                      ^~~~~~~~~~~~~
/usr/local/cuda/include/sm_30_intrinsics.h: In function 'long int __shfl_up(long int, unsigned int, int)':
/usr/local/cuda/include/sm_30_intrinsics.h:76:25: warning: no return statement in function returning non-void [-Wreturn-type]
   76 | #define __DEF_IF_HOST { }
      |                         ^
/usr/local/cuda/include/sm_30_intrinsics.h:200:145: note: in expansion of macro '__DEF_IF_HOST'
  200 | __SM_30_INTRINSICS_DECL__ __DEPRECATED__(__WSB_DEPRECATION_MESSAGE(__shfl_up)) long __shfl_up(long var, unsigned int delta, int width=warpSize) __DEF_IF_HOST
      |                                                                                                                                                 ^~~~~~~~~~~~~
/usr/local/cuda/include/sm_30_intrinsics.h: In function 'long unsigned int __shfl_up(long unsigned int, unsigned int, int)':
/usr/local/cuda/include/sm_30_intrinsics.h:76:25: warning: no return statement in function returning non-void [-Wreturn-type]
   76 | #define __DEF_IF_HOST { }
      |                         ^
/usr/local/cuda/include/sm_30_intrinsics.h:201:163: note: in expansion of macro '__DEF_IF_HOST'
  201 | __SM_30_INTRINSICS_DECL__ __DEPRECATED__(__WSB_DEPRECATION_MESSAGE(__shfl_up)) unsigned long __shfl_up(unsigned long var, unsigned int delta, int width=warpSize) __DEF_IF_HOST
      |                                                                                                                                                                   ^~~~~~~~~~~~~
/usr/local/cuda/include/sm_30_intrinsics.h: In function 'long int __shfl_down(long int, unsigned int, int)':
/usr/local/cuda/include/sm_30_intrinsics.h:76:25: warning: no return statement in function returning non-void [-Wreturn-type]
   76 | #define __DEF_IF_HOST { }
      |                         ^
/usr/local/cuda/include/sm_30_intrinsics.h:202:149: note: in expansion of macro '__DEF_IF_HOST'
  202 | __SM_30_INTRINSICS_DECL__ __DEPRECATED__(__WSB_DEPRECATION_MESSAGE(__shfl_down)) long __shfl_down(long var, unsigned int delta, int width=warpSize) __DEF_IF_HOST
      |                                                                                                                                                     ^~~~~~~~~~~~~
/usr/local/cuda/include/sm_30_intrinsics.h: In function 'long unsigned int __shfl_down(long unsigned int, unsigned int, int)':
/usr/local/cuda/include/sm_30_intrinsics.h:76:25: warning: no return statement in function returning non-void [-Wreturn-type]
   76 | #define __DEF_IF_HOST { }
      |                         ^
/usr/local/cuda/include/sm_30_intrinsics.h:203:167: note: in expansion of macro '__DEF_IF_HOST'
  203 | __SM_30_INTRINSICS_DECL__ __DEPRECATED__(__WSB_DEPRECATION_MESSAGE(__shfl_down)) unsigned long __shfl_down(unsigned long var, unsigned int delta, int width=warpSize) __DEF_IF_HOST
      |                                                                                                                                                                       ^~~~~~~~~~~~~
/usr/local/cuda/include/sm_30_intrinsics.h: In function 'long int __shfl_xor(long int, int, int)':
/usr/local/cuda/include/sm_30_intrinsics.h:76:25: warning: no return statement in function returning non-void [-Wreturn-type]
   76 | #define __DEF_IF_HOST { }
      |                         ^
/usr/local/cuda/include/sm_30_intrinsics.h:204:141: note: in expansion of macro '__DEF_IF_HOST'
  204 | __SM_30_INTRINSICS_DECL__ __DEPRECATED__(__WSB_DEPRECATION_MESSAGE(__shfl_xor)) long __shfl_xor(long var, int laneMask, int width=warpSize) __DEF_IF_HOST
      |                                                                                                                                             ^~~~~~~~~~~~~
/usr/local/cuda/include/sm_30_intrinsics.h: In function 'long unsigned int __shfl_xor(long unsigned int, int, int)':
/usr/local/cuda/include/sm_30_intrinsics.h:76:25: warning: no return statement in function returning non-void [-Wreturn-type]
   76 | #define __DEF_IF_HOST { }
      |                         ^
/usr/local/cuda/include/sm_30_intrinsics.h:205:159: note: in expansion of macro '__DEF_IF_HOST'
  205 | __SM_30_INTRINSICS_DECL__ __DEPRECATED__(__WSB_DEPRECATION_MESSAGE(__shfl_xor)) unsigned long __shfl_xor(unsigned long var, int laneMask, int width=warpSize) __DEF_IF_HOST
      |                                                                                                                                                               ^~~~~~~~~~~~~
/usr/local/cuda/include/sm_30_intrinsics.h: In function 'long int __shfl_sync(unsigned int, long int, int, int)':
/usr/local/cuda/include/sm_30_intrinsics.h:76:25: warning: no return statement in function returning non-void [-Wreturn-type]
   76 | #define __DEF_IF_HOST { }
      |                         ^
/usr/local/cuda/include/sm_30_intrinsics.h:208:102: note: in expansion of macro '__DEF_IF_HOST'
  208 | __SM_30_INTRINSICS_DECL__ long __shfl_sync(unsigned mask, long var, int srcLane, int width=warpSize) __DEF_IF_HOST
      |                                                                                                      ^~~~~~~~~~~~~
/usr/local/cuda/include/sm_30_intrinsics.h: In function 'long unsigned int __shfl_sync(unsigned int, long unsigned int, int, int)':
/usr/local/cuda/include/sm_30_intrinsics.h:76:25: warning: no return statement in function returning non-void [-Wreturn-type]
   76 | #define __DEF_IF_HOST { }
      |                         ^
/usr/local/cuda/include/sm_30_intrinsics.h:209:120: note: in expansion of macro '__DEF_IF_HOST'
  209 | __SM_30_INTRINSICS_DECL__ unsigned long __shfl_sync(unsigned mask, unsigned long var, int srcLane, int width=warpSize) __DEF_IF_HOST
      |                                                                                                                        ^~~~~~~~~~~~~
/usr/local/cuda/include/sm_30_intrinsics.h: In function 'long int __shfl_up_sync(unsigned int, long int, unsigned int, int)':
/usr/local/cuda/include/sm_30_intrinsics.h:76:25: warning: no return statement in function returning non-void [-Wreturn-type]
   76 | #define __DEF_IF_HOST { }
      |                         ^
/usr/local/cuda/include/sm_30_intrinsics.h:210:112: note: in expansion of macro '__DEF_IF_HOST'
  210 | __SM_30_INTRINSICS_DECL__ long __shfl_up_sync(unsigned mask, long var, unsigned int delta, int width=warpSize) __DEF_IF_HOST
      |                                                                                                                ^~~~~~~~~~~~~
/usr/local/cuda/include/sm_30_intrinsics.h: In function 'long unsigned int __shfl_up_sync(unsigned int, long unsigned int, unsigned int, int)':
/usr/local/cuda/include/sm_30_intrinsics.h:76:25: warning: no return statement in function returning non-void [-Wreturn-type]
   76 | #define __DEF_IF_HOST { }
      |                         ^
/usr/local/cuda/include/sm_30_intrinsics.h:211:130: note: in expansion of macro '__DEF_IF_HOST'
  211 | __SM_30_INTRINSICS_DECL__ unsigned long __shfl_up_sync(unsigned mask, unsigned long var, unsigned int delta, int width=warpSize) __DEF_IF_HOST
      |                                                                                                                                  ^~~~~~~~~~~~~
/usr/local/cuda/include/sm_30_intrinsics.h: In function 'long int __shfl_down_sync(unsigned int, long int, unsigned int, int)':
/usr/local/cuda/include/sm_30_intrinsics.h:76:25: warning: no return statement in function returning non-void [-Wreturn-type]
   76 | #define __DEF_IF_HOST { }
      |                         ^
/usr/local/cuda/include/sm_30_intrinsics.h:212:114: note: in expansion of macro '__DEF_IF_HOST'
  212 | __SM_30_INTRINSICS_DECL__ long __shfl_down_sync(unsigned mask, long var, unsigned int delta, int width=warpSize) __DEF_IF_HOST
      |                                                                                                                  ^~~~~~~~~~~~~
/usr/local/cuda/include/sm_30_intrinsics.h: In function 'long unsigned int __shfl_down_sync(unsigned int, long unsigned int, unsigned int, int)':
/usr/local/cuda/include/sm_30_intrinsics.h:76:25: warning: no return statement in function returning non-void [-Wreturn-type]
   76 | #define __DEF_IF_HOST { }
      |                         ^
/usr/local/cuda/include/sm_30_intrinsics.h:213:132: note: in expansion of macro '__DEF_IF_HOST'
  213 | __SM_30_INTRINSICS_DECL__ unsigned long __shfl_down_sync(unsigned mask, unsigned long var, unsigned int delta, int width=warpSize) __DEF_IF_HOST
      |                                                                                                                                    ^~~~~~~~~~~~~
/usr/local/cuda/include/sm_30_intrinsics.h: In function 'long int __shfl_xor_sync(unsigned int, long int, int, int)':
/usr/local/cuda/include/sm_30_intrinsics.h:76:25: warning: no return statement in function returning non-void [-Wreturn-type]
   76 | #define __DEF_IF_HOST { }
      |                         ^
/usr/local/cuda/include/sm_30_intrinsics.h:214:107: note: in expansion of macro '__DEF_IF_HOST'
  214 | __SM_30_INTRINSICS_DECL__ long __shfl_xor_sync(unsigned mask, long var, int laneMask, int width=warpSize) __DEF_IF_HOST
      |                                                                                                           ^~~~~~~~~~~~~
/usr/local/cuda/include/sm_30_intrinsics.h: In function 'long unsigned int __shfl_xor_sync(unsigned int, long unsigned int, int, int)':
/usr/local/cuda/include/sm_30_intrinsics.h:76:25: warning: no return statement in function returning non-void [-Wreturn-type]
   76 | #define __DEF_IF_HOST { }
      |                         ^
/usr/local/cuda/include/sm_30_intrinsics.h:215:125: note: in expansion of macro '__DEF_IF_HOST'
  215 | __SM_30_INTRINSICS_DECL__ unsigned long __shfl_xor_sync(unsigned mask, unsigned long var, int laneMask, int width=warpSize) __DEF_IF_HOST
      |                                                                                                                             ^~~~~~~~~~~~~
In file included from /usr/local/cuda/include/crt/device_functions.h:3623,
                 from /home/GVirtuS/GVirtuS/plugins/cudart/backend/CudaRtHandler.h:71,
                 from /home/GVirtuS/GVirtuS/plugins/cudart/backend/CudaRtHandler_execution.cpp:26:
/usr/local/cuda/include/sm_32_intrinsics.h: In function 'long int __ldg(const long int*)':
/usr/local/cuda/include/sm_32_intrinsics.h:74:25: warning: no return statement in function returning non-void [-Wreturn-type]
   74 | #define __DEF_IF_HOST { }
      |                         ^
/usr/local/cuda/include/sm_32_intrinsics.h:87:55: note: in expansion of macro '__DEF_IF_HOST'
   87 | __SM_32_INTRINSICS_DECL__ long __ldg(const long *ptr) __DEF_IF_HOST
      |                                                       ^~~~~~~~~~~~~
/usr/local/cuda/include/sm_32_intrinsics.h: In function 'long unsigned int __ldg(const long unsigned int*)':
/usr/local/cuda/include/sm_32_intrinsics.h:74:25: warning: no return statement in function returning non-void [-Wreturn-type]
   74 | #define __DEF_IF_HOST { }
      |                         ^
/usr/local/cuda/include/sm_32_intrinsics.h:88:73: note: in expansion of macro '__DEF_IF_HOST'
   88 | __SM_32_INTRINSICS_DECL__ unsigned long __ldg(const unsigned long *ptr) __DEF_IF_HOST
      |                                                                         ^~~~~~~~~~~~~
/usr/local/cuda/include/sm_32_intrinsics.h: In function 'char __ldg(const char*)':
/usr/local/cuda/include/sm_32_intrinsics.h:74:25: warning: no return statement in function returning non-void [-Wreturn-type]
   74 | #define __DEF_IF_HOST { }
      |                         ^
/usr/local/cuda/include/sm_32_intrinsics.h:90:55: note: in expansion of macro '__DEF_IF_HOST'
   90 | __SM_32_INTRINSICS_DECL__ char __ldg(const char *ptr) __DEF_IF_HOST
      |                                                       ^~~~~~~~~~~~~
/usr/local/cuda/include/sm_32_intrinsics.h: In function 'signed char __ldg(const signed char*)':
/usr/local/cuda/include/sm_32_intrinsics.h:74:25: warning: no return statement in function returning non-void [-Wreturn-type]
   74 | #define __DEF_IF_HOST { }
      |                         ^
/usr/local/cuda/include/sm_32_intrinsics.h:91:69: note: in expansion of macro '__DEF_IF_HOST'
   91 | __SM_32_INTRINSICS_DECL__ signed char __ldg(const signed char *ptr) __DEF_IF_HOST
      |                                                                     ^~~~~~~~~~~~~
/usr/local/cuda/include/sm_32_intrinsics.h: In function 'short int __ldg(const short int*)':
/usr/local/cuda/include/sm_32_intrinsics.h:74:25: warning: no return statement in function returning non-void [-Wreturn-type]
   74 | #define __DEF_IF_HOST { }
      |                         ^
/usr/local/cuda/include/sm_32_intrinsics.h:92:57: note: in expansion of macro '__DEF_IF_HOST'
   92 | __SM_32_INTRINSICS_DECL__ short __ldg(const short *ptr) __DEF_IF_HOST
      |                                                         ^~~~~~~~~~~~~
/usr/local/cuda/include/sm_32_intrinsics.h: In function 'int __ldg(const int*)':
/usr/local/cuda/include/sm_32_intrinsics.h:74:25: warning: no return statement in function returning non-void [-Wreturn-type]
   74 | #define __DEF_IF_HOST { }
      |                         ^
/usr/local/cuda/include/sm_32_intrinsics.h:93:53: note: in expansion of macro '__DEF_IF_HOST'
   93 | __SM_32_INTRINSICS_DECL__ int __ldg(const int *ptr) __DEF_IF_HOST
      |                                                     ^~~~~~~~~~~~~
/usr/local/cuda/include/sm_32_intrinsics.h: In function 'long long int __ldg(const long long int*)':
/usr/local/cuda/include/sm_32_intrinsics.h:74:25: warning: no return statement in function returning non-void [-Wreturn-type]
   74 | #define __DEF_IF_HOST { }
      |                         ^
/usr/local/cuda/include/sm_32_intrinsics.h:94:65: note: in expansion of macro '__DEF_IF_HOST'
   94 | __SM_32_INTRINSICS_DECL__ long long __ldg(const long long *ptr) __DEF_IF_HOST
      |                                                                 ^~~~~~~~~~~~~
/usr/local/cuda/include/sm_32_intrinsics.h: In function 'char2 __ldg(const char2*)':
/usr/local/cuda/include/sm_32_intrinsics.h:74:25: warning: no return statement in function returning non-void [-Wreturn-type]
   74 | #define __DEF_IF_HOST { }
      |                         ^
/usr/local/cuda/include/sm_32_intrinsics.h:95:57: note: in expansion of macro '__DEF_IF_HOST'
   95 | __SM_32_INTRINSICS_DECL__ char2 __ldg(const char2 *ptr) __DEF_IF_HOST
      |                                                         ^~~~~~~~~~~~~
/usr/local/cuda/include/sm_32_intrinsics.h: In function 'char4 __ldg(const char4*)':
/usr/local/cuda/include/sm_32_intrinsics.h:74:25: warning: no return statement in function returning non-void [-Wreturn-type]
   74 | #define __DEF_IF_HOST { }
      |                         ^
/usr/local/cuda/include/sm_32_intrinsics.h:96:57: note: in expansion of macro '__DEF_IF_HOST'
   96 | __SM_32_INTRINSICS_DECL__ char4 __ldg(const char4 *ptr) __DEF_IF_HOST
      |                                                         ^~~~~~~~~~~~~
/usr/local/cuda/include/sm_32_intrinsics.h: In function 'short2 __ldg(const short2*)':
/usr/local/cuda/include/sm_32_intrinsics.h:74:25: warning: no return statement in function returning non-void [-Wreturn-type]
   74 | #define __DEF_IF_HOST { }
      |                         ^
/usr/local/cuda/include/sm_32_intrinsics.h:97:59: note: in expansion of macro '__DEF_IF_HOST'
   97 | __SM_32_INTRINSICS_DECL__ short2 __ldg(const short2 *ptr) __DEF_IF_HOST
      |                                                           ^~~~~~~~~~~~~
/usr/local/cuda/include/sm_32_intrinsics.h: In function 'short4 __ldg(const short4*)':
/usr/local/cuda/include/sm_32_intrinsics.h:74:25: warning: no return statement in function returning non-void [-Wreturn-type]
   74 | #define __DEF_IF_HOST { }
      |                         ^
/usr/local/cuda/include/sm_32_intrinsics.h:98:59: note: in expansion of macro '__DEF_IF_HOST'
   98 | __SM_32_INTRINSICS_DECL__ short4 __ldg(const short4 *ptr) __DEF_IF_HOST
      |                                                           ^~~~~~~~~~~~~
/usr/local/cuda/include/sm_32_intrinsics.h: In function 'int2 __ldg(const int2*)':
/usr/local/cuda/include/sm_32_intrinsics.h:74:25: warning: no return statement in function returning non-void [-Wreturn-type]
   74 | #define __DEF_IF_HOST { }
      |                         ^
/usr/local/cuda/include/sm_32_intrinsics.h:99:55: note: in expansion of macro '__DEF_IF_HOST'
   99 | __SM_32_INTRINSICS_DECL__ int2 __ldg(const int2 *ptr) __DEF_IF_HOST
      |                                                       ^~~~~~~~~~~~~
/usr/local/cuda/include/sm_32_intrinsics.h: In function 'int4 __ldg(const int4*)':
/usr/local/cuda/include/sm_32_intrinsics.h:74:25: warning: no return statement in function returning non-void [-Wreturn-type]
   74 | #define __DEF_IF_HOST { }
      |                         ^
/usr/local/cuda/include/sm_32_intrinsics.h:100:55: note: in expansion of macro '__DEF_IF_HOST'
  100 | __SM_32_INTRINSICS_DECL__ int4 __ldg(const int4 *ptr) __DEF_IF_HOST
      |                                                       ^~~~~~~~~~~~~
/usr/local/cuda/include/sm_32_intrinsics.h: In function 'longlong2 __ldg(const longlong2*)':
/usr/local/cuda/include/sm_32_intrinsics.h:74:25: warning: no return statement in function returning non-void [-Wreturn-type]
   74 | #define __DEF_IF_HOST { }
      |                         ^
/usr/local/cuda/include/sm_32_intrinsics.h:101:65: note: in expansion of macro '__DEF_IF_HOST'
  101 | __SM_32_INTRINSICS_DECL__ longlong2 __ldg(const longlong2 *ptr) __DEF_IF_HOST
      |                                                                 ^~~~~~~~~~~~~
/usr/local/cuda/include/sm_32_intrinsics.h: In function 'unsigned char __ldg(const unsigned char*)':
/usr/local/cuda/include/sm_32_intrinsics.h:74:25: warning: no return statement in function returning non-void [-Wreturn-type]
   74 | #define __DEF_IF_HOST { }
      |                         ^
/usr/local/cuda/include/sm_32_intrinsics.h:103:73: note: in expansion of macro '__DEF_IF_HOST'
  103 | __SM_32_INTRINSICS_DECL__ unsigned char __ldg(const unsigned char *ptr) __DEF_IF_HOST
      |                                                                         ^~~~~~~~~~~~~
/usr/local/cuda/include/sm_32_intrinsics.h: In function 'short unsigned int __ldg(const short unsigned int*)':
/usr/local/cuda/include/sm_32_intrinsics.h:74:25: warning: no return statement in function returning non-void [-Wreturn-type]
   74 | #define __DEF_IF_HOST { }
      |                         ^
/usr/local/cuda/include/sm_32_intrinsics.h:104:75: note: in expansion of macro '__DEF_IF_HOST'
  104 | __SM_32_INTRINSICS_DECL__ unsigned short __ldg(const unsigned short *ptr) __DEF_IF_HOST
      |                                                                           ^~~~~~~~~~~~~
/usr/local/cuda/include/sm_32_intrinsics.h: In function 'unsigned int __ldg(const unsigned int*)':
/usr/local/cuda/include/sm_32_intrinsics.h:74:25: warning: no return statement in function returning non-void [-Wreturn-type]
   74 | #define __DEF_IF_HOST { }
      |                         ^
/usr/local/cuda/include/sm_32_intrinsics.h:105:71: note: in expansion of macro '__DEF_IF_HOST'
  105 | __SM_32_INTRINSICS_DECL__ unsigned int __ldg(const unsigned int *ptr) __DEF_IF_HOST
      |                                                                       ^~~~~~~~~~~~~
/usr/local/cuda/include/sm_32_intrinsics.h: In function 'long long unsigned int __ldg(const long long unsigned int*)':
/usr/local/cuda/include/sm_32_intrinsics.h:74:25: warning: no return statement in function returning non-void [-Wreturn-type]
   74 | #define __DEF_IF_HOST { }
      |                         ^
/usr/local/cuda/include/sm_32_intrinsics.h:106:83: note: in expansion of macro '__DEF_IF_HOST'
  106 | __SM_32_INTRINSICS_DECL__ unsigned long long __ldg(const unsigned long long *ptr) __DEF_IF_HOST
      |                                                                                   ^~~~~~~~~~~~~
/usr/local/cuda/include/sm_32_intrinsics.h: In function 'uchar2 __ldg(const uchar2*)':
/usr/local/cuda/include/sm_32_intrinsics.h:74:25: warning: no return statement in function returning non-void [-Wreturn-type]
   74 | #define __DEF_IF_HOST { }
      |                         ^
/usr/local/cuda/include/sm_32_intrinsics.h:107:59: note: in expansion of macro '__DEF_IF_HOST'
  107 | __SM_32_INTRINSICS_DECL__ uchar2 __ldg(const uchar2 *ptr) __DEF_IF_HOST
      |                                                           ^~~~~~~~~~~~~
/usr/local/cuda/include/sm_32_intrinsics.h: In function 'uchar4 __ldg(const uchar4*)':
/usr/local/cuda/include/sm_32_intrinsics.h:74:25: warning: no return statement in function returning non-void [-Wreturn-type]
   74 | #define __DEF_IF_HOST { }
      |                         ^
/usr/local/cuda/include/sm_32_intrinsics.h:108:59: note: in expansion of macro '__DEF_IF_HOST'
  108 | __SM_32_INTRINSICS_DECL__ uchar4 __ldg(const uchar4 *ptr) __DEF_IF_HOST
      |                                                           ^~~~~~~~~~~~~
/usr/local/cuda/include/sm_32_intrinsics.h: In function 'ushort2 __ldg(const ushort2*)':
/usr/local/cuda/include/sm_32_intrinsics.h:74:25: warning: no return statement in function returning non-void [-Wreturn-type]
   74 | #define __DEF_IF_HOST { }
      |                         ^
/usr/local/cuda/include/sm_32_intrinsics.h:109:61: note: in expansion of macro '__DEF_IF_HOST'
  109 | __SM_32_INTRINSICS_DECL__ ushort2 __ldg(const ushort2 *ptr) __DEF_IF_HOST
      |                                                             ^~~~~~~~~~~~~
/usr/local/cuda/include/sm_32_intrinsics.h: In function 'ushort4 __ldg(const ushort4*)':
/usr/local/cuda/include/sm_32_intrinsics.h:74:25: warning: no return statement in function returning non-void [-Wreturn-type]
   74 | #define __DEF_IF_HOST { }
      |                         ^
/usr/local/cuda/include/sm_32_intrinsics.h:110:61: note: in expansion of macro '__DEF_IF_HOST'
  110 | __SM_32_INTRINSICS_DECL__ ushort4 __ldg(const ushort4 *ptr) __DEF_IF_HOST
      |                                                             ^~~~~~~~~~~~~
/usr/local/cuda/include/sm_32_intrinsics.h: In function 'uint2 __ldg(const uint2*)':
/usr/local/cuda/include/sm_32_intrinsics.h:74:25: warning: no return statement in function returning non-void [-Wreturn-type]
   74 | #define __DEF_IF_HOST { }
      |                         ^
/usr/local/cuda/include/sm_32_intrinsics.h:111:57: note: in expansion of macro '__DEF_IF_HOST'
  111 | __SM_32_INTRINSICS_DECL__ uint2 __ldg(const uint2 *ptr) __DEF_IF_HOST
      |                                                         ^~~~~~~~~~~~~
/usr/local/cuda/include/sm_32_intrinsics.h: In function 'uint4 __ldg(const uint4*)':
/usr/local/cuda/include/sm_32_intrinsics.h:74:25: warning: no return statement in function returning non-void [-Wreturn-type]
   74 | #define __DEF_IF_HOST { }
      |                         ^
/usr/local/cuda/include/sm_32_intrinsics.h:112:57: note: in expansion of macro '__DEF_IF_HOST'
  112 | __SM_32_INTRINSICS_DECL__ uint4 __ldg(const uint4 *ptr) __DEF_IF_HOST
      |                                                         ^~~~~~~~~~~~~
/usr/local/cuda/include/sm_32_intrinsics.h: In function 'ulonglong2 __ldg(const ulonglong2*)':
/usr/local/cuda/include/sm_32_intrinsics.h:74:25: warning: no return statement in function returning non-void [-Wreturn-type]
   74 | #define __DEF_IF_HOST { }
      |                         ^
/usr/local/cuda/include/sm_32_intrinsics.h:113:67: note: in expansion of macro '__DEF_IF_HOST'
  113 | __SM_32_INTRINSICS_DECL__ ulonglong2 __ldg(const ulonglong2 *ptr) __DEF_IF_HOST
      |                                                                   ^~~~~~~~~~~~~
/usr/local/cuda/include/sm_32_intrinsics.h: In function 'float __ldg(const float*)':
/usr/local/cuda/include/sm_32_intrinsics.h:74:25: warning: no return statement in function returning non-void [-Wreturn-type]
   74 | #define __DEF_IF_HOST { }
      |                         ^
/usr/local/cuda/include/sm_32_intrinsics.h:115:57: note: in expansion of macro '__DEF_IF_HOST'
  115 | __SM_32_INTRINSICS_DECL__ float __ldg(const float *ptr) __DEF_IF_HOST
      |                                                         ^~~~~~~~~~~~~
/usr/local/cuda/include/sm_32_intrinsics.h: In function 'double __ldg(const double*)':
/usr/local/cuda/include/sm_32_intrinsics.h:74:25: warning: no return statement in function returning non-void [-Wreturn-type]
   74 | #define __DEF_IF_HOST { }
      |                         ^
/usr/local/cuda/include/sm_32_intrinsics.h:116:59: note: in expansion of macro '__DEF_IF_HOST'
  116 | __SM_32_INTRINSICS_DECL__ double __ldg(const double *ptr) __DEF_IF_HOST
      |                                                           ^~~~~~~~~~~~~
/usr/local/cuda/include/sm_32_intrinsics.h: In function 'float2 __ldg(const float2*)':
/usr/local/cuda/include/sm_32_intrinsics.h:74:25: warning: no return statement in function returning non-void [-Wreturn-type]
   74 | #define __DEF_IF_HOST { }
      |                         ^
/usr/local/cuda/include/sm_32_intrinsics.h:117:59: note: in expansion of macro '__DEF_IF_HOST'
  117 | __SM_32_INTRINSICS_DECL__ float2 __ldg(const float2 *ptr) __DEF_IF_HOST
      |                                                           ^~~~~~~~~~~~~
/usr/local/cuda/include/sm_32_intrinsics.h: In function 'float4 __ldg(const float4*)':
/usr/local/cuda/include/sm_32_intrinsics.h:74:25: warning: no return statement in function returning non-void [-Wreturn-type]
   74 | #define __DEF_IF_HOST { }
      |                         ^
/usr/local/cuda/include/sm_32_intrinsics.h:118:59: note: in expansion of macro '__DEF_IF_HOST'
  118 | __SM_32_INTRINSICS_DECL__ float4 __ldg(const float4 *ptr) __DEF_IF_HOST
      |                                                           ^~~~~~~~~~~~~
/usr/local/cuda/include/sm_32_intrinsics.h: In function 'double2 __ldg(const double2*)':
/usr/local/cuda/include/sm_32_intrinsics.h:74:25: warning: no return statement in function returning non-void [-Wreturn-type]
   74 | #define __DEF_IF_HOST { }
      |                         ^
/usr/local/cuda/include/sm_32_intrinsics.h:119:61: note: in expansion of macro '__DEF_IF_HOST'
  119 | __SM_32_INTRINSICS_DECL__ double2 __ldg(const double2 *ptr) __DEF_IF_HOST
      |                                                             ^~~~~~~~~~~~~
/usr/local/cuda/include/sm_32_intrinsics.h: In function 'long int __ldcg(const long int*)':
/usr/local/cuda/include/sm_32_intrinsics.h:74:25: warning: no return statement in function returning non-void [-Wreturn-type]
   74 | #define __DEF_IF_HOST { }
      |                         ^
/usr/local/cuda/include/sm_32_intrinsics.h:123:56: note: in expansion of macro '__DEF_IF_HOST'
  123 | __SM_32_INTRINSICS_DECL__ long __ldcg(const long *ptr) __DEF_IF_HOST
      |                                                        ^~~~~~~~~~~~~
/usr/local/cuda/include/sm_32_intrinsics.h: In function 'long unsigned int __ldcg(const long unsigned int*)':
/usr/local/cuda/include/sm_32_intrinsics.h:74:25: warning: no return statement in function returning non-void [-Wreturn-type]
   74 | #define __DEF_IF_HOST { }
      |                         ^
/usr/local/cuda/include/sm_32_intrinsics.h:124:74: note: in expansion of macro '__DEF_IF_HOST'
  124 | __SM_32_INTRINSICS_DECL__ unsigned long __ldcg(const unsigned long *ptr) __DEF_IF_HOST
      |                                                                          ^~~~~~~~~~~~~
/usr/local/cuda/include/sm_32_intrinsics.h: In function 'char __ldcg(const char*)':
/usr/local/cuda/include/sm_32_intrinsics.h:74:25: warning: no return statement in function returning non-void [-Wreturn-type]
   74 | #define __DEF_IF_HOST { }
      |                         ^
/usr/local/cuda/include/sm_32_intrinsics.h:126:56: note: in expansion of macro '__DEF_IF_HOST'
  126 | __SM_32_INTRINSICS_DECL__ char __ldcg(const char *ptr) __DEF_IF_HOST
      |                                                        ^~~~~~~~~~~~~
/usr/local/cuda/include/sm_32_intrinsics.h: In function 'signed char __ldcg(const signed char*)':
/usr/local/cuda/include/sm_32_intrinsics.h:74:25: warning: no return statement in function returning non-void [-Wreturn-type]
   74 | #define __DEF_IF_HOST { }
      |                         ^
/usr/local/cuda/include/sm_32_intrinsics.h:127:70: note: in expansion of macro '__DEF_IF_HOST'
  127 | __SM_32_INTRINSICS_DECL__ signed char __ldcg(const signed char *ptr) __DEF_IF_HOST
      |                                                                      ^~~~~~~~~~~~~
/usr/local/cuda/include/sm_32_intrinsics.h: In function 'short int __ldcg(const short int*)':
/usr/local/cuda/include/sm_32_intrinsics.h:74:25: warning: no return statement in function returning non-void [-Wreturn-type]
   74 | #define __DEF_IF_HOST { }
      |                         ^
/usr/local/cuda/include/sm_32_intrinsics.h:128:58: note: in expansion of macro '__DEF_IF_HOST'
  128 | __SM_32_INTRINSICS_DECL__ short __ldcg(const short *ptr) __DEF_IF_HOST
      |                                                          ^~~~~~~~~~~~~
/usr/local/cuda/include/sm_32_intrinsics.h: In function 'int __ldcg(const int*)':
/usr/local/cuda/include/sm_32_intrinsics.h:74:25: warning: no return statement in function returning non-void [-Wreturn-type]
   74 | #define __DEF_IF_HOST { }
      |                         ^
/usr/local/cuda/include/sm_32_intrinsics.h:129:54: note: in expansion of macro '__DEF_IF_HOST'
  129 | __SM_32_INTRINSICS_DECL__ int __ldcg(const int *ptr) __DEF_IF_HOST
      |                                                      ^~~~~~~~~~~~~
/usr/local/cuda/include/sm_32_intrinsics.h: In function 'long long int __ldcg(const long long int*)':
/usr/local/cuda/include/sm_32_intrinsics.h:74:25: warning: no return statement in function returning non-void [-Wreturn-type]
   74 | #define __DEF_IF_HOST { }
      |                         ^
/usr/local/cuda/include/sm_32_intrinsics.h:130:66: note: in expansion of macro '__DEF_IF_HOST'
  130 | __SM_32_INTRINSICS_DECL__ long long __ldcg(const long long *ptr) __DEF_IF_HOST
      |                                                                  ^~~~~~~~~~~~~
/usr/local/cuda/include/sm_32_intrinsics.h: In function 'char2 __ldcg(const char2*)':
/usr/local/cuda/include/sm_32_intrinsics.h:74:25: warning: no return statement in function returning non-void [-Wreturn-type]
   74 | #define __DEF_IF_HOST { }
      |                         ^
/usr/local/cuda/include/sm_32_intrinsics.h:131:58: note: in expansion of macro '__DEF_IF_HOST'
  131 | __SM_32_INTRINSICS_DECL__ char2 __ldcg(const char2 *ptr) __DEF_IF_HOST
      |                                                          ^~~~~~~~~~~~~
/usr/local/cuda/include/sm_32_intrinsics.h: In function 'char4 __ldcg(const char4*)':
/usr/local/cuda/include/sm_32_intrinsics.h:74:25: warning: no return statement in function returning non-void [-Wreturn-type]
   74 | #define __DEF_IF_HOST { }
      |                         ^
/usr/local/cuda/include/sm_32_intrinsics.h:132:58: note: in expansion of macro '__DEF_IF_HOST'
  132 | __SM_32_INTRINSICS_DECL__ char4 __ldcg(const char4 *ptr) __DEF_IF_HOST
      |                                                          ^~~~~~~~~~~~~
/usr/local/cuda/include/sm_32_intrinsics.h: In function 'short2 __ldcg(const short2*)':
/usr/local/cuda/include/sm_32_intrinsics.h:74:25: warning: no return statement in function returning non-void [-Wreturn-type]
   74 | #define __DEF_IF_HOST { }
      |                         ^
/usr/local/cuda/include/sm_32_intrinsics.h:133:60: note: in expansion of macro '__DEF_IF_HOST'
  133 | __SM_32_INTRINSICS_DECL__ short2 __ldcg(const short2 *ptr) __DEF_IF_HOST
      |                                                            ^~~~~~~~~~~~~
/usr/local/cuda/include/sm_32_intrinsics.h: In function 'short4 __ldcg(const short4*)':
/usr/local/cuda/include/sm_32_intrinsics.h:74:25: warning: no return statement in function returning non-void [-Wreturn-type]
   74 | #define __DEF_IF_HOST { }
      |                         ^
/usr/local/cuda/include/sm_32_intrinsics.h:134:60: note: in expansion of macro '__DEF_IF_HOST'
  134 | __SM_32_INTRINSICS_DECL__ short4 __ldcg(const short4 *ptr) __DEF_IF_HOST
      |                                                            ^~~~~~~~~~~~~
/usr/local/cuda/include/sm_32_intrinsics.h: In function 'int2 __ldcg(const int2*)':
/usr/local/cuda/include/sm_32_intrinsics.h:74:25: warning: no return statement in function returning non-void [-Wreturn-type]
   74 | #define __DEF_IF_HOST { }
      |                         ^
/usr/local/cuda/include/sm_32_intrinsics.h:135:56: note: in expansion of macro '__DEF_IF_HOST'
  135 | __SM_32_INTRINSICS_DECL__ int2 __ldcg(const int2 *ptr) __DEF_IF_HOST
      |                                                        ^~~~~~~~~~~~~
/usr/local/cuda/include/sm_32_intrinsics.h: In function 'int4 __ldcg(const int4*)':
/usr/local/cuda/include/sm_32_intrinsics.h:74:25: warning: no return statement in function returning non-void [-Wreturn-type]
   74 | #define __DEF_IF_HOST { }
      |                         ^
/usr/local/cuda/include/sm_32_intrinsics.h:136:56: note: in expansion of macro '__DEF_IF_HOST'
  136 | __SM_32_INTRINSICS_DECL__ int4 __ldcg(const int4 *ptr) __DEF_IF_HOST
      |                                                        ^~~~~~~~~~~~~
/usr/local/cuda/include/sm_32_intrinsics.h: In function 'longlong2 __ldcg(const longlong2*)':
/usr/local/cuda/include/sm_32_intrinsics.h:74:25: warning: no return statement in function returning non-void [-Wreturn-type]
   74 | #define __DEF_IF_HOST { }
      |                         ^
/usr/local/cuda/include/sm_32_intrinsics.h:137:66: note: in expansion of macro '__DEF_IF_HOST'
  137 | __SM_32_INTRINSICS_DECL__ longlong2 __ldcg(const longlong2 *ptr) __DEF_IF_HOST
      |                                                                  ^~~~~~~~~~~~~
/usr/local/cuda/include/sm_32_intrinsics.h: In function 'unsigned char __ldcg(const unsigned char*)':
/usr/local/cuda/include/sm_32_intrinsics.h:74:25: warning: no return statement in function returning non-void [-Wreturn-type]
   74 | #define __DEF_IF_HOST { }
      |                         ^
/usr/local/cuda/include/sm_32_intrinsics.h:139:74: note: in expansion of macro '__DEF_IF_HOST'
  139 | __SM_32_INTRINSICS_DECL__ unsigned char __ldcg(const unsigned char *ptr) __DEF_IF_HOST
      |                                                                          ^~~~~~~~~~~~~
/usr/local/cuda/include/sm_32_intrinsics.h: In function 'short unsigned int __ldcg(const short unsigned int*)':
/usr/local/cuda/include/sm_32_intrinsics.h:74:25: warning: no return statement in function returning non-void [-Wreturn-type]
   74 | #define __DEF_IF_HOST { }
      |                         ^
/usr/local/cuda/include/sm_32_intrinsics.h:140:76: note: in expansion of macro '__DEF_IF_HOST'
  140 | __SM_32_INTRINSICS_DECL__ unsigned short __ldcg(const unsigned short *ptr) __DEF_IF_HOST
      |                                                                            ^~~~~~~~~~~~~
/usr/local/cuda/include/sm_32_intrinsics.h: In function 'unsigned int __ldcg(const unsigned int*)':
/usr/local/cuda/include/sm_32_intrinsics.h:74:25: warning: no return statement in function returning non-void [-Wreturn-type]
   74 | #define __DEF_IF_HOST { }
      |                         ^
/usr/local/cuda/include/sm_32_intrinsics.h:141:72: note: in expansion of macro '__DEF_IF_HOST'
  141 | __SM_32_INTRINSICS_DECL__ unsigned int __ldcg(const unsigned int *ptr) __DEF_IF_HOST
      |                                                                        ^~~~~~~~~~~~~
/usr/local/cuda/include/sm_32_intrinsics.h: In function 'long long unsigned int __ldcg(const long long unsigned int*)':
/usr/local/cuda/include/sm_32_intrinsics.h:74:25: warning: no return statement in function returning non-void [-Wreturn-type]
   74 | #define __DEF_IF_HOST { }
      |                         ^
/usr/local/cuda/include/sm_32_intrinsics.h:142:84: note: in expansion of macro '__DEF_IF_HOST'
  142 | __SM_32_INTRINSICS_DECL__ unsigned long long __ldcg(const unsigned long long *ptr) __DEF_IF_HOST
      |                                                                                    ^~~~~~~~~~~~~
/usr/local/cuda/include/sm_32_intrinsics.h: In function 'uchar2 __ldcg(const uchar2*)':
/usr/local/cuda/include/sm_32_intrinsics.h:74:25: warning: no return statement in function returning non-void [-Wreturn-type]
   74 | #define __DEF_IF_HOST { }
      |                         ^
/usr/local/cuda/include/sm_32_intrinsics.h:143:60: note: in expansion of macro '__DEF_IF_HOST'
  143 | __SM_32_INTRINSICS_DECL__ uchar2 __ldcg(const uchar2 *ptr) __DEF_IF_HOST
      |                                                            ^~~~~~~~~~~~~
/usr/local/cuda/include/sm_32_intrinsics.h: In function 'uchar4 __ldcg(const uchar4*)':
/usr/local/cuda/include/sm_32_intrinsics.h:74:25: warning: no return statement in function returning non-void [-Wreturn-type]
   74 | #define __DEF_IF_HOST { }
      |                         ^
/usr/local/cuda/include/sm_32_intrinsics.h:144:60: note: in expansion of macro '__DEF_IF_HOST'
  144 | __SM_32_INTRINSICS_DECL__ uchar4 __ldcg(const uchar4 *ptr) __DEF_IF_HOST
      |                                                            ^~~~~~~~~~~~~
/usr/local/cuda/include/sm_32_intrinsics.h: In function 'ushort2 __ldcg(const ushort2*)':
/usr/local/cuda/include/sm_32_intrinsics.h:74:25: warning: no return statement in function returning non-void [-Wreturn-type]
   74 | #define __DEF_IF_HOST { }
      |                         ^
/usr/local/cuda/include/sm_32_intrinsics.h:145:62: note: in expansion of macro '__DEF_IF_HOST'
  145 | __SM_32_INTRINSICS_DECL__ ushort2 __ldcg(const ushort2 *ptr) __DEF_IF_HOST
      |                                                              ^~~~~~~~~~~~~
/usr/local/cuda/include/sm_32_intrinsics.h: In function 'ushort4 __ldcg(const ushort4*)':
/usr/local/cuda/include/sm_32_intrinsics.h:74:25: warning: no return statement in function returning non-void [-Wreturn-type]
   74 | #define __DEF_IF_HOST { }
      |                         ^
/usr/local/cuda/include/sm_32_intrinsics.h:146:62: note: in expansion of macro '__DEF_IF_HOST'
  146 | __SM_32_INTRINSICS_DECL__ ushort4 __ldcg(const ushort4 *ptr) __DEF_IF_HOST
      |                                                              ^~~~~~~~~~~~~
/usr/local/cuda/include/sm_32_intrinsics.h: In function 'uint2 __ldcg(const uint2*)':
/usr/local/cuda/include/sm_32_intrinsics.h:74:25: warning: no return statement in function returning non-void [-Wreturn-type]
   74 | #define __DEF_IF_HOST { }
      |                         ^
/usr/local/cuda/include/sm_32_intrinsics.h:147:58: note: in expansion of macro '__DEF_IF_HOST'
  147 | __SM_32_INTRINSICS_DECL__ uint2 __ldcg(const uint2 *ptr) __DEF_IF_HOST
      |                                                          ^~~~~~~~~~~~~
/usr/local/cuda/include/sm_32_intrinsics.h: In function 'uint4 __ldcg(const uint4*)':
/usr/local/cuda/include/sm_32_intrinsics.h:74:25: warning: no return statement in function returning non-void [-Wreturn-type]
   74 | #define __DEF_IF_HOST { }
      |                         ^
/usr/local/cuda/include/sm_32_intrinsics.h:148:58: note: in expansion of macro '__DEF_IF_HOST'
  148 | __SM_32_INTRINSICS_DECL__ uint4 __ldcg(const uint4 *ptr) __DEF_IF_HOST
      |                                                          ^~~~~~~~~~~~~
/usr/local/cuda/include/sm_32_intrinsics.h: In function 'ulonglong2 __ldcg(const ulonglong2*)':
/usr/local/cuda/include/sm_32_intrinsics.h:74:25: warning: no return statement in function returning non-void [-Wreturn-type]
   74 | #define __DEF_IF_HOST { }
      |                         ^
/usr/local/cuda/include/sm_32_intrinsics.h:149:68: note: in expansion of macro '__DEF_IF_HOST'
  149 | __SM_32_INTRINSICS_DECL__ ulonglong2 __ldcg(const ulonglong2 *ptr) __DEF_IF_HOST
      |                                                                    ^~~~~~~~~~~~~
/usr/local/cuda/include/sm_32_intrinsics.h: In function 'float __ldcg(const float*)':
/usr/local/cuda/include/sm_32_intrinsics.h:74:25: warning: no return statement in function returning non-void [-Wreturn-type]
   74 | #define __DEF_IF_HOST { }
      |                         ^
/usr/local/cuda/include/sm_32_intrinsics.h:151:58: note: in expansion of macro '__DEF_IF_HOST'
  151 | __SM_32_INTRINSICS_DECL__ float __ldcg(const float *ptr) __DEF_IF_HOST
      |                                                          ^~~~~~~~~~~~~
/usr/local/cuda/include/sm_32_intrinsics.h: In function 'double __ldcg(const double*)':
/usr/local/cuda/include/sm_32_intrinsics.h:74:25: warning: no return statement in function returning non-void [-Wreturn-type]
   74 | #define __DEF_IF_HOST { }
      |                         ^
/usr/local/cuda/include/sm_32_intrinsics.h:152:60: note: in expansion of macro '__DEF_IF_HOST'
  152 | __SM_32_INTRINSICS_DECL__ double __ldcg(const double *ptr) __DEF_IF_HOST
      |                                                            ^~~~~~~~~~~~~
/usr/local/cuda/include/sm_32_intrinsics.h: In function 'float2 __ldcg(const float2*)':
/usr/local/cuda/include/sm_32_intrinsics.h:74:25: warning: no return statement in function returning non-void [-Wreturn-type]
   74 | #define __DEF_IF_HOST { }
      |                         ^
/usr/local/cuda/include/sm_32_intrinsics.h:153:60: note: in expansion of macro '__DEF_IF_HOST'
  153 | __SM_32_INTRINSICS_DECL__ float2 __ldcg(const float2 *ptr) __DEF_IF_HOST
      |                                                            ^~~~~~~~~~~~~
/usr/local/cuda/include/sm_32_intrinsics.h: In function 'float4 __ldcg(const float4*)':
/usr/local/cuda/include/sm_32_intrinsics.h:74:25: warning: no return statement in function returning non-void [-Wreturn-type]
   74 | #define __DEF_IF_HOST { }
      |                         ^
/usr/local/cuda/include/sm_32_intrinsics.h:154:60: note: in expansion of macro '__DEF_IF_HOST'
  154 | __SM_32_INTRINSICS_DECL__ float4 __ldcg(const float4 *ptr) __DEF_IF_HOST
      |                                                            ^~~~~~~~~~~~~
/usr/local/cuda/include/sm_32_intrinsics.h: In function 'double2 __ldcg(const double2*)':
/usr/local/cuda/include/sm_32_intrinsics.h:74:25: warning: no return statement in function returning non-void [-Wreturn-type]
   74 | #define __DEF_IF_HOST { }
      |                         ^
/usr/local/cuda/include/sm_32_intrinsics.h:155:62: note: in expansion of macro '__DEF_IF_HOST'
  155 | __SM_32_INTRINSICS_DECL__ double2 __ldcg(const double2 *ptr) __DEF_IF_HOST
      |                                                              ^~~~~~~~~~~~~
/usr/local/cuda/include/sm_32_intrinsics.h: In function 'long int __ldca(const long int*)':
/usr/local/cuda/include/sm_32_intrinsics.h:74:25: warning: no return statement in function returning non-void [-Wreturn-type]
   74 | #define __DEF_IF_HOST { }
      |                         ^
/usr/local/cuda/include/sm_32_intrinsics.h:159:56: note: in expansion of macro '__DEF_IF_HOST'
  159 | __SM_32_INTRINSICS_DECL__ long __ldca(const long *ptr) __DEF_IF_HOST
      |                                                        ^~~~~~~~~~~~~
/usr/local/cuda/include/sm_32_intrinsics.h: In function 'long unsigned int __ldca(const long unsigned int*)':
/usr/local/cuda/include/sm_32_intrinsics.h:74:25: warning: no return statement in function returning non-void [-Wreturn-type]
   74 | #define __DEF_IF_HOST { }
      |                         ^
/usr/local/cuda/include/sm_32_intrinsics.h:160:74: note: in expansion of macro '__DEF_IF_HOST'
  160 | __SM_32_INTRINSICS_DECL__ unsigned long __ldca(const unsigned long *ptr) __DEF_IF_HOST
      |                                                                          ^~~~~~~~~~~~~
/usr/local/cuda/include/sm_32_intrinsics.h: In function 'char __ldca(const char*)':
/usr/local/cuda/include/sm_32_intrinsics.h:74:25: warning: no return statement in function returning non-void [-Wreturn-type]
   74 | #define __DEF_IF_HOST { }
      |                         ^
/usr/local/cuda/include/sm_32_intrinsics.h:162:56: note: in expansion of macro '__DEF_IF_HOST'
  162 | __SM_32_INTRINSICS_DECL__ char __ldca(const char *ptr) __DEF_IF_HOST
      |                                                        ^~~~~~~~~~~~~
/usr/local/cuda/include/sm_32_intrinsics.h: In function 'signed char __ldca(const signed char*)':
/usr/local/cuda/include/sm_32_intrinsics.h:74:25: warning: no return statement in function returning non-void [-Wreturn-type]
   74 | #define __DEF_IF_HOST { }
      |                         ^
/usr/local/cuda/include/sm_32_intrinsics.h:163:70: note: in expansion of macro '__DEF_IF_HOST'
  163 | __SM_32_INTRINSICS_DECL__ signed char __ldca(const signed char *ptr) __DEF_IF_HOST
      |                                                                      ^~~~~~~~~~~~~
/usr/local/cuda/include/sm_32_intrinsics.h: In function 'short int __ldca(const short int*)':
/usr/local/cuda/include/sm_32_intrinsics.h:74:25: warning: no return statement in function returning non-void [-Wreturn-type]
   74 | #define __DEF_IF_HOST { }
      |                         ^
/usr/local/cuda/include/sm_32_intrinsics.h:164:58: note: in expansion of macro '__DEF_IF_HOST'
  164 | __SM_32_INTRINSICS_DECL__ short __ldca(const short *ptr) __DEF_IF_HOST
      |                                                          ^~~~~~~~~~~~~
/usr/local/cuda/include/sm_32_intrinsics.h: In function 'int __ldca(const int*)':
/usr/local/cuda/include/sm_32_intrinsics.h:74:25: warning: no return statement in function returning non-void [-Wreturn-type]
   74 | #define __DEF_IF_HOST { }
      |                         ^
/usr/local/cuda/include/sm_32_intrinsics.h:165:54: note: in expansion of macro '__DEF_IF_HOST'
  165 | __SM_32_INTRINSICS_DECL__ int __ldca(const int *ptr) __DEF_IF_HOST
      |                                                      ^~~~~~~~~~~~~
/usr/local/cuda/include/sm_32_intrinsics.h: In function 'long long int __ldca(const long long int*)':
/usr/local/cuda/include/sm_32_intrinsics.h:74:25: warning: no return statement in function returning non-void [-Wreturn-type]
   74 | #define __DEF_IF_HOST { }
      |                         ^
/usr/local/cuda/include/sm_32_intrinsics.h:166:66: note: in expansion of macro '__DEF_IF_HOST'
  166 | __SM_32_INTRINSICS_DECL__ long long __ldca(const long long *ptr) __DEF_IF_HOST
      |                                                                  ^~~~~~~~~~~~~
/usr/local/cuda/include/sm_32_intrinsics.h: In function 'char2 __ldca(const char2*)':
/usr/local/cuda/include/sm_32_intrinsics.h:74:25: warning: no return statement in function returning non-void [-Wreturn-type]
   74 | #define __DEF_IF_HOST { }
      |                         ^
/usr/local/cuda/include/sm_32_intrinsics.h:167:58: note: in expansion of macro '__DEF_IF_HOST'
  167 | __SM_32_INTRINSICS_DECL__ char2 __ldca(const char2 *ptr) __DEF_IF_HOST
      |                                                          ^~~~~~~~~~~~~
/usr/local/cuda/include/sm_32_intrinsics.h: In function 'char4 __ldca(const char4*)':
/usr/local/cuda/include/sm_32_intrinsics.h:74:25: warning: no return statement in function returning non-void [-Wreturn-type]
   74 | #define __DEF_IF_HOST { }
      |                         ^
/usr/local/cuda/include/sm_32_intrinsics.h:168:58: note: in expansion of macro '__DEF_IF_HOST'
  168 | __SM_32_INTRINSICS_DECL__ char4 __ldca(const char4 *ptr) __DEF_IF_HOST
      |                                                          ^~~~~~~~~~~~~
/usr/local/cuda/include/sm_32_intrinsics.h: In function 'short2 __ldca(const short2*)':
/usr/local/cuda/include/sm_32_intrinsics.h:74:25: warning: no return statement in function returning non-void [-Wreturn-type]
   74 | #define __DEF_IF_HOST { }
      |                         ^
/usr/local/cuda/include/sm_32_intrinsics.h:169:60: note: in expansion of macro '__DEF_IF_HOST'
  169 | __SM_32_INTRINSICS_DECL__ short2 __ldca(const short2 *ptr) __DEF_IF_HOST
      |                                                            ^~~~~~~~~~~~~
/usr/local/cuda/include/sm_32_intrinsics.h: In function 'short4 __ldca(const short4*)':
/usr/local/cuda/include/sm_32_intrinsics.h:74:25: warning: no return statement in function returning non-void [-Wreturn-type]
   74 | #define __DEF_IF_HOST { }
      |                         ^
/usr/local/cuda/include/sm_32_intrinsics.h:170:60: note: in expansion of macro '__DEF_IF_HOST'
  170 | __SM_32_INTRINSICS_DECL__ short4 __ldca(const short4 *ptr) __DEF_IF_HOST
      |                                                            ^~~~~~~~~~~~~
/usr/local/cuda/include/sm_32_intrinsics.h: In function 'int2 __ldca(const int2*)':
/usr/local/cuda/include/sm_32_intrinsics.h:74:25: warning: no return statement in function returning non-void [-Wreturn-type]
   74 | #define __DEF_IF_HOST { }
      |                         ^
/usr/local/cuda/include/sm_32_intrinsics.h:171:56: note: in expansion of macro '__DEF_IF_HOST'
  171 | __SM_32_INTRINSICS_DECL__ int2 __ldca(const int2 *ptr) __DEF_IF_HOST
      |                                                        ^~~~~~~~~~~~~
/usr/local/cuda/include/sm_32_intrinsics.h: In function 'int4 __ldca(const int4*)':
/usr/local/cuda/include/sm_32_intrinsics.h:74:25: warning: no return statement in function returning non-void [-Wreturn-type]
   74 | #define __DEF_IF_HOST { }
      |                         ^
/usr/local/cuda/include/sm_32_intrinsics.h:172:56: note: in expansion of macro '__DEF_IF_HOST'
  172 | __SM_32_INTRINSICS_DECL__ int4 __ldca(const int4 *ptr) __DEF_IF_HOST
      |                                                        ^~~~~~~~~~~~~
/usr/local/cuda/include/sm_32_intrinsics.h: In function 'longlong2 __ldca(const longlong2*)':
/usr/local/cuda/include/sm_32_intrinsics.h:74:25: warning: no return statement in function returning non-void [-Wreturn-type]
   74 | #define __DEF_IF_HOST { }
      |                         ^
/usr/local/cuda/include/sm_32_intrinsics.h:173:66: note: in expansion of macro '__DEF_IF_HOST'
  173 | __SM_32_INTRINSICS_DECL__ longlong2 __ldca(const longlong2 *ptr) __DEF_IF_HOST
      |                                                                  ^~~~~~~~~~~~~
/usr/local/cuda/include/sm_32_intrinsics.h: In function 'unsigned char __ldca(const unsigned char*)':
/usr/local/cuda/include/sm_32_intrinsics.h:74:25: warning: no return statement in function returning non-void [-Wreturn-type]
   74 | #define __DEF_IF_HOST { }
      |                         ^
/usr/local/cuda/include/sm_32_intrinsics.h:175:74: note: in expansion of macro '__DEF_IF_HOST'
  175 | __SM_32_INTRINSICS_DECL__ unsigned char __ldca(const unsigned char *ptr) __DEF_IF_HOST
      |                                                                          ^~~~~~~~~~~~~
/usr/local/cuda/include/sm_32_intrinsics.h: In function 'short unsigned int __ldca(const short unsigned int*)':
/usr/local/cuda/include/sm_32_intrinsics.h:74:25: warning: no return statement in function returning non-void [-Wreturn-type]
   74 | #define __DEF_IF_HOST { }
      |                         ^
/usr/local/cuda/include/sm_32_intrinsics.h:176:76: note: in expansion of macro '__DEF_IF_HOST'
  176 | __SM_32_INTRINSICS_DECL__ unsigned short __ldca(const unsigned short *ptr) __DEF_IF_HOST
      |                                                                            ^~~~~~~~~~~~~
/usr/local/cuda/include/sm_32_intrinsics.h: In function 'unsigned int __ldca(const unsigned int*)':
/usr/local/cuda/include/sm_32_intrinsics.h:74:25: warning: no return statement in function returning non-void [-Wreturn-type]
   74 | #define __DEF_IF_HOST { }
      |                         ^
/usr/local/cuda/include/sm_32_intrinsics.h:177:72: note: in expansion of macro '__DEF_IF_HOST'
  177 | __SM_32_INTRINSICS_DECL__ unsigned int __ldca(const unsigned int *ptr) __DEF_IF_HOST
      |                                                                        ^~~~~~~~~~~~~
/usr/local/cuda/include/sm_32_intrinsics.h: In function 'long long unsigned int __ldca(const long long unsigned int*)':
/usr/local/cuda/include/sm_32_intrinsics.h:74:25: warning: no return statement in function returning non-void [-Wreturn-type]
   74 | #define __DEF_IF_HOST { }
      |                         ^
/usr/local/cuda/include/sm_32_intrinsics.h:178:84: note: in expansion of macro '__DEF_IF_HOST'
  178 | __SM_32_INTRINSICS_DECL__ unsigned long long __ldca(const unsigned long long *ptr) __DEF_IF_HOST
      |                                                                                    ^~~~~~~~~~~~~
/usr/local/cuda/include/sm_32_intrinsics.h: In function 'uchar2 __ldca(const uchar2*)':
/usr/local/cuda/include/sm_32_intrinsics.h:74:25: warning: no return statement in function returning non-void [-Wreturn-type]
   74 | #define __DEF_IF_HOST { }
      |                         ^
/usr/local/cuda/include/sm_32_intrinsics.h:179:60: note: in expansion of macro '__DEF_IF_HOST'
  179 | __SM_32_INTRINSICS_DECL__ uchar2 __ldca(const uchar2 *ptr) __DEF_IF_HOST
      |                                                            ^~~~~~~~~~~~~
/usr/local/cuda/include/sm_32_intrinsics.h: In function 'uchar4 __ldca(const uchar4*)':
/usr/local/cuda/include/sm_32_intrinsics.h:74:25: warning: no return statement in function returning non-void [-Wreturn-type]
   74 | #define __DEF_IF_HOST { }
      |                         ^
/usr/local/cuda/include/sm_32_intrinsics.h:180:60: note: in expansion of macro '__DEF_IF_HOST'
  180 | __SM_32_INTRINSICS_DECL__ uchar4 __ldca(const uchar4 *ptr) __DEF_IF_HOST
      |                                                            ^~~~~~~~~~~~~
/usr/local/cuda/include/sm_32_intrinsics.h: In function 'ushort2 __ldca(const ushort2*)':
/usr/local/cuda/include/sm_32_intrinsics.h:74:25: warning: no return statement in function returning non-void [-Wreturn-type]
   74 | #define __DEF_IF_HOST { }
      |                         ^
/usr/local/cuda/include/sm_32_intrinsics.h:181:62: note: in expansion of macro '__DEF_IF_HOST'
  181 | __SM_32_INTRINSICS_DECL__ ushort2 __ldca(const ushort2 *ptr) __DEF_IF_HOST
      |                                                              ^~~~~~~~~~~~~
/usr/local/cuda/include/sm_32_intrinsics.h: In function 'ushort4 __ldca(const ushort4*)':
/usr/local/cuda/include/sm_32_intrinsics.h:74:25: warning: no return statement in function returning non-void [-Wreturn-type]
   74 | #define __DEF_IF_HOST { }
      |                         ^
/usr/local/cuda/include/sm_32_intrinsics.h:182:62: note: in expansion of macro '__DEF_IF_HOST'
  182 | __SM_32_INTRINSICS_DECL__ ushort4 __ldca(const ushort4 *ptr) __DEF_IF_HOST
      |                                                              ^~~~~~~~~~~~~
/usr/local/cuda/include/sm_32_intrinsics.h: In function 'uint2 __ldca(const uint2*)':
/usr/local/cuda/include/sm_32_intrinsics.h:74:25: warning: no return statement in function returning non-void [-Wreturn-type]
   74 | #define __DEF_IF_HOST { }
      |                         ^
/usr/local/cuda/include/sm_32_intrinsics.h:183:58: note: in expansion of macro '__DEF_IF_HOST'
  183 | __SM_32_INTRINSICS_DECL__ uint2 __ldca(const uint2 *ptr) __DEF_IF_HOST
      |                                                          ^~~~~~~~~~~~~
/usr/local/cuda/include/sm_32_intrinsics.h: In function 'uint4 __ldca(const uint4*)':
/usr/local/cuda/include/sm_32_intrinsics.h:74:25: warning: no return statement in function returning non-void [-Wreturn-type]
   74 | #define __DEF_IF_HOST { }
      |                         ^
/usr/local/cuda/include/sm_32_intrinsics.h:184:58: note: in expansion of macro '__DEF_IF_HOST'
  184 | __SM_32_INTRINSICS_DECL__ uint4 __ldca(const uint4 *ptr) __DEF_IF_HOST
      |                                                          ^~~~~~~~~~~~~
/usr/local/cuda/include/sm_32_intrinsics.h: In function 'ulonglong2 __ldca(const ulonglong2*)':
/usr/local/cuda/include/sm_32_intrinsics.h:74:25: warning: no return statement in function returning non-void [-Wreturn-type]
   74 | #define __DEF_IF_HOST { }
      |                         ^
/usr/local/cuda/include/sm_32_intrinsics.h:185:68: note: in expansion of macro '__DEF_IF_HOST'
  185 | __SM_32_INTRINSICS_DECL__ ulonglong2 __ldca(const ulonglong2 *ptr) __DEF_IF_HOST
      |                                                                    ^~~~~~~~~~~~~
/usr/local/cuda/include/sm_32_intrinsics.h: In function 'float __ldca(const float*)':
/usr/local/cuda/include/sm_32_intrinsics.h:74:25: warning: no return statement in function returning non-void [-Wreturn-type]
   74 | #define __DEF_IF_HOST { }
      |                         ^
/usr/local/cuda/include/sm_32_intrinsics.h:187:58: note: in expansion of macro '__DEF_IF_HOST'
  187 | __SM_32_INTRINSICS_DECL__ float __ldca(const float *ptr) __DEF_IF_HOST
      |                                                          ^~~~~~~~~~~~~
/usr/local/cuda/include/sm_32_intrinsics.h: In function 'double __ldca(const double*)':
/usr/local/cuda/include/sm_32_intrinsics.h:74:25: warning: no return statement in function returning non-void [-Wreturn-type]
   74 | #define __DEF_IF_HOST { }
      |                         ^
/usr/local/cuda/include/sm_32_intrinsics.h:188:60: note: in expansion of macro '__DEF_IF_HOST'
  188 | __SM_32_INTRINSICS_DECL__ double __ldca(const double *ptr) __DEF_IF_HOST
      |                                                            ^~~~~~~~~~~~~
/usr/local/cuda/include/sm_32_intrinsics.h: In function 'float2 __ldca(const float2*)':
/usr/local/cuda/include/sm_32_intrinsics.h:74:25: warning: no return statement in function returning non-void [-Wreturn-type]
   74 | #define __DEF_IF_HOST { }
      |                         ^
/usr/local/cuda/include/sm_32_intrinsics.h:189:60: note: in expansion of macro '__DEF_IF_HOST'
  189 | __SM_32_INTRINSICS_DECL__ float2 __ldca(const float2 *ptr) __DEF_IF_HOST
      |                                                            ^~~~~~~~~~~~~
/usr/local/cuda/include/sm_32_intrinsics.h: In function 'float4 __ldca(const float4*)':
/usr/local/cuda/include/sm_32_intrinsics.h:74:25: warning: no return statement in function returning non-void [-Wreturn-type]
   74 | #define __DEF_IF_HOST { }
      |                         ^
/usr/local/cuda/include/sm_32_intrinsics.h:190:60: note: in expansion of macro '__DEF_IF_HOST'
  190 | __SM_32_INTRINSICS_DECL__ float4 __ldca(const float4 *ptr) __DEF_IF_HOST
      |                                                            ^~~~~~~~~~~~~
/usr/local/cuda/include/sm_32_intrinsics.h: In function 'double2 __ldca(const double2*)':
/usr/local/cuda/include/sm_32_intrinsics.h:74:25: warning: no return statement in function returning non-void [-Wreturn-type]
   74 | #define __DEF_IF_HOST { }
      |                         ^
/usr/local/cuda/include/sm_32_intrinsics.h:191:62: note: in expansion of macro '__DEF_IF_HOST'
  191 | __SM_32_INTRINSICS_DECL__ double2 __ldca(const double2 *ptr) __DEF_IF_HOST
      |                                                              ^~~~~~~~~~~~~
/usr/local/cuda/include/sm_32_intrinsics.h: In function 'long int __ldcs(const long int*)':
/usr/local/cuda/include/sm_32_intrinsics.h:74:25: warning: no return statement in function returning non-void [-Wreturn-type]
   74 | #define __DEF_IF_HOST { }
      |                         ^
/usr/local/cuda/include/sm_32_intrinsics.h:195:56: note: in expansion of macro '__DEF_IF_HOST'
  195 | __SM_32_INTRINSICS_DECL__ long __ldcs(const long *ptr) __DEF_IF_HOST
      |                                                        ^~~~~~~~~~~~~
/usr/local/cuda/include/sm_32_intrinsics.h: In function 'long unsigned int __ldcs(const long unsigned int*)':
/usr/local/cuda/include/sm_32_intrinsics.h:74:25: warning: no return statement in function returning non-void [-Wreturn-type]
   74 | #define __DEF_IF_HOST { }
      |                         ^
/usr/local/cuda/include/sm_32_intrinsics.h:196:74: note: in expansion of macro '__DEF_IF_HOST'
  196 | __SM_32_INTRINSICS_DECL__ unsigned long __ldcs(const unsigned long *ptr) __DEF_IF_HOST
      |                                                                          ^~~~~~~~~~~~~
/usr/local/cuda/include/sm_32_intrinsics.h: In function 'char __ldcs(const char*)':
/usr/local/cuda/include/sm_32_intrinsics.h:74:25: warning: no return statement in function returning non-void [-Wreturn-type]
   74 | #define __DEF_IF_HOST { }
      |                         ^
/usr/local/cuda/include/sm_32_intrinsics.h:198:56: note: in expansion of macro '__DEF_IF_HOST'
  198 | __SM_32_INTRINSICS_DECL__ char __ldcs(const char *ptr) __DEF_IF_HOST
      |                                                        ^~~~~~~~~~~~~
/usr/local/cuda/include/sm_32_intrinsics.h: In function 'signed char __ldcs(const signed char*)':
/usr/local/cuda/include/sm_32_intrinsics.h:74:25: warning: no return statement in function returning non-void [-Wreturn-type]
   74 | #define __DEF_IF_HOST { }
      |                         ^
/usr/local/cuda/include/sm_32_intrinsics.h:199:70: note: in expansion of macro '__DEF_IF_HOST'
  199 | __SM_32_INTRINSICS_DECL__ signed char __ldcs(const signed char *ptr) __DEF_IF_HOST
      |                                                                      ^~~~~~~~~~~~~
/usr/local/cuda/include/sm_32_intrinsics.h: In function 'short int __ldcs(const short int*)':
/usr/local/cuda/include/sm_32_intrinsics.h:74:25: warning: no return statement in function returning non-void [-Wreturn-type]
   74 | #define __DEF_IF_HOST { }
      |                         ^
/usr/local/cuda/include/sm_32_intrinsics.h:200:58: note: in expansion of macro '__DEF_IF_HOST'
  200 | __SM_32_INTRINSICS_DECL__ short __ldcs(const short *ptr) __DEF_IF_HOST
      |                                                          ^~~~~~~~~~~~~
/usr/local/cuda/include/sm_32_intrinsics.h: In function 'int __ldcs(const int*)':
/usr/local/cuda/include/sm_32_intrinsics.h:74:25: warning: no return statement in function returning non-void [-Wreturn-type]
   74 | #define __DEF_IF_HOST { }
      |                         ^
/usr/local/cuda/include/sm_32_intrinsics.h:201:54: note: in expansion of macro '__DEF_IF_HOST'
  201 | __SM_32_INTRINSICS_DECL__ int __ldcs(const int *ptr) __DEF_IF_HOST
      |                                                      ^~~~~~~~~~~~~
/usr/local/cuda/include/sm_32_intrinsics.h: In function 'long long int __ldcs(const long long int*)':
/usr/local/cuda/include/sm_32_intrinsics.h:74:25: warning: no return statement in function returning non-void [-Wreturn-type]
   74 | #define __DEF_IF_HOST { }
      |                         ^
/usr/local/cuda/include/sm_32_intrinsics.h:202:66: note: in expansion of macro '__DEF_IF_HOST'
  202 | __SM_32_INTRINSICS_DECL__ long long __ldcs(const long long *ptr) __DEF_IF_HOST
      |                                                                  ^~~~~~~~~~~~~
/usr/local/cuda/include/sm_32_intrinsics.h: In function 'char2 __ldcs(const char2*)':
/usr/local/cuda/include/sm_32_intrinsics.h:74:25: warning: no return statement in function returning non-void [-Wreturn-type]
   74 | #define __DEF_IF_HOST { }
      |                         ^
/usr/local/cuda/include/sm_32_intrinsics.h:203:58: note: in expansion of macro '__DEF_IF_HOST'
  203 | __SM_32_INTRINSICS_DECL__ char2 __ldcs(const char2 *ptr) __DEF_IF_HOST
      |                                                          ^~~~~~~~~~~~~
/usr/local/cuda/include/sm_32_intrinsics.h: In function 'char4 __ldcs(const char4*)':
/usr/local/cuda/include/sm_32_intrinsics.h:74:25: warning: no return statement in function returning non-void [-Wreturn-type]
   74 | #define __DEF_IF_HOST { }
      |                         ^
/usr/local/cuda/include/sm_32_intrinsics.h:204:58: note: in expansion of macro '__DEF_IF_HOST'
  204 | __SM_32_INTRINSICS_DECL__ char4 __ldcs(const char4 *ptr) __DEF_IF_HOST
      |                                                          ^~~~~~~~~~~~~
/usr/local/cuda/include/sm_32_intrinsics.h: In function 'short2 __ldcs(const short2*)':
/usr/local/cuda/include/sm_32_intrinsics.h:74:25: warning: no return statement in function returning non-void [-Wreturn-type]
   74 | #define __DEF_IF_HOST { }
      |                         ^
/usr/local/cuda/include/sm_32_intrinsics.h:205:60: note: in expansion of macro '__DEF_IF_HOST'
  205 | __SM_32_INTRINSICS_DECL__ short2 __ldcs(const short2 *ptr) __DEF_IF_HOST
      |                                                            ^~~~~~~~~~~~~
/usr/local/cuda/include/sm_32_intrinsics.h: In function 'short4 __ldcs(const short4*)':
/usr/local/cuda/include/sm_32_intrinsics.h:74:25: warning: no return statement in function returning non-void [-Wreturn-type]
   74 | #define __DEF_IF_HOST { }
      |                         ^
/usr/local/cuda/include/sm_32_intrinsics.h:206:60: note: in expansion of macro '__DEF_IF_HOST'
  206 | __SM_32_INTRINSICS_DECL__ short4 __ldcs(const short4 *ptr) __DEF_IF_HOST
      |                                                            ^~~~~~~~~~~~~
/usr/local/cuda/include/sm_32_intrinsics.h: In function 'int2 __ldcs(const int2*)':
/usr/local/cuda/include/sm_32_intrinsics.h:74:25: warning: no return statement in function returning non-void [-Wreturn-type]
   74 | #define __DEF_IF_HOST { }
      |                         ^
/usr/local/cuda/include/sm_32_intrinsics.h:207:56: note: in expansion of macro '__DEF_IF_HOST'
  207 | __SM_32_INTRINSICS_DECL__ int2 __ldcs(const int2 *ptr) __DEF_IF_HOST
      |                                                        ^~~~~~~~~~~~~
/usr/local/cuda/include/sm_32_intrinsics.h: In function 'int4 __ldcs(const int4*)':
/usr/local/cuda/include/sm_32_intrinsics.h:74:25: warning: no return statement in function returning non-void [-Wreturn-type]
   74 | #define __DEF_IF_HOST { }
      |                         ^
/usr/local/cuda/include/sm_32_intrinsics.h:208:56: note: in expansion of macro '__DEF_IF_HOST'
  208 | __SM_32_INTRINSICS_DECL__ int4 __ldcs(const int4 *ptr) __DEF_IF_HOST
      |                                                        ^~~~~~~~~~~~~
/usr/local/cuda/include/sm_32_intrinsics.h: In function 'longlong2 __ldcs(const longlong2*)':
/usr/local/cuda/include/sm_32_intrinsics.h:74:25: warning: no return statement in function returning non-void [-Wreturn-type]
   74 | #define __DEF_IF_HOST { }
      |                         ^
/usr/local/cuda/include/sm_32_intrinsics.h:209:66: note: in expansion of macro '__DEF_IF_HOST'
  209 | __SM_32_INTRINSICS_DECL__ longlong2 __ldcs(const longlong2 *ptr) __DEF_IF_HOST
      |                                                                  ^~~~~~~~~~~~~
/usr/local/cuda/include/sm_32_intrinsics.h: In function 'unsigned char __ldcs(const unsigned char*)':
/usr/local/cuda/include/sm_32_intrinsics.h:74:25: warning: no return statement in function returning non-void [-Wreturn-type]
   74 | #define __DEF_IF_HOST { }
      |                         ^
/usr/local/cuda/include/sm_32_intrinsics.h:211:74: note: in expansion of macro '__DEF_IF_HOST'
  211 | __SM_32_INTRINSICS_DECL__ unsigned char __ldcs(const unsigned char *ptr) __DEF_IF_HOST
      |                                                                          ^~~~~~~~~~~~~
/usr/local/cuda/include/sm_32_intrinsics.h: In function 'short unsigned int __ldcs(const short unsigned int*)':
/usr/local/cuda/include/sm_32_intrinsics.h:74:25: warning: no return statement in function returning non-void [-Wreturn-type]
   74 | #define __DEF_IF_HOST { }
      |                         ^
/usr/local/cuda/include/sm_32_intrinsics.h:212:76: note: in expansion of macro '__DEF_IF_HOST'
  212 | __SM_32_INTRINSICS_DECL__ unsigned short __ldcs(const unsigned short *ptr) __DEF_IF_HOST
      |                                                                            ^~~~~~~~~~~~~
/usr/local/cuda/include/sm_32_intrinsics.h: In function 'unsigned int __ldcs(const unsigned int*)':
/usr/local/cuda/include/sm_32_intrinsics.h:74:25: warning: no return statement in function returning non-void [-Wreturn-type]
   74 | #define __DEF_IF_HOST { }
      |                         ^
/usr/local/cuda/include/sm_32_intrinsics.h:213:72: note: in expansion of macro '__DEF_IF_HOST'
  213 | __SM_32_INTRINSICS_DECL__ unsigned int __ldcs(const unsigned int *ptr) __DEF_IF_HOST
      |                                                                        ^~~~~~~~~~~~~
/usr/local/cuda/include/sm_32_intrinsics.h: In function 'long long unsigned int __ldcs(const long long unsigned int*)':
/usr/local/cuda/include/sm_32_intrinsics.h:74:25: warning: no return statement in function returning non-void [-Wreturn-type]
   74 | #define __DEF_IF_HOST { }
      |                         ^
/usr/local/cuda/include/sm_32_intrinsics.h:214:84: note: in expansion of macro '__DEF_IF_HOST'
  214 | __SM_32_INTRINSICS_DECL__ unsigned long long __ldcs(const unsigned long long *ptr) __DEF_IF_HOST
      |                                                                                    ^~~~~~~~~~~~~
/usr/local/cuda/include/sm_32_intrinsics.h: In function 'uchar2 __ldcs(const uchar2*)':
/usr/local/cuda/include/sm_32_intrinsics.h:74:25: warning: no return statement in function returning non-void [-Wreturn-type]
   74 | #define __DEF_IF_HOST { }
      |                         ^
/usr/local/cuda/include/sm_32_intrinsics.h:215:60: note: in expansion of macro '__DEF_IF_HOST'
  215 | __SM_32_INTRINSICS_DECL__ uchar2 __ldcs(const uchar2 *ptr) __DEF_IF_HOST
      |                                                            ^~~~~~~~~~~~~
/usr/local/cuda/include/sm_32_intrinsics.h: In function 'uchar4 __ldcs(const uchar4*)':
/usr/local/cuda/include/sm_32_intrinsics.h:74:25: warning: no return statement in function returning non-void [-Wreturn-type]
   74 | #define __DEF_IF_HOST { }
      |                         ^
/usr/local/cuda/include/sm_32_intrinsics.h:216:60: note: in expansion of macro '__DEF_IF_HOST'
  216 | __SM_32_INTRINSICS_DECL__ uchar4 __ldcs(const uchar4 *ptr) __DEF_IF_HOST
      |                                                            ^~~~~~~~~~~~~
/usr/local/cuda/include/sm_32_intrinsics.h: In function 'ushort2 __ldcs(const ushort2*)':
/usr/local/cuda/include/sm_32_intrinsics.h:74:25: warning: no return statement in function returning non-void [-Wreturn-type]
   74 | #define __DEF_IF_HOST { }
      |                         ^
/usr/local/cuda/include/sm_32_intrinsics.h:217:62: note: in expansion of macro '__DEF_IF_HOST'
  217 | __SM_32_INTRINSICS_DECL__ ushort2 __ldcs(const ushort2 *ptr) __DEF_IF_HOST
      |                                                              ^~~~~~~~~~~~~
/usr/local/cuda/include/sm_32_intrinsics.h: In function 'ushort4 __ldcs(const ushort4*)':
/usr/local/cuda/include/sm_32_intrinsics.h:74:25: warning: no return statement in function returning non-void [-Wreturn-type]
   74 | #define __DEF_IF_HOST { }
      |                         ^
/usr/local/cuda/include/sm_32_intrinsics.h:218:62: note: in expansion of macro '__DEF_IF_HOST'
  218 | __SM_32_INTRINSICS_DECL__ ushort4 __ldcs(const ushort4 *ptr) __DEF_IF_HOST
      |                                                              ^~~~~~~~~~~~~
/usr/local/cuda/include/sm_32_intrinsics.h: In function 'uint2 __ldcs(const uint2*)':
/usr/local/cuda/include/sm_32_intrinsics.h:74:25: warning: no return statement in function returning non-void [-Wreturn-type]
   74 | #define __DEF_IF_HOST { }
      |                         ^
/usr/local/cuda/include/sm_32_intrinsics.h:219:58: note: in expansion of macro '__DEF_IF_HOST'
  219 | __SM_32_INTRINSICS_DECL__ uint2 __ldcs(const uint2 *ptr) __DEF_IF_HOST
      |                                                          ^~~~~~~~~~~~~
/usr/local/cuda/include/sm_32_intrinsics.h: In function 'uint4 __ldcs(const uint4*)':
/usr/local/cuda/include/sm_32_intrinsics.h:74:25: warning: no return statement in function returning non-void [-Wreturn-type]
   74 | #define __DEF_IF_HOST { }
      |                         ^
/usr/local/cuda/include/sm_32_intrinsics.h:220:58: note: in expansion of macro '__DEF_IF_HOST'
  220 | __SM_32_INTRINSICS_DECL__ uint4 __ldcs(const uint4 *ptr) __DEF_IF_HOST
      |                                                          ^~~~~~~~~~~~~
/usr/local/cuda/include/sm_32_intrinsics.h: In function 'ulonglong2 __ldcs(const ulonglong2*)':
/usr/local/cuda/include/sm_32_intrinsics.h:74:25: warning: no return statement in function returning non-void [-Wreturn-type]
   74 | #define __DEF_IF_HOST { }
      |                         ^
/usr/local/cuda/include/sm_32_intrinsics.h:221:68: note: in expansion of macro '__DEF_IF_HOST'
  221 | __SM_32_INTRINSICS_DECL__ ulonglong2 __ldcs(const ulonglong2 *ptr) __DEF_IF_HOST
      |                                                                    ^~~~~~~~~~~~~
/usr/local/cuda/include/sm_32_intrinsics.h: In function 'float __ldcs(const float*)':
/usr/local/cuda/include/sm_32_intrinsics.h:74:25: warning: no return statement in function returning non-void [-Wreturn-type]
   74 | #define __DEF_IF_HOST { }
      |                         ^
/usr/local/cuda/include/sm_32_intrinsics.h:223:58: note: in expansion of macro '__DEF_IF_HOST'
  223 | __SM_32_INTRINSICS_DECL__ float __ldcs(const float *ptr) __DEF_IF_HOST
      |                                                          ^~~~~~~~~~~~~
/usr/local/cuda/include/sm_32_intrinsics.h: In function 'double __ldcs(const double*)':
/usr/local/cuda/include/sm_32_intrinsics.h:74:25: warning: no return statement in function returning non-void [-Wreturn-type]
   74 | #define __DEF_IF_HOST { }
      |                         ^
/usr/local/cuda/include/sm_32_intrinsics.h:224:60: note: in expansion of macro '__DEF_IF_HOST'
  224 | __SM_32_INTRINSICS_DECL__ double __ldcs(const double *ptr) __DEF_IF_HOST
      |                                                            ^~~~~~~~~~~~~
/usr/local/cuda/include/sm_32_intrinsics.h: In function 'float2 __ldcs(const float2*)':
/usr/local/cuda/include/sm_32_intrinsics.h:74:25: warning: no return statement in function returning non-void [-Wreturn-type]
   74 | #define __DEF_IF_HOST { }
      |                         ^
/usr/local/cuda/include/sm_32_intrinsics.h:225:60: note: in expansion of macro '__DEF_IF_HOST'
  225 | __SM_32_INTRINSICS_DECL__ float2 __ldcs(const float2 *ptr) __DEF_IF_HOST
      |                                                            ^~~~~~~~~~~~~
/usr/local/cuda/include/sm_32_intrinsics.h: In function 'float4 __ldcs(const float4*)':
/usr/local/cuda/include/sm_32_intrinsics.h:74:25: warning: no return statement in function returning non-void [-Wreturn-type]
   74 | #define __DEF_IF_HOST { }
      |                         ^
/usr/local/cuda/include/sm_32_intrinsics.h:226:60: note: in expansion of macro '__DEF_IF_HOST'
  226 | __SM_32_INTRINSICS_DECL__ float4 __ldcs(const float4 *ptr) __DEF_IF_HOST
      |                                                            ^~~~~~~~~~~~~
/usr/local/cuda/include/sm_32_intrinsics.h: In function 'double2 __ldcs(const double2*)':
/usr/local/cuda/include/sm_32_intrinsics.h:74:25: warning: no return statement in function returning non-void [-Wreturn-type]
   74 | #define __DEF_IF_HOST { }
      |                         ^
/usr/local/cuda/include/sm_32_intrinsics.h:227:62: note: in expansion of macro '__DEF_IF_HOST'
  227 | __SM_32_INTRINSICS_DECL__ double2 __ldcs(const double2 *ptr) __DEF_IF_HOST
      |                                                              ^~~~~~~~~~~~~
/usr/local/cuda/include/sm_32_intrinsics.h: In function 'long int __ldlu(const long int*)':
/usr/local/cuda/include/sm_32_intrinsics.h:74:25: warning: no return statement in function returning non-void [-Wreturn-type]
   74 | #define __DEF_IF_HOST { }
      |                         ^
/usr/local/cuda/include/sm_32_intrinsics.h:231:56: note: in expansion of macro '__DEF_IF_HOST'
  231 | __SM_32_INTRINSICS_DECL__ long __ldlu(const long *ptr) __DEF_IF_HOST
      |                                                        ^~~~~~~~~~~~~
/usr/local/cuda/include/sm_32_intrinsics.h: In function 'long unsigned int __ldlu(const long unsigned int*)':
/usr/local/cuda/include/sm_32_intrinsics.h:74:25: warning: no return statement in function returning non-void [-Wreturn-type]
   74 | #define __DEF_IF_HOST { }
      |                         ^
/usr/local/cuda/include/sm_32_intrinsics.h:232:74: note: in expansion of macro '__DEF_IF_HOST'
  232 | __SM_32_INTRINSICS_DECL__ unsigned long __ldlu(const unsigned long *ptr) __DEF_IF_HOST
      |                                                                          ^~~~~~~~~~~~~
/usr/local/cuda/include/sm_32_intrinsics.h: In function 'char __ldlu(const char*)':
/usr/local/cuda/include/sm_32_intrinsics.h:74:25: warning: no return statement in function returning non-void [-Wreturn-type]
   74 | #define __DEF_IF_HOST { }
      |                         ^
/usr/local/cuda/include/sm_32_intrinsics.h:234:56: note: in expansion of macro '__DEF_IF_HOST'
  234 | __SM_32_INTRINSICS_DECL__ char __ldlu(const char *ptr) __DEF_IF_HOST
      |                                                        ^~~~~~~~~~~~~
/usr/local/cuda/include/sm_32_intrinsics.h: In function 'signed char __ldlu(const signed char*)':
/usr/local/cuda/include/sm_32_intrinsics.h:74:25: warning: no return statement in function returning non-void [-Wreturn-type]
   74 | #define __DEF_IF_HOST { }
      |                         ^
/usr/local/cuda/include/sm_32_intrinsics.h:235:70: note: in expansion of macro '__DEF_IF_HOST'
  235 | __SM_32_INTRINSICS_DECL__ signed char __ldlu(const signed char *ptr) __DEF_IF_HOST
      |                                                                      ^~~~~~~~~~~~~
/usr/local/cuda/include/sm_32_intrinsics.h: In function 'short int __ldlu(const short int*)':
/usr/local/cuda/include/sm_32_intrinsics.h:74:25: warning: no return statement in function returning non-void [-Wreturn-type]
   74 | #define __DEF_IF_HOST { }
      |                         ^
/usr/local/cuda/include/sm_32_intrinsics.h:236:58: note: in expansion of macro '__DEF_IF_HOST'
  236 | __SM_32_INTRINSICS_DECL__ short __ldlu(const short *ptr) __DEF_IF_HOST
      |                                                          ^~~~~~~~~~~~~
/usr/local/cuda/include/sm_32_intrinsics.h: In function 'int __ldlu(const int*)':
/usr/local/cuda/include/sm_32_intrinsics.h:74:25: warning: no return statement in function returning non-void [-Wreturn-type]
   74 | #define __DEF_IF_HOST { }
      |                         ^
/usr/local/cuda/include/sm_32_intrinsics.h:237:54: note: in expansion of macro '__DEF_IF_HOST'
  237 | __SM_32_INTRINSICS_DECL__ int __ldlu(const int *ptr) __DEF_IF_HOST
      |                                                      ^~~~~~~~~~~~~
/usr/local/cuda/include/sm_32_intrinsics.h: In function 'long long int __ldlu(const long long int*)':
/usr/local/cuda/include/sm_32_intrinsics.h:74:25: warning: no return statement in function returning non-void [-Wreturn-type]
   74 | #define __DEF_IF_HOST { }
      |                         ^
/usr/local/cuda/include/sm_32_intrinsics.h:238:66: note: in expansion of macro '__DEF_IF_HOST'
  238 | __SM_32_INTRINSICS_DECL__ long long __ldlu(const long long *ptr) __DEF_IF_HOST
      |                                                                  ^~~~~~~~~~~~~
/usr/local/cuda/include/sm_32_intrinsics.h: In function 'char2 __ldlu(const char2*)':
/usr/local/cuda/include/sm_32_intrinsics.h:74:25: warning: no return statement in function returning non-void [-Wreturn-type]
   74 | #define __DEF_IF_HOST { }
      |                         ^
/usr/local/cuda/include/sm_32_intrinsics.h:239:58: note: in expansion of macro '__DEF_IF_HOST'
  239 | __SM_32_INTRINSICS_DECL__ char2 __ldlu(const char2 *ptr) __DEF_IF_HOST
      |                                                          ^~~~~~~~~~~~~
/usr/local/cuda/include/sm_32_intrinsics.h: In function 'char4 __ldlu(const char4*)':
/usr/local/cuda/include/sm_32_intrinsics.h:74:25: warning: no return statement in function returning non-void [-Wreturn-type]
   74 | #define __DEF_IF_HOST { }
      |                         ^
/usr/local/cuda/include/sm_32_intrinsics.h:240:58: note: in expansion of macro '__DEF_IF_HOST'
  240 | __SM_32_INTRINSICS_DECL__ char4 __ldlu(const char4 *ptr) __DEF_IF_HOST
      |                                                          ^~~~~~~~~~~~~
/usr/local/cuda/include/sm_32_intrinsics.h: In function 'short2 __ldlu(const short2*)':
/usr/local/cuda/include/sm_32_intrinsics.h:74:25: warning: no return statement in function returning non-void [-Wreturn-type]
   74 | #define __DEF_IF_HOST { }
      |                         ^
/usr/local/cuda/include/sm_32_intrinsics.h:241:60: note: in expansion of macro '__DEF_IF_HOST'
  241 | __SM_32_INTRINSICS_DECL__ short2 __ldlu(const short2 *ptr) __DEF_IF_HOST
      |                                                            ^~~~~~~~~~~~~
/usr/local/cuda/include/sm_32_intrinsics.h: In function 'short4 __ldlu(const short4*)':
/usr/local/cuda/include/sm_32_intrinsics.h:74:25: warning: no return statement in function returning non-void [-Wreturn-type]
   74 | #define __DEF_IF_HOST { }
      |                         ^
/usr/local/cuda/include/sm_32_intrinsics.h:242:60: note: in expansion of macro '__DEF_IF_HOST'
  242 | __SM_32_INTRINSICS_DECL__ short4 __ldlu(const short4 *ptr) __DEF_IF_HOST
      |                                                            ^~~~~~~~~~~~~
/usr/local/cuda/include/sm_32_intrinsics.h: In function 'int2 __ldlu(const int2*)':
/usr/local/cuda/include/sm_32_intrinsics.h:74:25: warning: no return statement in function returning non-void [-Wreturn-type]
   74 | #define __DEF_IF_HOST { }
      |                         ^
/usr/local/cuda/include/sm_32_intrinsics.h:243:56: note: in expansion of macro '__DEF_IF_HOST'
  243 | __SM_32_INTRINSICS_DECL__ int2 __ldlu(const int2 *ptr) __DEF_IF_HOST
      |                                                        ^~~~~~~~~~~~~
/usr/local/cuda/include/sm_32_intrinsics.h: In function 'int4 __ldlu(const int4*)':
/usr/local/cuda/include/sm_32_intrinsics.h:74:25: warning: no return statement in function returning non-void [-Wreturn-type]
   74 | #define __DEF_IF_HOST { }
      |                         ^
/usr/local/cuda/include/sm_32_intrinsics.h:244:56: note: in expansion of macro '__DEF_IF_HOST'
  244 | __SM_32_INTRINSICS_DECL__ int4 __ldlu(const int4 *ptr) __DEF_IF_HOST
      |                                                        ^~~~~~~~~~~~~
/usr/local/cuda/include/sm_32_intrinsics.h: In function 'longlong2 __ldlu(const longlong2*)':
/usr/local/cuda/include/sm_32_intrinsics.h:74:25: warning: no return statement in function returning non-void [-Wreturn-type]
   74 | #define __DEF_IF_HOST { }
      |                         ^
/usr/local/cuda/include/sm_32_intrinsics.h:245:66: note: in expansion of macro '__DEF_IF_HOST'
  245 | __SM_32_INTRINSICS_DECL__ longlong2 __ldlu(const longlong2 *ptr) __DEF_IF_HOST
      |                                                                  ^~~~~~~~~~~~~
/usr/local/cuda/include/sm_32_intrinsics.h: In function 'unsigned char __ldlu(const unsigned char*)':
/usr/local/cuda/include/sm_32_intrinsics.h:74:25: warning: no return statement in function returning non-void [-Wreturn-type]
   74 | #define __DEF_IF_HOST { }
      |                         ^
/usr/local/cuda/include/sm_32_intrinsics.h:247:74: note: in expansion of macro '__DEF_IF_HOST'
  247 | __SM_32_INTRINSICS_DECL__ unsigned char __ldlu(const unsigned char *ptr) __DEF_IF_HOST
      |                                                                          ^~~~~~~~~~~~~
/usr/local/cuda/include/sm_32_intrinsics.h: In function 'short unsigned int __ldlu(const short unsigned int*)':
/usr/local/cuda/include/sm_32_intrinsics.h:74:25: warning: no return statement in function returning non-void [-Wreturn-type]
   74 | #define __DEF_IF_HOST { }
      |                         ^
/usr/local/cuda/include/sm_32_intrinsics.h:248:76: note: in expansion of macro '__DEF_IF_HOST'
  248 | __SM_32_INTRINSICS_DECL__ unsigned short __ldlu(const unsigned short *ptr) __DEF_IF_HOST
      |                                                                            ^~~~~~~~~~~~~
/usr/local/cuda/include/sm_32_intrinsics.h: In function 'unsigned int __ldlu(const unsigned int*)':
/usr/local/cuda/include/sm_32_intrinsics.h:74:25: warning: no return statement in function returning non-void [-Wreturn-type]
   74 | #define __DEF_IF_HOST { }
      |                         ^
/usr/local/cuda/include/sm_32_intrinsics.h:249:72: note: in expansion of macro '__DEF_IF_HOST'
  249 | __SM_32_INTRINSICS_DECL__ unsigned int __ldlu(const unsigned int *ptr) __DEF_IF_HOST
      |                                                                        ^~~~~~~~~~~~~
/usr/local/cuda/include/sm_32_intrinsics.h: In function 'long long unsigned int __ldlu(const long long unsigned int*)':
/usr/local/cuda/include/sm_32_intrinsics.h:74:25: warning: no return statement in function returning non-void [-Wreturn-type]
   74 | #define __DEF_IF_HOST { }
      |                         ^
/usr/local/cuda/include/sm_32_intrinsics.h:250:84: note: in expansion of macro '__DEF_IF_HOST'
  250 | __SM_32_INTRINSICS_DECL__ unsigned long long __ldlu(const unsigned long long *ptr) __DEF_IF_HOST
      |                                                                                    ^~~~~~~~~~~~~
/usr/local/cuda/include/sm_32_intrinsics.h: In function 'uchar2 __ldlu(const uchar2*)':
/usr/local/cuda/include/sm_32_intrinsics.h:74:25: warning: no return statement in function returning non-void [-Wreturn-type]
   74 | #define __DEF_IF_HOST { }
      |                         ^
/usr/local/cuda/include/sm_32_intrinsics.h:251:60: note: in expansion of macro '__DEF_IF_HOST'
  251 | __SM_32_INTRINSICS_DECL__ uchar2 __ldlu(const uchar2 *ptr) __DEF_IF_HOST
      |                                                            ^~~~~~~~~~~~~
/usr/local/cuda/include/sm_32_intrinsics.h: In function 'uchar4 __ldlu(const uchar4*)':
/usr/local/cuda/include/sm_32_intrinsics.h:74:25: warning: no return statement in function returning non-void [-Wreturn-type]
   74 | #define __DEF_IF_HOST { }
      |                         ^
/usr/local/cuda/include/sm_32_intrinsics.h:252:60: note: in expansion of macro '__DEF_IF_HOST'
  252 | __SM_32_INTRINSICS_DECL__ uchar4 __ldlu(const uchar4 *ptr) __DEF_IF_HOST
      |                                                            ^~~~~~~~~~~~~
/usr/local/cuda/include/sm_32_intrinsics.h: In function 'ushort2 __ldlu(const ushort2*)':
/usr/local/cuda/include/sm_32_intrinsics.h:74:25: warning: no return statement in function returning non-void [-Wreturn-type]
   74 | #define __DEF_IF_HOST { }
      |                         ^
/usr/local/cuda/include/sm_32_intrinsics.h:253:62: note: in expansion of macro '__DEF_IF_HOST'
  253 | __SM_32_INTRINSICS_DECL__ ushort2 __ldlu(const ushort2 *ptr) __DEF_IF_HOST
      |                                                              ^~~~~~~~~~~~~
/usr/local/cuda/include/sm_32_intrinsics.h: In function 'ushort4 __ldlu(const ushort4*)':
/usr/local/cuda/include/sm_32_intrinsics.h:74:25: warning: no return statement in function returning non-void [-Wreturn-type]
   74 | #define __DEF_IF_HOST { }
      |                         ^
/usr/local/cuda/include/sm_32_intrinsics.h:254:62: note: in expansion of macro '__DEF_IF_HOST'
  254 | __SM_32_INTRINSICS_DECL__ ushort4 __ldlu(const ushort4 *ptr) __DEF_IF_HOST
      |                                                              ^~~~~~~~~~~~~
/usr/local/cuda/include/sm_32_intrinsics.h: In function 'uint2 __ldlu(const uint2*)':
/usr/local/cuda/include/sm_32_intrinsics.h:74:25: warning: no return statement in function returning non-void [-Wreturn-type]
   74 | #define __DEF_IF_HOST { }
      |                         ^
/usr/local/cuda/include/sm_32_intrinsics.h:255:58: note: in expansion of macro '__DEF_IF_HOST'
  255 | __SM_32_INTRINSICS_DECL__ uint2 __ldlu(const uint2 *ptr) __DEF_IF_HOST
      |                                                          ^~~~~~~~~~~~~
/usr/local/cuda/include/sm_32_intrinsics.h: In function 'uint4 __ldlu(const uint4*)':
/usr/local/cuda/include/sm_32_intrinsics.h:74:25: warning: no return statement in function returning non-void [-Wreturn-type]
   74 | #define __DEF_IF_HOST { }
      |                         ^
/usr/local/cuda/include/sm_32_intrinsics.h:256:58: note: in expansion of macro '__DEF_IF_HOST'
  256 | __SM_32_INTRINSICS_DECL__ uint4 __ldlu(const uint4 *ptr) __DEF_IF_HOST
      |                                                          ^~~~~~~~~~~~~
/usr/local/cuda/include/sm_32_intrinsics.h: In function 'ulonglong2 __ldlu(const ulonglong2*)':
/usr/local/cuda/include/sm_32_intrinsics.h:74:25: warning: no return statement in function returning non-void [-Wreturn-type]
   74 | #define __DEF_IF_HOST { }
      |                         ^
/usr/local/cuda/include/sm_32_intrinsics.h:257:68: note: in expansion of macro '__DEF_IF_HOST'
  257 | __SM_32_INTRINSICS_DECL__ ulonglong2 __ldlu(const ulonglong2 *ptr) __DEF_IF_HOST
      |                                                                    ^~~~~~~~~~~~~
/usr/local/cuda/include/sm_32_intrinsics.h: In function 'float __ldlu(const float*)':
/usr/local/cuda/include/sm_32_intrinsics.h:74:25: warning: no return statement in function returning non-void [-Wreturn-type]
   74 | #define __DEF_IF_HOST { }
      |                         ^
/usr/local/cuda/include/sm_32_intrinsics.h:259:58: note: in expansion of macro '__DEF_IF_HOST'
  259 | __SM_32_INTRINSICS_DECL__ float __ldlu(const float *ptr) __DEF_IF_HOST
      |                                                          ^~~~~~~~~~~~~
/usr/local/cuda/include/sm_32_intrinsics.h: In function 'double __ldlu(const double*)':
/usr/local/cuda/include/sm_32_intrinsics.h:74:25: warning: no return statement in function returning non-void [-Wreturn-type]
   74 | #define __DEF_IF_HOST { }
      |                         ^
/usr/local/cuda/include/sm_32_intrinsics.h:260:60: note: in expansion of macro '__DEF_IF_HOST'
  260 | __SM_32_INTRINSICS_DECL__ double __ldlu(const double *ptr) __DEF_IF_HOST
      |                                                            ^~~~~~~~~~~~~
/usr/local/cuda/include/sm_32_intrinsics.h: In function 'float2 __ldlu(const float2*)':
/usr/local/cuda/include/sm_32_intrinsics.h:74:25: warning: no return statement in function returning non-void [-Wreturn-type]
   74 | #define __DEF_IF_HOST { }
      |                         ^
/usr/local/cuda/include/sm_32_intrinsics.h:261:60: note: in expansion of macro '__DEF_IF_HOST'
  261 | __SM_32_INTRINSICS_DECL__ float2 __ldlu(const float2 *ptr) __DEF_IF_HOST
      |                                                            ^~~~~~~~~~~~~
/usr/local/cuda/include/sm_32_intrinsics.h: In function 'float4 __ldlu(const float4*)':
/usr/local/cuda/include/sm_32_intrinsics.h:74:25: warning: no return statement in function returning non-void [-Wreturn-type]
   74 | #define __DEF_IF_HOST { }
      |                         ^
/usr/local/cuda/include/sm_32_intrinsics.h:262:60: note: in expansion of macro '__DEF_IF_HOST'
  262 | __SM_32_INTRINSICS_DECL__ float4 __ldlu(const float4 *ptr) __DEF_IF_HOST
      |                                                            ^~~~~~~~~~~~~
/usr/local/cuda/include/sm_32_intrinsics.h: In function 'double2 __ldlu(const double2*)':
/usr/local/cuda/include/sm_32_intrinsics.h:74:25: warning: no return statement in function returning non-void [-Wreturn-type]
   74 | #define __DEF_IF_HOST { }
      |                         ^
/usr/local/cuda/include/sm_32_intrinsics.h:263:62: note: in expansion of macro '__DEF_IF_HOST'
  263 | __SM_32_INTRINSICS_DECL__ double2 __ldlu(const double2 *ptr) __DEF_IF_HOST
      |                                                              ^~~~~~~~~~~~~
/usr/local/cuda/include/sm_32_intrinsics.h: In function 'long int __ldcv(const long int*)':
/usr/local/cuda/include/sm_32_intrinsics.h:74:25: warning: no return statement in function returning non-void [-Wreturn-type]
   74 | #define __DEF_IF_HOST { }
      |                         ^
/usr/local/cuda/include/sm_32_intrinsics.h:267:56: note: in expansion of macro '__DEF_IF_HOST'
  267 | __SM_32_INTRINSICS_DECL__ long __ldcv(const long *ptr) __DEF_IF_HOST
      |                                                        ^~~~~~~~~~~~~
/usr/local/cuda/include/sm_32_intrinsics.h: In function 'long unsigned int __ldcv(const long unsigned int*)':
/usr/local/cuda/include/sm_32_intrinsics.h:74:25: warning: no return statement in function returning non-void [-Wreturn-type]
   74 | #define __DEF_IF_HOST { }
      |                         ^
/usr/local/cuda/include/sm_32_intrinsics.h:268:74: note: in expansion of macro '__DEF_IF_HOST'
  268 | __SM_32_INTRINSICS_DECL__ unsigned long __ldcv(const unsigned long *ptr) __DEF_IF_HOST
      |                                                                          ^~~~~~~~~~~~~
/usr/local/cuda/include/sm_32_intrinsics.h: In function 'char __ldcv(const char*)':
/usr/local/cuda/include/sm_32_intrinsics.h:74:25: warning: no return statement in function returning non-void [-Wreturn-type]
   74 | #define __DEF_IF_HOST { }
      |                         ^
/usr/local/cuda/include/sm_32_intrinsics.h:270:56: note: in expansion of macro '__DEF_IF_HOST'
  270 | __SM_32_INTRINSICS_DECL__ char __ldcv(const char *ptr) __DEF_IF_HOST
      |                                                        ^~~~~~~~~~~~~
/usr/local/cuda/include/sm_32_intrinsics.h: In function 'signed char __ldcv(const signed char*)':
/usr/local/cuda/include/sm_32_intrinsics.h:74:25: warning: no return statement in function returning non-void [-Wreturn-type]
   74 | #define __DEF_IF_HOST { }
      |                         ^
/usr/local/cuda/include/sm_32_intrinsics.h:271:70: note: in expansion of macro '__DEF_IF_HOST'
  271 | __SM_32_INTRINSICS_DECL__ signed char __ldcv(const signed char *ptr) __DEF_IF_HOST
      |                                                                      ^~~~~~~~~~~~~
/usr/local/cuda/include/sm_32_intrinsics.h: In function 'short int __ldcv(const short int*)':
/usr/local/cuda/include/sm_32_intrinsics.h:74:25: warning: no return statement in function returning non-void [-Wreturn-type]
   74 | #define __DEF_IF_HOST { }
      |                         ^
/usr/local/cuda/include/sm_32_intrinsics.h:272:58: note: in expansion of macro '__DEF_IF_HOST'
  272 | __SM_32_INTRINSICS_DECL__ short __ldcv(const short *ptr) __DEF_IF_HOST
      |                                                          ^~~~~~~~~~~~~
/usr/local/cuda/include/sm_32_intrinsics.h: In function 'int __ldcv(const int*)':
/usr/local/cuda/include/sm_32_intrinsics.h:74:25: warning: no return statement in function returning non-void [-Wreturn-type]
   74 | #define __DEF_IF_HOST { }
      |                         ^
/usr/local/cuda/include/sm_32_intrinsics.h:273:54: note: in expansion of macro '__DEF_IF_HOST'
  273 | __SM_32_INTRINSICS_DECL__ int __ldcv(const int *ptr) __DEF_IF_HOST
      |                                                      ^~~~~~~~~~~~~
/usr/local/cuda/include/sm_32_intrinsics.h: In function 'long long int __ldcv(const long long int*)':
/usr/local/cuda/include/sm_32_intrinsics.h:74:25: warning: no return statement in function returning non-void [-Wreturn-type]
   74 | #define __DEF_IF_HOST { }
      |                         ^
/usr/local/cuda/include/sm_32_intrinsics.h:274:66: note: in expansion of macro '__DEF_IF_HOST'
  274 | __SM_32_INTRINSICS_DECL__ long long __ldcv(const long long *ptr) __DEF_IF_HOST
      |                                                                  ^~~~~~~~~~~~~
/usr/local/cuda/include/sm_32_intrinsics.h: In function 'char2 __ldcv(const char2*)':
/usr/local/cuda/include/sm_32_intrinsics.h:74:25: warning: no return statement in function returning non-void [-Wreturn-type]
   74 | #define __DEF_IF_HOST { }
      |                         ^
/usr/local/cuda/include/sm_32_intrinsics.h:275:58: note: in expansion of macro '__DEF_IF_HOST'
  275 | __SM_32_INTRINSICS_DECL__ char2 __ldcv(const char2 *ptr) __DEF_IF_HOST
      |                                                          ^~~~~~~~~~~~~
/usr/local/cuda/include/sm_32_intrinsics.h: In function 'char4 __ldcv(const char4*)':
/usr/local/cuda/include/sm_32_intrinsics.h:74:25: warning: no return statement in function returning non-void [-Wreturn-type]
   74 | #define __DEF_IF_HOST { }
      |                         ^
/usr/local/cuda/include/sm_32_intrinsics.h:276:58: note: in expansion of macro '__DEF_IF_HOST'
  276 | __SM_32_INTRINSICS_DECL__ char4 __ldcv(const char4 *ptr) __DEF_IF_HOST
      |                                                          ^~~~~~~~~~~~~
/usr/local/cuda/include/sm_32_intrinsics.h: In function 'short2 __ldcv(const short2*)':
/usr/local/cuda/include/sm_32_intrinsics.h:74:25: warning: no return statement in function returning non-void [-Wreturn-type]
   74 | #define __DEF_IF_HOST { }
      |                         ^
/usr/local/cuda/include/sm_32_intrinsics.h:277:60: note: in expansion of macro '__DEF_IF_HOST'
  277 | __SM_32_INTRINSICS_DECL__ short2 __ldcv(const short2 *ptr) __DEF_IF_HOST
      |                                                            ^~~~~~~~~~~~~
/usr/local/cuda/include/sm_32_intrinsics.h: In function 'short4 __ldcv(const short4*)':
/usr/local/cuda/include/sm_32_intrinsics.h:74:25: warning: no return statement in function returning non-void [-Wreturn-type]
   74 | #define __DEF_IF_HOST { }
      |                         ^
/usr/local/cuda/include/sm_32_intrinsics.h:278:60: note: in expansion of macro '__DEF_IF_HOST'
  278 | __SM_32_INTRINSICS_DECL__ short4 __ldcv(const short4 *ptr) __DEF_IF_HOST
      |                                                            ^~~~~~~~~~~~~
/usr/local/cuda/include/sm_32_intrinsics.h: In function 'int2 __ldcv(const int2*)':
/usr/local/cuda/include/sm_32_intrinsics.h:74:25: warning: no return statement in function returning non-void [-Wreturn-type]
   74 | #define __DEF_IF_HOST { }
      |                         ^
/usr/local/cuda/include/sm_32_intrinsics.h:279:56: note: in expansion of macro '__DEF_IF_HOST'
  279 | __SM_32_INTRINSICS_DECL__ int2 __ldcv(const int2 *ptr) __DEF_IF_HOST
      |                                                        ^~~~~~~~~~~~~
/usr/local/cuda/include/sm_32_intrinsics.h: In function 'int4 __ldcv(const int4*)':
/usr/local/cuda/include/sm_32_intrinsics.h:74:25: warning: no return statement in function returning non-void [-Wreturn-type]
   74 | #define __DEF_IF_HOST { }
      |                         ^
/usr/local/cuda/include/sm_32_intrinsics.h:280:56: note: in expansion of macro '__DEF_IF_HOST'
  280 | __SM_32_INTRINSICS_DECL__ int4 __ldcv(const int4 *ptr) __DEF_IF_HOST
      |                                                        ^~~~~~~~~~~~~
/usr/local/cuda/include/sm_32_intrinsics.h: In function 'longlong2 __ldcv(const longlong2*)':
/usr/local/cuda/include/sm_32_intrinsics.h:74:25: warning: no return statement in function returning non-void [-Wreturn-type]
   74 | #define __DEF_IF_HOST { }
      |                         ^
/usr/local/cuda/include/sm_32_intrinsics.h:281:66: note: in expansion of macro '__DEF_IF_HOST'
  281 | __SM_32_INTRINSICS_DECL__ longlong2 __ldcv(const longlong2 *ptr) __DEF_IF_HOST
      |                                                                  ^~~~~~~~~~~~~
/usr/local/cuda/include/sm_32_intrinsics.h: In function 'unsigned char __ldcv(const unsigned char*)':
/usr/local/cuda/include/sm_32_intrinsics.h:74:25: warning: no return statement in function returning non-void [-Wreturn-type]
   74 | #define __DEF_IF_HOST { }
      |                         ^
/usr/local/cuda/include/sm_32_intrinsics.h:283:74: note: in expansion of macro '__DEF_IF_HOST'
  283 | __SM_32_INTRINSICS_DECL__ unsigned char __ldcv(const unsigned char *ptr) __DEF_IF_HOST
      |                                                                          ^~~~~~~~~~~~~
/usr/local/cuda/include/sm_32_intrinsics.h: In function 'short unsigned int __ldcv(const short unsigned int*)':
/usr/local/cuda/include/sm_32_intrinsics.h:74:25: warning: no return statement in function returning non-void [-Wreturn-type]
   74 | #define __DEF_IF_HOST { }
      |                         ^
/usr/local/cuda/include/sm_32_intrinsics.h:284:76: note: in expansion of macro '__DEF_IF_HOST'
  284 | __SM_32_INTRINSICS_DECL__ unsigned short __ldcv(const unsigned short *ptr) __DEF_IF_HOST
      |                                                                            ^~~~~~~~~~~~~
/usr/local/cuda/include/sm_32_intrinsics.h: In function 'unsigned int __ldcv(const unsigned int*)':
/usr/local/cuda/include/sm_32_intrinsics.h:74:25: warning: no return statement in function returning non-void [-Wreturn-type]
   74 | #define __DEF_IF_HOST { }
      |                         ^
/usr/local/cuda/include/sm_32_intrinsics.h:285:72: note: in expansion of macro '__DEF_IF_HOST'
  285 | __SM_32_INTRINSICS_DECL__ unsigned int __ldcv(const unsigned int *ptr) __DEF_IF_HOST
      |                                                                        ^~~~~~~~~~~~~
/usr/local/cuda/include/sm_32_intrinsics.h: In function 'long long unsigned int __ldcv(const long long unsigned int*)':
/usr/local/cuda/include/sm_32_intrinsics.h:74:25: warning: no return statement in function returning non-void [-Wreturn-type]
   74 | #define __DEF_IF_HOST { }
      |                         ^
/usr/local/cuda/include/sm_32_intrinsics.h:286:84: note: in expansion of macro '__DEF_IF_HOST'
  286 | __SM_32_INTRINSICS_DECL__ unsigned long long __ldcv(const unsigned long long *ptr) __DEF_IF_HOST
      |                                                                                    ^~~~~~~~~~~~~
/usr/local/cuda/include/sm_32_intrinsics.h: In function 'uchar2 __ldcv(const uchar2*)':
/usr/local/cuda/include/sm_32_intrinsics.h:74:25: warning: no return statement in function returning non-void [-Wreturn-type]
   74 | #define __DEF_IF_HOST { }
      |                         ^
/usr/local/cuda/include/sm_32_intrinsics.h:287:60: note: in expansion of macro '__DEF_IF_HOST'
  287 | __SM_32_INTRINSICS_DECL__ uchar2 __ldcv(const uchar2 *ptr) __DEF_IF_HOST
      |                                                            ^~~~~~~~~~~~~
/usr/local/cuda/include/sm_32_intrinsics.h: In function 'uchar4 __ldcv(const uchar4*)':
/usr/local/cuda/include/sm_32_intrinsics.h:74:25: warning: no return statement in function returning non-void [-Wreturn-type]
   74 | #define __DEF_IF_HOST { }
      |                         ^
/usr/local/cuda/include/sm_32_intrinsics.h:288:60: note: in expansion of macro '__DEF_IF_HOST'
  288 | __SM_32_INTRINSICS_DECL__ uchar4 __ldcv(const uchar4 *ptr) __DEF_IF_HOST
      |                                                            ^~~~~~~~~~~~~
/usr/local/cuda/include/sm_32_intrinsics.h: In function 'ushort2 __ldcv(const ushort2*)':
/usr/local/cuda/include/sm_32_intrinsics.h:74:25: warning: no return statement in function returning non-void [-Wreturn-type]
   74 | #define __DEF_IF_HOST { }
      |                         ^
/usr/local/cuda/include/sm_32_intrinsics.h:289:62: note: in expansion of macro '__DEF_IF_HOST'
  289 | __SM_32_INTRINSICS_DECL__ ushort2 __ldcv(const ushort2 *ptr) __DEF_IF_HOST
      |                                                              ^~~~~~~~~~~~~
/usr/local/cuda/include/sm_32_intrinsics.h: In function 'ushort4 __ldcv(const ushort4*)':
/usr/local/cuda/include/sm_32_intrinsics.h:74:25: warning: no return statement in function returning non-void [-Wreturn-type]
   74 | #define __DEF_IF_HOST { }
      |                         ^
/usr/local/cuda/include/sm_32_intrinsics.h:290:62: note: in expansion of macro '__DEF_IF_HOST'
  290 | __SM_32_INTRINSICS_DECL__ ushort4 __ldcv(const ushort4 *ptr) __DEF_IF_HOST
      |                                                              ^~~~~~~~~~~~~
/usr/local/cuda/include/sm_32_intrinsics.h: In function 'uint2 __ldcv(const uint2*)':
/usr/local/cuda/include/sm_32_intrinsics.h:74:25: warning: no return statement in function returning non-void [-Wreturn-type]
   74 | #define __DEF_IF_HOST { }
      |                         ^
/usr/local/cuda/include/sm_32_intrinsics.h:291:58: note: in expansion of macro '__DEF_IF_HOST'
  291 | __SM_32_INTRINSICS_DECL__ uint2 __ldcv(const uint2 *ptr) __DEF_IF_HOST
      |                                                          ^~~~~~~~~~~~~
/usr/local/cuda/include/sm_32_intrinsics.h: In function 'uint4 __ldcv(const uint4*)':
/usr/local/cuda/include/sm_32_intrinsics.h:74:25: warning: no return statement in function returning non-void [-Wreturn-type]
   74 | #define __DEF_IF_HOST { }
      |                         ^
/usr/local/cuda/include/sm_32_intrinsics.h:292:58: note: in expansion of macro '__DEF_IF_HOST'
  292 | __SM_32_INTRINSICS_DECL__ uint4 __ldcv(const uint4 *ptr) __DEF_IF_HOST
      |                                                          ^~~~~~~~~~~~~
/usr/local/cuda/include/sm_32_intrinsics.h: In function 'ulonglong2 __ldcv(const ulonglong2*)':
/usr/local/cuda/include/sm_32_intrinsics.h:74:25: warning: no return statement in function returning non-void [-Wreturn-type]
   74 | #define __DEF_IF_HOST { }
      |                         ^
/usr/local/cuda/include/sm_32_intrinsics.h:293:68: note: in expansion of macro '__DEF_IF_HOST'
  293 | __SM_32_INTRINSICS_DECL__ ulonglong2 __ldcv(const ulonglong2 *ptr) __DEF_IF_HOST
      |                                                                    ^~~~~~~~~~~~~
/usr/local/cuda/include/sm_32_intrinsics.h: In function 'float __ldcv(const float*)':
/usr/local/cuda/include/sm_32_intrinsics.h:74:25: warning: no return statement in function returning non-void [-Wreturn-type]
   74 | #define __DEF_IF_HOST { }
      |                         ^
/usr/local/cuda/include/sm_32_intrinsics.h:295:58: note: in expansion of macro '__DEF_IF_HOST'
  295 | __SM_32_INTRINSICS_DECL__ float __ldcv(const float *ptr) __DEF_IF_HOST
      |                                                          ^~~~~~~~~~~~~
/usr/local/cuda/include/sm_32_intrinsics.h: In function 'double __ldcv(const double*)':
/usr/local/cuda/include/sm_32_intrinsics.h:74:25: warning: no return statement in function returning non-void [-Wreturn-type]
   74 | #define __DEF_IF_HOST { }
      |                         ^
/usr/local/cuda/include/sm_32_intrinsics.h:296:60: note: in expansion of macro '__DEF_IF_HOST'
  296 | __SM_32_INTRINSICS_DECL__ double __ldcv(const double *ptr) __DEF_IF_HOST
      |                                                            ^~~~~~~~~~~~~
/usr/local/cuda/include/sm_32_intrinsics.h: In function 'float2 __ldcv(const float2*)':
/usr/local/cuda/include/sm_32_intrinsics.h:74:25: warning: no return statement in function returning non-void [-Wreturn-type]
   74 | #define __DEF_IF_HOST { }
      |                         ^
/usr/local/cuda/include/sm_32_intrinsics.h:297:60: note: in expansion of macro '__DEF_IF_HOST'
  297 | __SM_32_INTRINSICS_DECL__ float2 __ldcv(const float2 *ptr) __DEF_IF_HOST
      |                                                            ^~~~~~~~~~~~~
/usr/local/cuda/include/sm_32_intrinsics.h: In function 'float4 __ldcv(const float4*)':
/usr/local/cuda/include/sm_32_intrinsics.h:74:25: warning: no return statement in function returning non-void [-Wreturn-type]
   74 | #define __DEF_IF_HOST { }
      |                         ^
/usr/local/cuda/include/sm_32_intrinsics.h:298:60: note: in expansion of macro '__DEF_IF_HOST'
  298 | __SM_32_INTRINSICS_DECL__ float4 __ldcv(const float4 *ptr) __DEF_IF_HOST
      |                                                            ^~~~~~~~~~~~~
/usr/local/cuda/include/sm_32_intrinsics.h: In function 'double2 __ldcv(const double2*)':
/usr/local/cuda/include/sm_32_intrinsics.h:74:25: warning: no return statement in function returning non-void [-Wreturn-type]
   74 | #define __DEF_IF_HOST { }
      |                         ^
/usr/local/cuda/include/sm_32_intrinsics.h:299:62: note: in expansion of macro '__DEF_IF_HOST'
  299 | __SM_32_INTRINSICS_DECL__ double2 __ldcv(const double2 *ptr) __DEF_IF_HOST
      |                                                              ^~~~~~~~~~~~~
/usr/local/cuda/include/sm_32_intrinsics.h: In function 'unsigned int __funnelshift_l(unsigned int, unsigned int, unsigned int)':
/usr/local/cuda/include/sm_32_intrinsics.h:74:25: warning: no return statement in function returning non-void [-Wreturn-type]
   74 | #define __DEF_IF_HOST { }
      |                         ^
/usr/local/cuda/include/sm_32_intrinsics.h:460:110: note: in expansion of macro '__DEF_IF_HOST'
  460 | __SM_32_INTRINSICS_DECL__ unsigned int __funnelshift_l(unsigned int lo, unsigned int hi, unsigned int shift) __DEF_IF_HOST
      |                                                                                                              ^~~~~~~~~~~~~
/usr/local/cuda/include/sm_32_intrinsics.h: In function 'unsigned int __funnelshift_lc(unsigned int, unsigned int, unsigned int)':
/usr/local/cuda/include/sm_32_intrinsics.h:74:25: warning: no return statement in function returning non-void [-Wreturn-type]
   74 | #define __DEF_IF_HOST { }
      |                         ^
/usr/local/cuda/include/sm_32_intrinsics.h:472:111: note: in expansion of macro '__DEF_IF_HOST'
  472 | __SM_32_INTRINSICS_DECL__ unsigned int __funnelshift_lc(unsigned int lo, unsigned int hi, unsigned int shift) __DEF_IF_HOST
      |                                                                                                               ^~~~~~~~~~~~~
/usr/local/cuda/include/sm_32_intrinsics.h: In function 'unsigned int __funnelshift_r(unsigned int, unsigned int, unsigned int)':
/usr/local/cuda/include/sm_32_intrinsics.h:74:25: warning: no return statement in function returning non-void [-Wreturn-type]
   74 | #define __DEF_IF_HOST { }
      |                         ^
/usr/local/cuda/include/sm_32_intrinsics.h:485:110: note: in expansion of macro '__DEF_IF_HOST'
  485 | __SM_32_INTRINSICS_DECL__ unsigned int __funnelshift_r(unsigned int lo, unsigned int hi, unsigned int shift) __DEF_IF_HOST
      |                                                                                                              ^~~~~~~~~~~~~
/usr/local/cuda/include/sm_32_intrinsics.h: In function 'unsigned int __funnelshift_rc(unsigned int, unsigned int, unsigned int)':
/usr/local/cuda/include/sm_32_intrinsics.h:74:25: warning: no return statement in function returning non-void [-Wreturn-type]
   74 | #define __DEF_IF_HOST { }
      |                         ^
/usr/local/cuda/include/sm_32_intrinsics.h:497:111: note: in expansion of macro '__DEF_IF_HOST'
  497 | __SM_32_INTRINSICS_DECL__ unsigned int __funnelshift_rc(unsigned int lo, unsigned int hi, unsigned int shift) __DEF_IF_HOST
      |                                                                                                               ^~~~~~~~~~~~~
In file included from /usr/local/cuda/include/crt/device_functions.h:3625,
                 from /home/GVirtuS/GVirtuS/plugins/cudart/backend/CudaRtHandler.h:71,
                 from /home/GVirtuS/GVirtuS/plugins/cudart/backend/CudaRtHandler_execution.cpp:26:
/usr/local/cuda/include/sm_61_intrinsics.h: In function 'int __dp2a_lo(int, int, int)':
/usr/local/cuda/include/sm_61_intrinsics.h:72:25: warning: no return statement in function returning non-void [-Wreturn-type]
   72 | #define __DEF_IF_HOST { }
      |                         ^
/usr/local/cuda/include/sm_61_intrinsics.h:99:68: note: in expansion of macro '__DEF_IF_HOST'
   99 | __SM_61_INTRINSICS_DECL__ int __dp2a_lo(int srcA, int srcB, int c) __DEF_IF_HOST
      |                                                                    ^~~~~~~~~~~~~
/usr/local/cuda/include/sm_61_intrinsics.h: In function 'unsigned int __dp2a_lo(unsigned int, unsigned int, unsigned int)':
/usr/local/cuda/include/sm_61_intrinsics.h:72:25: warning: no return statement in function returning non-void [-Wreturn-type]
   72 | #define __DEF_IF_HOST { }
      |                         ^
/usr/local/cuda/include/sm_61_intrinsics.h:110:104: note: in expansion of macro '__DEF_IF_HOST'
  110 | __SM_61_INTRINSICS_DECL__ unsigned int __dp2a_lo(unsigned int srcA, unsigned int srcB, unsigned int c) __DEF_IF_HOST
      |                                                                                                        ^~~~~~~~~~~~~
/usr/local/cuda/include/sm_61_intrinsics.h: In function 'int __dp2a_lo(short2, char4, int)':
/usr/local/cuda/include/sm_61_intrinsics.h:72:25: warning: no return statement in function returning non-void [-Wreturn-type]
   72 | #define __DEF_IF_HOST { }
      |                         ^
/usr/local/cuda/include/sm_61_intrinsics.h:122:73: note: in expansion of macro '__DEF_IF_HOST'
  122 | __SM_61_INTRINSICS_DECL__ int __dp2a_lo(short2 srcA, char4 srcB, int c) __DEF_IF_HOST
      |                                                                         ^~~~~~~~~~~~~
/usr/local/cuda/include/sm_61_intrinsics.h: In function 'unsigned int __dp2a_lo(ushort2, uchar4, unsigned int)':
/usr/local/cuda/include/sm_61_intrinsics.h:72:25: warning: no return statement in function returning non-void [-Wreturn-type]
   72 | #define __DEF_IF_HOST { }
      |                         ^
/usr/local/cuda/include/sm_61_intrinsics.h:133:93: note: in expansion of macro '__DEF_IF_HOST'
  133 | __SM_61_INTRINSICS_DECL__ unsigned int __dp2a_lo(ushort2 srcA, uchar4 srcB, unsigned int c) __DEF_IF_HOST
      |                                                                                             ^~~~~~~~~~~~~
/usr/local/cuda/include/sm_61_intrinsics.h: In function 'int __dp2a_hi(int, int, int)':
/usr/local/cuda/include/sm_61_intrinsics.h:72:25: warning: no return statement in function returning non-void [-Wreturn-type]
   72 | #define __DEF_IF_HOST { }
      |                         ^
/usr/local/cuda/include/sm_61_intrinsics.h:145:68: note: in expansion of macro '__DEF_IF_HOST'
  145 | __SM_61_INTRINSICS_DECL__ int __dp2a_hi(int srcA, int srcB, int c) __DEF_IF_HOST
      |                                                                    ^~~~~~~~~~~~~
/usr/local/cuda/include/sm_61_intrinsics.h: In function 'unsigned int __dp2a_hi(unsigned int, unsigned int, unsigned int)':
/usr/local/cuda/include/sm_61_intrinsics.h:72:25: warning: no return statement in function returning non-void [-Wreturn-type]
   72 | #define __DEF_IF_HOST { }
      |                         ^
/usr/local/cuda/include/sm_61_intrinsics.h:156:104: note: in expansion of macro '__DEF_IF_HOST'
  156 | __SM_61_INTRINSICS_DECL__ unsigned int __dp2a_hi(unsigned int srcA, unsigned int srcB, unsigned int c) __DEF_IF_HOST
      |                                                                                                        ^~~~~~~~~~~~~
/usr/local/cuda/include/sm_61_intrinsics.h: In function 'int __dp2a_hi(short2, char4, int)':
/usr/local/cuda/include/sm_61_intrinsics.h:72:25: warning: no return statement in function returning non-void [-Wreturn-type]
   72 | #define __DEF_IF_HOST { }
      |                         ^
/usr/local/cuda/include/sm_61_intrinsics.h:168:73: note: in expansion of macro '__DEF_IF_HOST'
  168 | __SM_61_INTRINSICS_DECL__ int __dp2a_hi(short2 srcA, char4 srcB, int c) __DEF_IF_HOST
      |                                                                         ^~~~~~~~~~~~~
/usr/local/cuda/include/sm_61_intrinsics.h: In function 'unsigned int __dp2a_hi(ushort2, uchar4, unsigned int)':
/usr/local/cuda/include/sm_61_intrinsics.h:72:25: warning: no return statement in function returning non-void [-Wreturn-type]
   72 | #define __DEF_IF_HOST { }
      |                         ^
/usr/local/cuda/include/sm_61_intrinsics.h:179:93: note: in expansion of macro '__DEF_IF_HOST'
  179 | __SM_61_INTRINSICS_DECL__ unsigned int __dp2a_hi(ushort2 srcA, uchar4 srcB, unsigned int c) __DEF_IF_HOST
      |                                                                                             ^~~~~~~~~~~~~
/usr/local/cuda/include/sm_61_intrinsics.h: In function 'int __dp4a(int, int, int)':
/usr/local/cuda/include/sm_61_intrinsics.h:72:25: warning: no return statement in function returning non-void [-Wreturn-type]
   72 | #define __DEF_IF_HOST { }
      |                         ^
/usr/local/cuda/include/sm_61_intrinsics.h:194:65: note: in expansion of macro '__DEF_IF_HOST'
  194 | __SM_61_INTRINSICS_DECL__ int __dp4a(int srcA, int srcB, int c) __DEF_IF_HOST
      |                                                                 ^~~~~~~~~~~~~
/usr/local/cuda/include/sm_61_intrinsics.h: In function 'unsigned int __dp4a(unsigned int, unsigned int, unsigned int)':
/usr/local/cuda/include/sm_61_intrinsics.h:72:25: warning: no return statement in function returning non-void [-Wreturn-type]
   72 | #define __DEF_IF_HOST { }
      |                         ^
/usr/local/cuda/include/sm_61_intrinsics.h:203:101: note: in expansion of macro '__DEF_IF_HOST'
  203 | __SM_61_INTRINSICS_DECL__ unsigned int __dp4a(unsigned int srcA, unsigned int srcB, unsigned int c) __DEF_IF_HOST
      |                                                                                                     ^~~~~~~~~~~~~
/usr/local/cuda/include/sm_61_intrinsics.h: In function 'int __dp4a(char4, char4, int)':
/usr/local/cuda/include/sm_61_intrinsics.h:72:25: warning: no return statement in function returning non-void [-Wreturn-type]
   72 | #define __DEF_IF_HOST { }
      |                         ^
/usr/local/cuda/include/sm_61_intrinsics.h:213:69: note: in expansion of macro '__DEF_IF_HOST'
  213 | __SM_61_INTRINSICS_DECL__ int __dp4a(char4 srcA, char4 srcB, int c) __DEF_IF_HOST
      |                                                                     ^~~~~~~~~~~~~
/usr/local/cuda/include/sm_61_intrinsics.h: In function 'unsigned int __dp4a(uchar4, uchar4, unsigned int)':
/usr/local/cuda/include/sm_61_intrinsics.h:72:25: warning: no return statement in function returning non-void [-Wreturn-type]
   72 | #define __DEF_IF_HOST { }
      |                         ^
/usr/local/cuda/include/sm_61_intrinsics.h:222:89: note: in expansion of macro '__DEF_IF_HOST'
  222 | __SM_61_INTRINSICS_DECL__ unsigned int __dp4a(uchar4 srcA, uchar4 srcB, unsigned int c) __DEF_IF_HOST
      |                                                                                         ^~~~~~~~~~~~~
In file included from /usr/local/cuda/include/crt/device_functions.h:3626,
                 from /home/GVirtuS/GVirtuS/plugins/cudart/backend/CudaRtHandler.h:71,
                 from /home/GVirtuS/GVirtuS/plugins/cudart/backend/CudaRtHandler_execution.cpp:26:
/usr/local/cuda/include/crt/sm_70_rt.h: In function 'unsigned int __match_any_sync(unsigned int, unsigned int)':
/usr/local/cuda/include/crt/sm_70_rt.h:84:25: warning: no return statement in function returning non-void [-Wreturn-type]
   84 | #define __DEF_IF_HOST { }
      |                         ^
/usr/local/cuda/include/crt/sm_70_rt.h:93:80: note: in expansion of macro '__DEF_IF_HOST'
   93 | __SM_70_RT_DECL__ unsigned int __match_any_sync(unsigned mask, unsigned value) __DEF_IF_HOST
      |                                                                                ^~~~~~~~~~~~~
/usr/local/cuda/include/crt/sm_70_rt.h: In function 'unsigned int __match_any_sync(unsigned int, int)':
/usr/local/cuda/include/crt/sm_70_rt.h:84:25: warning: no return statement in function returning non-void [-Wreturn-type]
   84 | #define __DEF_IF_HOST { }
      |                         ^
/usr/local/cuda/include/crt/sm_70_rt.h:94:75: note: in expansion of macro '__DEF_IF_HOST'
   94 | __SM_70_RT_DECL__ unsigned int __match_any_sync(unsigned mask, int value) __DEF_IF_HOST
      |                                                                           ^~~~~~~~~~~~~
/usr/local/cuda/include/crt/sm_70_rt.h: In function 'unsigned int __match_any_sync(unsigned int, long unsigned int)':
/usr/local/cuda/include/crt/sm_70_rt.h:84:25: warning: no return statement in function returning non-void [-Wreturn-type]
   84 | #define __DEF_IF_HOST { }
      |                         ^
/usr/local/cuda/include/crt/sm_70_rt.h:95:85: note: in expansion of macro '__DEF_IF_HOST'
   95 | __SM_70_RT_DECL__ unsigned int __match_any_sync(unsigned mask, unsigned long value) __DEF_IF_HOST
      |                                                                                     ^~~~~~~~~~~~~
/usr/local/cuda/include/crt/sm_70_rt.h: In function 'unsigned int __match_any_sync(unsigned int, long int)':
/usr/local/cuda/include/crt/sm_70_rt.h:84:25: warning: no return statement in function returning non-void [-Wreturn-type]
   84 | #define __DEF_IF_HOST { }
      |                         ^
/usr/local/cuda/include/crt/sm_70_rt.h:96:76: note: in expansion of macro '__DEF_IF_HOST'
   96 | __SM_70_RT_DECL__ unsigned int __match_any_sync(unsigned mask, long value) __DEF_IF_HOST
      |                                                                            ^~~~~~~~~~~~~
/usr/local/cuda/include/crt/sm_70_rt.h: In function 'unsigned int __match_any_sync(unsigned int, long long unsigned int)':
/usr/local/cuda/include/crt/sm_70_rt.h:84:25: warning: no return statement in function returning non-void [-Wreturn-type]
   84 | #define __DEF_IF_HOST { }
      |                         ^
/usr/local/cuda/include/crt/sm_70_rt.h:97:90: note: in expansion of macro '__DEF_IF_HOST'
   97 | __SM_70_RT_DECL__ unsigned int __match_any_sync(unsigned mask, unsigned long long value) __DEF_IF_HOST
      |                                                                                          ^~~~~~~~~~~~~
/usr/local/cuda/include/crt/sm_70_rt.h: In function 'unsigned int __match_any_sync(unsigned int, long long int)':
/usr/local/cuda/include/crt/sm_70_rt.h:84:25: warning: no return statement in function returning non-void [-Wreturn-type]
   84 | #define __DEF_IF_HOST { }
      |                         ^
/usr/local/cuda/include/crt/sm_70_rt.h:98:81: note: in expansion of macro '__DEF_IF_HOST'
   98 | __SM_70_RT_DECL__ unsigned int __match_any_sync(unsigned mask, long long value) __DEF_IF_HOST
      |                                                                                 ^~~~~~~~~~~~~
/usr/local/cuda/include/crt/sm_70_rt.h: In function 'unsigned int __match_any_sync(unsigned int, float)':
/usr/local/cuda/include/crt/sm_70_rt.h:84:25: warning: no return statement in function returning non-void [-Wreturn-type]
   84 | #define __DEF_IF_HOST { }
      |                         ^
/usr/local/cuda/include/crt/sm_70_rt.h:99:77: note: in expansion of macro '__DEF_IF_HOST'
   99 | __SM_70_RT_DECL__ unsigned int __match_any_sync(unsigned mask, float value) __DEF_IF_HOST
      |                                                                             ^~~~~~~~~~~~~
/usr/local/cuda/include/crt/sm_70_rt.h: In function 'unsigned int __match_any_sync(unsigned int, double)':
/usr/local/cuda/include/crt/sm_70_rt.h:84:25: warning: no return statement in function returning non-void [-Wreturn-type]
   84 | #define __DEF_IF_HOST { }
      |                         ^
/usr/local/cuda/include/crt/sm_70_rt.h:100:78: note: in expansion of macro '__DEF_IF_HOST'
  100 | __SM_70_RT_DECL__ unsigned int __match_any_sync(unsigned mask, double value) __DEF_IF_HOST
      |                                                                              ^~~~~~~~~~~~~
/usr/local/cuda/include/crt/sm_70_rt.h: In function 'unsigned int __match_all_sync(unsigned int, unsigned int, int*)':
/usr/local/cuda/include/crt/sm_70_rt.h:84:25: warning: no return statement in function returning non-void [-Wreturn-type]
   84 | #define __DEF_IF_HOST { }
      |                         ^
/usr/local/cuda/include/crt/sm_70_rt.h:102:91: note: in expansion of macro '__DEF_IF_HOST'
  102 | __SM_70_RT_DECL__ unsigned int __match_all_sync(unsigned mask, unsigned value, int *pred) __DEF_IF_HOST
      |                                                                                           ^~~~~~~~~~~~~
/usr/local/cuda/include/crt/sm_70_rt.h: In function 'unsigned int __match_all_sync(unsigned int, int, int*)':
/usr/local/cuda/include/crt/sm_70_rt.h:84:25: warning: no return statement in function returning non-void [-Wreturn-type]
   84 | #define __DEF_IF_HOST { }
      |                         ^
/usr/local/cuda/include/crt/sm_70_rt.h:103:86: note: in expansion of macro '__DEF_IF_HOST'
  103 | __SM_70_RT_DECL__ unsigned int __match_all_sync(unsigned mask, int value, int *pred) __DEF_IF_HOST
      |                                                                                      ^~~~~~~~~~~~~
/usr/local/cuda/include/crt/sm_70_rt.h: In function 'unsigned int __match_all_sync(unsigned int, long unsigned int, int*)':
/usr/local/cuda/include/crt/sm_70_rt.h:84:25: warning: no return statement in function returning non-void [-Wreturn-type]
   84 | #define __DEF_IF_HOST { }
      |                         ^
/usr/local/cuda/include/crt/sm_70_rt.h:104:96: note: in expansion of macro '__DEF_IF_HOST'
  104 | __SM_70_RT_DECL__ unsigned int __match_all_sync(unsigned mask, unsigned long value, int *pred) __DEF_IF_HOST
      |                                                                                                ^~~~~~~~~~~~~
/usr/local/cuda/include/crt/sm_70_rt.h: In function 'unsigned int __match_all_sync(unsigned int, long int, int*)':
/usr/local/cuda/include/crt/sm_70_rt.h:84:25: warning: no return statement in function returning non-void [-Wreturn-type]
   84 | #define __DEF_IF_HOST { }
      |                         ^
/usr/local/cuda/include/crt/sm_70_rt.h:105:87: note: in expansion of macro '__DEF_IF_HOST'
  105 | __SM_70_RT_DECL__ unsigned int __match_all_sync(unsigned mask, long value, int *pred) __DEF_IF_HOST
      |                                                                                       ^~~~~~~~~~~~~
/usr/local/cuda/include/crt/sm_70_rt.h: In function 'unsigned int __match_all_sync(unsigned int, long long unsigned int, int*)':
/usr/local/cuda/include/crt/sm_70_rt.h:84:25: warning: no return statement in function returning non-void [-Wreturn-type]
   84 | #define __DEF_IF_HOST { }
      |                         ^
/usr/local/cuda/include/crt/sm_70_rt.h:106:101: note: in expansion of macro '__DEF_IF_HOST'
  106 | __SM_70_RT_DECL__ unsigned int __match_all_sync(unsigned mask, unsigned long long value, int *pred) __DEF_IF_HOST
      |                                                                                                     ^~~~~~~~~~~~~
/usr/local/cuda/include/crt/sm_70_rt.h: In function 'unsigned int __match_all_sync(unsigned int, long long int, int*)':
/usr/local/cuda/include/crt/sm_70_rt.h:84:25: warning: no return statement in function returning non-void [-Wreturn-type]
   84 | #define __DEF_IF_HOST { }
      |                         ^
/usr/local/cuda/include/crt/sm_70_rt.h:107:92: note: in expansion of macro '__DEF_IF_HOST'
  107 | __SM_70_RT_DECL__ unsigned int __match_all_sync(unsigned mask, long long value, int *pred) __DEF_IF_HOST
      |                                                                                            ^~~~~~~~~~~~~
/usr/local/cuda/include/crt/sm_70_rt.h: In function 'unsigned int __match_all_sync(unsigned int, float, int*)':
/usr/local/cuda/include/crt/sm_70_rt.h:84:25: warning: no return statement in function returning non-void [-Wreturn-type]
   84 | #define __DEF_IF_HOST { }
      |                         ^
/usr/local/cuda/include/crt/sm_70_rt.h:108:88: note: in expansion of macro '__DEF_IF_HOST'
  108 | __SM_70_RT_DECL__ unsigned int __match_all_sync(unsigned mask, float value, int *pred) __DEF_IF_HOST
      |                                                                                        ^~~~~~~~~~~~~
/usr/local/cuda/include/crt/sm_70_rt.h: In function 'unsigned int __match_all_sync(unsigned int, double, int*)':
/usr/local/cuda/include/crt/sm_70_rt.h:84:25: warning: no return statement in function returning non-void [-Wreturn-type]
   84 | #define __DEF_IF_HOST { }
      |                         ^
/usr/local/cuda/include/crt/sm_70_rt.h:109:89: note: in expansion of macro '__DEF_IF_HOST'
  109 | __SM_70_RT_DECL__ unsigned int __match_all_sync(unsigned mask, double value, int *pred) __DEF_IF_HOST
      |                                                                                         ^~~~~~~~~~~~~
/usr/local/cuda/include/crt/sm_70_rt.h: In function 'short unsigned int atomicCAS(short unsigned int*, short unsigned int, short unsigned int)':
/usr/local/cuda/include/crt/sm_70_rt.h:84:25: warning: no return statement in function returning non-void [-Wreturn-type]
   84 | #define __DEF_IF_HOST { }
      |                         ^
/usr/local/cuda/include/crt/sm_70_rt.h:113:129: note: in expansion of macro '__DEF_IF_HOST'
  113 | __SM_70_RT_DECL__ unsigned short int atomicCAS(unsigned short int *address, unsigned short int compare, unsigned short int val) __DEF_IF_HOST
      |                                                                                                                                 ^~~~~~~~~~~~~
In file included from /usr/local/cuda/include/crt/device_functions.h:3627,
                 from /home/GVirtuS/GVirtuS/plugins/cudart/backend/CudaRtHandler.h:71,
                 from /home/GVirtuS/GVirtuS/plugins/cudart/backend/CudaRtHandler_execution.cpp:26:
/usr/local/cuda/include/crt/sm_80_rt.h: In function 'unsigned int __reduce_add_sync(unsigned int, unsigned int)':
/usr/local/cuda/include/crt/sm_80_rt.h:84:25: warning: no return statement in function returning non-void [-Wreturn-type]
   84 | #define __DEF_IF_HOST { }
      |                         ^
/usr/local/cuda/include/crt/sm_80_rt.h:93:77: note: in expansion of macro '__DEF_IF_HOST'
   93 | __SM_80_RT_DECL__ unsigned __reduce_add_sync(unsigned mask, unsigned value) __DEF_IF_HOST
      |                                                                             ^~~~~~~~~~~~~
/usr/local/cuda/include/crt/sm_80_rt.h: In function 'unsigned int __reduce_min_sync(unsigned int, unsigned int)':
/usr/local/cuda/include/crt/sm_80_rt.h:84:25: warning: no return statement in function returning non-void [-Wreturn-type]
   84 | #define __DEF_IF_HOST { }
      |                         ^
/usr/local/cuda/include/crt/sm_80_rt.h:94:77: note: in expansion of macro '__DEF_IF_HOST'
   94 | __SM_80_RT_DECL__ unsigned __reduce_min_sync(unsigned mask, unsigned value) __DEF_IF_HOST
      |                                                                             ^~~~~~~~~~~~~
/usr/local/cuda/include/crt/sm_80_rt.h: In function 'unsigned int __reduce_max_sync(unsigned int, unsigned int)':
/usr/local/cuda/include/crt/sm_80_rt.h:84:25: warning: no return statement in function returning non-void [-Wreturn-type]
   84 | #define __DEF_IF_HOST { }
      |                         ^
/usr/local/cuda/include/crt/sm_80_rt.h:95:77: note: in expansion of macro '__DEF_IF_HOST'
   95 | __SM_80_RT_DECL__ unsigned __reduce_max_sync(unsigned mask, unsigned value) __DEF_IF_HOST
      |                                                                             ^~~~~~~~~~~~~
/usr/local/cuda/include/crt/sm_80_rt.h: In function 'int __reduce_add_sync(unsigned int, int)':
/usr/local/cuda/include/crt/sm_80_rt.h:84:25: warning: no return statement in function returning non-void [-Wreturn-type]
   84 | #define __DEF_IF_HOST { }
      |                         ^
/usr/local/cuda/include/crt/sm_80_rt.h:97:67: note: in expansion of macro '__DEF_IF_HOST'
   97 | __SM_80_RT_DECL__ int __reduce_add_sync(unsigned mask, int value) __DEF_IF_HOST
      |                                                                   ^~~~~~~~~~~~~
/usr/local/cuda/include/crt/sm_80_rt.h: In function 'int __reduce_min_sync(unsigned int, int)':
/usr/local/cuda/include/crt/sm_80_rt.h:84:25: warning: no return statement in function returning non-void [-Wreturn-type]
   84 | #define __DEF_IF_HOST { }
      |                         ^
/usr/local/cuda/include/crt/sm_80_rt.h:98:67: note: in expansion of macro '__DEF_IF_HOST'
   98 | __SM_80_RT_DECL__ int __reduce_min_sync(unsigned mask, int value) __DEF_IF_HOST
      |                                                                   ^~~~~~~~~~~~~
/usr/local/cuda/include/crt/sm_80_rt.h: In function 'int __reduce_max_sync(unsigned int, int)':
/usr/local/cuda/include/crt/sm_80_rt.h:84:25: warning: no return statement in function returning non-void [-Wreturn-type]
   84 | #define __DEF_IF_HOST { }
      |                         ^
/usr/local/cuda/include/crt/sm_80_rt.h:99:67: note: in expansion of macro '__DEF_IF_HOST'
   99 | __SM_80_RT_DECL__ int __reduce_max_sync(unsigned mask, int value) __DEF_IF_HOST
      |                                                                   ^~~~~~~~~~~~~
/usr/local/cuda/include/crt/sm_80_rt.h: In function 'unsigned int __reduce_and_sync(unsigned int, unsigned int)':
/usr/local/cuda/include/crt/sm_80_rt.h:84:25: warning: no return statement in function returning non-void [-Wreturn-type]
   84 | #define __DEF_IF_HOST { }
      |                         ^
/usr/local/cuda/include/crt/sm_80_rt.h:101:77: note: in expansion of macro '__DEF_IF_HOST'
  101 | __SM_80_RT_DECL__ unsigned __reduce_and_sync(unsigned mask, unsigned value) __DEF_IF_HOST
      |                                                                             ^~~~~~~~~~~~~
/usr/local/cuda/include/crt/sm_80_rt.h: In function 'unsigned int __reduce_or_sync(unsigned int, unsigned int)':
/usr/local/cuda/include/crt/sm_80_rt.h:84:25: warning: no return statement in function returning non-void [-Wreturn-type]
   84 | #define __DEF_IF_HOST { }
      |                         ^
/usr/local/cuda/include/crt/sm_80_rt.h:102:76: note: in expansion of macro '__DEF_IF_HOST'
  102 | __SM_80_RT_DECL__ unsigned __reduce_or_sync(unsigned mask, unsigned value) __DEF_IF_HOST
      |                                                                            ^~~~~~~~~~~~~
/usr/local/cuda/include/crt/sm_80_rt.h: In function 'unsigned int __reduce_xor_sync(unsigned int, unsigned int)':
/usr/local/cuda/include/crt/sm_80_rt.h:84:25: warning: no return statement in function returning non-void [-Wreturn-type]
   84 | #define __DEF_IF_HOST { }
      |                         ^
/usr/local/cuda/include/crt/sm_80_rt.h:103:77: note: in expansion of macro '__DEF_IF_HOST'
  103 | __SM_80_RT_DECL__ unsigned __reduce_xor_sync(unsigned mask, unsigned value) __DEF_IF_HOST
      |                                                                             ^~~~~~~~~~~~~
In file included from /usr/local/cuda/include/crt/device_functions.h:3628,
                 from /home/GVirtuS/GVirtuS/plugins/cudart/backend/CudaRtHandler.h:71,
                 from /home/GVirtuS/GVirtuS/plugins/cudart/backend/CudaRtHandler_execution.cpp:26:
/usr/local/cuda/include/crt/sm_90_rt.h: In function 'unsigned int __isCtaShared(const void*)':
/usr/local/cuda/include/crt/sm_90_rt.h:84:25: warning: no return statement in function returning non-void [-Wreturn-type]
   84 | #define __DEF_IF_HOST { }
      |                         ^
/usr/local/cuda/include/crt/sm_90_rt.h:89:59: note: in expansion of macro '__DEF_IF_HOST'
   89 | __SM_90_RT_DECL__ unsigned __isCtaShared(const void *ptr) __DEF_IF_HOST
      |                                                           ^~~~~~~~~~~~~
/usr/local/cuda/include/crt/sm_90_rt.h: In function 'unsigned int __isClusterShared(const void*)':
/usr/local/cuda/include/crt/sm_90_rt.h:84:25: warning: no return statement in function returning non-void [-Wreturn-type]
   84 | #define __DEF_IF_HOST { }
      |                         ^
/usr/local/cuda/include/crt/sm_90_rt.h:90:63: note: in expansion of macro '__DEF_IF_HOST'
   90 | __SM_90_RT_DECL__ unsigned __isClusterShared(const void *ptr) __DEF_IF_HOST
      |                                                               ^~~~~~~~~~~~~
/usr/local/cuda/include/crt/sm_90_rt.h: In function 'void* __cluster_map_shared_rank(const void*, unsigned int)':
/usr/local/cuda/include/crt/sm_90_rt.h:84:25: warning: no return statement in function returning non-void [-Wreturn-type]
   84 | #define __DEF_IF_HOST { }
      |                         ^
/usr/local/cuda/include/crt/sm_90_rt.h:91:97: note: in expansion of macro '__DEF_IF_HOST'
   91 | __SM_90_RT_DECL__ void *__cluster_map_shared_rank(const void *ptr, unsigned target_block_rank)  __DEF_IF_HOST
      |                                                                                                 ^~~~~~~~~~~~~
/usr/local/cuda/include/crt/sm_90_rt.h: In function 'unsigned int __cluster_query_shared_rank(const void*)':
/usr/local/cuda/include/crt/sm_90_rt.h:84:25: warning: no return statement in function returning non-void [-Wreturn-type]
   84 | #define __DEF_IF_HOST { }
      |                         ^
/usr/local/cuda/include/crt/sm_90_rt.h:92:73: note: in expansion of macro '__DEF_IF_HOST'
   92 | __SM_90_RT_DECL__ unsigned __cluster_query_shared_rank(const void *ptr) __DEF_IF_HOST
      |                                                                         ^~~~~~~~~~~~~
/usr/local/cuda/include/crt/sm_90_rt.h: In function 'uint2 __cluster_map_shared_multicast(const void*, unsigned int)':
/usr/local/cuda/include/crt/sm_90_rt.h:84:25: warning: no return statement in function returning non-void [-Wreturn-type]
   84 | #define __DEF_IF_HOST { }
      |                         ^
/usr/local/cuda/include/crt/sm_90_rt.h:93:100: note: in expansion of macro '__DEF_IF_HOST'
   93 | __SM_90_RT_DECL__ uint2 __cluster_map_shared_multicast(const void *ptr, unsigned cluster_cta_mask) __DEF_IF_HOST
      |                                                                                                    ^~~~~~~~~~~~~
/usr/local/cuda/include/crt/sm_90_rt.h: In function 'unsigned int __clusterDimIsSpecified()':
/usr/local/cuda/include/crt/sm_90_rt.h:84:25: warning: no return statement in function returning non-void [-Wreturn-type]
   84 | #define __DEF_IF_HOST { }
      |                         ^
/usr/local/cuda/include/crt/sm_90_rt.h:94:54: note: in expansion of macro '__DEF_IF_HOST'
   94 | __SM_90_RT_DECL__ unsigned __clusterDimIsSpecified() __DEF_IF_HOST
      |                                                      ^~~~~~~~~~~~~
/usr/local/cuda/include/crt/sm_90_rt.h: In function 'dim3 __clusterDim()':
/usr/local/cuda/include/crt/sm_90_rt.h:84:25: warning: no return statement in function returning non-void [-Wreturn-type]
   84 | #define __DEF_IF_HOST { }
      |                         ^
/usr/local/cuda/include/crt/sm_90_rt.h:95:39: note: in expansion of macro '__DEF_IF_HOST'
   95 | __SM_90_RT_DECL__ dim3 __clusterDim() __DEF_IF_HOST
      |                                       ^~~~~~~~~~~~~
/usr/local/cuda/include/crt/sm_90_rt.h: In function 'dim3 __clusterRelativeBlockIdx()':
/usr/local/cuda/include/crt/sm_90_rt.h:84:25: warning: no return statement in function returning non-void [-Wreturn-type]
   84 | #define __DEF_IF_HOST { }
      |                         ^
/usr/local/cuda/include/crt/sm_90_rt.h:96:52: note: in expansion of macro '__DEF_IF_HOST'
   96 | __SM_90_RT_DECL__ dim3 __clusterRelativeBlockIdx() __DEF_IF_HOST
      |                                                    ^~~~~~~~~~~~~
/usr/local/cuda/include/crt/sm_90_rt.h: In function 'dim3 __clusterGridDimInClusters()':
/usr/local/cuda/include/crt/sm_90_rt.h:84:25: warning: no return statement in function returning non-void [-Wreturn-type]
   84 | #define __DEF_IF_HOST { }
      |                         ^
/usr/local/cuda/include/crt/sm_90_rt.h:97:53: note: in expansion of macro '__DEF_IF_HOST'
   97 | __SM_90_RT_DECL__ dim3 __clusterGridDimInClusters() __DEF_IF_HOST
      |                                                     ^~~~~~~~~~~~~
/usr/local/cuda/include/crt/sm_90_rt.h: In function 'dim3 __clusterIdx()':
/usr/local/cuda/include/crt/sm_90_rt.h:84:25: warning: no return statement in function returning non-void [-Wreturn-type]
   84 | #define __DEF_IF_HOST { }
      |                         ^
/usr/local/cuda/include/crt/sm_90_rt.h:98:39: note: in expansion of macro '__DEF_IF_HOST'
   98 | __SM_90_RT_DECL__ dim3 __clusterIdx() __DEF_IF_HOST
      |                                       ^~~~~~~~~~~~~
/usr/local/cuda/include/crt/sm_90_rt.h: In function 'unsigned int __clusterRelativeBlockRank()':
/usr/local/cuda/include/crt/sm_90_rt.h:84:25: warning: no return statement in function returning non-void [-Wreturn-type]
   84 | #define __DEF_IF_HOST { }
      |                         ^
/usr/local/cuda/include/crt/sm_90_rt.h:99:57: note: in expansion of macro '__DEF_IF_HOST'
   99 | __SM_90_RT_DECL__ unsigned __clusterRelativeBlockRank() __DEF_IF_HOST
      |                                                         ^~~~~~~~~~~~~
/usr/local/cuda/include/crt/sm_90_rt.h: In function 'unsigned int __clusterSizeInBlocks()':
/usr/local/cuda/include/crt/sm_90_rt.h:84:25: warning: no return statement in function returning non-void [-Wreturn-type]
   84 | #define __DEF_IF_HOST { }
      |                         ^
/usr/local/cuda/include/crt/sm_90_rt.h:100:52: note: in expansion of macro '__DEF_IF_HOST'
  100 | __SM_90_RT_DECL__ unsigned __clusterSizeInBlocks() __DEF_IF_HOST
      |                                                    ^~~~~~~~~~~~~
/usr/local/cuda/include/crt/sm_90_rt.h: In function 'float2 atomicAdd(float2*, float2)':
/usr/local/cuda/include/crt/sm_90_rt.h:84:25: warning: no return statement in function returning non-void [-Wreturn-type]
   84 | #define __DEF_IF_HOST { }
      |                         ^
/usr/local/cuda/include/crt/sm_90_rt.h:106:65: note: in expansion of macro '__DEF_IF_HOST'
  106 | __SM_90_RT_DECL__ float2 atomicAdd(float2 *address, float2 val) __DEF_IF_HOST
      |                                                                 ^~~~~~~~~~~~~
/usr/local/cuda/include/crt/sm_90_rt.h: In function 'float2 atomicAdd_block(float2*, float2)':
/usr/local/cuda/include/crt/sm_90_rt.h:84:25: warning: no return statement in function returning non-void [-Wreturn-type]
   84 | #define __DEF_IF_HOST { }
      |                         ^
/usr/local/cuda/include/crt/sm_90_rt.h:107:71: note: in expansion of macro '__DEF_IF_HOST'
  107 | __SM_90_RT_DECL__ float2 atomicAdd_block(float2 *address, float2 val) __DEF_IF_HOST
      |                                                                       ^~~~~~~~~~~~~
/usr/local/cuda/include/crt/sm_90_rt.h: In function 'float2 atomicAdd_system(float2*, float2)':
/usr/local/cuda/include/crt/sm_90_rt.h:84:25: warning: no return statement in function returning non-void [-Wreturn-type]
   84 | #define __DEF_IF_HOST { }
      |                         ^
/usr/local/cuda/include/crt/sm_90_rt.h:108:72: note: in expansion of macro '__DEF_IF_HOST'
  108 | __SM_90_RT_DECL__ float2 atomicAdd_system(float2 *address, float2 val) __DEF_IF_HOST
      |                                                                        ^~~~~~~~~~~~~
/usr/local/cuda/include/crt/sm_90_rt.h: In function 'float4 atomicAdd(float4*, float4)':
/usr/local/cuda/include/crt/sm_90_rt.h:84:25: warning: no return statement in function returning non-void [-Wreturn-type]
   84 | #define __DEF_IF_HOST { }
      |                         ^
/usr/local/cuda/include/crt/sm_90_rt.h:109:65: note: in expansion of macro '__DEF_IF_HOST'
  109 | __SM_90_RT_DECL__ float4 atomicAdd(float4 *address, float4 val) __DEF_IF_HOST
      |                                                                 ^~~~~~~~~~~~~
/usr/local/cuda/include/crt/sm_90_rt.h: In function 'float4 atomicAdd_block(float4*, float4)':
/usr/local/cuda/include/crt/sm_90_rt.h:84:25: warning: no return statement in function returning non-void [-Wreturn-type]
   84 | #define __DEF_IF_HOST { }
      |                         ^
/usr/local/cuda/include/crt/sm_90_rt.h:110:71: note: in expansion of macro '__DEF_IF_HOST'
  110 | __SM_90_RT_DECL__ float4 atomicAdd_block(float4 *address, float4 val) __DEF_IF_HOST
      |                                                                       ^~~~~~~~~~~~~
/usr/local/cuda/include/crt/sm_90_rt.h: In function 'float4 atomicAdd_system(float4*, float4)':
/usr/local/cuda/include/crt/sm_90_rt.h:84:25: warning: no return statement in function returning non-void [-Wreturn-type]
   84 | #define __DEF_IF_HOST { }
      |                         ^
/usr/local/cuda/include/crt/sm_90_rt.h:111:72: note: in expansion of macro '__DEF_IF_HOST'
  111 | __SM_90_RT_DECL__ float4 atomicAdd_system(float4 *address, float4 val) __DEF_IF_HOST
      |                                                                        ^~~~~~~~~~~~~
/home/GVirtuS/GVirtuS/plugins/cudart/backend/CudaRtHandler_execution.cpp: In function 'std::shared_ptr<gvirtus::communicators::Result> handleSetDoubleForDevice(CudaRtHandler*, std::shared_ptr<gvirtus::communicators::Buffer>)':
/home/GVirtuS/GVirtuS/plugins/cudart/backend/CudaRtHandler_execution.cpp:234:53: warning: 'cudaError_t cudaSetDoubleForDevice(double*)' is deprecated [-Wdeprecated-declarations]
  234 |     cudaError_t exit_code = cudaSetDoubleForDevice(d);
      |                                                     ^
In file included from /home/GVirtuS/GVirtuS/plugins/cudart/backend/CudaRtHandler.h:54,
                 from /home/GVirtuS/GVirtuS/plugins/cudart/backend/CudaRtHandler_execution.cpp:26:
/usr/local/cuda/include/cuda_runtime_api.h:4578:57: note: declared here
 4578 | extern __CUDA_DEPRECATED __host__ cudaError_t CUDARTAPI cudaSetDoubleForDevice(double *d);
      |                                                         ^~~~~~~~~~~~~~~~~~~~~~
/home/GVirtuS/GVirtuS/plugins/cudart/backend/CudaRtHandler_execution.cpp:234:53: warning: 'cudaError_t cudaSetDoubleForDevice(double*)' is deprecated [-Wdeprecated-declarations]
  234 |     cudaError_t exit_code = cudaSetDoubleForDevice(d);
      |                                                     ^
In file included from /home/GVirtuS/GVirtuS/plugins/cudart/backend/CudaRtHandler.h:54,
                 from /home/GVirtuS/GVirtuS/plugins/cudart/backend/CudaRtHandler_execution.cpp:26:
/usr/local/cuda/include/cuda_runtime_api.h:4578:57: note: declared here
 4578 | extern __CUDA_DEPRECATED __host__ cudaError_t CUDARTAPI cudaSetDoubleForDevice(double *d);
      |                                                         ^~~~~~~~~~~~~~~~~~~~~~
/home/GVirtuS/GVirtuS/plugins/cudart/backend/CudaRtHandler_execution.cpp: In function 'std::shared_ptr<gvirtus::communicators::Result> handleSetDoubleForHost(CudaRtHandler*, std::shared_ptr<gvirtus::communicators::Buffer>)':
/home/GVirtuS/GVirtuS/plugins/cudart/backend/CudaRtHandler_execution.cpp:249:51: warning: 'cudaError_t cudaSetDoubleForHost(double*)' is deprecated [-Wdeprecated-declarations]
  249 |     cudaError_t exit_code = cudaSetDoubleForHost(d);
      |                                                   ^
In file included from /home/GVirtuS/GVirtuS/plugins/cudart/backend/CudaRtHandler.h:54,
                 from /home/GVirtuS/GVirtuS/plugins/cudart/backend/CudaRtHandler_execution.cpp:26:
/usr/local/cuda/include/cuda_runtime_api.h:4602:58: note: declared here
 4602 | extern __CUDA_DEPRECATED  __host__ cudaError_t CUDARTAPI cudaSetDoubleForHost(double *d);
      |                                                          ^~~~~~~~~~~~~~~~~~~~
/home/GVirtuS/GVirtuS/plugins/cudart/backend/CudaRtHandler_execution.cpp:249:51: warning: 'cudaError_t cudaSetDoubleForHost(double*)' is deprecated [-Wdeprecated-declarations]
  249 |     cudaError_t exit_code = cudaSetDoubleForHost(d);
      |                                                   ^
In file included from /home/GVirtuS/GVirtuS/plugins/cudart/backend/CudaRtHandler.h:54,
                 from /home/GVirtuS/GVirtuS/plugins/cudart/backend/CudaRtHandler_execution.cpp:26:
/usr/local/cuda/include/cuda_runtime_api.h:4602:58: note: declared here
 4602 | extern __CUDA_DEPRECATED  __host__ cudaError_t CUDARTAPI cudaSetDoubleForHost(double *d);
      |                                                          ^~~~~~~~~~~~~~~~~~~~
[ 56%] Building CXX object plugins/cudart/CMakeFiles/gvirtus-plugin-cudart.dir/backend/CudaRtHandler_device.cpp.o
In file included from /home/GVirtuS/GVirtuS/plugins/cudart/backend/CudaRtHandler.h:71,
                 from /home/GVirtuS/GVirtuS/plugins/cudart/backend/CudaRtHandler_device.cpp:26:
/usr/local/cuda/include/crt/device_functions.h:54:2: warning: #warning "crt/device_functions.h is an internal header file and must not be used directly.  Please use cuda_runtime_api.h or cuda_runtime.h instead." [-Wcpp]
   54 | #warning "crt/device_functions.h is an internal header file and must not be used directly.  Please use cuda_runtime_api.h or cuda_runtime.h instead."
      |  ^~~~~~~
In file included from /usr/local/cuda/include/crt/device_functions.h:3615,
                 from /home/GVirtuS/GVirtuS/plugins/cudart/backend/CudaRtHandler.h:71,
                 from /home/GVirtuS/GVirtuS/plugins/cudart/backend/CudaRtHandler_device.cpp:26:
/usr/local/cuda/include/device_atomic_functions.h: In function 'int atomicAdd(int*, int)':
/usr/local/cuda/include/device_atomic_functions.h:74:25: warning: no return statement in function returning non-void [-Wreturn-type]
   74 | #define __DEF_IF_HOST { }
      |                         ^
/usr/local/cuda/include/device_atomic_functions.h:86:71: note: in expansion of macro '__DEF_IF_HOST'
   86 | __DEVICE_ATOMIC_FUNCTIONS_DECL__ int atomicAdd(int *address, int val) __DEF_IF_HOST
      |                                                                       ^~~~~~~~~~~~~
/usr/local/cuda/include/device_atomic_functions.h: In function 'unsigned int atomicAdd(unsigned int*, unsigned int)':
/usr/local/cuda/include/device_atomic_functions.h:74:25: warning: no return statement in function returning non-void [-Wreturn-type]
   74 | #define __DEF_IF_HOST { }
      |                         ^
/usr/local/cuda/include/device_atomic_functions.h:88:98: note: in expansion of macro '__DEF_IF_HOST'
   88 | __DEVICE_ATOMIC_FUNCTIONS_DECL__ unsigned int atomicAdd(unsigned int *address, unsigned int val) __DEF_IF_HOST
      |                                                                                                  ^~~~~~~~~~~~~
/usr/local/cuda/include/device_atomic_functions.h: In function 'int atomicSub(int*, int)':
/usr/local/cuda/include/device_atomic_functions.h:74:25: warning: no return statement in function returning non-void [-Wreturn-type]
   74 | #define __DEF_IF_HOST { }
      |                         ^
/usr/local/cuda/include/device_atomic_functions.h:90:71: note: in expansion of macro '__DEF_IF_HOST'
   90 | __DEVICE_ATOMIC_FUNCTIONS_DECL__ int atomicSub(int *address, int val) __DEF_IF_HOST
      |                                                                       ^~~~~~~~~~~~~
/usr/local/cuda/include/device_atomic_functions.h: In function 'unsigned int atomicSub(unsigned int*, unsigned int)':
/usr/local/cuda/include/device_atomic_functions.h:74:25: warning: no return statement in function returning non-void [-Wreturn-type]
   74 | #define __DEF_IF_HOST { }
      |                         ^
/usr/local/cuda/include/device_atomic_functions.h:92:98: note: in expansion of macro '__DEF_IF_HOST'
   92 | __DEVICE_ATOMIC_FUNCTIONS_DECL__ unsigned int atomicSub(unsigned int *address, unsigned int val) __DEF_IF_HOST
      |                                                                                                  ^~~~~~~~~~~~~
/usr/local/cuda/include/device_atomic_functions.h: In function 'int atomicExch(int*, int)':
/usr/local/cuda/include/device_atomic_functions.h:74:25: warning: no return statement in function returning non-void [-Wreturn-type]
   74 | #define __DEF_IF_HOST { }
      |                         ^
/usr/local/cuda/include/device_atomic_functions.h:94:72: note: in expansion of macro '__DEF_IF_HOST'
   94 | __DEVICE_ATOMIC_FUNCTIONS_DECL__ int atomicExch(int *address, int val) __DEF_IF_HOST
      |                                                                        ^~~~~~~~~~~~~
/usr/local/cuda/include/device_atomic_functions.h: In function 'unsigned int atomicExch(unsigned int*, unsigned int)':
/usr/local/cuda/include/device_atomic_functions.h:74:25: warning: no return statement in function returning non-void [-Wreturn-type]
   74 | #define __DEF_IF_HOST { }
      |                         ^
/usr/local/cuda/include/device_atomic_functions.h:96:99: note: in expansion of macro '__DEF_IF_HOST'
   96 | __DEVICE_ATOMIC_FUNCTIONS_DECL__ unsigned int atomicExch(unsigned int *address, unsigned int val) __DEF_IF_HOST
      |                                                                                                   ^~~~~~~~~~~~~
/usr/local/cuda/include/device_atomic_functions.h: In function 'float atomicExch(float*, float)':
/usr/local/cuda/include/device_atomic_functions.h:74:25: warning: no return statement in function returning non-void [-Wreturn-type]
   74 | #define __DEF_IF_HOST { }
      |                         ^
/usr/local/cuda/include/device_atomic_functions.h:98:78: note: in expansion of macro '__DEF_IF_HOST'
   98 | __DEVICE_ATOMIC_FUNCTIONS_DECL__ float atomicExch(float *address, float val) __DEF_IF_HOST
      |                                                                              ^~~~~~~~~~~~~
/usr/local/cuda/include/device_atomic_functions.h: In function 'int atomicMin(int*, int)':
/usr/local/cuda/include/device_atomic_functions.h:74:25: warning: no return statement in function returning non-void [-Wreturn-type]
   74 | #define __DEF_IF_HOST { }
      |                         ^
/usr/local/cuda/include/device_atomic_functions.h:100:71: note: in expansion of macro '__DEF_IF_HOST'
  100 | __DEVICE_ATOMIC_FUNCTIONS_DECL__ int atomicMin(int *address, int val) __DEF_IF_HOST
      |                                                                       ^~~~~~~~~~~~~
/usr/local/cuda/include/device_atomic_functions.h: In function 'unsigned int atomicMin(unsigned int*, unsigned int)':
/usr/local/cuda/include/device_atomic_functions.h:74:25: warning: no return statement in function returning non-void [-Wreturn-type]
   74 | #define __DEF_IF_HOST { }
      |                         ^
/usr/local/cuda/include/device_atomic_functions.h:102:98: note: in expansion of macro '__DEF_IF_HOST'
  102 | __DEVICE_ATOMIC_FUNCTIONS_DECL__ unsigned int atomicMin(unsigned int *address, unsigned int val) __DEF_IF_HOST
      |                                                                                                  ^~~~~~~~~~~~~
/usr/local/cuda/include/device_atomic_functions.h: In function 'int atomicMax(int*, int)':
/usr/local/cuda/include/device_atomic_functions.h:74:25: warning: no return statement in function returning non-void [-Wreturn-type]
   74 | #define __DEF_IF_HOST { }
      |                         ^
/usr/local/cuda/include/device_atomic_functions.h:104:71: note: in expansion of macro '__DEF_IF_HOST'
  104 | __DEVICE_ATOMIC_FUNCTIONS_DECL__ int atomicMax(int *address, int val) __DEF_IF_HOST
      |                                                                       ^~~~~~~~~~~~~
/usr/local/cuda/include/device_atomic_functions.h: In function 'unsigned int atomicMax(unsigned int*, unsigned int)':
/usr/local/cuda/include/device_atomic_functions.h:74:25: warning: no return statement in function returning non-void [-Wreturn-type]
   74 | #define __DEF_IF_HOST { }
      |                         ^
/usr/local/cuda/include/device_atomic_functions.h:106:98: note: in expansion of macro '__DEF_IF_HOST'
  106 | __DEVICE_ATOMIC_FUNCTIONS_DECL__ unsigned int atomicMax(unsigned int *address, unsigned int val) __DEF_IF_HOST
      |                                                                                                  ^~~~~~~~~~~~~
/usr/local/cuda/include/device_atomic_functions.h: In function 'unsigned int atomicInc(unsigned int*, unsigned int)':
/usr/local/cuda/include/device_atomic_functions.h:74:25: warning: no return statement in function returning non-void [-Wreturn-type]
   74 | #define __DEF_IF_HOST { }
      |                         ^
/usr/local/cuda/include/device_atomic_functions.h:108:98: note: in expansion of macro '__DEF_IF_HOST'
  108 | __DEVICE_ATOMIC_FUNCTIONS_DECL__ unsigned int atomicInc(unsigned int *address, unsigned int val) __DEF_IF_HOST
      |                                                                                                  ^~~~~~~~~~~~~
/usr/local/cuda/include/device_atomic_functions.h: In function 'unsigned int atomicDec(unsigned int*, unsigned int)':
/usr/local/cuda/include/device_atomic_functions.h:74:25: warning: no return statement in function returning non-void [-Wreturn-type]
   74 | #define __DEF_IF_HOST { }
      |                         ^
/usr/local/cuda/include/device_atomic_functions.h:110:98: note: in expansion of macro '__DEF_IF_HOST'
  110 | __DEVICE_ATOMIC_FUNCTIONS_DECL__ unsigned int atomicDec(unsigned int *address, unsigned int val) __DEF_IF_HOST
      |                                                                                                  ^~~~~~~~~~~~~
/usr/local/cuda/include/device_atomic_functions.h: In function 'int atomicAnd(int*, int)':
/usr/local/cuda/include/device_atomic_functions.h:74:25: warning: no return statement in function returning non-void [-Wreturn-type]
   74 | #define __DEF_IF_HOST { }
      |                         ^
/usr/local/cuda/include/device_atomic_functions.h:112:71: note: in expansion of macro '__DEF_IF_HOST'
  112 | __DEVICE_ATOMIC_FUNCTIONS_DECL__ int atomicAnd(int *address, int val) __DEF_IF_HOST
      |                                                                       ^~~~~~~~~~~~~
/usr/local/cuda/include/device_atomic_functions.h: In function 'unsigned int atomicAnd(unsigned int*, unsigned int)':
/usr/local/cuda/include/device_atomic_functions.h:74:25: warning: no return statement in function returning non-void [-Wreturn-type]
   74 | #define __DEF_IF_HOST { }
      |                         ^
/usr/local/cuda/include/device_atomic_functions.h:114:98: note: in expansion of macro '__DEF_IF_HOST'
  114 | __DEVICE_ATOMIC_FUNCTIONS_DECL__ unsigned int atomicAnd(unsigned int *address, unsigned int val) __DEF_IF_HOST
      |                                                                                                  ^~~~~~~~~~~~~
/usr/local/cuda/include/device_atomic_functions.h: In function 'int atomicOr(int*, int)':
/usr/local/cuda/include/device_atomic_functions.h:74:25: warning: no return statement in function returning non-void [-Wreturn-type]
   74 | #define __DEF_IF_HOST { }
      |                         ^
/usr/local/cuda/include/device_atomic_functions.h:116:70: note: in expansion of macro '__DEF_IF_HOST'
  116 | __DEVICE_ATOMIC_FUNCTIONS_DECL__ int atomicOr(int *address, int val) __DEF_IF_HOST
      |                                                                      ^~~~~~~~~~~~~
/usr/local/cuda/include/device_atomic_functions.h: In function 'unsigned int atomicOr(unsigned int*, unsigned int)':
/usr/local/cuda/include/device_atomic_functions.h:74:25: warning: no return statement in function returning non-void [-Wreturn-type]
   74 | #define __DEF_IF_HOST { }
      |                         ^
/usr/local/cuda/include/device_atomic_functions.h:118:97: note: in expansion of macro '__DEF_IF_HOST'
  118 | __DEVICE_ATOMIC_FUNCTIONS_DECL__ unsigned int atomicOr(unsigned int *address, unsigned int val) __DEF_IF_HOST
      |                                                                                                 ^~~~~~~~~~~~~
/usr/local/cuda/include/device_atomic_functions.h: In function 'int atomicXor(int*, int)':
/usr/local/cuda/include/device_atomic_functions.h:74:25: warning: no return statement in function returning non-void [-Wreturn-type]
   74 | #define __DEF_IF_HOST { }
      |                         ^
/usr/local/cuda/include/device_atomic_functions.h:120:71: note: in expansion of macro '__DEF_IF_HOST'
  120 | __DEVICE_ATOMIC_FUNCTIONS_DECL__ int atomicXor(int *address, int val) __DEF_IF_HOST
      |                                                                       ^~~~~~~~~~~~~
/usr/local/cuda/include/device_atomic_functions.h: In function 'unsigned int atomicXor(unsigned int*, unsigned int)':
/usr/local/cuda/include/device_atomic_functions.h:74:25: warning: no return statement in function returning non-void [-Wreturn-type]
   74 | #define __DEF_IF_HOST { }
      |                         ^
/usr/local/cuda/include/device_atomic_functions.h:122:98: note: in expansion of macro '__DEF_IF_HOST'
  122 | __DEVICE_ATOMIC_FUNCTIONS_DECL__ unsigned int atomicXor(unsigned int *address, unsigned int val) __DEF_IF_HOST
      |                                                                                                  ^~~~~~~~~~~~~
/usr/local/cuda/include/device_atomic_functions.h: In function 'int atomicCAS(int*, int, int)':
/usr/local/cuda/include/device_atomic_functions.h:74:25: warning: no return statement in function returning non-void [-Wreturn-type]
   74 | #define __DEF_IF_HOST { }
      |                         ^
/usr/local/cuda/include/device_atomic_functions.h:124:84: note: in expansion of macro '__DEF_IF_HOST'
  124 | __DEVICE_ATOMIC_FUNCTIONS_DECL__ int atomicCAS(int *address, int compare, int val) __DEF_IF_HOST
      |                                                                                    ^~~~~~~~~~~~~
/usr/local/cuda/include/device_atomic_functions.h: In function 'unsigned int atomicCAS(unsigned int*, unsigned int, unsigned int)':
/usr/local/cuda/include/device_atomic_functions.h:74:25: warning: no return statement in function returning non-void [-Wreturn-type]
   74 | #define __DEF_IF_HOST { }
      |                         ^
/usr/local/cuda/include/device_atomic_functions.h:126:120: note: in expansion of macro '__DEF_IF_HOST'
  126 | __DEVICE_ATOMIC_FUNCTIONS_DECL__ unsigned int atomicCAS(unsigned int *address, unsigned int compare, unsigned int val) __DEF_IF_HOST
      |                                                                                                                        ^~~~~~~~~~~~~
/usr/local/cuda/include/device_atomic_functions.h: In function 'long long unsigned int atomicAdd(long long unsigned int*, long long unsigned int)':
/usr/local/cuda/include/device_atomic_functions.h:74:25: warning: no return statement in function returning non-void [-Wreturn-type]
   74 | #define __DEF_IF_HOST { }
      |                         ^
/usr/local/cuda/include/device_atomic_functions.h:166:128: note: in expansion of macro '__DEF_IF_HOST'
  166 | __DEVICE_ATOMIC_FUNCTIONS_DECL__ unsigned long long int atomicAdd(unsigned long long int *address, unsigned long long int val) __DEF_IF_HOST
      |                                                                                                                                ^~~~~~~~~~~~~
/usr/local/cuda/include/device_atomic_functions.h: In function 'long long unsigned int atomicExch(long long unsigned int*, long long unsigned int)':
/usr/local/cuda/include/device_atomic_functions.h:74:25: warning: no return statement in function returning non-void [-Wreturn-type]
   74 | #define __DEF_IF_HOST { }
      |                         ^
/usr/local/cuda/include/device_atomic_functions.h:168:129: note: in expansion of macro '__DEF_IF_HOST'
  168 | __DEVICE_ATOMIC_FUNCTIONS_DECL__ unsigned long long int atomicExch(unsigned long long int *address, unsigned long long int val) __DEF_IF_HOST
      |                                                                                                                                 ^~~~~~~~~~~~~
/usr/local/cuda/include/device_atomic_functions.h: In function 'long long unsigned int atomicCAS(long long unsigned int*, long long unsigned int, long long unsigned int)':
/usr/local/cuda/include/device_atomic_functions.h:74:25: warning: no return statement in function returning non-void [-Wreturn-type]
   74 | #define __DEF_IF_HOST { }
      |                         ^
/usr/local/cuda/include/device_atomic_functions.h:170:160: note: in expansion of macro '__DEF_IF_HOST'
  170 | __DEVICE_ATOMIC_FUNCTIONS_DECL__ unsigned long long int atomicCAS(unsigned long long int *address, unsigned long long int compare, unsigned long long int val) __DEF_IF_HOST
      |                                                                                                                                                                ^~~~~~~~~~~~~
/usr/local/cuda/include/device_atomic_functions.h: In function 'bool any(bool)':
/usr/local/cuda/include/device_atomic_functions.h:74:25: warning: no return statement in function returning non-void [-Wreturn-type]
   74 | #define __DEF_IF_HOST { }
      |                         ^
/usr/local/cuda/include/device_atomic_functions.h:172:103: note: in expansion of macro '__DEF_IF_HOST'
  172 | __DEVICE_ATOMIC_FUNCTIONS_DECL__ __DEPRECATED__(__WSB_DEPRECATION_MESSAGE(__any)) bool any(bool cond) __DEF_IF_HOST
      |                                                                                                       ^~~~~~~~~~~~~
/usr/local/cuda/include/device_atomic_functions.h: In function 'bool all(bool)':
/usr/local/cuda/include/device_atomic_functions.h:74:25: warning: no return statement in function returning non-void [-Wreturn-type]
   74 | #define __DEF_IF_HOST { }
      |                         ^
/usr/local/cuda/include/device_atomic_functions.h:174:103: note: in expansion of macro '__DEF_IF_HOST'
  174 | __DEVICE_ATOMIC_FUNCTIONS_DECL__ __DEPRECATED__(__WSB_DEPRECATION_MESSAGE(__all)) bool all(bool cond) __DEF_IF_HOST
      |                                                                                                       ^~~~~~~~~~~~~
In file included from /usr/local/cuda/include/crt/device_functions.h:3617,
                 from /home/GVirtuS/GVirtuS/plugins/cudart/backend/CudaRtHandler.h:71,
                 from /home/GVirtuS/GVirtuS/plugins/cudart/backend/CudaRtHandler_device.cpp:26:
/usr/local/cuda/include/sm_20_atomic_functions.h: In function 'float atomicAdd(float*, float)':
/usr/local/cuda/include/sm_20_atomic_functions.h:79:25: warning: no return statement in function returning non-void [-Wreturn-type]
   79 | #define __DEF_IF_HOST { }
      |                         ^
/usr/local/cuda/include/sm_20_atomic_functions.h:96:76: note: in expansion of macro '__DEF_IF_HOST'
   96 | __SM_20_ATOMIC_FUNCTIONS_DECL__ float atomicAdd(float *address, float val) __DEF_IF_HOST
      |                                                                            ^~~~~~~~~~~~~
In file included from /usr/local/cuda/include/crt/device_functions.h:3618,
                 from /home/GVirtuS/GVirtuS/plugins/cudart/backend/CudaRtHandler.h:71,
                 from /home/GVirtuS/GVirtuS/plugins/cudart/backend/CudaRtHandler_device.cpp:26:
/usr/local/cuda/include/sm_32_atomic_functions.h: In function 'long long int atomicMin(long long int*, long long int)':
/usr/local/cuda/include/sm_32_atomic_functions.h:72:25: warning: no return statement in function returning non-void [-Wreturn-type]
   72 | #define __DEF_IF_HOST { }
      |                         ^
/usr/local/cuda/include/sm_32_atomic_functions.h:89:88: note: in expansion of macro '__DEF_IF_HOST'
   89 | __SM_32_ATOMIC_FUNCTIONS_DECL__ long long atomicMin(long long *address, long long val) __DEF_IF_HOST
      |                                                                                        ^~~~~~~~~~~~~
/usr/local/cuda/include/sm_32_atomic_functions.h: In function 'long long int atomicMax(long long int*, long long int)':
/usr/local/cuda/include/sm_32_atomic_functions.h:72:25: warning: no return statement in function returning non-void [-Wreturn-type]
   72 | #define __DEF_IF_HOST { }
      |                         ^
/usr/local/cuda/include/sm_32_atomic_functions.h:91:88: note: in expansion of macro '__DEF_IF_HOST'
   91 | __SM_32_ATOMIC_FUNCTIONS_DECL__ long long atomicMax(long long *address, long long val) __DEF_IF_HOST
      |                                                                                        ^~~~~~~~~~~~~
/usr/local/cuda/include/sm_32_atomic_functions.h: In function 'long long int atomicAnd(long long int*, long long int)':
/usr/local/cuda/include/sm_32_atomic_functions.h:72:25: warning: no return statement in function returning non-void [-Wreturn-type]
   72 | #define __DEF_IF_HOST { }
      |                         ^
/usr/local/cuda/include/sm_32_atomic_functions.h:93:88: note: in expansion of macro '__DEF_IF_HOST'
   93 | __SM_32_ATOMIC_FUNCTIONS_DECL__ long long atomicAnd(long long *address, long long val) __DEF_IF_HOST
      |                                                                                        ^~~~~~~~~~~~~
/usr/local/cuda/include/sm_32_atomic_functions.h: In function 'long long int atomicOr(long long int*, long long int)':
/usr/local/cuda/include/sm_32_atomic_functions.h:72:25: warning: no return statement in function returning non-void [-Wreturn-type]
   72 | #define __DEF_IF_HOST { }
      |                         ^
/usr/local/cuda/include/sm_32_atomic_functions.h:95:87: note: in expansion of macro '__DEF_IF_HOST'
   95 | __SM_32_ATOMIC_FUNCTIONS_DECL__ long long atomicOr(long long *address, long long val) __DEF_IF_HOST
      |                                                                                       ^~~~~~~~~~~~~
/usr/local/cuda/include/sm_32_atomic_functions.h: In function 'long long int atomicXor(long long int*, long long int)':
/usr/local/cuda/include/sm_32_atomic_functions.h:72:25: warning: no return statement in function returning non-void [-Wreturn-type]
   72 | #define __DEF_IF_HOST { }
      |                         ^
/usr/local/cuda/include/sm_32_atomic_functions.h:97:88: note: in expansion of macro '__DEF_IF_HOST'
   97 | __SM_32_ATOMIC_FUNCTIONS_DECL__ long long atomicXor(long long *address, long long val) __DEF_IF_HOST
      |                                                                                        ^~~~~~~~~~~~~
/usr/local/cuda/include/sm_32_atomic_functions.h: In function 'long long unsigned int atomicMin(long long unsigned int*, long long unsigned int)':
/usr/local/cuda/include/sm_32_atomic_functions.h:72:25: warning: no return statement in function returning non-void [-Wreturn-type]
   72 | #define __DEF_IF_HOST { }
      |                         ^
/usr/local/cuda/include/sm_32_atomic_functions.h:99:115: note: in expansion of macro '__DEF_IF_HOST'
   99 | __SM_32_ATOMIC_FUNCTIONS_DECL__ unsigned long long atomicMin(unsigned long long *address, unsigned long long val) __DEF_IF_HOST
      |                                                                                                                   ^~~~~~~~~~~~~
/usr/local/cuda/include/sm_32_atomic_functions.h: In function 'long long unsigned int atomicMax(long long unsigned int*, long long unsigned int)':
/usr/local/cuda/include/sm_32_atomic_functions.h:72:25: warning: no return statement in function returning non-void [-Wreturn-type]
   72 | #define __DEF_IF_HOST { }
      |                         ^
/usr/local/cuda/include/sm_32_atomic_functions.h:101:115: note: in expansion of macro '__DEF_IF_HOST'
  101 | __SM_32_ATOMIC_FUNCTIONS_DECL__ unsigned long long atomicMax(unsigned long long *address, unsigned long long val) __DEF_IF_HOST
      |                                                                                                                   ^~~~~~~~~~~~~
/usr/local/cuda/include/sm_32_atomic_functions.h: In function 'long long unsigned int atomicAnd(long long unsigned int*, long long unsigned int)':
/usr/local/cuda/include/sm_32_atomic_functions.h:72:25: warning: no return statement in function returning non-void [-Wreturn-type]
   72 | #define __DEF_IF_HOST { }
      |                         ^
/usr/local/cuda/include/sm_32_atomic_functions.h:103:115: note: in expansion of macro '__DEF_IF_HOST'
  103 | __SM_32_ATOMIC_FUNCTIONS_DECL__ unsigned long long atomicAnd(unsigned long long *address, unsigned long long val) __DEF_IF_HOST
      |                                                                                                                   ^~~~~~~~~~~~~
/usr/local/cuda/include/sm_32_atomic_functions.h: In function 'long long unsigned int atomicOr(long long unsigned int*, long long unsigned int)':
/usr/local/cuda/include/sm_32_atomic_functions.h:72:25: warning: no return statement in function returning non-void [-Wreturn-type]
   72 | #define __DEF_IF_HOST { }
      |                         ^
/usr/local/cuda/include/sm_32_atomic_functions.h:105:114: note: in expansion of macro '__DEF_IF_HOST'
  105 | __SM_32_ATOMIC_FUNCTIONS_DECL__ unsigned long long atomicOr(unsigned long long *address, unsigned long long val) __DEF_IF_HOST
      |                                                                                                                  ^~~~~~~~~~~~~
/usr/local/cuda/include/sm_32_atomic_functions.h: In function 'long long unsigned int atomicXor(long long unsigned int*, long long unsigned int)':
/usr/local/cuda/include/sm_32_atomic_functions.h:72:25: warning: no return statement in function returning non-void [-Wreturn-type]
   72 | #define __DEF_IF_HOST { }
      |                         ^
/usr/local/cuda/include/sm_32_atomic_functions.h:107:115: note: in expansion of macro '__DEF_IF_HOST'
  107 | __SM_32_ATOMIC_FUNCTIONS_DECL__ unsigned long long atomicXor(unsigned long long *address, unsigned long long val) __DEF_IF_HOST
      |                                                                                                                   ^~~~~~~~~~~~~
In file included from /usr/local/cuda/include/crt/device_functions.h:3620,
                 from /home/GVirtuS/GVirtuS/plugins/cudart/backend/CudaRtHandler.h:71,
                 from /home/GVirtuS/GVirtuS/plugins/cudart/backend/CudaRtHandler_device.cpp:26:
/usr/local/cuda/include/sm_60_atomic_functions.h: In function 'double atomicAdd(double*, double)':
/usr/local/cuda/include/sm_60_atomic_functions.h:77:25: warning: no return statement in function returning non-void [-Wreturn-type]
   77 | #define __DEF_IF_HOST { }
      |                         ^
/usr/local/cuda/include/sm_60_atomic_functions.h:90:79: note: in expansion of macro '__DEF_IF_HOST'
   90 | __SM_60_ATOMIC_FUNCTIONS_DECL__ double atomicAdd(double *address, double val) __DEF_IF_HOST
      |                                                                               ^~~~~~~~~~~~~
/usr/local/cuda/include/sm_60_atomic_functions.h: In function 'int atomicAdd_block(int*, int)':
/usr/local/cuda/include/sm_60_atomic_functions.h:77:25: warning: no return statement in function returning non-void [-Wreturn-type]
   77 | #define __DEF_IF_HOST { }
      |                         ^
/usr/local/cuda/include/sm_60_atomic_functions.h:93:44: note: in expansion of macro '__DEF_IF_HOST'
   93 | int atomicAdd_block(int *address, int val) __DEF_IF_HOST
      |                                            ^~~~~~~~~~~~~
/usr/local/cuda/include/sm_60_atomic_functions.h: In function 'int atomicAdd_system(int*, int)':
/usr/local/cuda/include/sm_60_atomic_functions.h:77:25: warning: no return statement in function returning non-void [-Wreturn-type]
   77 | #define __DEF_IF_HOST { }
      |                         ^
/usr/local/cuda/include/sm_60_atomic_functions.h:96:45: note: in expansion of macro '__DEF_IF_HOST'
   96 | int atomicAdd_system(int *address, int val) __DEF_IF_HOST
      |                                             ^~~~~~~~~~~~~
/usr/local/cuda/include/sm_60_atomic_functions.h: In function 'unsigned int atomicAdd_block(unsigned int*, unsigned int)':
/usr/local/cuda/include/sm_60_atomic_functions.h:77:25: warning: no return statement in function returning non-void [-Wreturn-type]
   77 | #define __DEF_IF_HOST { }
      |                         ^
/usr/local/cuda/include/sm_60_atomic_functions.h:99:71: note: in expansion of macro '__DEF_IF_HOST'
   99 | unsigned int atomicAdd_block(unsigned int *address, unsigned int val) __DEF_IF_HOST
      |                                                                       ^~~~~~~~~~~~~
/usr/local/cuda/include/sm_60_atomic_functions.h: In function 'unsigned int atomicAdd_system(unsigned int*, unsigned int)':
/usr/local/cuda/include/sm_60_atomic_functions.h:77:25: warning: no return statement in function returning non-void [-Wreturn-type]
   77 | #define __DEF_IF_HOST { }
      |                         ^
/usr/local/cuda/include/sm_60_atomic_functions.h:102:72: note: in expansion of macro '__DEF_IF_HOST'
  102 | unsigned int atomicAdd_system(unsigned int *address, unsigned int val) __DEF_IF_HOST
      |                                                                        ^~~~~~~~~~~~~
/usr/local/cuda/include/sm_60_atomic_functions.h: In function 'long long unsigned int atomicAdd_block(long long unsigned int*, long long unsigned int)':
/usr/local/cuda/include/sm_60_atomic_functions.h:77:25: warning: no return statement in function returning non-void [-Wreturn-type]
   77 | #define __DEF_IF_HOST { }
      |                         ^
/usr/local/cuda/include/sm_60_atomic_functions.h:105:89: note: in expansion of macro '__DEF_IF_HOST'
  105 | unsigned long long atomicAdd_block(unsigned long long *address, unsigned long long val) __DEF_IF_HOST
      |                                                                                         ^~~~~~~~~~~~~
/usr/local/cuda/include/sm_60_atomic_functions.h: In function 'long long unsigned int atomicAdd_system(long long unsigned int*, long long unsigned int)':
/usr/local/cuda/include/sm_60_atomic_functions.h:77:25: warning: no return statement in function returning non-void [-Wreturn-type]
   77 | #define __DEF_IF_HOST { }
      |                         ^
/usr/local/cuda/include/sm_60_atomic_functions.h:108:90: note: in expansion of macro '__DEF_IF_HOST'
  108 | unsigned long long atomicAdd_system(unsigned long long *address, unsigned long long val) __DEF_IF_HOST
      |                                                                                          ^~~~~~~~~~~~~
/usr/local/cuda/include/sm_60_atomic_functions.h: In function 'float atomicAdd_block(float*, float)':
/usr/local/cuda/include/sm_60_atomic_functions.h:77:25: warning: no return statement in function returning non-void [-Wreturn-type]
   77 | #define __DEF_IF_HOST { }
      |                         ^
/usr/local/cuda/include/sm_60_atomic_functions.h:111:50: note: in expansion of macro '__DEF_IF_HOST'
  111 | float atomicAdd_block(float *address, float val) __DEF_IF_HOST
      |                                                  ^~~~~~~~~~~~~
/usr/local/cuda/include/sm_60_atomic_functions.h: In function 'float atomicAdd_system(float*, float)':
/usr/local/cuda/include/sm_60_atomic_functions.h:77:25: warning: no return statement in function returning non-void [-Wreturn-type]
   77 | #define __DEF_IF_HOST { }
      |                         ^
/usr/local/cuda/include/sm_60_atomic_functions.h:114:51: note: in expansion of macro '__DEF_IF_HOST'
  114 | float atomicAdd_system(float *address, float val) __DEF_IF_HOST
      |                                                   ^~~~~~~~~~~~~
/usr/local/cuda/include/sm_60_atomic_functions.h: In function 'double atomicAdd_block(double*, double)':
/usr/local/cuda/include/sm_60_atomic_functions.h:77:25: warning: no return statement in function returning non-void [-Wreturn-type]
   77 | #define __DEF_IF_HOST { }
      |                         ^
/usr/local/cuda/include/sm_60_atomic_functions.h:117:53: note: in expansion of macro '__DEF_IF_HOST'
  117 | double atomicAdd_block(double *address, double val) __DEF_IF_HOST
      |                                                     ^~~~~~~~~~~~~
/usr/local/cuda/include/sm_60_atomic_functions.h: In function 'double atomicAdd_system(double*, double)':
/usr/local/cuda/include/sm_60_atomic_functions.h:77:25: warning: no return statement in function returning non-void [-Wreturn-type]
   77 | #define __DEF_IF_HOST { }
      |                         ^
/usr/local/cuda/include/sm_60_atomic_functions.h:120:54: note: in expansion of macro '__DEF_IF_HOST'
  120 | double atomicAdd_system(double *address, double val) __DEF_IF_HOST
      |                                                      ^~~~~~~~~~~~~
/usr/local/cuda/include/sm_60_atomic_functions.h: In function 'int atomicSub_block(int*, int)':
/usr/local/cuda/include/sm_60_atomic_functions.h:77:25: warning: no return statement in function returning non-void [-Wreturn-type]
   77 | #define __DEF_IF_HOST { }
      |                         ^
/usr/local/cuda/include/sm_60_atomic_functions.h:123:44: note: in expansion of macro '__DEF_IF_HOST'
  123 | int atomicSub_block(int *address, int val) __DEF_IF_HOST
      |                                            ^~~~~~~~~~~~~
/usr/local/cuda/include/sm_60_atomic_functions.h: In function 'int atomicSub_system(int*, int)':
/usr/local/cuda/include/sm_60_atomic_functions.h:77:25: warning: no return statement in function returning non-void [-Wreturn-type]
   77 | #define __DEF_IF_HOST { }
      |                         ^
/usr/local/cuda/include/sm_60_atomic_functions.h:126:45: note: in expansion of macro '__DEF_IF_HOST'
  126 | int atomicSub_system(int *address, int val) __DEF_IF_HOST
      |                                             ^~~~~~~~~~~~~
/usr/local/cuda/include/sm_60_atomic_functions.h: In function 'unsigned int atomicSub_block(unsigned int*, unsigned int)':
/usr/local/cuda/include/sm_60_atomic_functions.h:77:25: warning: no return statement in function returning non-void [-Wreturn-type]
   77 | #define __DEF_IF_HOST { }
      |                         ^
/usr/local/cuda/include/sm_60_atomic_functions.h:129:71: note: in expansion of macro '__DEF_IF_HOST'
  129 | unsigned int atomicSub_block(unsigned int *address, unsigned int val) __DEF_IF_HOST
      |                                                                       ^~~~~~~~~~~~~
/usr/local/cuda/include/sm_60_atomic_functions.h: In function 'unsigned int atomicSub_system(unsigned int*, unsigned int)':
/usr/local/cuda/include/sm_60_atomic_functions.h:77:25: warning: no return statement in function returning non-void [-Wreturn-type]
   77 | #define __DEF_IF_HOST { }
      |                         ^
/usr/local/cuda/include/sm_60_atomic_functions.h:132:72: note: in expansion of macro '__DEF_IF_HOST'
  132 | unsigned int atomicSub_system(unsigned int *address, unsigned int val) __DEF_IF_HOST
      |                                                                        ^~~~~~~~~~~~~
/usr/local/cuda/include/sm_60_atomic_functions.h: In function 'int atomicExch_block(int*, int)':
/usr/local/cuda/include/sm_60_atomic_functions.h:77:25: warning: no return statement in function returning non-void [-Wreturn-type]
   77 | #define __DEF_IF_HOST { }
      |                         ^
/usr/local/cuda/include/sm_60_atomic_functions.h:135:45: note: in expansion of macro '__DEF_IF_HOST'
  135 | int atomicExch_block(int *address, int val) __DEF_IF_HOST
      |                                             ^~~~~~~~~~~~~
/usr/local/cuda/include/sm_60_atomic_functions.h: In function 'int atomicExch_system(int*, int)':
/usr/local/cuda/include/sm_60_atomic_functions.h:77:25: warning: no return statement in function returning non-void [-Wreturn-type]
   77 | #define __DEF_IF_HOST { }
      |                         ^
/usr/local/cuda/include/sm_60_atomic_functions.h:138:46: note: in expansion of macro '__DEF_IF_HOST'
  138 | int atomicExch_system(int *address, int val) __DEF_IF_HOST
      |                                              ^~~~~~~~~~~~~
/usr/local/cuda/include/sm_60_atomic_functions.h: In function 'unsigned int atomicExch_block(unsigned int*, unsigned int)':
/usr/local/cuda/include/sm_60_atomic_functions.h:77:25: warning: no return statement in function returning non-void [-Wreturn-type]
   77 | #define __DEF_IF_HOST { }
      |                         ^
/usr/local/cuda/include/sm_60_atomic_functions.h:141:72: note: in expansion of macro '__DEF_IF_HOST'
  141 | unsigned int atomicExch_block(unsigned int *address, unsigned int val) __DEF_IF_HOST
      |                                                                        ^~~~~~~~~~~~~
/usr/local/cuda/include/sm_60_atomic_functions.h: In function 'unsigned int atomicExch_system(unsigned int*, unsigned int)':
/usr/local/cuda/include/sm_60_atomic_functions.h:77:25: warning: no return statement in function returning non-void [-Wreturn-type]
   77 | #define __DEF_IF_HOST { }
      |                         ^
/usr/local/cuda/include/sm_60_atomic_functions.h:144:73: note: in expansion of macro '__DEF_IF_HOST'
  144 | unsigned int atomicExch_system(unsigned int *address, unsigned int val) __DEF_IF_HOST
      |                                                                         ^~~~~~~~~~~~~
/usr/local/cuda/include/sm_60_atomic_functions.h: In function 'long long unsigned int atomicExch_block(long long unsigned int*, long long unsigned int)':
/usr/local/cuda/include/sm_60_atomic_functions.h:77:25: warning: no return statement in function returning non-void [-Wreturn-type]
   77 | #define __DEF_IF_HOST { }
      |                         ^
/usr/local/cuda/include/sm_60_atomic_functions.h:147:90: note: in expansion of macro '__DEF_IF_HOST'
  147 | unsigned long long atomicExch_block(unsigned long long *address, unsigned long long val) __DEF_IF_HOST
      |                                                                                          ^~~~~~~~~~~~~
/usr/local/cuda/include/sm_60_atomic_functions.h: In function 'long long unsigned int atomicExch_system(long long unsigned int*, long long unsigned int)':
/usr/local/cuda/include/sm_60_atomic_functions.h:77:25: warning: no return statement in function returning non-void [-Wreturn-type]
   77 | #define __DEF_IF_HOST { }
      |                         ^
/usr/local/cuda/include/sm_60_atomic_functions.h:150:91: note: in expansion of macro '__DEF_IF_HOST'
  150 | unsigned long long atomicExch_system(unsigned long long *address, unsigned long long val) __DEF_IF_HOST
      |                                                                                           ^~~~~~~~~~~~~
/usr/local/cuda/include/sm_60_atomic_functions.h: In function 'float atomicExch_block(float*, float)':
/usr/local/cuda/include/sm_60_atomic_functions.h:77:25: warning: no return statement in function returning non-void [-Wreturn-type]
   77 | #define __DEF_IF_HOST { }
      |                         ^
/usr/local/cuda/include/sm_60_atomic_functions.h:153:51: note: in expansion of macro '__DEF_IF_HOST'
  153 | float atomicExch_block(float *address, float val) __DEF_IF_HOST
      |                                                   ^~~~~~~~~~~~~
/usr/local/cuda/include/sm_60_atomic_functions.h: In function 'float atomicExch_system(float*, float)':
/usr/local/cuda/include/sm_60_atomic_functions.h:77:25: warning: no return statement in function returning non-void [-Wreturn-type]
   77 | #define __DEF_IF_HOST { }
      |                         ^
/usr/local/cuda/include/sm_60_atomic_functions.h:156:52: note: in expansion of macro '__DEF_IF_HOST'
  156 | float atomicExch_system(float *address, float val) __DEF_IF_HOST
      |                                                    ^~~~~~~~~~~~~
/usr/local/cuda/include/sm_60_atomic_functions.h: In function 'int atomicMin_block(int*, int)':
/usr/local/cuda/include/sm_60_atomic_functions.h:77:25: warning: no return statement in function returning non-void [-Wreturn-type]
   77 | #define __DEF_IF_HOST { }
      |                         ^
/usr/local/cuda/include/sm_60_atomic_functions.h:159:44: note: in expansion of macro '__DEF_IF_HOST'
  159 | int atomicMin_block(int *address, int val) __DEF_IF_HOST
      |                                            ^~~~~~~~~~~~~
/usr/local/cuda/include/sm_60_atomic_functions.h: In function 'int atomicMin_system(int*, int)':
/usr/local/cuda/include/sm_60_atomic_functions.h:77:25: warning: no return statement in function returning non-void [-Wreturn-type]
   77 | #define __DEF_IF_HOST { }
      |                         ^
/usr/local/cuda/include/sm_60_atomic_functions.h:162:45: note: in expansion of macro '__DEF_IF_HOST'
  162 | int atomicMin_system(int *address, int val) __DEF_IF_HOST
      |                                             ^~~~~~~~~~~~~
/usr/local/cuda/include/sm_60_atomic_functions.h: In function 'long long int atomicMin_block(long long int*, long long int)':
/usr/local/cuda/include/sm_60_atomic_functions.h:77:25: warning: no return statement in function returning non-void [-Wreturn-type]
   77 | #define __DEF_IF_HOST { }
      |                         ^
/usr/local/cuda/include/sm_60_atomic_functions.h:165:62: note: in expansion of macro '__DEF_IF_HOST'
  165 | long long atomicMin_block(long long *address, long long val) __DEF_IF_HOST
      |                                                              ^~~~~~~~~~~~~
/usr/local/cuda/include/sm_60_atomic_functions.h: In function 'long long int atomicMin_system(long long int*, long long int)':
/usr/local/cuda/include/sm_60_atomic_functions.h:77:25: warning: no return statement in function returning non-void [-Wreturn-type]
   77 | #define __DEF_IF_HOST { }
      |                         ^
/usr/local/cuda/include/sm_60_atomic_functions.h:168:63: note: in expansion of macro '__DEF_IF_HOST'
  168 | long long atomicMin_system(long long *address, long long val) __DEF_IF_HOST
      |                                                               ^~~~~~~~~~~~~
/usr/local/cuda/include/sm_60_atomic_functions.h: In function 'unsigned int atomicMin_block(unsigned int*, unsigned int)':
/usr/local/cuda/include/sm_60_atomic_functions.h:77:25: warning: no return statement in function returning non-void [-Wreturn-type]
   77 | #define __DEF_IF_HOST { }
      |                         ^
/usr/local/cuda/include/sm_60_atomic_functions.h:171:71: note: in expansion of macro '__DEF_IF_HOST'
  171 | unsigned int atomicMin_block(unsigned int *address, unsigned int val) __DEF_IF_HOST
      |                                                                       ^~~~~~~~~~~~~
/usr/local/cuda/include/sm_60_atomic_functions.h: In function 'unsigned int atomicMin_system(unsigned int*, unsigned int)':
/usr/local/cuda/include/sm_60_atomic_functions.h:77:25: warning: no return statement in function returning non-void [-Wreturn-type]
   77 | #define __DEF_IF_HOST { }
      |                         ^
/usr/local/cuda/include/sm_60_atomic_functions.h:174:72: note: in expansion of macro '__DEF_IF_HOST'
  174 | unsigned int atomicMin_system(unsigned int *address, unsigned int val) __DEF_IF_HOST
      |                                                                        ^~~~~~~~~~~~~
/usr/local/cuda/include/sm_60_atomic_functions.h: In function 'long long unsigned int atomicMin_block(long long unsigned int*, long long unsigned int)':
/usr/local/cuda/include/sm_60_atomic_functions.h:77:25: warning: no return statement in function returning non-void [-Wreturn-type]
   77 | #define __DEF_IF_HOST { }
      |                         ^
/usr/local/cuda/include/sm_60_atomic_functions.h:177:89: note: in expansion of macro '__DEF_IF_HOST'
  177 | unsigned long long atomicMin_block(unsigned long long *address, unsigned long long val) __DEF_IF_HOST
      |                                                                                         ^~~~~~~~~~~~~
/usr/local/cuda/include/sm_60_atomic_functions.h: In function 'long long unsigned int atomicMin_system(long long unsigned int*, long long unsigned int)':
/usr/local/cuda/include/sm_60_atomic_functions.h:77:25: warning: no return statement in function returning non-void [-Wreturn-type]
   77 | #define __DEF_IF_HOST { }
      |                         ^
/usr/local/cuda/include/sm_60_atomic_functions.h:180:90: note: in expansion of macro '__DEF_IF_HOST'
  180 | unsigned long long atomicMin_system(unsigned long long *address, unsigned long long val) __DEF_IF_HOST
      |                                                                                          ^~~~~~~~~~~~~
/usr/local/cuda/include/sm_60_atomic_functions.h: In function 'int atomicMax_block(int*, int)':
/usr/local/cuda/include/sm_60_atomic_functions.h:77:25: warning: no return statement in function returning non-void [-Wreturn-type]
   77 | #define __DEF_IF_HOST { }
      |                         ^
/usr/local/cuda/include/sm_60_atomic_functions.h:183:44: note: in expansion of macro '__DEF_IF_HOST'
  183 | int atomicMax_block(int *address, int val) __DEF_IF_HOST
      |                                            ^~~~~~~~~~~~~
/usr/local/cuda/include/sm_60_atomic_functions.h: In function 'int atomicMax_system(int*, int)':
/usr/local/cuda/include/sm_60_atomic_functions.h:77:25: warning: no return statement in function returning non-void [-Wreturn-type]
   77 | #define __DEF_IF_HOST { }
      |                         ^
/usr/local/cuda/include/sm_60_atomic_functions.h:186:45: note: in expansion of macro '__DEF_IF_HOST'
  186 | int atomicMax_system(int *address, int val) __DEF_IF_HOST
      |                                             ^~~~~~~~~~~~~
/usr/local/cuda/include/sm_60_atomic_functions.h: In function 'long long int atomicMax_block(long long int*, long long int)':
/usr/local/cuda/include/sm_60_atomic_functions.h:77:25: warning: no return statement in function returning non-void [-Wreturn-type]
   77 | #define __DEF_IF_HOST { }
      |                         ^
/usr/local/cuda/include/sm_60_atomic_functions.h:189:62: note: in expansion of macro '__DEF_IF_HOST'
  189 | long long atomicMax_block(long long *address, long long val) __DEF_IF_HOST
      |                                                              ^~~~~~~~~~~~~
/usr/local/cuda/include/sm_60_atomic_functions.h: In function 'long long int atomicMax_system(long long int*, long long int)':
/usr/local/cuda/include/sm_60_atomic_functions.h:77:25: warning: no return statement in function returning non-void [-Wreturn-type]
   77 | #define __DEF_IF_HOST { }
      |                         ^
/usr/local/cuda/include/sm_60_atomic_functions.h:192:63: note: in expansion of macro '__DEF_IF_HOST'
  192 | long long atomicMax_system(long long *address, long long val) __DEF_IF_HOST
      |                                                               ^~~~~~~~~~~~~
/usr/local/cuda/include/sm_60_atomic_functions.h: In function 'unsigned int atomicMax_block(unsigned int*, unsigned int)':
/usr/local/cuda/include/sm_60_atomic_functions.h:77:25: warning: no return statement in function returning non-void [-Wreturn-type]
   77 | #define __DEF_IF_HOST { }
      |                         ^
/usr/local/cuda/include/sm_60_atomic_functions.h:195:71: note: in expansion of macro '__DEF_IF_HOST'
  195 | unsigned int atomicMax_block(unsigned int *address, unsigned int val) __DEF_IF_HOST
      |                                                                       ^~~~~~~~~~~~~
/usr/local/cuda/include/sm_60_atomic_functions.h: In function 'unsigned int atomicMax_system(unsigned int*, unsigned int)':
/usr/local/cuda/include/sm_60_atomic_functions.h:77:25: warning: no return statement in function returning non-void [-Wreturn-type]
   77 | #define __DEF_IF_HOST { }
      |                         ^
/usr/local/cuda/include/sm_60_atomic_functions.h:198:72: note: in expansion of macro '__DEF_IF_HOST'
  198 | unsigned int atomicMax_system(unsigned int *address, unsigned int val) __DEF_IF_HOST
      |                                                                        ^~~~~~~~~~~~~
/usr/local/cuda/include/sm_60_atomic_functions.h: In function 'long long unsigned int atomicMax_block(long long unsigned int*, long long unsigned int)':
/usr/local/cuda/include/sm_60_atomic_functions.h:77:25: warning: no return statement in function returning non-void [-Wreturn-type]
   77 | #define __DEF_IF_HOST { }
      |                         ^
/usr/local/cuda/include/sm_60_atomic_functions.h:201:89: note: in expansion of macro '__DEF_IF_HOST'
  201 | unsigned long long atomicMax_block(unsigned long long *address, unsigned long long val) __DEF_IF_HOST
      |                                                                                         ^~~~~~~~~~~~~
/usr/local/cuda/include/sm_60_atomic_functions.h: In function 'long long unsigned int atomicMax_system(long long unsigned int*, long long unsigned int)':
/usr/local/cuda/include/sm_60_atomic_functions.h:77:25: warning: no return statement in function returning non-void [-Wreturn-type]
   77 | #define __DEF_IF_HOST { }
      |                         ^
/usr/local/cuda/include/sm_60_atomic_functions.h:204:90: note: in expansion of macro '__DEF_IF_HOST'
  204 | unsigned long long atomicMax_system(unsigned long long *address, unsigned long long val) __DEF_IF_HOST
      |                                                                                          ^~~~~~~~~~~~~
/usr/local/cuda/include/sm_60_atomic_functions.h: In function 'unsigned int atomicInc_block(unsigned int*, unsigned int)':
/usr/local/cuda/include/sm_60_atomic_functions.h:77:25: warning: no return statement in function returning non-void [-Wreturn-type]
   77 | #define __DEF_IF_HOST { }
      |                         ^
/usr/local/cuda/include/sm_60_atomic_functions.h:207:71: note: in expansion of macro '__DEF_IF_HOST'
  207 | unsigned int atomicInc_block(unsigned int *address, unsigned int val) __DEF_IF_HOST
      |                                                                       ^~~~~~~~~~~~~
/usr/local/cuda/include/sm_60_atomic_functions.h: In function 'unsigned int atomicInc_system(unsigned int*, unsigned int)':
/usr/local/cuda/include/sm_60_atomic_functions.h:77:25: warning: no return statement in function returning non-void [-Wreturn-type]
   77 | #define __DEF_IF_HOST { }
      |                         ^
/usr/local/cuda/include/sm_60_atomic_functions.h:210:72: note: in expansion of macro '__DEF_IF_HOST'
  210 | unsigned int atomicInc_system(unsigned int *address, unsigned int val) __DEF_IF_HOST
      |                                                                        ^~~~~~~~~~~~~
/usr/local/cuda/include/sm_60_atomic_functions.h: In function 'unsigned int atomicDec_block(unsigned int*, unsigned int)':
/usr/local/cuda/include/sm_60_atomic_functions.h:77:25: warning: no return statement in function returning non-void [-Wreturn-type]
   77 | #define __DEF_IF_HOST { }
      |                         ^
/usr/local/cuda/include/sm_60_atomic_functions.h:213:71: note: in expansion of macro '__DEF_IF_HOST'
  213 | unsigned int atomicDec_block(unsigned int *address, unsigned int val) __DEF_IF_HOST
      |                                                                       ^~~~~~~~~~~~~
/usr/local/cuda/include/sm_60_atomic_functions.h: In function 'unsigned int atomicDec_system(unsigned int*, unsigned int)':
/usr/local/cuda/include/sm_60_atomic_functions.h:77:25: warning: no return statement in function returning non-void [-Wreturn-type]
   77 | #define __DEF_IF_HOST { }
      |                         ^
/usr/local/cuda/include/sm_60_atomic_functions.h:216:72: note: in expansion of macro '__DEF_IF_HOST'
  216 | unsigned int atomicDec_system(unsigned int *address, unsigned int val) __DEF_IF_HOST
      |                                                                        ^~~~~~~~~~~~~
/usr/local/cuda/include/sm_60_atomic_functions.h: In function 'int atomicCAS_block(int*, int, int)':
/usr/local/cuda/include/sm_60_atomic_functions.h:77:25: warning: no return statement in function returning non-void [-Wreturn-type]
   77 | #define __DEF_IF_HOST { }
      |                         ^
/usr/local/cuda/include/sm_60_atomic_functions.h:219:57: note: in expansion of macro '__DEF_IF_HOST'
  219 | int atomicCAS_block(int *address, int compare, int val) __DEF_IF_HOST
      |                                                         ^~~~~~~~~~~~~
/usr/local/cuda/include/sm_60_atomic_functions.h: In function 'int atomicCAS_system(int*, int, int)':
/usr/local/cuda/include/sm_60_atomic_functions.h:77:25: warning: no return statement in function returning non-void [-Wreturn-type]
   77 | #define __DEF_IF_HOST { }
      |                         ^
/usr/local/cuda/include/sm_60_atomic_functions.h:222:58: note: in expansion of macro '__DEF_IF_HOST'
  222 | int atomicCAS_system(int *address, int compare, int val) __DEF_IF_HOST
      |                                                          ^~~~~~~~~~~~~
/usr/local/cuda/include/sm_60_atomic_functions.h: In function 'unsigned int atomicCAS_block(unsigned int*, unsigned int, unsigned int)':
/usr/local/cuda/include/sm_60_atomic_functions.h:77:25: warning: no return statement in function returning non-void [-Wreturn-type]
   77 | #define __DEF_IF_HOST { }
      |                         ^
/usr/local/cuda/include/sm_60_atomic_functions.h:226:48: note: in expansion of macro '__DEF_IF_HOST'
  226 |                              unsigned int val) __DEF_IF_HOST
      |                                                ^~~~~~~~~~~~~
/usr/local/cuda/include/sm_60_atomic_functions.h: In function 'unsigned int atomicCAS_system(unsigned int*, unsigned int, unsigned int)':
/usr/local/cuda/include/sm_60_atomic_functions.h:77:25: warning: no return statement in function returning non-void [-Wreturn-type]
   77 | #define __DEF_IF_HOST { }
      |                         ^
/usr/local/cuda/include/sm_60_atomic_functions.h:230:49: note: in expansion of macro '__DEF_IF_HOST'
  230 |                               unsigned int val) __DEF_IF_HOST
      |                                                 ^~~~~~~~~~~~~
/usr/local/cuda/include/sm_60_atomic_functions.h: In function 'long long unsigned int atomicCAS_block(long long unsigned int*, long long unsigned int, long long unsigned int)':
/usr/local/cuda/include/sm_60_atomic_functions.h:77:25: warning: no return statement in function returning non-void [-Wreturn-type]
   77 | #define __DEF_IF_HOST { }
      |                         ^
/usr/local/cuda/include/sm_60_atomic_functions.h:235:68: note: in expansion of macro '__DEF_IF_HOST'
  235 |                                        unsigned long long int val) __DEF_IF_HOST
      |                                                                    ^~~~~~~~~~~~~
/usr/local/cuda/include/sm_60_atomic_functions.h: In function 'long long unsigned int atomicCAS_system(long long unsigned int*, long long unsigned int, long long unsigned int)':
/usr/local/cuda/include/sm_60_atomic_functions.h:77:25: warning: no return statement in function returning non-void [-Wreturn-type]
   77 | #define __DEF_IF_HOST { }
      |                         ^
/usr/local/cuda/include/sm_60_atomic_functions.h:240:69: note: in expansion of macro '__DEF_IF_HOST'
  240 |                                         unsigned long long int val) __DEF_IF_HOST
      |                                                                     ^~~~~~~~~~~~~
/usr/local/cuda/include/sm_60_atomic_functions.h: In function 'int atomicAnd_block(int*, int)':
/usr/local/cuda/include/sm_60_atomic_functions.h:77:25: warning: no return statement in function returning non-void [-Wreturn-type]
   77 | #define __DEF_IF_HOST { }
      |                         ^
/usr/local/cuda/include/sm_60_atomic_functions.h:243:44: note: in expansion of macro '__DEF_IF_HOST'
  243 | int atomicAnd_block(int *address, int val) __DEF_IF_HOST
      |                                            ^~~~~~~~~~~~~
/usr/local/cuda/include/sm_60_atomic_functions.h: In function 'int atomicAnd_system(int*, int)':
/usr/local/cuda/include/sm_60_atomic_functions.h:77:25: warning: no return statement in function returning non-void [-Wreturn-type]
   77 | #define __DEF_IF_HOST { }
      |                         ^
/usr/local/cuda/include/sm_60_atomic_functions.h:246:45: note: in expansion of macro '__DEF_IF_HOST'
  246 | int atomicAnd_system(int *address, int val) __DEF_IF_HOST
      |                                             ^~~~~~~~~~~~~
/usr/local/cuda/include/sm_60_atomic_functions.h: In function 'long long int atomicAnd_block(long long int*, long long int)':
/usr/local/cuda/include/sm_60_atomic_functions.h:77:25: warning: no return statement in function returning non-void [-Wreturn-type]
   77 | #define __DEF_IF_HOST { }
      |                         ^
/usr/local/cuda/include/sm_60_atomic_functions.h:249:62: note: in expansion of macro '__DEF_IF_HOST'
  249 | long long atomicAnd_block(long long *address, long long val) __DEF_IF_HOST
      |                                                              ^~~~~~~~~~~~~
/usr/local/cuda/include/sm_60_atomic_functions.h: In function 'long long int atomicAnd_system(long long int*, long long int)':
/usr/local/cuda/include/sm_60_atomic_functions.h:77:25: warning: no return statement in function returning non-void [-Wreturn-type]
   77 | #define __DEF_IF_HOST { }
      |                         ^
/usr/local/cuda/include/sm_60_atomic_functions.h:252:63: note: in expansion of macro '__DEF_IF_HOST'
  252 | long long atomicAnd_system(long long *address, long long val) __DEF_IF_HOST
      |                                                               ^~~~~~~~~~~~~
/usr/local/cuda/include/sm_60_atomic_functions.h: In function 'unsigned int atomicAnd_block(unsigned int*, unsigned int)':
/usr/local/cuda/include/sm_60_atomic_functions.h:77:25: warning: no return statement in function returning non-void [-Wreturn-type]
   77 | #define __DEF_IF_HOST { }
      |                         ^
/usr/local/cuda/include/sm_60_atomic_functions.h:255:71: note: in expansion of macro '__DEF_IF_HOST'
  255 | unsigned int atomicAnd_block(unsigned int *address, unsigned int val) __DEF_IF_HOST
      |                                                                       ^~~~~~~~~~~~~
/usr/local/cuda/include/sm_60_atomic_functions.h: In function 'unsigned int atomicAnd_system(unsigned int*, unsigned int)':
/usr/local/cuda/include/sm_60_atomic_functions.h:77:25: warning: no return statement in function returning non-void [-Wreturn-type]
   77 | #define __DEF_IF_HOST { }
      |                         ^
/usr/local/cuda/include/sm_60_atomic_functions.h:258:72: note: in expansion of macro '__DEF_IF_HOST'
  258 | unsigned int atomicAnd_system(unsigned int *address, unsigned int val) __DEF_IF_HOST
      |                                                                        ^~~~~~~~~~~~~
/usr/local/cuda/include/sm_60_atomic_functions.h: In function 'long long unsigned int atomicAnd_block(long long unsigned int*, long long unsigned int)':
/usr/local/cuda/include/sm_60_atomic_functions.h:77:25: warning: no return statement in function returning non-void [-Wreturn-type]
   77 | #define __DEF_IF_HOST { }
      |                         ^
/usr/local/cuda/include/sm_60_atomic_functions.h:261:89: note: in expansion of macro '__DEF_IF_HOST'
  261 | unsigned long long atomicAnd_block(unsigned long long *address, unsigned long long val) __DEF_IF_HOST
      |                                                                                         ^~~~~~~~~~~~~
/usr/local/cuda/include/sm_60_atomic_functions.h: In function 'long long unsigned int atomicAnd_system(long long unsigned int*, long long unsigned int)':
/usr/local/cuda/include/sm_60_atomic_functions.h:77:25: warning: no return statement in function returning non-void [-Wreturn-type]
   77 | #define __DEF_IF_HOST { }
      |                         ^
/usr/local/cuda/include/sm_60_atomic_functions.h:264:90: note: in expansion of macro '__DEF_IF_HOST'
  264 | unsigned long long atomicAnd_system(unsigned long long *address, unsigned long long val) __DEF_IF_HOST
      |                                                                                          ^~~~~~~~~~~~~
/usr/local/cuda/include/sm_60_atomic_functions.h: In function 'int atomicOr_block(int*, int)':
/usr/local/cuda/include/sm_60_atomic_functions.h:77:25: warning: no return statement in function returning non-void [-Wreturn-type]
   77 | #define __DEF_IF_HOST { }
      |                         ^
/usr/local/cuda/include/sm_60_atomic_functions.h:267:43: note: in expansion of macro '__DEF_IF_HOST'
  267 | int atomicOr_block(int *address, int val) __DEF_IF_HOST
      |                                           ^~~~~~~~~~~~~
/usr/local/cuda/include/sm_60_atomic_functions.h: In function 'int atomicOr_system(int*, int)':
/usr/local/cuda/include/sm_60_atomic_functions.h:77:25: warning: no return statement in function returning non-void [-Wreturn-type]
   77 | #define __DEF_IF_HOST { }
      |                         ^
/usr/local/cuda/include/sm_60_atomic_functions.h:270:44: note: in expansion of macro '__DEF_IF_HOST'
  270 | int atomicOr_system(int *address, int val) __DEF_IF_HOST
      |                                            ^~~~~~~~~~~~~
/usr/local/cuda/include/sm_60_atomic_functions.h: In function 'long long int atomicOr_block(long long int*, long long int)':
/usr/local/cuda/include/sm_60_atomic_functions.h:77:25: warning: no return statement in function returning non-void [-Wreturn-type]
   77 | #define __DEF_IF_HOST { }
      |                         ^
/usr/local/cuda/include/sm_60_atomic_functions.h:273:61: note: in expansion of macro '__DEF_IF_HOST'
  273 | long long atomicOr_block(long long *address, long long val) __DEF_IF_HOST
      |                                                             ^~~~~~~~~~~~~
/usr/local/cuda/include/sm_60_atomic_functions.h: In function 'long long int atomicOr_system(long long int*, long long int)':
/usr/local/cuda/include/sm_60_atomic_functions.h:77:25: warning: no return statement in function returning non-void [-Wreturn-type]
   77 | #define __DEF_IF_HOST { }
      |                         ^
/usr/local/cuda/include/sm_60_atomic_functions.h:276:62: note: in expansion of macro '__DEF_IF_HOST'
  276 | long long atomicOr_system(long long *address, long long val) __DEF_IF_HOST
      |                                                              ^~~~~~~~~~~~~
/usr/local/cuda/include/sm_60_atomic_functions.h: In function 'unsigned int atomicOr_block(unsigned int*, unsigned int)':
/usr/local/cuda/include/sm_60_atomic_functions.h:77:25: warning: no return statement in function returning non-void [-Wreturn-type]
   77 | #define __DEF_IF_HOST { }
      |                         ^
/usr/local/cuda/include/sm_60_atomic_functions.h:279:70: note: in expansion of macro '__DEF_IF_HOST'
  279 | unsigned int atomicOr_block(unsigned int *address, unsigned int val) __DEF_IF_HOST
      |                                                                      ^~~~~~~~~~~~~
/usr/local/cuda/include/sm_60_atomic_functions.h: In function 'unsigned int atomicOr_system(unsigned int*, unsigned int)':
/usr/local/cuda/include/sm_60_atomic_functions.h:77:25: warning: no return statement in function returning non-void [-Wreturn-type]
   77 | #define __DEF_IF_HOST { }
      |                         ^
/usr/local/cuda/include/sm_60_atomic_functions.h:282:71: note: in expansion of macro '__DEF_IF_HOST'
  282 | unsigned int atomicOr_system(unsigned int *address, unsigned int val) __DEF_IF_HOST
      |                                                                       ^~~~~~~~~~~~~
/usr/local/cuda/include/sm_60_atomic_functions.h: In function 'long long unsigned int atomicOr_block(long long unsigned int*, long long unsigned int)':
/usr/local/cuda/include/sm_60_atomic_functions.h:77:25: warning: no return statement in function returning non-void [-Wreturn-type]
   77 | #define __DEF_IF_HOST { }
      |                         ^
/usr/local/cuda/include/sm_60_atomic_functions.h:285:88: note: in expansion of macro '__DEF_IF_HOST'
  285 | unsigned long long atomicOr_block(unsigned long long *address, unsigned long long val) __DEF_IF_HOST
      |                                                                                        ^~~~~~~~~~~~~
/usr/local/cuda/include/sm_60_atomic_functions.h: In function 'long long unsigned int atomicOr_system(long long unsigned int*, long long unsigned int)':
/usr/local/cuda/include/sm_60_atomic_functions.h:77:25: warning: no return statement in function returning non-void [-Wreturn-type]
   77 | #define __DEF_IF_HOST { }
      |                         ^
/usr/local/cuda/include/sm_60_atomic_functions.h:288:89: note: in expansion of macro '__DEF_IF_HOST'
  288 | unsigned long long atomicOr_system(unsigned long long *address, unsigned long long val) __DEF_IF_HOST
      |                                                                                         ^~~~~~~~~~~~~
/usr/local/cuda/include/sm_60_atomic_functions.h: In function 'int atomicXor_block(int*, int)':
/usr/local/cuda/include/sm_60_atomic_functions.h:77:25: warning: no return statement in function returning non-void [-Wreturn-type]
   77 | #define __DEF_IF_HOST { }
      |                         ^
/usr/local/cuda/include/sm_60_atomic_functions.h:291:44: note: in expansion of macro '__DEF_IF_HOST'
  291 | int atomicXor_block(int *address, int val) __DEF_IF_HOST
      |                                            ^~~~~~~~~~~~~
/usr/local/cuda/include/sm_60_atomic_functions.h: In function 'int atomicXor_system(int*, int)':
/usr/local/cuda/include/sm_60_atomic_functions.h:77:25: warning: no return statement in function returning non-void [-Wreturn-type]
   77 | #define __DEF_IF_HOST { }
      |                         ^
/usr/local/cuda/include/sm_60_atomic_functions.h:294:45: note: in expansion of macro '__DEF_IF_HOST'
  294 | int atomicXor_system(int *address, int val) __DEF_IF_HOST
      |                                             ^~~~~~~~~~~~~
/usr/local/cuda/include/sm_60_atomic_functions.h: In function 'long long int atomicXor_block(long long int*, long long int)':
/usr/local/cuda/include/sm_60_atomic_functions.h:77:25: warning: no return statement in function returning non-void [-Wreturn-type]
   77 | #define __DEF_IF_HOST { }
      |                         ^
/usr/local/cuda/include/sm_60_atomic_functions.h:297:62: note: in expansion of macro '__DEF_IF_HOST'
  297 | long long atomicXor_block(long long *address, long long val) __DEF_IF_HOST
      |                                                              ^~~~~~~~~~~~~
/usr/local/cuda/include/sm_60_atomic_functions.h: In function 'long long int atomicXor_system(long long int*, long long int)':
/usr/local/cuda/include/sm_60_atomic_functions.h:77:25: warning: no return statement in function returning non-void [-Wreturn-type]
   77 | #define __DEF_IF_HOST { }
      |                         ^
/usr/local/cuda/include/sm_60_atomic_functions.h:300:63: note: in expansion of macro '__DEF_IF_HOST'
  300 | long long atomicXor_system(long long *address, long long val) __DEF_IF_HOST
      |                                                               ^~~~~~~~~~~~~
/usr/local/cuda/include/sm_60_atomic_functions.h: In function 'unsigned int atomicXor_block(unsigned int*, unsigned int)':
/usr/local/cuda/include/sm_60_atomic_functions.h:77:25: warning: no return statement in function returning non-void [-Wreturn-type]
   77 | #define __DEF_IF_HOST { }
      |                         ^
/usr/local/cuda/include/sm_60_atomic_functions.h:303:71: note: in expansion of macro '__DEF_IF_HOST'
  303 | unsigned int atomicXor_block(unsigned int *address, unsigned int val) __DEF_IF_HOST
      |                                                                       ^~~~~~~~~~~~~
/usr/local/cuda/include/sm_60_atomic_functions.h: In function 'unsigned int atomicXor_system(unsigned int*, unsigned int)':
/usr/local/cuda/include/sm_60_atomic_functions.h:77:25: warning: no return statement in function returning non-void [-Wreturn-type]
   77 | #define __DEF_IF_HOST { }
      |                         ^
/usr/local/cuda/include/sm_60_atomic_functions.h:306:72: note: in expansion of macro '__DEF_IF_HOST'
  306 | unsigned int atomicXor_system(unsigned int *address, unsigned int val) __DEF_IF_HOST
      |                                                                        ^~~~~~~~~~~~~
/usr/local/cuda/include/sm_60_atomic_functions.h: In function 'long long unsigned int atomicXor_block(long long unsigned int*, long long unsigned int)':
/usr/local/cuda/include/sm_60_atomic_functions.h:77:25: warning: no return statement in function returning non-void [-Wreturn-type]
   77 | #define __DEF_IF_HOST { }
      |                         ^
/usr/local/cuda/include/sm_60_atomic_functions.h:309:89: note: in expansion of macro '__DEF_IF_HOST'
  309 | unsigned long long atomicXor_block(unsigned long long *address, unsigned long long val) __DEF_IF_HOST
      |                                                                                         ^~~~~~~~~~~~~
/usr/local/cuda/include/sm_60_atomic_functions.h: In function 'long long unsigned int atomicXor_system(long long unsigned int*, long long unsigned int)':
/usr/local/cuda/include/sm_60_atomic_functions.h:77:25: warning: no return statement in function returning non-void [-Wreturn-type]
   77 | #define __DEF_IF_HOST { }
      |                         ^
/usr/local/cuda/include/sm_60_atomic_functions.h:312:90: note: in expansion of macro '__DEF_IF_HOST'
  312 | unsigned long long atomicXor_system(unsigned long long *address, unsigned long long val) __DEF_IF_HOST
      |                                                                                          ^~~~~~~~~~~~~
In file included from /usr/local/cuda/include/crt/device_functions.h:3621,
                 from /home/GVirtuS/GVirtuS/plugins/cudart/backend/CudaRtHandler.h:71,
                 from /home/GVirtuS/GVirtuS/plugins/cudart/backend/CudaRtHandler_device.cpp:26:
/usr/local/cuda/include/sm_20_intrinsics.h: In function 'unsigned int ballot(bool)':
/usr/local/cuda/include/sm_20_intrinsics.h:75:25: warning: no return statement in function returning non-void [-Wreturn-type]
   75 | #define __DEF_IF_HOST { }
      |                         ^
/usr/local/cuda/include/sm_20_intrinsics.h:1522:110: note: in expansion of macro '__DEF_IF_HOST'
 1522 | __SM_20_INTRINSICS_DECL__ __DEPRECATED__(__WSB_DEPRECATION_MESSAGE(__ballot)) unsigned int ballot(bool pred) __DEF_IF_HOST
      |                                                                                                              ^~~~~~~~~~~~~
/usr/local/cuda/include/sm_20_intrinsics.h: In function 'int syncthreads_count(bool)':
/usr/local/cuda/include/sm_20_intrinsics.h:75:25: warning: no return statement in function returning non-void [-Wreturn-type]
   75 | #define __DEF_IF_HOST { }
      |                         ^
/usr/local/cuda/include/sm_20_intrinsics.h:1524:60: note: in expansion of macro '__DEF_IF_HOST'
 1524 | __SM_20_INTRINSICS_DECL__ int syncthreads_count(bool pred) __DEF_IF_HOST
      |                                                            ^~~~~~~~~~~~~
/usr/local/cuda/include/sm_20_intrinsics.h: In function 'bool syncthreads_and(bool)':
/usr/local/cuda/include/sm_20_intrinsics.h:75:25: warning: no return statement in function returning non-void [-Wreturn-type]
   75 | #define __DEF_IF_HOST { }
      |                         ^
/usr/local/cuda/include/sm_20_intrinsics.h:1526:59: note: in expansion of macro '__DEF_IF_HOST'
 1526 | __SM_20_INTRINSICS_DECL__ bool syncthreads_and(bool pred) __DEF_IF_HOST
      |                                                           ^~~~~~~~~~~~~
/usr/local/cuda/include/sm_20_intrinsics.h: In function 'bool syncthreads_or(bool)':
/usr/local/cuda/include/sm_20_intrinsics.h:75:25: warning: no return statement in function returning non-void [-Wreturn-type]
   75 | #define __DEF_IF_HOST { }
      |                         ^
/usr/local/cuda/include/sm_20_intrinsics.h:1528:58: note: in expansion of macro '__DEF_IF_HOST'
 1528 | __SM_20_INTRINSICS_DECL__ bool syncthreads_or(bool pred) __DEF_IF_HOST
      |                                                          ^~~~~~~~~~~~~
/usr/local/cuda/include/sm_20_intrinsics.h: In function 'unsigned int __isGlobal(const void*)':
/usr/local/cuda/include/sm_20_intrinsics.h:75:25: warning: no return statement in function returning non-void [-Wreturn-type]
   75 | #define __DEF_IF_HOST { }
      |                         ^
/usr/local/cuda/include/sm_20_intrinsics.h:1533:68: note: in expansion of macro '__DEF_IF_HOST'
 1533 | __SM_20_INTRINSICS_DECL__ unsigned int __isGlobal(const void *ptr) __DEF_IF_HOST
      |                                                                    ^~~~~~~~~~~~~
/usr/local/cuda/include/sm_20_intrinsics.h: In function 'unsigned int __isShared(const void*)':
/usr/local/cuda/include/sm_20_intrinsics.h:75:25: warning: no return statement in function returning non-void [-Wreturn-type]
   75 | #define __DEF_IF_HOST { }
      |                         ^
/usr/local/cuda/include/sm_20_intrinsics.h:1534:68: note: in expansion of macro '__DEF_IF_HOST'
 1534 | __SM_20_INTRINSICS_DECL__ unsigned int __isShared(const void *ptr) __DEF_IF_HOST
      |                                                                    ^~~~~~~~~~~~~
/usr/local/cuda/include/sm_20_intrinsics.h: In function 'unsigned int __isConstant(const void*)':
/usr/local/cuda/include/sm_20_intrinsics.h:75:25: warning: no return statement in function returning non-void [-Wreturn-type]
   75 | #define __DEF_IF_HOST { }
      |                         ^
/usr/local/cuda/include/sm_20_intrinsics.h:1535:70: note: in expansion of macro '__DEF_IF_HOST'
 1535 | __SM_20_INTRINSICS_DECL__ unsigned int __isConstant(const void *ptr) __DEF_IF_HOST
      |                                                                      ^~~~~~~~~~~~~
/usr/local/cuda/include/sm_20_intrinsics.h: In function 'unsigned int __isLocal(const void*)':
/usr/local/cuda/include/sm_20_intrinsics.h:75:25: warning: no return statement in function returning non-void [-Wreturn-type]
   75 | #define __DEF_IF_HOST { }
      |                         ^
/usr/local/cuda/include/sm_20_intrinsics.h:1536:67: note: in expansion of macro '__DEF_IF_HOST'
 1536 | __SM_20_INTRINSICS_DECL__ unsigned int __isLocal(const void *ptr) __DEF_IF_HOST
      |                                                                   ^~~~~~~~~~~~~
/usr/local/cuda/include/sm_20_intrinsics.h: In function 'unsigned int __isGridConstant(const void*)':
/usr/local/cuda/include/sm_20_intrinsics.h:75:25: warning: no return statement in function returning non-void [-Wreturn-type]
   75 | #define __DEF_IF_HOST { }
      |                         ^
/usr/local/cuda/include/sm_20_intrinsics.h:1538:74: note: in expansion of macro '__DEF_IF_HOST'
 1538 | __SM_20_INTRINSICS_DECL__ unsigned int __isGridConstant(const void *ptr) __DEF_IF_HOST
      |                                                                          ^~~~~~~~~~~~~
/usr/local/cuda/include/sm_20_intrinsics.h: In function 'size_t __cvta_generic_to_global(const void*)':
/usr/local/cuda/include/sm_20_intrinsics.h:75:25: warning: no return statement in function returning non-void [-Wreturn-type]
   75 | #define __DEF_IF_HOST { }
      |                         ^
/usr/local/cuda/include/sm_20_intrinsics.h:1540:76: note: in expansion of macro '__DEF_IF_HOST'
 1540 | __SM_20_INTRINSICS_DECL__ size_t __cvta_generic_to_global(const void *ptr) __DEF_IF_HOST
      |                                                                            ^~~~~~~~~~~~~
/usr/local/cuda/include/sm_20_intrinsics.h: In function 'size_t __cvta_generic_to_shared(const void*)':
/usr/local/cuda/include/sm_20_intrinsics.h:75:25: warning: no return statement in function returning non-void [-Wreturn-type]
   75 | #define __DEF_IF_HOST { }
      |                         ^
/usr/local/cuda/include/sm_20_intrinsics.h:1541:76: note: in expansion of macro '__DEF_IF_HOST'
 1541 | __SM_20_INTRINSICS_DECL__ size_t __cvta_generic_to_shared(const void *ptr) __DEF_IF_HOST
      |                                                                            ^~~~~~~~~~~~~
/usr/local/cuda/include/sm_20_intrinsics.h: In function 'size_t __cvta_generic_to_constant(const void*)':
/usr/local/cuda/include/sm_20_intrinsics.h:75:25: warning: no return statement in function returning non-void [-Wreturn-type]
   75 | #define __DEF_IF_HOST { }
      |                         ^
/usr/local/cuda/include/sm_20_intrinsics.h:1542:78: note: in expansion of macro '__DEF_IF_HOST'
 1542 | __SM_20_INTRINSICS_DECL__ size_t __cvta_generic_to_constant(const void *ptr) __DEF_IF_HOST
      |                                                                              ^~~~~~~~~~~~~
/usr/local/cuda/include/sm_20_intrinsics.h: In function 'size_t __cvta_generic_to_local(const void*)':
/usr/local/cuda/include/sm_20_intrinsics.h:75:25: warning: no return statement in function returning non-void [-Wreturn-type]
   75 | #define __DEF_IF_HOST { }
      |                         ^
/usr/local/cuda/include/sm_20_intrinsics.h:1543:75: note: in expansion of macro '__DEF_IF_HOST'
 1543 | __SM_20_INTRINSICS_DECL__ size_t __cvta_generic_to_local(const void *ptr) __DEF_IF_HOST
      |                                                                           ^~~~~~~~~~~~~
/usr/local/cuda/include/sm_20_intrinsics.h: In function 'size_t __cvta_generic_to_grid_constant(const void*)':
/usr/local/cuda/include/sm_20_intrinsics.h:75:25: warning: no return statement in function returning non-void [-Wreturn-type]
   75 | #define __DEF_IF_HOST { }
      |                         ^
/usr/local/cuda/include/sm_20_intrinsics.h:1545:83: note: in expansion of macro '__DEF_IF_HOST'
 1545 | __SM_20_INTRINSICS_DECL__ size_t __cvta_generic_to_grid_constant(const void *ptr) __DEF_IF_HOST
      |                                                                                   ^~~~~~~~~~~~~
/usr/local/cuda/include/sm_20_intrinsics.h: In function 'void* __cvta_global_to_generic(size_t)':
/usr/local/cuda/include/sm_20_intrinsics.h:75:25: warning: no return statement in function returning non-void [-Wreturn-type]
   75 | #define __DEF_IF_HOST { }
      |                         ^
/usr/local/cuda/include/sm_20_intrinsics.h:1548:75: note: in expansion of macro '__DEF_IF_HOST'
 1548 | __SM_20_INTRINSICS_DECL__ void * __cvta_global_to_generic(size_t rawbits) __DEF_IF_HOST
      |                                                                           ^~~~~~~~~~~~~
/usr/local/cuda/include/sm_20_intrinsics.h: In function 'void* __cvta_shared_to_generic(size_t)':
/usr/local/cuda/include/sm_20_intrinsics.h:75:25: warning: no return statement in function returning non-void [-Wreturn-type]
   75 | #define __DEF_IF_HOST { }
      |                         ^
/usr/local/cuda/include/sm_20_intrinsics.h:1549:75: note: in expansion of macro '__DEF_IF_HOST'
 1549 | __SM_20_INTRINSICS_DECL__ void * __cvta_shared_to_generic(size_t rawbits) __DEF_IF_HOST
      |                                                                           ^~~~~~~~~~~~~
/usr/local/cuda/include/sm_20_intrinsics.h: In function 'void* __cvta_constant_to_generic(size_t)':
/usr/local/cuda/include/sm_20_intrinsics.h:75:25: warning: no return statement in function returning non-void [-Wreturn-type]
   75 | #define __DEF_IF_HOST { }
      |                         ^
/usr/local/cuda/include/sm_20_intrinsics.h:1550:77: note: in expansion of macro '__DEF_IF_HOST'
 1550 | __SM_20_INTRINSICS_DECL__ void * __cvta_constant_to_generic(size_t rawbits) __DEF_IF_HOST
      |                                                                             ^~~~~~~~~~~~~
/usr/local/cuda/include/sm_20_intrinsics.h: In function 'void* __cvta_local_to_generic(size_t)':
/usr/local/cuda/include/sm_20_intrinsics.h:75:25: warning: no return statement in function returning non-void [-Wreturn-type]
   75 | #define __DEF_IF_HOST { }
      |                         ^
/usr/local/cuda/include/sm_20_intrinsics.h:1551:74: note: in expansion of macro '__DEF_IF_HOST'
 1551 | __SM_20_INTRINSICS_DECL__ void * __cvta_local_to_generic(size_t rawbits) __DEF_IF_HOST
      |                                                                          ^~~~~~~~~~~~~
/usr/local/cuda/include/sm_20_intrinsics.h: In function 'void* __cvta_grid_constant_to_generic(size_t)':
/usr/local/cuda/include/sm_20_intrinsics.h:75:25: warning: no return statement in function returning non-void [-Wreturn-type]
   75 | #define __DEF_IF_HOST { }
      |                         ^
/usr/local/cuda/include/sm_20_intrinsics.h:1553:82: note: in expansion of macro '__DEF_IF_HOST'
 1553 | __SM_20_INTRINSICS_DECL__ void * __cvta_grid_constant_to_generic(size_t rawbits) __DEF_IF_HOST
      |                                                                                  ^~~~~~~~~~~~~
In file included from /usr/local/cuda/include/crt/device_functions.h:3622,
                 from /home/GVirtuS/GVirtuS/plugins/cudart/backend/CudaRtHandler.h:71,
                 from /home/GVirtuS/GVirtuS/plugins/cudart/backend/CudaRtHandler_device.cpp:26:
/usr/local/cuda/include/sm_30_intrinsics.h: In function 'unsigned int __fns(unsigned int, unsigned int, int)':
/usr/local/cuda/include/sm_30_intrinsics.h:76:25: warning: no return statement in function returning non-void [-Wreturn-type]
   76 | #define __DEF_IF_HOST { }
      |                         ^
/usr/local/cuda/include/sm_30_intrinsics.h:123:85: note: in expansion of macro '__DEF_IF_HOST'
  123 | __SM_30_INTRINSICS_DECL__ unsigned  __fns(unsigned mask, unsigned base, int offset) __DEF_IF_HOST
      |                                                                                     ^~~~~~~~~~~~~
/usr/local/cuda/include/sm_30_intrinsics.h: In function 'int __all_sync(unsigned int, int)':
/usr/local/cuda/include/sm_30_intrinsics.h:76:25: warning: no return statement in function returning non-void [-Wreturn-type]
   76 | #define __DEF_IF_HOST { }
      |                         ^
/usr/local/cuda/include/sm_30_intrinsics.h:127:67: note: in expansion of macro '__DEF_IF_HOST'
  127 | __SM_30_INTRINSICS_DECL__ int __all_sync(unsigned mask, int pred) __DEF_IF_HOST
      |                                                                   ^~~~~~~~~~~~~
/usr/local/cuda/include/sm_30_intrinsics.h: In function 'int __any_sync(unsigned int, int)':
/usr/local/cuda/include/sm_30_intrinsics.h:76:25: warning: no return statement in function returning non-void [-Wreturn-type]
   76 | #define __DEF_IF_HOST { }
      |                         ^
/usr/local/cuda/include/sm_30_intrinsics.h:128:67: note: in expansion of macro '__DEF_IF_HOST'
  128 | __SM_30_INTRINSICS_DECL__ int __any_sync(unsigned mask, int pred) __DEF_IF_HOST
      |                                                                   ^~~~~~~~~~~~~
/usr/local/cuda/include/sm_30_intrinsics.h: In function 'int __uni_sync(unsigned int, int)':
/usr/local/cuda/include/sm_30_intrinsics.h:76:25: warning: no return statement in function returning non-void [-Wreturn-type]
   76 | #define __DEF_IF_HOST { }
      |                         ^
/usr/local/cuda/include/sm_30_intrinsics.h:129:67: note: in expansion of macro '__DEF_IF_HOST'
  129 | __SM_30_INTRINSICS_DECL__ int __uni_sync(unsigned mask, int pred) __DEF_IF_HOST
      |                                                                   ^~~~~~~~~~~~~
/usr/local/cuda/include/sm_30_intrinsics.h: In function 'unsigned int __ballot_sync(unsigned int, int)':
/usr/local/cuda/include/sm_30_intrinsics.h:76:25: warning: no return statement in function returning non-void [-Wreturn-type]
   76 | #define __DEF_IF_HOST { }
      |                         ^
/usr/local/cuda/include/sm_30_intrinsics.h:130:75: note: in expansion of macro '__DEF_IF_HOST'
  130 | __SM_30_INTRINSICS_DECL__ unsigned __ballot_sync(unsigned mask, int pred) __DEF_IF_HOST
      |                                                                           ^~~~~~~~~~~~~
/usr/local/cuda/include/sm_30_intrinsics.h: In function 'unsigned int __activemask()':
/usr/local/cuda/include/sm_30_intrinsics.h:76:25: warning: no return statement in function returning non-void [-Wreturn-type]
   76 | #define __DEF_IF_HOST { }
      |                         ^
/usr/local/cuda/include/sm_30_intrinsics.h:131:51: note: in expansion of macro '__DEF_IF_HOST'
  131 | __SM_30_INTRINSICS_DECL__ unsigned __activemask() __DEF_IF_HOST
      |                                                   ^~~~~~~~~~~~~
/usr/local/cuda/include/sm_30_intrinsics.h: In function 'int __shfl(int, int, int)':
/usr/local/cuda/include/sm_30_intrinsics.h:76:25: warning: no return statement in function returning non-void [-Wreturn-type]
   76 | #define __DEF_IF_HOST { }
      |                         ^
/usr/local/cuda/include/sm_30_intrinsics.h:140:130: note: in expansion of macro '__DEF_IF_HOST'
  140 | __SM_30_INTRINSICS_DECL__ __DEPRECATED__(__WSB_DEPRECATION_MESSAGE(__shfl)) int __shfl(int var, int srcLane, int width=warpSize) __DEF_IF_HOST
      |                                                                                                                                  ^~~~~~~~~~~~~
/usr/local/cuda/include/sm_30_intrinsics.h: In function 'unsigned int __shfl(unsigned int, int, int)':
/usr/local/cuda/include/sm_30_intrinsics.h:76:25: warning: no return statement in function returning non-void [-Wreturn-type]
   76 | #define __DEF_IF_HOST { }
      |                         ^
/usr/local/cuda/include/sm_30_intrinsics.h:141:148: note: in expansion of macro '__DEF_IF_HOST'
  141 | __SM_30_INTRINSICS_DECL__ __DEPRECATED__(__WSB_DEPRECATION_MESSAGE(__shfl)) unsigned int __shfl(unsigned int var, int srcLane, int width=warpSize) __DEF_IF_HOST
      |                                                                                                                                                    ^~~~~~~~~~~~~
/usr/local/cuda/include/sm_30_intrinsics.h: In function 'int __shfl_up(int, unsigned int, int)':
/usr/local/cuda/include/sm_30_intrinsics.h:76:25: warning: no return statement in function returning non-void [-Wreturn-type]
   76 | #define __DEF_IF_HOST { }
      |                         ^
/usr/local/cuda/include/sm_30_intrinsics.h:142:143: note: in expansion of macro '__DEF_IF_HOST'
  142 | __SM_30_INTRINSICS_DECL__ __DEPRECATED__(__WSB_DEPRECATION_MESSAGE(__shfl_up)) int __shfl_up(int var, unsigned int delta, int width=warpSize) __DEF_IF_HOST
      |                                                                                                                                               ^~~~~~~~~~~~~
/usr/local/cuda/include/sm_30_intrinsics.h: In function 'unsigned int __shfl_up(unsigned int, unsigned int, int)':
/usr/local/cuda/include/sm_30_intrinsics.h:76:25: warning: no return statement in function returning non-void [-Wreturn-type]
   76 | #define __DEF_IF_HOST { }
      |                         ^
/usr/local/cuda/include/sm_30_intrinsics.h:143:161: note: in expansion of macro '__DEF_IF_HOST'
  143 | __SM_30_INTRINSICS_DECL__ __DEPRECATED__(__WSB_DEPRECATION_MESSAGE(__shfl_up)) unsigned int __shfl_up(unsigned int var, unsigned int delta, int width=warpSize) __DEF_IF_HOST
      |                                                                                                                                                                 ^~~~~~~~~~~~~
/usr/local/cuda/include/sm_30_intrinsics.h: In function 'int __shfl_down(int, unsigned int, int)':
/usr/local/cuda/include/sm_30_intrinsics.h:76:25: warning: no return statement in function returning non-void [-Wreturn-type]
   76 | #define __DEF_IF_HOST { }
      |                         ^
/usr/local/cuda/include/sm_30_intrinsics.h:144:147: note: in expansion of macro '__DEF_IF_HOST'
  144 | __SM_30_INTRINSICS_DECL__ __DEPRECATED__(__WSB_DEPRECATION_MESSAGE(__shfl_down)) int __shfl_down(int var, unsigned int delta, int width=warpSize) __DEF_IF_HOST
      |                                                                                                                                                   ^~~~~~~~~~~~~
/usr/local/cuda/include/sm_30_intrinsics.h: In function 'unsigned int __shfl_down(unsigned int, unsigned int, int)':
/usr/local/cuda/include/sm_30_intrinsics.h:76:25: warning: no return statement in function returning non-void [-Wreturn-type]
   76 | #define __DEF_IF_HOST { }
      |                         ^
/usr/local/cuda/include/sm_30_intrinsics.h:145:165: note: in expansion of macro '__DEF_IF_HOST'
  145 | __SM_30_INTRINSICS_DECL__ __DEPRECATED__(__WSB_DEPRECATION_MESSAGE(__shfl_down)) unsigned int __shfl_down(unsigned int var, unsigned int delta, int width=warpSize) __DEF_IF_HOST
      |                                                                                                                                                                     ^~~~~~~~~~~~~
/usr/local/cuda/include/sm_30_intrinsics.h: In function 'int __shfl_xor(int, int, int)':
/usr/local/cuda/include/sm_30_intrinsics.h:76:25: warning: no return statement in function returning non-void [-Wreturn-type]
   76 | #define __DEF_IF_HOST { }
      |                         ^
/usr/local/cuda/include/sm_30_intrinsics.h:146:139: note: in expansion of macro '__DEF_IF_HOST'
  146 | __SM_30_INTRINSICS_DECL__ __DEPRECATED__(__WSB_DEPRECATION_MESSAGE(__shfl_xor)) int __shfl_xor(int var, int laneMask, int width=warpSize) __DEF_IF_HOST
      |                                                                                                                                           ^~~~~~~~~~~~~
/usr/local/cuda/include/sm_30_intrinsics.h: In function 'unsigned int __shfl_xor(unsigned int, int, int)':
/usr/local/cuda/include/sm_30_intrinsics.h:76:25: warning: no return statement in function returning non-void [-Wreturn-type]
   76 | #define __DEF_IF_HOST { }
      |                         ^
/usr/local/cuda/include/sm_30_intrinsics.h:147:157: note: in expansion of macro '__DEF_IF_HOST'
  147 | __SM_30_INTRINSICS_DECL__ __DEPRECATED__(__WSB_DEPRECATION_MESSAGE(__shfl_xor)) unsigned int __shfl_xor(unsigned int var, int laneMask, int width=warpSize) __DEF_IF_HOST
      |                                                                                                                                                             ^~~~~~~~~~~~~
/usr/local/cuda/include/sm_30_intrinsics.h: In function 'float __shfl(float, int, int)':
/usr/local/cuda/include/sm_30_intrinsics.h:76:25: warning: no return statement in function returning non-void [-Wreturn-type]
   76 | #define __DEF_IF_HOST { }
      |                         ^
/usr/local/cuda/include/sm_30_intrinsics.h:148:134: note: in expansion of macro '__DEF_IF_HOST'
  148 | __SM_30_INTRINSICS_DECL__ __DEPRECATED__(__WSB_DEPRECATION_MESSAGE(__shfl)) float __shfl(float var, int srcLane, int width=warpSize) __DEF_IF_HOST
      |                                                                                                                                      ^~~~~~~~~~~~~
/usr/local/cuda/include/sm_30_intrinsics.h: In function 'float __shfl_up(float, unsigned int, int)':
/usr/local/cuda/include/sm_30_intrinsics.h:76:25: warning: no return statement in function returning non-void [-Wreturn-type]
   76 | #define __DEF_IF_HOST { }
      |                         ^
/usr/local/cuda/include/sm_30_intrinsics.h:149:147: note: in expansion of macro '__DEF_IF_HOST'
  149 | __SM_30_INTRINSICS_DECL__ __DEPRECATED__(__WSB_DEPRECATION_MESSAGE(__shfl_up)) float __shfl_up(float var, unsigned int delta, int width=warpSize) __DEF_IF_HOST
      |                                                                                                                                                   ^~~~~~~~~~~~~
/usr/local/cuda/include/sm_30_intrinsics.h: In function 'float __shfl_down(float, unsigned int, int)':
/usr/local/cuda/include/sm_30_intrinsics.h:76:25: warning: no return statement in function returning non-void [-Wreturn-type]
   76 | #define __DEF_IF_HOST { }
      |                         ^
/usr/local/cuda/include/sm_30_intrinsics.h:150:151: note: in expansion of macro '__DEF_IF_HOST'
  150 | __SM_30_INTRINSICS_DECL__ __DEPRECATED__(__WSB_DEPRECATION_MESSAGE(__shfl_down)) float __shfl_down(float var, unsigned int delta, int width=warpSize) __DEF_IF_HOST
      |                                                                                                                                                       ^~~~~~~~~~~~~
/usr/local/cuda/include/sm_30_intrinsics.h: In function 'float __shfl_xor(float, int, int)':
/usr/local/cuda/include/sm_30_intrinsics.h:76:25: warning: no return statement in function returning non-void [-Wreturn-type]
   76 | #define __DEF_IF_HOST { }
      |                         ^
/usr/local/cuda/include/sm_30_intrinsics.h:151:143: note: in expansion of macro '__DEF_IF_HOST'
  151 | __SM_30_INTRINSICS_DECL__ __DEPRECATED__(__WSB_DEPRECATION_MESSAGE(__shfl_xor)) float __shfl_xor(float var, int laneMask, int width=warpSize) __DEF_IF_HOST
      |                                                                                                                                               ^~~~~~~~~~~~~
/usr/local/cuda/include/sm_30_intrinsics.h: In function 'int __shfl_sync(unsigned int, int, int, int)':
/usr/local/cuda/include/sm_30_intrinsics.h:76:25: warning: no return statement in function returning non-void [-Wreturn-type]
   76 | #define __DEF_IF_HOST { }
      |                         ^
/usr/local/cuda/include/sm_30_intrinsics.h:154:100: note: in expansion of macro '__DEF_IF_HOST'
  154 | __SM_30_INTRINSICS_DECL__ int __shfl_sync(unsigned mask, int var, int srcLane, int width=warpSize) __DEF_IF_HOST
      |                                                                                                    ^~~~~~~~~~~~~
/usr/local/cuda/include/sm_30_intrinsics.h: In function 'unsigned int __shfl_sync(unsigned int, unsigned int, int, int)':
/usr/local/cuda/include/sm_30_intrinsics.h:76:25: warning: no return statement in function returning non-void [-Wreturn-type]
   76 | #define __DEF_IF_HOST { }
      |                         ^
/usr/local/cuda/include/sm_30_intrinsics.h:155:118: note: in expansion of macro '__DEF_IF_HOST'
  155 | __SM_30_INTRINSICS_DECL__ unsigned int __shfl_sync(unsigned mask, unsigned int var, int srcLane, int width=warpSize) __DEF_IF_HOST
      |                                                                                                                      ^~~~~~~~~~~~~
/usr/local/cuda/include/sm_30_intrinsics.h: In function 'int __shfl_up_sync(unsigned int, int, unsigned int, int)':
/usr/local/cuda/include/sm_30_intrinsics.h:76:25: warning: no return statement in function returning non-void [-Wreturn-type]
   76 | #define __DEF_IF_HOST { }
      |                         ^
/usr/local/cuda/include/sm_30_intrinsics.h:156:110: note: in expansion of macro '__DEF_IF_HOST'
  156 | __SM_30_INTRINSICS_DECL__ int __shfl_up_sync(unsigned mask, int var, unsigned int delta, int width=warpSize) __DEF_IF_HOST
      |                                                                                                              ^~~~~~~~~~~~~
/usr/local/cuda/include/sm_30_intrinsics.h: In function 'unsigned int __shfl_up_sync(unsigned int, unsigned int, unsigned int, int)':
/usr/local/cuda/include/sm_30_intrinsics.h:76:25: warning: no return statement in function returning non-void [-Wreturn-type]
   76 | #define __DEF_IF_HOST { }
      |                         ^
/usr/local/cuda/include/sm_30_intrinsics.h:157:128: note: in expansion of macro '__DEF_IF_HOST'
  157 | __SM_30_INTRINSICS_DECL__ unsigned int __shfl_up_sync(unsigned mask, unsigned int var, unsigned int delta, int width=warpSize) __DEF_IF_HOST
      |                                                                                                                                ^~~~~~~~~~~~~
/usr/local/cuda/include/sm_30_intrinsics.h: In function 'int __shfl_down_sync(unsigned int, int, unsigned int, int)':
/usr/local/cuda/include/sm_30_intrinsics.h:76:25: warning: no return statement in function returning non-void [-Wreturn-type]
   76 | #define __DEF_IF_HOST { }
      |                         ^
/usr/local/cuda/include/sm_30_intrinsics.h:158:112: note: in expansion of macro '__DEF_IF_HOST'
  158 | __SM_30_INTRINSICS_DECL__ int __shfl_down_sync(unsigned mask, int var, unsigned int delta, int width=warpSize) __DEF_IF_HOST
      |                                                                                                                ^~~~~~~~~~~~~
/usr/local/cuda/include/sm_30_intrinsics.h: In function 'unsigned int __shfl_down_sync(unsigned int, unsigned int, unsigned int, int)':
/usr/local/cuda/include/sm_30_intrinsics.h:76:25: warning: no return statement in function returning non-void [-Wreturn-type]
   76 | #define __DEF_IF_HOST { }
      |                         ^
/usr/local/cuda/include/sm_30_intrinsics.h:159:130: note: in expansion of macro '__DEF_IF_HOST'
  159 | __SM_30_INTRINSICS_DECL__ unsigned int __shfl_down_sync(unsigned mask, unsigned int var, unsigned int delta, int width=warpSize) __DEF_IF_HOST
      |                                                                                                                                  ^~~~~~~~~~~~~
/usr/local/cuda/include/sm_30_intrinsics.h: In function 'int __shfl_xor_sync(unsigned int, int, int, int)':
/usr/local/cuda/include/sm_30_intrinsics.h:76:25: warning: no return statement in function returning non-void [-Wreturn-type]
   76 | #define __DEF_IF_HOST { }
      |                         ^
/usr/local/cuda/include/sm_30_intrinsics.h:160:105: note: in expansion of macro '__DEF_IF_HOST'
  160 | __SM_30_INTRINSICS_DECL__ int __shfl_xor_sync(unsigned mask, int var, int laneMask, int width=warpSize) __DEF_IF_HOST
      |                                                                                                         ^~~~~~~~~~~~~
/usr/local/cuda/include/sm_30_intrinsics.h: In function 'unsigned int __shfl_xor_sync(unsigned int, unsigned int, int, int)':
/usr/local/cuda/include/sm_30_intrinsics.h:76:25: warning: no return statement in function returning non-void [-Wreturn-type]
   76 | #define __DEF_IF_HOST { }
      |                         ^
/usr/local/cuda/include/sm_30_intrinsics.h:161:123: note: in expansion of macro '__DEF_IF_HOST'
  161 | __SM_30_INTRINSICS_DECL__ unsigned int __shfl_xor_sync(unsigned mask, unsigned int var, int laneMask, int width=warpSize) __DEF_IF_HOST
      |                                                                                                                           ^~~~~~~~~~~~~
/usr/local/cuda/include/sm_30_intrinsics.h: In function 'float __shfl_sync(unsigned int, float, int, int)':
/usr/local/cuda/include/sm_30_intrinsics.h:76:25: warning: no return statement in function returning non-void [-Wreturn-type]
   76 | #define __DEF_IF_HOST { }
      |                         ^
/usr/local/cuda/include/sm_30_intrinsics.h:162:104: note: in expansion of macro '__DEF_IF_HOST'
  162 | __SM_30_INTRINSICS_DECL__ float __shfl_sync(unsigned mask, float var, int srcLane, int width=warpSize) __DEF_IF_HOST
      |                                                                                                        ^~~~~~~~~~~~~
/usr/local/cuda/include/sm_30_intrinsics.h: In function 'float __shfl_up_sync(unsigned int, float, unsigned int, int)':
/usr/local/cuda/include/sm_30_intrinsics.h:76:25: warning: no return statement in function returning non-void [-Wreturn-type]
   76 | #define __DEF_IF_HOST { }
      |                         ^
/usr/local/cuda/include/sm_30_intrinsics.h:163:114: note: in expansion of macro '__DEF_IF_HOST'
  163 | __SM_30_INTRINSICS_DECL__ float __shfl_up_sync(unsigned mask, float var, unsigned int delta, int width=warpSize) __DEF_IF_HOST
      |                                                                                                                  ^~~~~~~~~~~~~
/usr/local/cuda/include/sm_30_intrinsics.h: In function 'float __shfl_down_sync(unsigned int, float, unsigned int, int)':
/usr/local/cuda/include/sm_30_intrinsics.h:76:25: warning: no return statement in function returning non-void [-Wreturn-type]
   76 | #define __DEF_IF_HOST { }
      |                         ^
/usr/local/cuda/include/sm_30_intrinsics.h:164:116: note: in expansion of macro '__DEF_IF_HOST'
  164 | __SM_30_INTRINSICS_DECL__ float __shfl_down_sync(unsigned mask, float var, unsigned int delta, int width=warpSize) __DEF_IF_HOST
      |                                                                                                                    ^~~~~~~~~~~~~
/usr/local/cuda/include/sm_30_intrinsics.h: In function 'float __shfl_xor_sync(unsigned int, float, int, int)':
/usr/local/cuda/include/sm_30_intrinsics.h:76:25: warning: no return statement in function returning non-void [-Wreturn-type]
   76 | #define __DEF_IF_HOST { }
      |                         ^
/usr/local/cuda/include/sm_30_intrinsics.h:165:109: note: in expansion of macro '__DEF_IF_HOST'
  165 | __SM_30_INTRINSICS_DECL__ float __shfl_xor_sync(unsigned mask, float var, int laneMask, int width=warpSize) __DEF_IF_HOST
      |                                                                                                             ^~~~~~~~~~~~~
/usr/local/cuda/include/sm_30_intrinsics.h: In function 'long long unsigned int __shfl(long long unsigned int, int, int)':
/usr/local/cuda/include/sm_30_intrinsics.h:76:25: warning: no return statement in function returning non-void [-Wreturn-type]
   76 | #define __DEF_IF_HOST { }
      |                         ^
/usr/local/cuda/include/sm_30_intrinsics.h:169:160: note: in expansion of macro '__DEF_IF_HOST'
  169 | __SM_30_INTRINSICS_DECL__ __DEPRECATED__(__WSB_DEPRECATION_MESSAGE(__shfl)) unsigned long long __shfl(unsigned long long var, int srcLane, int width=warpSize) __DEF_IF_HOST
      |                                                                                                                                                                ^~~~~~~~~~~~~
/usr/local/cuda/include/sm_30_intrinsics.h: In function 'long long int __shfl(long long int, int, int)':
/usr/local/cuda/include/sm_30_intrinsics.h:76:25: warning: no return statement in function returning non-void [-Wreturn-type]
   76 | #define __DEF_IF_HOST { }
      |                         ^
/usr/local/cuda/include/sm_30_intrinsics.h:170:142: note: in expansion of macro '__DEF_IF_HOST'
  170 | __SM_30_INTRINSICS_DECL__ __DEPRECATED__(__WSB_DEPRECATION_MESSAGE(__shfl)) long long __shfl(long long var, int srcLane, int width=warpSize) __DEF_IF_HOST
      |                                                                                                                                              ^~~~~~~~~~~~~
/usr/local/cuda/include/sm_30_intrinsics.h: In function 'long long int __shfl_up(long long int, unsigned int, int)':
/usr/local/cuda/include/sm_30_intrinsics.h:76:25: warning: no return statement in function returning non-void [-Wreturn-type]
   76 | #define __DEF_IF_HOST { }
      |                         ^
/usr/local/cuda/include/sm_30_intrinsics.h:171:155: note: in expansion of macro '__DEF_IF_HOST'
  171 | __SM_30_INTRINSICS_DECL__ __DEPRECATED__(__WSB_DEPRECATION_MESSAGE(__shfl_up)) long long __shfl_up(long long var, unsigned int delta, int width=warpSize) __DEF_IF_HOST
      |                                                                                                                                                           ^~~~~~~~~~~~~
/usr/local/cuda/include/sm_30_intrinsics.h: In function 'long long unsigned int __shfl_up(long long unsigned int, unsigned int, int)':
/usr/local/cuda/include/sm_30_intrinsics.h:76:25: warning: no return statement in function returning non-void [-Wreturn-type]
   76 | #define __DEF_IF_HOST { }
      |                         ^
/usr/local/cuda/include/sm_30_intrinsics.h:172:173: note: in expansion of macro '__DEF_IF_HOST'
  172 | __SM_30_INTRINSICS_DECL__ __DEPRECATED__(__WSB_DEPRECATION_MESSAGE(__shfl_up)) unsigned long long __shfl_up(unsigned long long var, unsigned int delta, int width=warpSize) __DEF_IF_HOST
      |                                                                                                                                                                             ^~~~~~~~~~~~~
/usr/local/cuda/include/sm_30_intrinsics.h: In function 'long long int __shfl_down(long long int, unsigned int, int)':
/usr/local/cuda/include/sm_30_intrinsics.h:76:25: warning: no return statement in function returning non-void [-Wreturn-type]
   76 | #define __DEF_IF_HOST { }
      |                         ^
/usr/local/cuda/include/sm_30_intrinsics.h:173:159: note: in expansion of macro '__DEF_IF_HOST'
  173 | __SM_30_INTRINSICS_DECL__ __DEPRECATED__(__WSB_DEPRECATION_MESSAGE(__shfl_down)) long long __shfl_down(long long var, unsigned int delta, int width=warpSize) __DEF_IF_HOST
      |                                                                                                                                                               ^~~~~~~~~~~~~
/usr/local/cuda/include/sm_30_intrinsics.h: In function 'long long unsigned int __shfl_down(long long unsigned int, unsigned int, int)':
/usr/local/cuda/include/sm_30_intrinsics.h:76:25: warning: no return statement in function returning non-void [-Wreturn-type]
   76 | #define __DEF_IF_HOST { }
      |                         ^
/usr/local/cuda/include/sm_30_intrinsics.h:174:177: note: in expansion of macro '__DEF_IF_HOST'
  174 | __SM_30_INTRINSICS_DECL__ __DEPRECATED__(__WSB_DEPRECATION_MESSAGE(__shfl_down)) unsigned long long __shfl_down(unsigned long long var, unsigned int delta, int width=warpSize) __DEF_IF_HOST
      |                                                                                                                                                                                 ^~~~~~~~~~~~~
/usr/local/cuda/include/sm_30_intrinsics.h: In function 'long long int __shfl_xor(long long int, int, int)':
/usr/local/cuda/include/sm_30_intrinsics.h:76:25: warning: no return statement in function returning non-void [-Wreturn-type]
   76 | #define __DEF_IF_HOST { }
      |                         ^
/usr/local/cuda/include/sm_30_intrinsics.h:175:151: note: in expansion of macro '__DEF_IF_HOST'
  175 | __SM_30_INTRINSICS_DECL__ __DEPRECATED__(__WSB_DEPRECATION_MESSAGE(__shfl_xor)) long long __shfl_xor(long long var, int laneMask, int width=warpSize) __DEF_IF_HOST
      |                                                                                                                                                       ^~~~~~~~~~~~~
/usr/local/cuda/include/sm_30_intrinsics.h: In function 'long long unsigned int __shfl_xor(long long unsigned int, int, int)':
/usr/local/cuda/include/sm_30_intrinsics.h:76:25: warning: no return statement in function returning non-void [-Wreturn-type]
   76 | #define __DEF_IF_HOST { }
      |                         ^
/usr/local/cuda/include/sm_30_intrinsics.h:176:169: note: in expansion of macro '__DEF_IF_HOST'
  176 | __SM_30_INTRINSICS_DECL__ __DEPRECATED__(__WSB_DEPRECATION_MESSAGE(__shfl_xor)) unsigned long long __shfl_xor(unsigned long long var, int laneMask, int width=warpSize) __DEF_IF_HOST
      |                                                                                                                                                                         ^~~~~~~~~~~~~
/usr/local/cuda/include/sm_30_intrinsics.h: In function 'double __shfl(double, int, int)':
/usr/local/cuda/include/sm_30_intrinsics.h:76:25: warning: no return statement in function returning non-void [-Wreturn-type]
   76 | #define __DEF_IF_HOST { }
      |                         ^
/usr/local/cuda/include/sm_30_intrinsics.h:177:136: note: in expansion of macro '__DEF_IF_HOST'
  177 | __SM_30_INTRINSICS_DECL__ __DEPRECATED__(__WSB_DEPRECATION_MESSAGE(__shfl)) double __shfl(double var, int srcLane, int width=warpSize) __DEF_IF_HOST
      |                                                                                                                                        ^~~~~~~~~~~~~
/usr/local/cuda/include/sm_30_intrinsics.h: In function 'double __shfl_up(double, unsigned int, int)':
/usr/local/cuda/include/sm_30_intrinsics.h:76:25: warning: no return statement in function returning non-void [-Wreturn-type]
   76 | #define __DEF_IF_HOST { }
      |                         ^
/usr/local/cuda/include/sm_30_intrinsics.h:178:149: note: in expansion of macro '__DEF_IF_HOST'
  178 | __SM_30_INTRINSICS_DECL__ __DEPRECATED__(__WSB_DEPRECATION_MESSAGE(__shfl_up)) double __shfl_up(double var, unsigned int delta, int width=warpSize) __DEF_IF_HOST
      |                                                                                                                                                     ^~~~~~~~~~~~~
/usr/local/cuda/include/sm_30_intrinsics.h: In function 'double __shfl_down(double, unsigned int, int)':
/usr/local/cuda/include/sm_30_intrinsics.h:76:25: warning: no return statement in function returning non-void [-Wreturn-type]
   76 | #define __DEF_IF_HOST { }
      |                         ^
/usr/local/cuda/include/sm_30_intrinsics.h:179:153: note: in expansion of macro '__DEF_IF_HOST'
  179 | __SM_30_INTRINSICS_DECL__ __DEPRECATED__(__WSB_DEPRECATION_MESSAGE(__shfl_down)) double __shfl_down(double var, unsigned int delta, int width=warpSize) __DEF_IF_HOST
      |                                                                                                                                                         ^~~~~~~~~~~~~
/usr/local/cuda/include/sm_30_intrinsics.h: In function 'double __shfl_xor(double, int, int)':
/usr/local/cuda/include/sm_30_intrinsics.h:76:25: warning: no return statement in function returning non-void [-Wreturn-type]
   76 | #define __DEF_IF_HOST { }
      |                         ^
/usr/local/cuda/include/sm_30_intrinsics.h:180:145: note: in expansion of macro '__DEF_IF_HOST'
  180 | __SM_30_INTRINSICS_DECL__ __DEPRECATED__(__WSB_DEPRECATION_MESSAGE(__shfl_xor)) double __shfl_xor(double var, int laneMask, int width=warpSize) __DEF_IF_HOST
      |                                                                                                                                                 ^~~~~~~~~~~~~
/usr/local/cuda/include/sm_30_intrinsics.h: In function 'long long int __shfl_sync(unsigned int, long long int, int, int)':
/usr/local/cuda/include/sm_30_intrinsics.h:76:25: warning: no return statement in function returning non-void [-Wreturn-type]
   76 | #define __DEF_IF_HOST { }
      |                         ^
/usr/local/cuda/include/sm_30_intrinsics.h:183:112: note: in expansion of macro '__DEF_IF_HOST'
  183 | __SM_30_INTRINSICS_DECL__ long long __shfl_sync(unsigned mask, long long var, int srcLane, int width=warpSize) __DEF_IF_HOST
      |                                                                                                                ^~~~~~~~~~~~~
/usr/local/cuda/include/sm_30_intrinsics.h: In function 'long long unsigned int __shfl_sync(unsigned int, long long unsigned int, int, int)':
/usr/local/cuda/include/sm_30_intrinsics.h:76:25: warning: no return statement in function returning non-void [-Wreturn-type]
   76 | #define __DEF_IF_HOST { }
      |                         ^
/usr/local/cuda/include/sm_30_intrinsics.h:184:130: note: in expansion of macro '__DEF_IF_HOST'
  184 | __SM_30_INTRINSICS_DECL__ unsigned long long __shfl_sync(unsigned mask, unsigned long long var, int srcLane, int width=warpSize) __DEF_IF_HOST
      |                                                                                                                                  ^~~~~~~~~~~~~
/usr/local/cuda/include/sm_30_intrinsics.h: In function 'long long int __shfl_up_sync(unsigned int, long long int, unsigned int, int)':
/usr/local/cuda/include/sm_30_intrinsics.h:76:25: warning: no return statement in function returning non-void [-Wreturn-type]
   76 | #define __DEF_IF_HOST { }
      |                         ^
/usr/local/cuda/include/sm_30_intrinsics.h:185:122: note: in expansion of macro '__DEF_IF_HOST'
  185 | __SM_30_INTRINSICS_DECL__ long long __shfl_up_sync(unsigned mask, long long var, unsigned int delta, int width=warpSize) __DEF_IF_HOST
      |                                                                                                                          ^~~~~~~~~~~~~
/usr/local/cuda/include/sm_30_intrinsics.h: In function 'long long unsigned int __shfl_up_sync(unsigned int, long long unsigned int, unsigned int, int)':
/usr/local/cuda/include/sm_30_intrinsics.h:76:25: warning: no return statement in function returning non-void [-Wreturn-type]
   76 | #define __DEF_IF_HOST { }
      |                         ^
/usr/local/cuda/include/sm_30_intrinsics.h:186:140: note: in expansion of macro '__DEF_IF_HOST'
  186 | __SM_30_INTRINSICS_DECL__ unsigned long long __shfl_up_sync(unsigned mask, unsigned long long var, unsigned int delta, int width=warpSize) __DEF_IF_HOST
      |                                                                                                                                            ^~~~~~~~~~~~~
/usr/local/cuda/include/sm_30_intrinsics.h: In function 'long long int __shfl_down_sync(unsigned int, long long int, unsigned int, int)':
/usr/local/cuda/include/sm_30_intrinsics.h:76:25: warning: no return statement in function returning non-void [-Wreturn-type]
   76 | #define __DEF_IF_HOST { }
      |                         ^
/usr/local/cuda/include/sm_30_intrinsics.h:187:124: note: in expansion of macro '__DEF_IF_HOST'
  187 | __SM_30_INTRINSICS_DECL__ long long __shfl_down_sync(unsigned mask, long long var, unsigned int delta, int width=warpSize) __DEF_IF_HOST
      |                                                                                                                            ^~~~~~~~~~~~~
/usr/local/cuda/include/sm_30_intrinsics.h: In function 'long long unsigned int __shfl_down_sync(unsigned int, long long unsigned int, unsigned int, int)':
/usr/local/cuda/include/sm_30_intrinsics.h:76:25: warning: no return statement in function returning non-void [-Wreturn-type]
   76 | #define __DEF_IF_HOST { }
      |                         ^
/usr/local/cuda/include/sm_30_intrinsics.h:188:142: note: in expansion of macro '__DEF_IF_HOST'
  188 | __SM_30_INTRINSICS_DECL__ unsigned long long __shfl_down_sync(unsigned mask, unsigned long long var, unsigned int delta, int width=warpSize) __DEF_IF_HOST
      |                                                                                                                                              ^~~~~~~~~~~~~
/usr/local/cuda/include/sm_30_intrinsics.h: In function 'long long int __shfl_xor_sync(unsigned int, long long int, int, int)':
/usr/local/cuda/include/sm_30_intrinsics.h:76:25: warning: no return statement in function returning non-void [-Wreturn-type]
   76 | #define __DEF_IF_HOST { }
      |                         ^
/usr/local/cuda/include/sm_30_intrinsics.h:189:117: note: in expansion of macro '__DEF_IF_HOST'
  189 | __SM_30_INTRINSICS_DECL__ long long __shfl_xor_sync(unsigned mask, long long var, int laneMask, int width=warpSize) __DEF_IF_HOST
      |                                                                                                                     ^~~~~~~~~~~~~
/usr/local/cuda/include/sm_30_intrinsics.h: In function 'long long unsigned int __shfl_xor_sync(unsigned int, long long unsigned int, int, int)':
/usr/local/cuda/include/sm_30_intrinsics.h:76:25: warning: no return statement in function returning non-void [-Wreturn-type]
   76 | #define __DEF_IF_HOST { }
      |                         ^
/usr/local/cuda/include/sm_30_intrinsics.h:190:135: note: in expansion of macro '__DEF_IF_HOST'
  190 | __SM_30_INTRINSICS_DECL__ unsigned long long __shfl_xor_sync(unsigned mask, unsigned long long var, int laneMask, int width=warpSize) __DEF_IF_HOST
      |                                                                                                                                       ^~~~~~~~~~~~~
/usr/local/cuda/include/sm_30_intrinsics.h: In function 'double __shfl_sync(unsigned int, double, int, int)':
/usr/local/cuda/include/sm_30_intrinsics.h:76:25: warning: no return statement in function returning non-void [-Wreturn-type]
   76 | #define __DEF_IF_HOST { }
      |                         ^
/usr/local/cuda/include/sm_30_intrinsics.h:191:106: note: in expansion of macro '__DEF_IF_HOST'
  191 | __SM_30_INTRINSICS_DECL__ double __shfl_sync(unsigned mask, double var, int srcLane, int width=warpSize) __DEF_IF_HOST
      |                                                                                                          ^~~~~~~~~~~~~
/usr/local/cuda/include/sm_30_intrinsics.h: In function 'double __shfl_up_sync(unsigned int, double, unsigned int, int)':
/usr/local/cuda/include/sm_30_intrinsics.h:76:25: warning: no return statement in function returning non-void [-Wreturn-type]
   76 | #define __DEF_IF_HOST { }
      |                         ^
/usr/local/cuda/include/sm_30_intrinsics.h:192:116: note: in expansion of macro '__DEF_IF_HOST'
  192 | __SM_30_INTRINSICS_DECL__ double __shfl_up_sync(unsigned mask, double var, unsigned int delta, int width=warpSize) __DEF_IF_HOST
      |                                                                                                                    ^~~~~~~~~~~~~
/usr/local/cuda/include/sm_30_intrinsics.h: In function 'double __shfl_down_sync(unsigned int, double, unsigned int, int)':
/usr/local/cuda/include/sm_30_intrinsics.h:76:25: warning: no return statement in function returning non-void [-Wreturn-type]
   76 | #define __DEF_IF_HOST { }
      |                         ^
/usr/local/cuda/include/sm_30_intrinsics.h:193:118: note: in expansion of macro '__DEF_IF_HOST'
  193 | __SM_30_INTRINSICS_DECL__ double __shfl_down_sync(unsigned mask, double var, unsigned int delta, int width=warpSize) __DEF_IF_HOST
      |                                                                                                                      ^~~~~~~~~~~~~
/usr/local/cuda/include/sm_30_intrinsics.h: In function 'double __shfl_xor_sync(unsigned int, double, int, int)':
/usr/local/cuda/include/sm_30_intrinsics.h:76:25: warning: no return statement in function returning non-void [-Wreturn-type]
   76 | #define __DEF_IF_HOST { }
      |                         ^
/usr/local/cuda/include/sm_30_intrinsics.h:194:111: note: in expansion of macro '__DEF_IF_HOST'
  194 | __SM_30_INTRINSICS_DECL__ double __shfl_xor_sync(unsigned mask, double var, int laneMask, int width=warpSize) __DEF_IF_HOST
      |                                                                                                               ^~~~~~~~~~~~~
/usr/local/cuda/include/sm_30_intrinsics.h: In function 'long int __shfl(long int, int, int)':
/usr/local/cuda/include/sm_30_intrinsics.h:76:25: warning: no return statement in function returning non-void [-Wreturn-type]
   76 | #define __DEF_IF_HOST { }
      |                         ^
/usr/local/cuda/include/sm_30_intrinsics.h:198:132: note: in expansion of macro '__DEF_IF_HOST'
  198 | __SM_30_INTRINSICS_DECL__ __DEPRECATED__(__WSB_DEPRECATION_MESSAGE(__shfl)) long __shfl(long var, int srcLane, int width=warpSize) __DEF_IF_HOST
      |                                                                                                                                    ^~~~~~~~~~~~~
/usr/local/cuda/include/sm_30_intrinsics.h: In function 'long unsigned int __shfl(long unsigned int, int, int)':
/usr/local/cuda/include/sm_30_intrinsics.h:76:25: warning: no return statement in function returning non-void [-Wreturn-type]
   76 | #define __DEF_IF_HOST { }
      |                         ^
/usr/local/cuda/include/sm_30_intrinsics.h:199:150: note: in expansion of macro '__DEF_IF_HOST'
  199 | __SM_30_INTRINSICS_DECL__ __DEPRECATED__(__WSB_DEPRECATION_MESSAGE(__shfl)) unsigned long __shfl(unsigned long var, int srcLane, int width=warpSize) __DEF_IF_HOST
      |                                                                                                                                                      ^~~~~~~~~~~~~
/usr/local/cuda/include/sm_30_intrinsics.h: In function 'long int __shfl_up(long int, unsigned int, int)':
/usr/local/cuda/include/sm_30_intrinsics.h:76:25: warning: no return statement in function returning non-void [-Wreturn-type]
   76 | #define __DEF_IF_HOST { }
      |                         ^
/usr/local/cuda/include/sm_30_intrinsics.h:200:145: note: in expansion of macro '__DEF_IF_HOST'
  200 | __SM_30_INTRINSICS_DECL__ __DEPRECATED__(__WSB_DEPRECATION_MESSAGE(__shfl_up)) long __shfl_up(long var, unsigned int delta, int width=warpSize) __DEF_IF_HOST
      |                                                                                                                                                 ^~~~~~~~~~~~~
/usr/local/cuda/include/sm_30_intrinsics.h: In function 'long unsigned int __shfl_up(long unsigned int, unsigned int, int)':
/usr/local/cuda/include/sm_30_intrinsics.h:76:25: warning: no return statement in function returning non-void [-Wreturn-type]
   76 | #define __DEF_IF_HOST { }
      |                         ^
/usr/local/cuda/include/sm_30_intrinsics.h:201:163: note: in expansion of macro '__DEF_IF_HOST'
  201 | __SM_30_INTRINSICS_DECL__ __DEPRECATED__(__WSB_DEPRECATION_MESSAGE(__shfl_up)) unsigned long __shfl_up(unsigned long var, unsigned int delta, int width=warpSize) __DEF_IF_HOST
      |                                                                                                                                                                   ^~~~~~~~~~~~~
/usr/local/cuda/include/sm_30_intrinsics.h: In function 'long int __shfl_down(long int, unsigned int, int)':
/usr/local/cuda/include/sm_30_intrinsics.h:76:25: warning: no return statement in function returning non-void [-Wreturn-type]
   76 | #define __DEF_IF_HOST { }
      |                         ^
/usr/local/cuda/include/sm_30_intrinsics.h:202:149: note: in expansion of macro '__DEF_IF_HOST'
  202 | __SM_30_INTRINSICS_DECL__ __DEPRECATED__(__WSB_DEPRECATION_MESSAGE(__shfl_down)) long __shfl_down(long var, unsigned int delta, int width=warpSize) __DEF_IF_HOST
      |                                                                                                                                                     ^~~~~~~~~~~~~
/usr/local/cuda/include/sm_30_intrinsics.h: In function 'long unsigned int __shfl_down(long unsigned int, unsigned int, int)':
/usr/local/cuda/include/sm_30_intrinsics.h:76:25: warning: no return statement in function returning non-void [-Wreturn-type]
   76 | #define __DEF_IF_HOST { }
      |                         ^
/usr/local/cuda/include/sm_30_intrinsics.h:203:167: note: in expansion of macro '__DEF_IF_HOST'
  203 | __SM_30_INTRINSICS_DECL__ __DEPRECATED__(__WSB_DEPRECATION_MESSAGE(__shfl_down)) unsigned long __shfl_down(unsigned long var, unsigned int delta, int width=warpSize) __DEF_IF_HOST
      |                                                                                                                                                                       ^~~~~~~~~~~~~
/usr/local/cuda/include/sm_30_intrinsics.h: In function 'long int __shfl_xor(long int, int, int)':
/usr/local/cuda/include/sm_30_intrinsics.h:76:25: warning: no return statement in function returning non-void [-Wreturn-type]
   76 | #define __DEF_IF_HOST { }
      |                         ^
/usr/local/cuda/include/sm_30_intrinsics.h:204:141: note: in expansion of macro '__DEF_IF_HOST'
  204 | __SM_30_INTRINSICS_DECL__ __DEPRECATED__(__WSB_DEPRECATION_MESSAGE(__shfl_xor)) long __shfl_xor(long var, int laneMask, int width=warpSize) __DEF_IF_HOST
      |                                                                                                                                             ^~~~~~~~~~~~~
/usr/local/cuda/include/sm_30_intrinsics.h: In function 'long unsigned int __shfl_xor(long unsigned int, int, int)':
/usr/local/cuda/include/sm_30_intrinsics.h:76:25: warning: no return statement in function returning non-void [-Wreturn-type]
   76 | #define __DEF_IF_HOST { }
      |                         ^
/usr/local/cuda/include/sm_30_intrinsics.h:205:159: note: in expansion of macro '__DEF_IF_HOST'
  205 | __SM_30_INTRINSICS_DECL__ __DEPRECATED__(__WSB_DEPRECATION_MESSAGE(__shfl_xor)) unsigned long __shfl_xor(unsigned long var, int laneMask, int width=warpSize) __DEF_IF_HOST
      |                                                                                                                                                               ^~~~~~~~~~~~~
/usr/local/cuda/include/sm_30_intrinsics.h: In function 'long int __shfl_sync(unsigned int, long int, int, int)':
/usr/local/cuda/include/sm_30_intrinsics.h:76:25: warning: no return statement in function returning non-void [-Wreturn-type]
   76 | #define __DEF_IF_HOST { }
      |                         ^
/usr/local/cuda/include/sm_30_intrinsics.h:208:102: note: in expansion of macro '__DEF_IF_HOST'
  208 | __SM_30_INTRINSICS_DECL__ long __shfl_sync(unsigned mask, long var, int srcLane, int width=warpSize) __DEF_IF_HOST
      |                                                                                                      ^~~~~~~~~~~~~
/usr/local/cuda/include/sm_30_intrinsics.h: In function 'long unsigned int __shfl_sync(unsigned int, long unsigned int, int, int)':
/usr/local/cuda/include/sm_30_intrinsics.h:76:25: warning: no return statement in function returning non-void [-Wreturn-type]
   76 | #define __DEF_IF_HOST { }
      |                         ^
/usr/local/cuda/include/sm_30_intrinsics.h:209:120: note: in expansion of macro '__DEF_IF_HOST'
  209 | __SM_30_INTRINSICS_DECL__ unsigned long __shfl_sync(unsigned mask, unsigned long var, int srcLane, int width=warpSize) __DEF_IF_HOST
      |                                                                                                                        ^~~~~~~~~~~~~
/usr/local/cuda/include/sm_30_intrinsics.h: In function 'long int __shfl_up_sync(unsigned int, long int, unsigned int, int)':
/usr/local/cuda/include/sm_30_intrinsics.h:76:25: warning: no return statement in function returning non-void [-Wreturn-type]
   76 | #define __DEF_IF_HOST { }
      |                         ^
/usr/local/cuda/include/sm_30_intrinsics.h:210:112: note: in expansion of macro '__DEF_IF_HOST'
  210 | __SM_30_INTRINSICS_DECL__ long __shfl_up_sync(unsigned mask, long var, unsigned int delta, int width=warpSize) __DEF_IF_HOST
      |                                                                                                                ^~~~~~~~~~~~~
/usr/local/cuda/include/sm_30_intrinsics.h: In function 'long unsigned int __shfl_up_sync(unsigned int, long unsigned int, unsigned int, int)':
/usr/local/cuda/include/sm_30_intrinsics.h:76:25: warning: no return statement in function returning non-void [-Wreturn-type]
   76 | #define __DEF_IF_HOST { }
      |                         ^
/usr/local/cuda/include/sm_30_intrinsics.h:211:130: note: in expansion of macro '__DEF_IF_HOST'
  211 | __SM_30_INTRINSICS_DECL__ unsigned long __shfl_up_sync(unsigned mask, unsigned long var, unsigned int delta, int width=warpSize) __DEF_IF_HOST
      |                                                                                                                                  ^~~~~~~~~~~~~
/usr/local/cuda/include/sm_30_intrinsics.h: In function 'long int __shfl_down_sync(unsigned int, long int, unsigned int, int)':
/usr/local/cuda/include/sm_30_intrinsics.h:76:25: warning: no return statement in function returning non-void [-Wreturn-type]
   76 | #define __DEF_IF_HOST { }
      |                         ^
/usr/local/cuda/include/sm_30_intrinsics.h:212:114: note: in expansion of macro '__DEF_IF_HOST'
  212 | __SM_30_INTRINSICS_DECL__ long __shfl_down_sync(unsigned mask, long var, unsigned int delta, int width=warpSize) __DEF_IF_HOST
      |                                                                                                                  ^~~~~~~~~~~~~
/usr/local/cuda/include/sm_30_intrinsics.h: In function 'long unsigned int __shfl_down_sync(unsigned int, long unsigned int, unsigned int, int)':
/usr/local/cuda/include/sm_30_intrinsics.h:76:25: warning: no return statement in function returning non-void [-Wreturn-type]
   76 | #define __DEF_IF_HOST { }
      |                         ^
/usr/local/cuda/include/sm_30_intrinsics.h:213:132: note: in expansion of macro '__DEF_IF_HOST'
  213 | __SM_30_INTRINSICS_DECL__ unsigned long __shfl_down_sync(unsigned mask, unsigned long var, unsigned int delta, int width=warpSize) __DEF_IF_HOST
      |                                                                                                                                    ^~~~~~~~~~~~~
/usr/local/cuda/include/sm_30_intrinsics.h: In function 'long int __shfl_xor_sync(unsigned int, long int, int, int)':
/usr/local/cuda/include/sm_30_intrinsics.h:76:25: warning: no return statement in function returning non-void [-Wreturn-type]
   76 | #define __DEF_IF_HOST { }
      |                         ^
/usr/local/cuda/include/sm_30_intrinsics.h:214:107: note: in expansion of macro '__DEF_IF_HOST'
  214 | __SM_30_INTRINSICS_DECL__ long __shfl_xor_sync(unsigned mask, long var, int laneMask, int width=warpSize) __DEF_IF_HOST
      |                                                                                                           ^~~~~~~~~~~~~
/usr/local/cuda/include/sm_30_intrinsics.h: In function 'long unsigned int __shfl_xor_sync(unsigned int, long unsigned int, int, int)':
/usr/local/cuda/include/sm_30_intrinsics.h:76:25: warning: no return statement in function returning non-void [-Wreturn-type]
   76 | #define __DEF_IF_HOST { }
      |                         ^
/usr/local/cuda/include/sm_30_intrinsics.h:215:125: note: in expansion of macro '__DEF_IF_HOST'
  215 | __SM_30_INTRINSICS_DECL__ unsigned long __shfl_xor_sync(unsigned mask, unsigned long var, int laneMask, int width=warpSize) __DEF_IF_HOST
      |                                                                                                                             ^~~~~~~~~~~~~
In file included from /usr/local/cuda/include/crt/device_functions.h:3623,
                 from /home/GVirtuS/GVirtuS/plugins/cudart/backend/CudaRtHandler.h:71,
                 from /home/GVirtuS/GVirtuS/plugins/cudart/backend/CudaRtHandler_device.cpp:26:
/usr/local/cuda/include/sm_32_intrinsics.h: In function 'long int __ldg(const long int*)':
/usr/local/cuda/include/sm_32_intrinsics.h:74:25: warning: no return statement in function returning non-void [-Wreturn-type]
   74 | #define __DEF_IF_HOST { }
      |                         ^
/usr/local/cuda/include/sm_32_intrinsics.h:87:55: note: in expansion of macro '__DEF_IF_HOST'
   87 | __SM_32_INTRINSICS_DECL__ long __ldg(const long *ptr) __DEF_IF_HOST
      |                                                       ^~~~~~~~~~~~~
/usr/local/cuda/include/sm_32_intrinsics.h: In function 'long unsigned int __ldg(const long unsigned int*)':
/usr/local/cuda/include/sm_32_intrinsics.h:74:25: warning: no return statement in function returning non-void [-Wreturn-type]
   74 | #define __DEF_IF_HOST { }
      |                         ^
/usr/local/cuda/include/sm_32_intrinsics.h:88:73: note: in expansion of macro '__DEF_IF_HOST'
   88 | __SM_32_INTRINSICS_DECL__ unsigned long __ldg(const unsigned long *ptr) __DEF_IF_HOST
      |                                                                         ^~~~~~~~~~~~~
/usr/local/cuda/include/sm_32_intrinsics.h: In function 'char __ldg(const char*)':
/usr/local/cuda/include/sm_32_intrinsics.h:74:25: warning: no return statement in function returning non-void [-Wreturn-type]
   74 | #define __DEF_IF_HOST { }
      |                         ^
/usr/local/cuda/include/sm_32_intrinsics.h:90:55: note: in expansion of macro '__DEF_IF_HOST'
   90 | __SM_32_INTRINSICS_DECL__ char __ldg(const char *ptr) __DEF_IF_HOST
      |                                                       ^~~~~~~~~~~~~
/usr/local/cuda/include/sm_32_intrinsics.h: In function 'signed char __ldg(const signed char*)':
/usr/local/cuda/include/sm_32_intrinsics.h:74:25: warning: no return statement in function returning non-void [-Wreturn-type]
   74 | #define __DEF_IF_HOST { }
      |                         ^
/usr/local/cuda/include/sm_32_intrinsics.h:91:69: note: in expansion of macro '__DEF_IF_HOST'
   91 | __SM_32_INTRINSICS_DECL__ signed char __ldg(const signed char *ptr) __DEF_IF_HOST
      |                                                                     ^~~~~~~~~~~~~
/usr/local/cuda/include/sm_32_intrinsics.h: In function 'short int __ldg(const short int*)':
/usr/local/cuda/include/sm_32_intrinsics.h:74:25: warning: no return statement in function returning non-void [-Wreturn-type]
   74 | #define __DEF_IF_HOST { }
      |                         ^
/usr/local/cuda/include/sm_32_intrinsics.h:92:57: note: in expansion of macro '__DEF_IF_HOST'
   92 | __SM_32_INTRINSICS_DECL__ short __ldg(const short *ptr) __DEF_IF_HOST
      |                                                         ^~~~~~~~~~~~~
/usr/local/cuda/include/sm_32_intrinsics.h: In function 'int __ldg(const int*)':
/usr/local/cuda/include/sm_32_intrinsics.h:74:25: warning: no return statement in function returning non-void [-Wreturn-type]
   74 | #define __DEF_IF_HOST { }
      |                         ^
/usr/local/cuda/include/sm_32_intrinsics.h:93:53: note: in expansion of macro '__DEF_IF_HOST'
   93 | __SM_32_INTRINSICS_DECL__ int __ldg(const int *ptr) __DEF_IF_HOST
      |                                                     ^~~~~~~~~~~~~
/usr/local/cuda/include/sm_32_intrinsics.h: In function 'long long int __ldg(const long long int*)':
/usr/local/cuda/include/sm_32_intrinsics.h:74:25: warning: no return statement in function returning non-void [-Wreturn-type]
   74 | #define __DEF_IF_HOST { }
      |                         ^
/usr/local/cuda/include/sm_32_intrinsics.h:94:65: note: in expansion of macro '__DEF_IF_HOST'
   94 | __SM_32_INTRINSICS_DECL__ long long __ldg(const long long *ptr) __DEF_IF_HOST
      |                                                                 ^~~~~~~~~~~~~
/usr/local/cuda/include/sm_32_intrinsics.h: In function 'char2 __ldg(const char2*)':
/usr/local/cuda/include/sm_32_intrinsics.h:74:25: warning: no return statement in function returning non-void [-Wreturn-type]
   74 | #define __DEF_IF_HOST { }
      |                         ^
/usr/local/cuda/include/sm_32_intrinsics.h:95:57: note: in expansion of macro '__DEF_IF_HOST'
   95 | __SM_32_INTRINSICS_DECL__ char2 __ldg(const char2 *ptr) __DEF_IF_HOST
      |                                                         ^~~~~~~~~~~~~
/usr/local/cuda/include/sm_32_intrinsics.h: In function 'char4 __ldg(const char4*)':
/usr/local/cuda/include/sm_32_intrinsics.h:74:25: warning: no return statement in function returning non-void [-Wreturn-type]
   74 | #define __DEF_IF_HOST { }
      |                         ^
/usr/local/cuda/include/sm_32_intrinsics.h:96:57: note: in expansion of macro '__DEF_IF_HOST'
   96 | __SM_32_INTRINSICS_DECL__ char4 __ldg(const char4 *ptr) __DEF_IF_HOST
      |                                                         ^~~~~~~~~~~~~
/usr/local/cuda/include/sm_32_intrinsics.h: In function 'short2 __ldg(const short2*)':
/usr/local/cuda/include/sm_32_intrinsics.h:74:25: warning: no return statement in function returning non-void [-Wreturn-type]
   74 | #define __DEF_IF_HOST { }
      |                         ^
/usr/local/cuda/include/sm_32_intrinsics.h:97:59: note: in expansion of macro '__DEF_IF_HOST'
   97 | __SM_32_INTRINSICS_DECL__ short2 __ldg(const short2 *ptr) __DEF_IF_HOST
      |                                                           ^~~~~~~~~~~~~
/usr/local/cuda/include/sm_32_intrinsics.h: In function 'short4 __ldg(const short4*)':
/usr/local/cuda/include/sm_32_intrinsics.h:74:25: warning: no return statement in function returning non-void [-Wreturn-type]
   74 | #define __DEF_IF_HOST { }
      |                         ^
/usr/local/cuda/include/sm_32_intrinsics.h:98:59: note: in expansion of macro '__DEF_IF_HOST'
   98 | __SM_32_INTRINSICS_DECL__ short4 __ldg(const short4 *ptr) __DEF_IF_HOST
      |                                                           ^~~~~~~~~~~~~
/usr/local/cuda/include/sm_32_intrinsics.h: In function 'int2 __ldg(const int2*)':
/usr/local/cuda/include/sm_32_intrinsics.h:74:25: warning: no return statement in function returning non-void [-Wreturn-type]
   74 | #define __DEF_IF_HOST { }
      |                         ^
/usr/local/cuda/include/sm_32_intrinsics.h:99:55: note: in expansion of macro '__DEF_IF_HOST'
   99 | __SM_32_INTRINSICS_DECL__ int2 __ldg(const int2 *ptr) __DEF_IF_HOST
      |                                                       ^~~~~~~~~~~~~
/usr/local/cuda/include/sm_32_intrinsics.h: In function 'int4 __ldg(const int4*)':
/usr/local/cuda/include/sm_32_intrinsics.h:74:25: warning: no return statement in function returning non-void [-Wreturn-type]
   74 | #define __DEF_IF_HOST { }
      |                         ^
/usr/local/cuda/include/sm_32_intrinsics.h:100:55: note: in expansion of macro '__DEF_IF_HOST'
  100 | __SM_32_INTRINSICS_DECL__ int4 __ldg(const int4 *ptr) __DEF_IF_HOST
      |                                                       ^~~~~~~~~~~~~
/usr/local/cuda/include/sm_32_intrinsics.h: In function 'longlong2 __ldg(const longlong2*)':
/usr/local/cuda/include/sm_32_intrinsics.h:74:25: warning: no return statement in function returning non-void [-Wreturn-type]
   74 | #define __DEF_IF_HOST { }
      |                         ^
/usr/local/cuda/include/sm_32_intrinsics.h:101:65: note: in expansion of macro '__DEF_IF_HOST'
  101 | __SM_32_INTRINSICS_DECL__ longlong2 __ldg(const longlong2 *ptr) __DEF_IF_HOST
      |                                                                 ^~~~~~~~~~~~~
/usr/local/cuda/include/sm_32_intrinsics.h: In function 'unsigned char __ldg(const unsigned char*)':
/usr/local/cuda/include/sm_32_intrinsics.h:74:25: warning: no return statement in function returning non-void [-Wreturn-type]
   74 | #define __DEF_IF_HOST { }
      |                         ^
/usr/local/cuda/include/sm_32_intrinsics.h:103:73: note: in expansion of macro '__DEF_IF_HOST'
  103 | __SM_32_INTRINSICS_DECL__ unsigned char __ldg(const unsigned char *ptr) __DEF_IF_HOST
      |                                                                         ^~~~~~~~~~~~~
/usr/local/cuda/include/sm_32_intrinsics.h: In function 'short unsigned int __ldg(const short unsigned int*)':
/usr/local/cuda/include/sm_32_intrinsics.h:74:25: warning: no return statement in function returning non-void [-Wreturn-type]
   74 | #define __DEF_IF_HOST { }
      |                         ^
/usr/local/cuda/include/sm_32_intrinsics.h:104:75: note: in expansion of macro '__DEF_IF_HOST'
  104 | __SM_32_INTRINSICS_DECL__ unsigned short __ldg(const unsigned short *ptr) __DEF_IF_HOST
      |                                                                           ^~~~~~~~~~~~~
/usr/local/cuda/include/sm_32_intrinsics.h: In function 'unsigned int __ldg(const unsigned int*)':
/usr/local/cuda/include/sm_32_intrinsics.h:74:25: warning: no return statement in function returning non-void [-Wreturn-type]
   74 | #define __DEF_IF_HOST { }
      |                         ^
/usr/local/cuda/include/sm_32_intrinsics.h:105:71: note: in expansion of macro '__DEF_IF_HOST'
  105 | __SM_32_INTRINSICS_DECL__ unsigned int __ldg(const unsigned int *ptr) __DEF_IF_HOST
      |                                                                       ^~~~~~~~~~~~~
/usr/local/cuda/include/sm_32_intrinsics.h: In function 'long long unsigned int __ldg(const long long unsigned int*)':
/usr/local/cuda/include/sm_32_intrinsics.h:74:25: warning: no return statement in function returning non-void [-Wreturn-type]
   74 | #define __DEF_IF_HOST { }
      |                         ^
/usr/local/cuda/include/sm_32_intrinsics.h:106:83: note: in expansion of macro '__DEF_IF_HOST'
  106 | __SM_32_INTRINSICS_DECL__ unsigned long long __ldg(const unsigned long long *ptr) __DEF_IF_HOST
      |                                                                                   ^~~~~~~~~~~~~
/usr/local/cuda/include/sm_32_intrinsics.h: In function 'uchar2 __ldg(const uchar2*)':
/usr/local/cuda/include/sm_32_intrinsics.h:74:25: warning: no return statement in function returning non-void [-Wreturn-type]
   74 | #define __DEF_IF_HOST { }
      |                         ^
/usr/local/cuda/include/sm_32_intrinsics.h:107:59: note: in expansion of macro '__DEF_IF_HOST'
  107 | __SM_32_INTRINSICS_DECL__ uchar2 __ldg(const uchar2 *ptr) __DEF_IF_HOST
      |                                                           ^~~~~~~~~~~~~
/usr/local/cuda/include/sm_32_intrinsics.h: In function 'uchar4 __ldg(const uchar4*)':
/usr/local/cuda/include/sm_32_intrinsics.h:74:25: warning: no return statement in function returning non-void [-Wreturn-type]
   74 | #define __DEF_IF_HOST { }
      |                         ^
/usr/local/cuda/include/sm_32_intrinsics.h:108:59: note: in expansion of macro '__DEF_IF_HOST'
  108 | __SM_32_INTRINSICS_DECL__ uchar4 __ldg(const uchar4 *ptr) __DEF_IF_HOST
      |                                                           ^~~~~~~~~~~~~
/usr/local/cuda/include/sm_32_intrinsics.h: In function 'ushort2 __ldg(const ushort2*)':
/usr/local/cuda/include/sm_32_intrinsics.h:74:25: warning: no return statement in function returning non-void [-Wreturn-type]
   74 | #define __DEF_IF_HOST { }
      |                         ^
/usr/local/cuda/include/sm_32_intrinsics.h:109:61: note: in expansion of macro '__DEF_IF_HOST'
  109 | __SM_32_INTRINSICS_DECL__ ushort2 __ldg(const ushort2 *ptr) __DEF_IF_HOST
      |                                                             ^~~~~~~~~~~~~
/usr/local/cuda/include/sm_32_intrinsics.h: In function 'ushort4 __ldg(const ushort4*)':
/usr/local/cuda/include/sm_32_intrinsics.h:74:25: warning: no return statement in function returning non-void [-Wreturn-type]
   74 | #define __DEF_IF_HOST { }
      |                         ^
/usr/local/cuda/include/sm_32_intrinsics.h:110:61: note: in expansion of macro '__DEF_IF_HOST'
  110 | __SM_32_INTRINSICS_DECL__ ushort4 __ldg(const ushort4 *ptr) __DEF_IF_HOST
      |                                                             ^~~~~~~~~~~~~
/usr/local/cuda/include/sm_32_intrinsics.h: In function 'uint2 __ldg(const uint2*)':
/usr/local/cuda/include/sm_32_intrinsics.h:74:25: warning: no return statement in function returning non-void [-Wreturn-type]
   74 | #define __DEF_IF_HOST { }
      |                         ^
/usr/local/cuda/include/sm_32_intrinsics.h:111:57: note: in expansion of macro '__DEF_IF_HOST'
  111 | __SM_32_INTRINSICS_DECL__ uint2 __ldg(const uint2 *ptr) __DEF_IF_HOST
      |                                                         ^~~~~~~~~~~~~
/usr/local/cuda/include/sm_32_intrinsics.h: In function 'uint4 __ldg(const uint4*)':
/usr/local/cuda/include/sm_32_intrinsics.h:74:25: warning: no return statement in function returning non-void [-Wreturn-type]
   74 | #define __DEF_IF_HOST { }
      |                         ^
/usr/local/cuda/include/sm_32_intrinsics.h:112:57: note: in expansion of macro '__DEF_IF_HOST'
  112 | __SM_32_INTRINSICS_DECL__ uint4 __ldg(const uint4 *ptr) __DEF_IF_HOST
      |                                                         ^~~~~~~~~~~~~
/usr/local/cuda/include/sm_32_intrinsics.h: In function 'ulonglong2 __ldg(const ulonglong2*)':
/usr/local/cuda/include/sm_32_intrinsics.h:74:25: warning: no return statement in function returning non-void [-Wreturn-type]
   74 | #define __DEF_IF_HOST { }
      |                         ^
/usr/local/cuda/include/sm_32_intrinsics.h:113:67: note: in expansion of macro '__DEF_IF_HOST'
  113 | __SM_32_INTRINSICS_DECL__ ulonglong2 __ldg(const ulonglong2 *ptr) __DEF_IF_HOST
      |                                                                   ^~~~~~~~~~~~~
/usr/local/cuda/include/sm_32_intrinsics.h: In function 'float __ldg(const float*)':
/usr/local/cuda/include/sm_32_intrinsics.h:74:25: warning: no return statement in function returning non-void [-Wreturn-type]
   74 | #define __DEF_IF_HOST { }
      |                         ^
/usr/local/cuda/include/sm_32_intrinsics.h:115:57: note: in expansion of macro '__DEF_IF_HOST'
  115 | __SM_32_INTRINSICS_DECL__ float __ldg(const float *ptr) __DEF_IF_HOST
      |                                                         ^~~~~~~~~~~~~
/usr/local/cuda/include/sm_32_intrinsics.h: In function 'double __ldg(const double*)':
/usr/local/cuda/include/sm_32_intrinsics.h:74:25: warning: no return statement in function returning non-void [-Wreturn-type]
   74 | #define __DEF_IF_HOST { }
      |                         ^
/usr/local/cuda/include/sm_32_intrinsics.h:116:59: note: in expansion of macro '__DEF_IF_HOST'
  116 | __SM_32_INTRINSICS_DECL__ double __ldg(const double *ptr) __DEF_IF_HOST
      |                                                           ^~~~~~~~~~~~~
/usr/local/cuda/include/sm_32_intrinsics.h: In function 'float2 __ldg(const float2*)':
/usr/local/cuda/include/sm_32_intrinsics.h:74:25: warning: no return statement in function returning non-void [-Wreturn-type]
   74 | #define __DEF_IF_HOST { }
      |                         ^
/usr/local/cuda/include/sm_32_intrinsics.h:117:59: note: in expansion of macro '__DEF_IF_HOST'
  117 | __SM_32_INTRINSICS_DECL__ float2 __ldg(const float2 *ptr) __DEF_IF_HOST
      |                                                           ^~~~~~~~~~~~~
/usr/local/cuda/include/sm_32_intrinsics.h: In function 'float4 __ldg(const float4*)':
/usr/local/cuda/include/sm_32_intrinsics.h:74:25: warning: no return statement in function returning non-void [-Wreturn-type]
   74 | #define __DEF_IF_HOST { }
      |                         ^
/usr/local/cuda/include/sm_32_intrinsics.h:118:59: note: in expansion of macro '__DEF_IF_HOST'
  118 | __SM_32_INTRINSICS_DECL__ float4 __ldg(const float4 *ptr) __DEF_IF_HOST
      |                                                           ^~~~~~~~~~~~~
/usr/local/cuda/include/sm_32_intrinsics.h: In function 'double2 __ldg(const double2*)':
/usr/local/cuda/include/sm_32_intrinsics.h:74:25: warning: no return statement in function returning non-void [-Wreturn-type]
   74 | #define __DEF_IF_HOST { }
      |                         ^
/usr/local/cuda/include/sm_32_intrinsics.h:119:61: note: in expansion of macro '__DEF_IF_HOST'
  119 | __SM_32_INTRINSICS_DECL__ double2 __ldg(const double2 *ptr) __DEF_IF_HOST
      |                                                             ^~~~~~~~~~~~~
/usr/local/cuda/include/sm_32_intrinsics.h: In function 'long int __ldcg(const long int*)':
/usr/local/cuda/include/sm_32_intrinsics.h:74:25: warning: no return statement in function returning non-void [-Wreturn-type]
   74 | #define __DEF_IF_HOST { }
      |                         ^
/usr/local/cuda/include/sm_32_intrinsics.h:123:56: note: in expansion of macro '__DEF_IF_HOST'
  123 | __SM_32_INTRINSICS_DECL__ long __ldcg(const long *ptr) __DEF_IF_HOST
      |                                                        ^~~~~~~~~~~~~
/usr/local/cuda/include/sm_32_intrinsics.h: In function 'long unsigned int __ldcg(const long unsigned int*)':
/usr/local/cuda/include/sm_32_intrinsics.h:74:25: warning: no return statement in function returning non-void [-Wreturn-type]
   74 | #define __DEF_IF_HOST { }
      |                         ^
/usr/local/cuda/include/sm_32_intrinsics.h:124:74: note: in expansion of macro '__DEF_IF_HOST'
  124 | __SM_32_INTRINSICS_DECL__ unsigned long __ldcg(const unsigned long *ptr) __DEF_IF_HOST
      |                                                                          ^~~~~~~~~~~~~
/usr/local/cuda/include/sm_32_intrinsics.h: In function 'char __ldcg(const char*)':
/usr/local/cuda/include/sm_32_intrinsics.h:74:25: warning: no return statement in function returning non-void [-Wreturn-type]
   74 | #define __DEF_IF_HOST { }
      |                         ^
/usr/local/cuda/include/sm_32_intrinsics.h:126:56: note: in expansion of macro '__DEF_IF_HOST'
  126 | __SM_32_INTRINSICS_DECL__ char __ldcg(const char *ptr) __DEF_IF_HOST
      |                                                        ^~~~~~~~~~~~~
/usr/local/cuda/include/sm_32_intrinsics.h: In function 'signed char __ldcg(const signed char*)':
/usr/local/cuda/include/sm_32_intrinsics.h:74:25: warning: no return statement in function returning non-void [-Wreturn-type]
   74 | #define __DEF_IF_HOST { }
      |                         ^
/usr/local/cuda/include/sm_32_intrinsics.h:127:70: note: in expansion of macro '__DEF_IF_HOST'
  127 | __SM_32_INTRINSICS_DECL__ signed char __ldcg(const signed char *ptr) __DEF_IF_HOST
      |                                                                      ^~~~~~~~~~~~~
/usr/local/cuda/include/sm_32_intrinsics.h: In function 'short int __ldcg(const short int*)':
/usr/local/cuda/include/sm_32_intrinsics.h:74:25: warning: no return statement in function returning non-void [-Wreturn-type]
   74 | #define __DEF_IF_HOST { }
      |                         ^
/usr/local/cuda/include/sm_32_intrinsics.h:128:58: note: in expansion of macro '__DEF_IF_HOST'
  128 | __SM_32_INTRINSICS_DECL__ short __ldcg(const short *ptr) __DEF_IF_HOST
      |                                                          ^~~~~~~~~~~~~
/usr/local/cuda/include/sm_32_intrinsics.h: In function 'int __ldcg(const int*)':
/usr/local/cuda/include/sm_32_intrinsics.h:74:25: warning: no return statement in function returning non-void [-Wreturn-type]
   74 | #define __DEF_IF_HOST { }
      |                         ^
/usr/local/cuda/include/sm_32_intrinsics.h:129:54: note: in expansion of macro '__DEF_IF_HOST'
  129 | __SM_32_INTRINSICS_DECL__ int __ldcg(const int *ptr) __DEF_IF_HOST
      |                                                      ^~~~~~~~~~~~~
/usr/local/cuda/include/sm_32_intrinsics.h: In function 'long long int __ldcg(const long long int*)':
/usr/local/cuda/include/sm_32_intrinsics.h:74:25: warning: no return statement in function returning non-void [-Wreturn-type]
   74 | #define __DEF_IF_HOST { }
      |                         ^
/usr/local/cuda/include/sm_32_intrinsics.h:130:66: note: in expansion of macro '__DEF_IF_HOST'
  130 | __SM_32_INTRINSICS_DECL__ long long __ldcg(const long long *ptr) __DEF_IF_HOST
      |                                                                  ^~~~~~~~~~~~~
/usr/local/cuda/include/sm_32_intrinsics.h: In function 'char2 __ldcg(const char2*)':
/usr/local/cuda/include/sm_32_intrinsics.h:74:25: warning: no return statement in function returning non-void [-Wreturn-type]
   74 | #define __DEF_IF_HOST { }
      |                         ^
/usr/local/cuda/include/sm_32_intrinsics.h:131:58: note: in expansion of macro '__DEF_IF_HOST'
  131 | __SM_32_INTRINSICS_DECL__ char2 __ldcg(const char2 *ptr) __DEF_IF_HOST
      |                                                          ^~~~~~~~~~~~~
/usr/local/cuda/include/sm_32_intrinsics.h: In function 'char4 __ldcg(const char4*)':
/usr/local/cuda/include/sm_32_intrinsics.h:74:25: warning: no return statement in function returning non-void [-Wreturn-type]
   74 | #define __DEF_IF_HOST { }
      |                         ^
/usr/local/cuda/include/sm_32_intrinsics.h:132:58: note: in expansion of macro '__DEF_IF_HOST'
  132 | __SM_32_INTRINSICS_DECL__ char4 __ldcg(const char4 *ptr) __DEF_IF_HOST
      |                                                          ^~~~~~~~~~~~~
/usr/local/cuda/include/sm_32_intrinsics.h: In function 'short2 __ldcg(const short2*)':
/usr/local/cuda/include/sm_32_intrinsics.h:74:25: warning: no return statement in function returning non-void [-Wreturn-type]
   74 | #define __DEF_IF_HOST { }
      |                         ^
/usr/local/cuda/include/sm_32_intrinsics.h:133:60: note: in expansion of macro '__DEF_IF_HOST'
  133 | __SM_32_INTRINSICS_DECL__ short2 __ldcg(const short2 *ptr) __DEF_IF_HOST
      |                                                            ^~~~~~~~~~~~~
/usr/local/cuda/include/sm_32_intrinsics.h: In function 'short4 __ldcg(const short4*)':
/usr/local/cuda/include/sm_32_intrinsics.h:74:25: warning: no return statement in function returning non-void [-Wreturn-type]
   74 | #define __DEF_IF_HOST { }
      |                         ^
/usr/local/cuda/include/sm_32_intrinsics.h:134:60: note: in expansion of macro '__DEF_IF_HOST'
  134 | __SM_32_INTRINSICS_DECL__ short4 __ldcg(const short4 *ptr) __DEF_IF_HOST
      |                                                            ^~~~~~~~~~~~~
/usr/local/cuda/include/sm_32_intrinsics.h: In function 'int2 __ldcg(const int2*)':
/usr/local/cuda/include/sm_32_intrinsics.h:74:25: warning: no return statement in function returning non-void [-Wreturn-type]
   74 | #define __DEF_IF_HOST { }
      |                         ^
/usr/local/cuda/include/sm_32_intrinsics.h:135:56: note: in expansion of macro '__DEF_IF_HOST'
  135 | __SM_32_INTRINSICS_DECL__ int2 __ldcg(const int2 *ptr) __DEF_IF_HOST
      |                                                        ^~~~~~~~~~~~~
/usr/local/cuda/include/sm_32_intrinsics.h: In function 'int4 __ldcg(const int4*)':
/usr/local/cuda/include/sm_32_intrinsics.h:74:25: warning: no return statement in function returning non-void [-Wreturn-type]
   74 | #define __DEF_IF_HOST { }
      |                         ^
/usr/local/cuda/include/sm_32_intrinsics.h:136:56: note: in expansion of macro '__DEF_IF_HOST'
  136 | __SM_32_INTRINSICS_DECL__ int4 __ldcg(const int4 *ptr) __DEF_IF_HOST
      |                                                        ^~~~~~~~~~~~~
/usr/local/cuda/include/sm_32_intrinsics.h: In function 'longlong2 __ldcg(const longlong2*)':
/usr/local/cuda/include/sm_32_intrinsics.h:74:25: warning: no return statement in function returning non-void [-Wreturn-type]
   74 | #define __DEF_IF_HOST { }
      |                         ^
/usr/local/cuda/include/sm_32_intrinsics.h:137:66: note: in expansion of macro '__DEF_IF_HOST'
  137 | __SM_32_INTRINSICS_DECL__ longlong2 __ldcg(const longlong2 *ptr) __DEF_IF_HOST
      |                                                                  ^~~~~~~~~~~~~
/usr/local/cuda/include/sm_32_intrinsics.h: In function 'unsigned char __ldcg(const unsigned char*)':
/usr/local/cuda/include/sm_32_intrinsics.h:74:25: warning: no return statement in function returning non-void [-Wreturn-type]
   74 | #define __DEF_IF_HOST { }
      |                         ^
/usr/local/cuda/include/sm_32_intrinsics.h:139:74: note: in expansion of macro '__DEF_IF_HOST'
  139 | __SM_32_INTRINSICS_DECL__ unsigned char __ldcg(const unsigned char *ptr) __DEF_IF_HOST
      |                                                                          ^~~~~~~~~~~~~
/usr/local/cuda/include/sm_32_intrinsics.h: In function 'short unsigned int __ldcg(const short unsigned int*)':
/usr/local/cuda/include/sm_32_intrinsics.h:74:25: warning: no return statement in function returning non-void [-Wreturn-type]
   74 | #define __DEF_IF_HOST { }
      |                         ^
/usr/local/cuda/include/sm_32_intrinsics.h:140:76: note: in expansion of macro '__DEF_IF_HOST'
  140 | __SM_32_INTRINSICS_DECL__ unsigned short __ldcg(const unsigned short *ptr) __DEF_IF_HOST
      |                                                                            ^~~~~~~~~~~~~
/usr/local/cuda/include/sm_32_intrinsics.h: In function 'unsigned int __ldcg(const unsigned int*)':
/usr/local/cuda/include/sm_32_intrinsics.h:74:25: warning: no return statement in function returning non-void [-Wreturn-type]
   74 | #define __DEF_IF_HOST { }
      |                         ^
/usr/local/cuda/include/sm_32_intrinsics.h:141:72: note: in expansion of macro '__DEF_IF_HOST'
  141 | __SM_32_INTRINSICS_DECL__ unsigned int __ldcg(const unsigned int *ptr) __DEF_IF_HOST
      |                                                                        ^~~~~~~~~~~~~
/usr/local/cuda/include/sm_32_intrinsics.h: In function 'long long unsigned int __ldcg(const long long unsigned int*)':
/usr/local/cuda/include/sm_32_intrinsics.h:74:25: warning: no return statement in function returning non-void [-Wreturn-type]
   74 | #define __DEF_IF_HOST { }
      |                         ^
/usr/local/cuda/include/sm_32_intrinsics.h:142:84: note: in expansion of macro '__DEF_IF_HOST'
  142 | __SM_32_INTRINSICS_DECL__ unsigned long long __ldcg(const unsigned long long *ptr) __DEF_IF_HOST
      |                                                                                    ^~~~~~~~~~~~~
/usr/local/cuda/include/sm_32_intrinsics.h: In function 'uchar2 __ldcg(const uchar2*)':
/usr/local/cuda/include/sm_32_intrinsics.h:74:25: warning: no return statement in function returning non-void [-Wreturn-type]
   74 | #define __DEF_IF_HOST { }
      |                         ^
/usr/local/cuda/include/sm_32_intrinsics.h:143:60: note: in expansion of macro '__DEF_IF_HOST'
  143 | __SM_32_INTRINSICS_DECL__ uchar2 __ldcg(const uchar2 *ptr) __DEF_IF_HOST
      |                                                            ^~~~~~~~~~~~~
/usr/local/cuda/include/sm_32_intrinsics.h: In function 'uchar4 __ldcg(const uchar4*)':
/usr/local/cuda/include/sm_32_intrinsics.h:74:25: warning: no return statement in function returning non-void [-Wreturn-type]
   74 | #define __DEF_IF_HOST { }
      |                         ^
/usr/local/cuda/include/sm_32_intrinsics.h:144:60: note: in expansion of macro '__DEF_IF_HOST'
  144 | __SM_32_INTRINSICS_DECL__ uchar4 __ldcg(const uchar4 *ptr) __DEF_IF_HOST
      |                                                            ^~~~~~~~~~~~~
/usr/local/cuda/include/sm_32_intrinsics.h: In function 'ushort2 __ldcg(const ushort2*)':
/usr/local/cuda/include/sm_32_intrinsics.h:74:25: warning: no return statement in function returning non-void [-Wreturn-type]
   74 | #define __DEF_IF_HOST { }
      |                         ^
/usr/local/cuda/include/sm_32_intrinsics.h:145:62: note: in expansion of macro '__DEF_IF_HOST'
  145 | __SM_32_INTRINSICS_DECL__ ushort2 __ldcg(const ushort2 *ptr) __DEF_IF_HOST
      |                                                              ^~~~~~~~~~~~~
/usr/local/cuda/include/sm_32_intrinsics.h: In function 'ushort4 __ldcg(const ushort4*)':
/usr/local/cuda/include/sm_32_intrinsics.h:74:25: warning: no return statement in function returning non-void [-Wreturn-type]
   74 | #define __DEF_IF_HOST { }
      |                         ^
/usr/local/cuda/include/sm_32_intrinsics.h:146:62: note: in expansion of macro '__DEF_IF_HOST'
  146 | __SM_32_INTRINSICS_DECL__ ushort4 __ldcg(const ushort4 *ptr) __DEF_IF_HOST
      |                                                              ^~~~~~~~~~~~~
/usr/local/cuda/include/sm_32_intrinsics.h: In function 'uint2 __ldcg(const uint2*)':
/usr/local/cuda/include/sm_32_intrinsics.h:74:25: warning: no return statement in function returning non-void [-Wreturn-type]
   74 | #define __DEF_IF_HOST { }
      |                         ^
/usr/local/cuda/include/sm_32_intrinsics.h:147:58: note: in expansion of macro '__DEF_IF_HOST'
  147 | __SM_32_INTRINSICS_DECL__ uint2 __ldcg(const uint2 *ptr) __DEF_IF_HOST
      |                                                          ^~~~~~~~~~~~~
/usr/local/cuda/include/sm_32_intrinsics.h: In function 'uint4 __ldcg(const uint4*)':
/usr/local/cuda/include/sm_32_intrinsics.h:74:25: warning: no return statement in function returning non-void [-Wreturn-type]
   74 | #define __DEF_IF_HOST { }
      |                         ^
/usr/local/cuda/include/sm_32_intrinsics.h:148:58: note: in expansion of macro '__DEF_IF_HOST'
  148 | __SM_32_INTRINSICS_DECL__ uint4 __ldcg(const uint4 *ptr) __DEF_IF_HOST
      |                                                          ^~~~~~~~~~~~~
/usr/local/cuda/include/sm_32_intrinsics.h: In function 'ulonglong2 __ldcg(const ulonglong2*)':
/usr/local/cuda/include/sm_32_intrinsics.h:74:25: warning: no return statement in function returning non-void [-Wreturn-type]
   74 | #define __DEF_IF_HOST { }
      |                         ^
/usr/local/cuda/include/sm_32_intrinsics.h:149:68: note: in expansion of macro '__DEF_IF_HOST'
  149 | __SM_32_INTRINSICS_DECL__ ulonglong2 __ldcg(const ulonglong2 *ptr) __DEF_IF_HOST
      |                                                                    ^~~~~~~~~~~~~
/usr/local/cuda/include/sm_32_intrinsics.h: In function 'float __ldcg(const float*)':
/usr/local/cuda/include/sm_32_intrinsics.h:74:25: warning: no return statement in function returning non-void [-Wreturn-type]
   74 | #define __DEF_IF_HOST { }
      |                         ^
/usr/local/cuda/include/sm_32_intrinsics.h:151:58: note: in expansion of macro '__DEF_IF_HOST'
  151 | __SM_32_INTRINSICS_DECL__ float __ldcg(const float *ptr) __DEF_IF_HOST
      |                                                          ^~~~~~~~~~~~~
/usr/local/cuda/include/sm_32_intrinsics.h: In function 'double __ldcg(const double*)':
/usr/local/cuda/include/sm_32_intrinsics.h:74:25: warning: no return statement in function returning non-void [-Wreturn-type]
   74 | #define __DEF_IF_HOST { }
      |                         ^
/usr/local/cuda/include/sm_32_intrinsics.h:152:60: note: in expansion of macro '__DEF_IF_HOST'
  152 | __SM_32_INTRINSICS_DECL__ double __ldcg(const double *ptr) __DEF_IF_HOST
      |                                                            ^~~~~~~~~~~~~
/usr/local/cuda/include/sm_32_intrinsics.h: In function 'float2 __ldcg(const float2*)':
/usr/local/cuda/include/sm_32_intrinsics.h:74:25: warning: no return statement in function returning non-void [-Wreturn-type]
   74 | #define __DEF_IF_HOST { }
      |                         ^
/usr/local/cuda/include/sm_32_intrinsics.h:153:60: note: in expansion of macro '__DEF_IF_HOST'
  153 | __SM_32_INTRINSICS_DECL__ float2 __ldcg(const float2 *ptr) __DEF_IF_HOST
      |                                                            ^~~~~~~~~~~~~
/usr/local/cuda/include/sm_32_intrinsics.h: In function 'float4 __ldcg(const float4*)':
/usr/local/cuda/include/sm_32_intrinsics.h:74:25: warning: no return statement in function returning non-void [-Wreturn-type]
   74 | #define __DEF_IF_HOST { }
      |                         ^
/usr/local/cuda/include/sm_32_intrinsics.h:154:60: note: in expansion of macro '__DEF_IF_HOST'
  154 | __SM_32_INTRINSICS_DECL__ float4 __ldcg(const float4 *ptr) __DEF_IF_HOST
      |                                                            ^~~~~~~~~~~~~
/usr/local/cuda/include/sm_32_intrinsics.h: In function 'double2 __ldcg(const double2*)':
/usr/local/cuda/include/sm_32_intrinsics.h:74:25: warning: no return statement in function returning non-void [-Wreturn-type]
   74 | #define __DEF_IF_HOST { }
      |                         ^
/usr/local/cuda/include/sm_32_intrinsics.h:155:62: note: in expansion of macro '__DEF_IF_HOST'
  155 | __SM_32_INTRINSICS_DECL__ double2 __ldcg(const double2 *ptr) __DEF_IF_HOST
      |                                                              ^~~~~~~~~~~~~
/usr/local/cuda/include/sm_32_intrinsics.h: In function 'long int __ldca(const long int*)':
/usr/local/cuda/include/sm_32_intrinsics.h:74:25: warning: no return statement in function returning non-void [-Wreturn-type]
   74 | #define __DEF_IF_HOST { }
      |                         ^
/usr/local/cuda/include/sm_32_intrinsics.h:159:56: note: in expansion of macro '__DEF_IF_HOST'
  159 | __SM_32_INTRINSICS_DECL__ long __ldca(const long *ptr) __DEF_IF_HOST
      |                                                        ^~~~~~~~~~~~~
/usr/local/cuda/include/sm_32_intrinsics.h: In function 'long unsigned int __ldca(const long unsigned int*)':
/usr/local/cuda/include/sm_32_intrinsics.h:74:25: warning: no return statement in function returning non-void [-Wreturn-type]
   74 | #define __DEF_IF_HOST { }
      |                         ^
/usr/local/cuda/include/sm_32_intrinsics.h:160:74: note: in expansion of macro '__DEF_IF_HOST'
  160 | __SM_32_INTRINSICS_DECL__ unsigned long __ldca(const unsigned long *ptr) __DEF_IF_HOST
      |                                                                          ^~~~~~~~~~~~~
/usr/local/cuda/include/sm_32_intrinsics.h: In function 'char __ldca(const char*)':
/usr/local/cuda/include/sm_32_intrinsics.h:74:25: warning: no return statement in function returning non-void [-Wreturn-type]
   74 | #define __DEF_IF_HOST { }
      |                         ^
/usr/local/cuda/include/sm_32_intrinsics.h:162:56: note: in expansion of macro '__DEF_IF_HOST'
  162 | __SM_32_INTRINSICS_DECL__ char __ldca(const char *ptr) __DEF_IF_HOST
      |                                                        ^~~~~~~~~~~~~
/usr/local/cuda/include/sm_32_intrinsics.h: In function 'signed char __ldca(const signed char*)':
/usr/local/cuda/include/sm_32_intrinsics.h:74:25: warning: no return statement in function returning non-void [-Wreturn-type]
   74 | #define __DEF_IF_HOST { }
      |                         ^
/usr/local/cuda/include/sm_32_intrinsics.h:163:70: note: in expansion of macro '__DEF_IF_HOST'
  163 | __SM_32_INTRINSICS_DECL__ signed char __ldca(const signed char *ptr) __DEF_IF_HOST
      |                                                                      ^~~~~~~~~~~~~
/usr/local/cuda/include/sm_32_intrinsics.h: In function 'short int __ldca(const short int*)':
/usr/local/cuda/include/sm_32_intrinsics.h:74:25: warning: no return statement in function returning non-void [-Wreturn-type]
   74 | #define __DEF_IF_HOST { }
      |                         ^
/usr/local/cuda/include/sm_32_intrinsics.h:164:58: note: in expansion of macro '__DEF_IF_HOST'
  164 | __SM_32_INTRINSICS_DECL__ short __ldca(const short *ptr) __DEF_IF_HOST
      |                                                          ^~~~~~~~~~~~~
/usr/local/cuda/include/sm_32_intrinsics.h: In function 'int __ldca(const int*)':
/usr/local/cuda/include/sm_32_intrinsics.h:74:25: warning: no return statement in function returning non-void [-Wreturn-type]
   74 | #define __DEF_IF_HOST { }
      |                         ^
/usr/local/cuda/include/sm_32_intrinsics.h:165:54: note: in expansion of macro '__DEF_IF_HOST'
  165 | __SM_32_INTRINSICS_DECL__ int __ldca(const int *ptr) __DEF_IF_HOST
      |                                                      ^~~~~~~~~~~~~
/usr/local/cuda/include/sm_32_intrinsics.h: In function 'long long int __ldca(const long long int*)':
/usr/local/cuda/include/sm_32_intrinsics.h:74:25: warning: no return statement in function returning non-void [-Wreturn-type]
   74 | #define __DEF_IF_HOST { }
      |                         ^
/usr/local/cuda/include/sm_32_intrinsics.h:166:66: note: in expansion of macro '__DEF_IF_HOST'
  166 | __SM_32_INTRINSICS_DECL__ long long __ldca(const long long *ptr) __DEF_IF_HOST
      |                                                                  ^~~~~~~~~~~~~
/usr/local/cuda/include/sm_32_intrinsics.h: In function 'char2 __ldca(const char2*)':
/usr/local/cuda/include/sm_32_intrinsics.h:74:25: warning: no return statement in function returning non-void [-Wreturn-type]
   74 | #define __DEF_IF_HOST { }
      |                         ^
/usr/local/cuda/include/sm_32_intrinsics.h:167:58: note: in expansion of macro '__DEF_IF_HOST'
  167 | __SM_32_INTRINSICS_DECL__ char2 __ldca(const char2 *ptr) __DEF_IF_HOST
      |                                                          ^~~~~~~~~~~~~
/usr/local/cuda/include/sm_32_intrinsics.h: In function 'char4 __ldca(const char4*)':
/usr/local/cuda/include/sm_32_intrinsics.h:74:25: warning: no return statement in function returning non-void [-Wreturn-type]
   74 | #define __DEF_IF_HOST { }
      |                         ^
/usr/local/cuda/include/sm_32_intrinsics.h:168:58: note: in expansion of macro '__DEF_IF_HOST'
  168 | __SM_32_INTRINSICS_DECL__ char4 __ldca(const char4 *ptr) __DEF_IF_HOST
      |                                                          ^~~~~~~~~~~~~
/usr/local/cuda/include/sm_32_intrinsics.h: In function 'short2 __ldca(const short2*)':
/usr/local/cuda/include/sm_32_intrinsics.h:74:25: warning: no return statement in function returning non-void [-Wreturn-type]
   74 | #define __DEF_IF_HOST { }
      |                         ^
/usr/local/cuda/include/sm_32_intrinsics.h:169:60: note: in expansion of macro '__DEF_IF_HOST'
  169 | __SM_32_INTRINSICS_DECL__ short2 __ldca(const short2 *ptr) __DEF_IF_HOST
      |                                                            ^~~~~~~~~~~~~
/usr/local/cuda/include/sm_32_intrinsics.h: In function 'short4 __ldca(const short4*)':
/usr/local/cuda/include/sm_32_intrinsics.h:74:25: warning: no return statement in function returning non-void [-Wreturn-type]
   74 | #define __DEF_IF_HOST { }
      |                         ^
/usr/local/cuda/include/sm_32_intrinsics.h:170:60: note: in expansion of macro '__DEF_IF_HOST'
  170 | __SM_32_INTRINSICS_DECL__ short4 __ldca(const short4 *ptr) __DEF_IF_HOST
      |                                                            ^~~~~~~~~~~~~
/usr/local/cuda/include/sm_32_intrinsics.h: In function 'int2 __ldca(const int2*)':
/usr/local/cuda/include/sm_32_intrinsics.h:74:25: warning: no return statement in function returning non-void [-Wreturn-type]
   74 | #define __DEF_IF_HOST { }
      |                         ^
/usr/local/cuda/include/sm_32_intrinsics.h:171:56: note: in expansion of macro '__DEF_IF_HOST'
  171 | __SM_32_INTRINSICS_DECL__ int2 __ldca(const int2 *ptr) __DEF_IF_HOST
      |                                                        ^~~~~~~~~~~~~
/usr/local/cuda/include/sm_32_intrinsics.h: In function 'int4 __ldca(const int4*)':
/usr/local/cuda/include/sm_32_intrinsics.h:74:25: warning: no return statement in function returning non-void [-Wreturn-type]
   74 | #define __DEF_IF_HOST { }
      |                         ^
/usr/local/cuda/include/sm_32_intrinsics.h:172:56: note: in expansion of macro '__DEF_IF_HOST'
  172 | __SM_32_INTRINSICS_DECL__ int4 __ldca(const int4 *ptr) __DEF_IF_HOST
      |                                                        ^~~~~~~~~~~~~
/usr/local/cuda/include/sm_32_intrinsics.h: In function 'longlong2 __ldca(const longlong2*)':
/usr/local/cuda/include/sm_32_intrinsics.h:74:25: warning: no return statement in function returning non-void [-Wreturn-type]
   74 | #define __DEF_IF_HOST { }
      |                         ^
/usr/local/cuda/include/sm_32_intrinsics.h:173:66: note: in expansion of macro '__DEF_IF_HOST'
  173 | __SM_32_INTRINSICS_DECL__ longlong2 __ldca(const longlong2 *ptr) __DEF_IF_HOST
      |                                                                  ^~~~~~~~~~~~~
/usr/local/cuda/include/sm_32_intrinsics.h: In function 'unsigned char __ldca(const unsigned char*)':
/usr/local/cuda/include/sm_32_intrinsics.h:74:25: warning: no return statement in function returning non-void [-Wreturn-type]
   74 | #define __DEF_IF_HOST { }
      |                         ^
/usr/local/cuda/include/sm_32_intrinsics.h:175:74: note: in expansion of macro '__DEF_IF_HOST'
  175 | __SM_32_INTRINSICS_DECL__ unsigned char __ldca(const unsigned char *ptr) __DEF_IF_HOST
      |                                                                          ^~~~~~~~~~~~~
/usr/local/cuda/include/sm_32_intrinsics.h: In function 'short unsigned int __ldca(const short unsigned int*)':
/usr/local/cuda/include/sm_32_intrinsics.h:74:25: warning: no return statement in function returning non-void [-Wreturn-type]
   74 | #define __DEF_IF_HOST { }
      |                         ^
/usr/local/cuda/include/sm_32_intrinsics.h:176:76: note: in expansion of macro '__DEF_IF_HOST'
  176 | __SM_32_INTRINSICS_DECL__ unsigned short __ldca(const unsigned short *ptr) __DEF_IF_HOST
      |                                                                            ^~~~~~~~~~~~~
/usr/local/cuda/include/sm_32_intrinsics.h: In function 'unsigned int __ldca(const unsigned int*)':
/usr/local/cuda/include/sm_32_intrinsics.h:74:25: warning: no return statement in function returning non-void [-Wreturn-type]
   74 | #define __DEF_IF_HOST { }
      |                         ^
/usr/local/cuda/include/sm_32_intrinsics.h:177:72: note: in expansion of macro '__DEF_IF_HOST'
  177 | __SM_32_INTRINSICS_DECL__ unsigned int __ldca(const unsigned int *ptr) __DEF_IF_HOST
      |                                                                        ^~~~~~~~~~~~~
/usr/local/cuda/include/sm_32_intrinsics.h: In function 'long long unsigned int __ldca(const long long unsigned int*)':
/usr/local/cuda/include/sm_32_intrinsics.h:74:25: warning: no return statement in function returning non-void [-Wreturn-type]
   74 | #define __DEF_IF_HOST { }
      |                         ^
/usr/local/cuda/include/sm_32_intrinsics.h:178:84: note: in expansion of macro '__DEF_IF_HOST'
  178 | __SM_32_INTRINSICS_DECL__ unsigned long long __ldca(const unsigned long long *ptr) __DEF_IF_HOST
      |                                                                                    ^~~~~~~~~~~~~
/usr/local/cuda/include/sm_32_intrinsics.h: In function 'uchar2 __ldca(const uchar2*)':
/usr/local/cuda/include/sm_32_intrinsics.h:74:25: warning: no return statement in function returning non-void [-Wreturn-type]
   74 | #define __DEF_IF_HOST { }
      |                         ^
/usr/local/cuda/include/sm_32_intrinsics.h:179:60: note: in expansion of macro '__DEF_IF_HOST'
  179 | __SM_32_INTRINSICS_DECL__ uchar2 __ldca(const uchar2 *ptr) __DEF_IF_HOST
      |                                                            ^~~~~~~~~~~~~
/usr/local/cuda/include/sm_32_intrinsics.h: In function 'uchar4 __ldca(const uchar4*)':
/usr/local/cuda/include/sm_32_intrinsics.h:74:25: warning: no return statement in function returning non-void [-Wreturn-type]
   74 | #define __DEF_IF_HOST { }
      |                         ^
/usr/local/cuda/include/sm_32_intrinsics.h:180:60: note: in expansion of macro '__DEF_IF_HOST'
  180 | __SM_32_INTRINSICS_DECL__ uchar4 __ldca(const uchar4 *ptr) __DEF_IF_HOST
      |                                                            ^~~~~~~~~~~~~
/usr/local/cuda/include/sm_32_intrinsics.h: In function 'ushort2 __ldca(const ushort2*)':
/usr/local/cuda/include/sm_32_intrinsics.h:74:25: warning: no return statement in function returning non-void [-Wreturn-type]
   74 | #define __DEF_IF_HOST { }
      |                         ^
/usr/local/cuda/include/sm_32_intrinsics.h:181:62: note: in expansion of macro '__DEF_IF_HOST'
  181 | __SM_32_INTRINSICS_DECL__ ushort2 __ldca(const ushort2 *ptr) __DEF_IF_HOST
      |                                                              ^~~~~~~~~~~~~
/usr/local/cuda/include/sm_32_intrinsics.h: In function 'ushort4 __ldca(const ushort4*)':
/usr/local/cuda/include/sm_32_intrinsics.h:74:25: warning: no return statement in function returning non-void [-Wreturn-type]
   74 | #define __DEF_IF_HOST { }
      |                         ^
/usr/local/cuda/include/sm_32_intrinsics.h:182:62: note: in expansion of macro '__DEF_IF_HOST'
  182 | __SM_32_INTRINSICS_DECL__ ushort4 __ldca(const ushort4 *ptr) __DEF_IF_HOST
      |                                                              ^~~~~~~~~~~~~
/usr/local/cuda/include/sm_32_intrinsics.h: In function 'uint2 __ldca(const uint2*)':
/usr/local/cuda/include/sm_32_intrinsics.h:74:25: warning: no return statement in function returning non-void [-Wreturn-type]
   74 | #define __DEF_IF_HOST { }
      |                         ^
/usr/local/cuda/include/sm_32_intrinsics.h:183:58: note: in expansion of macro '__DEF_IF_HOST'
  183 | __SM_32_INTRINSICS_DECL__ uint2 __ldca(const uint2 *ptr) __DEF_IF_HOST
      |                                                          ^~~~~~~~~~~~~
/usr/local/cuda/include/sm_32_intrinsics.h: In function 'uint4 __ldca(const uint4*)':
/usr/local/cuda/include/sm_32_intrinsics.h:74:25: warning: no return statement in function returning non-void [-Wreturn-type]
   74 | #define __DEF_IF_HOST { }
      |                         ^
/usr/local/cuda/include/sm_32_intrinsics.h:184:58: note: in expansion of macro '__DEF_IF_HOST'
  184 | __SM_32_INTRINSICS_DECL__ uint4 __ldca(const uint4 *ptr) __DEF_IF_HOST
      |                                                          ^~~~~~~~~~~~~
/usr/local/cuda/include/sm_32_intrinsics.h: In function 'ulonglong2 __ldca(const ulonglong2*)':
/usr/local/cuda/include/sm_32_intrinsics.h:74:25: warning: no return statement in function returning non-void [-Wreturn-type]
   74 | #define __DEF_IF_HOST { }
      |                         ^
/usr/local/cuda/include/sm_32_intrinsics.h:185:68: note: in expansion of macro '__DEF_IF_HOST'
  185 | __SM_32_INTRINSICS_DECL__ ulonglong2 __ldca(const ulonglong2 *ptr) __DEF_IF_HOST
      |                                                                    ^~~~~~~~~~~~~
/usr/local/cuda/include/sm_32_intrinsics.h: In function 'float __ldca(const float*)':
/usr/local/cuda/include/sm_32_intrinsics.h:74:25: warning: no return statement in function returning non-void [-Wreturn-type]
   74 | #define __DEF_IF_HOST { }
      |                         ^
/usr/local/cuda/include/sm_32_intrinsics.h:187:58: note: in expansion of macro '__DEF_IF_HOST'
  187 | __SM_32_INTRINSICS_DECL__ float __ldca(const float *ptr) __DEF_IF_HOST
      |                                                          ^~~~~~~~~~~~~
/usr/local/cuda/include/sm_32_intrinsics.h: In function 'double __ldca(const double*)':
/usr/local/cuda/include/sm_32_intrinsics.h:74:25: warning: no return statement in function returning non-void [-Wreturn-type]
   74 | #define __DEF_IF_HOST { }
      |                         ^
/usr/local/cuda/include/sm_32_intrinsics.h:188:60: note: in expansion of macro '__DEF_IF_HOST'
  188 | __SM_32_INTRINSICS_DECL__ double __ldca(const double *ptr) __DEF_IF_HOST
      |                                                            ^~~~~~~~~~~~~
/usr/local/cuda/include/sm_32_intrinsics.h: In function 'float2 __ldca(const float2*)':
/usr/local/cuda/include/sm_32_intrinsics.h:74:25: warning: no return statement in function returning non-void [-Wreturn-type]
   74 | #define __DEF_IF_HOST { }
      |                         ^
/usr/local/cuda/include/sm_32_intrinsics.h:189:60: note: in expansion of macro '__DEF_IF_HOST'
  189 | __SM_32_INTRINSICS_DECL__ float2 __ldca(const float2 *ptr) __DEF_IF_HOST
      |                                                            ^~~~~~~~~~~~~
/usr/local/cuda/include/sm_32_intrinsics.h: In function 'float4 __ldca(const float4*)':
/usr/local/cuda/include/sm_32_intrinsics.h:74:25: warning: no return statement in function returning non-void [-Wreturn-type]
   74 | #define __DEF_IF_HOST { }
      |                         ^
/usr/local/cuda/include/sm_32_intrinsics.h:190:60: note: in expansion of macro '__DEF_IF_HOST'
  190 | __SM_32_INTRINSICS_DECL__ float4 __ldca(const float4 *ptr) __DEF_IF_HOST
      |                                                            ^~~~~~~~~~~~~
/usr/local/cuda/include/sm_32_intrinsics.h: In function 'double2 __ldca(const double2*)':
/usr/local/cuda/include/sm_32_intrinsics.h:74:25: warning: no return statement in function returning non-void [-Wreturn-type]
   74 | #define __DEF_IF_HOST { }
      |                         ^
/usr/local/cuda/include/sm_32_intrinsics.h:191:62: note: in expansion of macro '__DEF_IF_HOST'
  191 | __SM_32_INTRINSICS_DECL__ double2 __ldca(const double2 *ptr) __DEF_IF_HOST
      |                                                              ^~~~~~~~~~~~~
/usr/local/cuda/include/sm_32_intrinsics.h: In function 'long int __ldcs(const long int*)':
/usr/local/cuda/include/sm_32_intrinsics.h:74:25: warning: no return statement in function returning non-void [-Wreturn-type]
   74 | #define __DEF_IF_HOST { }
      |                         ^
/usr/local/cuda/include/sm_32_intrinsics.h:195:56: note: in expansion of macro '__DEF_IF_HOST'
  195 | __SM_32_INTRINSICS_DECL__ long __ldcs(const long *ptr) __DEF_IF_HOST
      |                                                        ^~~~~~~~~~~~~
/usr/local/cuda/include/sm_32_intrinsics.h: In function 'long unsigned int __ldcs(const long unsigned int*)':
/usr/local/cuda/include/sm_32_intrinsics.h:74:25: warning: no return statement in function returning non-void [-Wreturn-type]
   74 | #define __DEF_IF_HOST { }
      |                         ^
/usr/local/cuda/include/sm_32_intrinsics.h:196:74: note: in expansion of macro '__DEF_IF_HOST'
  196 | __SM_32_INTRINSICS_DECL__ unsigned long __ldcs(const unsigned long *ptr) __DEF_IF_HOST
      |                                                                          ^~~~~~~~~~~~~
/usr/local/cuda/include/sm_32_intrinsics.h: In function 'char __ldcs(const char*)':
/usr/local/cuda/include/sm_32_intrinsics.h:74:25: warning: no return statement in function returning non-void [-Wreturn-type]
   74 | #define __DEF_IF_HOST { }
      |                         ^
/usr/local/cuda/include/sm_32_intrinsics.h:198:56: note: in expansion of macro '__DEF_IF_HOST'
  198 | __SM_32_INTRINSICS_DECL__ char __ldcs(const char *ptr) __DEF_IF_HOST
      |                                                        ^~~~~~~~~~~~~
/usr/local/cuda/include/sm_32_intrinsics.h: In function 'signed char __ldcs(const signed char*)':
/usr/local/cuda/include/sm_32_intrinsics.h:74:25: warning: no return statement in function returning non-void [-Wreturn-type]
   74 | #define __DEF_IF_HOST { }
      |                         ^
/usr/local/cuda/include/sm_32_intrinsics.h:199:70: note: in expansion of macro '__DEF_IF_HOST'
  199 | __SM_32_INTRINSICS_DECL__ signed char __ldcs(const signed char *ptr) __DEF_IF_HOST
      |                                                                      ^~~~~~~~~~~~~
/usr/local/cuda/include/sm_32_intrinsics.h: In function 'short int __ldcs(const short int*)':
/usr/local/cuda/include/sm_32_intrinsics.h:74:25: warning: no return statement in function returning non-void [-Wreturn-type]
   74 | #define __DEF_IF_HOST { }
      |                         ^
/usr/local/cuda/include/sm_32_intrinsics.h:200:58: note: in expansion of macro '__DEF_IF_HOST'
  200 | __SM_32_INTRINSICS_DECL__ short __ldcs(const short *ptr) __DEF_IF_HOST
      |                                                          ^~~~~~~~~~~~~
/usr/local/cuda/include/sm_32_intrinsics.h: In function 'int __ldcs(const int*)':
/usr/local/cuda/include/sm_32_intrinsics.h:74:25: warning: no return statement in function returning non-void [-Wreturn-type]
   74 | #define __DEF_IF_HOST { }
      |                         ^
/usr/local/cuda/include/sm_32_intrinsics.h:201:54: note: in expansion of macro '__DEF_IF_HOST'
  201 | __SM_32_INTRINSICS_DECL__ int __ldcs(const int *ptr) __DEF_IF_HOST
      |                                                      ^~~~~~~~~~~~~
/usr/local/cuda/include/sm_32_intrinsics.h: In function 'long long int __ldcs(const long long int*)':
/usr/local/cuda/include/sm_32_intrinsics.h:74:25: warning: no return statement in function returning non-void [-Wreturn-type]
   74 | #define __DEF_IF_HOST { }
      |                         ^
/usr/local/cuda/include/sm_32_intrinsics.h:202:66: note: in expansion of macro '__DEF_IF_HOST'
  202 | __SM_32_INTRINSICS_DECL__ long long __ldcs(const long long *ptr) __DEF_IF_HOST
      |                                                                  ^~~~~~~~~~~~~
/usr/local/cuda/include/sm_32_intrinsics.h: In function 'char2 __ldcs(const char2*)':
/usr/local/cuda/include/sm_32_intrinsics.h:74:25: warning: no return statement in function returning non-void [-Wreturn-type]
   74 | #define __DEF_IF_HOST { }
      |                         ^
/usr/local/cuda/include/sm_32_intrinsics.h:203:58: note: in expansion of macro '__DEF_IF_HOST'
  203 | __SM_32_INTRINSICS_DECL__ char2 __ldcs(const char2 *ptr) __DEF_IF_HOST
      |                                                          ^~~~~~~~~~~~~
/usr/local/cuda/include/sm_32_intrinsics.h: In function 'char4 __ldcs(const char4*)':
/usr/local/cuda/include/sm_32_intrinsics.h:74:25: warning: no return statement in function returning non-void [-Wreturn-type]
   74 | #define __DEF_IF_HOST { }
      |                         ^
/usr/local/cuda/include/sm_32_intrinsics.h:204:58: note: in expansion of macro '__DEF_IF_HOST'
  204 | __SM_32_INTRINSICS_DECL__ char4 __ldcs(const char4 *ptr) __DEF_IF_HOST
      |                                                          ^~~~~~~~~~~~~
/usr/local/cuda/include/sm_32_intrinsics.h: In function 'short2 __ldcs(const short2*)':
/usr/local/cuda/include/sm_32_intrinsics.h:74:25: warning: no return statement in function returning non-void [-Wreturn-type]
   74 | #define __DEF_IF_HOST { }
      |                         ^
/usr/local/cuda/include/sm_32_intrinsics.h:205:60: note: in expansion of macro '__DEF_IF_HOST'
  205 | __SM_32_INTRINSICS_DECL__ short2 __ldcs(const short2 *ptr) __DEF_IF_HOST
      |                                                            ^~~~~~~~~~~~~
/usr/local/cuda/include/sm_32_intrinsics.h: In function 'short4 __ldcs(const short4*)':
/usr/local/cuda/include/sm_32_intrinsics.h:74:25: warning: no return statement in function returning non-void [-Wreturn-type]
   74 | #define __DEF_IF_HOST { }
      |                         ^
/usr/local/cuda/include/sm_32_intrinsics.h:206:60: note: in expansion of macro '__DEF_IF_HOST'
  206 | __SM_32_INTRINSICS_DECL__ short4 __ldcs(const short4 *ptr) __DEF_IF_HOST
      |                                                            ^~~~~~~~~~~~~
/usr/local/cuda/include/sm_32_intrinsics.h: In function 'int2 __ldcs(const int2*)':
/usr/local/cuda/include/sm_32_intrinsics.h:74:25: warning: no return statement in function returning non-void [-Wreturn-type]
   74 | #define __DEF_IF_HOST { }
      |                         ^
/usr/local/cuda/include/sm_32_intrinsics.h:207:56: note: in expansion of macro '__DEF_IF_HOST'
  207 | __SM_32_INTRINSICS_DECL__ int2 __ldcs(const int2 *ptr) __DEF_IF_HOST
      |                                                        ^~~~~~~~~~~~~
/usr/local/cuda/include/sm_32_intrinsics.h: In function 'int4 __ldcs(const int4*)':
/usr/local/cuda/include/sm_32_intrinsics.h:74:25: warning: no return statement in function returning non-void [-Wreturn-type]
   74 | #define __DEF_IF_HOST { }
      |                         ^
/usr/local/cuda/include/sm_32_intrinsics.h:208:56: note: in expansion of macro '__DEF_IF_HOST'
  208 | __SM_32_INTRINSICS_DECL__ int4 __ldcs(const int4 *ptr) __DEF_IF_HOST
      |                                                        ^~~~~~~~~~~~~
/usr/local/cuda/include/sm_32_intrinsics.h: In function 'longlong2 __ldcs(const longlong2*)':
/usr/local/cuda/include/sm_32_intrinsics.h:74:25: warning: no return statement in function returning non-void [-Wreturn-type]
   74 | #define __DEF_IF_HOST { }
      |                         ^
/usr/local/cuda/include/sm_32_intrinsics.h:209:66: note: in expansion of macro '__DEF_IF_HOST'
  209 | __SM_32_INTRINSICS_DECL__ longlong2 __ldcs(const longlong2 *ptr) __DEF_IF_HOST
      |                                                                  ^~~~~~~~~~~~~
/usr/local/cuda/include/sm_32_intrinsics.h: In function 'unsigned char __ldcs(const unsigned char*)':
/usr/local/cuda/include/sm_32_intrinsics.h:74:25: warning: no return statement in function returning non-void [-Wreturn-type]
   74 | #define __DEF_IF_HOST { }
      |                         ^
/usr/local/cuda/include/sm_32_intrinsics.h:211:74: note: in expansion of macro '__DEF_IF_HOST'
  211 | __SM_32_INTRINSICS_DECL__ unsigned char __ldcs(const unsigned char *ptr) __DEF_IF_HOST
      |                                                                          ^~~~~~~~~~~~~
/usr/local/cuda/include/sm_32_intrinsics.h: In function 'short unsigned int __ldcs(const short unsigned int*)':
/usr/local/cuda/include/sm_32_intrinsics.h:74:25: warning: no return statement in function returning non-void [-Wreturn-type]
   74 | #define __DEF_IF_HOST { }
      |                         ^
/usr/local/cuda/include/sm_32_intrinsics.h:212:76: note: in expansion of macro '__DEF_IF_HOST'
  212 | __SM_32_INTRINSICS_DECL__ unsigned short __ldcs(const unsigned short *ptr) __DEF_IF_HOST
      |                                                                            ^~~~~~~~~~~~~
/usr/local/cuda/include/sm_32_intrinsics.h: In function 'unsigned int __ldcs(const unsigned int*)':
/usr/local/cuda/include/sm_32_intrinsics.h:74:25: warning: no return statement in function returning non-void [-Wreturn-type]
   74 | #define __DEF_IF_HOST { }
      |                         ^
/usr/local/cuda/include/sm_32_intrinsics.h:213:72: note: in expansion of macro '__DEF_IF_HOST'
  213 | __SM_32_INTRINSICS_DECL__ unsigned int __ldcs(const unsigned int *ptr) __DEF_IF_HOST
      |                                                                        ^~~~~~~~~~~~~
/usr/local/cuda/include/sm_32_intrinsics.h: In function 'long long unsigned int __ldcs(const long long unsigned int*)':
/usr/local/cuda/include/sm_32_intrinsics.h:74:25: warning: no return statement in function returning non-void [-Wreturn-type]
   74 | #define __DEF_IF_HOST { }
      |                         ^
/usr/local/cuda/include/sm_32_intrinsics.h:214:84: note: in expansion of macro '__DEF_IF_HOST'
  214 | __SM_32_INTRINSICS_DECL__ unsigned long long __ldcs(const unsigned long long *ptr) __DEF_IF_HOST
      |                                                                                    ^~~~~~~~~~~~~
/usr/local/cuda/include/sm_32_intrinsics.h: In function 'uchar2 __ldcs(const uchar2*)':
/usr/local/cuda/include/sm_32_intrinsics.h:74:25: warning: no return statement in function returning non-void [-Wreturn-type]
   74 | #define __DEF_IF_HOST { }
      |                         ^
/usr/local/cuda/include/sm_32_intrinsics.h:215:60: note: in expansion of macro '__DEF_IF_HOST'
  215 | __SM_32_INTRINSICS_DECL__ uchar2 __ldcs(const uchar2 *ptr) __DEF_IF_HOST
      |                                                            ^~~~~~~~~~~~~
/usr/local/cuda/include/sm_32_intrinsics.h: In function 'uchar4 __ldcs(const uchar4*)':
/usr/local/cuda/include/sm_32_intrinsics.h:74:25: warning: no return statement in function returning non-void [-Wreturn-type]
   74 | #define __DEF_IF_HOST { }
      |                         ^
/usr/local/cuda/include/sm_32_intrinsics.h:216:60: note: in expansion of macro '__DEF_IF_HOST'
  216 | __SM_32_INTRINSICS_DECL__ uchar4 __ldcs(const uchar4 *ptr) __DEF_IF_HOST
      |                                                            ^~~~~~~~~~~~~
/usr/local/cuda/include/sm_32_intrinsics.h: In function 'ushort2 __ldcs(const ushort2*)':
/usr/local/cuda/include/sm_32_intrinsics.h:74:25: warning: no return statement in function returning non-void [-Wreturn-type]
   74 | #define __DEF_IF_HOST { }
      |                         ^
/usr/local/cuda/include/sm_32_intrinsics.h:217:62: note: in expansion of macro '__DEF_IF_HOST'
  217 | __SM_32_INTRINSICS_DECL__ ushort2 __ldcs(const ushort2 *ptr) __DEF_IF_HOST
      |                                                              ^~~~~~~~~~~~~
/usr/local/cuda/include/sm_32_intrinsics.h: In function 'ushort4 __ldcs(const ushort4*)':
/usr/local/cuda/include/sm_32_intrinsics.h:74:25: warning: no return statement in function returning non-void [-Wreturn-type]
   74 | #define __DEF_IF_HOST { }
      |                         ^
/usr/local/cuda/include/sm_32_intrinsics.h:218:62: note: in expansion of macro '__DEF_IF_HOST'
  218 | __SM_32_INTRINSICS_DECL__ ushort4 __ldcs(const ushort4 *ptr) __DEF_IF_HOST
      |                                                              ^~~~~~~~~~~~~
/usr/local/cuda/include/sm_32_intrinsics.h: In function 'uint2 __ldcs(const uint2*)':
/usr/local/cuda/include/sm_32_intrinsics.h:74:25: warning: no return statement in function returning non-void [-Wreturn-type]
   74 | #define __DEF_IF_HOST { }
      |                         ^
/usr/local/cuda/include/sm_32_intrinsics.h:219:58: note: in expansion of macro '__DEF_IF_HOST'
  219 | __SM_32_INTRINSICS_DECL__ uint2 __ldcs(const uint2 *ptr) __DEF_IF_HOST
      |                                                          ^~~~~~~~~~~~~
/usr/local/cuda/include/sm_32_intrinsics.h: In function 'uint4 __ldcs(const uint4*)':
/usr/local/cuda/include/sm_32_intrinsics.h:74:25: warning: no return statement in function returning non-void [-Wreturn-type]
   74 | #define __DEF_IF_HOST { }
      |                         ^
/usr/local/cuda/include/sm_32_intrinsics.h:220:58: note: in expansion of macro '__DEF_IF_HOST'
  220 | __SM_32_INTRINSICS_DECL__ uint4 __ldcs(const uint4 *ptr) __DEF_IF_HOST
      |                                                          ^~~~~~~~~~~~~
/usr/local/cuda/include/sm_32_intrinsics.h: In function 'ulonglong2 __ldcs(const ulonglong2*)':
/usr/local/cuda/include/sm_32_intrinsics.h:74:25: warning: no return statement in function returning non-void [-Wreturn-type]
   74 | #define __DEF_IF_HOST { }
      |                         ^
/usr/local/cuda/include/sm_32_intrinsics.h:221:68: note: in expansion of macro '__DEF_IF_HOST'
  221 | __SM_32_INTRINSICS_DECL__ ulonglong2 __ldcs(const ulonglong2 *ptr) __DEF_IF_HOST
      |                                                                    ^~~~~~~~~~~~~
/usr/local/cuda/include/sm_32_intrinsics.h: In function 'float __ldcs(const float*)':
/usr/local/cuda/include/sm_32_intrinsics.h:74:25: warning: no return statement in function returning non-void [-Wreturn-type]
   74 | #define __DEF_IF_HOST { }
      |                         ^
/usr/local/cuda/include/sm_32_intrinsics.h:223:58: note: in expansion of macro '__DEF_IF_HOST'
  223 | __SM_32_INTRINSICS_DECL__ float __ldcs(const float *ptr) __DEF_IF_HOST
      |                                                          ^~~~~~~~~~~~~
/usr/local/cuda/include/sm_32_intrinsics.h: In function 'double __ldcs(const double*)':
/usr/local/cuda/include/sm_32_intrinsics.h:74:25: warning: no return statement in function returning non-void [-Wreturn-type]
   74 | #define __DEF_IF_HOST { }
      |                         ^
/usr/local/cuda/include/sm_32_intrinsics.h:224:60: note: in expansion of macro '__DEF_IF_HOST'
  224 | __SM_32_INTRINSICS_DECL__ double __ldcs(const double *ptr) __DEF_IF_HOST
      |                                                            ^~~~~~~~~~~~~
/usr/local/cuda/include/sm_32_intrinsics.h: In function 'float2 __ldcs(const float2*)':
/usr/local/cuda/include/sm_32_intrinsics.h:74:25: warning: no return statement in function returning non-void [-Wreturn-type]
   74 | #define __DEF_IF_HOST { }
      |                         ^
/usr/local/cuda/include/sm_32_intrinsics.h:225:60: note: in expansion of macro '__DEF_IF_HOST'
  225 | __SM_32_INTRINSICS_DECL__ float2 __ldcs(const float2 *ptr) __DEF_IF_HOST
      |                                                            ^~~~~~~~~~~~~
/usr/local/cuda/include/sm_32_intrinsics.h: In function 'float4 __ldcs(const float4*)':
/usr/local/cuda/include/sm_32_intrinsics.h:74:25: warning: no return statement in function returning non-void [-Wreturn-type]
   74 | #define __DEF_IF_HOST { }
      |                         ^
/usr/local/cuda/include/sm_32_intrinsics.h:226:60: note: in expansion of macro '__DEF_IF_HOST'
  226 | __SM_32_INTRINSICS_DECL__ float4 __ldcs(const float4 *ptr) __DEF_IF_HOST
      |                                                            ^~~~~~~~~~~~~
/usr/local/cuda/include/sm_32_intrinsics.h: In function 'double2 __ldcs(const double2*)':
/usr/local/cuda/include/sm_32_intrinsics.h:74:25: warning: no return statement in function returning non-void [-Wreturn-type]
   74 | #define __DEF_IF_HOST { }
      |                         ^
/usr/local/cuda/include/sm_32_intrinsics.h:227:62: note: in expansion of macro '__DEF_IF_HOST'
  227 | __SM_32_INTRINSICS_DECL__ double2 __ldcs(const double2 *ptr) __DEF_IF_HOST
      |                                                              ^~~~~~~~~~~~~
/usr/local/cuda/include/sm_32_intrinsics.h: In function 'long int __ldlu(const long int*)':
/usr/local/cuda/include/sm_32_intrinsics.h:74:25: warning: no return statement in function returning non-void [-Wreturn-type]
   74 | #define __DEF_IF_HOST { }
      |                         ^
/usr/local/cuda/include/sm_32_intrinsics.h:231:56: note: in expansion of macro '__DEF_IF_HOST'
  231 | __SM_32_INTRINSICS_DECL__ long __ldlu(const long *ptr) __DEF_IF_HOST
      |                                                        ^~~~~~~~~~~~~
/usr/local/cuda/include/sm_32_intrinsics.h: In function 'long unsigned int __ldlu(const long unsigned int*)':
/usr/local/cuda/include/sm_32_intrinsics.h:74:25: warning: no return statement in function returning non-void [-Wreturn-type]
   74 | #define __DEF_IF_HOST { }
      |                         ^
/usr/local/cuda/include/sm_32_intrinsics.h:232:74: note: in expansion of macro '__DEF_IF_HOST'
  232 | __SM_32_INTRINSICS_DECL__ unsigned long __ldlu(const unsigned long *ptr) __DEF_IF_HOST
      |                                                                          ^~~~~~~~~~~~~
/usr/local/cuda/include/sm_32_intrinsics.h: In function 'char __ldlu(const char*)':
/usr/local/cuda/include/sm_32_intrinsics.h:74:25: warning: no return statement in function returning non-void [-Wreturn-type]
   74 | #define __DEF_IF_HOST { }
      |                         ^
/usr/local/cuda/include/sm_32_intrinsics.h:234:56: note: in expansion of macro '__DEF_IF_HOST'
  234 | __SM_32_INTRINSICS_DECL__ char __ldlu(const char *ptr) __DEF_IF_HOST
      |                                                        ^~~~~~~~~~~~~
/usr/local/cuda/include/sm_32_intrinsics.h: In function 'signed char __ldlu(const signed char*)':
/usr/local/cuda/include/sm_32_intrinsics.h:74:25: warning: no return statement in function returning non-void [-Wreturn-type]
   74 | #define __DEF_IF_HOST { }
      |                         ^
/usr/local/cuda/include/sm_32_intrinsics.h:235:70: note: in expansion of macro '__DEF_IF_HOST'
  235 | __SM_32_INTRINSICS_DECL__ signed char __ldlu(const signed char *ptr) __DEF_IF_HOST
      |                                                                      ^~~~~~~~~~~~~
/usr/local/cuda/include/sm_32_intrinsics.h: In function 'short int __ldlu(const short int*)':
/usr/local/cuda/include/sm_32_intrinsics.h:74:25: warning: no return statement in function returning non-void [-Wreturn-type]
   74 | #define __DEF_IF_HOST { }
      |                         ^
/usr/local/cuda/include/sm_32_intrinsics.h:236:58: note: in expansion of macro '__DEF_IF_HOST'
  236 | __SM_32_INTRINSICS_DECL__ short __ldlu(const short *ptr) __DEF_IF_HOST
      |                                                          ^~~~~~~~~~~~~
/usr/local/cuda/include/sm_32_intrinsics.h: In function 'int __ldlu(const int*)':
/usr/local/cuda/include/sm_32_intrinsics.h:74:25: warning: no return statement in function returning non-void [-Wreturn-type]
   74 | #define __DEF_IF_HOST { }
      |                         ^
/usr/local/cuda/include/sm_32_intrinsics.h:237:54: note: in expansion of macro '__DEF_IF_HOST'
  237 | __SM_32_INTRINSICS_DECL__ int __ldlu(const int *ptr) __DEF_IF_HOST
      |                                                      ^~~~~~~~~~~~~
/usr/local/cuda/include/sm_32_intrinsics.h: In function 'long long int __ldlu(const long long int*)':
/usr/local/cuda/include/sm_32_intrinsics.h:74:25: warning: no return statement in function returning non-void [-Wreturn-type]
   74 | #define __DEF_IF_HOST { }
      |                         ^
/usr/local/cuda/include/sm_32_intrinsics.h:238:66: note: in expansion of macro '__DEF_IF_HOST'
  238 | __SM_32_INTRINSICS_DECL__ long long __ldlu(const long long *ptr) __DEF_IF_HOST
      |                                                                  ^~~~~~~~~~~~~
/usr/local/cuda/include/sm_32_intrinsics.h: In function 'char2 __ldlu(const char2*)':
/usr/local/cuda/include/sm_32_intrinsics.h:74:25: warning: no return statement in function returning non-void [-Wreturn-type]
   74 | #define __DEF_IF_HOST { }
      |                         ^
/usr/local/cuda/include/sm_32_intrinsics.h:239:58: note: in expansion of macro '__DEF_IF_HOST'
  239 | __SM_32_INTRINSICS_DECL__ char2 __ldlu(const char2 *ptr) __DEF_IF_HOST
      |                                                          ^~~~~~~~~~~~~
/usr/local/cuda/include/sm_32_intrinsics.h: In function 'char4 __ldlu(const char4*)':
/usr/local/cuda/include/sm_32_intrinsics.h:74:25: warning: no return statement in function returning non-void [-Wreturn-type]
   74 | #define __DEF_IF_HOST { }
      |                         ^
/usr/local/cuda/include/sm_32_intrinsics.h:240:58: note: in expansion of macro '__DEF_IF_HOST'
  240 | __SM_32_INTRINSICS_DECL__ char4 __ldlu(const char4 *ptr) __DEF_IF_HOST
      |                                                          ^~~~~~~~~~~~~
/usr/local/cuda/include/sm_32_intrinsics.h: In function 'short2 __ldlu(const short2*)':
/usr/local/cuda/include/sm_32_intrinsics.h:74:25: warning: no return statement in function returning non-void [-Wreturn-type]
   74 | #define __DEF_IF_HOST { }
      |                         ^
/usr/local/cuda/include/sm_32_intrinsics.h:241:60: note: in expansion of macro '__DEF_IF_HOST'
  241 | __SM_32_INTRINSICS_DECL__ short2 __ldlu(const short2 *ptr) __DEF_IF_HOST
      |                                                            ^~~~~~~~~~~~~
/usr/local/cuda/include/sm_32_intrinsics.h: In function 'short4 __ldlu(const short4*)':
/usr/local/cuda/include/sm_32_intrinsics.h:74:25: warning: no return statement in function returning non-void [-Wreturn-type]
   74 | #define __DEF_IF_HOST { }
      |                         ^
/usr/local/cuda/include/sm_32_intrinsics.h:242:60: note: in expansion of macro '__DEF_IF_HOST'
  242 | __SM_32_INTRINSICS_DECL__ short4 __ldlu(const short4 *ptr) __DEF_IF_HOST
      |                                                            ^~~~~~~~~~~~~
/usr/local/cuda/include/sm_32_intrinsics.h: In function 'int2 __ldlu(const int2*)':
/usr/local/cuda/include/sm_32_intrinsics.h:74:25: warning: no return statement in function returning non-void [-Wreturn-type]
   74 | #define __DEF_IF_HOST { }
      |                         ^
/usr/local/cuda/include/sm_32_intrinsics.h:243:56: note: in expansion of macro '__DEF_IF_HOST'
  243 | __SM_32_INTRINSICS_DECL__ int2 __ldlu(const int2 *ptr) __DEF_IF_HOST
      |                                                        ^~~~~~~~~~~~~
/usr/local/cuda/include/sm_32_intrinsics.h: In function 'int4 __ldlu(const int4*)':
/usr/local/cuda/include/sm_32_intrinsics.h:74:25: warning: no return statement in function returning non-void [-Wreturn-type]
   74 | #define __DEF_IF_HOST { }
      |                         ^
/usr/local/cuda/include/sm_32_intrinsics.h:244:56: note: in expansion of macro '__DEF_IF_HOST'
  244 | __SM_32_INTRINSICS_DECL__ int4 __ldlu(const int4 *ptr) __DEF_IF_HOST
      |                                                        ^~~~~~~~~~~~~
/usr/local/cuda/include/sm_32_intrinsics.h: In function 'longlong2 __ldlu(const longlong2*)':
/usr/local/cuda/include/sm_32_intrinsics.h:74:25: warning: no return statement in function returning non-void [-Wreturn-type]
   74 | #define __DEF_IF_HOST { }
      |                         ^
/usr/local/cuda/include/sm_32_intrinsics.h:245:66: note: in expansion of macro '__DEF_IF_HOST'
  245 | __SM_32_INTRINSICS_DECL__ longlong2 __ldlu(const longlong2 *ptr) __DEF_IF_HOST
      |                                                                  ^~~~~~~~~~~~~
/usr/local/cuda/include/sm_32_intrinsics.h: In function 'unsigned char __ldlu(const unsigned char*)':
/usr/local/cuda/include/sm_32_intrinsics.h:74:25: warning: no return statement in function returning non-void [-Wreturn-type]
   74 | #define __DEF_IF_HOST { }
      |                         ^
/usr/local/cuda/include/sm_32_intrinsics.h:247:74: note: in expansion of macro '__DEF_IF_HOST'
  247 | __SM_32_INTRINSICS_DECL__ unsigned char __ldlu(const unsigned char *ptr) __DEF_IF_HOST
      |                                                                          ^~~~~~~~~~~~~
/usr/local/cuda/include/sm_32_intrinsics.h: In function 'short unsigned int __ldlu(const short unsigned int*)':
/usr/local/cuda/include/sm_32_intrinsics.h:74:25: warning: no return statement in function returning non-void [-Wreturn-type]
   74 | #define __DEF_IF_HOST { }
      |                         ^
/usr/local/cuda/include/sm_32_intrinsics.h:248:76: note: in expansion of macro '__DEF_IF_HOST'
  248 | __SM_32_INTRINSICS_DECL__ unsigned short __ldlu(const unsigned short *ptr) __DEF_IF_HOST
      |                                                                            ^~~~~~~~~~~~~
/usr/local/cuda/include/sm_32_intrinsics.h: In function 'unsigned int __ldlu(const unsigned int*)':
/usr/local/cuda/include/sm_32_intrinsics.h:74:25: warning: no return statement in function returning non-void [-Wreturn-type]
   74 | #define __DEF_IF_HOST { }
      |                         ^
/usr/local/cuda/include/sm_32_intrinsics.h:249:72: note: in expansion of macro '__DEF_IF_HOST'
  249 | __SM_32_INTRINSICS_DECL__ unsigned int __ldlu(const unsigned int *ptr) __DEF_IF_HOST
      |                                                                        ^~~~~~~~~~~~~
/usr/local/cuda/include/sm_32_intrinsics.h: In function 'long long unsigned int __ldlu(const long long unsigned int*)':
/usr/local/cuda/include/sm_32_intrinsics.h:74:25: warning: no return statement in function returning non-void [-Wreturn-type]
   74 | #define __DEF_IF_HOST { }
      |                         ^
/usr/local/cuda/include/sm_32_intrinsics.h:250:84: note: in expansion of macro '__DEF_IF_HOST'
  250 | __SM_32_INTRINSICS_DECL__ unsigned long long __ldlu(const unsigned long long *ptr) __DEF_IF_HOST
      |                                                                                    ^~~~~~~~~~~~~
/usr/local/cuda/include/sm_32_intrinsics.h: In function 'uchar2 __ldlu(const uchar2*)':
/usr/local/cuda/include/sm_32_intrinsics.h:74:25: warning: no return statement in function returning non-void [-Wreturn-type]
   74 | #define __DEF_IF_HOST { }
      |                         ^
/usr/local/cuda/include/sm_32_intrinsics.h:251:60: note: in expansion of macro '__DEF_IF_HOST'
  251 | __SM_32_INTRINSICS_DECL__ uchar2 __ldlu(const uchar2 *ptr) __DEF_IF_HOST
      |                                                            ^~~~~~~~~~~~~
/usr/local/cuda/include/sm_32_intrinsics.h: In function 'uchar4 __ldlu(const uchar4*)':
/usr/local/cuda/include/sm_32_intrinsics.h:74:25: warning: no return statement in function returning non-void [-Wreturn-type]
   74 | #define __DEF_IF_HOST { }
      |                         ^
/usr/local/cuda/include/sm_32_intrinsics.h:252:60: note: in expansion of macro '__DEF_IF_HOST'
  252 | __SM_32_INTRINSICS_DECL__ uchar4 __ldlu(const uchar4 *ptr) __DEF_IF_HOST
      |                                                            ^~~~~~~~~~~~~
/usr/local/cuda/include/sm_32_intrinsics.h: In function 'ushort2 __ldlu(const ushort2*)':
/usr/local/cuda/include/sm_32_intrinsics.h:74:25: warning: no return statement in function returning non-void [-Wreturn-type]
   74 | #define __DEF_IF_HOST { }
      |                         ^
/usr/local/cuda/include/sm_32_intrinsics.h:253:62: note: in expansion of macro '__DEF_IF_HOST'
  253 | __SM_32_INTRINSICS_DECL__ ushort2 __ldlu(const ushort2 *ptr) __DEF_IF_HOST
      |                                                              ^~~~~~~~~~~~~
/usr/local/cuda/include/sm_32_intrinsics.h: In function 'ushort4 __ldlu(const ushort4*)':
/usr/local/cuda/include/sm_32_intrinsics.h:74:25: warning: no return statement in function returning non-void [-Wreturn-type]
   74 | #define __DEF_IF_HOST { }
      |                         ^
/usr/local/cuda/include/sm_32_intrinsics.h:254:62: note: in expansion of macro '__DEF_IF_HOST'
  254 | __SM_32_INTRINSICS_DECL__ ushort4 __ldlu(const ushort4 *ptr) __DEF_IF_HOST
      |                                                              ^~~~~~~~~~~~~
/usr/local/cuda/include/sm_32_intrinsics.h: In function 'uint2 __ldlu(const uint2*)':
/usr/local/cuda/include/sm_32_intrinsics.h:74:25: warning: no return statement in function returning non-void [-Wreturn-type]
   74 | #define __DEF_IF_HOST { }
      |                         ^
/usr/local/cuda/include/sm_32_intrinsics.h:255:58: note: in expansion of macro '__DEF_IF_HOST'
  255 | __SM_32_INTRINSICS_DECL__ uint2 __ldlu(const uint2 *ptr) __DEF_IF_HOST
      |                                                          ^~~~~~~~~~~~~
/usr/local/cuda/include/sm_32_intrinsics.h: In function 'uint4 __ldlu(const uint4*)':
/usr/local/cuda/include/sm_32_intrinsics.h:74:25: warning: no return statement in function returning non-void [-Wreturn-type]
   74 | #define __DEF_IF_HOST { }
      |                         ^
/usr/local/cuda/include/sm_32_intrinsics.h:256:58: note: in expansion of macro '__DEF_IF_HOST'
  256 | __SM_32_INTRINSICS_DECL__ uint4 __ldlu(const uint4 *ptr) __DEF_IF_HOST
      |                                                          ^~~~~~~~~~~~~
/usr/local/cuda/include/sm_32_intrinsics.h: In function 'ulonglong2 __ldlu(const ulonglong2*)':
/usr/local/cuda/include/sm_32_intrinsics.h:74:25: warning: no return statement in function returning non-void [-Wreturn-type]
   74 | #define __DEF_IF_HOST { }
      |                         ^
/usr/local/cuda/include/sm_32_intrinsics.h:257:68: note: in expansion of macro '__DEF_IF_HOST'
  257 | __SM_32_INTRINSICS_DECL__ ulonglong2 __ldlu(const ulonglong2 *ptr) __DEF_IF_HOST
      |                                                                    ^~~~~~~~~~~~~
/usr/local/cuda/include/sm_32_intrinsics.h: In function 'float __ldlu(const float*)':
/usr/local/cuda/include/sm_32_intrinsics.h:74:25: warning: no return statement in function returning non-void [-Wreturn-type]
   74 | #define __DEF_IF_HOST { }
      |                         ^
/usr/local/cuda/include/sm_32_intrinsics.h:259:58: note: in expansion of macro '__DEF_IF_HOST'
  259 | __SM_32_INTRINSICS_DECL__ float __ldlu(const float *ptr) __DEF_IF_HOST
      |                                                          ^~~~~~~~~~~~~
/usr/local/cuda/include/sm_32_intrinsics.h: In function 'double __ldlu(const double*)':
/usr/local/cuda/include/sm_32_intrinsics.h:74:25: warning: no return statement in function returning non-void [-Wreturn-type]
   74 | #define __DEF_IF_HOST { }
      |                         ^
/usr/local/cuda/include/sm_32_intrinsics.h:260:60: note: in expansion of macro '__DEF_IF_HOST'
  260 | __SM_32_INTRINSICS_DECL__ double __ldlu(const double *ptr) __DEF_IF_HOST
      |                                                            ^~~~~~~~~~~~~
/usr/local/cuda/include/sm_32_intrinsics.h: In function 'float2 __ldlu(const float2*)':
/usr/local/cuda/include/sm_32_intrinsics.h:74:25: warning: no return statement in function returning non-void [-Wreturn-type]
   74 | #define __DEF_IF_HOST { }
      |                         ^
/usr/local/cuda/include/sm_32_intrinsics.h:261:60: note: in expansion of macro '__DEF_IF_HOST'
  261 | __SM_32_INTRINSICS_DECL__ float2 __ldlu(const float2 *ptr) __DEF_IF_HOST
      |                                                            ^~~~~~~~~~~~~
/usr/local/cuda/include/sm_32_intrinsics.h: In function 'float4 __ldlu(const float4*)':
/usr/local/cuda/include/sm_32_intrinsics.h:74:25: warning: no return statement in function returning non-void [-Wreturn-type]
   74 | #define __DEF_IF_HOST { }
      |                         ^
/usr/local/cuda/include/sm_32_intrinsics.h:262:60: note: in expansion of macro '__DEF_IF_HOST'
  262 | __SM_32_INTRINSICS_DECL__ float4 __ldlu(const float4 *ptr) __DEF_IF_HOST
      |                                                            ^~~~~~~~~~~~~
/usr/local/cuda/include/sm_32_intrinsics.h: In function 'double2 __ldlu(const double2*)':
/usr/local/cuda/include/sm_32_intrinsics.h:74:25: warning: no return statement in function returning non-void [-Wreturn-type]
   74 | #define __DEF_IF_HOST { }
      |                         ^
/usr/local/cuda/include/sm_32_intrinsics.h:263:62: note: in expansion of macro '__DEF_IF_HOST'
  263 | __SM_32_INTRINSICS_DECL__ double2 __ldlu(const double2 *ptr) __DEF_IF_HOST
      |                                                              ^~~~~~~~~~~~~
/usr/local/cuda/include/sm_32_intrinsics.h: In function 'long int __ldcv(const long int*)':
/usr/local/cuda/include/sm_32_intrinsics.h:74:25: warning: no return statement in function returning non-void [-Wreturn-type]
   74 | #define __DEF_IF_HOST { }
      |                         ^
/usr/local/cuda/include/sm_32_intrinsics.h:267:56: note: in expansion of macro '__DEF_IF_HOST'
  267 | __SM_32_INTRINSICS_DECL__ long __ldcv(const long *ptr) __DEF_IF_HOST
      |                                                        ^~~~~~~~~~~~~
/usr/local/cuda/include/sm_32_intrinsics.h: In function 'long unsigned int __ldcv(const long unsigned int*)':
/usr/local/cuda/include/sm_32_intrinsics.h:74:25: warning: no return statement in function returning non-void [-Wreturn-type]
   74 | #define __DEF_IF_HOST { }
      |                         ^
/usr/local/cuda/include/sm_32_intrinsics.h:268:74: note: in expansion of macro '__DEF_IF_HOST'
  268 | __SM_32_INTRINSICS_DECL__ unsigned long __ldcv(const unsigned long *ptr) __DEF_IF_HOST
      |                                                                          ^~~~~~~~~~~~~
/usr/local/cuda/include/sm_32_intrinsics.h: In function 'char __ldcv(const char*)':
/usr/local/cuda/include/sm_32_intrinsics.h:74:25: warning: no return statement in function returning non-void [-Wreturn-type]
   74 | #define __DEF_IF_HOST { }
      |                         ^
/usr/local/cuda/include/sm_32_intrinsics.h:270:56: note: in expansion of macro '__DEF_IF_HOST'
  270 | __SM_32_INTRINSICS_DECL__ char __ldcv(const char *ptr) __DEF_IF_HOST
      |                                                        ^~~~~~~~~~~~~
/usr/local/cuda/include/sm_32_intrinsics.h: In function 'signed char __ldcv(const signed char*)':
/usr/local/cuda/include/sm_32_intrinsics.h:74:25: warning: no return statement in function returning non-void [-Wreturn-type]
   74 | #define __DEF_IF_HOST { }
      |                         ^
/usr/local/cuda/include/sm_32_intrinsics.h:271:70: note: in expansion of macro '__DEF_IF_HOST'
  271 | __SM_32_INTRINSICS_DECL__ signed char __ldcv(const signed char *ptr) __DEF_IF_HOST
      |                                                                      ^~~~~~~~~~~~~
/usr/local/cuda/include/sm_32_intrinsics.h: In function 'short int __ldcv(const short int*)':
/usr/local/cuda/include/sm_32_intrinsics.h:74:25: warning: no return statement in function returning non-void [-Wreturn-type]
   74 | #define __DEF_IF_HOST { }
      |                         ^
/usr/local/cuda/include/sm_32_intrinsics.h:272:58: note: in expansion of macro '__DEF_IF_HOST'
  272 | __SM_32_INTRINSICS_DECL__ short __ldcv(const short *ptr) __DEF_IF_HOST
      |                                                          ^~~~~~~~~~~~~
/usr/local/cuda/include/sm_32_intrinsics.h: In function 'int __ldcv(const int*)':
/usr/local/cuda/include/sm_32_intrinsics.h:74:25: warning: no return statement in function returning non-void [-Wreturn-type]
   74 | #define __DEF_IF_HOST { }
      |                         ^
/usr/local/cuda/include/sm_32_intrinsics.h:273:54: note: in expansion of macro '__DEF_IF_HOST'
  273 | __SM_32_INTRINSICS_DECL__ int __ldcv(const int *ptr) __DEF_IF_HOST
      |                                                      ^~~~~~~~~~~~~
/usr/local/cuda/include/sm_32_intrinsics.h: In function 'long long int __ldcv(const long long int*)':
/usr/local/cuda/include/sm_32_intrinsics.h:74:25: warning: no return statement in function returning non-void [-Wreturn-type]
   74 | #define __DEF_IF_HOST { }
      |                         ^
/usr/local/cuda/include/sm_32_intrinsics.h:274:66: note: in expansion of macro '__DEF_IF_HOST'
  274 | __SM_32_INTRINSICS_DECL__ long long __ldcv(const long long *ptr) __DEF_IF_HOST
      |                                                                  ^~~~~~~~~~~~~
/usr/local/cuda/include/sm_32_intrinsics.h: In function 'char2 __ldcv(const char2*)':
/usr/local/cuda/include/sm_32_intrinsics.h:74:25: warning: no return statement in function returning non-void [-Wreturn-type]
   74 | #define __DEF_IF_HOST { }
      |                         ^
/usr/local/cuda/include/sm_32_intrinsics.h:275:58: note: in expansion of macro '__DEF_IF_HOST'
  275 | __SM_32_INTRINSICS_DECL__ char2 __ldcv(const char2 *ptr) __DEF_IF_HOST
      |                                                          ^~~~~~~~~~~~~
/usr/local/cuda/include/sm_32_intrinsics.h: In function 'char4 __ldcv(const char4*)':
/usr/local/cuda/include/sm_32_intrinsics.h:74:25: warning: no return statement in function returning non-void [-Wreturn-type]
   74 | #define __DEF_IF_HOST { }
      |                         ^
/usr/local/cuda/include/sm_32_intrinsics.h:276:58: note: in expansion of macro '__DEF_IF_HOST'
  276 | __SM_32_INTRINSICS_DECL__ char4 __ldcv(const char4 *ptr) __DEF_IF_HOST
      |                                                          ^~~~~~~~~~~~~
/usr/local/cuda/include/sm_32_intrinsics.h: In function 'short2 __ldcv(const short2*)':
/usr/local/cuda/include/sm_32_intrinsics.h:74:25: warning: no return statement in function returning non-void [-Wreturn-type]
   74 | #define __DEF_IF_HOST { }
      |                         ^
/usr/local/cuda/include/sm_32_intrinsics.h:277:60: note: in expansion of macro '__DEF_IF_HOST'
  277 | __SM_32_INTRINSICS_DECL__ short2 __ldcv(const short2 *ptr) __DEF_IF_HOST
      |                                                            ^~~~~~~~~~~~~
/usr/local/cuda/include/sm_32_intrinsics.h: In function 'short4 __ldcv(const short4*)':
/usr/local/cuda/include/sm_32_intrinsics.h:74:25: warning: no return statement in function returning non-void [-Wreturn-type]
   74 | #define __DEF_IF_HOST { }
      |                         ^
/usr/local/cuda/include/sm_32_intrinsics.h:278:60: note: in expansion of macro '__DEF_IF_HOST'
  278 | __SM_32_INTRINSICS_DECL__ short4 __ldcv(const short4 *ptr) __DEF_IF_HOST
      |                                                            ^~~~~~~~~~~~~
/usr/local/cuda/include/sm_32_intrinsics.h: In function 'int2 __ldcv(const int2*)':
/usr/local/cuda/include/sm_32_intrinsics.h:74:25: warning: no return statement in function returning non-void [-Wreturn-type]
   74 | #define __DEF_IF_HOST { }
      |                         ^
/usr/local/cuda/include/sm_32_intrinsics.h:279:56: note: in expansion of macro '__DEF_IF_HOST'
  279 | __SM_32_INTRINSICS_DECL__ int2 __ldcv(const int2 *ptr) __DEF_IF_HOST
      |                                                        ^~~~~~~~~~~~~
/usr/local/cuda/include/sm_32_intrinsics.h: In function 'int4 __ldcv(const int4*)':
/usr/local/cuda/include/sm_32_intrinsics.h:74:25: warning: no return statement in function returning non-void [-Wreturn-type]
   74 | #define __DEF_IF_HOST { }
      |                         ^
/usr/local/cuda/include/sm_32_intrinsics.h:280:56: note: in expansion of macro '__DEF_IF_HOST'
  280 | __SM_32_INTRINSICS_DECL__ int4 __ldcv(const int4 *ptr) __DEF_IF_HOST
      |                                                        ^~~~~~~~~~~~~
/usr/local/cuda/include/sm_32_intrinsics.h: In function 'longlong2 __ldcv(const longlong2*)':
/usr/local/cuda/include/sm_32_intrinsics.h:74:25: warning: no return statement in function returning non-void [-Wreturn-type]
   74 | #define __DEF_IF_HOST { }
      |                         ^
/usr/local/cuda/include/sm_32_intrinsics.h:281:66: note: in expansion of macro '__DEF_IF_HOST'
  281 | __SM_32_INTRINSICS_DECL__ longlong2 __ldcv(const longlong2 *ptr) __DEF_IF_HOST
      |                                                                  ^~~~~~~~~~~~~
/usr/local/cuda/include/sm_32_intrinsics.h: In function 'unsigned char __ldcv(const unsigned char*)':
/usr/local/cuda/include/sm_32_intrinsics.h:74:25: warning: no return statement in function returning non-void [-Wreturn-type]
   74 | #define __DEF_IF_HOST { }
      |                         ^
/usr/local/cuda/include/sm_32_intrinsics.h:283:74: note: in expansion of macro '__DEF_IF_HOST'
  283 | __SM_32_INTRINSICS_DECL__ unsigned char __ldcv(const unsigned char *ptr) __DEF_IF_HOST
      |                                                                          ^~~~~~~~~~~~~
/usr/local/cuda/include/sm_32_intrinsics.h: In function 'short unsigned int __ldcv(const short unsigned int*)':
/usr/local/cuda/include/sm_32_intrinsics.h:74:25: warning: no return statement in function returning non-void [-Wreturn-type]
   74 | #define __DEF_IF_HOST { }
      |                         ^
/usr/local/cuda/include/sm_32_intrinsics.h:284:76: note: in expansion of macro '__DEF_IF_HOST'
  284 | __SM_32_INTRINSICS_DECL__ unsigned short __ldcv(const unsigned short *ptr) __DEF_IF_HOST
      |                                                                            ^~~~~~~~~~~~~
/usr/local/cuda/include/sm_32_intrinsics.h: In function 'unsigned int __ldcv(const unsigned int*)':
/usr/local/cuda/include/sm_32_intrinsics.h:74:25: warning: no return statement in function returning non-void [-Wreturn-type]
   74 | #define __DEF_IF_HOST { }
      |                         ^
/usr/local/cuda/include/sm_32_intrinsics.h:285:72: note: in expansion of macro '__DEF_IF_HOST'
  285 | __SM_32_INTRINSICS_DECL__ unsigned int __ldcv(const unsigned int *ptr) __DEF_IF_HOST
      |                                                                        ^~~~~~~~~~~~~
/usr/local/cuda/include/sm_32_intrinsics.h: In function 'long long unsigned int __ldcv(const long long unsigned int*)':
/usr/local/cuda/include/sm_32_intrinsics.h:74:25: warning: no return statement in function returning non-void [-Wreturn-type]
   74 | #define __DEF_IF_HOST { }
      |                         ^
/usr/local/cuda/include/sm_32_intrinsics.h:286:84: note: in expansion of macro '__DEF_IF_HOST'
  286 | __SM_32_INTRINSICS_DECL__ unsigned long long __ldcv(const unsigned long long *ptr) __DEF_IF_HOST
      |                                                                                    ^~~~~~~~~~~~~
/usr/local/cuda/include/sm_32_intrinsics.h: In function 'uchar2 __ldcv(const uchar2*)':
/usr/local/cuda/include/sm_32_intrinsics.h:74:25: warning: no return statement in function returning non-void [-Wreturn-type]
   74 | #define __DEF_IF_HOST { }
      |                         ^
/usr/local/cuda/include/sm_32_intrinsics.h:287:60: note: in expansion of macro '__DEF_IF_HOST'
  287 | __SM_32_INTRINSICS_DECL__ uchar2 __ldcv(const uchar2 *ptr) __DEF_IF_HOST
      |                                                            ^~~~~~~~~~~~~
/usr/local/cuda/include/sm_32_intrinsics.h: In function 'uchar4 __ldcv(const uchar4*)':
/usr/local/cuda/include/sm_32_intrinsics.h:74:25: warning: no return statement in function returning non-void [-Wreturn-type]
   74 | #define __DEF_IF_HOST { }
      |                         ^
/usr/local/cuda/include/sm_32_intrinsics.h:288:60: note: in expansion of macro '__DEF_IF_HOST'
  288 | __SM_32_INTRINSICS_DECL__ uchar4 __ldcv(const uchar4 *ptr) __DEF_IF_HOST
      |                                                            ^~~~~~~~~~~~~
/usr/local/cuda/include/sm_32_intrinsics.h: In function 'ushort2 __ldcv(const ushort2*)':
/usr/local/cuda/include/sm_32_intrinsics.h:74:25: warning: no return statement in function returning non-void [-Wreturn-type]
   74 | #define __DEF_IF_HOST { }
      |                         ^
/usr/local/cuda/include/sm_32_intrinsics.h:289:62: note: in expansion of macro '__DEF_IF_HOST'
  289 | __SM_32_INTRINSICS_DECL__ ushort2 __ldcv(const ushort2 *ptr) __DEF_IF_HOST
      |                                                              ^~~~~~~~~~~~~
/usr/local/cuda/include/sm_32_intrinsics.h: In function 'ushort4 __ldcv(const ushort4*)':
/usr/local/cuda/include/sm_32_intrinsics.h:74:25: warning: no return statement in function returning non-void [-Wreturn-type]
   74 | #define __DEF_IF_HOST { }
      |                         ^
/usr/local/cuda/include/sm_32_intrinsics.h:290:62: note: in expansion of macro '__DEF_IF_HOST'
  290 | __SM_32_INTRINSICS_DECL__ ushort4 __ldcv(const ushort4 *ptr) __DEF_IF_HOST
      |                                                              ^~~~~~~~~~~~~
/usr/local/cuda/include/sm_32_intrinsics.h: In function 'uint2 __ldcv(const uint2*)':
/usr/local/cuda/include/sm_32_intrinsics.h:74:25: warning: no return statement in function returning non-void [-Wreturn-type]
   74 | #define __DEF_IF_HOST { }
      |                         ^
/usr/local/cuda/include/sm_32_intrinsics.h:291:58: note: in expansion of macro '__DEF_IF_HOST'
  291 | __SM_32_INTRINSICS_DECL__ uint2 __ldcv(const uint2 *ptr) __DEF_IF_HOST
      |                                                          ^~~~~~~~~~~~~
/usr/local/cuda/include/sm_32_intrinsics.h: In function 'uint4 __ldcv(const uint4*)':
/usr/local/cuda/include/sm_32_intrinsics.h:74:25: warning: no return statement in function returning non-void [-Wreturn-type]
   74 | #define __DEF_IF_HOST { }
      |                         ^
/usr/local/cuda/include/sm_32_intrinsics.h:292:58: note: in expansion of macro '__DEF_IF_HOST'
  292 | __SM_32_INTRINSICS_DECL__ uint4 __ldcv(const uint4 *ptr) __DEF_IF_HOST
      |                                                          ^~~~~~~~~~~~~
/usr/local/cuda/include/sm_32_intrinsics.h: In function 'ulonglong2 __ldcv(const ulonglong2*)':
/usr/local/cuda/include/sm_32_intrinsics.h:74:25: warning: no return statement in function returning non-void [-Wreturn-type]
   74 | #define __DEF_IF_HOST { }
      |                         ^
/usr/local/cuda/include/sm_32_intrinsics.h:293:68: note: in expansion of macro '__DEF_IF_HOST'
  293 | __SM_32_INTRINSICS_DECL__ ulonglong2 __ldcv(const ulonglong2 *ptr) __DEF_IF_HOST
      |                                                                    ^~~~~~~~~~~~~
/usr/local/cuda/include/sm_32_intrinsics.h: In function 'float __ldcv(const float*)':
/usr/local/cuda/include/sm_32_intrinsics.h:74:25: warning: no return statement in function returning non-void [-Wreturn-type]
   74 | #define __DEF_IF_HOST { }
      |                         ^
/usr/local/cuda/include/sm_32_intrinsics.h:295:58: note: in expansion of macro '__DEF_IF_HOST'
  295 | __SM_32_INTRINSICS_DECL__ float __ldcv(const float *ptr) __DEF_IF_HOST
      |                                                          ^~~~~~~~~~~~~
/usr/local/cuda/include/sm_32_intrinsics.h: In function 'double __ldcv(const double*)':
/usr/local/cuda/include/sm_32_intrinsics.h:74:25: warning: no return statement in function returning non-void [-Wreturn-type]
   74 | #define __DEF_IF_HOST { }
      |                         ^
/usr/local/cuda/include/sm_32_intrinsics.h:296:60: note: in expansion of macro '__DEF_IF_HOST'
  296 | __SM_32_INTRINSICS_DECL__ double __ldcv(const double *ptr) __DEF_IF_HOST
      |                                                            ^~~~~~~~~~~~~
/usr/local/cuda/include/sm_32_intrinsics.h: In function 'float2 __ldcv(const float2*)':
/usr/local/cuda/include/sm_32_intrinsics.h:74:25: warning: no return statement in function returning non-void [-Wreturn-type]
   74 | #define __DEF_IF_HOST { }
      |                         ^
/usr/local/cuda/include/sm_32_intrinsics.h:297:60: note: in expansion of macro '__DEF_IF_HOST'
  297 | __SM_32_INTRINSICS_DECL__ float2 __ldcv(const float2 *ptr) __DEF_IF_HOST
      |                                                            ^~~~~~~~~~~~~
/usr/local/cuda/include/sm_32_intrinsics.h: In function 'float4 __ldcv(const float4*)':
/usr/local/cuda/include/sm_32_intrinsics.h:74:25: warning: no return statement in function returning non-void [-Wreturn-type]
   74 | #define __DEF_IF_HOST { }
      |                         ^
/usr/local/cuda/include/sm_32_intrinsics.h:298:60: note: in expansion of macro '__DEF_IF_HOST'
  298 | __SM_32_INTRINSICS_DECL__ float4 __ldcv(const float4 *ptr) __DEF_IF_HOST
      |                                                            ^~~~~~~~~~~~~
/usr/local/cuda/include/sm_32_intrinsics.h: In function 'double2 __ldcv(const double2*)':
/usr/local/cuda/include/sm_32_intrinsics.h:74:25: warning: no return statement in function returning non-void [-Wreturn-type]
   74 | #define __DEF_IF_HOST { }
      |                         ^
/usr/local/cuda/include/sm_32_intrinsics.h:299:62: note: in expansion of macro '__DEF_IF_HOST'
  299 | __SM_32_INTRINSICS_DECL__ double2 __ldcv(const double2 *ptr) __DEF_IF_HOST
      |                                                              ^~~~~~~~~~~~~
/usr/local/cuda/include/sm_32_intrinsics.h: In function 'unsigned int __funnelshift_l(unsigned int, unsigned int, unsigned int)':
/usr/local/cuda/include/sm_32_intrinsics.h:74:25: warning: no return statement in function returning non-void [-Wreturn-type]
   74 | #define __DEF_IF_HOST { }
      |                         ^
/usr/local/cuda/include/sm_32_intrinsics.h:460:110: note: in expansion of macro '__DEF_IF_HOST'
  460 | __SM_32_INTRINSICS_DECL__ unsigned int __funnelshift_l(unsigned int lo, unsigned int hi, unsigned int shift) __DEF_IF_HOST
      |                                                                                                              ^~~~~~~~~~~~~
/usr/local/cuda/include/sm_32_intrinsics.h: In function 'unsigned int __funnelshift_lc(unsigned int, unsigned int, unsigned int)':
/usr/local/cuda/include/sm_32_intrinsics.h:74:25: warning: no return statement in function returning non-void [-Wreturn-type]
   74 | #define __DEF_IF_HOST { }
      |                         ^
/usr/local/cuda/include/sm_32_intrinsics.h:472:111: note: in expansion of macro '__DEF_IF_HOST'
  472 | __SM_32_INTRINSICS_DECL__ unsigned int __funnelshift_lc(unsigned int lo, unsigned int hi, unsigned int shift) __DEF_IF_HOST
      |                                                                                                               ^~~~~~~~~~~~~
/usr/local/cuda/include/sm_32_intrinsics.h: In function 'unsigned int __funnelshift_r(unsigned int, unsigned int, unsigned int)':
/usr/local/cuda/include/sm_32_intrinsics.h:74:25: warning: no return statement in function returning non-void [-Wreturn-type]
   74 | #define __DEF_IF_HOST { }
      |                         ^
/usr/local/cuda/include/sm_32_intrinsics.h:485:110: note: in expansion of macro '__DEF_IF_HOST'
  485 | __SM_32_INTRINSICS_DECL__ unsigned int __funnelshift_r(unsigned int lo, unsigned int hi, unsigned int shift) __DEF_IF_HOST
      |                                                                                                              ^~~~~~~~~~~~~
/usr/local/cuda/include/sm_32_intrinsics.h: In function 'unsigned int __funnelshift_rc(unsigned int, unsigned int, unsigned int)':
/usr/local/cuda/include/sm_32_intrinsics.h:74:25: warning: no return statement in function returning non-void [-Wreturn-type]
   74 | #define __DEF_IF_HOST { }
      |                         ^
/usr/local/cuda/include/sm_32_intrinsics.h:497:111: note: in expansion of macro '__DEF_IF_HOST'
  497 | __SM_32_INTRINSICS_DECL__ unsigned int __funnelshift_rc(unsigned int lo, unsigned int hi, unsigned int shift) __DEF_IF_HOST
      |                                                                                                               ^~~~~~~~~~~~~
In file included from /usr/local/cuda/include/crt/device_functions.h:3625,
                 from /home/GVirtuS/GVirtuS/plugins/cudart/backend/CudaRtHandler.h:71,
                 from /home/GVirtuS/GVirtuS/plugins/cudart/backend/CudaRtHandler_device.cpp:26:
/usr/local/cuda/include/sm_61_intrinsics.h: In function 'int __dp2a_lo(int, int, int)':
/usr/local/cuda/include/sm_61_intrinsics.h:72:25: warning: no return statement in function returning non-void [-Wreturn-type]
   72 | #define __DEF_IF_HOST { }
      |                         ^
/usr/local/cuda/include/sm_61_intrinsics.h:99:68: note: in expansion of macro '__DEF_IF_HOST'
   99 | __SM_61_INTRINSICS_DECL__ int __dp2a_lo(int srcA, int srcB, int c) __DEF_IF_HOST
      |                                                                    ^~~~~~~~~~~~~
/usr/local/cuda/include/sm_61_intrinsics.h: In function 'unsigned int __dp2a_lo(unsigned int, unsigned int, unsigned int)':
/usr/local/cuda/include/sm_61_intrinsics.h:72:25: warning: no return statement in function returning non-void [-Wreturn-type]
   72 | #define __DEF_IF_HOST { }
      |                         ^
/usr/local/cuda/include/sm_61_intrinsics.h:110:104: note: in expansion of macro '__DEF_IF_HOST'
  110 | __SM_61_INTRINSICS_DECL__ unsigned int __dp2a_lo(unsigned int srcA, unsigned int srcB, unsigned int c) __DEF_IF_HOST
      |                                                                                                        ^~~~~~~~~~~~~
/usr/local/cuda/include/sm_61_intrinsics.h: In function 'int __dp2a_lo(short2, char4, int)':
/usr/local/cuda/include/sm_61_intrinsics.h:72:25: warning: no return statement in function returning non-void [-Wreturn-type]
   72 | #define __DEF_IF_HOST { }
      |                         ^
/usr/local/cuda/include/sm_61_intrinsics.h:122:73: note: in expansion of macro '__DEF_IF_HOST'
  122 | __SM_61_INTRINSICS_DECL__ int __dp2a_lo(short2 srcA, char4 srcB, int c) __DEF_IF_HOST
      |                                                                         ^~~~~~~~~~~~~
/usr/local/cuda/include/sm_61_intrinsics.h: In function 'unsigned int __dp2a_lo(ushort2, uchar4, unsigned int)':
/usr/local/cuda/include/sm_61_intrinsics.h:72:25: warning: no return statement in function returning non-void [-Wreturn-type]
   72 | #define __DEF_IF_HOST { }
      |                         ^
/usr/local/cuda/include/sm_61_intrinsics.h:133:93: note: in expansion of macro '__DEF_IF_HOST'
  133 | __SM_61_INTRINSICS_DECL__ unsigned int __dp2a_lo(ushort2 srcA, uchar4 srcB, unsigned int c) __DEF_IF_HOST
      |                                                                                             ^~~~~~~~~~~~~
/usr/local/cuda/include/sm_61_intrinsics.h: In function 'int __dp2a_hi(int, int, int)':
/usr/local/cuda/include/sm_61_intrinsics.h:72:25: warning: no return statement in function returning non-void [-Wreturn-type]
   72 | #define __DEF_IF_HOST { }
      |                         ^
/usr/local/cuda/include/sm_61_intrinsics.h:145:68: note: in expansion of macro '__DEF_IF_HOST'
  145 | __SM_61_INTRINSICS_DECL__ int __dp2a_hi(int srcA, int srcB, int c) __DEF_IF_HOST
      |                                                                    ^~~~~~~~~~~~~
/usr/local/cuda/include/sm_61_intrinsics.h: In function 'unsigned int __dp2a_hi(unsigned int, unsigned int, unsigned int)':
/usr/local/cuda/include/sm_61_intrinsics.h:72:25: warning: no return statement in function returning non-void [-Wreturn-type]
   72 | #define __DEF_IF_HOST { }
      |                         ^
/usr/local/cuda/include/sm_61_intrinsics.h:156:104: note: in expansion of macro '__DEF_IF_HOST'
  156 | __SM_61_INTRINSICS_DECL__ unsigned int __dp2a_hi(unsigned int srcA, unsigned int srcB, unsigned int c) __DEF_IF_HOST
      |                                                                                                        ^~~~~~~~~~~~~
/usr/local/cuda/include/sm_61_intrinsics.h: In function 'int __dp2a_hi(short2, char4, int)':
/usr/local/cuda/include/sm_61_intrinsics.h:72:25: warning: no return statement in function returning non-void [-Wreturn-type]
   72 | #define __DEF_IF_HOST { }
      |                         ^
/usr/local/cuda/include/sm_61_intrinsics.h:168:73: note: in expansion of macro '__DEF_IF_HOST'
  168 | __SM_61_INTRINSICS_DECL__ int __dp2a_hi(short2 srcA, char4 srcB, int c) __DEF_IF_HOST
      |                                                                         ^~~~~~~~~~~~~
/usr/local/cuda/include/sm_61_intrinsics.h: In function 'unsigned int __dp2a_hi(ushort2, uchar4, unsigned int)':
/usr/local/cuda/include/sm_61_intrinsics.h:72:25: warning: no return statement in function returning non-void [-Wreturn-type]
   72 | #define __DEF_IF_HOST { }
      |                         ^
/usr/local/cuda/include/sm_61_intrinsics.h:179:93: note: in expansion of macro '__DEF_IF_HOST'
  179 | __SM_61_INTRINSICS_DECL__ unsigned int __dp2a_hi(ushort2 srcA, uchar4 srcB, unsigned int c) __DEF_IF_HOST
      |                                                                                             ^~~~~~~~~~~~~
/usr/local/cuda/include/sm_61_intrinsics.h: In function 'int __dp4a(int, int, int)':
/usr/local/cuda/include/sm_61_intrinsics.h:72:25: warning: no return statement in function returning non-void [-Wreturn-type]
   72 | #define __DEF_IF_HOST { }
      |                         ^
/usr/local/cuda/include/sm_61_intrinsics.h:194:65: note: in expansion of macro '__DEF_IF_HOST'
  194 | __SM_61_INTRINSICS_DECL__ int __dp4a(int srcA, int srcB, int c) __DEF_IF_HOST
      |                                                                 ^~~~~~~~~~~~~
/usr/local/cuda/include/sm_61_intrinsics.h: In function 'unsigned int __dp4a(unsigned int, unsigned int, unsigned int)':
/usr/local/cuda/include/sm_61_intrinsics.h:72:25: warning: no return statement in function returning non-void [-Wreturn-type]
   72 | #define __DEF_IF_HOST { }
      |                         ^
/usr/local/cuda/include/sm_61_intrinsics.h:203:101: note: in expansion of macro '__DEF_IF_HOST'
  203 | __SM_61_INTRINSICS_DECL__ unsigned int __dp4a(unsigned int srcA, unsigned int srcB, unsigned int c) __DEF_IF_HOST
      |                                                                                                     ^~~~~~~~~~~~~
/usr/local/cuda/include/sm_61_intrinsics.h: In function 'int __dp4a(char4, char4, int)':
/usr/local/cuda/include/sm_61_intrinsics.h:72:25: warning: no return statement in function returning non-void [-Wreturn-type]
   72 | #define __DEF_IF_HOST { }
      |                         ^
/usr/local/cuda/include/sm_61_intrinsics.h:213:69: note: in expansion of macro '__DEF_IF_HOST'
  213 | __SM_61_INTRINSICS_DECL__ int __dp4a(char4 srcA, char4 srcB, int c) __DEF_IF_HOST
      |                                                                     ^~~~~~~~~~~~~
/usr/local/cuda/include/sm_61_intrinsics.h: In function 'unsigned int __dp4a(uchar4, uchar4, unsigned int)':
/usr/local/cuda/include/sm_61_intrinsics.h:72:25: warning: no return statement in function returning non-void [-Wreturn-type]
   72 | #define __DEF_IF_HOST { }
      |                         ^
/usr/local/cuda/include/sm_61_intrinsics.h:222:89: note: in expansion of macro '__DEF_IF_HOST'
  222 | __SM_61_INTRINSICS_DECL__ unsigned int __dp4a(uchar4 srcA, uchar4 srcB, unsigned int c) __DEF_IF_HOST
      |                                                                                         ^~~~~~~~~~~~~
In file included from /usr/local/cuda/include/crt/device_functions.h:3626,
                 from /home/GVirtuS/GVirtuS/plugins/cudart/backend/CudaRtHandler.h:71,
                 from /home/GVirtuS/GVirtuS/plugins/cudart/backend/CudaRtHandler_device.cpp:26:
/usr/local/cuda/include/crt/sm_70_rt.h: In function 'unsigned int __match_any_sync(unsigned int, unsigned int)':
/usr/local/cuda/include/crt/sm_70_rt.h:84:25: warning: no return statement in function returning non-void [-Wreturn-type]
   84 | #define __DEF_IF_HOST { }
      |                         ^
/usr/local/cuda/include/crt/sm_70_rt.h:93:80: note: in expansion of macro '__DEF_IF_HOST'
   93 | __SM_70_RT_DECL__ unsigned int __match_any_sync(unsigned mask, unsigned value) __DEF_IF_HOST
      |                                                                                ^~~~~~~~~~~~~
/usr/local/cuda/include/crt/sm_70_rt.h: In function 'unsigned int __match_any_sync(unsigned int, int)':
/usr/local/cuda/include/crt/sm_70_rt.h:84:25: warning: no return statement in function returning non-void [-Wreturn-type]
   84 | #define __DEF_IF_HOST { }
      |                         ^
/usr/local/cuda/include/crt/sm_70_rt.h:94:75: note: in expansion of macro '__DEF_IF_HOST'
   94 | __SM_70_RT_DECL__ unsigned int __match_any_sync(unsigned mask, int value) __DEF_IF_HOST
      |                                                                           ^~~~~~~~~~~~~
/usr/local/cuda/include/crt/sm_70_rt.h: In function 'unsigned int __match_any_sync(unsigned int, long unsigned int)':
/usr/local/cuda/include/crt/sm_70_rt.h:84:25: warning: no return statement in function returning non-void [-Wreturn-type]
   84 | #define __DEF_IF_HOST { }
      |                         ^
/usr/local/cuda/include/crt/sm_70_rt.h:95:85: note: in expansion of macro '__DEF_IF_HOST'
   95 | __SM_70_RT_DECL__ unsigned int __match_any_sync(unsigned mask, unsigned long value) __DEF_IF_HOST
      |                                                                                     ^~~~~~~~~~~~~
/usr/local/cuda/include/crt/sm_70_rt.h: In function 'unsigned int __match_any_sync(unsigned int, long int)':
/usr/local/cuda/include/crt/sm_70_rt.h:84:25: warning: no return statement in function returning non-void [-Wreturn-type]
   84 | #define __DEF_IF_HOST { }
      |                         ^
/usr/local/cuda/include/crt/sm_70_rt.h:96:76: note: in expansion of macro '__DEF_IF_HOST'
   96 | __SM_70_RT_DECL__ unsigned int __match_any_sync(unsigned mask, long value) __DEF_IF_HOST
      |                                                                            ^~~~~~~~~~~~~
/usr/local/cuda/include/crt/sm_70_rt.h: In function 'unsigned int __match_any_sync(unsigned int, long long unsigned int)':
/usr/local/cuda/include/crt/sm_70_rt.h:84:25: warning: no return statement in function returning non-void [-Wreturn-type]
   84 | #define __DEF_IF_HOST { }
      |                         ^
/usr/local/cuda/include/crt/sm_70_rt.h:97:90: note: in expansion of macro '__DEF_IF_HOST'
   97 | __SM_70_RT_DECL__ unsigned int __match_any_sync(unsigned mask, unsigned long long value) __DEF_IF_HOST
      |                                                                                          ^~~~~~~~~~~~~
/usr/local/cuda/include/crt/sm_70_rt.h: In function 'unsigned int __match_any_sync(unsigned int, long long int)':
/usr/local/cuda/include/crt/sm_70_rt.h:84:25: warning: no return statement in function returning non-void [-Wreturn-type]
   84 | #define __DEF_IF_HOST { }
      |                         ^
/usr/local/cuda/include/crt/sm_70_rt.h:98:81: note: in expansion of macro '__DEF_IF_HOST'
   98 | __SM_70_RT_DECL__ unsigned int __match_any_sync(unsigned mask, long long value) __DEF_IF_HOST
      |                                                                                 ^~~~~~~~~~~~~
/usr/local/cuda/include/crt/sm_70_rt.h: In function 'unsigned int __match_any_sync(unsigned int, float)':
/usr/local/cuda/include/crt/sm_70_rt.h:84:25: warning: no return statement in function returning non-void [-Wreturn-type]
   84 | #define __DEF_IF_HOST { }
      |                         ^
/usr/local/cuda/include/crt/sm_70_rt.h:99:77: note: in expansion of macro '__DEF_IF_HOST'
   99 | __SM_70_RT_DECL__ unsigned int __match_any_sync(unsigned mask, float value) __DEF_IF_HOST
      |                                                                             ^~~~~~~~~~~~~
/usr/local/cuda/include/crt/sm_70_rt.h: In function 'unsigned int __match_any_sync(unsigned int, double)':
/usr/local/cuda/include/crt/sm_70_rt.h:84:25: warning: no return statement in function returning non-void [-Wreturn-type]
   84 | #define __DEF_IF_HOST { }
      |                         ^
/usr/local/cuda/include/crt/sm_70_rt.h:100:78: note: in expansion of macro '__DEF_IF_HOST'
  100 | __SM_70_RT_DECL__ unsigned int __match_any_sync(unsigned mask, double value) __DEF_IF_HOST
      |                                                                              ^~~~~~~~~~~~~
/usr/local/cuda/include/crt/sm_70_rt.h: In function 'unsigned int __match_all_sync(unsigned int, unsigned int, int*)':
/usr/local/cuda/include/crt/sm_70_rt.h:84:25: warning: no return statement in function returning non-void [-Wreturn-type]
   84 | #define __DEF_IF_HOST { }
      |                         ^
/usr/local/cuda/include/crt/sm_70_rt.h:102:91: note: in expansion of macro '__DEF_IF_HOST'
  102 | __SM_70_RT_DECL__ unsigned int __match_all_sync(unsigned mask, unsigned value, int *pred) __DEF_IF_HOST
      |                                                                                           ^~~~~~~~~~~~~
/usr/local/cuda/include/crt/sm_70_rt.h: In function 'unsigned int __match_all_sync(unsigned int, int, int*)':
/usr/local/cuda/include/crt/sm_70_rt.h:84:25: warning: no return statement in function returning non-void [-Wreturn-type]
   84 | #define __DEF_IF_HOST { }
      |                         ^
/usr/local/cuda/include/crt/sm_70_rt.h:103:86: note: in expansion of macro '__DEF_IF_HOST'
  103 | __SM_70_RT_DECL__ unsigned int __match_all_sync(unsigned mask, int value, int *pred) __DEF_IF_HOST
      |                                                                                      ^~~~~~~~~~~~~
/usr/local/cuda/include/crt/sm_70_rt.h: In function 'unsigned int __match_all_sync(unsigned int, long unsigned int, int*)':
/usr/local/cuda/include/crt/sm_70_rt.h:84:25: warning: no return statement in function returning non-void [-Wreturn-type]
   84 | #define __DEF_IF_HOST { }
      |                         ^
/usr/local/cuda/include/crt/sm_70_rt.h:104:96: note: in expansion of macro '__DEF_IF_HOST'
  104 | __SM_70_RT_DECL__ unsigned int __match_all_sync(unsigned mask, unsigned long value, int *pred) __DEF_IF_HOST
      |                                                                                                ^~~~~~~~~~~~~
/usr/local/cuda/include/crt/sm_70_rt.h: In function 'unsigned int __match_all_sync(unsigned int, long int, int*)':
/usr/local/cuda/include/crt/sm_70_rt.h:84:25: warning: no return statement in function returning non-void [-Wreturn-type]
   84 | #define __DEF_IF_HOST { }
      |                         ^
/usr/local/cuda/include/crt/sm_70_rt.h:105:87: note: in expansion of macro '__DEF_IF_HOST'
  105 | __SM_70_RT_DECL__ unsigned int __match_all_sync(unsigned mask, long value, int *pred) __DEF_IF_HOST
      |                                                                                       ^~~~~~~~~~~~~
/usr/local/cuda/include/crt/sm_70_rt.h: In function 'unsigned int __match_all_sync(unsigned int, long long unsigned int, int*)':
/usr/local/cuda/include/crt/sm_70_rt.h:84:25: warning: no return statement in function returning non-void [-Wreturn-type]
   84 | #define __DEF_IF_HOST { }
      |                         ^
/usr/local/cuda/include/crt/sm_70_rt.h:106:101: note: in expansion of macro '__DEF_IF_HOST'
  106 | __SM_70_RT_DECL__ unsigned int __match_all_sync(unsigned mask, unsigned long long value, int *pred) __DEF_IF_HOST
      |                                                                                                     ^~~~~~~~~~~~~
/usr/local/cuda/include/crt/sm_70_rt.h: In function 'unsigned int __match_all_sync(unsigned int, long long int, int*)':
/usr/local/cuda/include/crt/sm_70_rt.h:84:25: warning: no return statement in function returning non-void [-Wreturn-type]
   84 | #define __DEF_IF_HOST { }
      |                         ^
/usr/local/cuda/include/crt/sm_70_rt.h:107:92: note: in expansion of macro '__DEF_IF_HOST'
  107 | __SM_70_RT_DECL__ unsigned int __match_all_sync(unsigned mask, long long value, int *pred) __DEF_IF_HOST
      |                                                                                            ^~~~~~~~~~~~~
/usr/local/cuda/include/crt/sm_70_rt.h: In function 'unsigned int __match_all_sync(unsigned int, float, int*)':
/usr/local/cuda/include/crt/sm_70_rt.h:84:25: warning: no return statement in function returning non-void [-Wreturn-type]
   84 | #define __DEF_IF_HOST { }
      |                         ^
/usr/local/cuda/include/crt/sm_70_rt.h:108:88: note: in expansion of macro '__DEF_IF_HOST'
  108 | __SM_70_RT_DECL__ unsigned int __match_all_sync(unsigned mask, float value, int *pred) __DEF_IF_HOST
      |                                                                                        ^~~~~~~~~~~~~
/usr/local/cuda/include/crt/sm_70_rt.h: In function 'unsigned int __match_all_sync(unsigned int, double, int*)':
/usr/local/cuda/include/crt/sm_70_rt.h:84:25: warning: no return statement in function returning non-void [-Wreturn-type]
   84 | #define __DEF_IF_HOST { }
      |                         ^
/usr/local/cuda/include/crt/sm_70_rt.h:109:89: note: in expansion of macro '__DEF_IF_HOST'
  109 | __SM_70_RT_DECL__ unsigned int __match_all_sync(unsigned mask, double value, int *pred) __DEF_IF_HOST
      |                                                                                         ^~~~~~~~~~~~~
/usr/local/cuda/include/crt/sm_70_rt.h: In function 'short unsigned int atomicCAS(short unsigned int*, short unsigned int, short unsigned int)':
/usr/local/cuda/include/crt/sm_70_rt.h:84:25: warning: no return statement in function returning non-void [-Wreturn-type]
   84 | #define __DEF_IF_HOST { }
      |                         ^
/usr/local/cuda/include/crt/sm_70_rt.h:113:129: note: in expansion of macro '__DEF_IF_HOST'
  113 | __SM_70_RT_DECL__ unsigned short int atomicCAS(unsigned short int *address, unsigned short int compare, unsigned short int val) __DEF_IF_HOST
      |                                                                                                                                 ^~~~~~~~~~~~~
In file included from /usr/local/cuda/include/crt/device_functions.h:3627,
                 from /home/GVirtuS/GVirtuS/plugins/cudart/backend/CudaRtHandler.h:71,
                 from /home/GVirtuS/GVirtuS/plugins/cudart/backend/CudaRtHandler_device.cpp:26:
/usr/local/cuda/include/crt/sm_80_rt.h: In function 'unsigned int __reduce_add_sync(unsigned int, unsigned int)':
/usr/local/cuda/include/crt/sm_80_rt.h:84:25: warning: no return statement in function returning non-void [-Wreturn-type]
   84 | #define __DEF_IF_HOST { }
      |                         ^
/usr/local/cuda/include/crt/sm_80_rt.h:93:77: note: in expansion of macro '__DEF_IF_HOST'
   93 | __SM_80_RT_DECL__ unsigned __reduce_add_sync(unsigned mask, unsigned value) __DEF_IF_HOST
      |                                                                             ^~~~~~~~~~~~~
/usr/local/cuda/include/crt/sm_80_rt.h: In function 'unsigned int __reduce_min_sync(unsigned int, unsigned int)':
/usr/local/cuda/include/crt/sm_80_rt.h:84:25: warning: no return statement in function returning non-void [-Wreturn-type]
   84 | #define __DEF_IF_HOST { }
      |                         ^
/usr/local/cuda/include/crt/sm_80_rt.h:94:77: note: in expansion of macro '__DEF_IF_HOST'
   94 | __SM_80_RT_DECL__ unsigned __reduce_min_sync(unsigned mask, unsigned value) __DEF_IF_HOST
      |                                                                             ^~~~~~~~~~~~~
/usr/local/cuda/include/crt/sm_80_rt.h: In function 'unsigned int __reduce_max_sync(unsigned int, unsigned int)':
/usr/local/cuda/include/crt/sm_80_rt.h:84:25: warning: no return statement in function returning non-void [-Wreturn-type]
   84 | #define __DEF_IF_HOST { }
      |                         ^
/usr/local/cuda/include/crt/sm_80_rt.h:95:77: note: in expansion of macro '__DEF_IF_HOST'
   95 | __SM_80_RT_DECL__ unsigned __reduce_max_sync(unsigned mask, unsigned value) __DEF_IF_HOST
      |                                                                             ^~~~~~~~~~~~~
/usr/local/cuda/include/crt/sm_80_rt.h: In function 'int __reduce_add_sync(unsigned int, int)':
/usr/local/cuda/include/crt/sm_80_rt.h:84:25: warning: no return statement in function returning non-void [-Wreturn-type]
   84 | #define __DEF_IF_HOST { }
      |                         ^
/usr/local/cuda/include/crt/sm_80_rt.h:97:67: note: in expansion of macro '__DEF_IF_HOST'
   97 | __SM_80_RT_DECL__ int __reduce_add_sync(unsigned mask, int value) __DEF_IF_HOST
      |                                                                   ^~~~~~~~~~~~~
/usr/local/cuda/include/crt/sm_80_rt.h: In function 'int __reduce_min_sync(unsigned int, int)':
/usr/local/cuda/include/crt/sm_80_rt.h:84:25: warning: no return statement in function returning non-void [-Wreturn-type]
   84 | #define __DEF_IF_HOST { }
      |                         ^
/usr/local/cuda/include/crt/sm_80_rt.h:98:67: note: in expansion of macro '__DEF_IF_HOST'
   98 | __SM_80_RT_DECL__ int __reduce_min_sync(unsigned mask, int value) __DEF_IF_HOST
      |                                                                   ^~~~~~~~~~~~~
/usr/local/cuda/include/crt/sm_80_rt.h: In function 'int __reduce_max_sync(unsigned int, int)':
/usr/local/cuda/include/crt/sm_80_rt.h:84:25: warning: no return statement in function returning non-void [-Wreturn-type]
   84 | #define __DEF_IF_HOST { }
      |                         ^
/usr/local/cuda/include/crt/sm_80_rt.h:99:67: note: in expansion of macro '__DEF_IF_HOST'
   99 | __SM_80_RT_DECL__ int __reduce_max_sync(unsigned mask, int value) __DEF_IF_HOST
      |                                                                   ^~~~~~~~~~~~~
/usr/local/cuda/include/crt/sm_80_rt.h: In function 'unsigned int __reduce_and_sync(unsigned int, unsigned int)':
/usr/local/cuda/include/crt/sm_80_rt.h:84:25: warning: no return statement in function returning non-void [-Wreturn-type]
   84 | #define __DEF_IF_HOST { }
      |                         ^
/usr/local/cuda/include/crt/sm_80_rt.h:101:77: note: in expansion of macro '__DEF_IF_HOST'
  101 | __SM_80_RT_DECL__ unsigned __reduce_and_sync(unsigned mask, unsigned value) __DEF_IF_HOST
      |                                                                             ^~~~~~~~~~~~~
/usr/local/cuda/include/crt/sm_80_rt.h: In function 'unsigned int __reduce_or_sync(unsigned int, unsigned int)':
/usr/local/cuda/include/crt/sm_80_rt.h:84:25: warning: no return statement in function returning non-void [-Wreturn-type]
   84 | #define __DEF_IF_HOST { }
      |                         ^
/usr/local/cuda/include/crt/sm_80_rt.h:102:76: note: in expansion of macro '__DEF_IF_HOST'
  102 | __SM_80_RT_DECL__ unsigned __reduce_or_sync(unsigned mask, unsigned value) __DEF_IF_HOST
      |                                                                            ^~~~~~~~~~~~~
/usr/local/cuda/include/crt/sm_80_rt.h: In function 'unsigned int __reduce_xor_sync(unsigned int, unsigned int)':
/usr/local/cuda/include/crt/sm_80_rt.h:84:25: warning: no return statement in function returning non-void [-Wreturn-type]
   84 | #define __DEF_IF_HOST { }
      |                         ^
/usr/local/cuda/include/crt/sm_80_rt.h:103:77: note: in expansion of macro '__DEF_IF_HOST'
  103 | __SM_80_RT_DECL__ unsigned __reduce_xor_sync(unsigned mask, unsigned value) __DEF_IF_HOST
      |                                                                             ^~~~~~~~~~~~~
In file included from /usr/local/cuda/include/crt/device_functions.h:3628,
                 from /home/GVirtuS/GVirtuS/plugins/cudart/backend/CudaRtHandler.h:71,
                 from /home/GVirtuS/GVirtuS/plugins/cudart/backend/CudaRtHandler_device.cpp:26:
/usr/local/cuda/include/crt/sm_90_rt.h: In function 'unsigned int __isCtaShared(const void*)':
/usr/local/cuda/include/crt/sm_90_rt.h:84:25: warning: no return statement in function returning non-void [-Wreturn-type]
   84 | #define __DEF_IF_HOST { }
      |                         ^
/usr/local/cuda/include/crt/sm_90_rt.h:89:59: note: in expansion of macro '__DEF_IF_HOST'
   89 | __SM_90_RT_DECL__ unsigned __isCtaShared(const void *ptr) __DEF_IF_HOST
      |                                                           ^~~~~~~~~~~~~
/usr/local/cuda/include/crt/sm_90_rt.h: In function 'unsigned int __isClusterShared(const void*)':
/usr/local/cuda/include/crt/sm_90_rt.h:84:25: warning: no return statement in function returning non-void [-Wreturn-type]
   84 | #define __DEF_IF_HOST { }
      |                         ^
/usr/local/cuda/include/crt/sm_90_rt.h:90:63: note: in expansion of macro '__DEF_IF_HOST'
   90 | __SM_90_RT_DECL__ unsigned __isClusterShared(const void *ptr) __DEF_IF_HOST
      |                                                               ^~~~~~~~~~~~~
/usr/local/cuda/include/crt/sm_90_rt.h: In function 'void* __cluster_map_shared_rank(const void*, unsigned int)':
/usr/local/cuda/include/crt/sm_90_rt.h:84:25: warning: no return statement in function returning non-void [-Wreturn-type]
   84 | #define __DEF_IF_HOST { }
      |                         ^
/usr/local/cuda/include/crt/sm_90_rt.h:91:97: note: in expansion of macro '__DEF_IF_HOST'
   91 | __SM_90_RT_DECL__ void *__cluster_map_shared_rank(const void *ptr, unsigned target_block_rank)  __DEF_IF_HOST
      |                                                                                                 ^~~~~~~~~~~~~
/usr/local/cuda/include/crt/sm_90_rt.h: In function 'unsigned int __cluster_query_shared_rank(const void*)':
/usr/local/cuda/include/crt/sm_90_rt.h:84:25: warning: no return statement in function returning non-void [-Wreturn-type]
   84 | #define __DEF_IF_HOST { }
      |                         ^
/usr/local/cuda/include/crt/sm_90_rt.h:92:73: note: in expansion of macro '__DEF_IF_HOST'
   92 | __SM_90_RT_DECL__ unsigned __cluster_query_shared_rank(const void *ptr) __DEF_IF_HOST
      |                                                                         ^~~~~~~~~~~~~
/usr/local/cuda/include/crt/sm_90_rt.h: In function 'uint2 __cluster_map_shared_multicast(const void*, unsigned int)':
/usr/local/cuda/include/crt/sm_90_rt.h:84:25: warning: no return statement in function returning non-void [-Wreturn-type]
   84 | #define __DEF_IF_HOST { }
      |                         ^
/usr/local/cuda/include/crt/sm_90_rt.h:93:100: note: in expansion of macro '__DEF_IF_HOST'
   93 | __SM_90_RT_DECL__ uint2 __cluster_map_shared_multicast(const void *ptr, unsigned cluster_cta_mask) __DEF_IF_HOST
      |                                                                                                    ^~~~~~~~~~~~~
/usr/local/cuda/include/crt/sm_90_rt.h: In function 'unsigned int __clusterDimIsSpecified()':
/usr/local/cuda/include/crt/sm_90_rt.h:84:25: warning: no return statement in function returning non-void [-Wreturn-type]
   84 | #define __DEF_IF_HOST { }
      |                         ^
/usr/local/cuda/include/crt/sm_90_rt.h:94:54: note: in expansion of macro '__DEF_IF_HOST'
   94 | __SM_90_RT_DECL__ unsigned __clusterDimIsSpecified() __DEF_IF_HOST
      |                                                      ^~~~~~~~~~~~~
/usr/local/cuda/include/crt/sm_90_rt.h: In function 'dim3 __clusterDim()':
/usr/local/cuda/include/crt/sm_90_rt.h:84:25: warning: no return statement in function returning non-void [-Wreturn-type]
   84 | #define __DEF_IF_HOST { }
      |                         ^
/usr/local/cuda/include/crt/sm_90_rt.h:95:39: note: in expansion of macro '__DEF_IF_HOST'
   95 | __SM_90_RT_DECL__ dim3 __clusterDim() __DEF_IF_HOST
      |                                       ^~~~~~~~~~~~~
/usr/local/cuda/include/crt/sm_90_rt.h: In function 'dim3 __clusterRelativeBlockIdx()':
/usr/local/cuda/include/crt/sm_90_rt.h:84:25: warning: no return statement in function returning non-void [-Wreturn-type]
   84 | #define __DEF_IF_HOST { }
      |                         ^
/usr/local/cuda/include/crt/sm_90_rt.h:96:52: note: in expansion of macro '__DEF_IF_HOST'
   96 | __SM_90_RT_DECL__ dim3 __clusterRelativeBlockIdx() __DEF_IF_HOST
      |                                                    ^~~~~~~~~~~~~
/usr/local/cuda/include/crt/sm_90_rt.h: In function 'dim3 __clusterGridDimInClusters()':
/usr/local/cuda/include/crt/sm_90_rt.h:84:25: warning: no return statement in function returning non-void [-Wreturn-type]
   84 | #define __DEF_IF_HOST { }
      |                         ^
/usr/local/cuda/include/crt/sm_90_rt.h:97:53: note: in expansion of macro '__DEF_IF_HOST'
   97 | __SM_90_RT_DECL__ dim3 __clusterGridDimInClusters() __DEF_IF_HOST
      |                                                     ^~~~~~~~~~~~~
/usr/local/cuda/include/crt/sm_90_rt.h: In function 'dim3 __clusterIdx()':
/usr/local/cuda/include/crt/sm_90_rt.h:84:25: warning: no return statement in function returning non-void [-Wreturn-type]
   84 | #define __DEF_IF_HOST { }
      |                         ^
/usr/local/cuda/include/crt/sm_90_rt.h:98:39: note: in expansion of macro '__DEF_IF_HOST'
   98 | __SM_90_RT_DECL__ dim3 __clusterIdx() __DEF_IF_HOST
      |                                       ^~~~~~~~~~~~~
/usr/local/cuda/include/crt/sm_90_rt.h: In function 'unsigned int __clusterRelativeBlockRank()':
/usr/local/cuda/include/crt/sm_90_rt.h:84:25: warning: no return statement in function returning non-void [-Wreturn-type]
   84 | #define __DEF_IF_HOST { }
      |                         ^
/usr/local/cuda/include/crt/sm_90_rt.h:99:57: note: in expansion of macro '__DEF_IF_HOST'
   99 | __SM_90_RT_DECL__ unsigned __clusterRelativeBlockRank() __DEF_IF_HOST
      |                                                         ^~~~~~~~~~~~~
/usr/local/cuda/include/crt/sm_90_rt.h: In function 'unsigned int __clusterSizeInBlocks()':
/usr/local/cuda/include/crt/sm_90_rt.h:84:25: warning: no return statement in function returning non-void [-Wreturn-type]
   84 | #define __DEF_IF_HOST { }
      |                         ^
/usr/local/cuda/include/crt/sm_90_rt.h:100:52: note: in expansion of macro '__DEF_IF_HOST'
  100 | __SM_90_RT_DECL__ unsigned __clusterSizeInBlocks() __DEF_IF_HOST
      |                                                    ^~~~~~~~~~~~~
/usr/local/cuda/include/crt/sm_90_rt.h: In function 'float2 atomicAdd(float2*, float2)':
/usr/local/cuda/include/crt/sm_90_rt.h:84:25: warning: no return statement in function returning non-void [-Wreturn-type]
   84 | #define __DEF_IF_HOST { }
      |                         ^
/usr/local/cuda/include/crt/sm_90_rt.h:106:65: note: in expansion of macro '__DEF_IF_HOST'
  106 | __SM_90_RT_DECL__ float2 atomicAdd(float2 *address, float2 val) __DEF_IF_HOST
      |                                                                 ^~~~~~~~~~~~~
/usr/local/cuda/include/crt/sm_90_rt.h: In function 'float2 atomicAdd_block(float2*, float2)':
/usr/local/cuda/include/crt/sm_90_rt.h:84:25: warning: no return statement in function returning non-void [-Wreturn-type]
   84 | #define __DEF_IF_HOST { }
      |                         ^
/usr/local/cuda/include/crt/sm_90_rt.h:107:71: note: in expansion of macro '__DEF_IF_HOST'
  107 | __SM_90_RT_DECL__ float2 atomicAdd_block(float2 *address, float2 val) __DEF_IF_HOST
      |                                                                       ^~~~~~~~~~~~~
/usr/local/cuda/include/crt/sm_90_rt.h: In function 'float2 atomicAdd_system(float2*, float2)':
/usr/local/cuda/include/crt/sm_90_rt.h:84:25: warning: no return statement in function returning non-void [-Wreturn-type]
   84 | #define __DEF_IF_HOST { }
      |                         ^
/usr/local/cuda/include/crt/sm_90_rt.h:108:72: note: in expansion of macro '__DEF_IF_HOST'
  108 | __SM_90_RT_DECL__ float2 atomicAdd_system(float2 *address, float2 val) __DEF_IF_HOST
      |                                                                        ^~~~~~~~~~~~~
/usr/local/cuda/include/crt/sm_90_rt.h: In function 'float4 atomicAdd(float4*, float4)':
/usr/local/cuda/include/crt/sm_90_rt.h:84:25: warning: no return statement in function returning non-void [-Wreturn-type]
   84 | #define __DEF_IF_HOST { }
      |                         ^
/usr/local/cuda/include/crt/sm_90_rt.h:109:65: note: in expansion of macro '__DEF_IF_HOST'
  109 | __SM_90_RT_DECL__ float4 atomicAdd(float4 *address, float4 val) __DEF_IF_HOST
      |                                                                 ^~~~~~~~~~~~~
/usr/local/cuda/include/crt/sm_90_rt.h: In function 'float4 atomicAdd_block(float4*, float4)':
/usr/local/cuda/include/crt/sm_90_rt.h:84:25: warning: no return statement in function returning non-void [-Wreturn-type]
   84 | #define __DEF_IF_HOST { }
      |                         ^
/usr/local/cuda/include/crt/sm_90_rt.h:110:71: note: in expansion of macro '__DEF_IF_HOST'
  110 | __SM_90_RT_DECL__ float4 atomicAdd_block(float4 *address, float4 val) __DEF_IF_HOST
      |                                                                       ^~~~~~~~~~~~~
/usr/local/cuda/include/crt/sm_90_rt.h: In function 'float4 atomicAdd_system(float4*, float4)':
/usr/local/cuda/include/crt/sm_90_rt.h:84:25: warning: no return statement in function returning non-void [-Wreturn-type]
   84 | #define __DEF_IF_HOST { }
      |                         ^
/usr/local/cuda/include/crt/sm_90_rt.h:111:72: note: in expansion of macro '__DEF_IF_HOST'
  111 | __SM_90_RT_DECL__ float4 atomicAdd_system(float4 *address, float4 val) __DEF_IF_HOST
      |                                                                        ^~~~~~~~~~~~~
/home/GVirtuS/GVirtuS/plugins/cudart/backend/CudaRtHandler_device.cpp: In function 'std::shared_ptr<gvirtus::communicators::Result> handleIpcOpenEventHandle(CudaRtHandler*, std::shared_ptr<gvirtus::communicators::Buffer>)':
/home/GVirtuS/GVirtuS/plugins/cudart/backend/CudaRtHandler_device.cpp:373:1: warning: control reaches end of non-void function [-Wreturn-type]
  373 | }
      | ^
[ 57%] Building CXX object plugins/cudart/CMakeFiles/gvirtus-plugin-cudart.dir/backend/CudaRtHandler_stream.cpp.o
In file included from /home/GVirtuS/GVirtuS/plugins/cudart/backend/CudaRtHandler.h:71,
                 from /home/GVirtuS/GVirtuS/plugins/cudart/backend/CudaRtHandler_stream.cpp:26:
/usr/local/cuda/include/crt/device_functions.h:54:2: warning: #warning "crt/device_functions.h is an internal header file and must not be used directly.  Please use cuda_runtime_api.h or cuda_runtime.h instead." [-Wcpp]
   54 | #warning "crt/device_functions.h is an internal header file and must not be used directly.  Please use cuda_runtime_api.h or cuda_runtime.h instead."
      |  ^~~~~~~
In file included from /usr/local/cuda/include/crt/device_functions.h:3615,
                 from /home/GVirtuS/GVirtuS/plugins/cudart/backend/CudaRtHandler.h:71,
                 from /home/GVirtuS/GVirtuS/plugins/cudart/backend/CudaRtHandler_stream.cpp:26:
/usr/local/cuda/include/device_atomic_functions.h: In function 'int atomicAdd(int*, int)':
/usr/local/cuda/include/device_atomic_functions.h:74:25: warning: no return statement in function returning non-void [-Wreturn-type]
   74 | #define __DEF_IF_HOST { }
      |                         ^
/usr/local/cuda/include/device_atomic_functions.h:86:71: note: in expansion of macro '__DEF_IF_HOST'
   86 | __DEVICE_ATOMIC_FUNCTIONS_DECL__ int atomicAdd(int *address, int val) __DEF_IF_HOST
      |                                                                       ^~~~~~~~~~~~~
/usr/local/cuda/include/device_atomic_functions.h: In function 'unsigned int atomicAdd(unsigned int*, unsigned int)':
/usr/local/cuda/include/device_atomic_functions.h:74:25: warning: no return statement in function returning non-void [-Wreturn-type]
   74 | #define __DEF_IF_HOST { }
      |                         ^
/usr/local/cuda/include/device_atomic_functions.h:88:98: note: in expansion of macro '__DEF_IF_HOST'
   88 | __DEVICE_ATOMIC_FUNCTIONS_DECL__ unsigned int atomicAdd(unsigned int *address, unsigned int val) __DEF_IF_HOST
      |                                                                                                  ^~~~~~~~~~~~~
/usr/local/cuda/include/device_atomic_functions.h: In function 'int atomicSub(int*, int)':
/usr/local/cuda/include/device_atomic_functions.h:74:25: warning: no return statement in function returning non-void [-Wreturn-type]
   74 | #define __DEF_IF_HOST { }
      |                         ^
/usr/local/cuda/include/device_atomic_functions.h:90:71: note: in expansion of macro '__DEF_IF_HOST'
   90 | __DEVICE_ATOMIC_FUNCTIONS_DECL__ int atomicSub(int *address, int val) __DEF_IF_HOST
      |                                                                       ^~~~~~~~~~~~~
/usr/local/cuda/include/device_atomic_functions.h: In function 'unsigned int atomicSub(unsigned int*, unsigned int)':
/usr/local/cuda/include/device_atomic_functions.h:74:25: warning: no return statement in function returning non-void [-Wreturn-type]
   74 | #define __DEF_IF_HOST { }
      |                         ^
/usr/local/cuda/include/device_atomic_functions.h:92:98: note: in expansion of macro '__DEF_IF_HOST'
   92 | __DEVICE_ATOMIC_FUNCTIONS_DECL__ unsigned int atomicSub(unsigned int *address, unsigned int val) __DEF_IF_HOST
      |                                                                                                  ^~~~~~~~~~~~~
/usr/local/cuda/include/device_atomic_functions.h: In function 'int atomicExch(int*, int)':
/usr/local/cuda/include/device_atomic_functions.h:74:25: warning: no return statement in function returning non-void [-Wreturn-type]
   74 | #define __DEF_IF_HOST { }
      |                         ^
/usr/local/cuda/include/device_atomic_functions.h:94:72: note: in expansion of macro '__DEF_IF_HOST'
   94 | __DEVICE_ATOMIC_FUNCTIONS_DECL__ int atomicExch(int *address, int val) __DEF_IF_HOST
      |                                                                        ^~~~~~~~~~~~~
/usr/local/cuda/include/device_atomic_functions.h: In function 'unsigned int atomicExch(unsigned int*, unsigned int)':
/usr/local/cuda/include/device_atomic_functions.h:74:25: warning: no return statement in function returning non-void [-Wreturn-type]
   74 | #define __DEF_IF_HOST { }
      |                         ^
/usr/local/cuda/include/device_atomic_functions.h:96:99: note: in expansion of macro '__DEF_IF_HOST'
   96 | __DEVICE_ATOMIC_FUNCTIONS_DECL__ unsigned int atomicExch(unsigned int *address, unsigned int val) __DEF_IF_HOST
      |                                                                                                   ^~~~~~~~~~~~~
/usr/local/cuda/include/device_atomic_functions.h: In function 'float atomicExch(float*, float)':
/usr/local/cuda/include/device_atomic_functions.h:74:25: warning: no return statement in function returning non-void [-Wreturn-type]
   74 | #define __DEF_IF_HOST { }
      |                         ^
/usr/local/cuda/include/device_atomic_functions.h:98:78: note: in expansion of macro '__DEF_IF_HOST'
   98 | __DEVICE_ATOMIC_FUNCTIONS_DECL__ float atomicExch(float *address, float val) __DEF_IF_HOST
      |                                                                              ^~~~~~~~~~~~~
/usr/local/cuda/include/device_atomic_functions.h: In function 'int atomicMin(int*, int)':
/usr/local/cuda/include/device_atomic_functions.h:74:25: warning: no return statement in function returning non-void [-Wreturn-type]
   74 | #define __DEF_IF_HOST { }
      |                         ^
/usr/local/cuda/include/device_atomic_functions.h:100:71: note: in expansion of macro '__DEF_IF_HOST'
  100 | __DEVICE_ATOMIC_FUNCTIONS_DECL__ int atomicMin(int *address, int val) __DEF_IF_HOST
      |                                                                       ^~~~~~~~~~~~~
/usr/local/cuda/include/device_atomic_functions.h: In function 'unsigned int atomicMin(unsigned int*, unsigned int)':
/usr/local/cuda/include/device_atomic_functions.h:74:25: warning: no return statement in function returning non-void [-Wreturn-type]
   74 | #define __DEF_IF_HOST { }
      |                         ^
/usr/local/cuda/include/device_atomic_functions.h:102:98: note: in expansion of macro '__DEF_IF_HOST'
  102 | __DEVICE_ATOMIC_FUNCTIONS_DECL__ unsigned int atomicMin(unsigned int *address, unsigned int val) __DEF_IF_HOST
      |                                                                                                  ^~~~~~~~~~~~~
/usr/local/cuda/include/device_atomic_functions.h: In function 'int atomicMax(int*, int)':
/usr/local/cuda/include/device_atomic_functions.h:74:25: warning: no return statement in function returning non-void [-Wreturn-type]
   74 | #define __DEF_IF_HOST { }
      |                         ^
/usr/local/cuda/include/device_atomic_functions.h:104:71: note: in expansion of macro '__DEF_IF_HOST'
  104 | __DEVICE_ATOMIC_FUNCTIONS_DECL__ int atomicMax(int *address, int val) __DEF_IF_HOST
      |                                                                       ^~~~~~~~~~~~~
/usr/local/cuda/include/device_atomic_functions.h: In function 'unsigned int atomicMax(unsigned int*, unsigned int)':
/usr/local/cuda/include/device_atomic_functions.h:74:25: warning: no return statement in function returning non-void [-Wreturn-type]
   74 | #define __DEF_IF_HOST { }
      |                         ^
/usr/local/cuda/include/device_atomic_functions.h:106:98: note: in expansion of macro '__DEF_IF_HOST'
  106 | __DEVICE_ATOMIC_FUNCTIONS_DECL__ unsigned int atomicMax(unsigned int *address, unsigned int val) __DEF_IF_HOST
      |                                                                                                  ^~~~~~~~~~~~~
/usr/local/cuda/include/device_atomic_functions.h: In function 'unsigned int atomicInc(unsigned int*, unsigned int)':
/usr/local/cuda/include/device_atomic_functions.h:74:25: warning: no return statement in function returning non-void [-Wreturn-type]
   74 | #define __DEF_IF_HOST { }
      |                         ^
/usr/local/cuda/include/device_atomic_functions.h:108:98: note: in expansion of macro '__DEF_IF_HOST'
  108 | __DEVICE_ATOMIC_FUNCTIONS_DECL__ unsigned int atomicInc(unsigned int *address, unsigned int val) __DEF_IF_HOST
      |                                                                                                  ^~~~~~~~~~~~~
/usr/local/cuda/include/device_atomic_functions.h: In function 'unsigned int atomicDec(unsigned int*, unsigned int)':
/usr/local/cuda/include/device_atomic_functions.h:74:25: warning: no return statement in function returning non-void [-Wreturn-type]
   74 | #define __DEF_IF_HOST { }
      |                         ^
/usr/local/cuda/include/device_atomic_functions.h:110:98: note: in expansion of macro '__DEF_IF_HOST'
  110 | __DEVICE_ATOMIC_FUNCTIONS_DECL__ unsigned int atomicDec(unsigned int *address, unsigned int val) __DEF_IF_HOST
      |                                                                                                  ^~~~~~~~~~~~~
/usr/local/cuda/include/device_atomic_functions.h: In function 'int atomicAnd(int*, int)':
/usr/local/cuda/include/device_atomic_functions.h:74:25: warning: no return statement in function returning non-void [-Wreturn-type]
   74 | #define __DEF_IF_HOST { }
      |                         ^
/usr/local/cuda/include/device_atomic_functions.h:112:71: note: in expansion of macro '__DEF_IF_HOST'
  112 | __DEVICE_ATOMIC_FUNCTIONS_DECL__ int atomicAnd(int *address, int val) __DEF_IF_HOST
      |                                                                       ^~~~~~~~~~~~~
/usr/local/cuda/include/device_atomic_functions.h: In function 'unsigned int atomicAnd(unsigned int*, unsigned int)':
/usr/local/cuda/include/device_atomic_functions.h:74:25: warning: no return statement in function returning non-void [-Wreturn-type]
   74 | #define __DEF_IF_HOST { }
      |                         ^
/usr/local/cuda/include/device_atomic_functions.h:114:98: note: in expansion of macro '__DEF_IF_HOST'
  114 | __DEVICE_ATOMIC_FUNCTIONS_DECL__ unsigned int atomicAnd(unsigned int *address, unsigned int val) __DEF_IF_HOST
      |                                                                                                  ^~~~~~~~~~~~~
/usr/local/cuda/include/device_atomic_functions.h: In function 'int atomicOr(int*, int)':
/usr/local/cuda/include/device_atomic_functions.h:74:25: warning: no return statement in function returning non-void [-Wreturn-type]
   74 | #define __DEF_IF_HOST { }
      |                         ^
/usr/local/cuda/include/device_atomic_functions.h:116:70: note: in expansion of macro '__DEF_IF_HOST'
  116 | __DEVICE_ATOMIC_FUNCTIONS_DECL__ int atomicOr(int *address, int val) __DEF_IF_HOST
      |                                                                      ^~~~~~~~~~~~~
/usr/local/cuda/include/device_atomic_functions.h: In function 'unsigned int atomicOr(unsigned int*, unsigned int)':
/usr/local/cuda/include/device_atomic_functions.h:74:25: warning: no return statement in function returning non-void [-Wreturn-type]
   74 | #define __DEF_IF_HOST { }
      |                         ^
/usr/local/cuda/include/device_atomic_functions.h:118:97: note: in expansion of macro '__DEF_IF_HOST'
  118 | __DEVICE_ATOMIC_FUNCTIONS_DECL__ unsigned int atomicOr(unsigned int *address, unsigned int val) __DEF_IF_HOST
      |                                                                                                 ^~~~~~~~~~~~~
/usr/local/cuda/include/device_atomic_functions.h: In function 'int atomicXor(int*, int)':
/usr/local/cuda/include/device_atomic_functions.h:74:25: warning: no return statement in function returning non-void [-Wreturn-type]
   74 | #define __DEF_IF_HOST { }
      |                         ^
/usr/local/cuda/include/device_atomic_functions.h:120:71: note: in expansion of macro '__DEF_IF_HOST'
  120 | __DEVICE_ATOMIC_FUNCTIONS_DECL__ int atomicXor(int *address, int val) __DEF_IF_HOST
      |                                                                       ^~~~~~~~~~~~~
/usr/local/cuda/include/device_atomic_functions.h: In function 'unsigned int atomicXor(unsigned int*, unsigned int)':
/usr/local/cuda/include/device_atomic_functions.h:74:25: warning: no return statement in function returning non-void [-Wreturn-type]
   74 | #define __DEF_IF_HOST { }
      |                         ^
/usr/local/cuda/include/device_atomic_functions.h:122:98: note: in expansion of macro '__DEF_IF_HOST'
  122 | __DEVICE_ATOMIC_FUNCTIONS_DECL__ unsigned int atomicXor(unsigned int *address, unsigned int val) __DEF_IF_HOST
      |                                                                                                  ^~~~~~~~~~~~~
/usr/local/cuda/include/device_atomic_functions.h: In function 'int atomicCAS(int*, int, int)':
/usr/local/cuda/include/device_atomic_functions.h:74:25: warning: no return statement in function returning non-void [-Wreturn-type]
   74 | #define __DEF_IF_HOST { }
      |                         ^
/usr/local/cuda/include/device_atomic_functions.h:124:84: note: in expansion of macro '__DEF_IF_HOST'
  124 | __DEVICE_ATOMIC_FUNCTIONS_DECL__ int atomicCAS(int *address, int compare, int val) __DEF_IF_HOST
      |                                                                                    ^~~~~~~~~~~~~
/usr/local/cuda/include/device_atomic_functions.h: In function 'unsigned int atomicCAS(unsigned int*, unsigned int, unsigned int)':
/usr/local/cuda/include/device_atomic_functions.h:74:25: warning: no return statement in function returning non-void [-Wreturn-type]
   74 | #define __DEF_IF_HOST { }
      |                         ^
/usr/local/cuda/include/device_atomic_functions.h:126:120: note: in expansion of macro '__DEF_IF_HOST'
  126 | __DEVICE_ATOMIC_FUNCTIONS_DECL__ unsigned int atomicCAS(unsigned int *address, unsigned int compare, unsigned int val) __DEF_IF_HOST
      |                                                                                                                        ^~~~~~~~~~~~~
/usr/local/cuda/include/device_atomic_functions.h: In function 'long long unsigned int atomicAdd(long long unsigned int*, long long unsigned int)':
/usr/local/cuda/include/device_atomic_functions.h:74:25: warning: no return statement in function returning non-void [-Wreturn-type]
   74 | #define __DEF_IF_HOST { }
      |                         ^
/usr/local/cuda/include/device_atomic_functions.h:166:128: note: in expansion of macro '__DEF_IF_HOST'
  166 | __DEVICE_ATOMIC_FUNCTIONS_DECL__ unsigned long long int atomicAdd(unsigned long long int *address, unsigned long long int val) __DEF_IF_HOST
      |                                                                                                                                ^~~~~~~~~~~~~
/usr/local/cuda/include/device_atomic_functions.h: In function 'long long unsigned int atomicExch(long long unsigned int*, long long unsigned int)':
/usr/local/cuda/include/device_atomic_functions.h:74:25: warning: no return statement in function returning non-void [-Wreturn-type]
   74 | #define __DEF_IF_HOST { }
      |                         ^
/usr/local/cuda/include/device_atomic_functions.h:168:129: note: in expansion of macro '__DEF_IF_HOST'
  168 | __DEVICE_ATOMIC_FUNCTIONS_DECL__ unsigned long long int atomicExch(unsigned long long int *address, unsigned long long int val) __DEF_IF_HOST
      |                                                                                                                                 ^~~~~~~~~~~~~
/usr/local/cuda/include/device_atomic_functions.h: In function 'long long unsigned int atomicCAS(long long unsigned int*, long long unsigned int, long long unsigned int)':
/usr/local/cuda/include/device_atomic_functions.h:74:25: warning: no return statement in function returning non-void [-Wreturn-type]
   74 | #define __DEF_IF_HOST { }
      |                         ^
/usr/local/cuda/include/device_atomic_functions.h:170:160: note: in expansion of macro '__DEF_IF_HOST'
  170 | __DEVICE_ATOMIC_FUNCTIONS_DECL__ unsigned long long int atomicCAS(unsigned long long int *address, unsigned long long int compare, unsigned long long int val) __DEF_IF_HOST
      |                                                                                                                                                                ^~~~~~~~~~~~~
/usr/local/cuda/include/device_atomic_functions.h: In function 'bool any(bool)':
/usr/local/cuda/include/device_atomic_functions.h:74:25: warning: no return statement in function returning non-void [-Wreturn-type]
   74 | #define __DEF_IF_HOST { }
      |                         ^
/usr/local/cuda/include/device_atomic_functions.h:172:103: note: in expansion of macro '__DEF_IF_HOST'
  172 | __DEVICE_ATOMIC_FUNCTIONS_DECL__ __DEPRECATED__(__WSB_DEPRECATION_MESSAGE(__any)) bool any(bool cond) __DEF_IF_HOST
      |                                                                                                       ^~~~~~~~~~~~~
/usr/local/cuda/include/device_atomic_functions.h: In function 'bool all(bool)':
/usr/local/cuda/include/device_atomic_functions.h:74:25: warning: no return statement in function returning non-void [-Wreturn-type]
   74 | #define __DEF_IF_HOST { }
      |                         ^
/usr/local/cuda/include/device_atomic_functions.h:174:103: note: in expansion of macro '__DEF_IF_HOST'
  174 | __DEVICE_ATOMIC_FUNCTIONS_DECL__ __DEPRECATED__(__WSB_DEPRECATION_MESSAGE(__all)) bool all(bool cond) __DEF_IF_HOST
      |                                                                                                       ^~~~~~~~~~~~~
In file included from /usr/local/cuda/include/crt/device_functions.h:3617,
                 from /home/GVirtuS/GVirtuS/plugins/cudart/backend/CudaRtHandler.h:71,
                 from /home/GVirtuS/GVirtuS/plugins/cudart/backend/CudaRtHandler_stream.cpp:26:
/usr/local/cuda/include/sm_20_atomic_functions.h: In function 'float atomicAdd(float*, float)':
/usr/local/cuda/include/sm_20_atomic_functions.h:79:25: warning: no return statement in function returning non-void [-Wreturn-type]
   79 | #define __DEF_IF_HOST { }
      |                         ^
/usr/local/cuda/include/sm_20_atomic_functions.h:96:76: note: in expansion of macro '__DEF_IF_HOST'
   96 | __SM_20_ATOMIC_FUNCTIONS_DECL__ float atomicAdd(float *address, float val) __DEF_IF_HOST
      |                                                                            ^~~~~~~~~~~~~
In file included from /usr/local/cuda/include/crt/device_functions.h:3618,
                 from /home/GVirtuS/GVirtuS/plugins/cudart/backend/CudaRtHandler.h:71,
                 from /home/GVirtuS/GVirtuS/plugins/cudart/backend/CudaRtHandler_stream.cpp:26:
/usr/local/cuda/include/sm_32_atomic_functions.h: In function 'long long int atomicMin(long long int*, long long int)':
/usr/local/cuda/include/sm_32_atomic_functions.h:72:25: warning: no return statement in function returning non-void [-Wreturn-type]
   72 | #define __DEF_IF_HOST { }
      |                         ^
/usr/local/cuda/include/sm_32_atomic_functions.h:89:88: note: in expansion of macro '__DEF_IF_HOST'
   89 | __SM_32_ATOMIC_FUNCTIONS_DECL__ long long atomicMin(long long *address, long long val) __DEF_IF_HOST
      |                                                                                        ^~~~~~~~~~~~~
/usr/local/cuda/include/sm_32_atomic_functions.h: In function 'long long int atomicMax(long long int*, long long int)':
/usr/local/cuda/include/sm_32_atomic_functions.h:72:25: warning: no return statement in function returning non-void [-Wreturn-type]
   72 | #define __DEF_IF_HOST { }
      |                         ^
/usr/local/cuda/include/sm_32_atomic_functions.h:91:88: note: in expansion of macro '__DEF_IF_HOST'
   91 | __SM_32_ATOMIC_FUNCTIONS_DECL__ long long atomicMax(long long *address, long long val) __DEF_IF_HOST
      |                                                                                        ^~~~~~~~~~~~~
/usr/local/cuda/include/sm_32_atomic_functions.h: In function 'long long int atomicAnd(long long int*, long long int)':
/usr/local/cuda/include/sm_32_atomic_functions.h:72:25: warning: no return statement in function returning non-void [-Wreturn-type]
   72 | #define __DEF_IF_HOST { }
      |                         ^
/usr/local/cuda/include/sm_32_atomic_functions.h:93:88: note: in expansion of macro '__DEF_IF_HOST'
   93 | __SM_32_ATOMIC_FUNCTIONS_DECL__ long long atomicAnd(long long *address, long long val) __DEF_IF_HOST
      |                                                                                        ^~~~~~~~~~~~~
/usr/local/cuda/include/sm_32_atomic_functions.h: In function 'long long int atomicOr(long long int*, long long int)':
/usr/local/cuda/include/sm_32_atomic_functions.h:72:25: warning: no return statement in function returning non-void [-Wreturn-type]
   72 | #define __DEF_IF_HOST { }
      |                         ^
/usr/local/cuda/include/sm_32_atomic_functions.h:95:87: note: in expansion of macro '__DEF_IF_HOST'
   95 | __SM_32_ATOMIC_FUNCTIONS_DECL__ long long atomicOr(long long *address, long long val) __DEF_IF_HOST
      |                                                                                       ^~~~~~~~~~~~~
/usr/local/cuda/include/sm_32_atomic_functions.h: In function 'long long int atomicXor(long long int*, long long int)':
/usr/local/cuda/include/sm_32_atomic_functions.h:72:25: warning: no return statement in function returning non-void [-Wreturn-type]
   72 | #define __DEF_IF_HOST { }
      |                         ^
/usr/local/cuda/include/sm_32_atomic_functions.h:97:88: note: in expansion of macro '__DEF_IF_HOST'
   97 | __SM_32_ATOMIC_FUNCTIONS_DECL__ long long atomicXor(long long *address, long long val) __DEF_IF_HOST
      |                                                                                        ^~~~~~~~~~~~~
/usr/local/cuda/include/sm_32_atomic_functions.h: In function 'long long unsigned int atomicMin(long long unsigned int*, long long unsigned int)':
/usr/local/cuda/include/sm_32_atomic_functions.h:72:25: warning: no return statement in function returning non-void [-Wreturn-type]
   72 | #define __DEF_IF_HOST { }
      |                         ^
/usr/local/cuda/include/sm_32_atomic_functions.h:99:115: note: in expansion of macro '__DEF_IF_HOST'
   99 | __SM_32_ATOMIC_FUNCTIONS_DECL__ unsigned long long atomicMin(unsigned long long *address, unsigned long long val) __DEF_IF_HOST
      |                                                                                                                   ^~~~~~~~~~~~~
/usr/local/cuda/include/sm_32_atomic_functions.h: In function 'long long unsigned int atomicMax(long long unsigned int*, long long unsigned int)':
/usr/local/cuda/include/sm_32_atomic_functions.h:72:25: warning: no return statement in function returning non-void [-Wreturn-type]
   72 | #define __DEF_IF_HOST { }
      |                         ^
/usr/local/cuda/include/sm_32_atomic_functions.h:101:115: note: in expansion of macro '__DEF_IF_HOST'
  101 | __SM_32_ATOMIC_FUNCTIONS_DECL__ unsigned long long atomicMax(unsigned long long *address, unsigned long long val) __DEF_IF_HOST
      |                                                                                                                   ^~~~~~~~~~~~~
/usr/local/cuda/include/sm_32_atomic_functions.h: In function 'long long unsigned int atomicAnd(long long unsigned int*, long long unsigned int)':
/usr/local/cuda/include/sm_32_atomic_functions.h:72:25: warning: no return statement in function returning non-void [-Wreturn-type]
   72 | #define __DEF_IF_HOST { }
      |                         ^
/usr/local/cuda/include/sm_32_atomic_functions.h:103:115: note: in expansion of macro '__DEF_IF_HOST'
  103 | __SM_32_ATOMIC_FUNCTIONS_DECL__ unsigned long long atomicAnd(unsigned long long *address, unsigned long long val) __DEF_IF_HOST
      |                                                                                                                   ^~~~~~~~~~~~~
/usr/local/cuda/include/sm_32_atomic_functions.h: In function 'long long unsigned int atomicOr(long long unsigned int*, long long unsigned int)':
/usr/local/cuda/include/sm_32_atomic_functions.h:72:25: warning: no return statement in function returning non-void [-Wreturn-type]
   72 | #define __DEF_IF_HOST { }
      |                         ^
/usr/local/cuda/include/sm_32_atomic_functions.h:105:114: note: in expansion of macro '__DEF_IF_HOST'
  105 | __SM_32_ATOMIC_FUNCTIONS_DECL__ unsigned long long atomicOr(unsigned long long *address, unsigned long long val) __DEF_IF_HOST
      |                                                                                                                  ^~~~~~~~~~~~~
/usr/local/cuda/include/sm_32_atomic_functions.h: In function 'long long unsigned int atomicXor(long long unsigned int*, long long unsigned int)':
/usr/local/cuda/include/sm_32_atomic_functions.h:72:25: warning: no return statement in function returning non-void [-Wreturn-type]
   72 | #define __DEF_IF_HOST { }
      |                         ^
/usr/local/cuda/include/sm_32_atomic_functions.h:107:115: note: in expansion of macro '__DEF_IF_HOST'
  107 | __SM_32_ATOMIC_FUNCTIONS_DECL__ unsigned long long atomicXor(unsigned long long *address, unsigned long long val) __DEF_IF_HOST
      |                                                                                                                   ^~~~~~~~~~~~~
In file included from /usr/local/cuda/include/crt/device_functions.h:3620,
                 from /home/GVirtuS/GVirtuS/plugins/cudart/backend/CudaRtHandler.h:71,
                 from /home/GVirtuS/GVirtuS/plugins/cudart/backend/CudaRtHandler_stream.cpp:26:
/usr/local/cuda/include/sm_60_atomic_functions.h: In function 'double atomicAdd(double*, double)':
/usr/local/cuda/include/sm_60_atomic_functions.h:77:25: warning: no return statement in function returning non-void [-Wreturn-type]
   77 | #define __DEF_IF_HOST { }
      |                         ^
/usr/local/cuda/include/sm_60_atomic_functions.h:90:79: note: in expansion of macro '__DEF_IF_HOST'
   90 | __SM_60_ATOMIC_FUNCTIONS_DECL__ double atomicAdd(double *address, double val) __DEF_IF_HOST
      |                                                                               ^~~~~~~~~~~~~
/usr/local/cuda/include/sm_60_atomic_functions.h: In function 'int atomicAdd_block(int*, int)':
/usr/local/cuda/include/sm_60_atomic_functions.h:77:25: warning: no return statement in function returning non-void [-Wreturn-type]
   77 | #define __DEF_IF_HOST { }
      |                         ^
/usr/local/cuda/include/sm_60_atomic_functions.h:93:44: note: in expansion of macro '__DEF_IF_HOST'
   93 | int atomicAdd_block(int *address, int val) __DEF_IF_HOST
      |                                            ^~~~~~~~~~~~~
/usr/local/cuda/include/sm_60_atomic_functions.h: In function 'int atomicAdd_system(int*, int)':
/usr/local/cuda/include/sm_60_atomic_functions.h:77:25: warning: no return statement in function returning non-void [-Wreturn-type]
   77 | #define __DEF_IF_HOST { }
      |                         ^
/usr/local/cuda/include/sm_60_atomic_functions.h:96:45: note: in expansion of macro '__DEF_IF_HOST'
   96 | int atomicAdd_system(int *address, int val) __DEF_IF_HOST
      |                                             ^~~~~~~~~~~~~
/usr/local/cuda/include/sm_60_atomic_functions.h: In function 'unsigned int atomicAdd_block(unsigned int*, unsigned int)':
/usr/local/cuda/include/sm_60_atomic_functions.h:77:25: warning: no return statement in function returning non-void [-Wreturn-type]
   77 | #define __DEF_IF_HOST { }
      |                         ^
/usr/local/cuda/include/sm_60_atomic_functions.h:99:71: note: in expansion of macro '__DEF_IF_HOST'
   99 | unsigned int atomicAdd_block(unsigned int *address, unsigned int val) __DEF_IF_HOST
      |                                                                       ^~~~~~~~~~~~~
/usr/local/cuda/include/sm_60_atomic_functions.h: In function 'unsigned int atomicAdd_system(unsigned int*, unsigned int)':
/usr/local/cuda/include/sm_60_atomic_functions.h:77:25: warning: no return statement in function returning non-void [-Wreturn-type]
   77 | #define __DEF_IF_HOST { }
      |                         ^
/usr/local/cuda/include/sm_60_atomic_functions.h:102:72: note: in expansion of macro '__DEF_IF_HOST'
  102 | unsigned int atomicAdd_system(unsigned int *address, unsigned int val) __DEF_IF_HOST
      |                                                                        ^~~~~~~~~~~~~
/usr/local/cuda/include/sm_60_atomic_functions.h: In function 'long long unsigned int atomicAdd_block(long long unsigned int*, long long unsigned int)':
/usr/local/cuda/include/sm_60_atomic_functions.h:77:25: warning: no return statement in function returning non-void [-Wreturn-type]
   77 | #define __DEF_IF_HOST { }
      |                         ^
/usr/local/cuda/include/sm_60_atomic_functions.h:105:89: note: in expansion of macro '__DEF_IF_HOST'
  105 | unsigned long long atomicAdd_block(unsigned long long *address, unsigned long long val) __DEF_IF_HOST
      |                                                                                         ^~~~~~~~~~~~~
/usr/local/cuda/include/sm_60_atomic_functions.h: In function 'long long unsigned int atomicAdd_system(long long unsigned int*, long long unsigned int)':
/usr/local/cuda/include/sm_60_atomic_functions.h:77:25: warning: no return statement in function returning non-void [-Wreturn-type]
   77 | #define __DEF_IF_HOST { }
      |                         ^
/usr/local/cuda/include/sm_60_atomic_functions.h:108:90: note: in expansion of macro '__DEF_IF_HOST'
  108 | unsigned long long atomicAdd_system(unsigned long long *address, unsigned long long val) __DEF_IF_HOST
      |                                                                                          ^~~~~~~~~~~~~
/usr/local/cuda/include/sm_60_atomic_functions.h: In function 'float atomicAdd_block(float*, float)':
/usr/local/cuda/include/sm_60_atomic_functions.h:77:25: warning: no return statement in function returning non-void [-Wreturn-type]
   77 | #define __DEF_IF_HOST { }
      |                         ^
/usr/local/cuda/include/sm_60_atomic_functions.h:111:50: note: in expansion of macro '__DEF_IF_HOST'
  111 | float atomicAdd_block(float *address, float val) __DEF_IF_HOST
      |                                                  ^~~~~~~~~~~~~
/usr/local/cuda/include/sm_60_atomic_functions.h: In function 'float atomicAdd_system(float*, float)':
/usr/local/cuda/include/sm_60_atomic_functions.h:77:25: warning: no return statement in function returning non-void [-Wreturn-type]
   77 | #define __DEF_IF_HOST { }
      |                         ^
/usr/local/cuda/include/sm_60_atomic_functions.h:114:51: note: in expansion of macro '__DEF_IF_HOST'
  114 | float atomicAdd_system(float *address, float val) __DEF_IF_HOST
      |                                                   ^~~~~~~~~~~~~
/usr/local/cuda/include/sm_60_atomic_functions.h: In function 'double atomicAdd_block(double*, double)':
/usr/local/cuda/include/sm_60_atomic_functions.h:77:25: warning: no return statement in function returning non-void [-Wreturn-type]
   77 | #define __DEF_IF_HOST { }
      |                         ^
/usr/local/cuda/include/sm_60_atomic_functions.h:117:53: note: in expansion of macro '__DEF_IF_HOST'
  117 | double atomicAdd_block(double *address, double val) __DEF_IF_HOST
      |                                                     ^~~~~~~~~~~~~
/usr/local/cuda/include/sm_60_atomic_functions.h: In function 'double atomicAdd_system(double*, double)':
/usr/local/cuda/include/sm_60_atomic_functions.h:77:25: warning: no return statement in function returning non-void [-Wreturn-type]
   77 | #define __DEF_IF_HOST { }
      |                         ^
/usr/local/cuda/include/sm_60_atomic_functions.h:120:54: note: in expansion of macro '__DEF_IF_HOST'
  120 | double atomicAdd_system(double *address, double val) __DEF_IF_HOST
      |                                                      ^~~~~~~~~~~~~
/usr/local/cuda/include/sm_60_atomic_functions.h: In function 'int atomicSub_block(int*, int)':
/usr/local/cuda/include/sm_60_atomic_functions.h:77:25: warning: no return statement in function returning non-void [-Wreturn-type]
   77 | #define __DEF_IF_HOST { }
      |                         ^
/usr/local/cuda/include/sm_60_atomic_functions.h:123:44: note: in expansion of macro '__DEF_IF_HOST'
  123 | int atomicSub_block(int *address, int val) __DEF_IF_HOST
      |                                            ^~~~~~~~~~~~~
/usr/local/cuda/include/sm_60_atomic_functions.h: In function 'int atomicSub_system(int*, int)':
/usr/local/cuda/include/sm_60_atomic_functions.h:77:25: warning: no return statement in function returning non-void [-Wreturn-type]
   77 | #define __DEF_IF_HOST { }
      |                         ^
/usr/local/cuda/include/sm_60_atomic_functions.h:126:45: note: in expansion of macro '__DEF_IF_HOST'
  126 | int atomicSub_system(int *address, int val) __DEF_IF_HOST
      |                                             ^~~~~~~~~~~~~
/usr/local/cuda/include/sm_60_atomic_functions.h: In function 'unsigned int atomicSub_block(unsigned int*, unsigned int)':
/usr/local/cuda/include/sm_60_atomic_functions.h:77:25: warning: no return statement in function returning non-void [-Wreturn-type]
   77 | #define __DEF_IF_HOST { }
      |                         ^
/usr/local/cuda/include/sm_60_atomic_functions.h:129:71: note: in expansion of macro '__DEF_IF_HOST'
  129 | unsigned int atomicSub_block(unsigned int *address, unsigned int val) __DEF_IF_HOST
      |                                                                       ^~~~~~~~~~~~~
/usr/local/cuda/include/sm_60_atomic_functions.h: In function 'unsigned int atomicSub_system(unsigned int*, unsigned int)':
/usr/local/cuda/include/sm_60_atomic_functions.h:77:25: warning: no return statement in function returning non-void [-Wreturn-type]
   77 | #define __DEF_IF_HOST { }
      |                         ^
/usr/local/cuda/include/sm_60_atomic_functions.h:132:72: note: in expansion of macro '__DEF_IF_HOST'
  132 | unsigned int atomicSub_system(unsigned int *address, unsigned int val) __DEF_IF_HOST
      |                                                                        ^~~~~~~~~~~~~
/usr/local/cuda/include/sm_60_atomic_functions.h: In function 'int atomicExch_block(int*, int)':
/usr/local/cuda/include/sm_60_atomic_functions.h:77:25: warning: no return statement in function returning non-void [-Wreturn-type]
   77 | #define __DEF_IF_HOST { }
      |                         ^
/usr/local/cuda/include/sm_60_atomic_functions.h:135:45: note: in expansion of macro '__DEF_IF_HOST'
  135 | int atomicExch_block(int *address, int val) __DEF_IF_HOST
      |                                             ^~~~~~~~~~~~~
/usr/local/cuda/include/sm_60_atomic_functions.h: In function 'int atomicExch_system(int*, int)':
/usr/local/cuda/include/sm_60_atomic_functions.h:77:25: warning: no return statement in function returning non-void [-Wreturn-type]
   77 | #define __DEF_IF_HOST { }
      |                         ^
/usr/local/cuda/include/sm_60_atomic_functions.h:138:46: note: in expansion of macro '__DEF_IF_HOST'
  138 | int atomicExch_system(int *address, int val) __DEF_IF_HOST
      |                                              ^~~~~~~~~~~~~
/usr/local/cuda/include/sm_60_atomic_functions.h: In function 'unsigned int atomicExch_block(unsigned int*, unsigned int)':
/usr/local/cuda/include/sm_60_atomic_functions.h:77:25: warning: no return statement in function returning non-void [-Wreturn-type]
   77 | #define __DEF_IF_HOST { }
      |                         ^
/usr/local/cuda/include/sm_60_atomic_functions.h:141:72: note: in expansion of macro '__DEF_IF_HOST'
  141 | unsigned int atomicExch_block(unsigned int *address, unsigned int val) __DEF_IF_HOST
      |                                                                        ^~~~~~~~~~~~~
/usr/local/cuda/include/sm_60_atomic_functions.h: In function 'unsigned int atomicExch_system(unsigned int*, unsigned int)':
/usr/local/cuda/include/sm_60_atomic_functions.h:77:25: warning: no return statement in function returning non-void [-Wreturn-type]
   77 | #define __DEF_IF_HOST { }
      |                         ^
/usr/local/cuda/include/sm_60_atomic_functions.h:144:73: note: in expansion of macro '__DEF_IF_HOST'
  144 | unsigned int atomicExch_system(unsigned int *address, unsigned int val) __DEF_IF_HOST
      |                                                                         ^~~~~~~~~~~~~
/usr/local/cuda/include/sm_60_atomic_functions.h: In function 'long long unsigned int atomicExch_block(long long unsigned int*, long long unsigned int)':
/usr/local/cuda/include/sm_60_atomic_functions.h:77:25: warning: no return statement in function returning non-void [-Wreturn-type]
   77 | #define __DEF_IF_HOST { }
      |                         ^
/usr/local/cuda/include/sm_60_atomic_functions.h:147:90: note: in expansion of macro '__DEF_IF_HOST'
  147 | unsigned long long atomicExch_block(unsigned long long *address, unsigned long long val) __DEF_IF_HOST
      |                                                                                          ^~~~~~~~~~~~~
/usr/local/cuda/include/sm_60_atomic_functions.h: In function 'long long unsigned int atomicExch_system(long long unsigned int*, long long unsigned int)':
/usr/local/cuda/include/sm_60_atomic_functions.h:77:25: warning: no return statement in function returning non-void [-Wreturn-type]
   77 | #define __DEF_IF_HOST { }
      |                         ^
/usr/local/cuda/include/sm_60_atomic_functions.h:150:91: note: in expansion of macro '__DEF_IF_HOST'
  150 | unsigned long long atomicExch_system(unsigned long long *address, unsigned long long val) __DEF_IF_HOST
      |                                                                                           ^~~~~~~~~~~~~
/usr/local/cuda/include/sm_60_atomic_functions.h: In function 'float atomicExch_block(float*, float)':
/usr/local/cuda/include/sm_60_atomic_functions.h:77:25: warning: no return statement in function returning non-void [-Wreturn-type]
   77 | #define __DEF_IF_HOST { }
      |                         ^
/usr/local/cuda/include/sm_60_atomic_functions.h:153:51: note: in expansion of macro '__DEF_IF_HOST'
  153 | float atomicExch_block(float *address, float val) __DEF_IF_HOST
      |                                                   ^~~~~~~~~~~~~
/usr/local/cuda/include/sm_60_atomic_functions.h: In function 'float atomicExch_system(float*, float)':
/usr/local/cuda/include/sm_60_atomic_functions.h:77:25: warning: no return statement in function returning non-void [-Wreturn-type]
   77 | #define __DEF_IF_HOST { }
      |                         ^
/usr/local/cuda/include/sm_60_atomic_functions.h:156:52: note: in expansion of macro '__DEF_IF_HOST'
  156 | float atomicExch_system(float *address, float val) __DEF_IF_HOST
      |                                                    ^~~~~~~~~~~~~
/usr/local/cuda/include/sm_60_atomic_functions.h: In function 'int atomicMin_block(int*, int)':
/usr/local/cuda/include/sm_60_atomic_functions.h:77:25: warning: no return statement in function returning non-void [-Wreturn-type]
   77 | #define __DEF_IF_HOST { }
      |                         ^
/usr/local/cuda/include/sm_60_atomic_functions.h:159:44: note: in expansion of macro '__DEF_IF_HOST'
  159 | int atomicMin_block(int *address, int val) __DEF_IF_HOST
      |                                            ^~~~~~~~~~~~~
/usr/local/cuda/include/sm_60_atomic_functions.h: In function 'int atomicMin_system(int*, int)':
/usr/local/cuda/include/sm_60_atomic_functions.h:77:25: warning: no return statement in function returning non-void [-Wreturn-type]
   77 | #define __DEF_IF_HOST { }
      |                         ^
/usr/local/cuda/include/sm_60_atomic_functions.h:162:45: note: in expansion of macro '__DEF_IF_HOST'
  162 | int atomicMin_system(int *address, int val) __DEF_IF_HOST
      |                                             ^~~~~~~~~~~~~
/usr/local/cuda/include/sm_60_atomic_functions.h: In function 'long long int atomicMin_block(long long int*, long long int)':
/usr/local/cuda/include/sm_60_atomic_functions.h:77:25: warning: no return statement in function returning non-void [-Wreturn-type]
   77 | #define __DEF_IF_HOST { }
      |                         ^
/usr/local/cuda/include/sm_60_atomic_functions.h:165:62: note: in expansion of macro '__DEF_IF_HOST'
  165 | long long atomicMin_block(long long *address, long long val) __DEF_IF_HOST
      |                                                              ^~~~~~~~~~~~~
/usr/local/cuda/include/sm_60_atomic_functions.h: In function 'long long int atomicMin_system(long long int*, long long int)':
/usr/local/cuda/include/sm_60_atomic_functions.h:77:25: warning: no return statement in function returning non-void [-Wreturn-type]
   77 | #define __DEF_IF_HOST { }
      |                         ^
/usr/local/cuda/include/sm_60_atomic_functions.h:168:63: note: in expansion of macro '__DEF_IF_HOST'
  168 | long long atomicMin_system(long long *address, long long val) __DEF_IF_HOST
      |                                                               ^~~~~~~~~~~~~
/usr/local/cuda/include/sm_60_atomic_functions.h: In function 'unsigned int atomicMin_block(unsigned int*, unsigned int)':
/usr/local/cuda/include/sm_60_atomic_functions.h:77:25: warning: no return statement in function returning non-void [-Wreturn-type]
   77 | #define __DEF_IF_HOST { }
      |                         ^
/usr/local/cuda/include/sm_60_atomic_functions.h:171:71: note: in expansion of macro '__DEF_IF_HOST'
  171 | unsigned int atomicMin_block(unsigned int *address, unsigned int val) __DEF_IF_HOST
      |                                                                       ^~~~~~~~~~~~~
/usr/local/cuda/include/sm_60_atomic_functions.h: In function 'unsigned int atomicMin_system(unsigned int*, unsigned int)':
/usr/local/cuda/include/sm_60_atomic_functions.h:77:25: warning: no return statement in function returning non-void [-Wreturn-type]
   77 | #define __DEF_IF_HOST { }
      |                         ^
/usr/local/cuda/include/sm_60_atomic_functions.h:174:72: note: in expansion of macro '__DEF_IF_HOST'
  174 | unsigned int atomicMin_system(unsigned int *address, unsigned int val) __DEF_IF_HOST
      |                                                                        ^~~~~~~~~~~~~
/usr/local/cuda/include/sm_60_atomic_functions.h: In function 'long long unsigned int atomicMin_block(long long unsigned int*, long long unsigned int)':
/usr/local/cuda/include/sm_60_atomic_functions.h:77:25: warning: no return statement in function returning non-void [-Wreturn-type]
   77 | #define __DEF_IF_HOST { }
      |                         ^
/usr/local/cuda/include/sm_60_atomic_functions.h:177:89: note: in expansion of macro '__DEF_IF_HOST'
  177 | unsigned long long atomicMin_block(unsigned long long *address, unsigned long long val) __DEF_IF_HOST
      |                                                                                         ^~~~~~~~~~~~~
/usr/local/cuda/include/sm_60_atomic_functions.h: In function 'long long unsigned int atomicMin_system(long long unsigned int*, long long unsigned int)':
/usr/local/cuda/include/sm_60_atomic_functions.h:77:25: warning: no return statement in function returning non-void [-Wreturn-type]
   77 | #define __DEF_IF_HOST { }
      |                         ^
/usr/local/cuda/include/sm_60_atomic_functions.h:180:90: note: in expansion of macro '__DEF_IF_HOST'
  180 | unsigned long long atomicMin_system(unsigned long long *address, unsigned long long val) __DEF_IF_HOST
      |                                                                                          ^~~~~~~~~~~~~
/usr/local/cuda/include/sm_60_atomic_functions.h: In function 'int atomicMax_block(int*, int)':
/usr/local/cuda/include/sm_60_atomic_functions.h:77:25: warning: no return statement in function returning non-void [-Wreturn-type]
   77 | #define __DEF_IF_HOST { }
      |                         ^
/usr/local/cuda/include/sm_60_atomic_functions.h:183:44: note: in expansion of macro '__DEF_IF_HOST'
  183 | int atomicMax_block(int *address, int val) __DEF_IF_HOST
      |                                            ^~~~~~~~~~~~~
/usr/local/cuda/include/sm_60_atomic_functions.h: In function 'int atomicMax_system(int*, int)':
/usr/local/cuda/include/sm_60_atomic_functions.h:77:25: warning: no return statement in function returning non-void [-Wreturn-type]
   77 | #define __DEF_IF_HOST { }
      |                         ^
/usr/local/cuda/include/sm_60_atomic_functions.h:186:45: note: in expansion of macro '__DEF_IF_HOST'
  186 | int atomicMax_system(int *address, int val) __DEF_IF_HOST
      |                                             ^~~~~~~~~~~~~
/usr/local/cuda/include/sm_60_atomic_functions.h: In function 'long long int atomicMax_block(long long int*, long long int)':
/usr/local/cuda/include/sm_60_atomic_functions.h:77:25: warning: no return statement in function returning non-void [-Wreturn-type]
   77 | #define __DEF_IF_HOST { }
      |                         ^
/usr/local/cuda/include/sm_60_atomic_functions.h:189:62: note: in expansion of macro '__DEF_IF_HOST'
  189 | long long atomicMax_block(long long *address, long long val) __DEF_IF_HOST
      |                                                              ^~~~~~~~~~~~~
/usr/local/cuda/include/sm_60_atomic_functions.h: In function 'long long int atomicMax_system(long long int*, long long int)':
/usr/local/cuda/include/sm_60_atomic_functions.h:77:25: warning: no return statement in function returning non-void [-Wreturn-type]
   77 | #define __DEF_IF_HOST { }
      |                         ^
/usr/local/cuda/include/sm_60_atomic_functions.h:192:63: note: in expansion of macro '__DEF_IF_HOST'
  192 | long long atomicMax_system(long long *address, long long val) __DEF_IF_HOST
      |                                                               ^~~~~~~~~~~~~
/usr/local/cuda/include/sm_60_atomic_functions.h: In function 'unsigned int atomicMax_block(unsigned int*, unsigned int)':
/usr/local/cuda/include/sm_60_atomic_functions.h:77:25: warning: no return statement in function returning non-void [-Wreturn-type]
   77 | #define __DEF_IF_HOST { }
      |                         ^
/usr/local/cuda/include/sm_60_atomic_functions.h:195:71: note: in expansion of macro '__DEF_IF_HOST'
  195 | unsigned int atomicMax_block(unsigned int *address, unsigned int val) __DEF_IF_HOST
      |                                                                       ^~~~~~~~~~~~~
/usr/local/cuda/include/sm_60_atomic_functions.h: In function 'unsigned int atomicMax_system(unsigned int*, unsigned int)':
/usr/local/cuda/include/sm_60_atomic_functions.h:77:25: warning: no return statement in function returning non-void [-Wreturn-type]
   77 | #define __DEF_IF_HOST { }
      |                         ^
/usr/local/cuda/include/sm_60_atomic_functions.h:198:72: note: in expansion of macro '__DEF_IF_HOST'
  198 | unsigned int atomicMax_system(unsigned int *address, unsigned int val) __DEF_IF_HOST
      |                                                                        ^~~~~~~~~~~~~
/usr/local/cuda/include/sm_60_atomic_functions.h: In function 'long long unsigned int atomicMax_block(long long unsigned int*, long long unsigned int)':
/usr/local/cuda/include/sm_60_atomic_functions.h:77:25: warning: no return statement in function returning non-void [-Wreturn-type]
   77 | #define __DEF_IF_HOST { }
      |                         ^
/usr/local/cuda/include/sm_60_atomic_functions.h:201:89: note: in expansion of macro '__DEF_IF_HOST'
  201 | unsigned long long atomicMax_block(unsigned long long *address, unsigned long long val) __DEF_IF_HOST
      |                                                                                         ^~~~~~~~~~~~~
/usr/local/cuda/include/sm_60_atomic_functions.h: In function 'long long unsigned int atomicMax_system(long long unsigned int*, long long unsigned int)':
/usr/local/cuda/include/sm_60_atomic_functions.h:77:25: warning: no return statement in function returning non-void [-Wreturn-type]
   77 | #define __DEF_IF_HOST { }
      |                         ^
/usr/local/cuda/include/sm_60_atomic_functions.h:204:90: note: in expansion of macro '__DEF_IF_HOST'
  204 | unsigned long long atomicMax_system(unsigned long long *address, unsigned long long val) __DEF_IF_HOST
      |                                                                                          ^~~~~~~~~~~~~
/usr/local/cuda/include/sm_60_atomic_functions.h: In function 'unsigned int atomicInc_block(unsigned int*, unsigned int)':
/usr/local/cuda/include/sm_60_atomic_functions.h:77:25: warning: no return statement in function returning non-void [-Wreturn-type]
   77 | #define __DEF_IF_HOST { }
      |                         ^
/usr/local/cuda/include/sm_60_atomic_functions.h:207:71: note: in expansion of macro '__DEF_IF_HOST'
  207 | unsigned int atomicInc_block(unsigned int *address, unsigned int val) __DEF_IF_HOST
      |                                                                       ^~~~~~~~~~~~~
/usr/local/cuda/include/sm_60_atomic_functions.h: In function 'unsigned int atomicInc_system(unsigned int*, unsigned int)':
/usr/local/cuda/include/sm_60_atomic_functions.h:77:25: warning: no return statement in function returning non-void [-Wreturn-type]
   77 | #define __DEF_IF_HOST { }
      |                         ^
/usr/local/cuda/include/sm_60_atomic_functions.h:210:72: note: in expansion of macro '__DEF_IF_HOST'
  210 | unsigned int atomicInc_system(unsigned int *address, unsigned int val) __DEF_IF_HOST
      |                                                                        ^~~~~~~~~~~~~
/usr/local/cuda/include/sm_60_atomic_functions.h: In function 'unsigned int atomicDec_block(unsigned int*, unsigned int)':
/usr/local/cuda/include/sm_60_atomic_functions.h:77:25: warning: no return statement in function returning non-void [-Wreturn-type]
   77 | #define __DEF_IF_HOST { }
      |                         ^
/usr/local/cuda/include/sm_60_atomic_functions.h:213:71: note: in expansion of macro '__DEF_IF_HOST'
  213 | unsigned int atomicDec_block(unsigned int *address, unsigned int val) __DEF_IF_HOST
      |                                                                       ^~~~~~~~~~~~~
/usr/local/cuda/include/sm_60_atomic_functions.h: In function 'unsigned int atomicDec_system(unsigned int*, unsigned int)':
/usr/local/cuda/include/sm_60_atomic_functions.h:77:25: warning: no return statement in function returning non-void [-Wreturn-type]
   77 | #define __DEF_IF_HOST { }
      |                         ^
/usr/local/cuda/include/sm_60_atomic_functions.h:216:72: note: in expansion of macro '__DEF_IF_HOST'
  216 | unsigned int atomicDec_system(unsigned int *address, unsigned int val) __DEF_IF_HOST
      |                                                                        ^~~~~~~~~~~~~
/usr/local/cuda/include/sm_60_atomic_functions.h: In function 'int atomicCAS_block(int*, int, int)':
/usr/local/cuda/include/sm_60_atomic_functions.h:77:25: warning: no return statement in function returning non-void [-Wreturn-type]
   77 | #define __DEF_IF_HOST { }
      |                         ^
/usr/local/cuda/include/sm_60_atomic_functions.h:219:57: note: in expansion of macro '__DEF_IF_HOST'
  219 | int atomicCAS_block(int *address, int compare, int val) __DEF_IF_HOST
      |                                                         ^~~~~~~~~~~~~
/usr/local/cuda/include/sm_60_atomic_functions.h: In function 'int atomicCAS_system(int*, int, int)':
/usr/local/cuda/include/sm_60_atomic_functions.h:77:25: warning: no return statement in function returning non-void [-Wreturn-type]
   77 | #define __DEF_IF_HOST { }
      |                         ^
/usr/local/cuda/include/sm_60_atomic_functions.h:222:58: note: in expansion of macro '__DEF_IF_HOST'
  222 | int atomicCAS_system(int *address, int compare, int val) __DEF_IF_HOST
      |                                                          ^~~~~~~~~~~~~
/usr/local/cuda/include/sm_60_atomic_functions.h: In function 'unsigned int atomicCAS_block(unsigned int*, unsigned int, unsigned int)':
/usr/local/cuda/include/sm_60_atomic_functions.h:77:25: warning: no return statement in function returning non-void [-Wreturn-type]
   77 | #define __DEF_IF_HOST { }
      |                         ^
/usr/local/cuda/include/sm_60_atomic_functions.h:226:48: note: in expansion of macro '__DEF_IF_HOST'
  226 |                              unsigned int val) __DEF_IF_HOST
      |                                                ^~~~~~~~~~~~~
/usr/local/cuda/include/sm_60_atomic_functions.h: In function 'unsigned int atomicCAS_system(unsigned int*, unsigned int, unsigned int)':
/usr/local/cuda/include/sm_60_atomic_functions.h:77:25: warning: no return statement in function returning non-void [-Wreturn-type]
   77 | #define __DEF_IF_HOST { }
      |                         ^
/usr/local/cuda/include/sm_60_atomic_functions.h:230:49: note: in expansion of macro '__DEF_IF_HOST'
  230 |                               unsigned int val) __DEF_IF_HOST
      |                                                 ^~~~~~~~~~~~~
/usr/local/cuda/include/sm_60_atomic_functions.h: In function 'long long unsigned int atomicCAS_block(long long unsigned int*, long long unsigned int, long long unsigned int)':
/usr/local/cuda/include/sm_60_atomic_functions.h:77:25: warning: no return statement in function returning non-void [-Wreturn-type]
   77 | #define __DEF_IF_HOST { }
      |                         ^
/usr/local/cuda/include/sm_60_atomic_functions.h:235:68: note: in expansion of macro '__DEF_IF_HOST'
  235 |                                        unsigned long long int val) __DEF_IF_HOST
      |                                                                    ^~~~~~~~~~~~~
/usr/local/cuda/include/sm_60_atomic_functions.h: In function 'long long unsigned int atomicCAS_system(long long unsigned int*, long long unsigned int, long long unsigned int)':
/usr/local/cuda/include/sm_60_atomic_functions.h:77:25: warning: no return statement in function returning non-void [-Wreturn-type]
   77 | #define __DEF_IF_HOST { }
      |                         ^
/usr/local/cuda/include/sm_60_atomic_functions.h:240:69: note: in expansion of macro '__DEF_IF_HOST'
  240 |                                         unsigned long long int val) __DEF_IF_HOST
      |                                                                     ^~~~~~~~~~~~~
/usr/local/cuda/include/sm_60_atomic_functions.h: In function 'int atomicAnd_block(int*, int)':
/usr/local/cuda/include/sm_60_atomic_functions.h:77:25: warning: no return statement in function returning non-void [-Wreturn-type]
   77 | #define __DEF_IF_HOST { }
      |                         ^
/usr/local/cuda/include/sm_60_atomic_functions.h:243:44: note: in expansion of macro '__DEF_IF_HOST'
  243 | int atomicAnd_block(int *address, int val) __DEF_IF_HOST
      |                                            ^~~~~~~~~~~~~
/usr/local/cuda/include/sm_60_atomic_functions.h: In function 'int atomicAnd_system(int*, int)':
/usr/local/cuda/include/sm_60_atomic_functions.h:77:25: warning: no return statement in function returning non-void [-Wreturn-type]
   77 | #define __DEF_IF_HOST { }
      |                         ^
/usr/local/cuda/include/sm_60_atomic_functions.h:246:45: note: in expansion of macro '__DEF_IF_HOST'
  246 | int atomicAnd_system(int *address, int val) __DEF_IF_HOST
      |                                             ^~~~~~~~~~~~~
/usr/local/cuda/include/sm_60_atomic_functions.h: In function 'long long int atomicAnd_block(long long int*, long long int)':
/usr/local/cuda/include/sm_60_atomic_functions.h:77:25: warning: no return statement in function returning non-void [-Wreturn-type]
   77 | #define __DEF_IF_HOST { }
      |                         ^
/usr/local/cuda/include/sm_60_atomic_functions.h:249:62: note: in expansion of macro '__DEF_IF_HOST'
  249 | long long atomicAnd_block(long long *address, long long val) __DEF_IF_HOST
      |                                                              ^~~~~~~~~~~~~
/usr/local/cuda/include/sm_60_atomic_functions.h: In function 'long long int atomicAnd_system(long long int*, long long int)':
/usr/local/cuda/include/sm_60_atomic_functions.h:77:25: warning: no return statement in function returning non-void [-Wreturn-type]
   77 | #define __DEF_IF_HOST { }
      |                         ^
/usr/local/cuda/include/sm_60_atomic_functions.h:252:63: note: in expansion of macro '__DEF_IF_HOST'
  252 | long long atomicAnd_system(long long *address, long long val) __DEF_IF_HOST
      |                                                               ^~~~~~~~~~~~~
/usr/local/cuda/include/sm_60_atomic_functions.h: In function 'unsigned int atomicAnd_block(unsigned int*, unsigned int)':
/usr/local/cuda/include/sm_60_atomic_functions.h:77:25: warning: no return statement in function returning non-void [-Wreturn-type]
   77 | #define __DEF_IF_HOST { }
      |                         ^
/usr/local/cuda/include/sm_60_atomic_functions.h:255:71: note: in expansion of macro '__DEF_IF_HOST'
  255 | unsigned int atomicAnd_block(unsigned int *address, unsigned int val) __DEF_IF_HOST
      |                                                                       ^~~~~~~~~~~~~
/usr/local/cuda/include/sm_60_atomic_functions.h: In function 'unsigned int atomicAnd_system(unsigned int*, unsigned int)':
/usr/local/cuda/include/sm_60_atomic_functions.h:77:25: warning: no return statement in function returning non-void [-Wreturn-type]
   77 | #define __DEF_IF_HOST { }
      |                         ^
/usr/local/cuda/include/sm_60_atomic_functions.h:258:72: note: in expansion of macro '__DEF_IF_HOST'
  258 | unsigned int atomicAnd_system(unsigned int *address, unsigned int val) __DEF_IF_HOST
      |                                                                        ^~~~~~~~~~~~~
/usr/local/cuda/include/sm_60_atomic_functions.h: In function 'long long unsigned int atomicAnd_block(long long unsigned int*, long long unsigned int)':
/usr/local/cuda/include/sm_60_atomic_functions.h:77:25: warning: no return statement in function returning non-void [-Wreturn-type]
   77 | #define __DEF_IF_HOST { }
      |                         ^
/usr/local/cuda/include/sm_60_atomic_functions.h:261:89: note: in expansion of macro '__DEF_IF_HOST'
  261 | unsigned long long atomicAnd_block(unsigned long long *address, unsigned long long val) __DEF_IF_HOST
      |                                                                                         ^~~~~~~~~~~~~
/usr/local/cuda/include/sm_60_atomic_functions.h: In function 'long long unsigned int atomicAnd_system(long long unsigned int*, long long unsigned int)':
/usr/local/cuda/include/sm_60_atomic_functions.h:77:25: warning: no return statement in function returning non-void [-Wreturn-type]
   77 | #define __DEF_IF_HOST { }
      |                         ^
/usr/local/cuda/include/sm_60_atomic_functions.h:264:90: note: in expansion of macro '__DEF_IF_HOST'
  264 | unsigned long long atomicAnd_system(unsigned long long *address, unsigned long long val) __DEF_IF_HOST
      |                                                                                          ^~~~~~~~~~~~~
/usr/local/cuda/include/sm_60_atomic_functions.h: In function 'int atomicOr_block(int*, int)':
/usr/local/cuda/include/sm_60_atomic_functions.h:77:25: warning: no return statement in function returning non-void [-Wreturn-type]
   77 | #define __DEF_IF_HOST { }
      |                         ^
/usr/local/cuda/include/sm_60_atomic_functions.h:267:43: note: in expansion of macro '__DEF_IF_HOST'
  267 | int atomicOr_block(int *address, int val) __DEF_IF_HOST
      |                                           ^~~~~~~~~~~~~
/usr/local/cuda/include/sm_60_atomic_functions.h: In function 'int atomicOr_system(int*, int)':
/usr/local/cuda/include/sm_60_atomic_functions.h:77:25: warning: no return statement in function returning non-void [-Wreturn-type]
   77 | #define __DEF_IF_HOST { }
      |                         ^
/usr/local/cuda/include/sm_60_atomic_functions.h:270:44: note: in expansion of macro '__DEF_IF_HOST'
  270 | int atomicOr_system(int *address, int val) __DEF_IF_HOST
      |                                            ^~~~~~~~~~~~~
/usr/local/cuda/include/sm_60_atomic_functions.h: In function 'long long int atomicOr_block(long long int*, long long int)':
/usr/local/cuda/include/sm_60_atomic_functions.h:77:25: warning: no return statement in function returning non-void [-Wreturn-type]
   77 | #define __DEF_IF_HOST { }
      |                         ^
/usr/local/cuda/include/sm_60_atomic_functions.h:273:61: note: in expansion of macro '__DEF_IF_HOST'
  273 | long long atomicOr_block(long long *address, long long val) __DEF_IF_HOST
      |                                                             ^~~~~~~~~~~~~
/usr/local/cuda/include/sm_60_atomic_functions.h: In function 'long long int atomicOr_system(long long int*, long long int)':
/usr/local/cuda/include/sm_60_atomic_functions.h:77:25: warning: no return statement in function returning non-void [-Wreturn-type]
   77 | #define __DEF_IF_HOST { }
      |                         ^
/usr/local/cuda/include/sm_60_atomic_functions.h:276:62: note: in expansion of macro '__DEF_IF_HOST'
  276 | long long atomicOr_system(long long *address, long long val) __DEF_IF_HOST
      |                                                              ^~~~~~~~~~~~~
/usr/local/cuda/include/sm_60_atomic_functions.h: In function 'unsigned int atomicOr_block(unsigned int*, unsigned int)':
/usr/local/cuda/include/sm_60_atomic_functions.h:77:25: warning: no return statement in function returning non-void [-Wreturn-type]
   77 | #define __DEF_IF_HOST { }
      |                         ^
/usr/local/cuda/include/sm_60_atomic_functions.h:279:70: note: in expansion of macro '__DEF_IF_HOST'
  279 | unsigned int atomicOr_block(unsigned int *address, unsigned int val) __DEF_IF_HOST
      |                                                                      ^~~~~~~~~~~~~
/usr/local/cuda/include/sm_60_atomic_functions.h: In function 'unsigned int atomicOr_system(unsigned int*, unsigned int)':
/usr/local/cuda/include/sm_60_atomic_functions.h:77:25: warning: no return statement in function returning non-void [-Wreturn-type]
   77 | #define __DEF_IF_HOST { }
      |                         ^
/usr/local/cuda/include/sm_60_atomic_functions.h:282:71: note: in expansion of macro '__DEF_IF_HOST'
  282 | unsigned int atomicOr_system(unsigned int *address, unsigned int val) __DEF_IF_HOST
      |                                                                       ^~~~~~~~~~~~~
/usr/local/cuda/include/sm_60_atomic_functions.h: In function 'long long unsigned int atomicOr_block(long long unsigned int*, long long unsigned int)':
/usr/local/cuda/include/sm_60_atomic_functions.h:77:25: warning: no return statement in function returning non-void [-Wreturn-type]
   77 | #define __DEF_IF_HOST { }
      |                         ^
/usr/local/cuda/include/sm_60_atomic_functions.h:285:88: note: in expansion of macro '__DEF_IF_HOST'
  285 | unsigned long long atomicOr_block(unsigned long long *address, unsigned long long val) __DEF_IF_HOST
      |                                                                                        ^~~~~~~~~~~~~
/usr/local/cuda/include/sm_60_atomic_functions.h: In function 'long long unsigned int atomicOr_system(long long unsigned int*, long long unsigned int)':
/usr/local/cuda/include/sm_60_atomic_functions.h:77:25: warning: no return statement in function returning non-void [-Wreturn-type]
   77 | #define __DEF_IF_HOST { }
      |                         ^
/usr/local/cuda/include/sm_60_atomic_functions.h:288:89: note: in expansion of macro '__DEF_IF_HOST'
  288 | unsigned long long atomicOr_system(unsigned long long *address, unsigned long long val) __DEF_IF_HOST
      |                                                                                         ^~~~~~~~~~~~~
/usr/local/cuda/include/sm_60_atomic_functions.h: In function 'int atomicXor_block(int*, int)':
/usr/local/cuda/include/sm_60_atomic_functions.h:77:25: warning: no return statement in function returning non-void [-Wreturn-type]
   77 | #define __DEF_IF_HOST { }
      |                         ^
/usr/local/cuda/include/sm_60_atomic_functions.h:291:44: note: in expansion of macro '__DEF_IF_HOST'
  291 | int atomicXor_block(int *address, int val) __DEF_IF_HOST
      |                                            ^~~~~~~~~~~~~
/usr/local/cuda/include/sm_60_atomic_functions.h: In function 'int atomicXor_system(int*, int)':
/usr/local/cuda/include/sm_60_atomic_functions.h:77:25: warning: no return statement in function returning non-void [-Wreturn-type]
   77 | #define __DEF_IF_HOST { }
      |                         ^
/usr/local/cuda/include/sm_60_atomic_functions.h:294:45: note: in expansion of macro '__DEF_IF_HOST'
  294 | int atomicXor_system(int *address, int val) __DEF_IF_HOST
      |                                             ^~~~~~~~~~~~~
/usr/local/cuda/include/sm_60_atomic_functions.h: In function 'long long int atomicXor_block(long long int*, long long int)':
/usr/local/cuda/include/sm_60_atomic_functions.h:77:25: warning: no return statement in function returning non-void [-Wreturn-type]
   77 | #define __DEF_IF_HOST { }
      |                         ^
/usr/local/cuda/include/sm_60_atomic_functions.h:297:62: note: in expansion of macro '__DEF_IF_HOST'
  297 | long long atomicXor_block(long long *address, long long val) __DEF_IF_HOST
      |                                                              ^~~~~~~~~~~~~
/usr/local/cuda/include/sm_60_atomic_functions.h: In function 'long long int atomicXor_system(long long int*, long long int)':
/usr/local/cuda/include/sm_60_atomic_functions.h:77:25: warning: no return statement in function returning non-void [-Wreturn-type]
   77 | #define __DEF_IF_HOST { }
      |                         ^
/usr/local/cuda/include/sm_60_atomic_functions.h:300:63: note: in expansion of macro '__DEF_IF_HOST'
  300 | long long atomicXor_system(long long *address, long long val) __DEF_IF_HOST
      |                                                               ^~~~~~~~~~~~~
/usr/local/cuda/include/sm_60_atomic_functions.h: In function 'unsigned int atomicXor_block(unsigned int*, unsigned int)':
/usr/local/cuda/include/sm_60_atomic_functions.h:77:25: warning: no return statement in function returning non-void [-Wreturn-type]
   77 | #define __DEF_IF_HOST { }
      |                         ^
/usr/local/cuda/include/sm_60_atomic_functions.h:303:71: note: in expansion of macro '__DEF_IF_HOST'
  303 | unsigned int atomicXor_block(unsigned int *address, unsigned int val) __DEF_IF_HOST
      |                                                                       ^~~~~~~~~~~~~
/usr/local/cuda/include/sm_60_atomic_functions.h: In function 'unsigned int atomicXor_system(unsigned int*, unsigned int)':
/usr/local/cuda/include/sm_60_atomic_functions.h:77:25: warning: no return statement in function returning non-void [-Wreturn-type]
   77 | #define __DEF_IF_HOST { }
      |                         ^
/usr/local/cuda/include/sm_60_atomic_functions.h:306:72: note: in expansion of macro '__DEF_IF_HOST'
  306 | unsigned int atomicXor_system(unsigned int *address, unsigned int val) __DEF_IF_HOST
      |                                                                        ^~~~~~~~~~~~~
/usr/local/cuda/include/sm_60_atomic_functions.h: In function 'long long unsigned int atomicXor_block(long long unsigned int*, long long unsigned int)':
/usr/local/cuda/include/sm_60_atomic_functions.h:77:25: warning: no return statement in function returning non-void [-Wreturn-type]
   77 | #define __DEF_IF_HOST { }
      |                         ^
/usr/local/cuda/include/sm_60_atomic_functions.h:309:89: note: in expansion of macro '__DEF_IF_HOST'
  309 | unsigned long long atomicXor_block(unsigned long long *address, unsigned long long val) __DEF_IF_HOST
      |                                                                                         ^~~~~~~~~~~~~
/usr/local/cuda/include/sm_60_atomic_functions.h: In function 'long long unsigned int atomicXor_system(long long unsigned int*, long long unsigned int)':
/usr/local/cuda/include/sm_60_atomic_functions.h:77:25: warning: no return statement in function returning non-void [-Wreturn-type]
   77 | #define __DEF_IF_HOST { }
      |                         ^
/usr/local/cuda/include/sm_60_atomic_functions.h:312:90: note: in expansion of macro '__DEF_IF_HOST'
  312 | unsigned long long atomicXor_system(unsigned long long *address, unsigned long long val) __DEF_IF_HOST
      |                                                                                          ^~~~~~~~~~~~~
In file included from /usr/local/cuda/include/crt/device_functions.h:3621,
                 from /home/GVirtuS/GVirtuS/plugins/cudart/backend/CudaRtHandler.h:71,
                 from /home/GVirtuS/GVirtuS/plugins/cudart/backend/CudaRtHandler_stream.cpp:26:
/usr/local/cuda/include/sm_20_intrinsics.h: In function 'unsigned int ballot(bool)':
/usr/local/cuda/include/sm_20_intrinsics.h:75:25: warning: no return statement in function returning non-void [-Wreturn-type]
   75 | #define __DEF_IF_HOST { }
      |                         ^
/usr/local/cuda/include/sm_20_intrinsics.h:1522:110: note: in expansion of macro '__DEF_IF_HOST'
 1522 | __SM_20_INTRINSICS_DECL__ __DEPRECATED__(__WSB_DEPRECATION_MESSAGE(__ballot)) unsigned int ballot(bool pred) __DEF_IF_HOST
      |                                                                                                              ^~~~~~~~~~~~~
/usr/local/cuda/include/sm_20_intrinsics.h: In function 'int syncthreads_count(bool)':
/usr/local/cuda/include/sm_20_intrinsics.h:75:25: warning: no return statement in function returning non-void [-Wreturn-type]
   75 | #define __DEF_IF_HOST { }
      |                         ^
/usr/local/cuda/include/sm_20_intrinsics.h:1524:60: note: in expansion of macro '__DEF_IF_HOST'
 1524 | __SM_20_INTRINSICS_DECL__ int syncthreads_count(bool pred) __DEF_IF_HOST
      |                                                            ^~~~~~~~~~~~~
/usr/local/cuda/include/sm_20_intrinsics.h: In function 'bool syncthreads_and(bool)':
/usr/local/cuda/include/sm_20_intrinsics.h:75:25: warning: no return statement in function returning non-void [-Wreturn-type]
   75 | #define __DEF_IF_HOST { }
      |                         ^
/usr/local/cuda/include/sm_20_intrinsics.h:1526:59: note: in expansion of macro '__DEF_IF_HOST'
 1526 | __SM_20_INTRINSICS_DECL__ bool syncthreads_and(bool pred) __DEF_IF_HOST
      |                                                           ^~~~~~~~~~~~~
/usr/local/cuda/include/sm_20_intrinsics.h: In function 'bool syncthreads_or(bool)':
/usr/local/cuda/include/sm_20_intrinsics.h:75:25: warning: no return statement in function returning non-void [-Wreturn-type]
   75 | #define __DEF_IF_HOST { }
      |                         ^
/usr/local/cuda/include/sm_20_intrinsics.h:1528:58: note: in expansion of macro '__DEF_IF_HOST'
 1528 | __SM_20_INTRINSICS_DECL__ bool syncthreads_or(bool pred) __DEF_IF_HOST
      |                                                          ^~~~~~~~~~~~~
/usr/local/cuda/include/sm_20_intrinsics.h: In function 'unsigned int __isGlobal(const void*)':
/usr/local/cuda/include/sm_20_intrinsics.h:75:25: warning: no return statement in function returning non-void [-Wreturn-type]
   75 | #define __DEF_IF_HOST { }
      |                         ^
/usr/local/cuda/include/sm_20_intrinsics.h:1533:68: note: in expansion of macro '__DEF_IF_HOST'
 1533 | __SM_20_INTRINSICS_DECL__ unsigned int __isGlobal(const void *ptr) __DEF_IF_HOST
      |                                                                    ^~~~~~~~~~~~~
/usr/local/cuda/include/sm_20_intrinsics.h: In function 'unsigned int __isShared(const void*)':
/usr/local/cuda/include/sm_20_intrinsics.h:75:25: warning: no return statement in function returning non-void [-Wreturn-type]
   75 | #define __DEF_IF_HOST { }
      |                         ^
/usr/local/cuda/include/sm_20_intrinsics.h:1534:68: note: in expansion of macro '__DEF_IF_HOST'
 1534 | __SM_20_INTRINSICS_DECL__ unsigned int __isShared(const void *ptr) __DEF_IF_HOST
      |                                                                    ^~~~~~~~~~~~~
/usr/local/cuda/include/sm_20_intrinsics.h: In function 'unsigned int __isConstant(const void*)':
/usr/local/cuda/include/sm_20_intrinsics.h:75:25: warning: no return statement in function returning non-void [-Wreturn-type]
   75 | #define __DEF_IF_HOST { }
      |                         ^
/usr/local/cuda/include/sm_20_intrinsics.h:1535:70: note: in expansion of macro '__DEF_IF_HOST'
 1535 | __SM_20_INTRINSICS_DECL__ unsigned int __isConstant(const void *ptr) __DEF_IF_HOST
      |                                                                      ^~~~~~~~~~~~~
/usr/local/cuda/include/sm_20_intrinsics.h: In function 'unsigned int __isLocal(const void*)':
/usr/local/cuda/include/sm_20_intrinsics.h:75:25: warning: no return statement in function returning non-void [-Wreturn-type]
   75 | #define __DEF_IF_HOST { }
      |                         ^
/usr/local/cuda/include/sm_20_intrinsics.h:1536:67: note: in expansion of macro '__DEF_IF_HOST'
 1536 | __SM_20_INTRINSICS_DECL__ unsigned int __isLocal(const void *ptr) __DEF_IF_HOST
      |                                                                   ^~~~~~~~~~~~~
/usr/local/cuda/include/sm_20_intrinsics.h: In function 'unsigned int __isGridConstant(const void*)':
/usr/local/cuda/include/sm_20_intrinsics.h:75:25: warning: no return statement in function returning non-void [-Wreturn-type]
   75 | #define __DEF_IF_HOST { }
      |                         ^
/usr/local/cuda/include/sm_20_intrinsics.h:1538:74: note: in expansion of macro '__DEF_IF_HOST'
 1538 | __SM_20_INTRINSICS_DECL__ unsigned int __isGridConstant(const void *ptr) __DEF_IF_HOST
      |                                                                          ^~~~~~~~~~~~~
/usr/local/cuda/include/sm_20_intrinsics.h: In function 'size_t __cvta_generic_to_global(const void*)':
/usr/local/cuda/include/sm_20_intrinsics.h:75:25: warning: no return statement in function returning non-void [-Wreturn-type]
   75 | #define __DEF_IF_HOST { }
      |                         ^
/usr/local/cuda/include/sm_20_intrinsics.h:1540:76: note: in expansion of macro '__DEF_IF_HOST'
 1540 | __SM_20_INTRINSICS_DECL__ size_t __cvta_generic_to_global(const void *ptr) __DEF_IF_HOST
      |                                                                            ^~~~~~~~~~~~~
/usr/local/cuda/include/sm_20_intrinsics.h: In function 'size_t __cvta_generic_to_shared(const void*)':
/usr/local/cuda/include/sm_20_intrinsics.h:75:25: warning: no return statement in function returning non-void [-Wreturn-type]
   75 | #define __DEF_IF_HOST { }
      |                         ^
/usr/local/cuda/include/sm_20_intrinsics.h:1541:76: note: in expansion of macro '__DEF_IF_HOST'
 1541 | __SM_20_INTRINSICS_DECL__ size_t __cvta_generic_to_shared(const void *ptr) __DEF_IF_HOST
      |                                                                            ^~~~~~~~~~~~~
/usr/local/cuda/include/sm_20_intrinsics.h: In function 'size_t __cvta_generic_to_constant(const void*)':
/usr/local/cuda/include/sm_20_intrinsics.h:75:25: warning: no return statement in function returning non-void [-Wreturn-type]
   75 | #define __DEF_IF_HOST { }
      |                         ^
/usr/local/cuda/include/sm_20_intrinsics.h:1542:78: note: in expansion of macro '__DEF_IF_HOST'
 1542 | __SM_20_INTRINSICS_DECL__ size_t __cvta_generic_to_constant(const void *ptr) __DEF_IF_HOST
      |                                                                              ^~~~~~~~~~~~~
/usr/local/cuda/include/sm_20_intrinsics.h: In function 'size_t __cvta_generic_to_local(const void*)':
/usr/local/cuda/include/sm_20_intrinsics.h:75:25: warning: no return statement in function returning non-void [-Wreturn-type]
   75 | #define __DEF_IF_HOST { }
      |                         ^
/usr/local/cuda/include/sm_20_intrinsics.h:1543:75: note: in expansion of macro '__DEF_IF_HOST'
 1543 | __SM_20_INTRINSICS_DECL__ size_t __cvta_generic_to_local(const void *ptr) __DEF_IF_HOST
      |                                                                           ^~~~~~~~~~~~~
/usr/local/cuda/include/sm_20_intrinsics.h: In function 'size_t __cvta_generic_to_grid_constant(const void*)':
/usr/local/cuda/include/sm_20_intrinsics.h:75:25: warning: no return statement in function returning non-void [-Wreturn-type]
   75 | #define __DEF_IF_HOST { }
      |                         ^
/usr/local/cuda/include/sm_20_intrinsics.h:1545:83: note: in expansion of macro '__DEF_IF_HOST'
 1545 | __SM_20_INTRINSICS_DECL__ size_t __cvta_generic_to_grid_constant(const void *ptr) __DEF_IF_HOST
      |                                                                                   ^~~~~~~~~~~~~
/usr/local/cuda/include/sm_20_intrinsics.h: In function 'void* __cvta_global_to_generic(size_t)':
/usr/local/cuda/include/sm_20_intrinsics.h:75:25: warning: no return statement in function returning non-void [-Wreturn-type]
   75 | #define __DEF_IF_HOST { }
      |                         ^
/usr/local/cuda/include/sm_20_intrinsics.h:1548:75: note: in expansion of macro '__DEF_IF_HOST'
 1548 | __SM_20_INTRINSICS_DECL__ void * __cvta_global_to_generic(size_t rawbits) __DEF_IF_HOST
      |                                                                           ^~~~~~~~~~~~~
/usr/local/cuda/include/sm_20_intrinsics.h: In function 'void* __cvta_shared_to_generic(size_t)':
/usr/local/cuda/include/sm_20_intrinsics.h:75:25: warning: no return statement in function returning non-void [-Wreturn-type]
   75 | #define __DEF_IF_HOST { }
      |                         ^
/usr/local/cuda/include/sm_20_intrinsics.h:1549:75: note: in expansion of macro '__DEF_IF_HOST'
 1549 | __SM_20_INTRINSICS_DECL__ void * __cvta_shared_to_generic(size_t rawbits) __DEF_IF_HOST
      |                                                                           ^~~~~~~~~~~~~
/usr/local/cuda/include/sm_20_intrinsics.h: In function 'void* __cvta_constant_to_generic(size_t)':
/usr/local/cuda/include/sm_20_intrinsics.h:75:25: warning: no return statement in function returning non-void [-Wreturn-type]
   75 | #define __DEF_IF_HOST { }
      |                         ^
/usr/local/cuda/include/sm_20_intrinsics.h:1550:77: note: in expansion of macro '__DEF_IF_HOST'
 1550 | __SM_20_INTRINSICS_DECL__ void * __cvta_constant_to_generic(size_t rawbits) __DEF_IF_HOST
      |                                                                             ^~~~~~~~~~~~~
/usr/local/cuda/include/sm_20_intrinsics.h: In function 'void* __cvta_local_to_generic(size_t)':
/usr/local/cuda/include/sm_20_intrinsics.h:75:25: warning: no return statement in function returning non-void [-Wreturn-type]
   75 | #define __DEF_IF_HOST { }
      |                         ^
/usr/local/cuda/include/sm_20_intrinsics.h:1551:74: note: in expansion of macro '__DEF_IF_HOST'
 1551 | __SM_20_INTRINSICS_DECL__ void * __cvta_local_to_generic(size_t rawbits) __DEF_IF_HOST
      |                                                                          ^~~~~~~~~~~~~
/usr/local/cuda/include/sm_20_intrinsics.h: In function 'void* __cvta_grid_constant_to_generic(size_t)':
/usr/local/cuda/include/sm_20_intrinsics.h:75:25: warning: no return statement in function returning non-void [-Wreturn-type]
   75 | #define __DEF_IF_HOST { }
      |                         ^
/usr/local/cuda/include/sm_20_intrinsics.h:1553:82: note: in expansion of macro '__DEF_IF_HOST'
 1553 | __SM_20_INTRINSICS_DECL__ void * __cvta_grid_constant_to_generic(size_t rawbits) __DEF_IF_HOST
      |                                                                                  ^~~~~~~~~~~~~
In file included from /usr/local/cuda/include/crt/device_functions.h:3622,
                 from /home/GVirtuS/GVirtuS/plugins/cudart/backend/CudaRtHandler.h:71,
                 from /home/GVirtuS/GVirtuS/plugins/cudart/backend/CudaRtHandler_stream.cpp:26:
/usr/local/cuda/include/sm_30_intrinsics.h: In function 'unsigned int __fns(unsigned int, unsigned int, int)':
/usr/local/cuda/include/sm_30_intrinsics.h:76:25: warning: no return statement in function returning non-void [-Wreturn-type]
   76 | #define __DEF_IF_HOST { }
      |                         ^
/usr/local/cuda/include/sm_30_intrinsics.h:123:85: note: in expansion of macro '__DEF_IF_HOST'
  123 | __SM_30_INTRINSICS_DECL__ unsigned  __fns(unsigned mask, unsigned base, int offset) __DEF_IF_HOST
      |                                                                                     ^~~~~~~~~~~~~
/usr/local/cuda/include/sm_30_intrinsics.h: In function 'int __all_sync(unsigned int, int)':
/usr/local/cuda/include/sm_30_intrinsics.h:76:25: warning: no return statement in function returning non-void [-Wreturn-type]
   76 | #define __DEF_IF_HOST { }
      |                         ^
/usr/local/cuda/include/sm_30_intrinsics.h:127:67: note: in expansion of macro '__DEF_IF_HOST'
  127 | __SM_30_INTRINSICS_DECL__ int __all_sync(unsigned mask, int pred) __DEF_IF_HOST
      |                                                                   ^~~~~~~~~~~~~
/usr/local/cuda/include/sm_30_intrinsics.h: In function 'int __any_sync(unsigned int, int)':
/usr/local/cuda/include/sm_30_intrinsics.h:76:25: warning: no return statement in function returning non-void [-Wreturn-type]
   76 | #define __DEF_IF_HOST { }
      |                         ^
/usr/local/cuda/include/sm_30_intrinsics.h:128:67: note: in expansion of macro '__DEF_IF_HOST'
  128 | __SM_30_INTRINSICS_DECL__ int __any_sync(unsigned mask, int pred) __DEF_IF_HOST
      |                                                                   ^~~~~~~~~~~~~
/usr/local/cuda/include/sm_30_intrinsics.h: In function 'int __uni_sync(unsigned int, int)':
/usr/local/cuda/include/sm_30_intrinsics.h:76:25: warning: no return statement in function returning non-void [-Wreturn-type]
   76 | #define __DEF_IF_HOST { }
      |                         ^
/usr/local/cuda/include/sm_30_intrinsics.h:129:67: note: in expansion of macro '__DEF_IF_HOST'
  129 | __SM_30_INTRINSICS_DECL__ int __uni_sync(unsigned mask, int pred) __DEF_IF_HOST
      |                                                                   ^~~~~~~~~~~~~
/usr/local/cuda/include/sm_30_intrinsics.h: In function 'unsigned int __ballot_sync(unsigned int, int)':
/usr/local/cuda/include/sm_30_intrinsics.h:76:25: warning: no return statement in function returning non-void [-Wreturn-type]
   76 | #define __DEF_IF_HOST { }
      |                         ^
/usr/local/cuda/include/sm_30_intrinsics.h:130:75: note: in expansion of macro '__DEF_IF_HOST'
  130 | __SM_30_INTRINSICS_DECL__ unsigned __ballot_sync(unsigned mask, int pred) __DEF_IF_HOST
      |                                                                           ^~~~~~~~~~~~~
/usr/local/cuda/include/sm_30_intrinsics.h: In function 'unsigned int __activemask()':
/usr/local/cuda/include/sm_30_intrinsics.h:76:25: warning: no return statement in function returning non-void [-Wreturn-type]
   76 | #define __DEF_IF_HOST { }
      |                         ^
/usr/local/cuda/include/sm_30_intrinsics.h:131:51: note: in expansion of macro '__DEF_IF_HOST'
  131 | __SM_30_INTRINSICS_DECL__ unsigned __activemask() __DEF_IF_HOST
      |                                                   ^~~~~~~~~~~~~
/usr/local/cuda/include/sm_30_intrinsics.h: In function 'int __shfl(int, int, int)':
/usr/local/cuda/include/sm_30_intrinsics.h:76:25: warning: no return statement in function returning non-void [-Wreturn-type]
   76 | #define __DEF_IF_HOST { }
      |                         ^
/usr/local/cuda/include/sm_30_intrinsics.h:140:130: note: in expansion of macro '__DEF_IF_HOST'
  140 | __SM_30_INTRINSICS_DECL__ __DEPRECATED__(__WSB_DEPRECATION_MESSAGE(__shfl)) int __shfl(int var, int srcLane, int width=warpSize) __DEF_IF_HOST
      |                                                                                                                                  ^~~~~~~~~~~~~
/usr/local/cuda/include/sm_30_intrinsics.h: In function 'unsigned int __shfl(unsigned int, int, int)':
/usr/local/cuda/include/sm_30_intrinsics.h:76:25: warning: no return statement in function returning non-void [-Wreturn-type]
   76 | #define __DEF_IF_HOST { }
      |                         ^
/usr/local/cuda/include/sm_30_intrinsics.h:141:148: note: in expansion of macro '__DEF_IF_HOST'
  141 | __SM_30_INTRINSICS_DECL__ __DEPRECATED__(__WSB_DEPRECATION_MESSAGE(__shfl)) unsigned int __shfl(unsigned int var, int srcLane, int width=warpSize) __DEF_IF_HOST
      |                                                                                                                                                    ^~~~~~~~~~~~~
/usr/local/cuda/include/sm_30_intrinsics.h: In function 'int __shfl_up(int, unsigned int, int)':
/usr/local/cuda/include/sm_30_intrinsics.h:76:25: warning: no return statement in function returning non-void [-Wreturn-type]
   76 | #define __DEF_IF_HOST { }
      |                         ^
/usr/local/cuda/include/sm_30_intrinsics.h:142:143: note: in expansion of macro '__DEF_IF_HOST'
  142 | __SM_30_INTRINSICS_DECL__ __DEPRECATED__(__WSB_DEPRECATION_MESSAGE(__shfl_up)) int __shfl_up(int var, unsigned int delta, int width=warpSize) __DEF_IF_HOST
      |                                                                                                                                               ^~~~~~~~~~~~~
/usr/local/cuda/include/sm_30_intrinsics.h: In function 'unsigned int __shfl_up(unsigned int, unsigned int, int)':
/usr/local/cuda/include/sm_30_intrinsics.h:76:25: warning: no return statement in function returning non-void [-Wreturn-type]
   76 | #define __DEF_IF_HOST { }
      |                         ^
/usr/local/cuda/include/sm_30_intrinsics.h:143:161: note: in expansion of macro '__DEF_IF_HOST'
  143 | __SM_30_INTRINSICS_DECL__ __DEPRECATED__(__WSB_DEPRECATION_MESSAGE(__shfl_up)) unsigned int __shfl_up(unsigned int var, unsigned int delta, int width=warpSize) __DEF_IF_HOST
      |                                                                                                                                                                 ^~~~~~~~~~~~~
/usr/local/cuda/include/sm_30_intrinsics.h: In function 'int __shfl_down(int, unsigned int, int)':
/usr/local/cuda/include/sm_30_intrinsics.h:76:25: warning: no return statement in function returning non-void [-Wreturn-type]
   76 | #define __DEF_IF_HOST { }
      |                         ^
/usr/local/cuda/include/sm_30_intrinsics.h:144:147: note: in expansion of macro '__DEF_IF_HOST'
  144 | __SM_30_INTRINSICS_DECL__ __DEPRECATED__(__WSB_DEPRECATION_MESSAGE(__shfl_down)) int __shfl_down(int var, unsigned int delta, int width=warpSize) __DEF_IF_HOST
      |                                                                                                                                                   ^~~~~~~~~~~~~
/usr/local/cuda/include/sm_30_intrinsics.h: In function 'unsigned int __shfl_down(unsigned int, unsigned int, int)':
/usr/local/cuda/include/sm_30_intrinsics.h:76:25: warning: no return statement in function returning non-void [-Wreturn-type]
   76 | #define __DEF_IF_HOST { }
      |                         ^
/usr/local/cuda/include/sm_30_intrinsics.h:145:165: note: in expansion of macro '__DEF_IF_HOST'
  145 | __SM_30_INTRINSICS_DECL__ __DEPRECATED__(__WSB_DEPRECATION_MESSAGE(__shfl_down)) unsigned int __shfl_down(unsigned int var, unsigned int delta, int width=warpSize) __DEF_IF_HOST
      |                                                                                                                                                                     ^~~~~~~~~~~~~
/usr/local/cuda/include/sm_30_intrinsics.h: In function 'int __shfl_xor(int, int, int)':
/usr/local/cuda/include/sm_30_intrinsics.h:76:25: warning: no return statement in function returning non-void [-Wreturn-type]
   76 | #define __DEF_IF_HOST { }
      |                         ^
/usr/local/cuda/include/sm_30_intrinsics.h:146:139: note: in expansion of macro '__DEF_IF_HOST'
  146 | __SM_30_INTRINSICS_DECL__ __DEPRECATED__(__WSB_DEPRECATION_MESSAGE(__shfl_xor)) int __shfl_xor(int var, int laneMask, int width=warpSize) __DEF_IF_HOST
      |                                                                                                                                           ^~~~~~~~~~~~~
/usr/local/cuda/include/sm_30_intrinsics.h: In function 'unsigned int __shfl_xor(unsigned int, int, int)':
/usr/local/cuda/include/sm_30_intrinsics.h:76:25: warning: no return statement in function returning non-void [-Wreturn-type]
   76 | #define __DEF_IF_HOST { }
      |                         ^
/usr/local/cuda/include/sm_30_intrinsics.h:147:157: note: in expansion of macro '__DEF_IF_HOST'
  147 | __SM_30_INTRINSICS_DECL__ __DEPRECATED__(__WSB_DEPRECATION_MESSAGE(__shfl_xor)) unsigned int __shfl_xor(unsigned int var, int laneMask, int width=warpSize) __DEF_IF_HOST
      |                                                                                                                                                             ^~~~~~~~~~~~~
/usr/local/cuda/include/sm_30_intrinsics.h: In function 'float __shfl(float, int, int)':
/usr/local/cuda/include/sm_30_intrinsics.h:76:25: warning: no return statement in function returning non-void [-Wreturn-type]
   76 | #define __DEF_IF_HOST { }
      |                         ^
/usr/local/cuda/include/sm_30_intrinsics.h:148:134: note: in expansion of macro '__DEF_IF_HOST'
  148 | __SM_30_INTRINSICS_DECL__ __DEPRECATED__(__WSB_DEPRECATION_MESSAGE(__shfl)) float __shfl(float var, int srcLane, int width=warpSize) __DEF_IF_HOST
      |                                                                                                                                      ^~~~~~~~~~~~~
/usr/local/cuda/include/sm_30_intrinsics.h: In function 'float __shfl_up(float, unsigned int, int)':
/usr/local/cuda/include/sm_30_intrinsics.h:76:25: warning: no return statement in function returning non-void [-Wreturn-type]
   76 | #define __DEF_IF_HOST { }
      |                         ^
/usr/local/cuda/include/sm_30_intrinsics.h:149:147: note: in expansion of macro '__DEF_IF_HOST'
  149 | __SM_30_INTRINSICS_DECL__ __DEPRECATED__(__WSB_DEPRECATION_MESSAGE(__shfl_up)) float __shfl_up(float var, unsigned int delta, int width=warpSize) __DEF_IF_HOST
      |                                                                                                                                                   ^~~~~~~~~~~~~
/usr/local/cuda/include/sm_30_intrinsics.h: In function 'float __shfl_down(float, unsigned int, int)':
/usr/local/cuda/include/sm_30_intrinsics.h:76:25: warning: no return statement in function returning non-void [-Wreturn-type]
   76 | #define __DEF_IF_HOST { }
      |                         ^
/usr/local/cuda/include/sm_30_intrinsics.h:150:151: note: in expansion of macro '__DEF_IF_HOST'
  150 | __SM_30_INTRINSICS_DECL__ __DEPRECATED__(__WSB_DEPRECATION_MESSAGE(__shfl_down)) float __shfl_down(float var, unsigned int delta, int width=warpSize) __DEF_IF_HOST
      |                                                                                                                                                       ^~~~~~~~~~~~~
/usr/local/cuda/include/sm_30_intrinsics.h: In function 'float __shfl_xor(float, int, int)':
/usr/local/cuda/include/sm_30_intrinsics.h:76:25: warning: no return statement in function returning non-void [-Wreturn-type]
   76 | #define __DEF_IF_HOST { }
      |                         ^
/usr/local/cuda/include/sm_30_intrinsics.h:151:143: note: in expansion of macro '__DEF_IF_HOST'
  151 | __SM_30_INTRINSICS_DECL__ __DEPRECATED__(__WSB_DEPRECATION_MESSAGE(__shfl_xor)) float __shfl_xor(float var, int laneMask, int width=warpSize) __DEF_IF_HOST
      |                                                                                                                                               ^~~~~~~~~~~~~
/usr/local/cuda/include/sm_30_intrinsics.h: In function 'int __shfl_sync(unsigned int, int, int, int)':
/usr/local/cuda/include/sm_30_intrinsics.h:76:25: warning: no return statement in function returning non-void [-Wreturn-type]
   76 | #define __DEF_IF_HOST { }
      |                         ^
/usr/local/cuda/include/sm_30_intrinsics.h:154:100: note: in expansion of macro '__DEF_IF_HOST'
  154 | __SM_30_INTRINSICS_DECL__ int __shfl_sync(unsigned mask, int var, int srcLane, int width=warpSize) __DEF_IF_HOST
      |                                                                                                    ^~~~~~~~~~~~~
/usr/local/cuda/include/sm_30_intrinsics.h: In function 'unsigned int __shfl_sync(unsigned int, unsigned int, int, int)':
/usr/local/cuda/include/sm_30_intrinsics.h:76:25: warning: no return statement in function returning non-void [-Wreturn-type]
   76 | #define __DEF_IF_HOST { }
      |                         ^
/usr/local/cuda/include/sm_30_intrinsics.h:155:118: note: in expansion of macro '__DEF_IF_HOST'
  155 | __SM_30_INTRINSICS_DECL__ unsigned int __shfl_sync(unsigned mask, unsigned int var, int srcLane, int width=warpSize) __DEF_IF_HOST
      |                                                                                                                      ^~~~~~~~~~~~~
/usr/local/cuda/include/sm_30_intrinsics.h: In function 'int __shfl_up_sync(unsigned int, int, unsigned int, int)':
/usr/local/cuda/include/sm_30_intrinsics.h:76:25: warning: no return statement in function returning non-void [-Wreturn-type]
   76 | #define __DEF_IF_HOST { }
      |                         ^
/usr/local/cuda/include/sm_30_intrinsics.h:156:110: note: in expansion of macro '__DEF_IF_HOST'
  156 | __SM_30_INTRINSICS_DECL__ int __shfl_up_sync(unsigned mask, int var, unsigned int delta, int width=warpSize) __DEF_IF_HOST
      |                                                                                                              ^~~~~~~~~~~~~
/usr/local/cuda/include/sm_30_intrinsics.h: In function 'unsigned int __shfl_up_sync(unsigned int, unsigned int, unsigned int, int)':
/usr/local/cuda/include/sm_30_intrinsics.h:76:25: warning: no return statement in function returning non-void [-Wreturn-type]
   76 | #define __DEF_IF_HOST { }
      |                         ^
/usr/local/cuda/include/sm_30_intrinsics.h:157:128: note: in expansion of macro '__DEF_IF_HOST'
  157 | __SM_30_INTRINSICS_DECL__ unsigned int __shfl_up_sync(unsigned mask, unsigned int var, unsigned int delta, int width=warpSize) __DEF_IF_HOST
      |                                                                                                                                ^~~~~~~~~~~~~
/usr/local/cuda/include/sm_30_intrinsics.h: In function 'int __shfl_down_sync(unsigned int, int, unsigned int, int)':
/usr/local/cuda/include/sm_30_intrinsics.h:76:25: warning: no return statement in function returning non-void [-Wreturn-type]
   76 | #define __DEF_IF_HOST { }
      |                         ^
/usr/local/cuda/include/sm_30_intrinsics.h:158:112: note: in expansion of macro '__DEF_IF_HOST'
  158 | __SM_30_INTRINSICS_DECL__ int __shfl_down_sync(unsigned mask, int var, unsigned int delta, int width=warpSize) __DEF_IF_HOST
      |                                                                                                                ^~~~~~~~~~~~~
/usr/local/cuda/include/sm_30_intrinsics.h: In function 'unsigned int __shfl_down_sync(unsigned int, unsigned int, unsigned int, int)':
/usr/local/cuda/include/sm_30_intrinsics.h:76:25: warning: no return statement in function returning non-void [-Wreturn-type]
   76 | #define __DEF_IF_HOST { }
      |                         ^
/usr/local/cuda/include/sm_30_intrinsics.h:159:130: note: in expansion of macro '__DEF_IF_HOST'
  159 | __SM_30_INTRINSICS_DECL__ unsigned int __shfl_down_sync(unsigned mask, unsigned int var, unsigned int delta, int width=warpSize) __DEF_IF_HOST
      |                                                                                                                                  ^~~~~~~~~~~~~
/usr/local/cuda/include/sm_30_intrinsics.h: In function 'int __shfl_xor_sync(unsigned int, int, int, int)':
/usr/local/cuda/include/sm_30_intrinsics.h:76:25: warning: no return statement in function returning non-void [-Wreturn-type]
   76 | #define __DEF_IF_HOST { }
      |                         ^
/usr/local/cuda/include/sm_30_intrinsics.h:160:105: note: in expansion of macro '__DEF_IF_HOST'
  160 | __SM_30_INTRINSICS_DECL__ int __shfl_xor_sync(unsigned mask, int var, int laneMask, int width=warpSize) __DEF_IF_HOST
      |                                                                                                         ^~~~~~~~~~~~~
/usr/local/cuda/include/sm_30_intrinsics.h: In function 'unsigned int __shfl_xor_sync(unsigned int, unsigned int, int, int)':
/usr/local/cuda/include/sm_30_intrinsics.h:76:25: warning: no return statement in function returning non-void [-Wreturn-type]
   76 | #define __DEF_IF_HOST { }
      |                         ^
/usr/local/cuda/include/sm_30_intrinsics.h:161:123: note: in expansion of macro '__DEF_IF_HOST'
  161 | __SM_30_INTRINSICS_DECL__ unsigned int __shfl_xor_sync(unsigned mask, unsigned int var, int laneMask, int width=warpSize) __DEF_IF_HOST
      |                                                                                                                           ^~~~~~~~~~~~~
/usr/local/cuda/include/sm_30_intrinsics.h: In function 'float __shfl_sync(unsigned int, float, int, int)':
/usr/local/cuda/include/sm_30_intrinsics.h:76:25: warning: no return statement in function returning non-void [-Wreturn-type]
   76 | #define __DEF_IF_HOST { }
      |                         ^
/usr/local/cuda/include/sm_30_intrinsics.h:162:104: note: in expansion of macro '__DEF_IF_HOST'
  162 | __SM_30_INTRINSICS_DECL__ float __shfl_sync(unsigned mask, float var, int srcLane, int width=warpSize) __DEF_IF_HOST
      |                                                                                                        ^~~~~~~~~~~~~
/usr/local/cuda/include/sm_30_intrinsics.h: In function 'float __shfl_up_sync(unsigned int, float, unsigned int, int)':
/usr/local/cuda/include/sm_30_intrinsics.h:76:25: warning: no return statement in function returning non-void [-Wreturn-type]
   76 | #define __DEF_IF_HOST { }
      |                         ^
/usr/local/cuda/include/sm_30_intrinsics.h:163:114: note: in expansion of macro '__DEF_IF_HOST'
  163 | __SM_30_INTRINSICS_DECL__ float __shfl_up_sync(unsigned mask, float var, unsigned int delta, int width=warpSize) __DEF_IF_HOST
      |                                                                                                                  ^~~~~~~~~~~~~
/usr/local/cuda/include/sm_30_intrinsics.h: In function 'float __shfl_down_sync(unsigned int, float, unsigned int, int)':
/usr/local/cuda/include/sm_30_intrinsics.h:76:25: warning: no return statement in function returning non-void [-Wreturn-type]
   76 | #define __DEF_IF_HOST { }
      |                         ^
/usr/local/cuda/include/sm_30_intrinsics.h:164:116: note: in expansion of macro '__DEF_IF_HOST'
  164 | __SM_30_INTRINSICS_DECL__ float __shfl_down_sync(unsigned mask, float var, unsigned int delta, int width=warpSize) __DEF_IF_HOST
      |                                                                                                                    ^~~~~~~~~~~~~
/usr/local/cuda/include/sm_30_intrinsics.h: In function 'float __shfl_xor_sync(unsigned int, float, int, int)':
/usr/local/cuda/include/sm_30_intrinsics.h:76:25: warning: no return statement in function returning non-void [-Wreturn-type]
   76 | #define __DEF_IF_HOST { }
      |                         ^
/usr/local/cuda/include/sm_30_intrinsics.h:165:109: note: in expansion of macro '__DEF_IF_HOST'
  165 | __SM_30_INTRINSICS_DECL__ float __shfl_xor_sync(unsigned mask, float var, int laneMask, int width=warpSize) __DEF_IF_HOST
      |                                                                                                             ^~~~~~~~~~~~~
/usr/local/cuda/include/sm_30_intrinsics.h: In function 'long long unsigned int __shfl(long long unsigned int, int, int)':
/usr/local/cuda/include/sm_30_intrinsics.h:76:25: warning: no return statement in function returning non-void [-Wreturn-type]
   76 | #define __DEF_IF_HOST { }
      |                         ^
/usr/local/cuda/include/sm_30_intrinsics.h:169:160: note: in expansion of macro '__DEF_IF_HOST'
  169 | __SM_30_INTRINSICS_DECL__ __DEPRECATED__(__WSB_DEPRECATION_MESSAGE(__shfl)) unsigned long long __shfl(unsigned long long var, int srcLane, int width=warpSize) __DEF_IF_HOST
      |                                                                                                                                                                ^~~~~~~~~~~~~
/usr/local/cuda/include/sm_30_intrinsics.h: In function 'long long int __shfl(long long int, int, int)':
/usr/local/cuda/include/sm_30_intrinsics.h:76:25: warning: no return statement in function returning non-void [-Wreturn-type]
   76 | #define __DEF_IF_HOST { }
      |                         ^
/usr/local/cuda/include/sm_30_intrinsics.h:170:142: note: in expansion of macro '__DEF_IF_HOST'
  170 | __SM_30_INTRINSICS_DECL__ __DEPRECATED__(__WSB_DEPRECATION_MESSAGE(__shfl)) long long __shfl(long long var, int srcLane, int width=warpSize) __DEF_IF_HOST
      |                                                                                                                                              ^~~~~~~~~~~~~
/usr/local/cuda/include/sm_30_intrinsics.h: In function 'long long int __shfl_up(long long int, unsigned int, int)':
/usr/local/cuda/include/sm_30_intrinsics.h:76:25: warning: no return statement in function returning non-void [-Wreturn-type]
   76 | #define __DEF_IF_HOST { }
      |                         ^
/usr/local/cuda/include/sm_30_intrinsics.h:171:155: note: in expansion of macro '__DEF_IF_HOST'
  171 | __SM_30_INTRINSICS_DECL__ __DEPRECATED__(__WSB_DEPRECATION_MESSAGE(__shfl_up)) long long __shfl_up(long long var, unsigned int delta, int width=warpSize) __DEF_IF_HOST
      |                                                                                                                                                           ^~~~~~~~~~~~~
/usr/local/cuda/include/sm_30_intrinsics.h: In function 'long long unsigned int __shfl_up(long long unsigned int, unsigned int, int)':
/usr/local/cuda/include/sm_30_intrinsics.h:76:25: warning: no return statement in function returning non-void [-Wreturn-type]
   76 | #define __DEF_IF_HOST { }
      |                         ^
/usr/local/cuda/include/sm_30_intrinsics.h:172:173: note: in expansion of macro '__DEF_IF_HOST'
  172 | __SM_30_INTRINSICS_DECL__ __DEPRECATED__(__WSB_DEPRECATION_MESSAGE(__shfl_up)) unsigned long long __shfl_up(unsigned long long var, unsigned int delta, int width=warpSize) __DEF_IF_HOST
      |                                                                                                                                                                             ^~~~~~~~~~~~~
/usr/local/cuda/include/sm_30_intrinsics.h: In function 'long long int __shfl_down(long long int, unsigned int, int)':
/usr/local/cuda/include/sm_30_intrinsics.h:76:25: warning: no return statement in function returning non-void [-Wreturn-type]
   76 | #define __DEF_IF_HOST { }
      |                         ^
/usr/local/cuda/include/sm_30_intrinsics.h:173:159: note: in expansion of macro '__DEF_IF_HOST'
  173 | __SM_30_INTRINSICS_DECL__ __DEPRECATED__(__WSB_DEPRECATION_MESSAGE(__shfl_down)) long long __shfl_down(long long var, unsigned int delta, int width=warpSize) __DEF_IF_HOST
      |                                                                                                                                                               ^~~~~~~~~~~~~
/usr/local/cuda/include/sm_30_intrinsics.h: In function 'long long unsigned int __shfl_down(long long unsigned int, unsigned int, int)':
/usr/local/cuda/include/sm_30_intrinsics.h:76:25: warning: no return statement in function returning non-void [-Wreturn-type]
   76 | #define __DEF_IF_HOST { }
      |                         ^
/usr/local/cuda/include/sm_30_intrinsics.h:174:177: note: in expansion of macro '__DEF_IF_HOST'
  174 | __SM_30_INTRINSICS_DECL__ __DEPRECATED__(__WSB_DEPRECATION_MESSAGE(__shfl_down)) unsigned long long __shfl_down(unsigned long long var, unsigned int delta, int width=warpSize) __DEF_IF_HOST
      |                                                                                                                                                                                 ^~~~~~~~~~~~~
/usr/local/cuda/include/sm_30_intrinsics.h: In function 'long long int __shfl_xor(long long int, int, int)':
/usr/local/cuda/include/sm_30_intrinsics.h:76:25: warning: no return statement in function returning non-void [-Wreturn-type]
   76 | #define __DEF_IF_HOST { }
      |                         ^
/usr/local/cuda/include/sm_30_intrinsics.h:175:151: note: in expansion of macro '__DEF_IF_HOST'
  175 | __SM_30_INTRINSICS_DECL__ __DEPRECATED__(__WSB_DEPRECATION_MESSAGE(__shfl_xor)) long long __shfl_xor(long long var, int laneMask, int width=warpSize) __DEF_IF_HOST
      |                                                                                                                                                       ^~~~~~~~~~~~~
/usr/local/cuda/include/sm_30_intrinsics.h: In function 'long long unsigned int __shfl_xor(long long unsigned int, int, int)':
/usr/local/cuda/include/sm_30_intrinsics.h:76:25: warning: no return statement in function returning non-void [-Wreturn-type]
   76 | #define __DEF_IF_HOST { }
      |                         ^
/usr/local/cuda/include/sm_30_intrinsics.h:176:169: note: in expansion of macro '__DEF_IF_HOST'
  176 | __SM_30_INTRINSICS_DECL__ __DEPRECATED__(__WSB_DEPRECATION_MESSAGE(__shfl_xor)) unsigned long long __shfl_xor(unsigned long long var, int laneMask, int width=warpSize) __DEF_IF_HOST
      |                                                                                                                                                                         ^~~~~~~~~~~~~
/usr/local/cuda/include/sm_30_intrinsics.h: In function 'double __shfl(double, int, int)':
/usr/local/cuda/include/sm_30_intrinsics.h:76:25: warning: no return statement in function returning non-void [-Wreturn-type]
   76 | #define __DEF_IF_HOST { }
      |                         ^
/usr/local/cuda/include/sm_30_intrinsics.h:177:136: note: in expansion of macro '__DEF_IF_HOST'
  177 | __SM_30_INTRINSICS_DECL__ __DEPRECATED__(__WSB_DEPRECATION_MESSAGE(__shfl)) double __shfl(double var, int srcLane, int width=warpSize) __DEF_IF_HOST
      |                                                                                                                                        ^~~~~~~~~~~~~
/usr/local/cuda/include/sm_30_intrinsics.h: In function 'double __shfl_up(double, unsigned int, int)':
/usr/local/cuda/include/sm_30_intrinsics.h:76:25: warning: no return statement in function returning non-void [-Wreturn-type]
   76 | #define __DEF_IF_HOST { }
      |                         ^
/usr/local/cuda/include/sm_30_intrinsics.h:178:149: note: in expansion of macro '__DEF_IF_HOST'
  178 | __SM_30_INTRINSICS_DECL__ __DEPRECATED__(__WSB_DEPRECATION_MESSAGE(__shfl_up)) double __shfl_up(double var, unsigned int delta, int width=warpSize) __DEF_IF_HOST
      |                                                                                                                                                     ^~~~~~~~~~~~~
/usr/local/cuda/include/sm_30_intrinsics.h: In function 'double __shfl_down(double, unsigned int, int)':
/usr/local/cuda/include/sm_30_intrinsics.h:76:25: warning: no return statement in function returning non-void [-Wreturn-type]
   76 | #define __DEF_IF_HOST { }
      |                         ^
/usr/local/cuda/include/sm_30_intrinsics.h:179:153: note: in expansion of macro '__DEF_IF_HOST'
  179 | __SM_30_INTRINSICS_DECL__ __DEPRECATED__(__WSB_DEPRECATION_MESSAGE(__shfl_down)) double __shfl_down(double var, unsigned int delta, int width=warpSize) __DEF_IF_HOST
      |                                                                                                                                                         ^~~~~~~~~~~~~
/usr/local/cuda/include/sm_30_intrinsics.h: In function 'double __shfl_xor(double, int, int)':
/usr/local/cuda/include/sm_30_intrinsics.h:76:25: warning: no return statement in function returning non-void [-Wreturn-type]
   76 | #define __DEF_IF_HOST { }
      |                         ^
/usr/local/cuda/include/sm_30_intrinsics.h:180:145: note: in expansion of macro '__DEF_IF_HOST'
  180 | __SM_30_INTRINSICS_DECL__ __DEPRECATED__(__WSB_DEPRECATION_MESSAGE(__shfl_xor)) double __shfl_xor(double var, int laneMask, int width=warpSize) __DEF_IF_HOST
      |                                                                                                                                                 ^~~~~~~~~~~~~
/usr/local/cuda/include/sm_30_intrinsics.h: In function 'long long int __shfl_sync(unsigned int, long long int, int, int)':
/usr/local/cuda/include/sm_30_intrinsics.h:76:25: warning: no return statement in function returning non-void [-Wreturn-type]
   76 | #define __DEF_IF_HOST { }
      |                         ^
/usr/local/cuda/include/sm_30_intrinsics.h:183:112: note: in expansion of macro '__DEF_IF_HOST'
  183 | __SM_30_INTRINSICS_DECL__ long long __shfl_sync(unsigned mask, long long var, int srcLane, int width=warpSize) __DEF_IF_HOST
      |                                                                                                                ^~~~~~~~~~~~~
/usr/local/cuda/include/sm_30_intrinsics.h: In function 'long long unsigned int __shfl_sync(unsigned int, long long unsigned int, int, int)':
/usr/local/cuda/include/sm_30_intrinsics.h:76:25: warning: no return statement in function returning non-void [-Wreturn-type]
   76 | #define __DEF_IF_HOST { }
      |                         ^
/usr/local/cuda/include/sm_30_intrinsics.h:184:130: note: in expansion of macro '__DEF_IF_HOST'
  184 | __SM_30_INTRINSICS_DECL__ unsigned long long __shfl_sync(unsigned mask, unsigned long long var, int srcLane, int width=warpSize) __DEF_IF_HOST
      |                                                                                                                                  ^~~~~~~~~~~~~
/usr/local/cuda/include/sm_30_intrinsics.h: In function 'long long int __shfl_up_sync(unsigned int, long long int, unsigned int, int)':
/usr/local/cuda/include/sm_30_intrinsics.h:76:25: warning: no return statement in function returning non-void [-Wreturn-type]
   76 | #define __DEF_IF_HOST { }
      |                         ^
/usr/local/cuda/include/sm_30_intrinsics.h:185:122: note: in expansion of macro '__DEF_IF_HOST'
  185 | __SM_30_INTRINSICS_DECL__ long long __shfl_up_sync(unsigned mask, long long var, unsigned int delta, int width=warpSize) __DEF_IF_HOST
      |                                                                                                                          ^~~~~~~~~~~~~
/usr/local/cuda/include/sm_30_intrinsics.h: In function 'long long unsigned int __shfl_up_sync(unsigned int, long long unsigned int, unsigned int, int)':
/usr/local/cuda/include/sm_30_intrinsics.h:76:25: warning: no return statement in function returning non-void [-Wreturn-type]
   76 | #define __DEF_IF_HOST { }
      |                         ^
/usr/local/cuda/include/sm_30_intrinsics.h:186:140: note: in expansion of macro '__DEF_IF_HOST'
  186 | __SM_30_INTRINSICS_DECL__ unsigned long long __shfl_up_sync(unsigned mask, unsigned long long var, unsigned int delta, int width=warpSize) __DEF_IF_HOST
      |                                                                                                                                            ^~~~~~~~~~~~~
/usr/local/cuda/include/sm_30_intrinsics.h: In function 'long long int __shfl_down_sync(unsigned int, long long int, unsigned int, int)':
/usr/local/cuda/include/sm_30_intrinsics.h:76:25: warning: no return statement in function returning non-void [-Wreturn-type]
   76 | #define __DEF_IF_HOST { }
      |                         ^
/usr/local/cuda/include/sm_30_intrinsics.h:187:124: note: in expansion of macro '__DEF_IF_HOST'
  187 | __SM_30_INTRINSICS_DECL__ long long __shfl_down_sync(unsigned mask, long long var, unsigned int delta, int width=warpSize) __DEF_IF_HOST
      |                                                                                                                            ^~~~~~~~~~~~~
/usr/local/cuda/include/sm_30_intrinsics.h: In function 'long long unsigned int __shfl_down_sync(unsigned int, long long unsigned int, unsigned int, int)':
/usr/local/cuda/include/sm_30_intrinsics.h:76:25: warning: no return statement in function returning non-void [-Wreturn-type]
   76 | #define __DEF_IF_HOST { }
      |                         ^
/usr/local/cuda/include/sm_30_intrinsics.h:188:142: note: in expansion of macro '__DEF_IF_HOST'
  188 | __SM_30_INTRINSICS_DECL__ unsigned long long __shfl_down_sync(unsigned mask, unsigned long long var, unsigned int delta, int width=warpSize) __DEF_IF_HOST
      |                                                                                                                                              ^~~~~~~~~~~~~
/usr/local/cuda/include/sm_30_intrinsics.h: In function 'long long int __shfl_xor_sync(unsigned int, long long int, int, int)':
/usr/local/cuda/include/sm_30_intrinsics.h:76:25: warning: no return statement in function returning non-void [-Wreturn-type]
   76 | #define __DEF_IF_HOST { }
      |                         ^
/usr/local/cuda/include/sm_30_intrinsics.h:189:117: note: in expansion of macro '__DEF_IF_HOST'
  189 | __SM_30_INTRINSICS_DECL__ long long __shfl_xor_sync(unsigned mask, long long var, int laneMask, int width=warpSize) __DEF_IF_HOST
      |                                                                                                                     ^~~~~~~~~~~~~
/usr/local/cuda/include/sm_30_intrinsics.h: In function 'long long unsigned int __shfl_xor_sync(unsigned int, long long unsigned int, int, int)':
/usr/local/cuda/include/sm_30_intrinsics.h:76:25: warning: no return statement in function returning non-void [-Wreturn-type]
   76 | #define __DEF_IF_HOST { }
      |                         ^
/usr/local/cuda/include/sm_30_intrinsics.h:190:135: note: in expansion of macro '__DEF_IF_HOST'
  190 | __SM_30_INTRINSICS_DECL__ unsigned long long __shfl_xor_sync(unsigned mask, unsigned long long var, int laneMask, int width=warpSize) __DEF_IF_HOST
      |                                                                                                                                       ^~~~~~~~~~~~~
/usr/local/cuda/include/sm_30_intrinsics.h: In function 'double __shfl_sync(unsigned int, double, int, int)':
/usr/local/cuda/include/sm_30_intrinsics.h:76:25: warning: no return statement in function returning non-void [-Wreturn-type]
   76 | #define __DEF_IF_HOST { }
      |                         ^
/usr/local/cuda/include/sm_30_intrinsics.h:191:106: note: in expansion of macro '__DEF_IF_HOST'
  191 | __SM_30_INTRINSICS_DECL__ double __shfl_sync(unsigned mask, double var, int srcLane, int width=warpSize) __DEF_IF_HOST
      |                                                                                                          ^~~~~~~~~~~~~
/usr/local/cuda/include/sm_30_intrinsics.h: In function 'double __shfl_up_sync(unsigned int, double, unsigned int, int)':
/usr/local/cuda/include/sm_30_intrinsics.h:76:25: warning: no return statement in function returning non-void [-Wreturn-type]
   76 | #define __DEF_IF_HOST { }
      |                         ^
/usr/local/cuda/include/sm_30_intrinsics.h:192:116: note: in expansion of macro '__DEF_IF_HOST'
  192 | __SM_30_INTRINSICS_DECL__ double __shfl_up_sync(unsigned mask, double var, unsigned int delta, int width=warpSize) __DEF_IF_HOST
      |                                                                                                                    ^~~~~~~~~~~~~
/usr/local/cuda/include/sm_30_intrinsics.h: In function 'double __shfl_down_sync(unsigned int, double, unsigned int, int)':
/usr/local/cuda/include/sm_30_intrinsics.h:76:25: warning: no return statement in function returning non-void [-Wreturn-type]
   76 | #define __DEF_IF_HOST { }
      |                         ^
/usr/local/cuda/include/sm_30_intrinsics.h:193:118: note: in expansion of macro '__DEF_IF_HOST'
  193 | __SM_30_INTRINSICS_DECL__ double __shfl_down_sync(unsigned mask, double var, unsigned int delta, int width=warpSize) __DEF_IF_HOST
      |                                                                                                                      ^~~~~~~~~~~~~
/usr/local/cuda/include/sm_30_intrinsics.h: In function 'double __shfl_xor_sync(unsigned int, double, int, int)':
/usr/local/cuda/include/sm_30_intrinsics.h:76:25: warning: no return statement in function returning non-void [-Wreturn-type]
   76 | #define __DEF_IF_HOST { }
      |                         ^
/usr/local/cuda/include/sm_30_intrinsics.h:194:111: note: in expansion of macro '__DEF_IF_HOST'
  194 | __SM_30_INTRINSICS_DECL__ double __shfl_xor_sync(unsigned mask, double var, int laneMask, int width=warpSize) __DEF_IF_HOST
      |                                                                                                               ^~~~~~~~~~~~~
/usr/local/cuda/include/sm_30_intrinsics.h: In function 'long int __shfl(long int, int, int)':
/usr/local/cuda/include/sm_30_intrinsics.h:76:25: warning: no return statement in function returning non-void [-Wreturn-type]
   76 | #define __DEF_IF_HOST { }
      |                         ^
/usr/local/cuda/include/sm_30_intrinsics.h:198:132: note: in expansion of macro '__DEF_IF_HOST'
  198 | __SM_30_INTRINSICS_DECL__ __DEPRECATED__(__WSB_DEPRECATION_MESSAGE(__shfl)) long __shfl(long var, int srcLane, int width=warpSize) __DEF_IF_HOST
      |                                                                                                                                    ^~~~~~~~~~~~~
/usr/local/cuda/include/sm_30_intrinsics.h: In function 'long unsigned int __shfl(long unsigned int, int, int)':
/usr/local/cuda/include/sm_30_intrinsics.h:76:25: warning: no return statement in function returning non-void [-Wreturn-type]
   76 | #define __DEF_IF_HOST { }
      |                         ^
/usr/local/cuda/include/sm_30_intrinsics.h:199:150: note: in expansion of macro '__DEF_IF_HOST'
  199 | __SM_30_INTRINSICS_DECL__ __DEPRECATED__(__WSB_DEPRECATION_MESSAGE(__shfl)) unsigned long __shfl(unsigned long var, int srcLane, int width=warpSize) __DEF_IF_HOST
      |                                                                                                                                                      ^~~~~~~~~~~~~
/usr/local/cuda/include/sm_30_intrinsics.h: In function 'long int __shfl_up(long int, unsigned int, int)':
/usr/local/cuda/include/sm_30_intrinsics.h:76:25: warning: no return statement in function returning non-void [-Wreturn-type]
   76 | #define __DEF_IF_HOST { }
      |                         ^
/usr/local/cuda/include/sm_30_intrinsics.h:200:145: note: in expansion of macro '__DEF_IF_HOST'
  200 | __SM_30_INTRINSICS_DECL__ __DEPRECATED__(__WSB_DEPRECATION_MESSAGE(__shfl_up)) long __shfl_up(long var, unsigned int delta, int width=warpSize) __DEF_IF_HOST
      |                                                                                                                                                 ^~~~~~~~~~~~~
/usr/local/cuda/include/sm_30_intrinsics.h: In function 'long unsigned int __shfl_up(long unsigned int, unsigned int, int)':
/usr/local/cuda/include/sm_30_intrinsics.h:76:25: warning: no return statement in function returning non-void [-Wreturn-type]
   76 | #define __DEF_IF_HOST { }
      |                         ^
/usr/local/cuda/include/sm_30_intrinsics.h:201:163: note: in expansion of macro '__DEF_IF_HOST'
  201 | __SM_30_INTRINSICS_DECL__ __DEPRECATED__(__WSB_DEPRECATION_MESSAGE(__shfl_up)) unsigned long __shfl_up(unsigned long var, unsigned int delta, int width=warpSize) __DEF_IF_HOST
      |                                                                                                                                                                   ^~~~~~~~~~~~~
/usr/local/cuda/include/sm_30_intrinsics.h: In function 'long int __shfl_down(long int, unsigned int, int)':
/usr/local/cuda/include/sm_30_intrinsics.h:76:25: warning: no return statement in function returning non-void [-Wreturn-type]
   76 | #define __DEF_IF_HOST { }
      |                         ^
/usr/local/cuda/include/sm_30_intrinsics.h:202:149: note: in expansion of macro '__DEF_IF_HOST'
  202 | __SM_30_INTRINSICS_DECL__ __DEPRECATED__(__WSB_DEPRECATION_MESSAGE(__shfl_down)) long __shfl_down(long var, unsigned int delta, int width=warpSize) __DEF_IF_HOST
      |                                                                                                                                                     ^~~~~~~~~~~~~
/usr/local/cuda/include/sm_30_intrinsics.h: In function 'long unsigned int __shfl_down(long unsigned int, unsigned int, int)':
/usr/local/cuda/include/sm_30_intrinsics.h:76:25: warning: no return statement in function returning non-void [-Wreturn-type]
   76 | #define __DEF_IF_HOST { }
      |                         ^
/usr/local/cuda/include/sm_30_intrinsics.h:203:167: note: in expansion of macro '__DEF_IF_HOST'
  203 | __SM_30_INTRINSICS_DECL__ __DEPRECATED__(__WSB_DEPRECATION_MESSAGE(__shfl_down)) unsigned long __shfl_down(unsigned long var, unsigned int delta, int width=warpSize) __DEF_IF_HOST
      |                                                                                                                                                                       ^~~~~~~~~~~~~
/usr/local/cuda/include/sm_30_intrinsics.h: In function 'long int __shfl_xor(long int, int, int)':
/usr/local/cuda/include/sm_30_intrinsics.h:76:25: warning: no return statement in function returning non-void [-Wreturn-type]
   76 | #define __DEF_IF_HOST { }
      |                         ^
/usr/local/cuda/include/sm_30_intrinsics.h:204:141: note: in expansion of macro '__DEF_IF_HOST'
  204 | __SM_30_INTRINSICS_DECL__ __DEPRECATED__(__WSB_DEPRECATION_MESSAGE(__shfl_xor)) long __shfl_xor(long var, int laneMask, int width=warpSize) __DEF_IF_HOST
      |                                                                                                                                             ^~~~~~~~~~~~~
/usr/local/cuda/include/sm_30_intrinsics.h: In function 'long unsigned int __shfl_xor(long unsigned int, int, int)':
/usr/local/cuda/include/sm_30_intrinsics.h:76:25: warning: no return statement in function returning non-void [-Wreturn-type]
   76 | #define __DEF_IF_HOST { }
      |                         ^
/usr/local/cuda/include/sm_30_intrinsics.h:205:159: note: in expansion of macro '__DEF_IF_HOST'
  205 | __SM_30_INTRINSICS_DECL__ __DEPRECATED__(__WSB_DEPRECATION_MESSAGE(__shfl_xor)) unsigned long __shfl_xor(unsigned long var, int laneMask, int width=warpSize) __DEF_IF_HOST
      |                                                                                                                                                               ^~~~~~~~~~~~~
/usr/local/cuda/include/sm_30_intrinsics.h: In function 'long int __shfl_sync(unsigned int, long int, int, int)':
/usr/local/cuda/include/sm_30_intrinsics.h:76:25: warning: no return statement in function returning non-void [-Wreturn-type]
   76 | #define __DEF_IF_HOST { }
      |                         ^
/usr/local/cuda/include/sm_30_intrinsics.h:208:102: note: in expansion of macro '__DEF_IF_HOST'
  208 | __SM_30_INTRINSICS_DECL__ long __shfl_sync(unsigned mask, long var, int srcLane, int width=warpSize) __DEF_IF_HOST
      |                                                                                                      ^~~~~~~~~~~~~
/usr/local/cuda/include/sm_30_intrinsics.h: In function 'long unsigned int __shfl_sync(unsigned int, long unsigned int, int, int)':
/usr/local/cuda/include/sm_30_intrinsics.h:76:25: warning: no return statement in function returning non-void [-Wreturn-type]
   76 | #define __DEF_IF_HOST { }
      |                         ^
/usr/local/cuda/include/sm_30_intrinsics.h:209:120: note: in expansion of macro '__DEF_IF_HOST'
  209 | __SM_30_INTRINSICS_DECL__ unsigned long __shfl_sync(unsigned mask, unsigned long var, int srcLane, int width=warpSize) __DEF_IF_HOST
      |                                                                                                                        ^~~~~~~~~~~~~
/usr/local/cuda/include/sm_30_intrinsics.h: In function 'long int __shfl_up_sync(unsigned int, long int, unsigned int, int)':
/usr/local/cuda/include/sm_30_intrinsics.h:76:25: warning: no return statement in function returning non-void [-Wreturn-type]
   76 | #define __DEF_IF_HOST { }
      |                         ^
/usr/local/cuda/include/sm_30_intrinsics.h:210:112: note: in expansion of macro '__DEF_IF_HOST'
  210 | __SM_30_INTRINSICS_DECL__ long __shfl_up_sync(unsigned mask, long var, unsigned int delta, int width=warpSize) __DEF_IF_HOST
      |                                                                                                                ^~~~~~~~~~~~~
/usr/local/cuda/include/sm_30_intrinsics.h: In function 'long unsigned int __shfl_up_sync(unsigned int, long unsigned int, unsigned int, int)':
/usr/local/cuda/include/sm_30_intrinsics.h:76:25: warning: no return statement in function returning non-void [-Wreturn-type]
   76 | #define __DEF_IF_HOST { }
      |                         ^
/usr/local/cuda/include/sm_30_intrinsics.h:211:130: note: in expansion of macro '__DEF_IF_HOST'
  211 | __SM_30_INTRINSICS_DECL__ unsigned long __shfl_up_sync(unsigned mask, unsigned long var, unsigned int delta, int width=warpSize) __DEF_IF_HOST
      |                                                                                                                                  ^~~~~~~~~~~~~
/usr/local/cuda/include/sm_30_intrinsics.h: In function 'long int __shfl_down_sync(unsigned int, long int, unsigned int, int)':
/usr/local/cuda/include/sm_30_intrinsics.h:76:25: warning: no return statement in function returning non-void [-Wreturn-type]
   76 | #define __DEF_IF_HOST { }
      |                         ^
/usr/local/cuda/include/sm_30_intrinsics.h:212:114: note: in expansion of macro '__DEF_IF_HOST'
  212 | __SM_30_INTRINSICS_DECL__ long __shfl_down_sync(unsigned mask, long var, unsigned int delta, int width=warpSize) __DEF_IF_HOST
      |                                                                                                                  ^~~~~~~~~~~~~
/usr/local/cuda/include/sm_30_intrinsics.h: In function 'long unsigned int __shfl_down_sync(unsigned int, long unsigned int, unsigned int, int)':
/usr/local/cuda/include/sm_30_intrinsics.h:76:25: warning: no return statement in function returning non-void [-Wreturn-type]
   76 | #define __DEF_IF_HOST { }
      |                         ^
/usr/local/cuda/include/sm_30_intrinsics.h:213:132: note: in expansion of macro '__DEF_IF_HOST'
  213 | __SM_30_INTRINSICS_DECL__ unsigned long __shfl_down_sync(unsigned mask, unsigned long var, unsigned int delta, int width=warpSize) __DEF_IF_HOST
      |                                                                                                                                    ^~~~~~~~~~~~~
/usr/local/cuda/include/sm_30_intrinsics.h: In function 'long int __shfl_xor_sync(unsigned int, long int, int, int)':
/usr/local/cuda/include/sm_30_intrinsics.h:76:25: warning: no return statement in function returning non-void [-Wreturn-type]
   76 | #define __DEF_IF_HOST { }
      |                         ^
/usr/local/cuda/include/sm_30_intrinsics.h:214:107: note: in expansion of macro '__DEF_IF_HOST'
  214 | __SM_30_INTRINSICS_DECL__ long __shfl_xor_sync(unsigned mask, long var, int laneMask, int width=warpSize) __DEF_IF_HOST
      |                                                                                                           ^~~~~~~~~~~~~
/usr/local/cuda/include/sm_30_intrinsics.h: In function 'long unsigned int __shfl_xor_sync(unsigned int, long unsigned int, int, int)':
/usr/local/cuda/include/sm_30_intrinsics.h:76:25: warning: no return statement in function returning non-void [-Wreturn-type]
   76 | #define __DEF_IF_HOST { }
      |                         ^
/usr/local/cuda/include/sm_30_intrinsics.h:215:125: note: in expansion of macro '__DEF_IF_HOST'
  215 | __SM_30_INTRINSICS_DECL__ unsigned long __shfl_xor_sync(unsigned mask, unsigned long var, int laneMask, int width=warpSize) __DEF_IF_HOST
      |                                                                                                                             ^~~~~~~~~~~~~
In file included from /usr/local/cuda/include/crt/device_functions.h:3623,
                 from /home/GVirtuS/GVirtuS/plugins/cudart/backend/CudaRtHandler.h:71,
                 from /home/GVirtuS/GVirtuS/plugins/cudart/backend/CudaRtHandler_stream.cpp:26:
/usr/local/cuda/include/sm_32_intrinsics.h: In function 'long int __ldg(const long int*)':
/usr/local/cuda/include/sm_32_intrinsics.h:74:25: warning: no return statement in function returning non-void [-Wreturn-type]
   74 | #define __DEF_IF_HOST { }
      |                         ^
/usr/local/cuda/include/sm_32_intrinsics.h:87:55: note: in expansion of macro '__DEF_IF_HOST'
   87 | __SM_32_INTRINSICS_DECL__ long __ldg(const long *ptr) __DEF_IF_HOST
      |                                                       ^~~~~~~~~~~~~
/usr/local/cuda/include/sm_32_intrinsics.h: In function 'long unsigned int __ldg(const long unsigned int*)':
/usr/local/cuda/include/sm_32_intrinsics.h:74:25: warning: no return statement in function returning non-void [-Wreturn-type]
   74 | #define __DEF_IF_HOST { }
      |                         ^
/usr/local/cuda/include/sm_32_intrinsics.h:88:73: note: in expansion of macro '__DEF_IF_HOST'
   88 | __SM_32_INTRINSICS_DECL__ unsigned long __ldg(const unsigned long *ptr) __DEF_IF_HOST
      |                                                                         ^~~~~~~~~~~~~
/usr/local/cuda/include/sm_32_intrinsics.h: In function 'char __ldg(const char*)':
/usr/local/cuda/include/sm_32_intrinsics.h:74:25: warning: no return statement in function returning non-void [-Wreturn-type]
   74 | #define __DEF_IF_HOST { }
      |                         ^
/usr/local/cuda/include/sm_32_intrinsics.h:90:55: note: in expansion of macro '__DEF_IF_HOST'
   90 | __SM_32_INTRINSICS_DECL__ char __ldg(const char *ptr) __DEF_IF_HOST
      |                                                       ^~~~~~~~~~~~~
/usr/local/cuda/include/sm_32_intrinsics.h: In function 'signed char __ldg(const signed char*)':
/usr/local/cuda/include/sm_32_intrinsics.h:74:25: warning: no return statement in function returning non-void [-Wreturn-type]
   74 | #define __DEF_IF_HOST { }
      |                         ^
/usr/local/cuda/include/sm_32_intrinsics.h:91:69: note: in expansion of macro '__DEF_IF_HOST'
   91 | __SM_32_INTRINSICS_DECL__ signed char __ldg(const signed char *ptr) __DEF_IF_HOST
      |                                                                     ^~~~~~~~~~~~~
/usr/local/cuda/include/sm_32_intrinsics.h: In function 'short int __ldg(const short int*)':
/usr/local/cuda/include/sm_32_intrinsics.h:74:25: warning: no return statement in function returning non-void [-Wreturn-type]
   74 | #define __DEF_IF_HOST { }
      |                         ^
/usr/local/cuda/include/sm_32_intrinsics.h:92:57: note: in expansion of macro '__DEF_IF_HOST'
   92 | __SM_32_INTRINSICS_DECL__ short __ldg(const short *ptr) __DEF_IF_HOST
      |                                                         ^~~~~~~~~~~~~
/usr/local/cuda/include/sm_32_intrinsics.h: In function 'int __ldg(const int*)':
/usr/local/cuda/include/sm_32_intrinsics.h:74:25: warning: no return statement in function returning non-void [-Wreturn-type]
   74 | #define __DEF_IF_HOST { }
      |                         ^
/usr/local/cuda/include/sm_32_intrinsics.h:93:53: note: in expansion of macro '__DEF_IF_HOST'
   93 | __SM_32_INTRINSICS_DECL__ int __ldg(const int *ptr) __DEF_IF_HOST
      |                                                     ^~~~~~~~~~~~~
/usr/local/cuda/include/sm_32_intrinsics.h: In function 'long long int __ldg(const long long int*)':
/usr/local/cuda/include/sm_32_intrinsics.h:74:25: warning: no return statement in function returning non-void [-Wreturn-type]
   74 | #define __DEF_IF_HOST { }
      |                         ^
/usr/local/cuda/include/sm_32_intrinsics.h:94:65: note: in expansion of macro '__DEF_IF_HOST'
   94 | __SM_32_INTRINSICS_DECL__ long long __ldg(const long long *ptr) __DEF_IF_HOST
      |                                                                 ^~~~~~~~~~~~~
/usr/local/cuda/include/sm_32_intrinsics.h: In function 'char2 __ldg(const char2*)':
/usr/local/cuda/include/sm_32_intrinsics.h:74:25: warning: no return statement in function returning non-void [-Wreturn-type]
   74 | #define __DEF_IF_HOST { }
      |                         ^
/usr/local/cuda/include/sm_32_intrinsics.h:95:57: note: in expansion of macro '__DEF_IF_HOST'
   95 | __SM_32_INTRINSICS_DECL__ char2 __ldg(const char2 *ptr) __DEF_IF_HOST
      |                                                         ^~~~~~~~~~~~~
/usr/local/cuda/include/sm_32_intrinsics.h: In function 'char4 __ldg(const char4*)':
/usr/local/cuda/include/sm_32_intrinsics.h:74:25: warning: no return statement in function returning non-void [-Wreturn-type]
   74 | #define __DEF_IF_HOST { }
      |                         ^
/usr/local/cuda/include/sm_32_intrinsics.h:96:57: note: in expansion of macro '__DEF_IF_HOST'
   96 | __SM_32_INTRINSICS_DECL__ char4 __ldg(const char4 *ptr) __DEF_IF_HOST
      |                                                         ^~~~~~~~~~~~~
/usr/local/cuda/include/sm_32_intrinsics.h: In function 'short2 __ldg(const short2*)':
/usr/local/cuda/include/sm_32_intrinsics.h:74:25: warning: no return statement in function returning non-void [-Wreturn-type]
   74 | #define __DEF_IF_HOST { }
      |                         ^
/usr/local/cuda/include/sm_32_intrinsics.h:97:59: note: in expansion of macro '__DEF_IF_HOST'
   97 | __SM_32_INTRINSICS_DECL__ short2 __ldg(const short2 *ptr) __DEF_IF_HOST
      |                                                           ^~~~~~~~~~~~~
/usr/local/cuda/include/sm_32_intrinsics.h: In function 'short4 __ldg(const short4*)':
/usr/local/cuda/include/sm_32_intrinsics.h:74:25: warning: no return statement in function returning non-void [-Wreturn-type]
   74 | #define __DEF_IF_HOST { }
      |                         ^
/usr/local/cuda/include/sm_32_intrinsics.h:98:59: note: in expansion of macro '__DEF_IF_HOST'
   98 | __SM_32_INTRINSICS_DECL__ short4 __ldg(const short4 *ptr) __DEF_IF_HOST
      |                                                           ^~~~~~~~~~~~~
/usr/local/cuda/include/sm_32_intrinsics.h: In function 'int2 __ldg(const int2*)':
/usr/local/cuda/include/sm_32_intrinsics.h:74:25: warning: no return statement in function returning non-void [-Wreturn-type]
   74 | #define __DEF_IF_HOST { }
      |                         ^
/usr/local/cuda/include/sm_32_intrinsics.h:99:55: note: in expansion of macro '__DEF_IF_HOST'
   99 | __SM_32_INTRINSICS_DECL__ int2 __ldg(const int2 *ptr) __DEF_IF_HOST
      |                                                       ^~~~~~~~~~~~~
/usr/local/cuda/include/sm_32_intrinsics.h: In function 'int4 __ldg(const int4*)':
/usr/local/cuda/include/sm_32_intrinsics.h:74:25: warning: no return statement in function returning non-void [-Wreturn-type]
   74 | #define __DEF_IF_HOST { }
      |                         ^
/usr/local/cuda/include/sm_32_intrinsics.h:100:55: note: in expansion of macro '__DEF_IF_HOST'
  100 | __SM_32_INTRINSICS_DECL__ int4 __ldg(const int4 *ptr) __DEF_IF_HOST
      |                                                       ^~~~~~~~~~~~~
/usr/local/cuda/include/sm_32_intrinsics.h: In function 'longlong2 __ldg(const longlong2*)':
/usr/local/cuda/include/sm_32_intrinsics.h:74:25: warning: no return statement in function returning non-void [-Wreturn-type]
   74 | #define __DEF_IF_HOST { }
      |                         ^
/usr/local/cuda/include/sm_32_intrinsics.h:101:65: note: in expansion of macro '__DEF_IF_HOST'
  101 | __SM_32_INTRINSICS_DECL__ longlong2 __ldg(const longlong2 *ptr) __DEF_IF_HOST
      |                                                                 ^~~~~~~~~~~~~
/usr/local/cuda/include/sm_32_intrinsics.h: In function 'unsigned char __ldg(const unsigned char*)':
/usr/local/cuda/include/sm_32_intrinsics.h:74:25: warning: no return statement in function returning non-void [-Wreturn-type]
   74 | #define __DEF_IF_HOST { }
      |                         ^
/usr/local/cuda/include/sm_32_intrinsics.h:103:73: note: in expansion of macro '__DEF_IF_HOST'
  103 | __SM_32_INTRINSICS_DECL__ unsigned char __ldg(const unsigned char *ptr) __DEF_IF_HOST
      |                                                                         ^~~~~~~~~~~~~
/usr/local/cuda/include/sm_32_intrinsics.h: In function 'short unsigned int __ldg(const short unsigned int*)':
/usr/local/cuda/include/sm_32_intrinsics.h:74:25: warning: no return statement in function returning non-void [-Wreturn-type]
   74 | #define __DEF_IF_HOST { }
      |                         ^
/usr/local/cuda/include/sm_32_intrinsics.h:104:75: note: in expansion of macro '__DEF_IF_HOST'
  104 | __SM_32_INTRINSICS_DECL__ unsigned short __ldg(const unsigned short *ptr) __DEF_IF_HOST
      |                                                                           ^~~~~~~~~~~~~
/usr/local/cuda/include/sm_32_intrinsics.h: In function 'unsigned int __ldg(const unsigned int*)':
/usr/local/cuda/include/sm_32_intrinsics.h:74:25: warning: no return statement in function returning non-void [-Wreturn-type]
   74 | #define __DEF_IF_HOST { }
      |                         ^
/usr/local/cuda/include/sm_32_intrinsics.h:105:71: note: in expansion of macro '__DEF_IF_HOST'
  105 | __SM_32_INTRINSICS_DECL__ unsigned int __ldg(const unsigned int *ptr) __DEF_IF_HOST
      |                                                                       ^~~~~~~~~~~~~
/usr/local/cuda/include/sm_32_intrinsics.h: In function 'long long unsigned int __ldg(const long long unsigned int*)':
/usr/local/cuda/include/sm_32_intrinsics.h:74:25: warning: no return statement in function returning non-void [-Wreturn-type]
   74 | #define __DEF_IF_HOST { }
      |                         ^
/usr/local/cuda/include/sm_32_intrinsics.h:106:83: note: in expansion of macro '__DEF_IF_HOST'
  106 | __SM_32_INTRINSICS_DECL__ unsigned long long __ldg(const unsigned long long *ptr) __DEF_IF_HOST
      |                                                                                   ^~~~~~~~~~~~~
/usr/local/cuda/include/sm_32_intrinsics.h: In function 'uchar2 __ldg(const uchar2*)':
/usr/local/cuda/include/sm_32_intrinsics.h:74:25: warning: no return statement in function returning non-void [-Wreturn-type]
   74 | #define __DEF_IF_HOST { }
      |                         ^
/usr/local/cuda/include/sm_32_intrinsics.h:107:59: note: in expansion of macro '__DEF_IF_HOST'
  107 | __SM_32_INTRINSICS_DECL__ uchar2 __ldg(const uchar2 *ptr) __DEF_IF_HOST
      |                                                           ^~~~~~~~~~~~~
/usr/local/cuda/include/sm_32_intrinsics.h: In function 'uchar4 __ldg(const uchar4*)':
/usr/local/cuda/include/sm_32_intrinsics.h:74:25: warning: no return statement in function returning non-void [-Wreturn-type]
   74 | #define __DEF_IF_HOST { }
      |                         ^
/usr/local/cuda/include/sm_32_intrinsics.h:108:59: note: in expansion of macro '__DEF_IF_HOST'
  108 | __SM_32_INTRINSICS_DECL__ uchar4 __ldg(const uchar4 *ptr) __DEF_IF_HOST
      |                                                           ^~~~~~~~~~~~~
/usr/local/cuda/include/sm_32_intrinsics.h: In function 'ushort2 __ldg(const ushort2*)':
/usr/local/cuda/include/sm_32_intrinsics.h:74:25: warning: no return statement in function returning non-void [-Wreturn-type]
   74 | #define __DEF_IF_HOST { }
      |                         ^
/usr/local/cuda/include/sm_32_intrinsics.h:109:61: note: in expansion of macro '__DEF_IF_HOST'
  109 | __SM_32_INTRINSICS_DECL__ ushort2 __ldg(const ushort2 *ptr) __DEF_IF_HOST
      |                                                             ^~~~~~~~~~~~~
/usr/local/cuda/include/sm_32_intrinsics.h: In function 'ushort4 __ldg(const ushort4*)':
/usr/local/cuda/include/sm_32_intrinsics.h:74:25: warning: no return statement in function returning non-void [-Wreturn-type]
   74 | #define __DEF_IF_HOST { }
      |                         ^
/usr/local/cuda/include/sm_32_intrinsics.h:110:61: note: in expansion of macro '__DEF_IF_HOST'
  110 | __SM_32_INTRINSICS_DECL__ ushort4 __ldg(const ushort4 *ptr) __DEF_IF_HOST
      |                                                             ^~~~~~~~~~~~~
/usr/local/cuda/include/sm_32_intrinsics.h: In function 'uint2 __ldg(const uint2*)':
/usr/local/cuda/include/sm_32_intrinsics.h:74:25: warning: no return statement in function returning non-void [-Wreturn-type]
   74 | #define __DEF_IF_HOST { }
      |                         ^
/usr/local/cuda/include/sm_32_intrinsics.h:111:57: note: in expansion of macro '__DEF_IF_HOST'
  111 | __SM_32_INTRINSICS_DECL__ uint2 __ldg(const uint2 *ptr) __DEF_IF_HOST
      |                                                         ^~~~~~~~~~~~~
/usr/local/cuda/include/sm_32_intrinsics.h: In function 'uint4 __ldg(const uint4*)':
/usr/local/cuda/include/sm_32_intrinsics.h:74:25: warning: no return statement in function returning non-void [-Wreturn-type]
   74 | #define __DEF_IF_HOST { }
      |                         ^
/usr/local/cuda/include/sm_32_intrinsics.h:112:57: note: in expansion of macro '__DEF_IF_HOST'
  112 | __SM_32_INTRINSICS_DECL__ uint4 __ldg(const uint4 *ptr) __DEF_IF_HOST
      |                                                         ^~~~~~~~~~~~~
/usr/local/cuda/include/sm_32_intrinsics.h: In function 'ulonglong2 __ldg(const ulonglong2*)':
/usr/local/cuda/include/sm_32_intrinsics.h:74:25: warning: no return statement in function returning non-void [-Wreturn-type]
   74 | #define __DEF_IF_HOST { }
      |                         ^
/usr/local/cuda/include/sm_32_intrinsics.h:113:67: note: in expansion of macro '__DEF_IF_HOST'
  113 | __SM_32_INTRINSICS_DECL__ ulonglong2 __ldg(const ulonglong2 *ptr) __DEF_IF_HOST
      |                                                                   ^~~~~~~~~~~~~
/usr/local/cuda/include/sm_32_intrinsics.h: In function 'float __ldg(const float*)':
/usr/local/cuda/include/sm_32_intrinsics.h:74:25: warning: no return statement in function returning non-void [-Wreturn-type]
   74 | #define __DEF_IF_HOST { }
      |                         ^
/usr/local/cuda/include/sm_32_intrinsics.h:115:57: note: in expansion of macro '__DEF_IF_HOST'
  115 | __SM_32_INTRINSICS_DECL__ float __ldg(const float *ptr) __DEF_IF_HOST
      |                                                         ^~~~~~~~~~~~~
/usr/local/cuda/include/sm_32_intrinsics.h: In function 'double __ldg(const double*)':
/usr/local/cuda/include/sm_32_intrinsics.h:74:25: warning: no return statement in function returning non-void [-Wreturn-type]
   74 | #define __DEF_IF_HOST { }
      |                         ^
/usr/local/cuda/include/sm_32_intrinsics.h:116:59: note: in expansion of macro '__DEF_IF_HOST'
  116 | __SM_32_INTRINSICS_DECL__ double __ldg(const double *ptr) __DEF_IF_HOST
      |                                                           ^~~~~~~~~~~~~
/usr/local/cuda/include/sm_32_intrinsics.h: In function 'float2 __ldg(const float2*)':
/usr/local/cuda/include/sm_32_intrinsics.h:74:25: warning: no return statement in function returning non-void [-Wreturn-type]
   74 | #define __DEF_IF_HOST { }
      |                         ^
/usr/local/cuda/include/sm_32_intrinsics.h:117:59: note: in expansion of macro '__DEF_IF_HOST'
  117 | __SM_32_INTRINSICS_DECL__ float2 __ldg(const float2 *ptr) __DEF_IF_HOST
      |                                                           ^~~~~~~~~~~~~
/usr/local/cuda/include/sm_32_intrinsics.h: In function 'float4 __ldg(const float4*)':
/usr/local/cuda/include/sm_32_intrinsics.h:74:25: warning: no return statement in function returning non-void [-Wreturn-type]
   74 | #define __DEF_IF_HOST { }
      |                         ^
/usr/local/cuda/include/sm_32_intrinsics.h:118:59: note: in expansion of macro '__DEF_IF_HOST'
  118 | __SM_32_INTRINSICS_DECL__ float4 __ldg(const float4 *ptr) __DEF_IF_HOST
      |                                                           ^~~~~~~~~~~~~
/usr/local/cuda/include/sm_32_intrinsics.h: In function 'double2 __ldg(const double2*)':
/usr/local/cuda/include/sm_32_intrinsics.h:74:25: warning: no return statement in function returning non-void [-Wreturn-type]
   74 | #define __DEF_IF_HOST { }
      |                         ^
/usr/local/cuda/include/sm_32_intrinsics.h:119:61: note: in expansion of macro '__DEF_IF_HOST'
  119 | __SM_32_INTRINSICS_DECL__ double2 __ldg(const double2 *ptr) __DEF_IF_HOST
      |                                                             ^~~~~~~~~~~~~
/usr/local/cuda/include/sm_32_intrinsics.h: In function 'long int __ldcg(const long int*)':
/usr/local/cuda/include/sm_32_intrinsics.h:74:25: warning: no return statement in function returning non-void [-Wreturn-type]
   74 | #define __DEF_IF_HOST { }
      |                         ^
/usr/local/cuda/include/sm_32_intrinsics.h:123:56: note: in expansion of macro '__DEF_IF_HOST'
  123 | __SM_32_INTRINSICS_DECL__ long __ldcg(const long *ptr) __DEF_IF_HOST
      |                                                        ^~~~~~~~~~~~~
/usr/local/cuda/include/sm_32_intrinsics.h: In function 'long unsigned int __ldcg(const long unsigned int*)':
/usr/local/cuda/include/sm_32_intrinsics.h:74:25: warning: no return statement in function returning non-void [-Wreturn-type]
   74 | #define __DEF_IF_HOST { }
      |                         ^
/usr/local/cuda/include/sm_32_intrinsics.h:124:74: note: in expansion of macro '__DEF_IF_HOST'
  124 | __SM_32_INTRINSICS_DECL__ unsigned long __ldcg(const unsigned long *ptr) __DEF_IF_HOST
      |                                                                          ^~~~~~~~~~~~~
/usr/local/cuda/include/sm_32_intrinsics.h: In function 'char __ldcg(const char*)':
/usr/local/cuda/include/sm_32_intrinsics.h:74:25: warning: no return statement in function returning non-void [-Wreturn-type]
   74 | #define __DEF_IF_HOST { }
      |                         ^
/usr/local/cuda/include/sm_32_intrinsics.h:126:56: note: in expansion of macro '__DEF_IF_HOST'
  126 | __SM_32_INTRINSICS_DECL__ char __ldcg(const char *ptr) __DEF_IF_HOST
      |                                                        ^~~~~~~~~~~~~
/usr/local/cuda/include/sm_32_intrinsics.h: In function 'signed char __ldcg(const signed char*)':
/usr/local/cuda/include/sm_32_intrinsics.h:74:25: warning: no return statement in function returning non-void [-Wreturn-type]
   74 | #define __DEF_IF_HOST { }
      |                         ^
/usr/local/cuda/include/sm_32_intrinsics.h:127:70: note: in expansion of macro '__DEF_IF_HOST'
  127 | __SM_32_INTRINSICS_DECL__ signed char __ldcg(const signed char *ptr) __DEF_IF_HOST
      |                                                                      ^~~~~~~~~~~~~
/usr/local/cuda/include/sm_32_intrinsics.h: In function 'short int __ldcg(const short int*)':
/usr/local/cuda/include/sm_32_intrinsics.h:74:25: warning: no return statement in function returning non-void [-Wreturn-type]
   74 | #define __DEF_IF_HOST { }
      |                         ^
/usr/local/cuda/include/sm_32_intrinsics.h:128:58: note: in expansion of macro '__DEF_IF_HOST'
  128 | __SM_32_INTRINSICS_DECL__ short __ldcg(const short *ptr) __DEF_IF_HOST
      |                                                          ^~~~~~~~~~~~~
/usr/local/cuda/include/sm_32_intrinsics.h: In function 'int __ldcg(const int*)':
/usr/local/cuda/include/sm_32_intrinsics.h:74:25: warning: no return statement in function returning non-void [-Wreturn-type]
   74 | #define __DEF_IF_HOST { }
      |                         ^
/usr/local/cuda/include/sm_32_intrinsics.h:129:54: note: in expansion of macro '__DEF_IF_HOST'
  129 | __SM_32_INTRINSICS_DECL__ int __ldcg(const int *ptr) __DEF_IF_HOST
      |                                                      ^~~~~~~~~~~~~
/usr/local/cuda/include/sm_32_intrinsics.h: In function 'long long int __ldcg(const long long int*)':
/usr/local/cuda/include/sm_32_intrinsics.h:74:25: warning: no return statement in function returning non-void [-Wreturn-type]
   74 | #define __DEF_IF_HOST { }
      |                         ^
/usr/local/cuda/include/sm_32_intrinsics.h:130:66: note: in expansion of macro '__DEF_IF_HOST'
  130 | __SM_32_INTRINSICS_DECL__ long long __ldcg(const long long *ptr) __DEF_IF_HOST
      |                                                                  ^~~~~~~~~~~~~
/usr/local/cuda/include/sm_32_intrinsics.h: In function 'char2 __ldcg(const char2*)':
/usr/local/cuda/include/sm_32_intrinsics.h:74:25: warning: no return statement in function returning non-void [-Wreturn-type]
   74 | #define __DEF_IF_HOST { }
      |                         ^
/usr/local/cuda/include/sm_32_intrinsics.h:131:58: note: in expansion of macro '__DEF_IF_HOST'
  131 | __SM_32_INTRINSICS_DECL__ char2 __ldcg(const char2 *ptr) __DEF_IF_HOST
      |                                                          ^~~~~~~~~~~~~
/usr/local/cuda/include/sm_32_intrinsics.h: In function 'char4 __ldcg(const char4*)':
/usr/local/cuda/include/sm_32_intrinsics.h:74:25: warning: no return statement in function returning non-void [-Wreturn-type]
   74 | #define __DEF_IF_HOST { }
      |                         ^
/usr/local/cuda/include/sm_32_intrinsics.h:132:58: note: in expansion of macro '__DEF_IF_HOST'
  132 | __SM_32_INTRINSICS_DECL__ char4 __ldcg(const char4 *ptr) __DEF_IF_HOST
      |                                                          ^~~~~~~~~~~~~
/usr/local/cuda/include/sm_32_intrinsics.h: In function 'short2 __ldcg(const short2*)':
/usr/local/cuda/include/sm_32_intrinsics.h:74:25: warning: no return statement in function returning non-void [-Wreturn-type]
   74 | #define __DEF_IF_HOST { }
      |                         ^
/usr/local/cuda/include/sm_32_intrinsics.h:133:60: note: in expansion of macro '__DEF_IF_HOST'
  133 | __SM_32_INTRINSICS_DECL__ short2 __ldcg(const short2 *ptr) __DEF_IF_HOST
      |                                                            ^~~~~~~~~~~~~
/usr/local/cuda/include/sm_32_intrinsics.h: In function 'short4 __ldcg(const short4*)':
/usr/local/cuda/include/sm_32_intrinsics.h:74:25: warning: no return statement in function returning non-void [-Wreturn-type]
   74 | #define __DEF_IF_HOST { }
      |                         ^
/usr/local/cuda/include/sm_32_intrinsics.h:134:60: note: in expansion of macro '__DEF_IF_HOST'
  134 | __SM_32_INTRINSICS_DECL__ short4 __ldcg(const short4 *ptr) __DEF_IF_HOST
      |                                                            ^~~~~~~~~~~~~
/usr/local/cuda/include/sm_32_intrinsics.h: In function 'int2 __ldcg(const int2*)':
/usr/local/cuda/include/sm_32_intrinsics.h:74:25: warning: no return statement in function returning non-void [-Wreturn-type]
   74 | #define __DEF_IF_HOST { }
      |                         ^
/usr/local/cuda/include/sm_32_intrinsics.h:135:56: note: in expansion of macro '__DEF_IF_HOST'
  135 | __SM_32_INTRINSICS_DECL__ int2 __ldcg(const int2 *ptr) __DEF_IF_HOST
      |                                                        ^~~~~~~~~~~~~
/usr/local/cuda/include/sm_32_intrinsics.h: In function 'int4 __ldcg(const int4*)':
/usr/local/cuda/include/sm_32_intrinsics.h:74:25: warning: no return statement in function returning non-void [-Wreturn-type]
   74 | #define __DEF_IF_HOST { }
      |                         ^
/usr/local/cuda/include/sm_32_intrinsics.h:136:56: note: in expansion of macro '__DEF_IF_HOST'
  136 | __SM_32_INTRINSICS_DECL__ int4 __ldcg(const int4 *ptr) __DEF_IF_HOST
      |                                                        ^~~~~~~~~~~~~
/usr/local/cuda/include/sm_32_intrinsics.h: In function 'longlong2 __ldcg(const longlong2*)':
/usr/local/cuda/include/sm_32_intrinsics.h:74:25: warning: no return statement in function returning non-void [-Wreturn-type]
   74 | #define __DEF_IF_HOST { }
      |                         ^
/usr/local/cuda/include/sm_32_intrinsics.h:137:66: note: in expansion of macro '__DEF_IF_HOST'
  137 | __SM_32_INTRINSICS_DECL__ longlong2 __ldcg(const longlong2 *ptr) __DEF_IF_HOST
      |                                                                  ^~~~~~~~~~~~~
/usr/local/cuda/include/sm_32_intrinsics.h: In function 'unsigned char __ldcg(const unsigned char*)':
/usr/local/cuda/include/sm_32_intrinsics.h:74:25: warning: no return statement in function returning non-void [-Wreturn-type]
   74 | #define __DEF_IF_HOST { }
      |                         ^
/usr/local/cuda/include/sm_32_intrinsics.h:139:74: note: in expansion of macro '__DEF_IF_HOST'
  139 | __SM_32_INTRINSICS_DECL__ unsigned char __ldcg(const unsigned char *ptr) __DEF_IF_HOST
      |                                                                          ^~~~~~~~~~~~~
/usr/local/cuda/include/sm_32_intrinsics.h: In function 'short unsigned int __ldcg(const short unsigned int*)':
/usr/local/cuda/include/sm_32_intrinsics.h:74:25: warning: no return statement in function returning non-void [-Wreturn-type]
   74 | #define __DEF_IF_HOST { }
      |                         ^
/usr/local/cuda/include/sm_32_intrinsics.h:140:76: note: in expansion of macro '__DEF_IF_HOST'
  140 | __SM_32_INTRINSICS_DECL__ unsigned short __ldcg(const unsigned short *ptr) __DEF_IF_HOST
      |                                                                            ^~~~~~~~~~~~~
/usr/local/cuda/include/sm_32_intrinsics.h: In function 'unsigned int __ldcg(const unsigned int*)':
/usr/local/cuda/include/sm_32_intrinsics.h:74:25: warning: no return statement in function returning non-void [-Wreturn-type]
   74 | #define __DEF_IF_HOST { }
      |                         ^
/usr/local/cuda/include/sm_32_intrinsics.h:141:72: note: in expansion of macro '__DEF_IF_HOST'
  141 | __SM_32_INTRINSICS_DECL__ unsigned int __ldcg(const unsigned int *ptr) __DEF_IF_HOST
      |                                                                        ^~~~~~~~~~~~~
/usr/local/cuda/include/sm_32_intrinsics.h: In function 'long long unsigned int __ldcg(const long long unsigned int*)':
/usr/local/cuda/include/sm_32_intrinsics.h:74:25: warning: no return statement in function returning non-void [-Wreturn-type]
   74 | #define __DEF_IF_HOST { }
      |                         ^
/usr/local/cuda/include/sm_32_intrinsics.h:142:84: note: in expansion of macro '__DEF_IF_HOST'
  142 | __SM_32_INTRINSICS_DECL__ unsigned long long __ldcg(const unsigned long long *ptr) __DEF_IF_HOST
      |                                                                                    ^~~~~~~~~~~~~
/usr/local/cuda/include/sm_32_intrinsics.h: In function 'uchar2 __ldcg(const uchar2*)':
/usr/local/cuda/include/sm_32_intrinsics.h:74:25: warning: no return statement in function returning non-void [-Wreturn-type]
   74 | #define __DEF_IF_HOST { }
      |                         ^
/usr/local/cuda/include/sm_32_intrinsics.h:143:60: note: in expansion of macro '__DEF_IF_HOST'
  143 | __SM_32_INTRINSICS_DECL__ uchar2 __ldcg(const uchar2 *ptr) __DEF_IF_HOST
      |                                                            ^~~~~~~~~~~~~
/usr/local/cuda/include/sm_32_intrinsics.h: In function 'uchar4 __ldcg(const uchar4*)':
/usr/local/cuda/include/sm_32_intrinsics.h:74:25: warning: no return statement in function returning non-void [-Wreturn-type]
   74 | #define __DEF_IF_HOST { }
      |                         ^
/usr/local/cuda/include/sm_32_intrinsics.h:144:60: note: in expansion of macro '__DEF_IF_HOST'
  144 | __SM_32_INTRINSICS_DECL__ uchar4 __ldcg(const uchar4 *ptr) __DEF_IF_HOST
      |                                                            ^~~~~~~~~~~~~
/usr/local/cuda/include/sm_32_intrinsics.h: In function 'ushort2 __ldcg(const ushort2*)':
/usr/local/cuda/include/sm_32_intrinsics.h:74:25: warning: no return statement in function returning non-void [-Wreturn-type]
   74 | #define __DEF_IF_HOST { }
      |                         ^
/usr/local/cuda/include/sm_32_intrinsics.h:145:62: note: in expansion of macro '__DEF_IF_HOST'
  145 | __SM_32_INTRINSICS_DECL__ ushort2 __ldcg(const ushort2 *ptr) __DEF_IF_HOST
      |                                                              ^~~~~~~~~~~~~
/usr/local/cuda/include/sm_32_intrinsics.h: In function 'ushort4 __ldcg(const ushort4*)':
/usr/local/cuda/include/sm_32_intrinsics.h:74:25: warning: no return statement in function returning non-void [-Wreturn-type]
   74 | #define __DEF_IF_HOST { }
      |                         ^
/usr/local/cuda/include/sm_32_intrinsics.h:146:62: note: in expansion of macro '__DEF_IF_HOST'
  146 | __SM_32_INTRINSICS_DECL__ ushort4 __ldcg(const ushort4 *ptr) __DEF_IF_HOST
      |                                                              ^~~~~~~~~~~~~
/usr/local/cuda/include/sm_32_intrinsics.h: In function 'uint2 __ldcg(const uint2*)':
/usr/local/cuda/include/sm_32_intrinsics.h:74:25: warning: no return statement in function returning non-void [-Wreturn-type]
   74 | #define __DEF_IF_HOST { }
      |                         ^
/usr/local/cuda/include/sm_32_intrinsics.h:147:58: note: in expansion of macro '__DEF_IF_HOST'
  147 | __SM_32_INTRINSICS_DECL__ uint2 __ldcg(const uint2 *ptr) __DEF_IF_HOST
      |                                                          ^~~~~~~~~~~~~
/usr/local/cuda/include/sm_32_intrinsics.h: In function 'uint4 __ldcg(const uint4*)':
/usr/local/cuda/include/sm_32_intrinsics.h:74:25: warning: no return statement in function returning non-void [-Wreturn-type]
   74 | #define __DEF_IF_HOST { }
      |                         ^
/usr/local/cuda/include/sm_32_intrinsics.h:148:58: note: in expansion of macro '__DEF_IF_HOST'
  148 | __SM_32_INTRINSICS_DECL__ uint4 __ldcg(const uint4 *ptr) __DEF_IF_HOST
      |                                                          ^~~~~~~~~~~~~
/usr/local/cuda/include/sm_32_intrinsics.h: In function 'ulonglong2 __ldcg(const ulonglong2*)':
/usr/local/cuda/include/sm_32_intrinsics.h:74:25: warning: no return statement in function returning non-void [-Wreturn-type]
   74 | #define __DEF_IF_HOST { }
      |                         ^
/usr/local/cuda/include/sm_32_intrinsics.h:149:68: note: in expansion of macro '__DEF_IF_HOST'
  149 | __SM_32_INTRINSICS_DECL__ ulonglong2 __ldcg(const ulonglong2 *ptr) __DEF_IF_HOST
      |                                                                    ^~~~~~~~~~~~~
/usr/local/cuda/include/sm_32_intrinsics.h: In function 'float __ldcg(const float*)':
/usr/local/cuda/include/sm_32_intrinsics.h:74:25: warning: no return statement in function returning non-void [-Wreturn-type]
   74 | #define __DEF_IF_HOST { }
      |                         ^
/usr/local/cuda/include/sm_32_intrinsics.h:151:58: note: in expansion of macro '__DEF_IF_HOST'
  151 | __SM_32_INTRINSICS_DECL__ float __ldcg(const float *ptr) __DEF_IF_HOST
      |                                                          ^~~~~~~~~~~~~
/usr/local/cuda/include/sm_32_intrinsics.h: In function 'double __ldcg(const double*)':
/usr/local/cuda/include/sm_32_intrinsics.h:74:25: warning: no return statement in function returning non-void [-Wreturn-type]
   74 | #define __DEF_IF_HOST { }
      |                         ^
/usr/local/cuda/include/sm_32_intrinsics.h:152:60: note: in expansion of macro '__DEF_IF_HOST'
  152 | __SM_32_INTRINSICS_DECL__ double __ldcg(const double *ptr) __DEF_IF_HOST
      |                                                            ^~~~~~~~~~~~~
/usr/local/cuda/include/sm_32_intrinsics.h: In function 'float2 __ldcg(const float2*)':
/usr/local/cuda/include/sm_32_intrinsics.h:74:25: warning: no return statement in function returning non-void [-Wreturn-type]
   74 | #define __DEF_IF_HOST { }
      |                         ^
/usr/local/cuda/include/sm_32_intrinsics.h:153:60: note: in expansion of macro '__DEF_IF_HOST'
  153 | __SM_32_INTRINSICS_DECL__ float2 __ldcg(const float2 *ptr) __DEF_IF_HOST
      |                                                            ^~~~~~~~~~~~~
/usr/local/cuda/include/sm_32_intrinsics.h: In function 'float4 __ldcg(const float4*)':
/usr/local/cuda/include/sm_32_intrinsics.h:74:25: warning: no return statement in function returning non-void [-Wreturn-type]
   74 | #define __DEF_IF_HOST { }
      |                         ^
/usr/local/cuda/include/sm_32_intrinsics.h:154:60: note: in expansion of macro '__DEF_IF_HOST'
  154 | __SM_32_INTRINSICS_DECL__ float4 __ldcg(const float4 *ptr) __DEF_IF_HOST
      |                                                            ^~~~~~~~~~~~~
/usr/local/cuda/include/sm_32_intrinsics.h: In function 'double2 __ldcg(const double2*)':
/usr/local/cuda/include/sm_32_intrinsics.h:74:25: warning: no return statement in function returning non-void [-Wreturn-type]
   74 | #define __DEF_IF_HOST { }
      |                         ^
/usr/local/cuda/include/sm_32_intrinsics.h:155:62: note: in expansion of macro '__DEF_IF_HOST'
  155 | __SM_32_INTRINSICS_DECL__ double2 __ldcg(const double2 *ptr) __DEF_IF_HOST
      |                                                              ^~~~~~~~~~~~~
/usr/local/cuda/include/sm_32_intrinsics.h: In function 'long int __ldca(const long int*)':
/usr/local/cuda/include/sm_32_intrinsics.h:74:25: warning: no return statement in function returning non-void [-Wreturn-type]
   74 | #define __DEF_IF_HOST { }
      |                         ^
/usr/local/cuda/include/sm_32_intrinsics.h:159:56: note: in expansion of macro '__DEF_IF_HOST'
  159 | __SM_32_INTRINSICS_DECL__ long __ldca(const long *ptr) __DEF_IF_HOST
      |                                                        ^~~~~~~~~~~~~
/usr/local/cuda/include/sm_32_intrinsics.h: In function 'long unsigned int __ldca(const long unsigned int*)':
/usr/local/cuda/include/sm_32_intrinsics.h:74:25: warning: no return statement in function returning non-void [-Wreturn-type]
   74 | #define __DEF_IF_HOST { }
      |                         ^
/usr/local/cuda/include/sm_32_intrinsics.h:160:74: note: in expansion of macro '__DEF_IF_HOST'
  160 | __SM_32_INTRINSICS_DECL__ unsigned long __ldca(const unsigned long *ptr) __DEF_IF_HOST
      |                                                                          ^~~~~~~~~~~~~
/usr/local/cuda/include/sm_32_intrinsics.h: In function 'char __ldca(const char*)':
/usr/local/cuda/include/sm_32_intrinsics.h:74:25: warning: no return statement in function returning non-void [-Wreturn-type]
   74 | #define __DEF_IF_HOST { }
      |                         ^
/usr/local/cuda/include/sm_32_intrinsics.h:162:56: note: in expansion of macro '__DEF_IF_HOST'
  162 | __SM_32_INTRINSICS_DECL__ char __ldca(const char *ptr) __DEF_IF_HOST
      |                                                        ^~~~~~~~~~~~~
/usr/local/cuda/include/sm_32_intrinsics.h: In function 'signed char __ldca(const signed char*)':
/usr/local/cuda/include/sm_32_intrinsics.h:74:25: warning: no return statement in function returning non-void [-Wreturn-type]
   74 | #define __DEF_IF_HOST { }
      |                         ^
/usr/local/cuda/include/sm_32_intrinsics.h:163:70: note: in expansion of macro '__DEF_IF_HOST'
  163 | __SM_32_INTRINSICS_DECL__ signed char __ldca(const signed char *ptr) __DEF_IF_HOST
      |                                                                      ^~~~~~~~~~~~~
/usr/local/cuda/include/sm_32_intrinsics.h: In function 'short int __ldca(const short int*)':
/usr/local/cuda/include/sm_32_intrinsics.h:74:25: warning: no return statement in function returning non-void [-Wreturn-type]
   74 | #define __DEF_IF_HOST { }
      |                         ^
/usr/local/cuda/include/sm_32_intrinsics.h:164:58: note: in expansion of macro '__DEF_IF_HOST'
  164 | __SM_32_INTRINSICS_DECL__ short __ldca(const short *ptr) __DEF_IF_HOST
      |                                                          ^~~~~~~~~~~~~
/usr/local/cuda/include/sm_32_intrinsics.h: In function 'int __ldca(const int*)':
/usr/local/cuda/include/sm_32_intrinsics.h:74:25: warning: no return statement in function returning non-void [-Wreturn-type]
   74 | #define __DEF_IF_HOST { }
      |                         ^
/usr/local/cuda/include/sm_32_intrinsics.h:165:54: note: in expansion of macro '__DEF_IF_HOST'
  165 | __SM_32_INTRINSICS_DECL__ int __ldca(const int *ptr) __DEF_IF_HOST
      |                                                      ^~~~~~~~~~~~~
/usr/local/cuda/include/sm_32_intrinsics.h: In function 'long long int __ldca(const long long int*)':
/usr/local/cuda/include/sm_32_intrinsics.h:74:25: warning: no return statement in function returning non-void [-Wreturn-type]
   74 | #define __DEF_IF_HOST { }
      |                         ^
/usr/local/cuda/include/sm_32_intrinsics.h:166:66: note: in expansion of macro '__DEF_IF_HOST'
  166 | __SM_32_INTRINSICS_DECL__ long long __ldca(const long long *ptr) __DEF_IF_HOST
      |                                                                  ^~~~~~~~~~~~~
/usr/local/cuda/include/sm_32_intrinsics.h: In function 'char2 __ldca(const char2*)':
/usr/local/cuda/include/sm_32_intrinsics.h:74:25: warning: no return statement in function returning non-void [-Wreturn-type]
   74 | #define __DEF_IF_HOST { }
      |                         ^
/usr/local/cuda/include/sm_32_intrinsics.h:167:58: note: in expansion of macro '__DEF_IF_HOST'
  167 | __SM_32_INTRINSICS_DECL__ char2 __ldca(const char2 *ptr) __DEF_IF_HOST
      |                                                          ^~~~~~~~~~~~~
/usr/local/cuda/include/sm_32_intrinsics.h: In function 'char4 __ldca(const char4*)':
/usr/local/cuda/include/sm_32_intrinsics.h:74:25: warning: no return statement in function returning non-void [-Wreturn-type]
   74 | #define __DEF_IF_HOST { }
      |                         ^
/usr/local/cuda/include/sm_32_intrinsics.h:168:58: note: in expansion of macro '__DEF_IF_HOST'
  168 | __SM_32_INTRINSICS_DECL__ char4 __ldca(const char4 *ptr) __DEF_IF_HOST
      |                                                          ^~~~~~~~~~~~~
/usr/local/cuda/include/sm_32_intrinsics.h: In function 'short2 __ldca(const short2*)':
/usr/local/cuda/include/sm_32_intrinsics.h:74:25: warning: no return statement in function returning non-void [-Wreturn-type]
   74 | #define __DEF_IF_HOST { }
      |                         ^
/usr/local/cuda/include/sm_32_intrinsics.h:169:60: note: in expansion of macro '__DEF_IF_HOST'
  169 | __SM_32_INTRINSICS_DECL__ short2 __ldca(const short2 *ptr) __DEF_IF_HOST
      |                                                            ^~~~~~~~~~~~~
/usr/local/cuda/include/sm_32_intrinsics.h: In function 'short4 __ldca(const short4*)':
/usr/local/cuda/include/sm_32_intrinsics.h:74:25: warning: no return statement in function returning non-void [-Wreturn-type]
   74 | #define __DEF_IF_HOST { }
      |                         ^
/usr/local/cuda/include/sm_32_intrinsics.h:170:60: note: in expansion of macro '__DEF_IF_HOST'
  170 | __SM_32_INTRINSICS_DECL__ short4 __ldca(const short4 *ptr) __DEF_IF_HOST
      |                                                            ^~~~~~~~~~~~~
/usr/local/cuda/include/sm_32_intrinsics.h: In function 'int2 __ldca(const int2*)':
/usr/local/cuda/include/sm_32_intrinsics.h:74:25: warning: no return statement in function returning non-void [-Wreturn-type]
   74 | #define __DEF_IF_HOST { }
      |                         ^
/usr/local/cuda/include/sm_32_intrinsics.h:171:56: note: in expansion of macro '__DEF_IF_HOST'
  171 | __SM_32_INTRINSICS_DECL__ int2 __ldca(const int2 *ptr) __DEF_IF_HOST
      |                                                        ^~~~~~~~~~~~~
/usr/local/cuda/include/sm_32_intrinsics.h: In function 'int4 __ldca(const int4*)':
/usr/local/cuda/include/sm_32_intrinsics.h:74:25: warning: no return statement in function returning non-void [-Wreturn-type]
   74 | #define __DEF_IF_HOST { }
      |                         ^
/usr/local/cuda/include/sm_32_intrinsics.h:172:56: note: in expansion of macro '__DEF_IF_HOST'
  172 | __SM_32_INTRINSICS_DECL__ int4 __ldca(const int4 *ptr) __DEF_IF_HOST
      |                                                        ^~~~~~~~~~~~~
/usr/local/cuda/include/sm_32_intrinsics.h: In function 'longlong2 __ldca(const longlong2*)':
/usr/local/cuda/include/sm_32_intrinsics.h:74:25: warning: no return statement in function returning non-void [-Wreturn-type]
   74 | #define __DEF_IF_HOST { }
      |                         ^
/usr/local/cuda/include/sm_32_intrinsics.h:173:66: note: in expansion of macro '__DEF_IF_HOST'
  173 | __SM_32_INTRINSICS_DECL__ longlong2 __ldca(const longlong2 *ptr) __DEF_IF_HOST
      |                                                                  ^~~~~~~~~~~~~
/usr/local/cuda/include/sm_32_intrinsics.h: In function 'unsigned char __ldca(const unsigned char*)':
/usr/local/cuda/include/sm_32_intrinsics.h:74:25: warning: no return statement in function returning non-void [-Wreturn-type]
   74 | #define __DEF_IF_HOST { }
      |                         ^
/usr/local/cuda/include/sm_32_intrinsics.h:175:74: note: in expansion of macro '__DEF_IF_HOST'
  175 | __SM_32_INTRINSICS_DECL__ unsigned char __ldca(const unsigned char *ptr) __DEF_IF_HOST
      |                                                                          ^~~~~~~~~~~~~
/usr/local/cuda/include/sm_32_intrinsics.h: In function 'short unsigned int __ldca(const short unsigned int*)':
/usr/local/cuda/include/sm_32_intrinsics.h:74:25: warning: no return statement in function returning non-void [-Wreturn-type]
   74 | #define __DEF_IF_HOST { }
      |                         ^
/usr/local/cuda/include/sm_32_intrinsics.h:176:76: note: in expansion of macro '__DEF_IF_HOST'
  176 | __SM_32_INTRINSICS_DECL__ unsigned short __ldca(const unsigned short *ptr) __DEF_IF_HOST
      |                                                                            ^~~~~~~~~~~~~
/usr/local/cuda/include/sm_32_intrinsics.h: In function 'unsigned int __ldca(const unsigned int*)':
/usr/local/cuda/include/sm_32_intrinsics.h:74:25: warning: no return statement in function returning non-void [-Wreturn-type]
   74 | #define __DEF_IF_HOST { }
      |                         ^
/usr/local/cuda/include/sm_32_intrinsics.h:177:72: note: in expansion of macro '__DEF_IF_HOST'
  177 | __SM_32_INTRINSICS_DECL__ unsigned int __ldca(const unsigned int *ptr) __DEF_IF_HOST
      |                                                                        ^~~~~~~~~~~~~
/usr/local/cuda/include/sm_32_intrinsics.h: In function 'long long unsigned int __ldca(const long long unsigned int*)':
/usr/local/cuda/include/sm_32_intrinsics.h:74:25: warning: no return statement in function returning non-void [-Wreturn-type]
   74 | #define __DEF_IF_HOST { }
      |                         ^
/usr/local/cuda/include/sm_32_intrinsics.h:178:84: note: in expansion of macro '__DEF_IF_HOST'
  178 | __SM_32_INTRINSICS_DECL__ unsigned long long __ldca(const unsigned long long *ptr) __DEF_IF_HOST
      |                                                                                    ^~~~~~~~~~~~~
/usr/local/cuda/include/sm_32_intrinsics.h: In function 'uchar2 __ldca(const uchar2*)':
/usr/local/cuda/include/sm_32_intrinsics.h:74:25: warning: no return statement in function returning non-void [-Wreturn-type]
   74 | #define __DEF_IF_HOST { }
      |                         ^
/usr/local/cuda/include/sm_32_intrinsics.h:179:60: note: in expansion of macro '__DEF_IF_HOST'
  179 | __SM_32_INTRINSICS_DECL__ uchar2 __ldca(const uchar2 *ptr) __DEF_IF_HOST
      |                                                            ^~~~~~~~~~~~~
/usr/local/cuda/include/sm_32_intrinsics.h: In function 'uchar4 __ldca(const uchar4*)':
/usr/local/cuda/include/sm_32_intrinsics.h:74:25: warning: no return statement in function returning non-void [-Wreturn-type]
   74 | #define __DEF_IF_HOST { }
      |                         ^
/usr/local/cuda/include/sm_32_intrinsics.h:180:60: note: in expansion of macro '__DEF_IF_HOST'
  180 | __SM_32_INTRINSICS_DECL__ uchar4 __ldca(const uchar4 *ptr) __DEF_IF_HOST
      |                                                            ^~~~~~~~~~~~~
/usr/local/cuda/include/sm_32_intrinsics.h: In function 'ushort2 __ldca(const ushort2*)':
/usr/local/cuda/include/sm_32_intrinsics.h:74:25: warning: no return statement in function returning non-void [-Wreturn-type]
   74 | #define __DEF_IF_HOST { }
      |                         ^
/usr/local/cuda/include/sm_32_intrinsics.h:181:62: note: in expansion of macro '__DEF_IF_HOST'
  181 | __SM_32_INTRINSICS_DECL__ ushort2 __ldca(const ushort2 *ptr) __DEF_IF_HOST
      |                                                              ^~~~~~~~~~~~~
/usr/local/cuda/include/sm_32_intrinsics.h: In function 'ushort4 __ldca(const ushort4*)':
/usr/local/cuda/include/sm_32_intrinsics.h:74:25: warning: no return statement in function returning non-void [-Wreturn-type]
   74 | #define __DEF_IF_HOST { }
      |                         ^
/usr/local/cuda/include/sm_32_intrinsics.h:182:62: note: in expansion of macro '__DEF_IF_HOST'
  182 | __SM_32_INTRINSICS_DECL__ ushort4 __ldca(const ushort4 *ptr) __DEF_IF_HOST
      |                                                              ^~~~~~~~~~~~~
/usr/local/cuda/include/sm_32_intrinsics.h: In function 'uint2 __ldca(const uint2*)':
/usr/local/cuda/include/sm_32_intrinsics.h:74:25: warning: no return statement in function returning non-void [-Wreturn-type]
   74 | #define __DEF_IF_HOST { }
      |                         ^
/usr/local/cuda/include/sm_32_intrinsics.h:183:58: note: in expansion of macro '__DEF_IF_HOST'
  183 | __SM_32_INTRINSICS_DECL__ uint2 __ldca(const uint2 *ptr) __DEF_IF_HOST
      |                                                          ^~~~~~~~~~~~~
/usr/local/cuda/include/sm_32_intrinsics.h: In function 'uint4 __ldca(const uint4*)':
/usr/local/cuda/include/sm_32_intrinsics.h:74:25: warning: no return statement in function returning non-void [-Wreturn-type]
   74 | #define __DEF_IF_HOST { }
      |                         ^
/usr/local/cuda/include/sm_32_intrinsics.h:184:58: note: in expansion of macro '__DEF_IF_HOST'
  184 | __SM_32_INTRINSICS_DECL__ uint4 __ldca(const uint4 *ptr) __DEF_IF_HOST
      |                                                          ^~~~~~~~~~~~~
/usr/local/cuda/include/sm_32_intrinsics.h: In function 'ulonglong2 __ldca(const ulonglong2*)':
/usr/local/cuda/include/sm_32_intrinsics.h:74:25: warning: no return statement in function returning non-void [-Wreturn-type]
   74 | #define __DEF_IF_HOST { }
      |                         ^
/usr/local/cuda/include/sm_32_intrinsics.h:185:68: note: in expansion of macro '__DEF_IF_HOST'
  185 | __SM_32_INTRINSICS_DECL__ ulonglong2 __ldca(const ulonglong2 *ptr) __DEF_IF_HOST
      |                                                                    ^~~~~~~~~~~~~
/usr/local/cuda/include/sm_32_intrinsics.h: In function 'float __ldca(const float*)':
/usr/local/cuda/include/sm_32_intrinsics.h:74:25: warning: no return statement in function returning non-void [-Wreturn-type]
   74 | #define __DEF_IF_HOST { }
      |                         ^
/usr/local/cuda/include/sm_32_intrinsics.h:187:58: note: in expansion of macro '__DEF_IF_HOST'
  187 | __SM_32_INTRINSICS_DECL__ float __ldca(const float *ptr) __DEF_IF_HOST
      |                                                          ^~~~~~~~~~~~~
/usr/local/cuda/include/sm_32_intrinsics.h: In function 'double __ldca(const double*)':
/usr/local/cuda/include/sm_32_intrinsics.h:74:25: warning: no return statement in function returning non-void [-Wreturn-type]
   74 | #define __DEF_IF_HOST { }
      |                         ^
/usr/local/cuda/include/sm_32_intrinsics.h:188:60: note: in expansion of macro '__DEF_IF_HOST'
  188 | __SM_32_INTRINSICS_DECL__ double __ldca(const double *ptr) __DEF_IF_HOST
      |                                                            ^~~~~~~~~~~~~
/usr/local/cuda/include/sm_32_intrinsics.h: In function 'float2 __ldca(const float2*)':
/usr/local/cuda/include/sm_32_intrinsics.h:74:25: warning: no return statement in function returning non-void [-Wreturn-type]
   74 | #define __DEF_IF_HOST { }
      |                         ^
/usr/local/cuda/include/sm_32_intrinsics.h:189:60: note: in expansion of macro '__DEF_IF_HOST'
  189 | __SM_32_INTRINSICS_DECL__ float2 __ldca(const float2 *ptr) __DEF_IF_HOST
      |                                                            ^~~~~~~~~~~~~
/usr/local/cuda/include/sm_32_intrinsics.h: In function 'float4 __ldca(const float4*)':
/usr/local/cuda/include/sm_32_intrinsics.h:74:25: warning: no return statement in function returning non-void [-Wreturn-type]
   74 | #define __DEF_IF_HOST { }
      |                         ^
/usr/local/cuda/include/sm_32_intrinsics.h:190:60: note: in expansion of macro '__DEF_IF_HOST'
  190 | __SM_32_INTRINSICS_DECL__ float4 __ldca(const float4 *ptr) __DEF_IF_HOST
      |                                                            ^~~~~~~~~~~~~
/usr/local/cuda/include/sm_32_intrinsics.h: In function 'double2 __ldca(const double2*)':
/usr/local/cuda/include/sm_32_intrinsics.h:74:25: warning: no return statement in function returning non-void [-Wreturn-type]
   74 | #define __DEF_IF_HOST { }
      |                         ^
/usr/local/cuda/include/sm_32_intrinsics.h:191:62: note: in expansion of macro '__DEF_IF_HOST'
  191 | __SM_32_INTRINSICS_DECL__ double2 __ldca(const double2 *ptr) __DEF_IF_HOST
      |                                                              ^~~~~~~~~~~~~
/usr/local/cuda/include/sm_32_intrinsics.h: In function 'long int __ldcs(const long int*)':
/usr/local/cuda/include/sm_32_intrinsics.h:74:25: warning: no return statement in function returning non-void [-Wreturn-type]
   74 | #define __DEF_IF_HOST { }
      |                         ^
/usr/local/cuda/include/sm_32_intrinsics.h:195:56: note: in expansion of macro '__DEF_IF_HOST'
  195 | __SM_32_INTRINSICS_DECL__ long __ldcs(const long *ptr) __DEF_IF_HOST
      |                                                        ^~~~~~~~~~~~~
/usr/local/cuda/include/sm_32_intrinsics.h: In function 'long unsigned int __ldcs(const long unsigned int*)':
/usr/local/cuda/include/sm_32_intrinsics.h:74:25: warning: no return statement in function returning non-void [-Wreturn-type]
   74 | #define __DEF_IF_HOST { }
      |                         ^
/usr/local/cuda/include/sm_32_intrinsics.h:196:74: note: in expansion of macro '__DEF_IF_HOST'
  196 | __SM_32_INTRINSICS_DECL__ unsigned long __ldcs(const unsigned long *ptr) __DEF_IF_HOST
      |                                                                          ^~~~~~~~~~~~~
/usr/local/cuda/include/sm_32_intrinsics.h: In function 'char __ldcs(const char*)':
/usr/local/cuda/include/sm_32_intrinsics.h:74:25: warning: no return statement in function returning non-void [-Wreturn-type]
   74 | #define __DEF_IF_HOST { }
      |                         ^
/usr/local/cuda/include/sm_32_intrinsics.h:198:56: note: in expansion of macro '__DEF_IF_HOST'
  198 | __SM_32_INTRINSICS_DECL__ char __ldcs(const char *ptr) __DEF_IF_HOST
      |                                                        ^~~~~~~~~~~~~
/usr/local/cuda/include/sm_32_intrinsics.h: In function 'signed char __ldcs(const signed char*)':
/usr/local/cuda/include/sm_32_intrinsics.h:74:25: warning: no return statement in function returning non-void [-Wreturn-type]
   74 | #define __DEF_IF_HOST { }
      |                         ^
/usr/local/cuda/include/sm_32_intrinsics.h:199:70: note: in expansion of macro '__DEF_IF_HOST'
  199 | __SM_32_INTRINSICS_DECL__ signed char __ldcs(const signed char *ptr) __DEF_IF_HOST
      |                                                                      ^~~~~~~~~~~~~
/usr/local/cuda/include/sm_32_intrinsics.h: In function 'short int __ldcs(const short int*)':
/usr/local/cuda/include/sm_32_intrinsics.h:74:25: warning: no return statement in function returning non-void [-Wreturn-type]
   74 | #define __DEF_IF_HOST { }
      |                         ^
/usr/local/cuda/include/sm_32_intrinsics.h:200:58: note: in expansion of macro '__DEF_IF_HOST'
  200 | __SM_32_INTRINSICS_DECL__ short __ldcs(const short *ptr) __DEF_IF_HOST
      |                                                          ^~~~~~~~~~~~~
/usr/local/cuda/include/sm_32_intrinsics.h: In function 'int __ldcs(const int*)':
/usr/local/cuda/include/sm_32_intrinsics.h:74:25: warning: no return statement in function returning non-void [-Wreturn-type]
   74 | #define __DEF_IF_HOST { }
      |                         ^
/usr/local/cuda/include/sm_32_intrinsics.h:201:54: note: in expansion of macro '__DEF_IF_HOST'
  201 | __SM_32_INTRINSICS_DECL__ int __ldcs(const int *ptr) __DEF_IF_HOST
      |                                                      ^~~~~~~~~~~~~
/usr/local/cuda/include/sm_32_intrinsics.h: In function 'long long int __ldcs(const long long int*)':
/usr/local/cuda/include/sm_32_intrinsics.h:74:25: warning: no return statement in function returning non-void [-Wreturn-type]
   74 | #define __DEF_IF_HOST { }
      |                         ^
/usr/local/cuda/include/sm_32_intrinsics.h:202:66: note: in expansion of macro '__DEF_IF_HOST'
  202 | __SM_32_INTRINSICS_DECL__ long long __ldcs(const long long *ptr) __DEF_IF_HOST
      |                                                                  ^~~~~~~~~~~~~
/usr/local/cuda/include/sm_32_intrinsics.h: In function 'char2 __ldcs(const char2*)':
/usr/local/cuda/include/sm_32_intrinsics.h:74:25: warning: no return statement in function returning non-void [-Wreturn-type]
   74 | #define __DEF_IF_HOST { }
      |                         ^
/usr/local/cuda/include/sm_32_intrinsics.h:203:58: note: in expansion of macro '__DEF_IF_HOST'
  203 | __SM_32_INTRINSICS_DECL__ char2 __ldcs(const char2 *ptr) __DEF_IF_HOST
      |                                                          ^~~~~~~~~~~~~
/usr/local/cuda/include/sm_32_intrinsics.h: In function 'char4 __ldcs(const char4*)':
/usr/local/cuda/include/sm_32_intrinsics.h:74:25: warning: no return statement in function returning non-void [-Wreturn-type]
   74 | #define __DEF_IF_HOST { }
      |                         ^
/usr/local/cuda/include/sm_32_intrinsics.h:204:58: note: in expansion of macro '__DEF_IF_HOST'
  204 | __SM_32_INTRINSICS_DECL__ char4 __ldcs(const char4 *ptr) __DEF_IF_HOST
      |                                                          ^~~~~~~~~~~~~
/usr/local/cuda/include/sm_32_intrinsics.h: In function 'short2 __ldcs(const short2*)':
/usr/local/cuda/include/sm_32_intrinsics.h:74:25: warning: no return statement in function returning non-void [-Wreturn-type]
   74 | #define __DEF_IF_HOST { }
      |                         ^
/usr/local/cuda/include/sm_32_intrinsics.h:205:60: note: in expansion of macro '__DEF_IF_HOST'
  205 | __SM_32_INTRINSICS_DECL__ short2 __ldcs(const short2 *ptr) __DEF_IF_HOST
      |                                                            ^~~~~~~~~~~~~
/usr/local/cuda/include/sm_32_intrinsics.h: In function 'short4 __ldcs(const short4*)':
/usr/local/cuda/include/sm_32_intrinsics.h:74:25: warning: no return statement in function returning non-void [-Wreturn-type]
   74 | #define __DEF_IF_HOST { }
      |                         ^
/usr/local/cuda/include/sm_32_intrinsics.h:206:60: note: in expansion of macro '__DEF_IF_HOST'
  206 | __SM_32_INTRINSICS_DECL__ short4 __ldcs(const short4 *ptr) __DEF_IF_HOST
      |                                                            ^~~~~~~~~~~~~
/usr/local/cuda/include/sm_32_intrinsics.h: In function 'int2 __ldcs(const int2*)':
/usr/local/cuda/include/sm_32_intrinsics.h:74:25: warning: no return statement in function returning non-void [-Wreturn-type]
   74 | #define __DEF_IF_HOST { }
      |                         ^
/usr/local/cuda/include/sm_32_intrinsics.h:207:56: note: in expansion of macro '__DEF_IF_HOST'
  207 | __SM_32_INTRINSICS_DECL__ int2 __ldcs(const int2 *ptr) __DEF_IF_HOST
      |                                                        ^~~~~~~~~~~~~
/usr/local/cuda/include/sm_32_intrinsics.h: In function 'int4 __ldcs(const int4*)':
/usr/local/cuda/include/sm_32_intrinsics.h:74:25: warning: no return statement in function returning non-void [-Wreturn-type]
   74 | #define __DEF_IF_HOST { }
      |                         ^
/usr/local/cuda/include/sm_32_intrinsics.h:208:56: note: in expansion of macro '__DEF_IF_HOST'
  208 | __SM_32_INTRINSICS_DECL__ int4 __ldcs(const int4 *ptr) __DEF_IF_HOST
      |                                                        ^~~~~~~~~~~~~
/usr/local/cuda/include/sm_32_intrinsics.h: In function 'longlong2 __ldcs(const longlong2*)':
/usr/local/cuda/include/sm_32_intrinsics.h:74:25: warning: no return statement in function returning non-void [-Wreturn-type]
   74 | #define __DEF_IF_HOST { }
      |                         ^
/usr/local/cuda/include/sm_32_intrinsics.h:209:66: note: in expansion of macro '__DEF_IF_HOST'
  209 | __SM_32_INTRINSICS_DECL__ longlong2 __ldcs(const longlong2 *ptr) __DEF_IF_HOST
      |                                                                  ^~~~~~~~~~~~~
/usr/local/cuda/include/sm_32_intrinsics.h: In function 'unsigned char __ldcs(const unsigned char*)':
/usr/local/cuda/include/sm_32_intrinsics.h:74:25: warning: no return statement in function returning non-void [-Wreturn-type]
   74 | #define __DEF_IF_HOST { }
      |                         ^
/usr/local/cuda/include/sm_32_intrinsics.h:211:74: note: in expansion of macro '__DEF_IF_HOST'
  211 | __SM_32_INTRINSICS_DECL__ unsigned char __ldcs(const unsigned char *ptr) __DEF_IF_HOST
      |                                                                          ^~~~~~~~~~~~~
/usr/local/cuda/include/sm_32_intrinsics.h: In function 'short unsigned int __ldcs(const short unsigned int*)':
/usr/local/cuda/include/sm_32_intrinsics.h:74:25: warning: no return statement in function returning non-void [-Wreturn-type]
   74 | #define __DEF_IF_HOST { }
      |                         ^
/usr/local/cuda/include/sm_32_intrinsics.h:212:76: note: in expansion of macro '__DEF_IF_HOST'
  212 | __SM_32_INTRINSICS_DECL__ unsigned short __ldcs(const unsigned short *ptr) __DEF_IF_HOST
      |                                                                            ^~~~~~~~~~~~~
/usr/local/cuda/include/sm_32_intrinsics.h: In function 'unsigned int __ldcs(const unsigned int*)':
/usr/local/cuda/include/sm_32_intrinsics.h:74:25: warning: no return statement in function returning non-void [-Wreturn-type]
   74 | #define __DEF_IF_HOST { }
      |                         ^
/usr/local/cuda/include/sm_32_intrinsics.h:213:72: note: in expansion of macro '__DEF_IF_HOST'
  213 | __SM_32_INTRINSICS_DECL__ unsigned int __ldcs(const unsigned int *ptr) __DEF_IF_HOST
      |                                                                        ^~~~~~~~~~~~~
/usr/local/cuda/include/sm_32_intrinsics.h: In function 'long long unsigned int __ldcs(const long long unsigned int*)':
/usr/local/cuda/include/sm_32_intrinsics.h:74:25: warning: no return statement in function returning non-void [-Wreturn-type]
   74 | #define __DEF_IF_HOST { }
      |                         ^
/usr/local/cuda/include/sm_32_intrinsics.h:214:84: note: in expansion of macro '__DEF_IF_HOST'
  214 | __SM_32_INTRINSICS_DECL__ unsigned long long __ldcs(const unsigned long long *ptr) __DEF_IF_HOST
      |                                                                                    ^~~~~~~~~~~~~
/usr/local/cuda/include/sm_32_intrinsics.h: In function 'uchar2 __ldcs(const uchar2*)':
/usr/local/cuda/include/sm_32_intrinsics.h:74:25: warning: no return statement in function returning non-void [-Wreturn-type]
   74 | #define __DEF_IF_HOST { }
      |                         ^
/usr/local/cuda/include/sm_32_intrinsics.h:215:60: note: in expansion of macro '__DEF_IF_HOST'
  215 | __SM_32_INTRINSICS_DECL__ uchar2 __ldcs(const uchar2 *ptr) __DEF_IF_HOST
      |                                                            ^~~~~~~~~~~~~
/usr/local/cuda/include/sm_32_intrinsics.h: In function 'uchar4 __ldcs(const uchar4*)':
/usr/local/cuda/include/sm_32_intrinsics.h:74:25: warning: no return statement in function returning non-void [-Wreturn-type]
   74 | #define __DEF_IF_HOST { }
      |                         ^
/usr/local/cuda/include/sm_32_intrinsics.h:216:60: note: in expansion of macro '__DEF_IF_HOST'
  216 | __SM_32_INTRINSICS_DECL__ uchar4 __ldcs(const uchar4 *ptr) __DEF_IF_HOST
      |                                                            ^~~~~~~~~~~~~
/usr/local/cuda/include/sm_32_intrinsics.h: In function 'ushort2 __ldcs(const ushort2*)':
/usr/local/cuda/include/sm_32_intrinsics.h:74:25: warning: no return statement in function returning non-void [-Wreturn-type]
   74 | #define __DEF_IF_HOST { }
      |                         ^
/usr/local/cuda/include/sm_32_intrinsics.h:217:62: note: in expansion of macro '__DEF_IF_HOST'
  217 | __SM_32_INTRINSICS_DECL__ ushort2 __ldcs(const ushort2 *ptr) __DEF_IF_HOST
      |                                                              ^~~~~~~~~~~~~
/usr/local/cuda/include/sm_32_intrinsics.h: In function 'ushort4 __ldcs(const ushort4*)':
/usr/local/cuda/include/sm_32_intrinsics.h:74:25: warning: no return statement in function returning non-void [-Wreturn-type]
   74 | #define __DEF_IF_HOST { }
      |                         ^
/usr/local/cuda/include/sm_32_intrinsics.h:218:62: note: in expansion of macro '__DEF_IF_HOST'
  218 | __SM_32_INTRINSICS_DECL__ ushort4 __ldcs(const ushort4 *ptr) __DEF_IF_HOST
      |                                                              ^~~~~~~~~~~~~
/usr/local/cuda/include/sm_32_intrinsics.h: In function 'uint2 __ldcs(const uint2*)':
/usr/local/cuda/include/sm_32_intrinsics.h:74:25: warning: no return statement in function returning non-void [-Wreturn-type]
   74 | #define __DEF_IF_HOST { }
      |                         ^
/usr/local/cuda/include/sm_32_intrinsics.h:219:58: note: in expansion of macro '__DEF_IF_HOST'
  219 | __SM_32_INTRINSICS_DECL__ uint2 __ldcs(const uint2 *ptr) __DEF_IF_HOST
      |                                                          ^~~~~~~~~~~~~
/usr/local/cuda/include/sm_32_intrinsics.h: In function 'uint4 __ldcs(const uint4*)':
/usr/local/cuda/include/sm_32_intrinsics.h:74:25: warning: no return statement in function returning non-void [-Wreturn-type]
   74 | #define __DEF_IF_HOST { }
      |                         ^
/usr/local/cuda/include/sm_32_intrinsics.h:220:58: note: in expansion of macro '__DEF_IF_HOST'
  220 | __SM_32_INTRINSICS_DECL__ uint4 __ldcs(const uint4 *ptr) __DEF_IF_HOST
      |                                                          ^~~~~~~~~~~~~
/usr/local/cuda/include/sm_32_intrinsics.h: In function 'ulonglong2 __ldcs(const ulonglong2*)':
/usr/local/cuda/include/sm_32_intrinsics.h:74:25: warning: no return statement in function returning non-void [-Wreturn-type]
   74 | #define __DEF_IF_HOST { }
      |                         ^
/usr/local/cuda/include/sm_32_intrinsics.h:221:68: note: in expansion of macro '__DEF_IF_HOST'
  221 | __SM_32_INTRINSICS_DECL__ ulonglong2 __ldcs(const ulonglong2 *ptr) __DEF_IF_HOST
      |                                                                    ^~~~~~~~~~~~~
/usr/local/cuda/include/sm_32_intrinsics.h: In function 'float __ldcs(const float*)':
/usr/local/cuda/include/sm_32_intrinsics.h:74:25: warning: no return statement in function returning non-void [-Wreturn-type]
   74 | #define __DEF_IF_HOST { }
      |                         ^
/usr/local/cuda/include/sm_32_intrinsics.h:223:58: note: in expansion of macro '__DEF_IF_HOST'
  223 | __SM_32_INTRINSICS_DECL__ float __ldcs(const float *ptr) __DEF_IF_HOST
      |                                                          ^~~~~~~~~~~~~
/usr/local/cuda/include/sm_32_intrinsics.h: In function 'double __ldcs(const double*)':
/usr/local/cuda/include/sm_32_intrinsics.h:74:25: warning: no return statement in function returning non-void [-Wreturn-type]
   74 | #define __DEF_IF_HOST { }
      |                         ^
/usr/local/cuda/include/sm_32_intrinsics.h:224:60: note: in expansion of macro '__DEF_IF_HOST'
  224 | __SM_32_INTRINSICS_DECL__ double __ldcs(const double *ptr) __DEF_IF_HOST
      |                                                            ^~~~~~~~~~~~~
/usr/local/cuda/include/sm_32_intrinsics.h: In function 'float2 __ldcs(const float2*)':
/usr/local/cuda/include/sm_32_intrinsics.h:74:25: warning: no return statement in function returning non-void [-Wreturn-type]
   74 | #define __DEF_IF_HOST { }
      |                         ^
/usr/local/cuda/include/sm_32_intrinsics.h:225:60: note: in expansion of macro '__DEF_IF_HOST'
  225 | __SM_32_INTRINSICS_DECL__ float2 __ldcs(const float2 *ptr) __DEF_IF_HOST
      |                                                            ^~~~~~~~~~~~~
/usr/local/cuda/include/sm_32_intrinsics.h: In function 'float4 __ldcs(const float4*)':
/usr/local/cuda/include/sm_32_intrinsics.h:74:25: warning: no return statement in function returning non-void [-Wreturn-type]
   74 | #define __DEF_IF_HOST { }
      |                         ^
/usr/local/cuda/include/sm_32_intrinsics.h:226:60: note: in expansion of macro '__DEF_IF_HOST'
  226 | __SM_32_INTRINSICS_DECL__ float4 __ldcs(const float4 *ptr) __DEF_IF_HOST
      |                                                            ^~~~~~~~~~~~~
/usr/local/cuda/include/sm_32_intrinsics.h: In function 'double2 __ldcs(const double2*)':
/usr/local/cuda/include/sm_32_intrinsics.h:74:25: warning: no return statement in function returning non-void [-Wreturn-type]
   74 | #define __DEF_IF_HOST { }
      |                         ^
/usr/local/cuda/include/sm_32_intrinsics.h:227:62: note: in expansion of macro '__DEF_IF_HOST'
  227 | __SM_32_INTRINSICS_DECL__ double2 __ldcs(const double2 *ptr) __DEF_IF_HOST
      |                                                              ^~~~~~~~~~~~~
/usr/local/cuda/include/sm_32_intrinsics.h: In function 'long int __ldlu(const long int*)':
/usr/local/cuda/include/sm_32_intrinsics.h:74:25: warning: no return statement in function returning non-void [-Wreturn-type]
   74 | #define __DEF_IF_HOST { }
      |                         ^
/usr/local/cuda/include/sm_32_intrinsics.h:231:56: note: in expansion of macro '__DEF_IF_HOST'
  231 | __SM_32_INTRINSICS_DECL__ long __ldlu(const long *ptr) __DEF_IF_HOST
      |                                                        ^~~~~~~~~~~~~
/usr/local/cuda/include/sm_32_intrinsics.h: In function 'long unsigned int __ldlu(const long unsigned int*)':
/usr/local/cuda/include/sm_32_intrinsics.h:74:25: warning: no return statement in function returning non-void [-Wreturn-type]
   74 | #define __DEF_IF_HOST { }
      |                         ^
/usr/local/cuda/include/sm_32_intrinsics.h:232:74: note: in expansion of macro '__DEF_IF_HOST'
  232 | __SM_32_INTRINSICS_DECL__ unsigned long __ldlu(const unsigned long *ptr) __DEF_IF_HOST
      |                                                                          ^~~~~~~~~~~~~
/usr/local/cuda/include/sm_32_intrinsics.h: In function 'char __ldlu(const char*)':
/usr/local/cuda/include/sm_32_intrinsics.h:74:25: warning: no return statement in function returning non-void [-Wreturn-type]
   74 | #define __DEF_IF_HOST { }
      |                         ^
/usr/local/cuda/include/sm_32_intrinsics.h:234:56: note: in expansion of macro '__DEF_IF_HOST'
  234 | __SM_32_INTRINSICS_DECL__ char __ldlu(const char *ptr) __DEF_IF_HOST
      |                                                        ^~~~~~~~~~~~~
/usr/local/cuda/include/sm_32_intrinsics.h: In function 'signed char __ldlu(const signed char*)':
/usr/local/cuda/include/sm_32_intrinsics.h:74:25: warning: no return statement in function returning non-void [-Wreturn-type]
   74 | #define __DEF_IF_HOST { }
      |                         ^
/usr/local/cuda/include/sm_32_intrinsics.h:235:70: note: in expansion of macro '__DEF_IF_HOST'
  235 | __SM_32_INTRINSICS_DECL__ signed char __ldlu(const signed char *ptr) __DEF_IF_HOST
      |                                                                      ^~~~~~~~~~~~~
/usr/local/cuda/include/sm_32_intrinsics.h: In function 'short int __ldlu(const short int*)':
/usr/local/cuda/include/sm_32_intrinsics.h:74:25: warning: no return statement in function returning non-void [-Wreturn-type]
   74 | #define __DEF_IF_HOST { }
      |                         ^
/usr/local/cuda/include/sm_32_intrinsics.h:236:58: note: in expansion of macro '__DEF_IF_HOST'
  236 | __SM_32_INTRINSICS_DECL__ short __ldlu(const short *ptr) __DEF_IF_HOST
      |                                                          ^~~~~~~~~~~~~
/usr/local/cuda/include/sm_32_intrinsics.h: In function 'int __ldlu(const int*)':
/usr/local/cuda/include/sm_32_intrinsics.h:74:25: warning: no return statement in function returning non-void [-Wreturn-type]
   74 | #define __DEF_IF_HOST { }
      |                         ^
/usr/local/cuda/include/sm_32_intrinsics.h:237:54: note: in expansion of macro '__DEF_IF_HOST'
  237 | __SM_32_INTRINSICS_DECL__ int __ldlu(const int *ptr) __DEF_IF_HOST
      |                                                      ^~~~~~~~~~~~~
/usr/local/cuda/include/sm_32_intrinsics.h: In function 'long long int __ldlu(const long long int*)':
/usr/local/cuda/include/sm_32_intrinsics.h:74:25: warning: no return statement in function returning non-void [-Wreturn-type]
   74 | #define __DEF_IF_HOST { }
      |                         ^
/usr/local/cuda/include/sm_32_intrinsics.h:238:66: note: in expansion of macro '__DEF_IF_HOST'
  238 | __SM_32_INTRINSICS_DECL__ long long __ldlu(const long long *ptr) __DEF_IF_HOST
      |                                                                  ^~~~~~~~~~~~~
/usr/local/cuda/include/sm_32_intrinsics.h: In function 'char2 __ldlu(const char2*)':
/usr/local/cuda/include/sm_32_intrinsics.h:74:25: warning: no return statement in function returning non-void [-Wreturn-type]
   74 | #define __DEF_IF_HOST { }
      |                         ^
/usr/local/cuda/include/sm_32_intrinsics.h:239:58: note: in expansion of macro '__DEF_IF_HOST'
  239 | __SM_32_INTRINSICS_DECL__ char2 __ldlu(const char2 *ptr) __DEF_IF_HOST
      |                                                          ^~~~~~~~~~~~~
/usr/local/cuda/include/sm_32_intrinsics.h: In function 'char4 __ldlu(const char4*)':
/usr/local/cuda/include/sm_32_intrinsics.h:74:25: warning: no return statement in function returning non-void [-Wreturn-type]
   74 | #define __DEF_IF_HOST { }
      |                         ^
/usr/local/cuda/include/sm_32_intrinsics.h:240:58: note: in expansion of macro '__DEF_IF_HOST'
  240 | __SM_32_INTRINSICS_DECL__ char4 __ldlu(const char4 *ptr) __DEF_IF_HOST
      |                                                          ^~~~~~~~~~~~~
/usr/local/cuda/include/sm_32_intrinsics.h: In function 'short2 __ldlu(const short2*)':
/usr/local/cuda/include/sm_32_intrinsics.h:74:25: warning: no return statement in function returning non-void [-Wreturn-type]
   74 | #define __DEF_IF_HOST { }
      |                         ^
/usr/local/cuda/include/sm_32_intrinsics.h:241:60: note: in expansion of macro '__DEF_IF_HOST'
  241 | __SM_32_INTRINSICS_DECL__ short2 __ldlu(const short2 *ptr) __DEF_IF_HOST
      |                                                            ^~~~~~~~~~~~~
/usr/local/cuda/include/sm_32_intrinsics.h: In function 'short4 __ldlu(const short4*)':
/usr/local/cuda/include/sm_32_intrinsics.h:74:25: warning: no return statement in function returning non-void [-Wreturn-type]
   74 | #define __DEF_IF_HOST { }
      |                         ^
/usr/local/cuda/include/sm_32_intrinsics.h:242:60: note: in expansion of macro '__DEF_IF_HOST'
  242 | __SM_32_INTRINSICS_DECL__ short4 __ldlu(const short4 *ptr) __DEF_IF_HOST
      |                                                            ^~~~~~~~~~~~~
/usr/local/cuda/include/sm_32_intrinsics.h: In function 'int2 __ldlu(const int2*)':
/usr/local/cuda/include/sm_32_intrinsics.h:74:25: warning: no return statement in function returning non-void [-Wreturn-type]
   74 | #define __DEF_IF_HOST { }
      |                         ^
/usr/local/cuda/include/sm_32_intrinsics.h:243:56: note: in expansion of macro '__DEF_IF_HOST'
  243 | __SM_32_INTRINSICS_DECL__ int2 __ldlu(const int2 *ptr) __DEF_IF_HOST
      |                                                        ^~~~~~~~~~~~~
/usr/local/cuda/include/sm_32_intrinsics.h: In function 'int4 __ldlu(const int4*)':
/usr/local/cuda/include/sm_32_intrinsics.h:74:25: warning: no return statement in function returning non-void [-Wreturn-type]
   74 | #define __DEF_IF_HOST { }
      |                         ^
/usr/local/cuda/include/sm_32_intrinsics.h:244:56: note: in expansion of macro '__DEF_IF_HOST'
  244 | __SM_32_INTRINSICS_DECL__ int4 __ldlu(const int4 *ptr) __DEF_IF_HOST
      |                                                        ^~~~~~~~~~~~~
/usr/local/cuda/include/sm_32_intrinsics.h: In function 'longlong2 __ldlu(const longlong2*)':
/usr/local/cuda/include/sm_32_intrinsics.h:74:25: warning: no return statement in function returning non-void [-Wreturn-type]
   74 | #define __DEF_IF_HOST { }
      |                         ^
/usr/local/cuda/include/sm_32_intrinsics.h:245:66: note: in expansion of macro '__DEF_IF_HOST'
  245 | __SM_32_INTRINSICS_DECL__ longlong2 __ldlu(const longlong2 *ptr) __DEF_IF_HOST
      |                                                                  ^~~~~~~~~~~~~
/usr/local/cuda/include/sm_32_intrinsics.h: In function 'unsigned char __ldlu(const unsigned char*)':
/usr/local/cuda/include/sm_32_intrinsics.h:74:25: warning: no return statement in function returning non-void [-Wreturn-type]
   74 | #define __DEF_IF_HOST { }
      |                         ^
/usr/local/cuda/include/sm_32_intrinsics.h:247:74: note: in expansion of macro '__DEF_IF_HOST'
  247 | __SM_32_INTRINSICS_DECL__ unsigned char __ldlu(const unsigned char *ptr) __DEF_IF_HOST
      |                                                                          ^~~~~~~~~~~~~
/usr/local/cuda/include/sm_32_intrinsics.h: In function 'short unsigned int __ldlu(const short unsigned int*)':
/usr/local/cuda/include/sm_32_intrinsics.h:74:25: warning: no return statement in function returning non-void [-Wreturn-type]
   74 | #define __DEF_IF_HOST { }
      |                         ^
/usr/local/cuda/include/sm_32_intrinsics.h:248:76: note: in expansion of macro '__DEF_IF_HOST'
  248 | __SM_32_INTRINSICS_DECL__ unsigned short __ldlu(const unsigned short *ptr) __DEF_IF_HOST
      |                                                                            ^~~~~~~~~~~~~
/usr/local/cuda/include/sm_32_intrinsics.h: In function 'unsigned int __ldlu(const unsigned int*)':
/usr/local/cuda/include/sm_32_intrinsics.h:74:25: warning: no return statement in function returning non-void [-Wreturn-type]
   74 | #define __DEF_IF_HOST { }
      |                         ^
/usr/local/cuda/include/sm_32_intrinsics.h:249:72: note: in expansion of macro '__DEF_IF_HOST'
  249 | __SM_32_INTRINSICS_DECL__ unsigned int __ldlu(const unsigned int *ptr) __DEF_IF_HOST
      |                                                                        ^~~~~~~~~~~~~
/usr/local/cuda/include/sm_32_intrinsics.h: In function 'long long unsigned int __ldlu(const long long unsigned int*)':
/usr/local/cuda/include/sm_32_intrinsics.h:74:25: warning: no return statement in function returning non-void [-Wreturn-type]
   74 | #define __DEF_IF_HOST { }
      |                         ^
/usr/local/cuda/include/sm_32_intrinsics.h:250:84: note: in expansion of macro '__DEF_IF_HOST'
  250 | __SM_32_INTRINSICS_DECL__ unsigned long long __ldlu(const unsigned long long *ptr) __DEF_IF_HOST
      |                                                                                    ^~~~~~~~~~~~~
/usr/local/cuda/include/sm_32_intrinsics.h: In function 'uchar2 __ldlu(const uchar2*)':
/usr/local/cuda/include/sm_32_intrinsics.h:74:25: warning: no return statement in function returning non-void [-Wreturn-type]
   74 | #define __DEF_IF_HOST { }
      |                         ^
/usr/local/cuda/include/sm_32_intrinsics.h:251:60: note: in expansion of macro '__DEF_IF_HOST'
  251 | __SM_32_INTRINSICS_DECL__ uchar2 __ldlu(const uchar2 *ptr) __DEF_IF_HOST
      |                                                            ^~~~~~~~~~~~~
/usr/local/cuda/include/sm_32_intrinsics.h: In function 'uchar4 __ldlu(const uchar4*)':
/usr/local/cuda/include/sm_32_intrinsics.h:74:25: warning: no return statement in function returning non-void [-Wreturn-type]
   74 | #define __DEF_IF_HOST { }
      |                         ^
/usr/local/cuda/include/sm_32_intrinsics.h:252:60: note: in expansion of macro '__DEF_IF_HOST'
  252 | __SM_32_INTRINSICS_DECL__ uchar4 __ldlu(const uchar4 *ptr) __DEF_IF_HOST
      |                                                            ^~~~~~~~~~~~~
/usr/local/cuda/include/sm_32_intrinsics.h: In function 'ushort2 __ldlu(const ushort2*)':
/usr/local/cuda/include/sm_32_intrinsics.h:74:25: warning: no return statement in function returning non-void [-Wreturn-type]
   74 | #define __DEF_IF_HOST { }
      |                         ^
/usr/local/cuda/include/sm_32_intrinsics.h:253:62: note: in expansion of macro '__DEF_IF_HOST'
  253 | __SM_32_INTRINSICS_DECL__ ushort2 __ldlu(const ushort2 *ptr) __DEF_IF_HOST
      |                                                              ^~~~~~~~~~~~~
/usr/local/cuda/include/sm_32_intrinsics.h: In function 'ushort4 __ldlu(const ushort4*)':
/usr/local/cuda/include/sm_32_intrinsics.h:74:25: warning: no return statement in function returning non-void [-Wreturn-type]
   74 | #define __DEF_IF_HOST { }
      |                         ^
/usr/local/cuda/include/sm_32_intrinsics.h:254:62: note: in expansion of macro '__DEF_IF_HOST'
  254 | __SM_32_INTRINSICS_DECL__ ushort4 __ldlu(const ushort4 *ptr) __DEF_IF_HOST
      |                                                              ^~~~~~~~~~~~~
/usr/local/cuda/include/sm_32_intrinsics.h: In function 'uint2 __ldlu(const uint2*)':
/usr/local/cuda/include/sm_32_intrinsics.h:74:25: warning: no return statement in function returning non-void [-Wreturn-type]
   74 | #define __DEF_IF_HOST { }
      |                         ^
/usr/local/cuda/include/sm_32_intrinsics.h:255:58: note: in expansion of macro '__DEF_IF_HOST'
  255 | __SM_32_INTRINSICS_DECL__ uint2 __ldlu(const uint2 *ptr) __DEF_IF_HOST
      |                                                          ^~~~~~~~~~~~~
/usr/local/cuda/include/sm_32_intrinsics.h: In function 'uint4 __ldlu(const uint4*)':
/usr/local/cuda/include/sm_32_intrinsics.h:74:25: warning: no return statement in function returning non-void [-Wreturn-type]
   74 | #define __DEF_IF_HOST { }
      |                         ^
/usr/local/cuda/include/sm_32_intrinsics.h:256:58: note: in expansion of macro '__DEF_IF_HOST'
  256 | __SM_32_INTRINSICS_DECL__ uint4 __ldlu(const uint4 *ptr) __DEF_IF_HOST
      |                                                          ^~~~~~~~~~~~~
/usr/local/cuda/include/sm_32_intrinsics.h: In function 'ulonglong2 __ldlu(const ulonglong2*)':
/usr/local/cuda/include/sm_32_intrinsics.h:74:25: warning: no return statement in function returning non-void [-Wreturn-type]
   74 | #define __DEF_IF_HOST { }
      |                         ^
/usr/local/cuda/include/sm_32_intrinsics.h:257:68: note: in expansion of macro '__DEF_IF_HOST'
  257 | __SM_32_INTRINSICS_DECL__ ulonglong2 __ldlu(const ulonglong2 *ptr) __DEF_IF_HOST
      |                                                                    ^~~~~~~~~~~~~
/usr/local/cuda/include/sm_32_intrinsics.h: In function 'float __ldlu(const float*)':
/usr/local/cuda/include/sm_32_intrinsics.h:74:25: warning: no return statement in function returning non-void [-Wreturn-type]
   74 | #define __DEF_IF_HOST { }
      |                         ^
/usr/local/cuda/include/sm_32_intrinsics.h:259:58: note: in expansion of macro '__DEF_IF_HOST'
  259 | __SM_32_INTRINSICS_DECL__ float __ldlu(const float *ptr) __DEF_IF_HOST
      |                                                          ^~~~~~~~~~~~~
/usr/local/cuda/include/sm_32_intrinsics.h: In function 'double __ldlu(const double*)':
/usr/local/cuda/include/sm_32_intrinsics.h:74:25: warning: no return statement in function returning non-void [-Wreturn-type]
   74 | #define __DEF_IF_HOST { }
      |                         ^
/usr/local/cuda/include/sm_32_intrinsics.h:260:60: note: in expansion of macro '__DEF_IF_HOST'
  260 | __SM_32_INTRINSICS_DECL__ double __ldlu(const double *ptr) __DEF_IF_HOST
      |                                                            ^~~~~~~~~~~~~
/usr/local/cuda/include/sm_32_intrinsics.h: In function 'float2 __ldlu(const float2*)':
/usr/local/cuda/include/sm_32_intrinsics.h:74:25: warning: no return statement in function returning non-void [-Wreturn-type]
   74 | #define __DEF_IF_HOST { }
      |                         ^
/usr/local/cuda/include/sm_32_intrinsics.h:261:60: note: in expansion of macro '__DEF_IF_HOST'
  261 | __SM_32_INTRINSICS_DECL__ float2 __ldlu(const float2 *ptr) __DEF_IF_HOST
      |                                                            ^~~~~~~~~~~~~
/usr/local/cuda/include/sm_32_intrinsics.h: In function 'float4 __ldlu(const float4*)':
/usr/local/cuda/include/sm_32_intrinsics.h:74:25: warning: no return statement in function returning non-void [-Wreturn-type]
   74 | #define __DEF_IF_HOST { }
      |                         ^
/usr/local/cuda/include/sm_32_intrinsics.h:262:60: note: in expansion of macro '__DEF_IF_HOST'
  262 | __SM_32_INTRINSICS_DECL__ float4 __ldlu(const float4 *ptr) __DEF_IF_HOST
      |                                                            ^~~~~~~~~~~~~
/usr/local/cuda/include/sm_32_intrinsics.h: In function 'double2 __ldlu(const double2*)':
/usr/local/cuda/include/sm_32_intrinsics.h:74:25: warning: no return statement in function returning non-void [-Wreturn-type]
   74 | #define __DEF_IF_HOST { }
      |                         ^
/usr/local/cuda/include/sm_32_intrinsics.h:263:62: note: in expansion of macro '__DEF_IF_HOST'
  263 | __SM_32_INTRINSICS_DECL__ double2 __ldlu(const double2 *ptr) __DEF_IF_HOST
      |                                                              ^~~~~~~~~~~~~
/usr/local/cuda/include/sm_32_intrinsics.h: In function 'long int __ldcv(const long int*)':
/usr/local/cuda/include/sm_32_intrinsics.h:74:25: warning: no return statement in function returning non-void [-Wreturn-type]
   74 | #define __DEF_IF_HOST { }
      |                         ^
/usr/local/cuda/include/sm_32_intrinsics.h:267:56: note: in expansion of macro '__DEF_IF_HOST'
  267 | __SM_32_INTRINSICS_DECL__ long __ldcv(const long *ptr) __DEF_IF_HOST
      |                                                        ^~~~~~~~~~~~~
/usr/local/cuda/include/sm_32_intrinsics.h: In function 'long unsigned int __ldcv(const long unsigned int*)':
/usr/local/cuda/include/sm_32_intrinsics.h:74:25: warning: no return statement in function returning non-void [-Wreturn-type]
   74 | #define __DEF_IF_HOST { }
      |                         ^
/usr/local/cuda/include/sm_32_intrinsics.h:268:74: note: in expansion of macro '__DEF_IF_HOST'
  268 | __SM_32_INTRINSICS_DECL__ unsigned long __ldcv(const unsigned long *ptr) __DEF_IF_HOST
      |                                                                          ^~~~~~~~~~~~~
/usr/local/cuda/include/sm_32_intrinsics.h: In function 'char __ldcv(const char*)':
/usr/local/cuda/include/sm_32_intrinsics.h:74:25: warning: no return statement in function returning non-void [-Wreturn-type]
   74 | #define __DEF_IF_HOST { }
      |                         ^
/usr/local/cuda/include/sm_32_intrinsics.h:270:56: note: in expansion of macro '__DEF_IF_HOST'
  270 | __SM_32_INTRINSICS_DECL__ char __ldcv(const char *ptr) __DEF_IF_HOST
      |                                                        ^~~~~~~~~~~~~
/usr/local/cuda/include/sm_32_intrinsics.h: In function 'signed char __ldcv(const signed char*)':
/usr/local/cuda/include/sm_32_intrinsics.h:74:25: warning: no return statement in function returning non-void [-Wreturn-type]
   74 | #define __DEF_IF_HOST { }
      |                         ^
/usr/local/cuda/include/sm_32_intrinsics.h:271:70: note: in expansion of macro '__DEF_IF_HOST'
  271 | __SM_32_INTRINSICS_DECL__ signed char __ldcv(const signed char *ptr) __DEF_IF_HOST
      |                                                                      ^~~~~~~~~~~~~
/usr/local/cuda/include/sm_32_intrinsics.h: In function 'short int __ldcv(const short int*)':
/usr/local/cuda/include/sm_32_intrinsics.h:74:25: warning: no return statement in function returning non-void [-Wreturn-type]
   74 | #define __DEF_IF_HOST { }
      |                         ^
/usr/local/cuda/include/sm_32_intrinsics.h:272:58: note: in expansion of macro '__DEF_IF_HOST'
  272 | __SM_32_INTRINSICS_DECL__ short __ldcv(const short *ptr) __DEF_IF_HOST
      |                                                          ^~~~~~~~~~~~~
/usr/local/cuda/include/sm_32_intrinsics.h: In function 'int __ldcv(const int*)':
/usr/local/cuda/include/sm_32_intrinsics.h:74:25: warning: no return statement in function returning non-void [-Wreturn-type]
   74 | #define __DEF_IF_HOST { }
      |                         ^
/usr/local/cuda/include/sm_32_intrinsics.h:273:54: note: in expansion of macro '__DEF_IF_HOST'
  273 | __SM_32_INTRINSICS_DECL__ int __ldcv(const int *ptr) __DEF_IF_HOST
      |                                                      ^~~~~~~~~~~~~
/usr/local/cuda/include/sm_32_intrinsics.h: In function 'long long int __ldcv(const long long int*)':
/usr/local/cuda/include/sm_32_intrinsics.h:74:25: warning: no return statement in function returning non-void [-Wreturn-type]
   74 | #define __DEF_IF_HOST { }
      |                         ^
/usr/local/cuda/include/sm_32_intrinsics.h:274:66: note: in expansion of macro '__DEF_IF_HOST'
  274 | __SM_32_INTRINSICS_DECL__ long long __ldcv(const long long *ptr) __DEF_IF_HOST
      |                                                                  ^~~~~~~~~~~~~
/usr/local/cuda/include/sm_32_intrinsics.h: In function 'char2 __ldcv(const char2*)':
/usr/local/cuda/include/sm_32_intrinsics.h:74:25: warning: no return statement in function returning non-void [-Wreturn-type]
   74 | #define __DEF_IF_HOST { }
      |                         ^
/usr/local/cuda/include/sm_32_intrinsics.h:275:58: note: in expansion of macro '__DEF_IF_HOST'
  275 | __SM_32_INTRINSICS_DECL__ char2 __ldcv(const char2 *ptr) __DEF_IF_HOST
      |                                                          ^~~~~~~~~~~~~
/usr/local/cuda/include/sm_32_intrinsics.h: In function 'char4 __ldcv(const char4*)':
/usr/local/cuda/include/sm_32_intrinsics.h:74:25: warning: no return statement in function returning non-void [-Wreturn-type]
   74 | #define __DEF_IF_HOST { }
      |                         ^
/usr/local/cuda/include/sm_32_intrinsics.h:276:58: note: in expansion of macro '__DEF_IF_HOST'
  276 | __SM_32_INTRINSICS_DECL__ char4 __ldcv(const char4 *ptr) __DEF_IF_HOST
      |                                                          ^~~~~~~~~~~~~
/usr/local/cuda/include/sm_32_intrinsics.h: In function 'short2 __ldcv(const short2*)':
/usr/local/cuda/include/sm_32_intrinsics.h:74:25: warning: no return statement in function returning non-void [-Wreturn-type]
   74 | #define __DEF_IF_HOST { }
      |                         ^
/usr/local/cuda/include/sm_32_intrinsics.h:277:60: note: in expansion of macro '__DEF_IF_HOST'
  277 | __SM_32_INTRINSICS_DECL__ short2 __ldcv(const short2 *ptr) __DEF_IF_HOST
      |                                                            ^~~~~~~~~~~~~
/usr/local/cuda/include/sm_32_intrinsics.h: In function 'short4 __ldcv(const short4*)':
/usr/local/cuda/include/sm_32_intrinsics.h:74:25: warning: no return statement in function returning non-void [-Wreturn-type]
   74 | #define __DEF_IF_HOST { }
      |                         ^
/usr/local/cuda/include/sm_32_intrinsics.h:278:60: note: in expansion of macro '__DEF_IF_HOST'
  278 | __SM_32_INTRINSICS_DECL__ short4 __ldcv(const short4 *ptr) __DEF_IF_HOST
      |                                                            ^~~~~~~~~~~~~
/usr/local/cuda/include/sm_32_intrinsics.h: In function 'int2 __ldcv(const int2*)':
/usr/local/cuda/include/sm_32_intrinsics.h:74:25: warning: no return statement in function returning non-void [-Wreturn-type]
   74 | #define __DEF_IF_HOST { }
      |                         ^
/usr/local/cuda/include/sm_32_intrinsics.h:279:56: note: in expansion of macro '__DEF_IF_HOST'
  279 | __SM_32_INTRINSICS_DECL__ int2 __ldcv(const int2 *ptr) __DEF_IF_HOST
      |                                                        ^~~~~~~~~~~~~
/usr/local/cuda/include/sm_32_intrinsics.h: In function 'int4 __ldcv(const int4*)':
/usr/local/cuda/include/sm_32_intrinsics.h:74:25: warning: no return statement in function returning non-void [-Wreturn-type]
   74 | #define __DEF_IF_HOST { }
      |                         ^
/usr/local/cuda/include/sm_32_intrinsics.h:280:56: note: in expansion of macro '__DEF_IF_HOST'
  280 | __SM_32_INTRINSICS_DECL__ int4 __ldcv(const int4 *ptr) __DEF_IF_HOST
      |                                                        ^~~~~~~~~~~~~
/usr/local/cuda/include/sm_32_intrinsics.h: In function 'longlong2 __ldcv(const longlong2*)':
/usr/local/cuda/include/sm_32_intrinsics.h:74:25: warning: no return statement in function returning non-void [-Wreturn-type]
   74 | #define __DEF_IF_HOST { }
      |                         ^
/usr/local/cuda/include/sm_32_intrinsics.h:281:66: note: in expansion of macro '__DEF_IF_HOST'
  281 | __SM_32_INTRINSICS_DECL__ longlong2 __ldcv(const longlong2 *ptr) __DEF_IF_HOST
      |                                                                  ^~~~~~~~~~~~~
/usr/local/cuda/include/sm_32_intrinsics.h: In function 'unsigned char __ldcv(const unsigned char*)':
/usr/local/cuda/include/sm_32_intrinsics.h:74:25: warning: no return statement in function returning non-void [-Wreturn-type]
   74 | #define __DEF_IF_HOST { }
      |                         ^
/usr/local/cuda/include/sm_32_intrinsics.h:283:74: note: in expansion of macro '__DEF_IF_HOST'
  283 | __SM_32_INTRINSICS_DECL__ unsigned char __ldcv(const unsigned char *ptr) __DEF_IF_HOST
      |                                                                          ^~~~~~~~~~~~~
/usr/local/cuda/include/sm_32_intrinsics.h: In function 'short unsigned int __ldcv(const short unsigned int*)':
/usr/local/cuda/include/sm_32_intrinsics.h:74:25: warning: no return statement in function returning non-void [-Wreturn-type]
   74 | #define __DEF_IF_HOST { }
      |                         ^
/usr/local/cuda/include/sm_32_intrinsics.h:284:76: note: in expansion of macro '__DEF_IF_HOST'
  284 | __SM_32_INTRINSICS_DECL__ unsigned short __ldcv(const unsigned short *ptr) __DEF_IF_HOST
      |                                                                            ^~~~~~~~~~~~~
/usr/local/cuda/include/sm_32_intrinsics.h: In function 'unsigned int __ldcv(const unsigned int*)':
/usr/local/cuda/include/sm_32_intrinsics.h:74:25: warning: no return statement in function returning non-void [-Wreturn-type]
   74 | #define __DEF_IF_HOST { }
      |                         ^
/usr/local/cuda/include/sm_32_intrinsics.h:285:72: note: in expansion of macro '__DEF_IF_HOST'
  285 | __SM_32_INTRINSICS_DECL__ unsigned int __ldcv(const unsigned int *ptr) __DEF_IF_HOST
      |                                                                        ^~~~~~~~~~~~~
/usr/local/cuda/include/sm_32_intrinsics.h: In function 'long long unsigned int __ldcv(const long long unsigned int*)':
/usr/local/cuda/include/sm_32_intrinsics.h:74:25: warning: no return statement in function returning non-void [-Wreturn-type]
   74 | #define __DEF_IF_HOST { }
      |                         ^
/usr/local/cuda/include/sm_32_intrinsics.h:286:84: note: in expansion of macro '__DEF_IF_HOST'
  286 | __SM_32_INTRINSICS_DECL__ unsigned long long __ldcv(const unsigned long long *ptr) __DEF_IF_HOST
      |                                                                                    ^~~~~~~~~~~~~
/usr/local/cuda/include/sm_32_intrinsics.h: In function 'uchar2 __ldcv(const uchar2*)':
/usr/local/cuda/include/sm_32_intrinsics.h:74:25: warning: no return statement in function returning non-void [-Wreturn-type]
   74 | #define __DEF_IF_HOST { }
      |                         ^
/usr/local/cuda/include/sm_32_intrinsics.h:287:60: note: in expansion of macro '__DEF_IF_HOST'
  287 | __SM_32_INTRINSICS_DECL__ uchar2 __ldcv(const uchar2 *ptr) __DEF_IF_HOST
      |                                                            ^~~~~~~~~~~~~
/usr/local/cuda/include/sm_32_intrinsics.h: In function 'uchar4 __ldcv(const uchar4*)':
/usr/local/cuda/include/sm_32_intrinsics.h:74:25: warning: no return statement in function returning non-void [-Wreturn-type]
   74 | #define __DEF_IF_HOST { }
      |                         ^
/usr/local/cuda/include/sm_32_intrinsics.h:288:60: note: in expansion of macro '__DEF_IF_HOST'
  288 | __SM_32_INTRINSICS_DECL__ uchar4 __ldcv(const uchar4 *ptr) __DEF_IF_HOST
      |                                                            ^~~~~~~~~~~~~
/usr/local/cuda/include/sm_32_intrinsics.h: In function 'ushort2 __ldcv(const ushort2*)':
/usr/local/cuda/include/sm_32_intrinsics.h:74:25: warning: no return statement in function returning non-void [-Wreturn-type]
   74 | #define __DEF_IF_HOST { }
      |                         ^
/usr/local/cuda/include/sm_32_intrinsics.h:289:62: note: in expansion of macro '__DEF_IF_HOST'
  289 | __SM_32_INTRINSICS_DECL__ ushort2 __ldcv(const ushort2 *ptr) __DEF_IF_HOST
      |                                                              ^~~~~~~~~~~~~
/usr/local/cuda/include/sm_32_intrinsics.h: In function 'ushort4 __ldcv(const ushort4*)':
/usr/local/cuda/include/sm_32_intrinsics.h:74:25: warning: no return statement in function returning non-void [-Wreturn-type]
   74 | #define __DEF_IF_HOST { }
      |                         ^
/usr/local/cuda/include/sm_32_intrinsics.h:290:62: note: in expansion of macro '__DEF_IF_HOST'
  290 | __SM_32_INTRINSICS_DECL__ ushort4 __ldcv(const ushort4 *ptr) __DEF_IF_HOST
      |                                                              ^~~~~~~~~~~~~
/usr/local/cuda/include/sm_32_intrinsics.h: In function 'uint2 __ldcv(const uint2*)':
/usr/local/cuda/include/sm_32_intrinsics.h:74:25: warning: no return statement in function returning non-void [-Wreturn-type]
   74 | #define __DEF_IF_HOST { }
      |                         ^
/usr/local/cuda/include/sm_32_intrinsics.h:291:58: note: in expansion of macro '__DEF_IF_HOST'
  291 | __SM_32_INTRINSICS_DECL__ uint2 __ldcv(const uint2 *ptr) __DEF_IF_HOST
      |                                                          ^~~~~~~~~~~~~
/usr/local/cuda/include/sm_32_intrinsics.h: In function 'uint4 __ldcv(const uint4*)':
/usr/local/cuda/include/sm_32_intrinsics.h:74:25: warning: no return statement in function returning non-void [-Wreturn-type]
   74 | #define __DEF_IF_HOST { }
      |                         ^
/usr/local/cuda/include/sm_32_intrinsics.h:292:58: note: in expansion of macro '__DEF_IF_HOST'
  292 | __SM_32_INTRINSICS_DECL__ uint4 __ldcv(const uint4 *ptr) __DEF_IF_HOST
      |                                                          ^~~~~~~~~~~~~
/usr/local/cuda/include/sm_32_intrinsics.h: In function 'ulonglong2 __ldcv(const ulonglong2*)':
/usr/local/cuda/include/sm_32_intrinsics.h:74:25: warning: no return statement in function returning non-void [-Wreturn-type]
   74 | #define __DEF_IF_HOST { }
      |                         ^
/usr/local/cuda/include/sm_32_intrinsics.h:293:68: note: in expansion of macro '__DEF_IF_HOST'
  293 | __SM_32_INTRINSICS_DECL__ ulonglong2 __ldcv(const ulonglong2 *ptr) __DEF_IF_HOST
      |                                                                    ^~~~~~~~~~~~~
/usr/local/cuda/include/sm_32_intrinsics.h: In function 'float __ldcv(const float*)':
/usr/local/cuda/include/sm_32_intrinsics.h:74:25: warning: no return statement in function returning non-void [-Wreturn-type]
   74 | #define __DEF_IF_HOST { }
      |                         ^
/usr/local/cuda/include/sm_32_intrinsics.h:295:58: note: in expansion of macro '__DEF_IF_HOST'
  295 | __SM_32_INTRINSICS_DECL__ float __ldcv(const float *ptr) __DEF_IF_HOST
      |                                                          ^~~~~~~~~~~~~
/usr/local/cuda/include/sm_32_intrinsics.h: In function 'double __ldcv(const double*)':
/usr/local/cuda/include/sm_32_intrinsics.h:74:25: warning: no return statement in function returning non-void [-Wreturn-type]
   74 | #define __DEF_IF_HOST { }
      |                         ^
/usr/local/cuda/include/sm_32_intrinsics.h:296:60: note: in expansion of macro '__DEF_IF_HOST'
  296 | __SM_32_INTRINSICS_DECL__ double __ldcv(const double *ptr) __DEF_IF_HOST
      |                                                            ^~~~~~~~~~~~~
/usr/local/cuda/include/sm_32_intrinsics.h: In function 'float2 __ldcv(const float2*)':
/usr/local/cuda/include/sm_32_intrinsics.h:74:25: warning: no return statement in function returning non-void [-Wreturn-type]
   74 | #define __DEF_IF_HOST { }
      |                         ^
/usr/local/cuda/include/sm_32_intrinsics.h:297:60: note: in expansion of macro '__DEF_IF_HOST'
  297 | __SM_32_INTRINSICS_DECL__ float2 __ldcv(const float2 *ptr) __DEF_IF_HOST
      |                                                            ^~~~~~~~~~~~~
/usr/local/cuda/include/sm_32_intrinsics.h: In function 'float4 __ldcv(const float4*)':
/usr/local/cuda/include/sm_32_intrinsics.h:74:25: warning: no return statement in function returning non-void [-Wreturn-type]
   74 | #define __DEF_IF_HOST { }
      |                         ^
/usr/local/cuda/include/sm_32_intrinsics.h:298:60: note: in expansion of macro '__DEF_IF_HOST'
  298 | __SM_32_INTRINSICS_DECL__ float4 __ldcv(const float4 *ptr) __DEF_IF_HOST
      |                                                            ^~~~~~~~~~~~~
/usr/local/cuda/include/sm_32_intrinsics.h: In function 'double2 __ldcv(const double2*)':
/usr/local/cuda/include/sm_32_intrinsics.h:74:25: warning: no return statement in function returning non-void [-Wreturn-type]
   74 | #define __DEF_IF_HOST { }
      |                         ^
/usr/local/cuda/include/sm_32_intrinsics.h:299:62: note: in expansion of macro '__DEF_IF_HOST'
  299 | __SM_32_INTRINSICS_DECL__ double2 __ldcv(const double2 *ptr) __DEF_IF_HOST
      |                                                              ^~~~~~~~~~~~~
/usr/local/cuda/include/sm_32_intrinsics.h: In function 'unsigned int __funnelshift_l(unsigned int, unsigned int, unsigned int)':
/usr/local/cuda/include/sm_32_intrinsics.h:74:25: warning: no return statement in function returning non-void [-Wreturn-type]
   74 | #define __DEF_IF_HOST { }
      |                         ^
/usr/local/cuda/include/sm_32_intrinsics.h:460:110: note: in expansion of macro '__DEF_IF_HOST'
  460 | __SM_32_INTRINSICS_DECL__ unsigned int __funnelshift_l(unsigned int lo, unsigned int hi, unsigned int shift) __DEF_IF_HOST
      |                                                                                                              ^~~~~~~~~~~~~
/usr/local/cuda/include/sm_32_intrinsics.h: In function 'unsigned int __funnelshift_lc(unsigned int, unsigned int, unsigned int)':
/usr/local/cuda/include/sm_32_intrinsics.h:74:25: warning: no return statement in function returning non-void [-Wreturn-type]
   74 | #define __DEF_IF_HOST { }
      |                         ^
/usr/local/cuda/include/sm_32_intrinsics.h:472:111: note: in expansion of macro '__DEF_IF_HOST'
  472 | __SM_32_INTRINSICS_DECL__ unsigned int __funnelshift_lc(unsigned int lo, unsigned int hi, unsigned int shift) __DEF_IF_HOST
      |                                                                                                               ^~~~~~~~~~~~~
/usr/local/cuda/include/sm_32_intrinsics.h: In function 'unsigned int __funnelshift_r(unsigned int, unsigned int, unsigned int)':
/usr/local/cuda/include/sm_32_intrinsics.h:74:25: warning: no return statement in function returning non-void [-Wreturn-type]
   74 | #define __DEF_IF_HOST { }
      |                         ^
/usr/local/cuda/include/sm_32_intrinsics.h:485:110: note: in expansion of macro '__DEF_IF_HOST'
  485 | __SM_32_INTRINSICS_DECL__ unsigned int __funnelshift_r(unsigned int lo, unsigned int hi, unsigned int shift) __DEF_IF_HOST
      |                                                                                                              ^~~~~~~~~~~~~
/usr/local/cuda/include/sm_32_intrinsics.h: In function 'unsigned int __funnelshift_rc(unsigned int, unsigned int, unsigned int)':
/usr/local/cuda/include/sm_32_intrinsics.h:74:25: warning: no return statement in function returning non-void [-Wreturn-type]
   74 | #define __DEF_IF_HOST { }
      |                         ^
/usr/local/cuda/include/sm_32_intrinsics.h:497:111: note: in expansion of macro '__DEF_IF_HOST'
  497 | __SM_32_INTRINSICS_DECL__ unsigned int __funnelshift_rc(unsigned int lo, unsigned int hi, unsigned int shift) __DEF_IF_HOST
      |                                                                                                               ^~~~~~~~~~~~~
In file included from /usr/local/cuda/include/crt/device_functions.h:3625,
                 from /home/GVirtuS/GVirtuS/plugins/cudart/backend/CudaRtHandler.h:71,
                 from /home/GVirtuS/GVirtuS/plugins/cudart/backend/CudaRtHandler_stream.cpp:26:
/usr/local/cuda/include/sm_61_intrinsics.h: In function 'int __dp2a_lo(int, int, int)':
/usr/local/cuda/include/sm_61_intrinsics.h:72:25: warning: no return statement in function returning non-void [-Wreturn-type]
   72 | #define __DEF_IF_HOST { }
      |                         ^
/usr/local/cuda/include/sm_61_intrinsics.h:99:68: note: in expansion of macro '__DEF_IF_HOST'
   99 | __SM_61_INTRINSICS_DECL__ int __dp2a_lo(int srcA, int srcB, int c) __DEF_IF_HOST
      |                                                                    ^~~~~~~~~~~~~
/usr/local/cuda/include/sm_61_intrinsics.h: In function 'unsigned int __dp2a_lo(unsigned int, unsigned int, unsigned int)':
/usr/local/cuda/include/sm_61_intrinsics.h:72:25: warning: no return statement in function returning non-void [-Wreturn-type]
   72 | #define __DEF_IF_HOST { }
      |                         ^
/usr/local/cuda/include/sm_61_intrinsics.h:110:104: note: in expansion of macro '__DEF_IF_HOST'
  110 | __SM_61_INTRINSICS_DECL__ unsigned int __dp2a_lo(unsigned int srcA, unsigned int srcB, unsigned int c) __DEF_IF_HOST
      |                                                                                                        ^~~~~~~~~~~~~
/usr/local/cuda/include/sm_61_intrinsics.h: In function 'int __dp2a_lo(short2, char4, int)':
/usr/local/cuda/include/sm_61_intrinsics.h:72:25: warning: no return statement in function returning non-void [-Wreturn-type]
   72 | #define __DEF_IF_HOST { }
      |                         ^
/usr/local/cuda/include/sm_61_intrinsics.h:122:73: note: in expansion of macro '__DEF_IF_HOST'
  122 | __SM_61_INTRINSICS_DECL__ int __dp2a_lo(short2 srcA, char4 srcB, int c) __DEF_IF_HOST
      |                                                                         ^~~~~~~~~~~~~
/usr/local/cuda/include/sm_61_intrinsics.h: In function 'unsigned int __dp2a_lo(ushort2, uchar4, unsigned int)':
/usr/local/cuda/include/sm_61_intrinsics.h:72:25: warning: no return statement in function returning non-void [-Wreturn-type]
   72 | #define __DEF_IF_HOST { }
      |                         ^
/usr/local/cuda/include/sm_61_intrinsics.h:133:93: note: in expansion of macro '__DEF_IF_HOST'
  133 | __SM_61_INTRINSICS_DECL__ unsigned int __dp2a_lo(ushort2 srcA, uchar4 srcB, unsigned int c) __DEF_IF_HOST
      |                                                                                             ^~~~~~~~~~~~~
/usr/local/cuda/include/sm_61_intrinsics.h: In function 'int __dp2a_hi(int, int, int)':
/usr/local/cuda/include/sm_61_intrinsics.h:72:25: warning: no return statement in function returning non-void [-Wreturn-type]
   72 | #define __DEF_IF_HOST { }
      |                         ^
/usr/local/cuda/include/sm_61_intrinsics.h:145:68: note: in expansion of macro '__DEF_IF_HOST'
  145 | __SM_61_INTRINSICS_DECL__ int __dp2a_hi(int srcA, int srcB, int c) __DEF_IF_HOST
      |                                                                    ^~~~~~~~~~~~~
/usr/local/cuda/include/sm_61_intrinsics.h: In function 'unsigned int __dp2a_hi(unsigned int, unsigned int, unsigned int)':
/usr/local/cuda/include/sm_61_intrinsics.h:72:25: warning: no return statement in function returning non-void [-Wreturn-type]
   72 | #define __DEF_IF_HOST { }
      |                         ^
/usr/local/cuda/include/sm_61_intrinsics.h:156:104: note: in expansion of macro '__DEF_IF_HOST'
  156 | __SM_61_INTRINSICS_DECL__ unsigned int __dp2a_hi(unsigned int srcA, unsigned int srcB, unsigned int c) __DEF_IF_HOST
      |                                                                                                        ^~~~~~~~~~~~~
/usr/local/cuda/include/sm_61_intrinsics.h: In function 'int __dp2a_hi(short2, char4, int)':
/usr/local/cuda/include/sm_61_intrinsics.h:72:25: warning: no return statement in function returning non-void [-Wreturn-type]
   72 | #define __DEF_IF_HOST { }
      |                         ^
/usr/local/cuda/include/sm_61_intrinsics.h:168:73: note: in expansion of macro '__DEF_IF_HOST'
  168 | __SM_61_INTRINSICS_DECL__ int __dp2a_hi(short2 srcA, char4 srcB, int c) __DEF_IF_HOST
      |                                                                         ^~~~~~~~~~~~~
/usr/local/cuda/include/sm_61_intrinsics.h: In function 'unsigned int __dp2a_hi(ushort2, uchar4, unsigned int)':
/usr/local/cuda/include/sm_61_intrinsics.h:72:25: warning: no return statement in function returning non-void [-Wreturn-type]
   72 | #define __DEF_IF_HOST { }
      |                         ^
/usr/local/cuda/include/sm_61_intrinsics.h:179:93: note: in expansion of macro '__DEF_IF_HOST'
  179 | __SM_61_INTRINSICS_DECL__ unsigned int __dp2a_hi(ushort2 srcA, uchar4 srcB, unsigned int c) __DEF_IF_HOST
      |                                                                                             ^~~~~~~~~~~~~
/usr/local/cuda/include/sm_61_intrinsics.h: In function 'int __dp4a(int, int, int)':
/usr/local/cuda/include/sm_61_intrinsics.h:72:25: warning: no return statement in function returning non-void [-Wreturn-type]
   72 | #define __DEF_IF_HOST { }
      |                         ^
/usr/local/cuda/include/sm_61_intrinsics.h:194:65: note: in expansion of macro '__DEF_IF_HOST'
  194 | __SM_61_INTRINSICS_DECL__ int __dp4a(int srcA, int srcB, int c) __DEF_IF_HOST
      |                                                                 ^~~~~~~~~~~~~
/usr/local/cuda/include/sm_61_intrinsics.h: In function 'unsigned int __dp4a(unsigned int, unsigned int, unsigned int)':
/usr/local/cuda/include/sm_61_intrinsics.h:72:25: warning: no return statement in function returning non-void [-Wreturn-type]
   72 | #define __DEF_IF_HOST { }
      |                         ^
/usr/local/cuda/include/sm_61_intrinsics.h:203:101: note: in expansion of macro '__DEF_IF_HOST'
  203 | __SM_61_INTRINSICS_DECL__ unsigned int __dp4a(unsigned int srcA, unsigned int srcB, unsigned int c) __DEF_IF_HOST
      |                                                                                                     ^~~~~~~~~~~~~
/usr/local/cuda/include/sm_61_intrinsics.h: In function 'int __dp4a(char4, char4, int)':
/usr/local/cuda/include/sm_61_intrinsics.h:72:25: warning: no return statement in function returning non-void [-Wreturn-type]
   72 | #define __DEF_IF_HOST { }
      |                         ^
/usr/local/cuda/include/sm_61_intrinsics.h:213:69: note: in expansion of macro '__DEF_IF_HOST'
  213 | __SM_61_INTRINSICS_DECL__ int __dp4a(char4 srcA, char4 srcB, int c) __DEF_IF_HOST
      |                                                                     ^~~~~~~~~~~~~
/usr/local/cuda/include/sm_61_intrinsics.h: In function 'unsigned int __dp4a(uchar4, uchar4, unsigned int)':
/usr/local/cuda/include/sm_61_intrinsics.h:72:25: warning: no return statement in function returning non-void [-Wreturn-type]
   72 | #define __DEF_IF_HOST { }
      |                         ^
/usr/local/cuda/include/sm_61_intrinsics.h:222:89: note: in expansion of macro '__DEF_IF_HOST'
  222 | __SM_61_INTRINSICS_DECL__ unsigned int __dp4a(uchar4 srcA, uchar4 srcB, unsigned int c) __DEF_IF_HOST
      |                                                                                         ^~~~~~~~~~~~~
In file included from /usr/local/cuda/include/crt/device_functions.h:3626,
                 from /home/GVirtuS/GVirtuS/plugins/cudart/backend/CudaRtHandler.h:71,
                 from /home/GVirtuS/GVirtuS/plugins/cudart/backend/CudaRtHandler_stream.cpp:26:
/usr/local/cuda/include/crt/sm_70_rt.h: In function 'unsigned int __match_any_sync(unsigned int, unsigned int)':
/usr/local/cuda/include/crt/sm_70_rt.h:84:25: warning: no return statement in function returning non-void [-Wreturn-type]
   84 | #define __DEF_IF_HOST { }
      |                         ^
/usr/local/cuda/include/crt/sm_70_rt.h:93:80: note: in expansion of macro '__DEF_IF_HOST'
   93 | __SM_70_RT_DECL__ unsigned int __match_any_sync(unsigned mask, unsigned value) __DEF_IF_HOST
      |                                                                                ^~~~~~~~~~~~~
/usr/local/cuda/include/crt/sm_70_rt.h: In function 'unsigned int __match_any_sync(unsigned int, int)':
/usr/local/cuda/include/crt/sm_70_rt.h:84:25: warning: no return statement in function returning non-void [-Wreturn-type]
   84 | #define __DEF_IF_HOST { }
      |                         ^
/usr/local/cuda/include/crt/sm_70_rt.h:94:75: note: in expansion of macro '__DEF_IF_HOST'
   94 | __SM_70_RT_DECL__ unsigned int __match_any_sync(unsigned mask, int value) __DEF_IF_HOST
      |                                                                           ^~~~~~~~~~~~~
/usr/local/cuda/include/crt/sm_70_rt.h: In function 'unsigned int __match_any_sync(unsigned int, long unsigned int)':
/usr/local/cuda/include/crt/sm_70_rt.h:84:25: warning: no return statement in function returning non-void [-Wreturn-type]
   84 | #define __DEF_IF_HOST { }
      |                         ^
/usr/local/cuda/include/crt/sm_70_rt.h:95:85: note: in expansion of macro '__DEF_IF_HOST'
   95 | __SM_70_RT_DECL__ unsigned int __match_any_sync(unsigned mask, unsigned long value) __DEF_IF_HOST
      |                                                                                     ^~~~~~~~~~~~~
/usr/local/cuda/include/crt/sm_70_rt.h: In function 'unsigned int __match_any_sync(unsigned int, long int)':
/usr/local/cuda/include/crt/sm_70_rt.h:84:25: warning: no return statement in function returning non-void [-Wreturn-type]
   84 | #define __DEF_IF_HOST { }
      |                         ^
/usr/local/cuda/include/crt/sm_70_rt.h:96:76: note: in expansion of macro '__DEF_IF_HOST'
   96 | __SM_70_RT_DECL__ unsigned int __match_any_sync(unsigned mask, long value) __DEF_IF_HOST
      |                                                                            ^~~~~~~~~~~~~
/usr/local/cuda/include/crt/sm_70_rt.h: In function 'unsigned int __match_any_sync(unsigned int, long long unsigned int)':
/usr/local/cuda/include/crt/sm_70_rt.h:84:25: warning: no return statement in function returning non-void [-Wreturn-type]
   84 | #define __DEF_IF_HOST { }
      |                         ^
/usr/local/cuda/include/crt/sm_70_rt.h:97:90: note: in expansion of macro '__DEF_IF_HOST'
   97 | __SM_70_RT_DECL__ unsigned int __match_any_sync(unsigned mask, unsigned long long value) __DEF_IF_HOST
      |                                                                                          ^~~~~~~~~~~~~
/usr/local/cuda/include/crt/sm_70_rt.h: In function 'unsigned int __match_any_sync(unsigned int, long long int)':
/usr/local/cuda/include/crt/sm_70_rt.h:84:25: warning: no return statement in function returning non-void [-Wreturn-type]
   84 | #define __DEF_IF_HOST { }
      |                         ^
/usr/local/cuda/include/crt/sm_70_rt.h:98:81: note: in expansion of macro '__DEF_IF_HOST'
   98 | __SM_70_RT_DECL__ unsigned int __match_any_sync(unsigned mask, long long value) __DEF_IF_HOST
      |                                                                                 ^~~~~~~~~~~~~
/usr/local/cuda/include/crt/sm_70_rt.h: In function 'unsigned int __match_any_sync(unsigned int, float)':
/usr/local/cuda/include/crt/sm_70_rt.h:84:25: warning: no return statement in function returning non-void [-Wreturn-type]
   84 | #define __DEF_IF_HOST { }
      |                         ^
/usr/local/cuda/include/crt/sm_70_rt.h:99:77: note: in expansion of macro '__DEF_IF_HOST'
   99 | __SM_70_RT_DECL__ unsigned int __match_any_sync(unsigned mask, float value) __DEF_IF_HOST
      |                                                                             ^~~~~~~~~~~~~
/usr/local/cuda/include/crt/sm_70_rt.h: In function 'unsigned int __match_any_sync(unsigned int, double)':
/usr/local/cuda/include/crt/sm_70_rt.h:84:25: warning: no return statement in function returning non-void [-Wreturn-type]
   84 | #define __DEF_IF_HOST { }
      |                         ^
/usr/local/cuda/include/crt/sm_70_rt.h:100:78: note: in expansion of macro '__DEF_IF_HOST'
  100 | __SM_70_RT_DECL__ unsigned int __match_any_sync(unsigned mask, double value) __DEF_IF_HOST
      |                                                                              ^~~~~~~~~~~~~
/usr/local/cuda/include/crt/sm_70_rt.h: In function 'unsigned int __match_all_sync(unsigned int, unsigned int, int*)':
/usr/local/cuda/include/crt/sm_70_rt.h:84:25: warning: no return statement in function returning non-void [-Wreturn-type]
   84 | #define __DEF_IF_HOST { }
      |                         ^
/usr/local/cuda/include/crt/sm_70_rt.h:102:91: note: in expansion of macro '__DEF_IF_HOST'
  102 | __SM_70_RT_DECL__ unsigned int __match_all_sync(unsigned mask, unsigned value, int *pred) __DEF_IF_HOST
      |                                                                                           ^~~~~~~~~~~~~
/usr/local/cuda/include/crt/sm_70_rt.h: In function 'unsigned int __match_all_sync(unsigned int, int, int*)':
/usr/local/cuda/include/crt/sm_70_rt.h:84:25: warning: no return statement in function returning non-void [-Wreturn-type]
   84 | #define __DEF_IF_HOST { }
      |                         ^
/usr/local/cuda/include/crt/sm_70_rt.h:103:86: note: in expansion of macro '__DEF_IF_HOST'
  103 | __SM_70_RT_DECL__ unsigned int __match_all_sync(unsigned mask, int value, int *pred) __DEF_IF_HOST
      |                                                                                      ^~~~~~~~~~~~~
/usr/local/cuda/include/crt/sm_70_rt.h: In function 'unsigned int __match_all_sync(unsigned int, long unsigned int, int*)':
/usr/local/cuda/include/crt/sm_70_rt.h:84:25: warning: no return statement in function returning non-void [-Wreturn-type]
   84 | #define __DEF_IF_HOST { }
      |                         ^
/usr/local/cuda/include/crt/sm_70_rt.h:104:96: note: in expansion of macro '__DEF_IF_HOST'
  104 | __SM_70_RT_DECL__ unsigned int __match_all_sync(unsigned mask, unsigned long value, int *pred) __DEF_IF_HOST
      |                                                                                                ^~~~~~~~~~~~~
/usr/local/cuda/include/crt/sm_70_rt.h: In function 'unsigned int __match_all_sync(unsigned int, long int, int*)':
/usr/local/cuda/include/crt/sm_70_rt.h:84:25: warning: no return statement in function returning non-void [-Wreturn-type]
   84 | #define __DEF_IF_HOST { }
      |                         ^
/usr/local/cuda/include/crt/sm_70_rt.h:105:87: note: in expansion of macro '__DEF_IF_HOST'
  105 | __SM_70_RT_DECL__ unsigned int __match_all_sync(unsigned mask, long value, int *pred) __DEF_IF_HOST
      |                                                                                       ^~~~~~~~~~~~~
/usr/local/cuda/include/crt/sm_70_rt.h: In function 'unsigned int __match_all_sync(unsigned int, long long unsigned int, int*)':
/usr/local/cuda/include/crt/sm_70_rt.h:84:25: warning: no return statement in function returning non-void [-Wreturn-type]
   84 | #define __DEF_IF_HOST { }
      |                         ^
/usr/local/cuda/include/crt/sm_70_rt.h:106:101: note: in expansion of macro '__DEF_IF_HOST'
  106 | __SM_70_RT_DECL__ unsigned int __match_all_sync(unsigned mask, unsigned long long value, int *pred) __DEF_IF_HOST
      |                                                                                                     ^~~~~~~~~~~~~
/usr/local/cuda/include/crt/sm_70_rt.h: In function 'unsigned int __match_all_sync(unsigned int, long long int, int*)':
/usr/local/cuda/include/crt/sm_70_rt.h:84:25: warning: no return statement in function returning non-void [-Wreturn-type]
   84 | #define __DEF_IF_HOST { }
      |                         ^
/usr/local/cuda/include/crt/sm_70_rt.h:107:92: note: in expansion of macro '__DEF_IF_HOST'
  107 | __SM_70_RT_DECL__ unsigned int __match_all_sync(unsigned mask, long long value, int *pred) __DEF_IF_HOST
      |                                                                                            ^~~~~~~~~~~~~
/usr/local/cuda/include/crt/sm_70_rt.h: In function 'unsigned int __match_all_sync(unsigned int, float, int*)':
/usr/local/cuda/include/crt/sm_70_rt.h:84:25: warning: no return statement in function returning non-void [-Wreturn-type]
   84 | #define __DEF_IF_HOST { }
      |                         ^
/usr/local/cuda/include/crt/sm_70_rt.h:108:88: note: in expansion of macro '__DEF_IF_HOST'
  108 | __SM_70_RT_DECL__ unsigned int __match_all_sync(unsigned mask, float value, int *pred) __DEF_IF_HOST
      |                                                                                        ^~~~~~~~~~~~~
/usr/local/cuda/include/crt/sm_70_rt.h: In function 'unsigned int __match_all_sync(unsigned int, double, int*)':
/usr/local/cuda/include/crt/sm_70_rt.h:84:25: warning: no return statement in function returning non-void [-Wreturn-type]
   84 | #define __DEF_IF_HOST { }
      |                         ^
/usr/local/cuda/include/crt/sm_70_rt.h:109:89: note: in expansion of macro '__DEF_IF_HOST'
  109 | __SM_70_RT_DECL__ unsigned int __match_all_sync(unsigned mask, double value, int *pred) __DEF_IF_HOST
      |                                                                                         ^~~~~~~~~~~~~
/usr/local/cuda/include/crt/sm_70_rt.h: In function 'short unsigned int atomicCAS(short unsigned int*, short unsigned int, short unsigned int)':
/usr/local/cuda/include/crt/sm_70_rt.h:84:25: warning: no return statement in function returning non-void [-Wreturn-type]
   84 | #define __DEF_IF_HOST { }
      |                         ^
/usr/local/cuda/include/crt/sm_70_rt.h:113:129: note: in expansion of macro '__DEF_IF_HOST'
  113 | __SM_70_RT_DECL__ unsigned short int atomicCAS(unsigned short int *address, unsigned short int compare, unsigned short int val) __DEF_IF_HOST
      |                                                                                                                                 ^~~~~~~~~~~~~
In file included from /usr/local/cuda/include/crt/device_functions.h:3627,
                 from /home/GVirtuS/GVirtuS/plugins/cudart/backend/CudaRtHandler.h:71,
                 from /home/GVirtuS/GVirtuS/plugins/cudart/backend/CudaRtHandler_stream.cpp:26:
/usr/local/cuda/include/crt/sm_80_rt.h: In function 'unsigned int __reduce_add_sync(unsigned int, unsigned int)':
/usr/local/cuda/include/crt/sm_80_rt.h:84:25: warning: no return statement in function returning non-void [-Wreturn-type]
   84 | #define __DEF_IF_HOST { }
      |                         ^
/usr/local/cuda/include/crt/sm_80_rt.h:93:77: note: in expansion of macro '__DEF_IF_HOST'
   93 | __SM_80_RT_DECL__ unsigned __reduce_add_sync(unsigned mask, unsigned value) __DEF_IF_HOST
      |                                                                             ^~~~~~~~~~~~~
/usr/local/cuda/include/crt/sm_80_rt.h: In function 'unsigned int __reduce_min_sync(unsigned int, unsigned int)':
/usr/local/cuda/include/crt/sm_80_rt.h:84:25: warning: no return statement in function returning non-void [-Wreturn-type]
   84 | #define __DEF_IF_HOST { }
      |                         ^
/usr/local/cuda/include/crt/sm_80_rt.h:94:77: note: in expansion of macro '__DEF_IF_HOST'
   94 | __SM_80_RT_DECL__ unsigned __reduce_min_sync(unsigned mask, unsigned value) __DEF_IF_HOST
      |                                                                             ^~~~~~~~~~~~~
/usr/local/cuda/include/crt/sm_80_rt.h: In function 'unsigned int __reduce_max_sync(unsigned int, unsigned int)':
/usr/local/cuda/include/crt/sm_80_rt.h:84:25: warning: no return statement in function returning non-void [-Wreturn-type]
   84 | #define __DEF_IF_HOST { }
      |                         ^
/usr/local/cuda/include/crt/sm_80_rt.h:95:77: note: in expansion of macro '__DEF_IF_HOST'
   95 | __SM_80_RT_DECL__ unsigned __reduce_max_sync(unsigned mask, unsigned value) __DEF_IF_HOST
      |                                                                             ^~~~~~~~~~~~~
/usr/local/cuda/include/crt/sm_80_rt.h: In function 'int __reduce_add_sync(unsigned int, int)':
/usr/local/cuda/include/crt/sm_80_rt.h:84:25: warning: no return statement in function returning non-void [-Wreturn-type]
   84 | #define __DEF_IF_HOST { }
      |                         ^
/usr/local/cuda/include/crt/sm_80_rt.h:97:67: note: in expansion of macro '__DEF_IF_HOST'
   97 | __SM_80_RT_DECL__ int __reduce_add_sync(unsigned mask, int value) __DEF_IF_HOST
      |                                                                   ^~~~~~~~~~~~~
/usr/local/cuda/include/crt/sm_80_rt.h: In function 'int __reduce_min_sync(unsigned int, int)':
/usr/local/cuda/include/crt/sm_80_rt.h:84:25: warning: no return statement in function returning non-void [-Wreturn-type]
   84 | #define __DEF_IF_HOST { }
      |                         ^
/usr/local/cuda/include/crt/sm_80_rt.h:98:67: note: in expansion of macro '__DEF_IF_HOST'
   98 | __SM_80_RT_DECL__ int __reduce_min_sync(unsigned mask, int value) __DEF_IF_HOST
      |                                                                   ^~~~~~~~~~~~~
/usr/local/cuda/include/crt/sm_80_rt.h: In function 'int __reduce_max_sync(unsigned int, int)':
/usr/local/cuda/include/crt/sm_80_rt.h:84:25: warning: no return statement in function returning non-void [-Wreturn-type]
   84 | #define __DEF_IF_HOST { }
      |                         ^
/usr/local/cuda/include/crt/sm_80_rt.h:99:67: note: in expansion of macro '__DEF_IF_HOST'
   99 | __SM_80_RT_DECL__ int __reduce_max_sync(unsigned mask, int value) __DEF_IF_HOST
      |                                                                   ^~~~~~~~~~~~~
/usr/local/cuda/include/crt/sm_80_rt.h: In function 'unsigned int __reduce_and_sync(unsigned int, unsigned int)':
/usr/local/cuda/include/crt/sm_80_rt.h:84:25: warning: no return statement in function returning non-void [-Wreturn-type]
   84 | #define __DEF_IF_HOST { }
      |                         ^
/usr/local/cuda/include/crt/sm_80_rt.h:101:77: note: in expansion of macro '__DEF_IF_HOST'
  101 | __SM_80_RT_DECL__ unsigned __reduce_and_sync(unsigned mask, unsigned value) __DEF_IF_HOST
      |                                                                             ^~~~~~~~~~~~~
/usr/local/cuda/include/crt/sm_80_rt.h: In function 'unsigned int __reduce_or_sync(unsigned int, unsigned int)':
/usr/local/cuda/include/crt/sm_80_rt.h:84:25: warning: no return statement in function returning non-void [-Wreturn-type]
   84 | #define __DEF_IF_HOST { }
      |                         ^
/usr/local/cuda/include/crt/sm_80_rt.h:102:76: note: in expansion of macro '__DEF_IF_HOST'
  102 | __SM_80_RT_DECL__ unsigned __reduce_or_sync(unsigned mask, unsigned value) __DEF_IF_HOST
      |                                                                            ^~~~~~~~~~~~~
/usr/local/cuda/include/crt/sm_80_rt.h: In function 'unsigned int __reduce_xor_sync(unsigned int, unsigned int)':
/usr/local/cuda/include/crt/sm_80_rt.h:84:25: warning: no return statement in function returning non-void [-Wreturn-type]
   84 | #define __DEF_IF_HOST { }
      |                         ^
/usr/local/cuda/include/crt/sm_80_rt.h:103:77: note: in expansion of macro '__DEF_IF_HOST'
  103 | __SM_80_RT_DECL__ unsigned __reduce_xor_sync(unsigned mask, unsigned value) __DEF_IF_HOST
      |                                                                             ^~~~~~~~~~~~~
In file included from /usr/local/cuda/include/crt/device_functions.h:3628,
                 from /home/GVirtuS/GVirtuS/plugins/cudart/backend/CudaRtHandler.h:71,
                 from /home/GVirtuS/GVirtuS/plugins/cudart/backend/CudaRtHandler_stream.cpp:26:
/usr/local/cuda/include/crt/sm_90_rt.h: In function 'unsigned int __isCtaShared(const void*)':
/usr/local/cuda/include/crt/sm_90_rt.h:84:25: warning: no return statement in function returning non-void [-Wreturn-type]
   84 | #define __DEF_IF_HOST { }
      |                         ^
/usr/local/cuda/include/crt/sm_90_rt.h:89:59: note: in expansion of macro '__DEF_IF_HOST'
   89 | __SM_90_RT_DECL__ unsigned __isCtaShared(const void *ptr) __DEF_IF_HOST
      |                                                           ^~~~~~~~~~~~~
/usr/local/cuda/include/crt/sm_90_rt.h: In function 'unsigned int __isClusterShared(const void*)':
/usr/local/cuda/include/crt/sm_90_rt.h:84:25: warning: no return statement in function returning non-void [-Wreturn-type]
   84 | #define __DEF_IF_HOST { }
      |                         ^
/usr/local/cuda/include/crt/sm_90_rt.h:90:63: note: in expansion of macro '__DEF_IF_HOST'
   90 | __SM_90_RT_DECL__ unsigned __isClusterShared(const void *ptr) __DEF_IF_HOST
      |                                                               ^~~~~~~~~~~~~
/usr/local/cuda/include/crt/sm_90_rt.h: In function 'void* __cluster_map_shared_rank(const void*, unsigned int)':
/usr/local/cuda/include/crt/sm_90_rt.h:84:25: warning: no return statement in function returning non-void [-Wreturn-type]
   84 | #define __DEF_IF_HOST { }
      |                         ^
/usr/local/cuda/include/crt/sm_90_rt.h:91:97: note: in expansion of macro '__DEF_IF_HOST'
   91 | __SM_90_RT_DECL__ void *__cluster_map_shared_rank(const void *ptr, unsigned target_block_rank)  __DEF_IF_HOST
      |                                                                                                 ^~~~~~~~~~~~~
/usr/local/cuda/include/crt/sm_90_rt.h: In function 'unsigned int __cluster_query_shared_rank(const void*)':
/usr/local/cuda/include/crt/sm_90_rt.h:84:25: warning: no return statement in function returning non-void [-Wreturn-type]
   84 | #define __DEF_IF_HOST { }
      |                         ^
/usr/local/cuda/include/crt/sm_90_rt.h:92:73: note: in expansion of macro '__DEF_IF_HOST'
   92 | __SM_90_RT_DECL__ unsigned __cluster_query_shared_rank(const void *ptr) __DEF_IF_HOST
      |                                                                         ^~~~~~~~~~~~~
/usr/local/cuda/include/crt/sm_90_rt.h: In function 'uint2 __cluster_map_shared_multicast(const void*, unsigned int)':
/usr/local/cuda/include/crt/sm_90_rt.h:84:25: warning: no return statement in function returning non-void [-Wreturn-type]
   84 | #define __DEF_IF_HOST { }
      |                         ^
/usr/local/cuda/include/crt/sm_90_rt.h:93:100: note: in expansion of macro '__DEF_IF_HOST'
   93 | __SM_90_RT_DECL__ uint2 __cluster_map_shared_multicast(const void *ptr, unsigned cluster_cta_mask) __DEF_IF_HOST
      |                                                                                                    ^~~~~~~~~~~~~
/usr/local/cuda/include/crt/sm_90_rt.h: In function 'unsigned int __clusterDimIsSpecified()':
/usr/local/cuda/include/crt/sm_90_rt.h:84:25: warning: no return statement in function returning non-void [-Wreturn-type]
   84 | #define __DEF_IF_HOST { }
      |                         ^
/usr/local/cuda/include/crt/sm_90_rt.h:94:54: note: in expansion of macro '__DEF_IF_HOST'
   94 | __SM_90_RT_DECL__ unsigned __clusterDimIsSpecified() __DEF_IF_HOST
      |                                                      ^~~~~~~~~~~~~
/usr/local/cuda/include/crt/sm_90_rt.h: In function 'dim3 __clusterDim()':
/usr/local/cuda/include/crt/sm_90_rt.h:84:25: warning: no return statement in function returning non-void [-Wreturn-type]
   84 | #define __DEF_IF_HOST { }
      |                         ^
/usr/local/cuda/include/crt/sm_90_rt.h:95:39: note: in expansion of macro '__DEF_IF_HOST'
   95 | __SM_90_RT_DECL__ dim3 __clusterDim() __DEF_IF_HOST
      |                                       ^~~~~~~~~~~~~
/usr/local/cuda/include/crt/sm_90_rt.h: In function 'dim3 __clusterRelativeBlockIdx()':
/usr/local/cuda/include/crt/sm_90_rt.h:84:25: warning: no return statement in function returning non-void [-Wreturn-type]
   84 | #define __DEF_IF_HOST { }
      |                         ^
/usr/local/cuda/include/crt/sm_90_rt.h:96:52: note: in expansion of macro '__DEF_IF_HOST'
   96 | __SM_90_RT_DECL__ dim3 __clusterRelativeBlockIdx() __DEF_IF_HOST
      |                                                    ^~~~~~~~~~~~~
/usr/local/cuda/include/crt/sm_90_rt.h: In function 'dim3 __clusterGridDimInClusters()':
/usr/local/cuda/include/crt/sm_90_rt.h:84:25: warning: no return statement in function returning non-void [-Wreturn-type]
   84 | #define __DEF_IF_HOST { }
      |                         ^
/usr/local/cuda/include/crt/sm_90_rt.h:97:53: note: in expansion of macro '__DEF_IF_HOST'
   97 | __SM_90_RT_DECL__ dim3 __clusterGridDimInClusters() __DEF_IF_HOST
      |                                                     ^~~~~~~~~~~~~
/usr/local/cuda/include/crt/sm_90_rt.h: In function 'dim3 __clusterIdx()':
/usr/local/cuda/include/crt/sm_90_rt.h:84:25: warning: no return statement in function returning non-void [-Wreturn-type]
   84 | #define __DEF_IF_HOST { }
      |                         ^
/usr/local/cuda/include/crt/sm_90_rt.h:98:39: note: in expansion of macro '__DEF_IF_HOST'
   98 | __SM_90_RT_DECL__ dim3 __clusterIdx() __DEF_IF_HOST
      |                                       ^~~~~~~~~~~~~
/usr/local/cuda/include/crt/sm_90_rt.h: In function 'unsigned int __clusterRelativeBlockRank()':
/usr/local/cuda/include/crt/sm_90_rt.h:84:25: warning: no return statement in function returning non-void [-Wreturn-type]
   84 | #define __DEF_IF_HOST { }
      |                         ^
/usr/local/cuda/include/crt/sm_90_rt.h:99:57: note: in expansion of macro '__DEF_IF_HOST'
   99 | __SM_90_RT_DECL__ unsigned __clusterRelativeBlockRank() __DEF_IF_HOST
      |                                                         ^~~~~~~~~~~~~
/usr/local/cuda/include/crt/sm_90_rt.h: In function 'unsigned int __clusterSizeInBlocks()':
/usr/local/cuda/include/crt/sm_90_rt.h:84:25: warning: no return statement in function returning non-void [-Wreturn-type]
   84 | #define __DEF_IF_HOST { }
      |                         ^
/usr/local/cuda/include/crt/sm_90_rt.h:100:52: note: in expansion of macro '__DEF_IF_HOST'
  100 | __SM_90_RT_DECL__ unsigned __clusterSizeInBlocks() __DEF_IF_HOST
      |                                                    ^~~~~~~~~~~~~
/usr/local/cuda/include/crt/sm_90_rt.h: In function 'float2 atomicAdd(float2*, float2)':
/usr/local/cuda/include/crt/sm_90_rt.h:84:25: warning: no return statement in function returning non-void [-Wreturn-type]
   84 | #define __DEF_IF_HOST { }
      |                         ^
/usr/local/cuda/include/crt/sm_90_rt.h:106:65: note: in expansion of macro '__DEF_IF_HOST'
  106 | __SM_90_RT_DECL__ float2 atomicAdd(float2 *address, float2 val) __DEF_IF_HOST
      |                                                                 ^~~~~~~~~~~~~
/usr/local/cuda/include/crt/sm_90_rt.h: In function 'float2 atomicAdd_block(float2*, float2)':
/usr/local/cuda/include/crt/sm_90_rt.h:84:25: warning: no return statement in function returning non-void [-Wreturn-type]
   84 | #define __DEF_IF_HOST { }
      |                         ^
/usr/local/cuda/include/crt/sm_90_rt.h:107:71: note: in expansion of macro '__DEF_IF_HOST'
  107 | __SM_90_RT_DECL__ float2 atomicAdd_block(float2 *address, float2 val) __DEF_IF_HOST
      |                                                                       ^~~~~~~~~~~~~
/usr/local/cuda/include/crt/sm_90_rt.h: In function 'float2 atomicAdd_system(float2*, float2)':
/usr/local/cuda/include/crt/sm_90_rt.h:84:25: warning: no return statement in function returning non-void [-Wreturn-type]
   84 | #define __DEF_IF_HOST { }
      |                         ^
/usr/local/cuda/include/crt/sm_90_rt.h:108:72: note: in expansion of macro '__DEF_IF_HOST'
  108 | __SM_90_RT_DECL__ float2 atomicAdd_system(float2 *address, float2 val) __DEF_IF_HOST
      |                                                                        ^~~~~~~~~~~~~
/usr/local/cuda/include/crt/sm_90_rt.h: In function 'float4 atomicAdd(float4*, float4)':
/usr/local/cuda/include/crt/sm_90_rt.h:84:25: warning: no return statement in function returning non-void [-Wreturn-type]
   84 | #define __DEF_IF_HOST { }
      |                         ^
/usr/local/cuda/include/crt/sm_90_rt.h:109:65: note: in expansion of macro '__DEF_IF_HOST'
  109 | __SM_90_RT_DECL__ float4 atomicAdd(float4 *address, float4 val) __DEF_IF_HOST
      |                                                                 ^~~~~~~~~~~~~
/usr/local/cuda/include/crt/sm_90_rt.h: In function 'float4 atomicAdd_block(float4*, float4)':
/usr/local/cuda/include/crt/sm_90_rt.h:84:25: warning: no return statement in function returning non-void [-Wreturn-type]
   84 | #define __DEF_IF_HOST { }
      |                         ^
/usr/local/cuda/include/crt/sm_90_rt.h:110:71: note: in expansion of macro '__DEF_IF_HOST'
  110 | __SM_90_RT_DECL__ float4 atomicAdd_block(float4 *address, float4 val) __DEF_IF_HOST
      |                                                                       ^~~~~~~~~~~~~
/usr/local/cuda/include/crt/sm_90_rt.h: In function 'float4 atomicAdd_system(float4*, float4)':
/usr/local/cuda/include/crt/sm_90_rt.h:84:25: warning: no return statement in function returning non-void [-Wreturn-type]
   84 | #define __DEF_IF_HOST { }
      |                         ^
/usr/local/cuda/include/crt/sm_90_rt.h:111:72: note: in expansion of macro '__DEF_IF_HOST'
  111 | __SM_90_RT_DECL__ float4 atomicAdd_system(float4 *address, float4 val) __DEF_IF_HOST
      |                                                                        ^~~~~~~~~~~~~
[ 58%] Building CXX object plugins/cudart/CMakeFiles/gvirtus-plugin-cudart.dir/backend/CudaRtHandler_memory.cpp.o
In file included from /home/GVirtuS/GVirtuS/plugins/cudart/backend/CudaRtHandler.h:71,
                 from /home/GVirtuS/GVirtuS/plugins/cudart/backend/CudaRtHandler_memory.cpp:26:
/usr/local/cuda/include/crt/device_functions.h:54:2: warning: #warning "crt/device_functions.h is an internal header file and must not be used directly.  Please use cuda_runtime_api.h or cuda_runtime.h instead." [-Wcpp]
   54 | #warning "crt/device_functions.h is an internal header file and must not be used directly.  Please use cuda_runtime_api.h or cuda_runtime.h instead."
      |  ^~~~~~~
In file included from /usr/local/cuda/include/crt/device_functions.h:3615,
                 from /home/GVirtuS/GVirtuS/plugins/cudart/backend/CudaRtHandler.h:71,
                 from /home/GVirtuS/GVirtuS/plugins/cudart/backend/CudaRtHandler_memory.cpp:26:
/usr/local/cuda/include/device_atomic_functions.h: In function 'int atomicAdd(int*, int)':
/usr/local/cuda/include/device_atomic_functions.h:74:25: warning: no return statement in function returning non-void [-Wreturn-type]
   74 | #define __DEF_IF_HOST { }
      |                         ^
/usr/local/cuda/include/device_atomic_functions.h:86:71: note: in expansion of macro '__DEF_IF_HOST'
   86 | __DEVICE_ATOMIC_FUNCTIONS_DECL__ int atomicAdd(int *address, int val) __DEF_IF_HOST
      |                                                                       ^~~~~~~~~~~~~
/usr/local/cuda/include/device_atomic_functions.h: In function 'unsigned int atomicAdd(unsigned int*, unsigned int)':
/usr/local/cuda/include/device_atomic_functions.h:74:25: warning: no return statement in function returning non-void [-Wreturn-type]
   74 | #define __DEF_IF_HOST { }
      |                         ^
/usr/local/cuda/include/device_atomic_functions.h:88:98: note: in expansion of macro '__DEF_IF_HOST'
   88 | __DEVICE_ATOMIC_FUNCTIONS_DECL__ unsigned int atomicAdd(unsigned int *address, unsigned int val) __DEF_IF_HOST
      |                                                                                                  ^~~~~~~~~~~~~
/usr/local/cuda/include/device_atomic_functions.h: In function 'int atomicSub(int*, int)':
/usr/local/cuda/include/device_atomic_functions.h:74:25: warning: no return statement in function returning non-void [-Wreturn-type]
   74 | #define __DEF_IF_HOST { }
      |                         ^
/usr/local/cuda/include/device_atomic_functions.h:90:71: note: in expansion of macro '__DEF_IF_HOST'
   90 | __DEVICE_ATOMIC_FUNCTIONS_DECL__ int atomicSub(int *address, int val) __DEF_IF_HOST
      |                                                                       ^~~~~~~~~~~~~
/usr/local/cuda/include/device_atomic_functions.h: In function 'unsigned int atomicSub(unsigned int*, unsigned int)':
/usr/local/cuda/include/device_atomic_functions.h:74:25: warning: no return statement in function returning non-void [-Wreturn-type]
   74 | #define __DEF_IF_HOST { }
      |                         ^
/usr/local/cuda/include/device_atomic_functions.h:92:98: note: in expansion of macro '__DEF_IF_HOST'
   92 | __DEVICE_ATOMIC_FUNCTIONS_DECL__ unsigned int atomicSub(unsigned int *address, unsigned int val) __DEF_IF_HOST
      |                                                                                                  ^~~~~~~~~~~~~
/usr/local/cuda/include/device_atomic_functions.h: In function 'int atomicExch(int*, int)':
/usr/local/cuda/include/device_atomic_functions.h:74:25: warning: no return statement in function returning non-void [-Wreturn-type]
   74 | #define __DEF_IF_HOST { }
      |                         ^
/usr/local/cuda/include/device_atomic_functions.h:94:72: note: in expansion of macro '__DEF_IF_HOST'
   94 | __DEVICE_ATOMIC_FUNCTIONS_DECL__ int atomicExch(int *address, int val) __DEF_IF_HOST
      |                                                                        ^~~~~~~~~~~~~
/usr/local/cuda/include/device_atomic_functions.h: In function 'unsigned int atomicExch(unsigned int*, unsigned int)':
/usr/local/cuda/include/device_atomic_functions.h:74:25: warning: no return statement in function returning non-void [-Wreturn-type]
   74 | #define __DEF_IF_HOST { }
      |                         ^
/usr/local/cuda/include/device_atomic_functions.h:96:99: note: in expansion of macro '__DEF_IF_HOST'
   96 | __DEVICE_ATOMIC_FUNCTIONS_DECL__ unsigned int atomicExch(unsigned int *address, unsigned int val) __DEF_IF_HOST
      |                                                                                                   ^~~~~~~~~~~~~
/usr/local/cuda/include/device_atomic_functions.h: In function 'float atomicExch(float*, float)':
/usr/local/cuda/include/device_atomic_functions.h:74:25: warning: no return statement in function returning non-void [-Wreturn-type]
   74 | #define __DEF_IF_HOST { }
      |                         ^
/usr/local/cuda/include/device_atomic_functions.h:98:78: note: in expansion of macro '__DEF_IF_HOST'
   98 | __DEVICE_ATOMIC_FUNCTIONS_DECL__ float atomicExch(float *address, float val) __DEF_IF_HOST
      |                                                                              ^~~~~~~~~~~~~
/usr/local/cuda/include/device_atomic_functions.h: In function 'int atomicMin(int*, int)':
/usr/local/cuda/include/device_atomic_functions.h:74:25: warning: no return statement in function returning non-void [-Wreturn-type]
   74 | #define __DEF_IF_HOST { }
      |                         ^
/usr/local/cuda/include/device_atomic_functions.h:100:71: note: in expansion of macro '__DEF_IF_HOST'
  100 | __DEVICE_ATOMIC_FUNCTIONS_DECL__ int atomicMin(int *address, int val) __DEF_IF_HOST
      |                                                                       ^~~~~~~~~~~~~
/usr/local/cuda/include/device_atomic_functions.h: In function 'unsigned int atomicMin(unsigned int*, unsigned int)':
/usr/local/cuda/include/device_atomic_functions.h:74:25: warning: no return statement in function returning non-void [-Wreturn-type]
   74 | #define __DEF_IF_HOST { }
      |                         ^
/usr/local/cuda/include/device_atomic_functions.h:102:98: note: in expansion of macro '__DEF_IF_HOST'
  102 | __DEVICE_ATOMIC_FUNCTIONS_DECL__ unsigned int atomicMin(unsigned int *address, unsigned int val) __DEF_IF_HOST
      |                                                                                                  ^~~~~~~~~~~~~
/usr/local/cuda/include/device_atomic_functions.h: In function 'int atomicMax(int*, int)':
/usr/local/cuda/include/device_atomic_functions.h:74:25: warning: no return statement in function returning non-void [-Wreturn-type]
   74 | #define __DEF_IF_HOST { }
      |                         ^
/usr/local/cuda/include/device_atomic_functions.h:104:71: note: in expansion of macro '__DEF_IF_HOST'
  104 | __DEVICE_ATOMIC_FUNCTIONS_DECL__ int atomicMax(int *address, int val) __DEF_IF_HOST
      |                                                                       ^~~~~~~~~~~~~
/usr/local/cuda/include/device_atomic_functions.h: In function 'unsigned int atomicMax(unsigned int*, unsigned int)':
/usr/local/cuda/include/device_atomic_functions.h:74:25: warning: no return statement in function returning non-void [-Wreturn-type]
   74 | #define __DEF_IF_HOST { }
      |                         ^
/usr/local/cuda/include/device_atomic_functions.h:106:98: note: in expansion of macro '__DEF_IF_HOST'
  106 | __DEVICE_ATOMIC_FUNCTIONS_DECL__ unsigned int atomicMax(unsigned int *address, unsigned int val) __DEF_IF_HOST
      |                                                                                                  ^~~~~~~~~~~~~
/usr/local/cuda/include/device_atomic_functions.h: In function 'unsigned int atomicInc(unsigned int*, unsigned int)':
/usr/local/cuda/include/device_atomic_functions.h:74:25: warning: no return statement in function returning non-void [-Wreturn-type]
   74 | #define __DEF_IF_HOST { }
      |                         ^
/usr/local/cuda/include/device_atomic_functions.h:108:98: note: in expansion of macro '__DEF_IF_HOST'
  108 | __DEVICE_ATOMIC_FUNCTIONS_DECL__ unsigned int atomicInc(unsigned int *address, unsigned int val) __DEF_IF_HOST
      |                                                                                                  ^~~~~~~~~~~~~
/usr/local/cuda/include/device_atomic_functions.h: In function 'unsigned int atomicDec(unsigned int*, unsigned int)':
/usr/local/cuda/include/device_atomic_functions.h:74:25: warning: no return statement in function returning non-void [-Wreturn-type]
   74 | #define __DEF_IF_HOST { }
      |                         ^
/usr/local/cuda/include/device_atomic_functions.h:110:98: note: in expansion of macro '__DEF_IF_HOST'
  110 | __DEVICE_ATOMIC_FUNCTIONS_DECL__ unsigned int atomicDec(unsigned int *address, unsigned int val) __DEF_IF_HOST
      |                                                                                                  ^~~~~~~~~~~~~
/usr/local/cuda/include/device_atomic_functions.h: In function 'int atomicAnd(int*, int)':
/usr/local/cuda/include/device_atomic_functions.h:74:25: warning: no return statement in function returning non-void [-Wreturn-type]
   74 | #define __DEF_IF_HOST { }
      |                         ^
/usr/local/cuda/include/device_atomic_functions.h:112:71: note: in expansion of macro '__DEF_IF_HOST'
  112 | __DEVICE_ATOMIC_FUNCTIONS_DECL__ int atomicAnd(int *address, int val) __DEF_IF_HOST
      |                                                                       ^~~~~~~~~~~~~
/usr/local/cuda/include/device_atomic_functions.h: In function 'unsigned int atomicAnd(unsigned int*, unsigned int)':
/usr/local/cuda/include/device_atomic_functions.h:74:25: warning: no return statement in function returning non-void [-Wreturn-type]
   74 | #define __DEF_IF_HOST { }
      |                         ^
/usr/local/cuda/include/device_atomic_functions.h:114:98: note: in expansion of macro '__DEF_IF_HOST'
  114 | __DEVICE_ATOMIC_FUNCTIONS_DECL__ unsigned int atomicAnd(unsigned int *address, unsigned int val) __DEF_IF_HOST
      |                                                                                                  ^~~~~~~~~~~~~
/usr/local/cuda/include/device_atomic_functions.h: In function 'int atomicOr(int*, int)':
/usr/local/cuda/include/device_atomic_functions.h:74:25: warning: no return statement in function returning non-void [-Wreturn-type]
   74 | #define __DEF_IF_HOST { }
      |                         ^
/usr/local/cuda/include/device_atomic_functions.h:116:70: note: in expansion of macro '__DEF_IF_HOST'
  116 | __DEVICE_ATOMIC_FUNCTIONS_DECL__ int atomicOr(int *address, int val) __DEF_IF_HOST
      |                                                                      ^~~~~~~~~~~~~
/usr/local/cuda/include/device_atomic_functions.h: In function 'unsigned int atomicOr(unsigned int*, unsigned int)':
/usr/local/cuda/include/device_atomic_functions.h:74:25: warning: no return statement in function returning non-void [-Wreturn-type]
   74 | #define __DEF_IF_HOST { }
      |                         ^
/usr/local/cuda/include/device_atomic_functions.h:118:97: note: in expansion of macro '__DEF_IF_HOST'
  118 | __DEVICE_ATOMIC_FUNCTIONS_DECL__ unsigned int atomicOr(unsigned int *address, unsigned int val) __DEF_IF_HOST
      |                                                                                                 ^~~~~~~~~~~~~
/usr/local/cuda/include/device_atomic_functions.h: In function 'int atomicXor(int*, int)':
/usr/local/cuda/include/device_atomic_functions.h:74:25: warning: no return statement in function returning non-void [-Wreturn-type]
   74 | #define __DEF_IF_HOST { }
      |                         ^
/usr/local/cuda/include/device_atomic_functions.h:120:71: note: in expansion of macro '__DEF_IF_HOST'
  120 | __DEVICE_ATOMIC_FUNCTIONS_DECL__ int atomicXor(int *address, int val) __DEF_IF_HOST
      |                                                                       ^~~~~~~~~~~~~
/usr/local/cuda/include/device_atomic_functions.h: In function 'unsigned int atomicXor(unsigned int*, unsigned int)':
/usr/local/cuda/include/device_atomic_functions.h:74:25: warning: no return statement in function returning non-void [-Wreturn-type]
   74 | #define __DEF_IF_HOST { }
      |                         ^
/usr/local/cuda/include/device_atomic_functions.h:122:98: note: in expansion of macro '__DEF_IF_HOST'
  122 | __DEVICE_ATOMIC_FUNCTIONS_DECL__ unsigned int atomicXor(unsigned int *address, unsigned int val) __DEF_IF_HOST
      |                                                                                                  ^~~~~~~~~~~~~
/usr/local/cuda/include/device_atomic_functions.h: In function 'int atomicCAS(int*, int, int)':
/usr/local/cuda/include/device_atomic_functions.h:74:25: warning: no return statement in function returning non-void [-Wreturn-type]
   74 | #define __DEF_IF_HOST { }
      |                         ^
/usr/local/cuda/include/device_atomic_functions.h:124:84: note: in expansion of macro '__DEF_IF_HOST'
  124 | __DEVICE_ATOMIC_FUNCTIONS_DECL__ int atomicCAS(int *address, int compare, int val) __DEF_IF_HOST
      |                                                                                    ^~~~~~~~~~~~~
/usr/local/cuda/include/device_atomic_functions.h: In function 'unsigned int atomicCAS(unsigned int*, unsigned int, unsigned int)':
/usr/local/cuda/include/device_atomic_functions.h:74:25: warning: no return statement in function returning non-void [-Wreturn-type]
   74 | #define __DEF_IF_HOST { }
      |                         ^
/usr/local/cuda/include/device_atomic_functions.h:126:120: note: in expansion of macro '__DEF_IF_HOST'
  126 | __DEVICE_ATOMIC_FUNCTIONS_DECL__ unsigned int atomicCAS(unsigned int *address, unsigned int compare, unsigned int val) __DEF_IF_HOST
      |                                                                                                                        ^~~~~~~~~~~~~
/usr/local/cuda/include/device_atomic_functions.h: In function 'long long unsigned int atomicAdd(long long unsigned int*, long long unsigned int)':
/usr/local/cuda/include/device_atomic_functions.h:74:25: warning: no return statement in function returning non-void [-Wreturn-type]
   74 | #define __DEF_IF_HOST { }
      |                         ^
/usr/local/cuda/include/device_atomic_functions.h:166:128: note: in expansion of macro '__DEF_IF_HOST'
  166 | __DEVICE_ATOMIC_FUNCTIONS_DECL__ unsigned long long int atomicAdd(unsigned long long int *address, unsigned long long int val) __DEF_IF_HOST
      |                                                                                                                                ^~~~~~~~~~~~~
/usr/local/cuda/include/device_atomic_functions.h: In function 'long long unsigned int atomicExch(long long unsigned int*, long long unsigned int)':
/usr/local/cuda/include/device_atomic_functions.h:74:25: warning: no return statement in function returning non-void [-Wreturn-type]
   74 | #define __DEF_IF_HOST { }
      |                         ^
/usr/local/cuda/include/device_atomic_functions.h:168:129: note: in expansion of macro '__DEF_IF_HOST'
  168 | __DEVICE_ATOMIC_FUNCTIONS_DECL__ unsigned long long int atomicExch(unsigned long long int *address, unsigned long long int val) __DEF_IF_HOST
      |                                                                                                                                 ^~~~~~~~~~~~~
/usr/local/cuda/include/device_atomic_functions.h: In function 'long long unsigned int atomicCAS(long long unsigned int*, long long unsigned int, long long unsigned int)':
/usr/local/cuda/include/device_atomic_functions.h:74:25: warning: no return statement in function returning non-void [-Wreturn-type]
   74 | #define __DEF_IF_HOST { }
      |                         ^
/usr/local/cuda/include/device_atomic_functions.h:170:160: note: in expansion of macro '__DEF_IF_HOST'
  170 | __DEVICE_ATOMIC_FUNCTIONS_DECL__ unsigned long long int atomicCAS(unsigned long long int *address, unsigned long long int compare, unsigned long long int val) __DEF_IF_HOST
      |                                                                                                                                                                ^~~~~~~~~~~~~
/usr/local/cuda/include/device_atomic_functions.h: In function 'bool any(bool)':
/usr/local/cuda/include/device_atomic_functions.h:74:25: warning: no return statement in function returning non-void [-Wreturn-type]
   74 | #define __DEF_IF_HOST { }
      |                         ^
/usr/local/cuda/include/device_atomic_functions.h:172:103: note: in expansion of macro '__DEF_IF_HOST'
  172 | __DEVICE_ATOMIC_FUNCTIONS_DECL__ __DEPRECATED__(__WSB_DEPRECATION_MESSAGE(__any)) bool any(bool cond) __DEF_IF_HOST
      |                                                                                                       ^~~~~~~~~~~~~
/usr/local/cuda/include/device_atomic_functions.h: In function 'bool all(bool)':
/usr/local/cuda/include/device_atomic_functions.h:74:25: warning: no return statement in function returning non-void [-Wreturn-type]
   74 | #define __DEF_IF_HOST { }
      |                         ^
/usr/local/cuda/include/device_atomic_functions.h:174:103: note: in expansion of macro '__DEF_IF_HOST'
  174 | __DEVICE_ATOMIC_FUNCTIONS_DECL__ __DEPRECATED__(__WSB_DEPRECATION_MESSAGE(__all)) bool all(bool cond) __DEF_IF_HOST
      |                                                                                                       ^~~~~~~~~~~~~
In file included from /usr/local/cuda/include/crt/device_functions.h:3617,
                 from /home/GVirtuS/GVirtuS/plugins/cudart/backend/CudaRtHandler.h:71,
                 from /home/GVirtuS/GVirtuS/plugins/cudart/backend/CudaRtHandler_memory.cpp:26:
/usr/local/cuda/include/sm_20_atomic_functions.h: In function 'float atomicAdd(float*, float)':
/usr/local/cuda/include/sm_20_atomic_functions.h:79:25: warning: no return statement in function returning non-void [-Wreturn-type]
   79 | #define __DEF_IF_HOST { }
      |                         ^
/usr/local/cuda/include/sm_20_atomic_functions.h:96:76: note: in expansion of macro '__DEF_IF_HOST'
   96 | __SM_20_ATOMIC_FUNCTIONS_DECL__ float atomicAdd(float *address, float val) __DEF_IF_HOST
      |                                                                            ^~~~~~~~~~~~~
In file included from /usr/local/cuda/include/crt/device_functions.h:3618,
                 from /home/GVirtuS/GVirtuS/plugins/cudart/backend/CudaRtHandler.h:71,
                 from /home/GVirtuS/GVirtuS/plugins/cudart/backend/CudaRtHandler_memory.cpp:26:
/usr/local/cuda/include/sm_32_atomic_functions.h: In function 'long long int atomicMin(long long int*, long long int)':
/usr/local/cuda/include/sm_32_atomic_functions.h:72:25: warning: no return statement in function returning non-void [-Wreturn-type]
   72 | #define __DEF_IF_HOST { }
      |                         ^
/usr/local/cuda/include/sm_32_atomic_functions.h:89:88: note: in expansion of macro '__DEF_IF_HOST'
   89 | __SM_32_ATOMIC_FUNCTIONS_DECL__ long long atomicMin(long long *address, long long val) __DEF_IF_HOST
      |                                                                                        ^~~~~~~~~~~~~
/usr/local/cuda/include/sm_32_atomic_functions.h: In function 'long long int atomicMax(long long int*, long long int)':
/usr/local/cuda/include/sm_32_atomic_functions.h:72:25: warning: no return statement in function returning non-void [-Wreturn-type]
   72 | #define __DEF_IF_HOST { }
      |                         ^
/usr/local/cuda/include/sm_32_atomic_functions.h:91:88: note: in expansion of macro '__DEF_IF_HOST'
   91 | __SM_32_ATOMIC_FUNCTIONS_DECL__ long long atomicMax(long long *address, long long val) __DEF_IF_HOST
      |                                                                                        ^~~~~~~~~~~~~
/usr/local/cuda/include/sm_32_atomic_functions.h: In function 'long long int atomicAnd(long long int*, long long int)':
/usr/local/cuda/include/sm_32_atomic_functions.h:72:25: warning: no return statement in function returning non-void [-Wreturn-type]
   72 | #define __DEF_IF_HOST { }
      |                         ^
/usr/local/cuda/include/sm_32_atomic_functions.h:93:88: note: in expansion of macro '__DEF_IF_HOST'
   93 | __SM_32_ATOMIC_FUNCTIONS_DECL__ long long atomicAnd(long long *address, long long val) __DEF_IF_HOST
      |                                                                                        ^~~~~~~~~~~~~
/usr/local/cuda/include/sm_32_atomic_functions.h: In function 'long long int atomicOr(long long int*, long long int)':
/usr/local/cuda/include/sm_32_atomic_functions.h:72:25: warning: no return statement in function returning non-void [-Wreturn-type]
   72 | #define __DEF_IF_HOST { }
      |                         ^
/usr/local/cuda/include/sm_32_atomic_functions.h:95:87: note: in expansion of macro '__DEF_IF_HOST'
   95 | __SM_32_ATOMIC_FUNCTIONS_DECL__ long long atomicOr(long long *address, long long val) __DEF_IF_HOST
      |                                                                                       ^~~~~~~~~~~~~
/usr/local/cuda/include/sm_32_atomic_functions.h: In function 'long long int atomicXor(long long int*, long long int)':
/usr/local/cuda/include/sm_32_atomic_functions.h:72:25: warning: no return statement in function returning non-void [-Wreturn-type]
   72 | #define __DEF_IF_HOST { }
      |                         ^
/usr/local/cuda/include/sm_32_atomic_functions.h:97:88: note: in expansion of macro '__DEF_IF_HOST'
   97 | __SM_32_ATOMIC_FUNCTIONS_DECL__ long long atomicXor(long long *address, long long val) __DEF_IF_HOST
      |                                                                                        ^~~~~~~~~~~~~
/usr/local/cuda/include/sm_32_atomic_functions.h: In function 'long long unsigned int atomicMin(long long unsigned int*, long long unsigned int)':
/usr/local/cuda/include/sm_32_atomic_functions.h:72:25: warning: no return statement in function returning non-void [-Wreturn-type]
   72 | #define __DEF_IF_HOST { }
      |                         ^
/usr/local/cuda/include/sm_32_atomic_functions.h:99:115: note: in expansion of macro '__DEF_IF_HOST'
   99 | __SM_32_ATOMIC_FUNCTIONS_DECL__ unsigned long long atomicMin(unsigned long long *address, unsigned long long val) __DEF_IF_HOST
      |                                                                                                                   ^~~~~~~~~~~~~
/usr/local/cuda/include/sm_32_atomic_functions.h: In function 'long long unsigned int atomicMax(long long unsigned int*, long long unsigned int)':
/usr/local/cuda/include/sm_32_atomic_functions.h:72:25: warning: no return statement in function returning non-void [-Wreturn-type]
   72 | #define __DEF_IF_HOST { }
      |                         ^
/usr/local/cuda/include/sm_32_atomic_functions.h:101:115: note: in expansion of macro '__DEF_IF_HOST'
  101 | __SM_32_ATOMIC_FUNCTIONS_DECL__ unsigned long long atomicMax(unsigned long long *address, unsigned long long val) __DEF_IF_HOST
      |                                                                                                                   ^~~~~~~~~~~~~
/usr/local/cuda/include/sm_32_atomic_functions.h: In function 'long long unsigned int atomicAnd(long long unsigned int*, long long unsigned int)':
/usr/local/cuda/include/sm_32_atomic_functions.h:72:25: warning: no return statement in function returning non-void [-Wreturn-type]
   72 | #define __DEF_IF_HOST { }
      |                         ^
/usr/local/cuda/include/sm_32_atomic_functions.h:103:115: note: in expansion of macro '__DEF_IF_HOST'
  103 | __SM_32_ATOMIC_FUNCTIONS_DECL__ unsigned long long atomicAnd(unsigned long long *address, unsigned long long val) __DEF_IF_HOST
      |                                                                                                                   ^~~~~~~~~~~~~
/usr/local/cuda/include/sm_32_atomic_functions.h: In function 'long long unsigned int atomicOr(long long unsigned int*, long long unsigned int)':
/usr/local/cuda/include/sm_32_atomic_functions.h:72:25: warning: no return statement in function returning non-void [-Wreturn-type]
   72 | #define __DEF_IF_HOST { }
      |                         ^
/usr/local/cuda/include/sm_32_atomic_functions.h:105:114: note: in expansion of macro '__DEF_IF_HOST'
  105 | __SM_32_ATOMIC_FUNCTIONS_DECL__ unsigned long long atomicOr(unsigned long long *address, unsigned long long val) __DEF_IF_HOST
      |                                                                                                                  ^~~~~~~~~~~~~
/usr/local/cuda/include/sm_32_atomic_functions.h: In function 'long long unsigned int atomicXor(long long unsigned int*, long long unsigned int)':
/usr/local/cuda/include/sm_32_atomic_functions.h:72:25: warning: no return statement in function returning non-void [-Wreturn-type]
   72 | #define __DEF_IF_HOST { }
      |                         ^
/usr/local/cuda/include/sm_32_atomic_functions.h:107:115: note: in expansion of macro '__DEF_IF_HOST'
  107 | __SM_32_ATOMIC_FUNCTIONS_DECL__ unsigned long long atomicXor(unsigned long long *address, unsigned long long val) __DEF_IF_HOST
      |                                                                                                                   ^~~~~~~~~~~~~
In file included from /usr/local/cuda/include/crt/device_functions.h:3620,
                 from /home/GVirtuS/GVirtuS/plugins/cudart/backend/CudaRtHandler.h:71,
                 from /home/GVirtuS/GVirtuS/plugins/cudart/backend/CudaRtHandler_memory.cpp:26:
/usr/local/cuda/include/sm_60_atomic_functions.h: In function 'double atomicAdd(double*, double)':
/usr/local/cuda/include/sm_60_atomic_functions.h:77:25: warning: no return statement in function returning non-void [-Wreturn-type]
   77 | #define __DEF_IF_HOST { }
      |                         ^
/usr/local/cuda/include/sm_60_atomic_functions.h:90:79: note: in expansion of macro '__DEF_IF_HOST'
   90 | __SM_60_ATOMIC_FUNCTIONS_DECL__ double atomicAdd(double *address, double val) __DEF_IF_HOST
      |                                                                               ^~~~~~~~~~~~~
/usr/local/cuda/include/sm_60_atomic_functions.h: In function 'int atomicAdd_block(int*, int)':
/usr/local/cuda/include/sm_60_atomic_functions.h:77:25: warning: no return statement in function returning non-void [-Wreturn-type]
   77 | #define __DEF_IF_HOST { }
      |                         ^
/usr/local/cuda/include/sm_60_atomic_functions.h:93:44: note: in expansion of macro '__DEF_IF_HOST'
   93 | int atomicAdd_block(int *address, int val) __DEF_IF_HOST
      |                                            ^~~~~~~~~~~~~
/usr/local/cuda/include/sm_60_atomic_functions.h: In function 'int atomicAdd_system(int*, int)':
/usr/local/cuda/include/sm_60_atomic_functions.h:77:25: warning: no return statement in function returning non-void [-Wreturn-type]
   77 | #define __DEF_IF_HOST { }
      |                         ^
/usr/local/cuda/include/sm_60_atomic_functions.h:96:45: note: in expansion of macro '__DEF_IF_HOST'
   96 | int atomicAdd_system(int *address, int val) __DEF_IF_HOST
      |                                             ^~~~~~~~~~~~~
/usr/local/cuda/include/sm_60_atomic_functions.h: In function 'unsigned int atomicAdd_block(unsigned int*, unsigned int)':
/usr/local/cuda/include/sm_60_atomic_functions.h:77:25: warning: no return statement in function returning non-void [-Wreturn-type]
   77 | #define __DEF_IF_HOST { }
      |                         ^
/usr/local/cuda/include/sm_60_atomic_functions.h:99:71: note: in expansion of macro '__DEF_IF_HOST'
   99 | unsigned int atomicAdd_block(unsigned int *address, unsigned int val) __DEF_IF_HOST
      |                                                                       ^~~~~~~~~~~~~
/usr/local/cuda/include/sm_60_atomic_functions.h: In function 'unsigned int atomicAdd_system(unsigned int*, unsigned int)':
/usr/local/cuda/include/sm_60_atomic_functions.h:77:25: warning: no return statement in function returning non-void [-Wreturn-type]
   77 | #define __DEF_IF_HOST { }
      |                         ^
/usr/local/cuda/include/sm_60_atomic_functions.h:102:72: note: in expansion of macro '__DEF_IF_HOST'
  102 | unsigned int atomicAdd_system(unsigned int *address, unsigned int val) __DEF_IF_HOST
      |                                                                        ^~~~~~~~~~~~~
/usr/local/cuda/include/sm_60_atomic_functions.h: In function 'long long unsigned int atomicAdd_block(long long unsigned int*, long long unsigned int)':
/usr/local/cuda/include/sm_60_atomic_functions.h:77:25: warning: no return statement in function returning non-void [-Wreturn-type]
   77 | #define __DEF_IF_HOST { }
      |                         ^
/usr/local/cuda/include/sm_60_atomic_functions.h:105:89: note: in expansion of macro '__DEF_IF_HOST'
  105 | unsigned long long atomicAdd_block(unsigned long long *address, unsigned long long val) __DEF_IF_HOST
      |                                                                                         ^~~~~~~~~~~~~
/usr/local/cuda/include/sm_60_atomic_functions.h: In function 'long long unsigned int atomicAdd_system(long long unsigned int*, long long unsigned int)':
/usr/local/cuda/include/sm_60_atomic_functions.h:77:25: warning: no return statement in function returning non-void [-Wreturn-type]
   77 | #define __DEF_IF_HOST { }
      |                         ^
/usr/local/cuda/include/sm_60_atomic_functions.h:108:90: note: in expansion of macro '__DEF_IF_HOST'
  108 | unsigned long long atomicAdd_system(unsigned long long *address, unsigned long long val) __DEF_IF_HOST
      |                                                                                          ^~~~~~~~~~~~~
/usr/local/cuda/include/sm_60_atomic_functions.h: In function 'float atomicAdd_block(float*, float)':
/usr/local/cuda/include/sm_60_atomic_functions.h:77:25: warning: no return statement in function returning non-void [-Wreturn-type]
   77 | #define __DEF_IF_HOST { }
      |                         ^
/usr/local/cuda/include/sm_60_atomic_functions.h:111:50: note: in expansion of macro '__DEF_IF_HOST'
  111 | float atomicAdd_block(float *address, float val) __DEF_IF_HOST
      |                                                  ^~~~~~~~~~~~~
/usr/local/cuda/include/sm_60_atomic_functions.h: In function 'float atomicAdd_system(float*, float)':
/usr/local/cuda/include/sm_60_atomic_functions.h:77:25: warning: no return statement in function returning non-void [-Wreturn-type]
   77 | #define __DEF_IF_HOST { }
      |                         ^
/usr/local/cuda/include/sm_60_atomic_functions.h:114:51: note: in expansion of macro '__DEF_IF_HOST'
  114 | float atomicAdd_system(float *address, float val) __DEF_IF_HOST
      |                                                   ^~~~~~~~~~~~~
/usr/local/cuda/include/sm_60_atomic_functions.h: In function 'double atomicAdd_block(double*, double)':
/usr/local/cuda/include/sm_60_atomic_functions.h:77:25: warning: no return statement in function returning non-void [-Wreturn-type]
   77 | #define __DEF_IF_HOST { }
      |                         ^
/usr/local/cuda/include/sm_60_atomic_functions.h:117:53: note: in expansion of macro '__DEF_IF_HOST'
  117 | double atomicAdd_block(double *address, double val) __DEF_IF_HOST
      |                                                     ^~~~~~~~~~~~~
/usr/local/cuda/include/sm_60_atomic_functions.h: In function 'double atomicAdd_system(double*, double)':
/usr/local/cuda/include/sm_60_atomic_functions.h:77:25: warning: no return statement in function returning non-void [-Wreturn-type]
   77 | #define __DEF_IF_HOST { }
      |                         ^
/usr/local/cuda/include/sm_60_atomic_functions.h:120:54: note: in expansion of macro '__DEF_IF_HOST'
  120 | double atomicAdd_system(double *address, double val) __DEF_IF_HOST
      |                                                      ^~~~~~~~~~~~~
/usr/local/cuda/include/sm_60_atomic_functions.h: In function 'int atomicSub_block(int*, int)':
/usr/local/cuda/include/sm_60_atomic_functions.h:77:25: warning: no return statement in function returning non-void [-Wreturn-type]
   77 | #define __DEF_IF_HOST { }
      |                         ^
/usr/local/cuda/include/sm_60_atomic_functions.h:123:44: note: in expansion of macro '__DEF_IF_HOST'
  123 | int atomicSub_block(int *address, int val) __DEF_IF_HOST
      |                                            ^~~~~~~~~~~~~
/usr/local/cuda/include/sm_60_atomic_functions.h: In function 'int atomicSub_system(int*, int)':
/usr/local/cuda/include/sm_60_atomic_functions.h:77:25: warning: no return statement in function returning non-void [-Wreturn-type]
   77 | #define __DEF_IF_HOST { }
      |                         ^
/usr/local/cuda/include/sm_60_atomic_functions.h:126:45: note: in expansion of macro '__DEF_IF_HOST'
  126 | int atomicSub_system(int *address, int val) __DEF_IF_HOST
      |                                             ^~~~~~~~~~~~~
/usr/local/cuda/include/sm_60_atomic_functions.h: In function 'unsigned int atomicSub_block(unsigned int*, unsigned int)':
/usr/local/cuda/include/sm_60_atomic_functions.h:77:25: warning: no return statement in function returning non-void [-Wreturn-type]
   77 | #define __DEF_IF_HOST { }
      |                         ^
/usr/local/cuda/include/sm_60_atomic_functions.h:129:71: note: in expansion of macro '__DEF_IF_HOST'
  129 | unsigned int atomicSub_block(unsigned int *address, unsigned int val) __DEF_IF_HOST
      |                                                                       ^~~~~~~~~~~~~
/usr/local/cuda/include/sm_60_atomic_functions.h: In function 'unsigned int atomicSub_system(unsigned int*, unsigned int)':
/usr/local/cuda/include/sm_60_atomic_functions.h:77:25: warning: no return statement in function returning non-void [-Wreturn-type]
   77 | #define __DEF_IF_HOST { }
      |                         ^
/usr/local/cuda/include/sm_60_atomic_functions.h:132:72: note: in expansion of macro '__DEF_IF_HOST'
  132 | unsigned int atomicSub_system(unsigned int *address, unsigned int val) __DEF_IF_HOST
      |                                                                        ^~~~~~~~~~~~~
/usr/local/cuda/include/sm_60_atomic_functions.h: In function 'int atomicExch_block(int*, int)':
/usr/local/cuda/include/sm_60_atomic_functions.h:77:25: warning: no return statement in function returning non-void [-Wreturn-type]
   77 | #define __DEF_IF_HOST { }
      |                         ^
/usr/local/cuda/include/sm_60_atomic_functions.h:135:45: note: in expansion of macro '__DEF_IF_HOST'
  135 | int atomicExch_block(int *address, int val) __DEF_IF_HOST
      |                                             ^~~~~~~~~~~~~
/usr/local/cuda/include/sm_60_atomic_functions.h: In function 'int atomicExch_system(int*, int)':
/usr/local/cuda/include/sm_60_atomic_functions.h:77:25: warning: no return statement in function returning non-void [-Wreturn-type]
   77 | #define __DEF_IF_HOST { }
      |                         ^
/usr/local/cuda/include/sm_60_atomic_functions.h:138:46: note: in expansion of macro '__DEF_IF_HOST'
  138 | int atomicExch_system(int *address, int val) __DEF_IF_HOST
      |                                              ^~~~~~~~~~~~~
/usr/local/cuda/include/sm_60_atomic_functions.h: In function 'unsigned int atomicExch_block(unsigned int*, unsigned int)':
/usr/local/cuda/include/sm_60_atomic_functions.h:77:25: warning: no return statement in function returning non-void [-Wreturn-type]
   77 | #define __DEF_IF_HOST { }
      |                         ^
/usr/local/cuda/include/sm_60_atomic_functions.h:141:72: note: in expansion of macro '__DEF_IF_HOST'
  141 | unsigned int atomicExch_block(unsigned int *address, unsigned int val) __DEF_IF_HOST
      |                                                                        ^~~~~~~~~~~~~
/usr/local/cuda/include/sm_60_atomic_functions.h: In function 'unsigned int atomicExch_system(unsigned int*, unsigned int)':
/usr/local/cuda/include/sm_60_atomic_functions.h:77:25: warning: no return statement in function returning non-void [-Wreturn-type]
   77 | #define __DEF_IF_HOST { }
      |                         ^
/usr/local/cuda/include/sm_60_atomic_functions.h:144:73: note: in expansion of macro '__DEF_IF_HOST'
  144 | unsigned int atomicExch_system(unsigned int *address, unsigned int val) __DEF_IF_HOST
      |                                                                         ^~~~~~~~~~~~~
/usr/local/cuda/include/sm_60_atomic_functions.h: In function 'long long unsigned int atomicExch_block(long long unsigned int*, long long unsigned int)':
/usr/local/cuda/include/sm_60_atomic_functions.h:77:25: warning: no return statement in function returning non-void [-Wreturn-type]
   77 | #define __DEF_IF_HOST { }
      |                         ^
/usr/local/cuda/include/sm_60_atomic_functions.h:147:90: note: in expansion of macro '__DEF_IF_HOST'
  147 | unsigned long long atomicExch_block(unsigned long long *address, unsigned long long val) __DEF_IF_HOST
      |                                                                                          ^~~~~~~~~~~~~
/usr/local/cuda/include/sm_60_atomic_functions.h: In function 'long long unsigned int atomicExch_system(long long unsigned int*, long long unsigned int)':
/usr/local/cuda/include/sm_60_atomic_functions.h:77:25: warning: no return statement in function returning non-void [-Wreturn-type]
   77 | #define __DEF_IF_HOST { }
      |                         ^
/usr/local/cuda/include/sm_60_atomic_functions.h:150:91: note: in expansion of macro '__DEF_IF_HOST'
  150 | unsigned long long atomicExch_system(unsigned long long *address, unsigned long long val) __DEF_IF_HOST
      |                                                                                           ^~~~~~~~~~~~~
/usr/local/cuda/include/sm_60_atomic_functions.h: In function 'float atomicExch_block(float*, float)':
/usr/local/cuda/include/sm_60_atomic_functions.h:77:25: warning: no return statement in function returning non-void [-Wreturn-type]
   77 | #define __DEF_IF_HOST { }
      |                         ^
/usr/local/cuda/include/sm_60_atomic_functions.h:153:51: note: in expansion of macro '__DEF_IF_HOST'
  153 | float atomicExch_block(float *address, float val) __DEF_IF_HOST
      |                                                   ^~~~~~~~~~~~~
/usr/local/cuda/include/sm_60_atomic_functions.h: In function 'float atomicExch_system(float*, float)':
/usr/local/cuda/include/sm_60_atomic_functions.h:77:25: warning: no return statement in function returning non-void [-Wreturn-type]
   77 | #define __DEF_IF_HOST { }
      |                         ^
/usr/local/cuda/include/sm_60_atomic_functions.h:156:52: note: in expansion of macro '__DEF_IF_HOST'
  156 | float atomicExch_system(float *address, float val) __DEF_IF_HOST
      |                                                    ^~~~~~~~~~~~~
/usr/local/cuda/include/sm_60_atomic_functions.h: In function 'int atomicMin_block(int*, int)':
/usr/local/cuda/include/sm_60_atomic_functions.h:77:25: warning: no return statement in function returning non-void [-Wreturn-type]
   77 | #define __DEF_IF_HOST { }
      |                         ^
/usr/local/cuda/include/sm_60_atomic_functions.h:159:44: note: in expansion of macro '__DEF_IF_HOST'
  159 | int atomicMin_block(int *address, int val) __DEF_IF_HOST
      |                                            ^~~~~~~~~~~~~
/usr/local/cuda/include/sm_60_atomic_functions.h: In function 'int atomicMin_system(int*, int)':
/usr/local/cuda/include/sm_60_atomic_functions.h:77:25: warning: no return statement in function returning non-void [-Wreturn-type]
   77 | #define __DEF_IF_HOST { }
      |                         ^
/usr/local/cuda/include/sm_60_atomic_functions.h:162:45: note: in expansion of macro '__DEF_IF_HOST'
  162 | int atomicMin_system(int *address, int val) __DEF_IF_HOST
      |                                             ^~~~~~~~~~~~~
/usr/local/cuda/include/sm_60_atomic_functions.h: In function 'long long int atomicMin_block(long long int*, long long int)':
/usr/local/cuda/include/sm_60_atomic_functions.h:77:25: warning: no return statement in function returning non-void [-Wreturn-type]
   77 | #define __DEF_IF_HOST { }
      |                         ^
/usr/local/cuda/include/sm_60_atomic_functions.h:165:62: note: in expansion of macro '__DEF_IF_HOST'
  165 | long long atomicMin_block(long long *address, long long val) __DEF_IF_HOST
      |                                                              ^~~~~~~~~~~~~
/usr/local/cuda/include/sm_60_atomic_functions.h: In function 'long long int atomicMin_system(long long int*, long long int)':
/usr/local/cuda/include/sm_60_atomic_functions.h:77:25: warning: no return statement in function returning non-void [-Wreturn-type]
   77 | #define __DEF_IF_HOST { }
      |                         ^
/usr/local/cuda/include/sm_60_atomic_functions.h:168:63: note: in expansion of macro '__DEF_IF_HOST'
  168 | long long atomicMin_system(long long *address, long long val) __DEF_IF_HOST
      |                                                               ^~~~~~~~~~~~~
/usr/local/cuda/include/sm_60_atomic_functions.h: In function 'unsigned int atomicMin_block(unsigned int*, unsigned int)':
/usr/local/cuda/include/sm_60_atomic_functions.h:77:25: warning: no return statement in function returning non-void [-Wreturn-type]
   77 | #define __DEF_IF_HOST { }
      |                         ^
/usr/local/cuda/include/sm_60_atomic_functions.h:171:71: note: in expansion of macro '__DEF_IF_HOST'
  171 | unsigned int atomicMin_block(unsigned int *address, unsigned int val) __DEF_IF_HOST
      |                                                                       ^~~~~~~~~~~~~
/usr/local/cuda/include/sm_60_atomic_functions.h: In function 'unsigned int atomicMin_system(unsigned int*, unsigned int)':
/usr/local/cuda/include/sm_60_atomic_functions.h:77:25: warning: no return statement in function returning non-void [-Wreturn-type]
   77 | #define __DEF_IF_HOST { }
      |                         ^
/usr/local/cuda/include/sm_60_atomic_functions.h:174:72: note: in expansion of macro '__DEF_IF_HOST'
  174 | unsigned int atomicMin_system(unsigned int *address, unsigned int val) __DEF_IF_HOST
      |                                                                        ^~~~~~~~~~~~~
/usr/local/cuda/include/sm_60_atomic_functions.h: In function 'long long unsigned int atomicMin_block(long long unsigned int*, long long unsigned int)':
/usr/local/cuda/include/sm_60_atomic_functions.h:77:25: warning: no return statement in function returning non-void [-Wreturn-type]
   77 | #define __DEF_IF_HOST { }
      |                         ^
/usr/local/cuda/include/sm_60_atomic_functions.h:177:89: note: in expansion of macro '__DEF_IF_HOST'
  177 | unsigned long long atomicMin_block(unsigned long long *address, unsigned long long val) __DEF_IF_HOST
      |                                                                                         ^~~~~~~~~~~~~
/usr/local/cuda/include/sm_60_atomic_functions.h: In function 'long long unsigned int atomicMin_system(long long unsigned int*, long long unsigned int)':
/usr/local/cuda/include/sm_60_atomic_functions.h:77:25: warning: no return statement in function returning non-void [-Wreturn-type]
   77 | #define __DEF_IF_HOST { }
      |                         ^
/usr/local/cuda/include/sm_60_atomic_functions.h:180:90: note: in expansion of macro '__DEF_IF_HOST'
  180 | unsigned long long atomicMin_system(unsigned long long *address, unsigned long long val) __DEF_IF_HOST
      |                                                                                          ^~~~~~~~~~~~~
/usr/local/cuda/include/sm_60_atomic_functions.h: In function 'int atomicMax_block(int*, int)':
/usr/local/cuda/include/sm_60_atomic_functions.h:77:25: warning: no return statement in function returning non-void [-Wreturn-type]
   77 | #define __DEF_IF_HOST { }
      |                         ^
/usr/local/cuda/include/sm_60_atomic_functions.h:183:44: note: in expansion of macro '__DEF_IF_HOST'
  183 | int atomicMax_block(int *address, int val) __DEF_IF_HOST
      |                                            ^~~~~~~~~~~~~
/usr/local/cuda/include/sm_60_atomic_functions.h: In function 'int atomicMax_system(int*, int)':
/usr/local/cuda/include/sm_60_atomic_functions.h:77:25: warning: no return statement in function returning non-void [-Wreturn-type]
   77 | #define __DEF_IF_HOST { }
      |                         ^
/usr/local/cuda/include/sm_60_atomic_functions.h:186:45: note: in expansion of macro '__DEF_IF_HOST'
  186 | int atomicMax_system(int *address, int val) __DEF_IF_HOST
      |                                             ^~~~~~~~~~~~~
/usr/local/cuda/include/sm_60_atomic_functions.h: In function 'long long int atomicMax_block(long long int*, long long int)':
/usr/local/cuda/include/sm_60_atomic_functions.h:77:25: warning: no return statement in function returning non-void [-Wreturn-type]
   77 | #define __DEF_IF_HOST { }
      |                         ^
/usr/local/cuda/include/sm_60_atomic_functions.h:189:62: note: in expansion of macro '__DEF_IF_HOST'
  189 | long long atomicMax_block(long long *address, long long val) __DEF_IF_HOST
      |                                                              ^~~~~~~~~~~~~
/usr/local/cuda/include/sm_60_atomic_functions.h: In function 'long long int atomicMax_system(long long int*, long long int)':
/usr/local/cuda/include/sm_60_atomic_functions.h:77:25: warning: no return statement in function returning non-void [-Wreturn-type]
   77 | #define __DEF_IF_HOST { }
      |                         ^
/usr/local/cuda/include/sm_60_atomic_functions.h:192:63: note: in expansion of macro '__DEF_IF_HOST'
  192 | long long atomicMax_system(long long *address, long long val) __DEF_IF_HOST
      |                                                               ^~~~~~~~~~~~~
/usr/local/cuda/include/sm_60_atomic_functions.h: In function 'unsigned int atomicMax_block(unsigned int*, unsigned int)':
/usr/local/cuda/include/sm_60_atomic_functions.h:77:25: warning: no return statement in function returning non-void [-Wreturn-type]
   77 | #define __DEF_IF_HOST { }
      |                         ^
/usr/local/cuda/include/sm_60_atomic_functions.h:195:71: note: in expansion of macro '__DEF_IF_HOST'
  195 | unsigned int atomicMax_block(unsigned int *address, unsigned int val) __DEF_IF_HOST
      |                                                                       ^~~~~~~~~~~~~
/usr/local/cuda/include/sm_60_atomic_functions.h: In function 'unsigned int atomicMax_system(unsigned int*, unsigned int)':
/usr/local/cuda/include/sm_60_atomic_functions.h:77:25: warning: no return statement in function returning non-void [-Wreturn-type]
   77 | #define __DEF_IF_HOST { }
      |                         ^
/usr/local/cuda/include/sm_60_atomic_functions.h:198:72: note: in expansion of macro '__DEF_IF_HOST'
  198 | unsigned int atomicMax_system(unsigned int *address, unsigned int val) __DEF_IF_HOST
      |                                                                        ^~~~~~~~~~~~~
/usr/local/cuda/include/sm_60_atomic_functions.h: In function 'long long unsigned int atomicMax_block(long long unsigned int*, long long unsigned int)':
/usr/local/cuda/include/sm_60_atomic_functions.h:77:25: warning: no return statement in function returning non-void [-Wreturn-type]
   77 | #define __DEF_IF_HOST { }
      |                         ^
/usr/local/cuda/include/sm_60_atomic_functions.h:201:89: note: in expansion of macro '__DEF_IF_HOST'
  201 | unsigned long long atomicMax_block(unsigned long long *address, unsigned long long val) __DEF_IF_HOST
      |                                                                                         ^~~~~~~~~~~~~
/usr/local/cuda/include/sm_60_atomic_functions.h: In function 'long long unsigned int atomicMax_system(long long unsigned int*, long long unsigned int)':
/usr/local/cuda/include/sm_60_atomic_functions.h:77:25: warning: no return statement in function returning non-void [-Wreturn-type]
   77 | #define __DEF_IF_HOST { }
      |                         ^
/usr/local/cuda/include/sm_60_atomic_functions.h:204:90: note: in expansion of macro '__DEF_IF_HOST'
  204 | unsigned long long atomicMax_system(unsigned long long *address, unsigned long long val) __DEF_IF_HOST
      |                                                                                          ^~~~~~~~~~~~~
/usr/local/cuda/include/sm_60_atomic_functions.h: In function 'unsigned int atomicInc_block(unsigned int*, unsigned int)':
/usr/local/cuda/include/sm_60_atomic_functions.h:77:25: warning: no return statement in function returning non-void [-Wreturn-type]
   77 | #define __DEF_IF_HOST { }
      |                         ^
/usr/local/cuda/include/sm_60_atomic_functions.h:207:71: note: in expansion of macro '__DEF_IF_HOST'
  207 | unsigned int atomicInc_block(unsigned int *address, unsigned int val) __DEF_IF_HOST
      |                                                                       ^~~~~~~~~~~~~
/usr/local/cuda/include/sm_60_atomic_functions.h: In function 'unsigned int atomicInc_system(unsigned int*, unsigned int)':
/usr/local/cuda/include/sm_60_atomic_functions.h:77:25: warning: no return statement in function returning non-void [-Wreturn-type]
   77 | #define __DEF_IF_HOST { }
      |                         ^
/usr/local/cuda/include/sm_60_atomic_functions.h:210:72: note: in expansion of macro '__DEF_IF_HOST'
  210 | unsigned int atomicInc_system(unsigned int *address, unsigned int val) __DEF_IF_HOST
      |                                                                        ^~~~~~~~~~~~~
/usr/local/cuda/include/sm_60_atomic_functions.h: In function 'unsigned int atomicDec_block(unsigned int*, unsigned int)':
/usr/local/cuda/include/sm_60_atomic_functions.h:77:25: warning: no return statement in function returning non-void [-Wreturn-type]
   77 | #define __DEF_IF_HOST { }
      |                         ^
/usr/local/cuda/include/sm_60_atomic_functions.h:213:71: note: in expansion of macro '__DEF_IF_HOST'
  213 | unsigned int atomicDec_block(unsigned int *address, unsigned int val) __DEF_IF_HOST
      |                                                                       ^~~~~~~~~~~~~
/usr/local/cuda/include/sm_60_atomic_functions.h: In function 'unsigned int atomicDec_system(unsigned int*, unsigned int)':
/usr/local/cuda/include/sm_60_atomic_functions.h:77:25: warning: no return statement in function returning non-void [-Wreturn-type]
   77 | #define __DEF_IF_HOST { }
      |                         ^
/usr/local/cuda/include/sm_60_atomic_functions.h:216:72: note: in expansion of macro '__DEF_IF_HOST'
  216 | unsigned int atomicDec_system(unsigned int *address, unsigned int val) __DEF_IF_HOST
      |                                                                        ^~~~~~~~~~~~~
/usr/local/cuda/include/sm_60_atomic_functions.h: In function 'int atomicCAS_block(int*, int, int)':
/usr/local/cuda/include/sm_60_atomic_functions.h:77:25: warning: no return statement in function returning non-void [-Wreturn-type]
   77 | #define __DEF_IF_HOST { }
      |                         ^
/usr/local/cuda/include/sm_60_atomic_functions.h:219:57: note: in expansion of macro '__DEF_IF_HOST'
  219 | int atomicCAS_block(int *address, int compare, int val) __DEF_IF_HOST
      |                                                         ^~~~~~~~~~~~~
/usr/local/cuda/include/sm_60_atomic_functions.h: In function 'int atomicCAS_system(int*, int, int)':
/usr/local/cuda/include/sm_60_atomic_functions.h:77:25: warning: no return statement in function returning non-void [-Wreturn-type]
   77 | #define __DEF_IF_HOST { }
      |                         ^
/usr/local/cuda/include/sm_60_atomic_functions.h:222:58: note: in expansion of macro '__DEF_IF_HOST'
  222 | int atomicCAS_system(int *address, int compare, int val) __DEF_IF_HOST
      |                                                          ^~~~~~~~~~~~~
/usr/local/cuda/include/sm_60_atomic_functions.h: In function 'unsigned int atomicCAS_block(unsigned int*, unsigned int, unsigned int)':
/usr/local/cuda/include/sm_60_atomic_functions.h:77:25: warning: no return statement in function returning non-void [-Wreturn-type]
   77 | #define __DEF_IF_HOST { }
      |                         ^
/usr/local/cuda/include/sm_60_atomic_functions.h:226:48: note: in expansion of macro '__DEF_IF_HOST'
  226 |                              unsigned int val) __DEF_IF_HOST
      |                                                ^~~~~~~~~~~~~
/usr/local/cuda/include/sm_60_atomic_functions.h: In function 'unsigned int atomicCAS_system(unsigned int*, unsigned int, unsigned int)':
/usr/local/cuda/include/sm_60_atomic_functions.h:77:25: warning: no return statement in function returning non-void [-Wreturn-type]
   77 | #define __DEF_IF_HOST { }
      |                         ^
/usr/local/cuda/include/sm_60_atomic_functions.h:230:49: note: in expansion of macro '__DEF_IF_HOST'
  230 |                               unsigned int val) __DEF_IF_HOST
      |                                                 ^~~~~~~~~~~~~
/usr/local/cuda/include/sm_60_atomic_functions.h: In function 'long long unsigned int atomicCAS_block(long long unsigned int*, long long unsigned int, long long unsigned int)':
/usr/local/cuda/include/sm_60_atomic_functions.h:77:25: warning: no return statement in function returning non-void [-Wreturn-type]
   77 | #define __DEF_IF_HOST { }
      |                         ^
/usr/local/cuda/include/sm_60_atomic_functions.h:235:68: note: in expansion of macro '__DEF_IF_HOST'
  235 |                                        unsigned long long int val) __DEF_IF_HOST
      |                                                                    ^~~~~~~~~~~~~
/usr/local/cuda/include/sm_60_atomic_functions.h: In function 'long long unsigned int atomicCAS_system(long long unsigned int*, long long unsigned int, long long unsigned int)':
/usr/local/cuda/include/sm_60_atomic_functions.h:77:25: warning: no return statement in function returning non-void [-Wreturn-type]
   77 | #define __DEF_IF_HOST { }
      |                         ^
/usr/local/cuda/include/sm_60_atomic_functions.h:240:69: note: in expansion of macro '__DEF_IF_HOST'
  240 |                                         unsigned long long int val) __DEF_IF_HOST
      |                                                                     ^~~~~~~~~~~~~
/usr/local/cuda/include/sm_60_atomic_functions.h: In function 'int atomicAnd_block(int*, int)':
/usr/local/cuda/include/sm_60_atomic_functions.h:77:25: warning: no return statement in function returning non-void [-Wreturn-type]
   77 | #define __DEF_IF_HOST { }
      |                         ^
/usr/local/cuda/include/sm_60_atomic_functions.h:243:44: note: in expansion of macro '__DEF_IF_HOST'
  243 | int atomicAnd_block(int *address, int val) __DEF_IF_HOST
      |                                            ^~~~~~~~~~~~~
/usr/local/cuda/include/sm_60_atomic_functions.h: In function 'int atomicAnd_system(int*, int)':
/usr/local/cuda/include/sm_60_atomic_functions.h:77:25: warning: no return statement in function returning non-void [-Wreturn-type]
   77 | #define __DEF_IF_HOST { }
      |                         ^
/usr/local/cuda/include/sm_60_atomic_functions.h:246:45: note: in expansion of macro '__DEF_IF_HOST'
  246 | int atomicAnd_system(int *address, int val) __DEF_IF_HOST
      |                                             ^~~~~~~~~~~~~
/usr/local/cuda/include/sm_60_atomic_functions.h: In function 'long long int atomicAnd_block(long long int*, long long int)':
/usr/local/cuda/include/sm_60_atomic_functions.h:77:25: warning: no return statement in function returning non-void [-Wreturn-type]
   77 | #define __DEF_IF_HOST { }
      |                         ^
/usr/local/cuda/include/sm_60_atomic_functions.h:249:62: note: in expansion of macro '__DEF_IF_HOST'
  249 | long long atomicAnd_block(long long *address, long long val) __DEF_IF_HOST
      |                                                              ^~~~~~~~~~~~~
/usr/local/cuda/include/sm_60_atomic_functions.h: In function 'long long int atomicAnd_system(long long int*, long long int)':
/usr/local/cuda/include/sm_60_atomic_functions.h:77:25: warning: no return statement in function returning non-void [-Wreturn-type]
   77 | #define __DEF_IF_HOST { }
      |                         ^
/usr/local/cuda/include/sm_60_atomic_functions.h:252:63: note: in expansion of macro '__DEF_IF_HOST'
  252 | long long atomicAnd_system(long long *address, long long val) __DEF_IF_HOST
      |                                                               ^~~~~~~~~~~~~
/usr/local/cuda/include/sm_60_atomic_functions.h: In function 'unsigned int atomicAnd_block(unsigned int*, unsigned int)':
/usr/local/cuda/include/sm_60_atomic_functions.h:77:25: warning: no return statement in function returning non-void [-Wreturn-type]
   77 | #define __DEF_IF_HOST { }
      |                         ^
/usr/local/cuda/include/sm_60_atomic_functions.h:255:71: note: in expansion of macro '__DEF_IF_HOST'
  255 | unsigned int atomicAnd_block(unsigned int *address, unsigned int val) __DEF_IF_HOST
      |                                                                       ^~~~~~~~~~~~~
/usr/local/cuda/include/sm_60_atomic_functions.h: In function 'unsigned int atomicAnd_system(unsigned int*, unsigned int)':
/usr/local/cuda/include/sm_60_atomic_functions.h:77:25: warning: no return statement in function returning non-void [-Wreturn-type]
   77 | #define __DEF_IF_HOST { }
      |                         ^
/usr/local/cuda/include/sm_60_atomic_functions.h:258:72: note: in expansion of macro '__DEF_IF_HOST'
  258 | unsigned int atomicAnd_system(unsigned int *address, unsigned int val) __DEF_IF_HOST
      |                                                                        ^~~~~~~~~~~~~
/usr/local/cuda/include/sm_60_atomic_functions.h: In function 'long long unsigned int atomicAnd_block(long long unsigned int*, long long unsigned int)':
/usr/local/cuda/include/sm_60_atomic_functions.h:77:25: warning: no return statement in function returning non-void [-Wreturn-type]
   77 | #define __DEF_IF_HOST { }
      |                         ^
/usr/local/cuda/include/sm_60_atomic_functions.h:261:89: note: in expansion of macro '__DEF_IF_HOST'
  261 | unsigned long long atomicAnd_block(unsigned long long *address, unsigned long long val) __DEF_IF_HOST
      |                                                                                         ^~~~~~~~~~~~~
/usr/local/cuda/include/sm_60_atomic_functions.h: In function 'long long unsigned int atomicAnd_system(long long unsigned int*, long long unsigned int)':
/usr/local/cuda/include/sm_60_atomic_functions.h:77:25: warning: no return statement in function returning non-void [-Wreturn-type]
   77 | #define __DEF_IF_HOST { }
      |                         ^
/usr/local/cuda/include/sm_60_atomic_functions.h:264:90: note: in expansion of macro '__DEF_IF_HOST'
  264 | unsigned long long atomicAnd_system(unsigned long long *address, unsigned long long val) __DEF_IF_HOST
      |                                                                                          ^~~~~~~~~~~~~
/usr/local/cuda/include/sm_60_atomic_functions.h: In function 'int atomicOr_block(int*, int)':
/usr/local/cuda/include/sm_60_atomic_functions.h:77:25: warning: no return statement in function returning non-void [-Wreturn-type]
   77 | #define __DEF_IF_HOST { }
      |                         ^
/usr/local/cuda/include/sm_60_atomic_functions.h:267:43: note: in expansion of macro '__DEF_IF_HOST'
  267 | int atomicOr_block(int *address, int val) __DEF_IF_HOST
      |                                           ^~~~~~~~~~~~~
/usr/local/cuda/include/sm_60_atomic_functions.h: In function 'int atomicOr_system(int*, int)':
/usr/local/cuda/include/sm_60_atomic_functions.h:77:25: warning: no return statement in function returning non-void [-Wreturn-type]
   77 | #define __DEF_IF_HOST { }
      |                         ^
/usr/local/cuda/include/sm_60_atomic_functions.h:270:44: note: in expansion of macro '__DEF_IF_HOST'
  270 | int atomicOr_system(int *address, int val) __DEF_IF_HOST
      |                                            ^~~~~~~~~~~~~
/usr/local/cuda/include/sm_60_atomic_functions.h: In function 'long long int atomicOr_block(long long int*, long long int)':
/usr/local/cuda/include/sm_60_atomic_functions.h:77:25: warning: no return statement in function returning non-void [-Wreturn-type]
   77 | #define __DEF_IF_HOST { }
      |                         ^
/usr/local/cuda/include/sm_60_atomic_functions.h:273:61: note: in expansion of macro '__DEF_IF_HOST'
  273 | long long atomicOr_block(long long *address, long long val) __DEF_IF_HOST
      |                                                             ^~~~~~~~~~~~~
/usr/local/cuda/include/sm_60_atomic_functions.h: In function 'long long int atomicOr_system(long long int*, long long int)':
/usr/local/cuda/include/sm_60_atomic_functions.h:77:25: warning: no return statement in function returning non-void [-Wreturn-type]
   77 | #define __DEF_IF_HOST { }
      |                         ^
/usr/local/cuda/include/sm_60_atomic_functions.h:276:62: note: in expansion of macro '__DEF_IF_HOST'
  276 | long long atomicOr_system(long long *address, long long val) __DEF_IF_HOST
      |                                                              ^~~~~~~~~~~~~
/usr/local/cuda/include/sm_60_atomic_functions.h: In function 'unsigned int atomicOr_block(unsigned int*, unsigned int)':
/usr/local/cuda/include/sm_60_atomic_functions.h:77:25: warning: no return statement in function returning non-void [-Wreturn-type]
   77 | #define __DEF_IF_HOST { }
      |                         ^
/usr/local/cuda/include/sm_60_atomic_functions.h:279:70: note: in expansion of macro '__DEF_IF_HOST'
  279 | unsigned int atomicOr_block(unsigned int *address, unsigned int val) __DEF_IF_HOST
      |                                                                      ^~~~~~~~~~~~~
/usr/local/cuda/include/sm_60_atomic_functions.h: In function 'unsigned int atomicOr_system(unsigned int*, unsigned int)':
/usr/local/cuda/include/sm_60_atomic_functions.h:77:25: warning: no return statement in function returning non-void [-Wreturn-type]
   77 | #define __DEF_IF_HOST { }
      |                         ^
/usr/local/cuda/include/sm_60_atomic_functions.h:282:71: note: in expansion of macro '__DEF_IF_HOST'
  282 | unsigned int atomicOr_system(unsigned int *address, unsigned int val) __DEF_IF_HOST
      |                                                                       ^~~~~~~~~~~~~
/usr/local/cuda/include/sm_60_atomic_functions.h: In function 'long long unsigned int atomicOr_block(long long unsigned int*, long long unsigned int)':
/usr/local/cuda/include/sm_60_atomic_functions.h:77:25: warning: no return statement in function returning non-void [-Wreturn-type]
   77 | #define __DEF_IF_HOST { }
      |                         ^
/usr/local/cuda/include/sm_60_atomic_functions.h:285:88: note: in expansion of macro '__DEF_IF_HOST'
  285 | unsigned long long atomicOr_block(unsigned long long *address, unsigned long long val) __DEF_IF_HOST
      |                                                                                        ^~~~~~~~~~~~~
/usr/local/cuda/include/sm_60_atomic_functions.h: In function 'long long unsigned int atomicOr_system(long long unsigned int*, long long unsigned int)':
/usr/local/cuda/include/sm_60_atomic_functions.h:77:25: warning: no return statement in function returning non-void [-Wreturn-type]
   77 | #define __DEF_IF_HOST { }
      |                         ^
/usr/local/cuda/include/sm_60_atomic_functions.h:288:89: note: in expansion of macro '__DEF_IF_HOST'
  288 | unsigned long long atomicOr_system(unsigned long long *address, unsigned long long val) __DEF_IF_HOST
      |                                                                                         ^~~~~~~~~~~~~
/usr/local/cuda/include/sm_60_atomic_functions.h: In function 'int atomicXor_block(int*, int)':
/usr/local/cuda/include/sm_60_atomic_functions.h:77:25: warning: no return statement in function returning non-void [-Wreturn-type]
   77 | #define __DEF_IF_HOST { }
      |                         ^
/usr/local/cuda/include/sm_60_atomic_functions.h:291:44: note: in expansion of macro '__DEF_IF_HOST'
  291 | int atomicXor_block(int *address, int val) __DEF_IF_HOST
      |                                            ^~~~~~~~~~~~~
/usr/local/cuda/include/sm_60_atomic_functions.h: In function 'int atomicXor_system(int*, int)':
/usr/local/cuda/include/sm_60_atomic_functions.h:77:25: warning: no return statement in function returning non-void [-Wreturn-type]
   77 | #define __DEF_IF_HOST { }
      |                         ^
/usr/local/cuda/include/sm_60_atomic_functions.h:294:45: note: in expansion of macro '__DEF_IF_HOST'
  294 | int atomicXor_system(int *address, int val) __DEF_IF_HOST
      |                                             ^~~~~~~~~~~~~
/usr/local/cuda/include/sm_60_atomic_functions.h: In function 'long long int atomicXor_block(long long int*, long long int)':
/usr/local/cuda/include/sm_60_atomic_functions.h:77:25: warning: no return statement in function returning non-void [-Wreturn-type]
   77 | #define __DEF_IF_HOST { }
      |                         ^
/usr/local/cuda/include/sm_60_atomic_functions.h:297:62: note: in expansion of macro '__DEF_IF_HOST'
  297 | long long atomicXor_block(long long *address, long long val) __DEF_IF_HOST
      |                                                              ^~~~~~~~~~~~~
/usr/local/cuda/include/sm_60_atomic_functions.h: In function 'long long int atomicXor_system(long long int*, long long int)':
/usr/local/cuda/include/sm_60_atomic_functions.h:77:25: warning: no return statement in function returning non-void [-Wreturn-type]
   77 | #define __DEF_IF_HOST { }
      |                         ^
/usr/local/cuda/include/sm_60_atomic_functions.h:300:63: note: in expansion of macro '__DEF_IF_HOST'
  300 | long long atomicXor_system(long long *address, long long val) __DEF_IF_HOST
      |                                                               ^~~~~~~~~~~~~
/usr/local/cuda/include/sm_60_atomic_functions.h: In function 'unsigned int atomicXor_block(unsigned int*, unsigned int)':
/usr/local/cuda/include/sm_60_atomic_functions.h:77:25: warning: no return statement in function returning non-void [-Wreturn-type]
   77 | #define __DEF_IF_HOST { }
      |                         ^
/usr/local/cuda/include/sm_60_atomic_functions.h:303:71: note: in expansion of macro '__DEF_IF_HOST'
  303 | unsigned int atomicXor_block(unsigned int *address, unsigned int val) __DEF_IF_HOST
      |                                                                       ^~~~~~~~~~~~~
/usr/local/cuda/include/sm_60_atomic_functions.h: In function 'unsigned int atomicXor_system(unsigned int*, unsigned int)':
/usr/local/cuda/include/sm_60_atomic_functions.h:77:25: warning: no return statement in function returning non-void [-Wreturn-type]
   77 | #define __DEF_IF_HOST { }
      |                         ^
/usr/local/cuda/include/sm_60_atomic_functions.h:306:72: note: in expansion of macro '__DEF_IF_HOST'
  306 | unsigned int atomicXor_system(unsigned int *address, unsigned int val) __DEF_IF_HOST
      |                                                                        ^~~~~~~~~~~~~
/usr/local/cuda/include/sm_60_atomic_functions.h: In function 'long long unsigned int atomicXor_block(long long unsigned int*, long long unsigned int)':
/usr/local/cuda/include/sm_60_atomic_functions.h:77:25: warning: no return statement in function returning non-void [-Wreturn-type]
   77 | #define __DEF_IF_HOST { }
      |                         ^
/usr/local/cuda/include/sm_60_atomic_functions.h:309:89: note: in expansion of macro '__DEF_IF_HOST'
  309 | unsigned long long atomicXor_block(unsigned long long *address, unsigned long long val) __DEF_IF_HOST
      |                                                                                         ^~~~~~~~~~~~~
/usr/local/cuda/include/sm_60_atomic_functions.h: In function 'long long unsigned int atomicXor_system(long long unsigned int*, long long unsigned int)':
/usr/local/cuda/include/sm_60_atomic_functions.h:77:25: warning: no return statement in function returning non-void [-Wreturn-type]
   77 | #define __DEF_IF_HOST { }
      |                         ^
/usr/local/cuda/include/sm_60_atomic_functions.h:312:90: note: in expansion of macro '__DEF_IF_HOST'
  312 | unsigned long long atomicXor_system(unsigned long long *address, unsigned long long val) __DEF_IF_HOST
      |                                                                                          ^~~~~~~~~~~~~
In file included from /usr/local/cuda/include/crt/device_functions.h:3621,
                 from /home/GVirtuS/GVirtuS/plugins/cudart/backend/CudaRtHandler.h:71,
                 from /home/GVirtuS/GVirtuS/plugins/cudart/backend/CudaRtHandler_memory.cpp:26:
/usr/local/cuda/include/sm_20_intrinsics.h: In function 'unsigned int ballot(bool)':
/usr/local/cuda/include/sm_20_intrinsics.h:75:25: warning: no return statement in function returning non-void [-Wreturn-type]
   75 | #define __DEF_IF_HOST { }
      |                         ^
/usr/local/cuda/include/sm_20_intrinsics.h:1522:110: note: in expansion of macro '__DEF_IF_HOST'
 1522 | __SM_20_INTRINSICS_DECL__ __DEPRECATED__(__WSB_DEPRECATION_MESSAGE(__ballot)) unsigned int ballot(bool pred) __DEF_IF_HOST
      |                                                                                                              ^~~~~~~~~~~~~
/usr/local/cuda/include/sm_20_intrinsics.h: In function 'int syncthreads_count(bool)':
/usr/local/cuda/include/sm_20_intrinsics.h:75:25: warning: no return statement in function returning non-void [-Wreturn-type]
   75 | #define __DEF_IF_HOST { }
      |                         ^
/usr/local/cuda/include/sm_20_intrinsics.h:1524:60: note: in expansion of macro '__DEF_IF_HOST'
 1524 | __SM_20_INTRINSICS_DECL__ int syncthreads_count(bool pred) __DEF_IF_HOST
      |                                                            ^~~~~~~~~~~~~
/usr/local/cuda/include/sm_20_intrinsics.h: In function 'bool syncthreads_and(bool)':
/usr/local/cuda/include/sm_20_intrinsics.h:75:25: warning: no return statement in function returning non-void [-Wreturn-type]
   75 | #define __DEF_IF_HOST { }
      |                         ^
/usr/local/cuda/include/sm_20_intrinsics.h:1526:59: note: in expansion of macro '__DEF_IF_HOST'
 1526 | __SM_20_INTRINSICS_DECL__ bool syncthreads_and(bool pred) __DEF_IF_HOST
      |                                                           ^~~~~~~~~~~~~
/usr/local/cuda/include/sm_20_intrinsics.h: In function 'bool syncthreads_or(bool)':
/usr/local/cuda/include/sm_20_intrinsics.h:75:25: warning: no return statement in function returning non-void [-Wreturn-type]
   75 | #define __DEF_IF_HOST { }
      |                         ^
/usr/local/cuda/include/sm_20_intrinsics.h:1528:58: note: in expansion of macro '__DEF_IF_HOST'
 1528 | __SM_20_INTRINSICS_DECL__ bool syncthreads_or(bool pred) __DEF_IF_HOST
      |                                                          ^~~~~~~~~~~~~
/usr/local/cuda/include/sm_20_intrinsics.h: In function 'unsigned int __isGlobal(const void*)':
/usr/local/cuda/include/sm_20_intrinsics.h:75:25: warning: no return statement in function returning non-void [-Wreturn-type]
   75 | #define __DEF_IF_HOST { }
      |                         ^
/usr/local/cuda/include/sm_20_intrinsics.h:1533:68: note: in expansion of macro '__DEF_IF_HOST'
 1533 | __SM_20_INTRINSICS_DECL__ unsigned int __isGlobal(const void *ptr) __DEF_IF_HOST
      |                                                                    ^~~~~~~~~~~~~
/usr/local/cuda/include/sm_20_intrinsics.h: In function 'unsigned int __isShared(const void*)':
/usr/local/cuda/include/sm_20_intrinsics.h:75:25: warning: no return statement in function returning non-void [-Wreturn-type]
   75 | #define __DEF_IF_HOST { }
      |                         ^
/usr/local/cuda/include/sm_20_intrinsics.h:1534:68: note: in expansion of macro '__DEF_IF_HOST'
 1534 | __SM_20_INTRINSICS_DECL__ unsigned int __isShared(const void *ptr) __DEF_IF_HOST
      |                                                                    ^~~~~~~~~~~~~
/usr/local/cuda/include/sm_20_intrinsics.h: In function 'unsigned int __isConstant(const void*)':
/usr/local/cuda/include/sm_20_intrinsics.h:75:25: warning: no return statement in function returning non-void [-Wreturn-type]
   75 | #define __DEF_IF_HOST { }
      |                         ^
/usr/local/cuda/include/sm_20_intrinsics.h:1535:70: note: in expansion of macro '__DEF_IF_HOST'
 1535 | __SM_20_INTRINSICS_DECL__ unsigned int __isConstant(const void *ptr) __DEF_IF_HOST
      |                                                                      ^~~~~~~~~~~~~
/usr/local/cuda/include/sm_20_intrinsics.h: In function 'unsigned int __isLocal(const void*)':
/usr/local/cuda/include/sm_20_intrinsics.h:75:25: warning: no return statement in function returning non-void [-Wreturn-type]
   75 | #define __DEF_IF_HOST { }
      |                         ^
/usr/local/cuda/include/sm_20_intrinsics.h:1536:67: note: in expansion of macro '__DEF_IF_HOST'
 1536 | __SM_20_INTRINSICS_DECL__ unsigned int __isLocal(const void *ptr) __DEF_IF_HOST
      |                                                                   ^~~~~~~~~~~~~
/usr/local/cuda/include/sm_20_intrinsics.h: In function 'unsigned int __isGridConstant(const void*)':
/usr/local/cuda/include/sm_20_intrinsics.h:75:25: warning: no return statement in function returning non-void [-Wreturn-type]
   75 | #define __DEF_IF_HOST { }
      |                         ^
/usr/local/cuda/include/sm_20_intrinsics.h:1538:74: note: in expansion of macro '__DEF_IF_HOST'
 1538 | __SM_20_INTRINSICS_DECL__ unsigned int __isGridConstant(const void *ptr) __DEF_IF_HOST
      |                                                                          ^~~~~~~~~~~~~
/usr/local/cuda/include/sm_20_intrinsics.h: In function 'size_t __cvta_generic_to_global(const void*)':
/usr/local/cuda/include/sm_20_intrinsics.h:75:25: warning: no return statement in function returning non-void [-Wreturn-type]
   75 | #define __DEF_IF_HOST { }
      |                         ^
/usr/local/cuda/include/sm_20_intrinsics.h:1540:76: note: in expansion of macro '__DEF_IF_HOST'
 1540 | __SM_20_INTRINSICS_DECL__ size_t __cvta_generic_to_global(const void *ptr) __DEF_IF_HOST
      |                                                                            ^~~~~~~~~~~~~
/usr/local/cuda/include/sm_20_intrinsics.h: In function 'size_t __cvta_generic_to_shared(const void*)':
/usr/local/cuda/include/sm_20_intrinsics.h:75:25: warning: no return statement in function returning non-void [-Wreturn-type]
   75 | #define __DEF_IF_HOST { }
      |                         ^
/usr/local/cuda/include/sm_20_intrinsics.h:1541:76: note: in expansion of macro '__DEF_IF_HOST'
 1541 | __SM_20_INTRINSICS_DECL__ size_t __cvta_generic_to_shared(const void *ptr) __DEF_IF_HOST
      |                                                                            ^~~~~~~~~~~~~
/usr/local/cuda/include/sm_20_intrinsics.h: In function 'size_t __cvta_generic_to_constant(const void*)':
/usr/local/cuda/include/sm_20_intrinsics.h:75:25: warning: no return statement in function returning non-void [-Wreturn-type]
   75 | #define __DEF_IF_HOST { }
      |                         ^
/usr/local/cuda/include/sm_20_intrinsics.h:1542:78: note: in expansion of macro '__DEF_IF_HOST'
 1542 | __SM_20_INTRINSICS_DECL__ size_t __cvta_generic_to_constant(const void *ptr) __DEF_IF_HOST
      |                                                                              ^~~~~~~~~~~~~
/usr/local/cuda/include/sm_20_intrinsics.h: In function 'size_t __cvta_generic_to_local(const void*)':
/usr/local/cuda/include/sm_20_intrinsics.h:75:25: warning: no return statement in function returning non-void [-Wreturn-type]
   75 | #define __DEF_IF_HOST { }
      |                         ^
/usr/local/cuda/include/sm_20_intrinsics.h:1543:75: note: in expansion of macro '__DEF_IF_HOST'
 1543 | __SM_20_INTRINSICS_DECL__ size_t __cvta_generic_to_local(const void *ptr) __DEF_IF_HOST
      |                                                                           ^~~~~~~~~~~~~
/usr/local/cuda/include/sm_20_intrinsics.h: In function 'size_t __cvta_generic_to_grid_constant(const void*)':
/usr/local/cuda/include/sm_20_intrinsics.h:75:25: warning: no return statement in function returning non-void [-Wreturn-type]
   75 | #define __DEF_IF_HOST { }
      |                         ^
/usr/local/cuda/include/sm_20_intrinsics.h:1545:83: note: in expansion of macro '__DEF_IF_HOST'
 1545 | __SM_20_INTRINSICS_DECL__ size_t __cvta_generic_to_grid_constant(const void *ptr) __DEF_IF_HOST
      |                                                                                   ^~~~~~~~~~~~~
/usr/local/cuda/include/sm_20_intrinsics.h: In function 'void* __cvta_global_to_generic(size_t)':
/usr/local/cuda/include/sm_20_intrinsics.h:75:25: warning: no return statement in function returning non-void [-Wreturn-type]
   75 | #define __DEF_IF_HOST { }
      |                         ^
/usr/local/cuda/include/sm_20_intrinsics.h:1548:75: note: in expansion of macro '__DEF_IF_HOST'
 1548 | __SM_20_INTRINSICS_DECL__ void * __cvta_global_to_generic(size_t rawbits) __DEF_IF_HOST
      |                                                                           ^~~~~~~~~~~~~
/usr/local/cuda/include/sm_20_intrinsics.h: In function 'void* __cvta_shared_to_generic(size_t)':
/usr/local/cuda/include/sm_20_intrinsics.h:75:25: warning: no return statement in function returning non-void [-Wreturn-type]
   75 | #define __DEF_IF_HOST { }
      |                         ^
/usr/local/cuda/include/sm_20_intrinsics.h:1549:75: note: in expansion of macro '__DEF_IF_HOST'
 1549 | __SM_20_INTRINSICS_DECL__ void * __cvta_shared_to_generic(size_t rawbits) __DEF_IF_HOST
      |                                                                           ^~~~~~~~~~~~~
/usr/local/cuda/include/sm_20_intrinsics.h: In function 'void* __cvta_constant_to_generic(size_t)':
/usr/local/cuda/include/sm_20_intrinsics.h:75:25: warning: no return statement in function returning non-void [-Wreturn-type]
   75 | #define __DEF_IF_HOST { }
      |                         ^
/usr/local/cuda/include/sm_20_intrinsics.h:1550:77: note: in expansion of macro '__DEF_IF_HOST'
 1550 | __SM_20_INTRINSICS_DECL__ void * __cvta_constant_to_generic(size_t rawbits) __DEF_IF_HOST
      |                                                                             ^~~~~~~~~~~~~
/usr/local/cuda/include/sm_20_intrinsics.h: In function 'void* __cvta_local_to_generic(size_t)':
/usr/local/cuda/include/sm_20_intrinsics.h:75:25: warning: no return statement in function returning non-void [-Wreturn-type]
   75 | #define __DEF_IF_HOST { }
      |                         ^
/usr/local/cuda/include/sm_20_intrinsics.h:1551:74: note: in expansion of macro '__DEF_IF_HOST'
 1551 | __SM_20_INTRINSICS_DECL__ void * __cvta_local_to_generic(size_t rawbits) __DEF_IF_HOST
      |                                                                          ^~~~~~~~~~~~~
/usr/local/cuda/include/sm_20_intrinsics.h: In function 'void* __cvta_grid_constant_to_generic(size_t)':
/usr/local/cuda/include/sm_20_intrinsics.h:75:25: warning: no return statement in function returning non-void [-Wreturn-type]
   75 | #define __DEF_IF_HOST { }
      |                         ^
/usr/local/cuda/include/sm_20_intrinsics.h:1553:82: note: in expansion of macro '__DEF_IF_HOST'
 1553 | __SM_20_INTRINSICS_DECL__ void * __cvta_grid_constant_to_generic(size_t rawbits) __DEF_IF_HOST
      |                                                                                  ^~~~~~~~~~~~~
In file included from /usr/local/cuda/include/crt/device_functions.h:3622,
                 from /home/GVirtuS/GVirtuS/plugins/cudart/backend/CudaRtHandler.h:71,
                 from /home/GVirtuS/GVirtuS/plugins/cudart/backend/CudaRtHandler_memory.cpp:26:
/usr/local/cuda/include/sm_30_intrinsics.h: In function 'unsigned int __fns(unsigned int, unsigned int, int)':
/usr/local/cuda/include/sm_30_intrinsics.h:76:25: warning: no return statement in function returning non-void [-Wreturn-type]
   76 | #define __DEF_IF_HOST { }
      |                         ^
/usr/local/cuda/include/sm_30_intrinsics.h:123:85: note: in expansion of macro '__DEF_IF_HOST'
  123 | __SM_30_INTRINSICS_DECL__ unsigned  __fns(unsigned mask, unsigned base, int offset) __DEF_IF_HOST
      |                                                                                     ^~~~~~~~~~~~~
/usr/local/cuda/include/sm_30_intrinsics.h: In function 'int __all_sync(unsigned int, int)':
/usr/local/cuda/include/sm_30_intrinsics.h:76:25: warning: no return statement in function returning non-void [-Wreturn-type]
   76 | #define __DEF_IF_HOST { }
      |                         ^
/usr/local/cuda/include/sm_30_intrinsics.h:127:67: note: in expansion of macro '__DEF_IF_HOST'
  127 | __SM_30_INTRINSICS_DECL__ int __all_sync(unsigned mask, int pred) __DEF_IF_HOST
      |                                                                   ^~~~~~~~~~~~~
/usr/local/cuda/include/sm_30_intrinsics.h: In function 'int __any_sync(unsigned int, int)':
/usr/local/cuda/include/sm_30_intrinsics.h:76:25: warning: no return statement in function returning non-void [-Wreturn-type]
   76 | #define __DEF_IF_HOST { }
      |                         ^
/usr/local/cuda/include/sm_30_intrinsics.h:128:67: note: in expansion of macro '__DEF_IF_HOST'
  128 | __SM_30_INTRINSICS_DECL__ int __any_sync(unsigned mask, int pred) __DEF_IF_HOST
      |                                                                   ^~~~~~~~~~~~~
/usr/local/cuda/include/sm_30_intrinsics.h: In function 'int __uni_sync(unsigned int, int)':
/usr/local/cuda/include/sm_30_intrinsics.h:76:25: warning: no return statement in function returning non-void [-Wreturn-type]
   76 | #define __DEF_IF_HOST { }
      |                         ^
/usr/local/cuda/include/sm_30_intrinsics.h:129:67: note: in expansion of macro '__DEF_IF_HOST'
  129 | __SM_30_INTRINSICS_DECL__ int __uni_sync(unsigned mask, int pred) __DEF_IF_HOST
      |                                                                   ^~~~~~~~~~~~~
/usr/local/cuda/include/sm_30_intrinsics.h: In function 'unsigned int __ballot_sync(unsigned int, int)':
/usr/local/cuda/include/sm_30_intrinsics.h:76:25: warning: no return statement in function returning non-void [-Wreturn-type]
   76 | #define __DEF_IF_HOST { }
      |                         ^
/usr/local/cuda/include/sm_30_intrinsics.h:130:75: note: in expansion of macro '__DEF_IF_HOST'
  130 | __SM_30_INTRINSICS_DECL__ unsigned __ballot_sync(unsigned mask, int pred) __DEF_IF_HOST
      |                                                                           ^~~~~~~~~~~~~
/usr/local/cuda/include/sm_30_intrinsics.h: In function 'unsigned int __activemask()':
/usr/local/cuda/include/sm_30_intrinsics.h:76:25: warning: no return statement in function returning non-void [-Wreturn-type]
   76 | #define __DEF_IF_HOST { }
      |                         ^
/usr/local/cuda/include/sm_30_intrinsics.h:131:51: note: in expansion of macro '__DEF_IF_HOST'
  131 | __SM_30_INTRINSICS_DECL__ unsigned __activemask() __DEF_IF_HOST
      |                                                   ^~~~~~~~~~~~~
/usr/local/cuda/include/sm_30_intrinsics.h: In function 'int __shfl(int, int, int)':
/usr/local/cuda/include/sm_30_intrinsics.h:76:25: warning: no return statement in function returning non-void [-Wreturn-type]
   76 | #define __DEF_IF_HOST { }
      |                         ^
/usr/local/cuda/include/sm_30_intrinsics.h:140:130: note: in expansion of macro '__DEF_IF_HOST'
  140 | __SM_30_INTRINSICS_DECL__ __DEPRECATED__(__WSB_DEPRECATION_MESSAGE(__shfl)) int __shfl(int var, int srcLane, int width=warpSize) __DEF_IF_HOST
      |                                                                                                                                  ^~~~~~~~~~~~~
/usr/local/cuda/include/sm_30_intrinsics.h: In function 'unsigned int __shfl(unsigned int, int, int)':
/usr/local/cuda/include/sm_30_intrinsics.h:76:25: warning: no return statement in function returning non-void [-Wreturn-type]
   76 | #define __DEF_IF_HOST { }
      |                         ^
/usr/local/cuda/include/sm_30_intrinsics.h:141:148: note: in expansion of macro '__DEF_IF_HOST'
  141 | __SM_30_INTRINSICS_DECL__ __DEPRECATED__(__WSB_DEPRECATION_MESSAGE(__shfl)) unsigned int __shfl(unsigned int var, int srcLane, int width=warpSize) __DEF_IF_HOST
      |                                                                                                                                                    ^~~~~~~~~~~~~
/usr/local/cuda/include/sm_30_intrinsics.h: In function 'int __shfl_up(int, unsigned int, int)':
/usr/local/cuda/include/sm_30_intrinsics.h:76:25: warning: no return statement in function returning non-void [-Wreturn-type]
   76 | #define __DEF_IF_HOST { }
      |                         ^
/usr/local/cuda/include/sm_30_intrinsics.h:142:143: note: in expansion of macro '__DEF_IF_HOST'
  142 | __SM_30_INTRINSICS_DECL__ __DEPRECATED__(__WSB_DEPRECATION_MESSAGE(__shfl_up)) int __shfl_up(int var, unsigned int delta, int width=warpSize) __DEF_IF_HOST
      |                                                                                                                                               ^~~~~~~~~~~~~
/usr/local/cuda/include/sm_30_intrinsics.h: In function 'unsigned int __shfl_up(unsigned int, unsigned int, int)':
/usr/local/cuda/include/sm_30_intrinsics.h:76:25: warning: no return statement in function returning non-void [-Wreturn-type]
   76 | #define __DEF_IF_HOST { }
      |                         ^
/usr/local/cuda/include/sm_30_intrinsics.h:143:161: note: in expansion of macro '__DEF_IF_HOST'
  143 | __SM_30_INTRINSICS_DECL__ __DEPRECATED__(__WSB_DEPRECATION_MESSAGE(__shfl_up)) unsigned int __shfl_up(unsigned int var, unsigned int delta, int width=warpSize) __DEF_IF_HOST
      |                                                                                                                                                                 ^~~~~~~~~~~~~
/usr/local/cuda/include/sm_30_intrinsics.h: In function 'int __shfl_down(int, unsigned int, int)':
/usr/local/cuda/include/sm_30_intrinsics.h:76:25: warning: no return statement in function returning non-void [-Wreturn-type]
   76 | #define __DEF_IF_HOST { }
      |                         ^
/usr/local/cuda/include/sm_30_intrinsics.h:144:147: note: in expansion of macro '__DEF_IF_HOST'
  144 | __SM_30_INTRINSICS_DECL__ __DEPRECATED__(__WSB_DEPRECATION_MESSAGE(__shfl_down)) int __shfl_down(int var, unsigned int delta, int width=warpSize) __DEF_IF_HOST
      |                                                                                                                                                   ^~~~~~~~~~~~~
/usr/local/cuda/include/sm_30_intrinsics.h: In function 'unsigned int __shfl_down(unsigned int, unsigned int, int)':
/usr/local/cuda/include/sm_30_intrinsics.h:76:25: warning: no return statement in function returning non-void [-Wreturn-type]
   76 | #define __DEF_IF_HOST { }
      |                         ^
/usr/local/cuda/include/sm_30_intrinsics.h:145:165: note: in expansion of macro '__DEF_IF_HOST'
  145 | __SM_30_INTRINSICS_DECL__ __DEPRECATED__(__WSB_DEPRECATION_MESSAGE(__shfl_down)) unsigned int __shfl_down(unsigned int var, unsigned int delta, int width=warpSize) __DEF_IF_HOST
      |                                                                                                                                                                     ^~~~~~~~~~~~~
/usr/local/cuda/include/sm_30_intrinsics.h: In function 'int __shfl_xor(int, int, int)':
/usr/local/cuda/include/sm_30_intrinsics.h:76:25: warning: no return statement in function returning non-void [-Wreturn-type]
   76 | #define __DEF_IF_HOST { }
      |                         ^
/usr/local/cuda/include/sm_30_intrinsics.h:146:139: note: in expansion of macro '__DEF_IF_HOST'
  146 | __SM_30_INTRINSICS_DECL__ __DEPRECATED__(__WSB_DEPRECATION_MESSAGE(__shfl_xor)) int __shfl_xor(int var, int laneMask, int width=warpSize) __DEF_IF_HOST
      |                                                                                                                                           ^~~~~~~~~~~~~
/usr/local/cuda/include/sm_30_intrinsics.h: In function 'unsigned int __shfl_xor(unsigned int, int, int)':
/usr/local/cuda/include/sm_30_intrinsics.h:76:25: warning: no return statement in function returning non-void [-Wreturn-type]
   76 | #define __DEF_IF_HOST { }
      |                         ^
/usr/local/cuda/include/sm_30_intrinsics.h:147:157: note: in expansion of macro '__DEF_IF_HOST'
  147 | __SM_30_INTRINSICS_DECL__ __DEPRECATED__(__WSB_DEPRECATION_MESSAGE(__shfl_xor)) unsigned int __shfl_xor(unsigned int var, int laneMask, int width=warpSize) __DEF_IF_HOST
      |                                                                                                                                                             ^~~~~~~~~~~~~
/usr/local/cuda/include/sm_30_intrinsics.h: In function 'float __shfl(float, int, int)':
/usr/local/cuda/include/sm_30_intrinsics.h:76:25: warning: no return statement in function returning non-void [-Wreturn-type]
   76 | #define __DEF_IF_HOST { }
      |                         ^
/usr/local/cuda/include/sm_30_intrinsics.h:148:134: note: in expansion of macro '__DEF_IF_HOST'
  148 | __SM_30_INTRINSICS_DECL__ __DEPRECATED__(__WSB_DEPRECATION_MESSAGE(__shfl)) float __shfl(float var, int srcLane, int width=warpSize) __DEF_IF_HOST
      |                                                                                                                                      ^~~~~~~~~~~~~
/usr/local/cuda/include/sm_30_intrinsics.h: In function 'float __shfl_up(float, unsigned int, int)':
/usr/local/cuda/include/sm_30_intrinsics.h:76:25: warning: no return statement in function returning non-void [-Wreturn-type]
   76 | #define __DEF_IF_HOST { }
      |                         ^
/usr/local/cuda/include/sm_30_intrinsics.h:149:147: note: in expansion of macro '__DEF_IF_HOST'
  149 | __SM_30_INTRINSICS_DECL__ __DEPRECATED__(__WSB_DEPRECATION_MESSAGE(__shfl_up)) float __shfl_up(float var, unsigned int delta, int width=warpSize) __DEF_IF_HOST
      |                                                                                                                                                   ^~~~~~~~~~~~~
/usr/local/cuda/include/sm_30_intrinsics.h: In function 'float __shfl_down(float, unsigned int, int)':
/usr/local/cuda/include/sm_30_intrinsics.h:76:25: warning: no return statement in function returning non-void [-Wreturn-type]
   76 | #define __DEF_IF_HOST { }
      |                         ^
/usr/local/cuda/include/sm_30_intrinsics.h:150:151: note: in expansion of macro '__DEF_IF_HOST'
  150 | __SM_30_INTRINSICS_DECL__ __DEPRECATED__(__WSB_DEPRECATION_MESSAGE(__shfl_down)) float __shfl_down(float var, unsigned int delta, int width=warpSize) __DEF_IF_HOST
      |                                                                                                                                                       ^~~~~~~~~~~~~
/usr/local/cuda/include/sm_30_intrinsics.h: In function 'float __shfl_xor(float, int, int)':
/usr/local/cuda/include/sm_30_intrinsics.h:76:25: warning: no return statement in function returning non-void [-Wreturn-type]
   76 | #define __DEF_IF_HOST { }
      |                         ^
/usr/local/cuda/include/sm_30_intrinsics.h:151:143: note: in expansion of macro '__DEF_IF_HOST'
  151 | __SM_30_INTRINSICS_DECL__ __DEPRECATED__(__WSB_DEPRECATION_MESSAGE(__shfl_xor)) float __shfl_xor(float var, int laneMask, int width=warpSize) __DEF_IF_HOST
      |                                                                                                                                               ^~~~~~~~~~~~~
/usr/local/cuda/include/sm_30_intrinsics.h: In function 'int __shfl_sync(unsigned int, int, int, int)':
/usr/local/cuda/include/sm_30_intrinsics.h:76:25: warning: no return statement in function returning non-void [-Wreturn-type]
   76 | #define __DEF_IF_HOST { }
      |                         ^
/usr/local/cuda/include/sm_30_intrinsics.h:154:100: note: in expansion of macro '__DEF_IF_HOST'
  154 | __SM_30_INTRINSICS_DECL__ int __shfl_sync(unsigned mask, int var, int srcLane, int width=warpSize) __DEF_IF_HOST
      |                                                                                                    ^~~~~~~~~~~~~
/usr/local/cuda/include/sm_30_intrinsics.h: In function 'unsigned int __shfl_sync(unsigned int, unsigned int, int, int)':
/usr/local/cuda/include/sm_30_intrinsics.h:76:25: warning: no return statement in function returning non-void [-Wreturn-type]
   76 | #define __DEF_IF_HOST { }
      |                         ^
/usr/local/cuda/include/sm_30_intrinsics.h:155:118: note: in expansion of macro '__DEF_IF_HOST'
  155 | __SM_30_INTRINSICS_DECL__ unsigned int __shfl_sync(unsigned mask, unsigned int var, int srcLane, int width=warpSize) __DEF_IF_HOST
      |                                                                                                                      ^~~~~~~~~~~~~
/usr/local/cuda/include/sm_30_intrinsics.h: In function 'int __shfl_up_sync(unsigned int, int, unsigned int, int)':
/usr/local/cuda/include/sm_30_intrinsics.h:76:25: warning: no return statement in function returning non-void [-Wreturn-type]
   76 | #define __DEF_IF_HOST { }
      |                         ^
/usr/local/cuda/include/sm_30_intrinsics.h:156:110: note: in expansion of macro '__DEF_IF_HOST'
  156 | __SM_30_INTRINSICS_DECL__ int __shfl_up_sync(unsigned mask, int var, unsigned int delta, int width=warpSize) __DEF_IF_HOST
      |                                                                                                              ^~~~~~~~~~~~~
/usr/local/cuda/include/sm_30_intrinsics.h: In function 'unsigned int __shfl_up_sync(unsigned int, unsigned int, unsigned int, int)':
/usr/local/cuda/include/sm_30_intrinsics.h:76:25: warning: no return statement in function returning non-void [-Wreturn-type]
   76 | #define __DEF_IF_HOST { }
      |                         ^
/usr/local/cuda/include/sm_30_intrinsics.h:157:128: note: in expansion of macro '__DEF_IF_HOST'
  157 | __SM_30_INTRINSICS_DECL__ unsigned int __shfl_up_sync(unsigned mask, unsigned int var, unsigned int delta, int width=warpSize) __DEF_IF_HOST
      |                                                                                                                                ^~~~~~~~~~~~~
/usr/local/cuda/include/sm_30_intrinsics.h: In function 'int __shfl_down_sync(unsigned int, int, unsigned int, int)':
/usr/local/cuda/include/sm_30_intrinsics.h:76:25: warning: no return statement in function returning non-void [-Wreturn-type]
   76 | #define __DEF_IF_HOST { }
      |                         ^
/usr/local/cuda/include/sm_30_intrinsics.h:158:112: note: in expansion of macro '__DEF_IF_HOST'
  158 | __SM_30_INTRINSICS_DECL__ int __shfl_down_sync(unsigned mask, int var, unsigned int delta, int width=warpSize) __DEF_IF_HOST
      |                                                                                                                ^~~~~~~~~~~~~
/usr/local/cuda/include/sm_30_intrinsics.h: In function 'unsigned int __shfl_down_sync(unsigned int, unsigned int, unsigned int, int)':
/usr/local/cuda/include/sm_30_intrinsics.h:76:25: warning: no return statement in function returning non-void [-Wreturn-type]
   76 | #define __DEF_IF_HOST { }
      |                         ^
/usr/local/cuda/include/sm_30_intrinsics.h:159:130: note: in expansion of macro '__DEF_IF_HOST'
  159 | __SM_30_INTRINSICS_DECL__ unsigned int __shfl_down_sync(unsigned mask, unsigned int var, unsigned int delta, int width=warpSize) __DEF_IF_HOST
      |                                                                                                                                  ^~~~~~~~~~~~~
/usr/local/cuda/include/sm_30_intrinsics.h: In function 'int __shfl_xor_sync(unsigned int, int, int, int)':
/usr/local/cuda/include/sm_30_intrinsics.h:76:25: warning: no return statement in function returning non-void [-Wreturn-type]
   76 | #define __DEF_IF_HOST { }
      |                         ^
/usr/local/cuda/include/sm_30_intrinsics.h:160:105: note: in expansion of macro '__DEF_IF_HOST'
  160 | __SM_30_INTRINSICS_DECL__ int __shfl_xor_sync(unsigned mask, int var, int laneMask, int width=warpSize) __DEF_IF_HOST
      |                                                                                                         ^~~~~~~~~~~~~
/usr/local/cuda/include/sm_30_intrinsics.h: In function 'unsigned int __shfl_xor_sync(unsigned int, unsigned int, int, int)':
/usr/local/cuda/include/sm_30_intrinsics.h:76:25: warning: no return statement in function returning non-void [-Wreturn-type]
   76 | #define __DEF_IF_HOST { }
      |                         ^
/usr/local/cuda/include/sm_30_intrinsics.h:161:123: note: in expansion of macro '__DEF_IF_HOST'
  161 | __SM_30_INTRINSICS_DECL__ unsigned int __shfl_xor_sync(unsigned mask, unsigned int var, int laneMask, int width=warpSize) __DEF_IF_HOST
      |                                                                                                                           ^~~~~~~~~~~~~
/usr/local/cuda/include/sm_30_intrinsics.h: In function 'float __shfl_sync(unsigned int, float, int, int)':
/usr/local/cuda/include/sm_30_intrinsics.h:76:25: warning: no return statement in function returning non-void [-Wreturn-type]
   76 | #define __DEF_IF_HOST { }
      |                         ^
/usr/local/cuda/include/sm_30_intrinsics.h:162:104: note: in expansion of macro '__DEF_IF_HOST'
  162 | __SM_30_INTRINSICS_DECL__ float __shfl_sync(unsigned mask, float var, int srcLane, int width=warpSize) __DEF_IF_HOST
      |                                                                                                        ^~~~~~~~~~~~~
/usr/local/cuda/include/sm_30_intrinsics.h: In function 'float __shfl_up_sync(unsigned int, float, unsigned int, int)':
/usr/local/cuda/include/sm_30_intrinsics.h:76:25: warning: no return statement in function returning non-void [-Wreturn-type]
   76 | #define __DEF_IF_HOST { }
      |                         ^
/usr/local/cuda/include/sm_30_intrinsics.h:163:114: note: in expansion of macro '__DEF_IF_HOST'
  163 | __SM_30_INTRINSICS_DECL__ float __shfl_up_sync(unsigned mask, float var, unsigned int delta, int width=warpSize) __DEF_IF_HOST
      |                                                                                                                  ^~~~~~~~~~~~~
/usr/local/cuda/include/sm_30_intrinsics.h: In function 'float __shfl_down_sync(unsigned int, float, unsigned int, int)':
/usr/local/cuda/include/sm_30_intrinsics.h:76:25: warning: no return statement in function returning non-void [-Wreturn-type]
   76 | #define __DEF_IF_HOST { }
      |                         ^
/usr/local/cuda/include/sm_30_intrinsics.h:164:116: note: in expansion of macro '__DEF_IF_HOST'
  164 | __SM_30_INTRINSICS_DECL__ float __shfl_down_sync(unsigned mask, float var, unsigned int delta, int width=warpSize) __DEF_IF_HOST
      |                                                                                                                    ^~~~~~~~~~~~~
/usr/local/cuda/include/sm_30_intrinsics.h: In function 'float __shfl_xor_sync(unsigned int, float, int, int)':
/usr/local/cuda/include/sm_30_intrinsics.h:76:25: warning: no return statement in function returning non-void [-Wreturn-type]
   76 | #define __DEF_IF_HOST { }
      |                         ^
/usr/local/cuda/include/sm_30_intrinsics.h:165:109: note: in expansion of macro '__DEF_IF_HOST'
  165 | __SM_30_INTRINSICS_DECL__ float __shfl_xor_sync(unsigned mask, float var, int laneMask, int width=warpSize) __DEF_IF_HOST
      |                                                                                                             ^~~~~~~~~~~~~
/usr/local/cuda/include/sm_30_intrinsics.h: In function 'long long unsigned int __shfl(long long unsigned int, int, int)':
/usr/local/cuda/include/sm_30_intrinsics.h:76:25: warning: no return statement in function returning non-void [-Wreturn-type]
   76 | #define __DEF_IF_HOST { }
      |                         ^
/usr/local/cuda/include/sm_30_intrinsics.h:169:160: note: in expansion of macro '__DEF_IF_HOST'
  169 | __SM_30_INTRINSICS_DECL__ __DEPRECATED__(__WSB_DEPRECATION_MESSAGE(__shfl)) unsigned long long __shfl(unsigned long long var, int srcLane, int width=warpSize) __DEF_IF_HOST
      |                                                                                                                                                                ^~~~~~~~~~~~~
/usr/local/cuda/include/sm_30_intrinsics.h: In function 'long long int __shfl(long long int, int, int)':
/usr/local/cuda/include/sm_30_intrinsics.h:76:25: warning: no return statement in function returning non-void [-Wreturn-type]
   76 | #define __DEF_IF_HOST { }
      |                         ^
/usr/local/cuda/include/sm_30_intrinsics.h:170:142: note: in expansion of macro '__DEF_IF_HOST'
  170 | __SM_30_INTRINSICS_DECL__ __DEPRECATED__(__WSB_DEPRECATION_MESSAGE(__shfl)) long long __shfl(long long var, int srcLane, int width=warpSize) __DEF_IF_HOST
      |                                                                                                                                              ^~~~~~~~~~~~~
/usr/local/cuda/include/sm_30_intrinsics.h: In function 'long long int __shfl_up(long long int, unsigned int, int)':
/usr/local/cuda/include/sm_30_intrinsics.h:76:25: warning: no return statement in function returning non-void [-Wreturn-type]
   76 | #define __DEF_IF_HOST { }
      |                         ^
/usr/local/cuda/include/sm_30_intrinsics.h:171:155: note: in expansion of macro '__DEF_IF_HOST'
  171 | __SM_30_INTRINSICS_DECL__ __DEPRECATED__(__WSB_DEPRECATION_MESSAGE(__shfl_up)) long long __shfl_up(long long var, unsigned int delta, int width=warpSize) __DEF_IF_HOST
      |                                                                                                                                                           ^~~~~~~~~~~~~
/usr/local/cuda/include/sm_30_intrinsics.h: In function 'long long unsigned int __shfl_up(long long unsigned int, unsigned int, int)':
/usr/local/cuda/include/sm_30_intrinsics.h:76:25: warning: no return statement in function returning non-void [-Wreturn-type]
   76 | #define __DEF_IF_HOST { }
      |                         ^
/usr/local/cuda/include/sm_30_intrinsics.h:172:173: note: in expansion of macro '__DEF_IF_HOST'
  172 | __SM_30_INTRINSICS_DECL__ __DEPRECATED__(__WSB_DEPRECATION_MESSAGE(__shfl_up)) unsigned long long __shfl_up(unsigned long long var, unsigned int delta, int width=warpSize) __DEF_IF_HOST
      |                                                                                                                                                                             ^~~~~~~~~~~~~
/usr/local/cuda/include/sm_30_intrinsics.h: In function 'long long int __shfl_down(long long int, unsigned int, int)':
/usr/local/cuda/include/sm_30_intrinsics.h:76:25: warning: no return statement in function returning non-void [-Wreturn-type]
   76 | #define __DEF_IF_HOST { }
      |                         ^
/usr/local/cuda/include/sm_30_intrinsics.h:173:159: note: in expansion of macro '__DEF_IF_HOST'
  173 | __SM_30_INTRINSICS_DECL__ __DEPRECATED__(__WSB_DEPRECATION_MESSAGE(__shfl_down)) long long __shfl_down(long long var, unsigned int delta, int width=warpSize) __DEF_IF_HOST
      |                                                                                                                                                               ^~~~~~~~~~~~~
/usr/local/cuda/include/sm_30_intrinsics.h: In function 'long long unsigned int __shfl_down(long long unsigned int, unsigned int, int)':
/usr/local/cuda/include/sm_30_intrinsics.h:76:25: warning: no return statement in function returning non-void [-Wreturn-type]
   76 | #define __DEF_IF_HOST { }
      |                         ^
/usr/local/cuda/include/sm_30_intrinsics.h:174:177: note: in expansion of macro '__DEF_IF_HOST'
  174 | __SM_30_INTRINSICS_DECL__ __DEPRECATED__(__WSB_DEPRECATION_MESSAGE(__shfl_down)) unsigned long long __shfl_down(unsigned long long var, unsigned int delta, int width=warpSize) __DEF_IF_HOST
      |                                                                                                                                                                                 ^~~~~~~~~~~~~
/usr/local/cuda/include/sm_30_intrinsics.h: In function 'long long int __shfl_xor(long long int, int, int)':
/usr/local/cuda/include/sm_30_intrinsics.h:76:25: warning: no return statement in function returning non-void [-Wreturn-type]
   76 | #define __DEF_IF_HOST { }
      |                         ^
/usr/local/cuda/include/sm_30_intrinsics.h:175:151: note: in expansion of macro '__DEF_IF_HOST'
  175 | __SM_30_INTRINSICS_DECL__ __DEPRECATED__(__WSB_DEPRECATION_MESSAGE(__shfl_xor)) long long __shfl_xor(long long var, int laneMask, int width=warpSize) __DEF_IF_HOST
      |                                                                                                                                                       ^~~~~~~~~~~~~
/usr/local/cuda/include/sm_30_intrinsics.h: In function 'long long unsigned int __shfl_xor(long long unsigned int, int, int)':
/usr/local/cuda/include/sm_30_intrinsics.h:76:25: warning: no return statement in function returning non-void [-Wreturn-type]
   76 | #define __DEF_IF_HOST { }
      |                         ^
/usr/local/cuda/include/sm_30_intrinsics.h:176:169: note: in expansion of macro '__DEF_IF_HOST'
  176 | __SM_30_INTRINSICS_DECL__ __DEPRECATED__(__WSB_DEPRECATION_MESSAGE(__shfl_xor)) unsigned long long __shfl_xor(unsigned long long var, int laneMask, int width=warpSize) __DEF_IF_HOST
      |                                                                                                                                                                         ^~~~~~~~~~~~~
/usr/local/cuda/include/sm_30_intrinsics.h: In function 'double __shfl(double, int, int)':
/usr/local/cuda/include/sm_30_intrinsics.h:76:25: warning: no return statement in function returning non-void [-Wreturn-type]
   76 | #define __DEF_IF_HOST { }
      |                         ^
/usr/local/cuda/include/sm_30_intrinsics.h:177:136: note: in expansion of macro '__DEF_IF_HOST'
  177 | __SM_30_INTRINSICS_DECL__ __DEPRECATED__(__WSB_DEPRECATION_MESSAGE(__shfl)) double __shfl(double var, int srcLane, int width=warpSize) __DEF_IF_HOST
      |                                                                                                                                        ^~~~~~~~~~~~~
/usr/local/cuda/include/sm_30_intrinsics.h: In function 'double __shfl_up(double, unsigned int, int)':
/usr/local/cuda/include/sm_30_intrinsics.h:76:25: warning: no return statement in function returning non-void [-Wreturn-type]
   76 | #define __DEF_IF_HOST { }
      |                         ^
/usr/local/cuda/include/sm_30_intrinsics.h:178:149: note: in expansion of macro '__DEF_IF_HOST'
  178 | __SM_30_INTRINSICS_DECL__ __DEPRECATED__(__WSB_DEPRECATION_MESSAGE(__shfl_up)) double __shfl_up(double var, unsigned int delta, int width=warpSize) __DEF_IF_HOST
      |                                                                                                                                                     ^~~~~~~~~~~~~
/usr/local/cuda/include/sm_30_intrinsics.h: In function 'double __shfl_down(double, unsigned int, int)':
/usr/local/cuda/include/sm_30_intrinsics.h:76:25: warning: no return statement in function returning non-void [-Wreturn-type]
   76 | #define __DEF_IF_HOST { }
      |                         ^
/usr/local/cuda/include/sm_30_intrinsics.h:179:153: note: in expansion of macro '__DEF_IF_HOST'
  179 | __SM_30_INTRINSICS_DECL__ __DEPRECATED__(__WSB_DEPRECATION_MESSAGE(__shfl_down)) double __shfl_down(double var, unsigned int delta, int width=warpSize) __DEF_IF_HOST
      |                                                                                                                                                         ^~~~~~~~~~~~~
/usr/local/cuda/include/sm_30_intrinsics.h: In function 'double __shfl_xor(double, int, int)':
/usr/local/cuda/include/sm_30_intrinsics.h:76:25: warning: no return statement in function returning non-void [-Wreturn-type]
   76 | #define __DEF_IF_HOST { }
      |                         ^
/usr/local/cuda/include/sm_30_intrinsics.h:180:145: note: in expansion of macro '__DEF_IF_HOST'
  180 | __SM_30_INTRINSICS_DECL__ __DEPRECATED__(__WSB_DEPRECATION_MESSAGE(__shfl_xor)) double __shfl_xor(double var, int laneMask, int width=warpSize) __DEF_IF_HOST
      |                                                                                                                                                 ^~~~~~~~~~~~~
/usr/local/cuda/include/sm_30_intrinsics.h: In function 'long long int __shfl_sync(unsigned int, long long int, int, int)':
/usr/local/cuda/include/sm_30_intrinsics.h:76:25: warning: no return statement in function returning non-void [-Wreturn-type]
   76 | #define __DEF_IF_HOST { }
      |                         ^
/usr/local/cuda/include/sm_30_intrinsics.h:183:112: note: in expansion of macro '__DEF_IF_HOST'
  183 | __SM_30_INTRINSICS_DECL__ long long __shfl_sync(unsigned mask, long long var, int srcLane, int width=warpSize) __DEF_IF_HOST
      |                                                                                                                ^~~~~~~~~~~~~
/usr/local/cuda/include/sm_30_intrinsics.h: In function 'long long unsigned int __shfl_sync(unsigned int, long long unsigned int, int, int)':
/usr/local/cuda/include/sm_30_intrinsics.h:76:25: warning: no return statement in function returning non-void [-Wreturn-type]
   76 | #define __DEF_IF_HOST { }
      |                         ^
/usr/local/cuda/include/sm_30_intrinsics.h:184:130: note: in expansion of macro '__DEF_IF_HOST'
  184 | __SM_30_INTRINSICS_DECL__ unsigned long long __shfl_sync(unsigned mask, unsigned long long var, int srcLane, int width=warpSize) __DEF_IF_HOST
      |                                                                                                                                  ^~~~~~~~~~~~~
/usr/local/cuda/include/sm_30_intrinsics.h: In function 'long long int __shfl_up_sync(unsigned int, long long int, unsigned int, int)':
/usr/local/cuda/include/sm_30_intrinsics.h:76:25: warning: no return statement in function returning non-void [-Wreturn-type]
   76 | #define __DEF_IF_HOST { }
      |                         ^
/usr/local/cuda/include/sm_30_intrinsics.h:185:122: note: in expansion of macro '__DEF_IF_HOST'
  185 | __SM_30_INTRINSICS_DECL__ long long __shfl_up_sync(unsigned mask, long long var, unsigned int delta, int width=warpSize) __DEF_IF_HOST
      |                                                                                                                          ^~~~~~~~~~~~~
/usr/local/cuda/include/sm_30_intrinsics.h: In function 'long long unsigned int __shfl_up_sync(unsigned int, long long unsigned int, unsigned int, int)':
/usr/local/cuda/include/sm_30_intrinsics.h:76:25: warning: no return statement in function returning non-void [-Wreturn-type]
   76 | #define __DEF_IF_HOST { }
      |                         ^
/usr/local/cuda/include/sm_30_intrinsics.h:186:140: note: in expansion of macro '__DEF_IF_HOST'
  186 | __SM_30_INTRINSICS_DECL__ unsigned long long __shfl_up_sync(unsigned mask, unsigned long long var, unsigned int delta, int width=warpSize) __DEF_IF_HOST
      |                                                                                                                                            ^~~~~~~~~~~~~
/usr/local/cuda/include/sm_30_intrinsics.h: In function 'long long int __shfl_down_sync(unsigned int, long long int, unsigned int, int)':
/usr/local/cuda/include/sm_30_intrinsics.h:76:25: warning: no return statement in function returning non-void [-Wreturn-type]
   76 | #define __DEF_IF_HOST { }
      |                         ^
/usr/local/cuda/include/sm_30_intrinsics.h:187:124: note: in expansion of macro '__DEF_IF_HOST'
  187 | __SM_30_INTRINSICS_DECL__ long long __shfl_down_sync(unsigned mask, long long var, unsigned int delta, int width=warpSize) __DEF_IF_HOST
      |                                                                                                                            ^~~~~~~~~~~~~
/usr/local/cuda/include/sm_30_intrinsics.h: In function 'long long unsigned int __shfl_down_sync(unsigned int, long long unsigned int, unsigned int, int)':
/usr/local/cuda/include/sm_30_intrinsics.h:76:25: warning: no return statement in function returning non-void [-Wreturn-type]
   76 | #define __DEF_IF_HOST { }
      |                         ^
/usr/local/cuda/include/sm_30_intrinsics.h:188:142: note: in expansion of macro '__DEF_IF_HOST'
  188 | __SM_30_INTRINSICS_DECL__ unsigned long long __shfl_down_sync(unsigned mask, unsigned long long var, unsigned int delta, int width=warpSize) __DEF_IF_HOST
      |                                                                                                                                              ^~~~~~~~~~~~~
/usr/local/cuda/include/sm_30_intrinsics.h: In function 'long long int __shfl_xor_sync(unsigned int, long long int, int, int)':
/usr/local/cuda/include/sm_30_intrinsics.h:76:25: warning: no return statement in function returning non-void [-Wreturn-type]
   76 | #define __DEF_IF_HOST { }
      |                         ^
/usr/local/cuda/include/sm_30_intrinsics.h:189:117: note: in expansion of macro '__DEF_IF_HOST'
  189 | __SM_30_INTRINSICS_DECL__ long long __shfl_xor_sync(unsigned mask, long long var, int laneMask, int width=warpSize) __DEF_IF_HOST
      |                                                                                                                     ^~~~~~~~~~~~~
/usr/local/cuda/include/sm_30_intrinsics.h: In function 'long long unsigned int __shfl_xor_sync(unsigned int, long long unsigned int, int, int)':
/usr/local/cuda/include/sm_30_intrinsics.h:76:25: warning: no return statement in function returning non-void [-Wreturn-type]
   76 | #define __DEF_IF_HOST { }
      |                         ^
/usr/local/cuda/include/sm_30_intrinsics.h:190:135: note: in expansion of macro '__DEF_IF_HOST'
  190 | __SM_30_INTRINSICS_DECL__ unsigned long long __shfl_xor_sync(unsigned mask, unsigned long long var, int laneMask, int width=warpSize) __DEF_IF_HOST
      |                                                                                                                                       ^~~~~~~~~~~~~
/usr/local/cuda/include/sm_30_intrinsics.h: In function 'double __shfl_sync(unsigned int, double, int, int)':
/usr/local/cuda/include/sm_30_intrinsics.h:76:25: warning: no return statement in function returning non-void [-Wreturn-type]
   76 | #define __DEF_IF_HOST { }
      |                         ^
/usr/local/cuda/include/sm_30_intrinsics.h:191:106: note: in expansion of macro '__DEF_IF_HOST'
  191 | __SM_30_INTRINSICS_DECL__ double __shfl_sync(unsigned mask, double var, int srcLane, int width=warpSize) __DEF_IF_HOST
      |                                                                                                          ^~~~~~~~~~~~~
/usr/local/cuda/include/sm_30_intrinsics.h: In function 'double __shfl_up_sync(unsigned int, double, unsigned int, int)':
/usr/local/cuda/include/sm_30_intrinsics.h:76:25: warning: no return statement in function returning non-void [-Wreturn-type]
   76 | #define __DEF_IF_HOST { }
      |                         ^
/usr/local/cuda/include/sm_30_intrinsics.h:192:116: note: in expansion of macro '__DEF_IF_HOST'
  192 | __SM_30_INTRINSICS_DECL__ double __shfl_up_sync(unsigned mask, double var, unsigned int delta, int width=warpSize) __DEF_IF_HOST
      |                                                                                                                    ^~~~~~~~~~~~~
/usr/local/cuda/include/sm_30_intrinsics.h: In function 'double __shfl_down_sync(unsigned int, double, unsigned int, int)':
/usr/local/cuda/include/sm_30_intrinsics.h:76:25: warning: no return statement in function returning non-void [-Wreturn-type]
   76 | #define __DEF_IF_HOST { }
      |                         ^
/usr/local/cuda/include/sm_30_intrinsics.h:193:118: note: in expansion of macro '__DEF_IF_HOST'
  193 | __SM_30_INTRINSICS_DECL__ double __shfl_down_sync(unsigned mask, double var, unsigned int delta, int width=warpSize) __DEF_IF_HOST
      |                                                                                                                      ^~~~~~~~~~~~~
/usr/local/cuda/include/sm_30_intrinsics.h: In function 'double __shfl_xor_sync(unsigned int, double, int, int)':
/usr/local/cuda/include/sm_30_intrinsics.h:76:25: warning: no return statement in function returning non-void [-Wreturn-type]
   76 | #define __DEF_IF_HOST { }
      |                         ^
/usr/local/cuda/include/sm_30_intrinsics.h:194:111: note: in expansion of macro '__DEF_IF_HOST'
  194 | __SM_30_INTRINSICS_DECL__ double __shfl_xor_sync(unsigned mask, double var, int laneMask, int width=warpSize) __DEF_IF_HOST
      |                                                                                                               ^~~~~~~~~~~~~
/usr/local/cuda/include/sm_30_intrinsics.h: In function 'long int __shfl(long int, int, int)':
/usr/local/cuda/include/sm_30_intrinsics.h:76:25: warning: no return statement in function returning non-void [-Wreturn-type]
   76 | #define __DEF_IF_HOST { }
      |                         ^
/usr/local/cuda/include/sm_30_intrinsics.h:198:132: note: in expansion of macro '__DEF_IF_HOST'
  198 | __SM_30_INTRINSICS_DECL__ __DEPRECATED__(__WSB_DEPRECATION_MESSAGE(__shfl)) long __shfl(long var, int srcLane, int width=warpSize) __DEF_IF_HOST
      |                                                                                                                                    ^~~~~~~~~~~~~
/usr/local/cuda/include/sm_30_intrinsics.h: In function 'long unsigned int __shfl(long unsigned int, int, int)':
/usr/local/cuda/include/sm_30_intrinsics.h:76:25: warning: no return statement in function returning non-void [-Wreturn-type]
   76 | #define __DEF_IF_HOST { }
      |                         ^
/usr/local/cuda/include/sm_30_intrinsics.h:199:150: note: in expansion of macro '__DEF_IF_HOST'
  199 | __SM_30_INTRINSICS_DECL__ __DEPRECATED__(__WSB_DEPRECATION_MESSAGE(__shfl)) unsigned long __shfl(unsigned long var, int srcLane, int width=warpSize) __DEF_IF_HOST
      |                                                                                                                                                      ^~~~~~~~~~~~~
/usr/local/cuda/include/sm_30_intrinsics.h: In function 'long int __shfl_up(long int, unsigned int, int)':
/usr/local/cuda/include/sm_30_intrinsics.h:76:25: warning: no return statement in function returning non-void [-Wreturn-type]
   76 | #define __DEF_IF_HOST { }
      |                         ^
/usr/local/cuda/include/sm_30_intrinsics.h:200:145: note: in expansion of macro '__DEF_IF_HOST'
  200 | __SM_30_INTRINSICS_DECL__ __DEPRECATED__(__WSB_DEPRECATION_MESSAGE(__shfl_up)) long __shfl_up(long var, unsigned int delta, int width=warpSize) __DEF_IF_HOST
      |                                                                                                                                                 ^~~~~~~~~~~~~
/usr/local/cuda/include/sm_30_intrinsics.h: In function 'long unsigned int __shfl_up(long unsigned int, unsigned int, int)':
/usr/local/cuda/include/sm_30_intrinsics.h:76:25: warning: no return statement in function returning non-void [-Wreturn-type]
   76 | #define __DEF_IF_HOST { }
      |                         ^
/usr/local/cuda/include/sm_30_intrinsics.h:201:163: note: in expansion of macro '__DEF_IF_HOST'
  201 | __SM_30_INTRINSICS_DECL__ __DEPRECATED__(__WSB_DEPRECATION_MESSAGE(__shfl_up)) unsigned long __shfl_up(unsigned long var, unsigned int delta, int width=warpSize) __DEF_IF_HOST
      |                                                                                                                                                                   ^~~~~~~~~~~~~
/usr/local/cuda/include/sm_30_intrinsics.h: In function 'long int __shfl_down(long int, unsigned int, int)':
/usr/local/cuda/include/sm_30_intrinsics.h:76:25: warning: no return statement in function returning non-void [-Wreturn-type]
   76 | #define __DEF_IF_HOST { }
      |                         ^
/usr/local/cuda/include/sm_30_intrinsics.h:202:149: note: in expansion of macro '__DEF_IF_HOST'
  202 | __SM_30_INTRINSICS_DECL__ __DEPRECATED__(__WSB_DEPRECATION_MESSAGE(__shfl_down)) long __shfl_down(long var, unsigned int delta, int width=warpSize) __DEF_IF_HOST
      |                                                                                                                                                     ^~~~~~~~~~~~~
/usr/local/cuda/include/sm_30_intrinsics.h: In function 'long unsigned int __shfl_down(long unsigned int, unsigned int, int)':
/usr/local/cuda/include/sm_30_intrinsics.h:76:25: warning: no return statement in function returning non-void [-Wreturn-type]
   76 | #define __DEF_IF_HOST { }
      |                         ^
/usr/local/cuda/include/sm_30_intrinsics.h:203:167: note: in expansion of macro '__DEF_IF_HOST'
  203 | __SM_30_INTRINSICS_DECL__ __DEPRECATED__(__WSB_DEPRECATION_MESSAGE(__shfl_down)) unsigned long __shfl_down(unsigned long var, unsigned int delta, int width=warpSize) __DEF_IF_HOST
      |                                                                                                                                                                       ^~~~~~~~~~~~~
/usr/local/cuda/include/sm_30_intrinsics.h: In function 'long int __shfl_xor(long int, int, int)':
/usr/local/cuda/include/sm_30_intrinsics.h:76:25: warning: no return statement in function returning non-void [-Wreturn-type]
   76 | #define __DEF_IF_HOST { }
      |                         ^
/usr/local/cuda/include/sm_30_intrinsics.h:204:141: note: in expansion of macro '__DEF_IF_HOST'
  204 | __SM_30_INTRINSICS_DECL__ __DEPRECATED__(__WSB_DEPRECATION_MESSAGE(__shfl_xor)) long __shfl_xor(long var, int laneMask, int width=warpSize) __DEF_IF_HOST
      |                                                                                                                                             ^~~~~~~~~~~~~
/usr/local/cuda/include/sm_30_intrinsics.h: In function 'long unsigned int __shfl_xor(long unsigned int, int, int)':
/usr/local/cuda/include/sm_30_intrinsics.h:76:25: warning: no return statement in function returning non-void [-Wreturn-type]
   76 | #define __DEF_IF_HOST { }
      |                         ^
/usr/local/cuda/include/sm_30_intrinsics.h:205:159: note: in expansion of macro '__DEF_IF_HOST'
  205 | __SM_30_INTRINSICS_DECL__ __DEPRECATED__(__WSB_DEPRECATION_MESSAGE(__shfl_xor)) unsigned long __shfl_xor(unsigned long var, int laneMask, int width=warpSize) __DEF_IF_HOST
      |                                                                                                                                                               ^~~~~~~~~~~~~
/usr/local/cuda/include/sm_30_intrinsics.h: In function 'long int __shfl_sync(unsigned int, long int, int, int)':
/usr/local/cuda/include/sm_30_intrinsics.h:76:25: warning: no return statement in function returning non-void [-Wreturn-type]
   76 | #define __DEF_IF_HOST { }
      |                         ^
/usr/local/cuda/include/sm_30_intrinsics.h:208:102: note: in expansion of macro '__DEF_IF_HOST'
  208 | __SM_30_INTRINSICS_DECL__ long __shfl_sync(unsigned mask, long var, int srcLane, int width=warpSize) __DEF_IF_HOST
      |                                                                                                      ^~~~~~~~~~~~~
/usr/local/cuda/include/sm_30_intrinsics.h: In function 'long unsigned int __shfl_sync(unsigned int, long unsigned int, int, int)':
/usr/local/cuda/include/sm_30_intrinsics.h:76:25: warning: no return statement in function returning non-void [-Wreturn-type]
   76 | #define __DEF_IF_HOST { }
      |                         ^
/usr/local/cuda/include/sm_30_intrinsics.h:209:120: note: in expansion of macro '__DEF_IF_HOST'
  209 | __SM_30_INTRINSICS_DECL__ unsigned long __shfl_sync(unsigned mask, unsigned long var, int srcLane, int width=warpSize) __DEF_IF_HOST
      |                                                                                                                        ^~~~~~~~~~~~~
/usr/local/cuda/include/sm_30_intrinsics.h: In function 'long int __shfl_up_sync(unsigned int, long int, unsigned int, int)':
/usr/local/cuda/include/sm_30_intrinsics.h:76:25: warning: no return statement in function returning non-void [-Wreturn-type]
   76 | #define __DEF_IF_HOST { }
      |                         ^
/usr/local/cuda/include/sm_30_intrinsics.h:210:112: note: in expansion of macro '__DEF_IF_HOST'
  210 | __SM_30_INTRINSICS_DECL__ long __shfl_up_sync(unsigned mask, long var, unsigned int delta, int width=warpSize) __DEF_IF_HOST
      |                                                                                                                ^~~~~~~~~~~~~
/usr/local/cuda/include/sm_30_intrinsics.h: In function 'long unsigned int __shfl_up_sync(unsigned int, long unsigned int, unsigned int, int)':
/usr/local/cuda/include/sm_30_intrinsics.h:76:25: warning: no return statement in function returning non-void [-Wreturn-type]
   76 | #define __DEF_IF_HOST { }
      |                         ^
/usr/local/cuda/include/sm_30_intrinsics.h:211:130: note: in expansion of macro '__DEF_IF_HOST'
  211 | __SM_30_INTRINSICS_DECL__ unsigned long __shfl_up_sync(unsigned mask, unsigned long var, unsigned int delta, int width=warpSize) __DEF_IF_HOST
      |                                                                                                                                  ^~~~~~~~~~~~~
/usr/local/cuda/include/sm_30_intrinsics.h: In function 'long int __shfl_down_sync(unsigned int, long int, unsigned int, int)':
/usr/local/cuda/include/sm_30_intrinsics.h:76:25: warning: no return statement in function returning non-void [-Wreturn-type]
   76 | #define __DEF_IF_HOST { }
      |                         ^
/usr/local/cuda/include/sm_30_intrinsics.h:212:114: note: in expansion of macro '__DEF_IF_HOST'
  212 | __SM_30_INTRINSICS_DECL__ long __shfl_down_sync(unsigned mask, long var, unsigned int delta, int width=warpSize) __DEF_IF_HOST
      |                                                                                                                  ^~~~~~~~~~~~~
/usr/local/cuda/include/sm_30_intrinsics.h: In function 'long unsigned int __shfl_down_sync(unsigned int, long unsigned int, unsigned int, int)':
/usr/local/cuda/include/sm_30_intrinsics.h:76:25: warning: no return statement in function returning non-void [-Wreturn-type]
   76 | #define __DEF_IF_HOST { }
      |                         ^
/usr/local/cuda/include/sm_30_intrinsics.h:213:132: note: in expansion of macro '__DEF_IF_HOST'
  213 | __SM_30_INTRINSICS_DECL__ unsigned long __shfl_down_sync(unsigned mask, unsigned long var, unsigned int delta, int width=warpSize) __DEF_IF_HOST
      |                                                                                                                                    ^~~~~~~~~~~~~
/usr/local/cuda/include/sm_30_intrinsics.h: In function 'long int __shfl_xor_sync(unsigned int, long int, int, int)':
/usr/local/cuda/include/sm_30_intrinsics.h:76:25: warning: no return statement in function returning non-void [-Wreturn-type]
   76 | #define __DEF_IF_HOST { }
      |                         ^
/usr/local/cuda/include/sm_30_intrinsics.h:214:107: note: in expansion of macro '__DEF_IF_HOST'
  214 | __SM_30_INTRINSICS_DECL__ long __shfl_xor_sync(unsigned mask, long var, int laneMask, int width=warpSize) __DEF_IF_HOST
      |                                                                                                           ^~~~~~~~~~~~~
/usr/local/cuda/include/sm_30_intrinsics.h: In function 'long unsigned int __shfl_xor_sync(unsigned int, long unsigned int, int, int)':
/usr/local/cuda/include/sm_30_intrinsics.h:76:25: warning: no return statement in function returning non-void [-Wreturn-type]
   76 | #define __DEF_IF_HOST { }
      |                         ^
/usr/local/cuda/include/sm_30_intrinsics.h:215:125: note: in expansion of macro '__DEF_IF_HOST'
  215 | __SM_30_INTRINSICS_DECL__ unsigned long __shfl_xor_sync(unsigned mask, unsigned long var, int laneMask, int width=warpSize) __DEF_IF_HOST
      |                                                                                                                             ^~~~~~~~~~~~~
In file included from /usr/local/cuda/include/crt/device_functions.h:3623,
                 from /home/GVirtuS/GVirtuS/plugins/cudart/backend/CudaRtHandler.h:71,
                 from /home/GVirtuS/GVirtuS/plugins/cudart/backend/CudaRtHandler_memory.cpp:26:
/usr/local/cuda/include/sm_32_intrinsics.h: In function 'long int __ldg(const long int*)':
/usr/local/cuda/include/sm_32_intrinsics.h:74:25: warning: no return statement in function returning non-void [-Wreturn-type]
   74 | #define __DEF_IF_HOST { }
      |                         ^
/usr/local/cuda/include/sm_32_intrinsics.h:87:55: note: in expansion of macro '__DEF_IF_HOST'
   87 | __SM_32_INTRINSICS_DECL__ long __ldg(const long *ptr) __DEF_IF_HOST
      |                                                       ^~~~~~~~~~~~~
/usr/local/cuda/include/sm_32_intrinsics.h: In function 'long unsigned int __ldg(const long unsigned int*)':
/usr/local/cuda/include/sm_32_intrinsics.h:74:25: warning: no return statement in function returning non-void [-Wreturn-type]
   74 | #define __DEF_IF_HOST { }
      |                         ^
/usr/local/cuda/include/sm_32_intrinsics.h:88:73: note: in expansion of macro '__DEF_IF_HOST'
   88 | __SM_32_INTRINSICS_DECL__ unsigned long __ldg(const unsigned long *ptr) __DEF_IF_HOST
      |                                                                         ^~~~~~~~~~~~~
/usr/local/cuda/include/sm_32_intrinsics.h: In function 'char __ldg(const char*)':
/usr/local/cuda/include/sm_32_intrinsics.h:74:25: warning: no return statement in function returning non-void [-Wreturn-type]
   74 | #define __DEF_IF_HOST { }
      |                         ^
/usr/local/cuda/include/sm_32_intrinsics.h:90:55: note: in expansion of macro '__DEF_IF_HOST'
   90 | __SM_32_INTRINSICS_DECL__ char __ldg(const char *ptr) __DEF_IF_HOST
      |                                                       ^~~~~~~~~~~~~
/usr/local/cuda/include/sm_32_intrinsics.h: In function 'signed char __ldg(const signed char*)':
/usr/local/cuda/include/sm_32_intrinsics.h:74:25: warning: no return statement in function returning non-void [-Wreturn-type]
   74 | #define __DEF_IF_HOST { }
      |                         ^
/usr/local/cuda/include/sm_32_intrinsics.h:91:69: note: in expansion of macro '__DEF_IF_HOST'
   91 | __SM_32_INTRINSICS_DECL__ signed char __ldg(const signed char *ptr) __DEF_IF_HOST
      |                                                                     ^~~~~~~~~~~~~
/usr/local/cuda/include/sm_32_intrinsics.h: In function 'short int __ldg(const short int*)':
/usr/local/cuda/include/sm_32_intrinsics.h:74:25: warning: no return statement in function returning non-void [-Wreturn-type]
   74 | #define __DEF_IF_HOST { }
      |                         ^
/usr/local/cuda/include/sm_32_intrinsics.h:92:57: note: in expansion of macro '__DEF_IF_HOST'
   92 | __SM_32_INTRINSICS_DECL__ short __ldg(const short *ptr) __DEF_IF_HOST
      |                                                         ^~~~~~~~~~~~~
/usr/local/cuda/include/sm_32_intrinsics.h: In function 'int __ldg(const int*)':
/usr/local/cuda/include/sm_32_intrinsics.h:74:25: warning: no return statement in function returning non-void [-Wreturn-type]
   74 | #define __DEF_IF_HOST { }
      |                         ^
/usr/local/cuda/include/sm_32_intrinsics.h:93:53: note: in expansion of macro '__DEF_IF_HOST'
   93 | __SM_32_INTRINSICS_DECL__ int __ldg(const int *ptr) __DEF_IF_HOST
      |                                                     ^~~~~~~~~~~~~
/usr/local/cuda/include/sm_32_intrinsics.h: In function 'long long int __ldg(const long long int*)':
/usr/local/cuda/include/sm_32_intrinsics.h:74:25: warning: no return statement in function returning non-void [-Wreturn-type]
   74 | #define __DEF_IF_HOST { }
      |                         ^
/usr/local/cuda/include/sm_32_intrinsics.h:94:65: note: in expansion of macro '__DEF_IF_HOST'
   94 | __SM_32_INTRINSICS_DECL__ long long __ldg(const long long *ptr) __DEF_IF_HOST
      |                                                                 ^~~~~~~~~~~~~
/usr/local/cuda/include/sm_32_intrinsics.h: In function 'char2 __ldg(const char2*)':
/usr/local/cuda/include/sm_32_intrinsics.h:74:25: warning: no return statement in function returning non-void [-Wreturn-type]
   74 | #define __DEF_IF_HOST { }
      |                         ^
/usr/local/cuda/include/sm_32_intrinsics.h:95:57: note: in expansion of macro '__DEF_IF_HOST'
   95 | __SM_32_INTRINSICS_DECL__ char2 __ldg(const char2 *ptr) __DEF_IF_HOST
      |                                                         ^~~~~~~~~~~~~
/usr/local/cuda/include/sm_32_intrinsics.h: In function 'char4 __ldg(const char4*)':
/usr/local/cuda/include/sm_32_intrinsics.h:74:25: warning: no return statement in function returning non-void [-Wreturn-type]
   74 | #define __DEF_IF_HOST { }
      |                         ^
/usr/local/cuda/include/sm_32_intrinsics.h:96:57: note: in expansion of macro '__DEF_IF_HOST'
   96 | __SM_32_INTRINSICS_DECL__ char4 __ldg(const char4 *ptr) __DEF_IF_HOST
      |                                                         ^~~~~~~~~~~~~
/usr/local/cuda/include/sm_32_intrinsics.h: In function 'short2 __ldg(const short2*)':
/usr/local/cuda/include/sm_32_intrinsics.h:74:25: warning: no return statement in function returning non-void [-Wreturn-type]
   74 | #define __DEF_IF_HOST { }
      |                         ^
/usr/local/cuda/include/sm_32_intrinsics.h:97:59: note: in expansion of macro '__DEF_IF_HOST'
   97 | __SM_32_INTRINSICS_DECL__ short2 __ldg(const short2 *ptr) __DEF_IF_HOST
      |                                                           ^~~~~~~~~~~~~
/usr/local/cuda/include/sm_32_intrinsics.h: In function 'short4 __ldg(const short4*)':
/usr/local/cuda/include/sm_32_intrinsics.h:74:25: warning: no return statement in function returning non-void [-Wreturn-type]
   74 | #define __DEF_IF_HOST { }
      |                         ^
/usr/local/cuda/include/sm_32_intrinsics.h:98:59: note: in expansion of macro '__DEF_IF_HOST'
   98 | __SM_32_INTRINSICS_DECL__ short4 __ldg(const short4 *ptr) __DEF_IF_HOST
      |                                                           ^~~~~~~~~~~~~
/usr/local/cuda/include/sm_32_intrinsics.h: In function 'int2 __ldg(const int2*)':
/usr/local/cuda/include/sm_32_intrinsics.h:74:25: warning: no return statement in function returning non-void [-Wreturn-type]
   74 | #define __DEF_IF_HOST { }
      |                         ^
/usr/local/cuda/include/sm_32_intrinsics.h:99:55: note: in expansion of macro '__DEF_IF_HOST'
   99 | __SM_32_INTRINSICS_DECL__ int2 __ldg(const int2 *ptr) __DEF_IF_HOST
      |                                                       ^~~~~~~~~~~~~
/usr/local/cuda/include/sm_32_intrinsics.h: In function 'int4 __ldg(const int4*)':
/usr/local/cuda/include/sm_32_intrinsics.h:74:25: warning: no return statement in function returning non-void [-Wreturn-type]
   74 | #define __DEF_IF_HOST { }
      |                         ^
/usr/local/cuda/include/sm_32_intrinsics.h:100:55: note: in expansion of macro '__DEF_IF_HOST'
  100 | __SM_32_INTRINSICS_DECL__ int4 __ldg(const int4 *ptr) __DEF_IF_HOST
      |                                                       ^~~~~~~~~~~~~
/usr/local/cuda/include/sm_32_intrinsics.h: In function 'longlong2 __ldg(const longlong2*)':
/usr/local/cuda/include/sm_32_intrinsics.h:74:25: warning: no return statement in function returning non-void [-Wreturn-type]
   74 | #define __DEF_IF_HOST { }
      |                         ^
/usr/local/cuda/include/sm_32_intrinsics.h:101:65: note: in expansion of macro '__DEF_IF_HOST'
  101 | __SM_32_INTRINSICS_DECL__ longlong2 __ldg(const longlong2 *ptr) __DEF_IF_HOST
      |                                                                 ^~~~~~~~~~~~~
/usr/local/cuda/include/sm_32_intrinsics.h: In function 'unsigned char __ldg(const unsigned char*)':
/usr/local/cuda/include/sm_32_intrinsics.h:74:25: warning: no return statement in function returning non-void [-Wreturn-type]
   74 | #define __DEF_IF_HOST { }
      |                         ^
/usr/local/cuda/include/sm_32_intrinsics.h:103:73: note: in expansion of macro '__DEF_IF_HOST'
  103 | __SM_32_INTRINSICS_DECL__ unsigned char __ldg(const unsigned char *ptr) __DEF_IF_HOST
      |                                                                         ^~~~~~~~~~~~~
/usr/local/cuda/include/sm_32_intrinsics.h: In function 'short unsigned int __ldg(const short unsigned int*)':
/usr/local/cuda/include/sm_32_intrinsics.h:74:25: warning: no return statement in function returning non-void [-Wreturn-type]
   74 | #define __DEF_IF_HOST { }
      |                         ^
/usr/local/cuda/include/sm_32_intrinsics.h:104:75: note: in expansion of macro '__DEF_IF_HOST'
  104 | __SM_32_INTRINSICS_DECL__ unsigned short __ldg(const unsigned short *ptr) __DEF_IF_HOST
      |                                                                           ^~~~~~~~~~~~~
/usr/local/cuda/include/sm_32_intrinsics.h: In function 'unsigned int __ldg(const unsigned int*)':
/usr/local/cuda/include/sm_32_intrinsics.h:74:25: warning: no return statement in function returning non-void [-Wreturn-type]
   74 | #define __DEF_IF_HOST { }
      |                         ^
/usr/local/cuda/include/sm_32_intrinsics.h:105:71: note: in expansion of macro '__DEF_IF_HOST'
  105 | __SM_32_INTRINSICS_DECL__ unsigned int __ldg(const unsigned int *ptr) __DEF_IF_HOST
      |                                                                       ^~~~~~~~~~~~~
/usr/local/cuda/include/sm_32_intrinsics.h: In function 'long long unsigned int __ldg(const long long unsigned int*)':
/usr/local/cuda/include/sm_32_intrinsics.h:74:25: warning: no return statement in function returning non-void [-Wreturn-type]
   74 | #define __DEF_IF_HOST { }
      |                         ^
/usr/local/cuda/include/sm_32_intrinsics.h:106:83: note: in expansion of macro '__DEF_IF_HOST'
  106 | __SM_32_INTRINSICS_DECL__ unsigned long long __ldg(const unsigned long long *ptr) __DEF_IF_HOST
      |                                                                                   ^~~~~~~~~~~~~
/usr/local/cuda/include/sm_32_intrinsics.h: In function 'uchar2 __ldg(const uchar2*)':
/usr/local/cuda/include/sm_32_intrinsics.h:74:25: warning: no return statement in function returning non-void [-Wreturn-type]
   74 | #define __DEF_IF_HOST { }
      |                         ^
/usr/local/cuda/include/sm_32_intrinsics.h:107:59: note: in expansion of macro '__DEF_IF_HOST'
  107 | __SM_32_INTRINSICS_DECL__ uchar2 __ldg(const uchar2 *ptr) __DEF_IF_HOST
      |                                                           ^~~~~~~~~~~~~
/usr/local/cuda/include/sm_32_intrinsics.h: In function 'uchar4 __ldg(const uchar4*)':
/usr/local/cuda/include/sm_32_intrinsics.h:74:25: warning: no return statement in function returning non-void [-Wreturn-type]
   74 | #define __DEF_IF_HOST { }
      |                         ^
/usr/local/cuda/include/sm_32_intrinsics.h:108:59: note: in expansion of macro '__DEF_IF_HOST'
  108 | __SM_32_INTRINSICS_DECL__ uchar4 __ldg(const uchar4 *ptr) __DEF_IF_HOST
      |                                                           ^~~~~~~~~~~~~
/usr/local/cuda/include/sm_32_intrinsics.h: In function 'ushort2 __ldg(const ushort2*)':
/usr/local/cuda/include/sm_32_intrinsics.h:74:25: warning: no return statement in function returning non-void [-Wreturn-type]
   74 | #define __DEF_IF_HOST { }
      |                         ^
/usr/local/cuda/include/sm_32_intrinsics.h:109:61: note: in expansion of macro '__DEF_IF_HOST'
  109 | __SM_32_INTRINSICS_DECL__ ushort2 __ldg(const ushort2 *ptr) __DEF_IF_HOST
      |                                                             ^~~~~~~~~~~~~
/usr/local/cuda/include/sm_32_intrinsics.h: In function 'ushort4 __ldg(const ushort4*)':
/usr/local/cuda/include/sm_32_intrinsics.h:74:25: warning: no return statement in function returning non-void [-Wreturn-type]
   74 | #define __DEF_IF_HOST { }
      |                         ^
/usr/local/cuda/include/sm_32_intrinsics.h:110:61: note: in expansion of macro '__DEF_IF_HOST'
  110 | __SM_32_INTRINSICS_DECL__ ushort4 __ldg(const ushort4 *ptr) __DEF_IF_HOST
      |                                                             ^~~~~~~~~~~~~
/usr/local/cuda/include/sm_32_intrinsics.h: In function 'uint2 __ldg(const uint2*)':
/usr/local/cuda/include/sm_32_intrinsics.h:74:25: warning: no return statement in function returning non-void [-Wreturn-type]
   74 | #define __DEF_IF_HOST { }
      |                         ^
/usr/local/cuda/include/sm_32_intrinsics.h:111:57: note: in expansion of macro '__DEF_IF_HOST'
  111 | __SM_32_INTRINSICS_DECL__ uint2 __ldg(const uint2 *ptr) __DEF_IF_HOST
      |                                                         ^~~~~~~~~~~~~
/usr/local/cuda/include/sm_32_intrinsics.h: In function 'uint4 __ldg(const uint4*)':
/usr/local/cuda/include/sm_32_intrinsics.h:74:25: warning: no return statement in function returning non-void [-Wreturn-type]
   74 | #define __DEF_IF_HOST { }
      |                         ^
/usr/local/cuda/include/sm_32_intrinsics.h:112:57: note: in expansion of macro '__DEF_IF_HOST'
  112 | __SM_32_INTRINSICS_DECL__ uint4 __ldg(const uint4 *ptr) __DEF_IF_HOST
      |                                                         ^~~~~~~~~~~~~
/usr/local/cuda/include/sm_32_intrinsics.h: In function 'ulonglong2 __ldg(const ulonglong2*)':
/usr/local/cuda/include/sm_32_intrinsics.h:74:25: warning: no return statement in function returning non-void [-Wreturn-type]
   74 | #define __DEF_IF_HOST { }
      |                         ^
/usr/local/cuda/include/sm_32_intrinsics.h:113:67: note: in expansion of macro '__DEF_IF_HOST'
  113 | __SM_32_INTRINSICS_DECL__ ulonglong2 __ldg(const ulonglong2 *ptr) __DEF_IF_HOST
      |                                                                   ^~~~~~~~~~~~~
/usr/local/cuda/include/sm_32_intrinsics.h: In function 'float __ldg(const float*)':
/usr/local/cuda/include/sm_32_intrinsics.h:74:25: warning: no return statement in function returning non-void [-Wreturn-type]
   74 | #define __DEF_IF_HOST { }
      |                         ^
/usr/local/cuda/include/sm_32_intrinsics.h:115:57: note: in expansion of macro '__DEF_IF_HOST'
  115 | __SM_32_INTRINSICS_DECL__ float __ldg(const float *ptr) __DEF_IF_HOST
      |                                                         ^~~~~~~~~~~~~
/usr/local/cuda/include/sm_32_intrinsics.h: In function 'double __ldg(const double*)':
/usr/local/cuda/include/sm_32_intrinsics.h:74:25: warning: no return statement in function returning non-void [-Wreturn-type]
   74 | #define __DEF_IF_HOST { }
      |                         ^
/usr/local/cuda/include/sm_32_intrinsics.h:116:59: note: in expansion of macro '__DEF_IF_HOST'
  116 | __SM_32_INTRINSICS_DECL__ double __ldg(const double *ptr) __DEF_IF_HOST
      |                                                           ^~~~~~~~~~~~~
/usr/local/cuda/include/sm_32_intrinsics.h: In function 'float2 __ldg(const float2*)':
/usr/local/cuda/include/sm_32_intrinsics.h:74:25: warning: no return statement in function returning non-void [-Wreturn-type]
   74 | #define __DEF_IF_HOST { }
      |                         ^
/usr/local/cuda/include/sm_32_intrinsics.h:117:59: note: in expansion of macro '__DEF_IF_HOST'
  117 | __SM_32_INTRINSICS_DECL__ float2 __ldg(const float2 *ptr) __DEF_IF_HOST
      |                                                           ^~~~~~~~~~~~~
/usr/local/cuda/include/sm_32_intrinsics.h: In function 'float4 __ldg(const float4*)':
/usr/local/cuda/include/sm_32_intrinsics.h:74:25: warning: no return statement in function returning non-void [-Wreturn-type]
   74 | #define __DEF_IF_HOST { }
      |                         ^
/usr/local/cuda/include/sm_32_intrinsics.h:118:59: note: in expansion of macro '__DEF_IF_HOST'
  118 | __SM_32_INTRINSICS_DECL__ float4 __ldg(const float4 *ptr) __DEF_IF_HOST
      |                                                           ^~~~~~~~~~~~~
/usr/local/cuda/include/sm_32_intrinsics.h: In function 'double2 __ldg(const double2*)':
/usr/local/cuda/include/sm_32_intrinsics.h:74:25: warning: no return statement in function returning non-void [-Wreturn-type]
   74 | #define __DEF_IF_HOST { }
      |                         ^
/usr/local/cuda/include/sm_32_intrinsics.h:119:61: note: in expansion of macro '__DEF_IF_HOST'
  119 | __SM_32_INTRINSICS_DECL__ double2 __ldg(const double2 *ptr) __DEF_IF_HOST
      |                                                             ^~~~~~~~~~~~~
/usr/local/cuda/include/sm_32_intrinsics.h: In function 'long int __ldcg(const long int*)':
/usr/local/cuda/include/sm_32_intrinsics.h:74:25: warning: no return statement in function returning non-void [-Wreturn-type]
   74 | #define __DEF_IF_HOST { }
      |                         ^
/usr/local/cuda/include/sm_32_intrinsics.h:123:56: note: in expansion of macro '__DEF_IF_HOST'
  123 | __SM_32_INTRINSICS_DECL__ long __ldcg(const long *ptr) __DEF_IF_HOST
      |                                                        ^~~~~~~~~~~~~
/usr/local/cuda/include/sm_32_intrinsics.h: In function 'long unsigned int __ldcg(const long unsigned int*)':
/usr/local/cuda/include/sm_32_intrinsics.h:74:25: warning: no return statement in function returning non-void [-Wreturn-type]
   74 | #define __DEF_IF_HOST { }
      |                         ^
/usr/local/cuda/include/sm_32_intrinsics.h:124:74: note: in expansion of macro '__DEF_IF_HOST'
  124 | __SM_32_INTRINSICS_DECL__ unsigned long __ldcg(const unsigned long *ptr) __DEF_IF_HOST
      |                                                                          ^~~~~~~~~~~~~
/usr/local/cuda/include/sm_32_intrinsics.h: In function 'char __ldcg(const char*)':
/usr/local/cuda/include/sm_32_intrinsics.h:74:25: warning: no return statement in function returning non-void [-Wreturn-type]
   74 | #define __DEF_IF_HOST { }
      |                         ^
/usr/local/cuda/include/sm_32_intrinsics.h:126:56: note: in expansion of macro '__DEF_IF_HOST'
  126 | __SM_32_INTRINSICS_DECL__ char __ldcg(const char *ptr) __DEF_IF_HOST
      |                                                        ^~~~~~~~~~~~~
/usr/local/cuda/include/sm_32_intrinsics.h: In function 'signed char __ldcg(const signed char*)':
/usr/local/cuda/include/sm_32_intrinsics.h:74:25: warning: no return statement in function returning non-void [-Wreturn-type]
   74 | #define __DEF_IF_HOST { }
      |                         ^
/usr/local/cuda/include/sm_32_intrinsics.h:127:70: note: in expansion of macro '__DEF_IF_HOST'
  127 | __SM_32_INTRINSICS_DECL__ signed char __ldcg(const signed char *ptr) __DEF_IF_HOST
      |                                                                      ^~~~~~~~~~~~~
/usr/local/cuda/include/sm_32_intrinsics.h: In function 'short int __ldcg(const short int*)':
/usr/local/cuda/include/sm_32_intrinsics.h:74:25: warning: no return statement in function returning non-void [-Wreturn-type]
   74 | #define __DEF_IF_HOST { }
      |                         ^
/usr/local/cuda/include/sm_32_intrinsics.h:128:58: note: in expansion of macro '__DEF_IF_HOST'
  128 | __SM_32_INTRINSICS_DECL__ short __ldcg(const short *ptr) __DEF_IF_HOST
      |                                                          ^~~~~~~~~~~~~
/usr/local/cuda/include/sm_32_intrinsics.h: In function 'int __ldcg(const int*)':
/usr/local/cuda/include/sm_32_intrinsics.h:74:25: warning: no return statement in function returning non-void [-Wreturn-type]
   74 | #define __DEF_IF_HOST { }
      |                         ^
/usr/local/cuda/include/sm_32_intrinsics.h:129:54: note: in expansion of macro '__DEF_IF_HOST'
  129 | __SM_32_INTRINSICS_DECL__ int __ldcg(const int *ptr) __DEF_IF_HOST
      |                                                      ^~~~~~~~~~~~~
/usr/local/cuda/include/sm_32_intrinsics.h: In function 'long long int __ldcg(const long long int*)':
/usr/local/cuda/include/sm_32_intrinsics.h:74:25: warning: no return statement in function returning non-void [-Wreturn-type]
   74 | #define __DEF_IF_HOST { }
      |                         ^
/usr/local/cuda/include/sm_32_intrinsics.h:130:66: note: in expansion of macro '__DEF_IF_HOST'
  130 | __SM_32_INTRINSICS_DECL__ long long __ldcg(const long long *ptr) __DEF_IF_HOST
      |                                                                  ^~~~~~~~~~~~~
/usr/local/cuda/include/sm_32_intrinsics.h: In function 'char2 __ldcg(const char2*)':
/usr/local/cuda/include/sm_32_intrinsics.h:74:25: warning: no return statement in function returning non-void [-Wreturn-type]
   74 | #define __DEF_IF_HOST { }
      |                         ^
/usr/local/cuda/include/sm_32_intrinsics.h:131:58: note: in expansion of macro '__DEF_IF_HOST'
  131 | __SM_32_INTRINSICS_DECL__ char2 __ldcg(const char2 *ptr) __DEF_IF_HOST
      |                                                          ^~~~~~~~~~~~~
/usr/local/cuda/include/sm_32_intrinsics.h: In function 'char4 __ldcg(const char4*)':
/usr/local/cuda/include/sm_32_intrinsics.h:74:25: warning: no return statement in function returning non-void [-Wreturn-type]
   74 | #define __DEF_IF_HOST { }
      |                         ^
/usr/local/cuda/include/sm_32_intrinsics.h:132:58: note: in expansion of macro '__DEF_IF_HOST'
  132 | __SM_32_INTRINSICS_DECL__ char4 __ldcg(const char4 *ptr) __DEF_IF_HOST
      |                                                          ^~~~~~~~~~~~~
/usr/local/cuda/include/sm_32_intrinsics.h: In function 'short2 __ldcg(const short2*)':
/usr/local/cuda/include/sm_32_intrinsics.h:74:25: warning: no return statement in function returning non-void [-Wreturn-type]
   74 | #define __DEF_IF_HOST { }
      |                         ^
/usr/local/cuda/include/sm_32_intrinsics.h:133:60: note: in expansion of macro '__DEF_IF_HOST'
  133 | __SM_32_INTRINSICS_DECL__ short2 __ldcg(const short2 *ptr) __DEF_IF_HOST
      |                                                            ^~~~~~~~~~~~~
/usr/local/cuda/include/sm_32_intrinsics.h: In function 'short4 __ldcg(const short4*)':
/usr/local/cuda/include/sm_32_intrinsics.h:74:25: warning: no return statement in function returning non-void [-Wreturn-type]
   74 | #define __DEF_IF_HOST { }
      |                         ^
/usr/local/cuda/include/sm_32_intrinsics.h:134:60: note: in expansion of macro '__DEF_IF_HOST'
  134 | __SM_32_INTRINSICS_DECL__ short4 __ldcg(const short4 *ptr) __DEF_IF_HOST
      |                                                            ^~~~~~~~~~~~~
/usr/local/cuda/include/sm_32_intrinsics.h: In function 'int2 __ldcg(const int2*)':
/usr/local/cuda/include/sm_32_intrinsics.h:74:25: warning: no return statement in function returning non-void [-Wreturn-type]
   74 | #define __DEF_IF_HOST { }
      |                         ^
/usr/local/cuda/include/sm_32_intrinsics.h:135:56: note: in expansion of macro '__DEF_IF_HOST'
  135 | __SM_32_INTRINSICS_DECL__ int2 __ldcg(const int2 *ptr) __DEF_IF_HOST
      |                                                        ^~~~~~~~~~~~~
/usr/local/cuda/include/sm_32_intrinsics.h: In function 'int4 __ldcg(const int4*)':
/usr/local/cuda/include/sm_32_intrinsics.h:74:25: warning: no return statement in function returning non-void [-Wreturn-type]
   74 | #define __DEF_IF_HOST { }
      |                         ^
/usr/local/cuda/include/sm_32_intrinsics.h:136:56: note: in expansion of macro '__DEF_IF_HOST'
  136 | __SM_32_INTRINSICS_DECL__ int4 __ldcg(const int4 *ptr) __DEF_IF_HOST
      |                                                        ^~~~~~~~~~~~~
/usr/local/cuda/include/sm_32_intrinsics.h: In function 'longlong2 __ldcg(const longlong2*)':
/usr/local/cuda/include/sm_32_intrinsics.h:74:25: warning: no return statement in function returning non-void [-Wreturn-type]
   74 | #define __DEF_IF_HOST { }
      |                         ^
/usr/local/cuda/include/sm_32_intrinsics.h:137:66: note: in expansion of macro '__DEF_IF_HOST'
  137 | __SM_32_INTRINSICS_DECL__ longlong2 __ldcg(const longlong2 *ptr) __DEF_IF_HOST
      |                                                                  ^~~~~~~~~~~~~
/usr/local/cuda/include/sm_32_intrinsics.h: In function 'unsigned char __ldcg(const unsigned char*)':
/usr/local/cuda/include/sm_32_intrinsics.h:74:25: warning: no return statement in function returning non-void [-Wreturn-type]
   74 | #define __DEF_IF_HOST { }
      |                         ^
/usr/local/cuda/include/sm_32_intrinsics.h:139:74: note: in expansion of macro '__DEF_IF_HOST'
  139 | __SM_32_INTRINSICS_DECL__ unsigned char __ldcg(const unsigned char *ptr) __DEF_IF_HOST
      |                                                                          ^~~~~~~~~~~~~
/usr/local/cuda/include/sm_32_intrinsics.h: In function 'short unsigned int __ldcg(const short unsigned int*)':
/usr/local/cuda/include/sm_32_intrinsics.h:74:25: warning: no return statement in function returning non-void [-Wreturn-type]
   74 | #define __DEF_IF_HOST { }
      |                         ^
/usr/local/cuda/include/sm_32_intrinsics.h:140:76: note: in expansion of macro '__DEF_IF_HOST'
  140 | __SM_32_INTRINSICS_DECL__ unsigned short __ldcg(const unsigned short *ptr) __DEF_IF_HOST
      |                                                                            ^~~~~~~~~~~~~
/usr/local/cuda/include/sm_32_intrinsics.h: In function 'unsigned int __ldcg(const unsigned int*)':
/usr/local/cuda/include/sm_32_intrinsics.h:74:25: warning: no return statement in function returning non-void [-Wreturn-type]
   74 | #define __DEF_IF_HOST { }
      |                         ^
/usr/local/cuda/include/sm_32_intrinsics.h:141:72: note: in expansion of macro '__DEF_IF_HOST'
  141 | __SM_32_INTRINSICS_DECL__ unsigned int __ldcg(const unsigned int *ptr) __DEF_IF_HOST
      |                                                                        ^~~~~~~~~~~~~
/usr/local/cuda/include/sm_32_intrinsics.h: In function 'long long unsigned int __ldcg(const long long unsigned int*)':
/usr/local/cuda/include/sm_32_intrinsics.h:74:25: warning: no return statement in function returning non-void [-Wreturn-type]
   74 | #define __DEF_IF_HOST { }
      |                         ^
/usr/local/cuda/include/sm_32_intrinsics.h:142:84: note: in expansion of macro '__DEF_IF_HOST'
  142 | __SM_32_INTRINSICS_DECL__ unsigned long long __ldcg(const unsigned long long *ptr) __DEF_IF_HOST
      |                                                                                    ^~~~~~~~~~~~~
/usr/local/cuda/include/sm_32_intrinsics.h: In function 'uchar2 __ldcg(const uchar2*)':
/usr/local/cuda/include/sm_32_intrinsics.h:74:25: warning: no return statement in function returning non-void [-Wreturn-type]
   74 | #define __DEF_IF_HOST { }
      |                         ^
/usr/local/cuda/include/sm_32_intrinsics.h:143:60: note: in expansion of macro '__DEF_IF_HOST'
  143 | __SM_32_INTRINSICS_DECL__ uchar2 __ldcg(const uchar2 *ptr) __DEF_IF_HOST
      |                                                            ^~~~~~~~~~~~~
/usr/local/cuda/include/sm_32_intrinsics.h: In function 'uchar4 __ldcg(const uchar4*)':
/usr/local/cuda/include/sm_32_intrinsics.h:74:25: warning: no return statement in function returning non-void [-Wreturn-type]
   74 | #define __DEF_IF_HOST { }
      |                         ^
/usr/local/cuda/include/sm_32_intrinsics.h:144:60: note: in expansion of macro '__DEF_IF_HOST'
  144 | __SM_32_INTRINSICS_DECL__ uchar4 __ldcg(const uchar4 *ptr) __DEF_IF_HOST
      |                                                            ^~~~~~~~~~~~~
/usr/local/cuda/include/sm_32_intrinsics.h: In function 'ushort2 __ldcg(const ushort2*)':
/usr/local/cuda/include/sm_32_intrinsics.h:74:25: warning: no return statement in function returning non-void [-Wreturn-type]
   74 | #define __DEF_IF_HOST { }
      |                         ^
/usr/local/cuda/include/sm_32_intrinsics.h:145:62: note: in expansion of macro '__DEF_IF_HOST'
  145 | __SM_32_INTRINSICS_DECL__ ushort2 __ldcg(const ushort2 *ptr) __DEF_IF_HOST
      |                                                              ^~~~~~~~~~~~~
/usr/local/cuda/include/sm_32_intrinsics.h: In function 'ushort4 __ldcg(const ushort4*)':
/usr/local/cuda/include/sm_32_intrinsics.h:74:25: warning: no return statement in function returning non-void [-Wreturn-type]
   74 | #define __DEF_IF_HOST { }
      |                         ^
/usr/local/cuda/include/sm_32_intrinsics.h:146:62: note: in expansion of macro '__DEF_IF_HOST'
  146 | __SM_32_INTRINSICS_DECL__ ushort4 __ldcg(const ushort4 *ptr) __DEF_IF_HOST
      |                                                              ^~~~~~~~~~~~~
/usr/local/cuda/include/sm_32_intrinsics.h: In function 'uint2 __ldcg(const uint2*)':
/usr/local/cuda/include/sm_32_intrinsics.h:74:25: warning: no return statement in function returning non-void [-Wreturn-type]
   74 | #define __DEF_IF_HOST { }
      |                         ^
/usr/local/cuda/include/sm_32_intrinsics.h:147:58: note: in expansion of macro '__DEF_IF_HOST'
  147 | __SM_32_INTRINSICS_DECL__ uint2 __ldcg(const uint2 *ptr) __DEF_IF_HOST
      |                                                          ^~~~~~~~~~~~~
/usr/local/cuda/include/sm_32_intrinsics.h: In function 'uint4 __ldcg(const uint4*)':
/usr/local/cuda/include/sm_32_intrinsics.h:74:25: warning: no return statement in function returning non-void [-Wreturn-type]
   74 | #define __DEF_IF_HOST { }
      |                         ^
/usr/local/cuda/include/sm_32_intrinsics.h:148:58: note: in expansion of macro '__DEF_IF_HOST'
  148 | __SM_32_INTRINSICS_DECL__ uint4 __ldcg(const uint4 *ptr) __DEF_IF_HOST
      |                                                          ^~~~~~~~~~~~~
/usr/local/cuda/include/sm_32_intrinsics.h: In function 'ulonglong2 __ldcg(const ulonglong2*)':
/usr/local/cuda/include/sm_32_intrinsics.h:74:25: warning: no return statement in function returning non-void [-Wreturn-type]
   74 | #define __DEF_IF_HOST { }
      |                         ^
/usr/local/cuda/include/sm_32_intrinsics.h:149:68: note: in expansion of macro '__DEF_IF_HOST'
  149 | __SM_32_INTRINSICS_DECL__ ulonglong2 __ldcg(const ulonglong2 *ptr) __DEF_IF_HOST
      |                                                                    ^~~~~~~~~~~~~
/usr/local/cuda/include/sm_32_intrinsics.h: In function 'float __ldcg(const float*)':
/usr/local/cuda/include/sm_32_intrinsics.h:74:25: warning: no return statement in function returning non-void [-Wreturn-type]
   74 | #define __DEF_IF_HOST { }
      |                         ^
/usr/local/cuda/include/sm_32_intrinsics.h:151:58: note: in expansion of macro '__DEF_IF_HOST'
  151 | __SM_32_INTRINSICS_DECL__ float __ldcg(const float *ptr) __DEF_IF_HOST
      |                                                          ^~~~~~~~~~~~~
/usr/local/cuda/include/sm_32_intrinsics.h: In function 'double __ldcg(const double*)':
/usr/local/cuda/include/sm_32_intrinsics.h:74:25: warning: no return statement in function returning non-void [-Wreturn-type]
   74 | #define __DEF_IF_HOST { }
      |                         ^
/usr/local/cuda/include/sm_32_intrinsics.h:152:60: note: in expansion of macro '__DEF_IF_HOST'
  152 | __SM_32_INTRINSICS_DECL__ double __ldcg(const double *ptr) __DEF_IF_HOST
      |                                                            ^~~~~~~~~~~~~
/usr/local/cuda/include/sm_32_intrinsics.h: In function 'float2 __ldcg(const float2*)':
/usr/local/cuda/include/sm_32_intrinsics.h:74:25: warning: no return statement in function returning non-void [-Wreturn-type]
   74 | #define __DEF_IF_HOST { }
      |                         ^
/usr/local/cuda/include/sm_32_intrinsics.h:153:60: note: in expansion of macro '__DEF_IF_HOST'
  153 | __SM_32_INTRINSICS_DECL__ float2 __ldcg(const float2 *ptr) __DEF_IF_HOST
      |                                                            ^~~~~~~~~~~~~
/usr/local/cuda/include/sm_32_intrinsics.h: In function 'float4 __ldcg(const float4*)':
/usr/local/cuda/include/sm_32_intrinsics.h:74:25: warning: no return statement in function returning non-void [-Wreturn-type]
   74 | #define __DEF_IF_HOST { }
      |                         ^
/usr/local/cuda/include/sm_32_intrinsics.h:154:60: note: in expansion of macro '__DEF_IF_HOST'
  154 | __SM_32_INTRINSICS_DECL__ float4 __ldcg(const float4 *ptr) __DEF_IF_HOST
      |                                                            ^~~~~~~~~~~~~
/usr/local/cuda/include/sm_32_intrinsics.h: In function 'double2 __ldcg(const double2*)':
/usr/local/cuda/include/sm_32_intrinsics.h:74:25: warning: no return statement in function returning non-void [-Wreturn-type]
   74 | #define __DEF_IF_HOST { }
      |                         ^
/usr/local/cuda/include/sm_32_intrinsics.h:155:62: note: in expansion of macro '__DEF_IF_HOST'
  155 | __SM_32_INTRINSICS_DECL__ double2 __ldcg(const double2 *ptr) __DEF_IF_HOST
      |                                                              ^~~~~~~~~~~~~
/usr/local/cuda/include/sm_32_intrinsics.h: In function 'long int __ldca(const long int*)':
/usr/local/cuda/include/sm_32_intrinsics.h:74:25: warning: no return statement in function returning non-void [-Wreturn-type]
   74 | #define __DEF_IF_HOST { }
      |                         ^
/usr/local/cuda/include/sm_32_intrinsics.h:159:56: note: in expansion of macro '__DEF_IF_HOST'
  159 | __SM_32_INTRINSICS_DECL__ long __ldca(const long *ptr) __DEF_IF_HOST
      |                                                        ^~~~~~~~~~~~~
/usr/local/cuda/include/sm_32_intrinsics.h: In function 'long unsigned int __ldca(const long unsigned int*)':
/usr/local/cuda/include/sm_32_intrinsics.h:74:25: warning: no return statement in function returning non-void [-Wreturn-type]
   74 | #define __DEF_IF_HOST { }
      |                         ^
/usr/local/cuda/include/sm_32_intrinsics.h:160:74: note: in expansion of macro '__DEF_IF_HOST'
  160 | __SM_32_INTRINSICS_DECL__ unsigned long __ldca(const unsigned long *ptr) __DEF_IF_HOST
      |                                                                          ^~~~~~~~~~~~~
/usr/local/cuda/include/sm_32_intrinsics.h: In function 'char __ldca(const char*)':
/usr/local/cuda/include/sm_32_intrinsics.h:74:25: warning: no return statement in function returning non-void [-Wreturn-type]
   74 | #define __DEF_IF_HOST { }
      |                         ^
/usr/local/cuda/include/sm_32_intrinsics.h:162:56: note: in expansion of macro '__DEF_IF_HOST'
  162 | __SM_32_INTRINSICS_DECL__ char __ldca(const char *ptr) __DEF_IF_HOST
      |                                                        ^~~~~~~~~~~~~
/usr/local/cuda/include/sm_32_intrinsics.h: In function 'signed char __ldca(const signed char*)':
/usr/local/cuda/include/sm_32_intrinsics.h:74:25: warning: no return statement in function returning non-void [-Wreturn-type]
   74 | #define __DEF_IF_HOST { }
      |                         ^
/usr/local/cuda/include/sm_32_intrinsics.h:163:70: note: in expansion of macro '__DEF_IF_HOST'
  163 | __SM_32_INTRINSICS_DECL__ signed char __ldca(const signed char *ptr) __DEF_IF_HOST
      |                                                                      ^~~~~~~~~~~~~
/usr/local/cuda/include/sm_32_intrinsics.h: In function 'short int __ldca(const short int*)':
/usr/local/cuda/include/sm_32_intrinsics.h:74:25: warning: no return statement in function returning non-void [-Wreturn-type]
   74 | #define __DEF_IF_HOST { }
      |                         ^
/usr/local/cuda/include/sm_32_intrinsics.h:164:58: note: in expansion of macro '__DEF_IF_HOST'
  164 | __SM_32_INTRINSICS_DECL__ short __ldca(const short *ptr) __DEF_IF_HOST
      |                                                          ^~~~~~~~~~~~~
/usr/local/cuda/include/sm_32_intrinsics.h: In function 'int __ldca(const int*)':
/usr/local/cuda/include/sm_32_intrinsics.h:74:25: warning: no return statement in function returning non-void [-Wreturn-type]
   74 | #define __DEF_IF_HOST { }
      |                         ^
/usr/local/cuda/include/sm_32_intrinsics.h:165:54: note: in expansion of macro '__DEF_IF_HOST'
  165 | __SM_32_INTRINSICS_DECL__ int __ldca(const int *ptr) __DEF_IF_HOST
      |                                                      ^~~~~~~~~~~~~
/usr/local/cuda/include/sm_32_intrinsics.h: In function 'long long int __ldca(const long long int*)':
/usr/local/cuda/include/sm_32_intrinsics.h:74:25: warning: no return statement in function returning non-void [-Wreturn-type]
   74 | #define __DEF_IF_HOST { }
      |                         ^
/usr/local/cuda/include/sm_32_intrinsics.h:166:66: note: in expansion of macro '__DEF_IF_HOST'
  166 | __SM_32_INTRINSICS_DECL__ long long __ldca(const long long *ptr) __DEF_IF_HOST
      |                                                                  ^~~~~~~~~~~~~
/usr/local/cuda/include/sm_32_intrinsics.h: In function 'char2 __ldca(const char2*)':
/usr/local/cuda/include/sm_32_intrinsics.h:74:25: warning: no return statement in function returning non-void [-Wreturn-type]
   74 | #define __DEF_IF_HOST { }
      |                         ^
/usr/local/cuda/include/sm_32_intrinsics.h:167:58: note: in expansion of macro '__DEF_IF_HOST'
  167 | __SM_32_INTRINSICS_DECL__ char2 __ldca(const char2 *ptr) __DEF_IF_HOST
      |                                                          ^~~~~~~~~~~~~
/usr/local/cuda/include/sm_32_intrinsics.h: In function 'char4 __ldca(const char4*)':
/usr/local/cuda/include/sm_32_intrinsics.h:74:25: warning: no return statement in function returning non-void [-Wreturn-type]
   74 | #define __DEF_IF_HOST { }
      |                         ^
/usr/local/cuda/include/sm_32_intrinsics.h:168:58: note: in expansion of macro '__DEF_IF_HOST'
  168 | __SM_32_INTRINSICS_DECL__ char4 __ldca(const char4 *ptr) __DEF_IF_HOST
      |                                                          ^~~~~~~~~~~~~
/usr/local/cuda/include/sm_32_intrinsics.h: In function 'short2 __ldca(const short2*)':
/usr/local/cuda/include/sm_32_intrinsics.h:74:25: warning: no return statement in function returning non-void [-Wreturn-type]
   74 | #define __DEF_IF_HOST { }
      |                         ^
/usr/local/cuda/include/sm_32_intrinsics.h:169:60: note: in expansion of macro '__DEF_IF_HOST'
  169 | __SM_32_INTRINSICS_DECL__ short2 __ldca(const short2 *ptr) __DEF_IF_HOST
      |                                                            ^~~~~~~~~~~~~
/usr/local/cuda/include/sm_32_intrinsics.h: In function 'short4 __ldca(const short4*)':
/usr/local/cuda/include/sm_32_intrinsics.h:74:25: warning: no return statement in function returning non-void [-Wreturn-type]
   74 | #define __DEF_IF_HOST { }
      |                         ^
/usr/local/cuda/include/sm_32_intrinsics.h:170:60: note: in expansion of macro '__DEF_IF_HOST'
  170 | __SM_32_INTRINSICS_DECL__ short4 __ldca(const short4 *ptr) __DEF_IF_HOST
      |                                                            ^~~~~~~~~~~~~
/usr/local/cuda/include/sm_32_intrinsics.h: In function 'int2 __ldca(const int2*)':
/usr/local/cuda/include/sm_32_intrinsics.h:74:25: warning: no return statement in function returning non-void [-Wreturn-type]
   74 | #define __DEF_IF_HOST { }
      |                         ^
/usr/local/cuda/include/sm_32_intrinsics.h:171:56: note: in expansion of macro '__DEF_IF_HOST'
  171 | __SM_32_INTRINSICS_DECL__ int2 __ldca(const int2 *ptr) __DEF_IF_HOST
      |                                                        ^~~~~~~~~~~~~
/usr/local/cuda/include/sm_32_intrinsics.h: In function 'int4 __ldca(const int4*)':
/usr/local/cuda/include/sm_32_intrinsics.h:74:25: warning: no return statement in function returning non-void [-Wreturn-type]
   74 | #define __DEF_IF_HOST { }
      |                         ^
/usr/local/cuda/include/sm_32_intrinsics.h:172:56: note: in expansion of macro '__DEF_IF_HOST'
  172 | __SM_32_INTRINSICS_DECL__ int4 __ldca(const int4 *ptr) __DEF_IF_HOST
      |                                                        ^~~~~~~~~~~~~
/usr/local/cuda/include/sm_32_intrinsics.h: In function 'longlong2 __ldca(const longlong2*)':
/usr/local/cuda/include/sm_32_intrinsics.h:74:25: warning: no return statement in function returning non-void [-Wreturn-type]
   74 | #define __DEF_IF_HOST { }
      |                         ^
/usr/local/cuda/include/sm_32_intrinsics.h:173:66: note: in expansion of macro '__DEF_IF_HOST'
  173 | __SM_32_INTRINSICS_DECL__ longlong2 __ldca(const longlong2 *ptr) __DEF_IF_HOST
      |                                                                  ^~~~~~~~~~~~~
/usr/local/cuda/include/sm_32_intrinsics.h: In function 'unsigned char __ldca(const unsigned char*)':
/usr/local/cuda/include/sm_32_intrinsics.h:74:25: warning: no return statement in function returning non-void [-Wreturn-type]
   74 | #define __DEF_IF_HOST { }
      |                         ^
/usr/local/cuda/include/sm_32_intrinsics.h:175:74: note: in expansion of macro '__DEF_IF_HOST'
  175 | __SM_32_INTRINSICS_DECL__ unsigned char __ldca(const unsigned char *ptr) __DEF_IF_HOST
      |                                                                          ^~~~~~~~~~~~~
/usr/local/cuda/include/sm_32_intrinsics.h: In function 'short unsigned int __ldca(const short unsigned int*)':
/usr/local/cuda/include/sm_32_intrinsics.h:74:25: warning: no return statement in function returning non-void [-Wreturn-type]
   74 | #define __DEF_IF_HOST { }
      |                         ^
/usr/local/cuda/include/sm_32_intrinsics.h:176:76: note: in expansion of macro '__DEF_IF_HOST'
  176 | __SM_32_INTRINSICS_DECL__ unsigned short __ldca(const unsigned short *ptr) __DEF_IF_HOST
      |                                                                            ^~~~~~~~~~~~~
/usr/local/cuda/include/sm_32_intrinsics.h: In function 'unsigned int __ldca(const unsigned int*)':
/usr/local/cuda/include/sm_32_intrinsics.h:74:25: warning: no return statement in function returning non-void [-Wreturn-type]
   74 | #define __DEF_IF_HOST { }
      |                         ^
/usr/local/cuda/include/sm_32_intrinsics.h:177:72: note: in expansion of macro '__DEF_IF_HOST'
  177 | __SM_32_INTRINSICS_DECL__ unsigned int __ldca(const unsigned int *ptr) __DEF_IF_HOST
      |                                                                        ^~~~~~~~~~~~~
/usr/local/cuda/include/sm_32_intrinsics.h: In function 'long long unsigned int __ldca(const long long unsigned int*)':
/usr/local/cuda/include/sm_32_intrinsics.h:74:25: warning: no return statement in function returning non-void [-Wreturn-type]
   74 | #define __DEF_IF_HOST { }
      |                         ^
/usr/local/cuda/include/sm_32_intrinsics.h:178:84: note: in expansion of macro '__DEF_IF_HOST'
  178 | __SM_32_INTRINSICS_DECL__ unsigned long long __ldca(const unsigned long long *ptr) __DEF_IF_HOST
      |                                                                                    ^~~~~~~~~~~~~
/usr/local/cuda/include/sm_32_intrinsics.h: In function 'uchar2 __ldca(const uchar2*)':
/usr/local/cuda/include/sm_32_intrinsics.h:74:25: warning: no return statement in function returning non-void [-Wreturn-type]
   74 | #define __DEF_IF_HOST { }
      |                         ^
/usr/local/cuda/include/sm_32_intrinsics.h:179:60: note: in expansion of macro '__DEF_IF_HOST'
  179 | __SM_32_INTRINSICS_DECL__ uchar2 __ldca(const uchar2 *ptr) __DEF_IF_HOST
      |                                                            ^~~~~~~~~~~~~
/usr/local/cuda/include/sm_32_intrinsics.h: In function 'uchar4 __ldca(const uchar4*)':
/usr/local/cuda/include/sm_32_intrinsics.h:74:25: warning: no return statement in function returning non-void [-Wreturn-type]
   74 | #define __DEF_IF_HOST { }
      |                         ^
/usr/local/cuda/include/sm_32_intrinsics.h:180:60: note: in expansion of macro '__DEF_IF_HOST'
  180 | __SM_32_INTRINSICS_DECL__ uchar4 __ldca(const uchar4 *ptr) __DEF_IF_HOST
      |                                                            ^~~~~~~~~~~~~
/usr/local/cuda/include/sm_32_intrinsics.h: In function 'ushort2 __ldca(const ushort2*)':
/usr/local/cuda/include/sm_32_intrinsics.h:74:25: warning: no return statement in function returning non-void [-Wreturn-type]
   74 | #define __DEF_IF_HOST { }
      |                         ^
/usr/local/cuda/include/sm_32_intrinsics.h:181:62: note: in expansion of macro '__DEF_IF_HOST'
  181 | __SM_32_INTRINSICS_DECL__ ushort2 __ldca(const ushort2 *ptr) __DEF_IF_HOST
      |                                                              ^~~~~~~~~~~~~
/usr/local/cuda/include/sm_32_intrinsics.h: In function 'ushort4 __ldca(const ushort4*)':
/usr/local/cuda/include/sm_32_intrinsics.h:74:25: warning: no return statement in function returning non-void [-Wreturn-type]
   74 | #define __DEF_IF_HOST { }
      |                         ^
/usr/local/cuda/include/sm_32_intrinsics.h:182:62: note: in expansion of macro '__DEF_IF_HOST'
  182 | __SM_32_INTRINSICS_DECL__ ushort4 __ldca(const ushort4 *ptr) __DEF_IF_HOST
      |                                                              ^~~~~~~~~~~~~
/usr/local/cuda/include/sm_32_intrinsics.h: In function 'uint2 __ldca(const uint2*)':
/usr/local/cuda/include/sm_32_intrinsics.h:74:25: warning: no return statement in function returning non-void [-Wreturn-type]
   74 | #define __DEF_IF_HOST { }
      |                         ^
/usr/local/cuda/include/sm_32_intrinsics.h:183:58: note: in expansion of macro '__DEF_IF_HOST'
  183 | __SM_32_INTRINSICS_DECL__ uint2 __ldca(const uint2 *ptr) __DEF_IF_HOST
      |                                                          ^~~~~~~~~~~~~
/usr/local/cuda/include/sm_32_intrinsics.h: In function 'uint4 __ldca(const uint4*)':
/usr/local/cuda/include/sm_32_intrinsics.h:74:25: warning: no return statement in function returning non-void [-Wreturn-type]
   74 | #define __DEF_IF_HOST { }
      |                         ^
/usr/local/cuda/include/sm_32_intrinsics.h:184:58: note: in expansion of macro '__DEF_IF_HOST'
  184 | __SM_32_INTRINSICS_DECL__ uint4 __ldca(const uint4 *ptr) __DEF_IF_HOST
      |                                                          ^~~~~~~~~~~~~
/usr/local/cuda/include/sm_32_intrinsics.h: In function 'ulonglong2 __ldca(const ulonglong2*)':
/usr/local/cuda/include/sm_32_intrinsics.h:74:25: warning: no return statement in function returning non-void [-Wreturn-type]
   74 | #define __DEF_IF_HOST { }
      |                         ^
/usr/local/cuda/include/sm_32_intrinsics.h:185:68: note: in expansion of macro '__DEF_IF_HOST'
  185 | __SM_32_INTRINSICS_DECL__ ulonglong2 __ldca(const ulonglong2 *ptr) __DEF_IF_HOST
      |                                                                    ^~~~~~~~~~~~~
/usr/local/cuda/include/sm_32_intrinsics.h: In function 'float __ldca(const float*)':
/usr/local/cuda/include/sm_32_intrinsics.h:74:25: warning: no return statement in function returning non-void [-Wreturn-type]
   74 | #define __DEF_IF_HOST { }
      |                         ^
/usr/local/cuda/include/sm_32_intrinsics.h:187:58: note: in expansion of macro '__DEF_IF_HOST'
  187 | __SM_32_INTRINSICS_DECL__ float __ldca(const float *ptr) __DEF_IF_HOST
      |                                                          ^~~~~~~~~~~~~
/usr/local/cuda/include/sm_32_intrinsics.h: In function 'double __ldca(const double*)':
/usr/local/cuda/include/sm_32_intrinsics.h:74:25: warning: no return statement in function returning non-void [-Wreturn-type]
   74 | #define __DEF_IF_HOST { }
      |                         ^
/usr/local/cuda/include/sm_32_intrinsics.h:188:60: note: in expansion of macro '__DEF_IF_HOST'
  188 | __SM_32_INTRINSICS_DECL__ double __ldca(const double *ptr) __DEF_IF_HOST
      |                                                            ^~~~~~~~~~~~~
/usr/local/cuda/include/sm_32_intrinsics.h: In function 'float2 __ldca(const float2*)':
/usr/local/cuda/include/sm_32_intrinsics.h:74:25: warning: no return statement in function returning non-void [-Wreturn-type]
   74 | #define __DEF_IF_HOST { }
      |                         ^
/usr/local/cuda/include/sm_32_intrinsics.h:189:60: note: in expansion of macro '__DEF_IF_HOST'
  189 | __SM_32_INTRINSICS_DECL__ float2 __ldca(const float2 *ptr) __DEF_IF_HOST
      |                                                            ^~~~~~~~~~~~~
/usr/local/cuda/include/sm_32_intrinsics.h: In function 'float4 __ldca(const float4*)':
/usr/local/cuda/include/sm_32_intrinsics.h:74:25: warning: no return statement in function returning non-void [-Wreturn-type]
   74 | #define __DEF_IF_HOST { }
      |                         ^
/usr/local/cuda/include/sm_32_intrinsics.h:190:60: note: in expansion of macro '__DEF_IF_HOST'
  190 | __SM_32_INTRINSICS_DECL__ float4 __ldca(const float4 *ptr) __DEF_IF_HOST
      |                                                            ^~~~~~~~~~~~~
/usr/local/cuda/include/sm_32_intrinsics.h: In function 'double2 __ldca(const double2*)':
/usr/local/cuda/include/sm_32_intrinsics.h:74:25: warning: no return statement in function returning non-void [-Wreturn-type]
   74 | #define __DEF_IF_HOST { }
      |                         ^
/usr/local/cuda/include/sm_32_intrinsics.h:191:62: note: in expansion of macro '__DEF_IF_HOST'
  191 | __SM_32_INTRINSICS_DECL__ double2 __ldca(const double2 *ptr) __DEF_IF_HOST
      |                                                              ^~~~~~~~~~~~~
/usr/local/cuda/include/sm_32_intrinsics.h: In function 'long int __ldcs(const long int*)':
/usr/local/cuda/include/sm_32_intrinsics.h:74:25: warning: no return statement in function returning non-void [-Wreturn-type]
   74 | #define __DEF_IF_HOST { }
      |                         ^
/usr/local/cuda/include/sm_32_intrinsics.h:195:56: note: in expansion of macro '__DEF_IF_HOST'
  195 | __SM_32_INTRINSICS_DECL__ long __ldcs(const long *ptr) __DEF_IF_HOST
      |                                                        ^~~~~~~~~~~~~
/usr/local/cuda/include/sm_32_intrinsics.h: In function 'long unsigned int __ldcs(const long unsigned int*)':
/usr/local/cuda/include/sm_32_intrinsics.h:74:25: warning: no return statement in function returning non-void [-Wreturn-type]
   74 | #define __DEF_IF_HOST { }
      |                         ^
/usr/local/cuda/include/sm_32_intrinsics.h:196:74: note: in expansion of macro '__DEF_IF_HOST'
  196 | __SM_32_INTRINSICS_DECL__ unsigned long __ldcs(const unsigned long *ptr) __DEF_IF_HOST
      |                                                                          ^~~~~~~~~~~~~
/usr/local/cuda/include/sm_32_intrinsics.h: In function 'char __ldcs(const char*)':
/usr/local/cuda/include/sm_32_intrinsics.h:74:25: warning: no return statement in function returning non-void [-Wreturn-type]
   74 | #define __DEF_IF_HOST { }
      |                         ^
/usr/local/cuda/include/sm_32_intrinsics.h:198:56: note: in expansion of macro '__DEF_IF_HOST'
  198 | __SM_32_INTRINSICS_DECL__ char __ldcs(const char *ptr) __DEF_IF_HOST
      |                                                        ^~~~~~~~~~~~~
/usr/local/cuda/include/sm_32_intrinsics.h: In function 'signed char __ldcs(const signed char*)':
/usr/local/cuda/include/sm_32_intrinsics.h:74:25: warning: no return statement in function returning non-void [-Wreturn-type]
   74 | #define __DEF_IF_HOST { }
      |                         ^
/usr/local/cuda/include/sm_32_intrinsics.h:199:70: note: in expansion of macro '__DEF_IF_HOST'
  199 | __SM_32_INTRINSICS_DECL__ signed char __ldcs(const signed char *ptr) __DEF_IF_HOST
      |                                                                      ^~~~~~~~~~~~~
/usr/local/cuda/include/sm_32_intrinsics.h: In function 'short int __ldcs(const short int*)':
/usr/local/cuda/include/sm_32_intrinsics.h:74:25: warning: no return statement in function returning non-void [-Wreturn-type]
   74 | #define __DEF_IF_HOST { }
      |                         ^
/usr/local/cuda/include/sm_32_intrinsics.h:200:58: note: in expansion of macro '__DEF_IF_HOST'
  200 | __SM_32_INTRINSICS_DECL__ short __ldcs(const short *ptr) __DEF_IF_HOST
      |                                                          ^~~~~~~~~~~~~
/usr/local/cuda/include/sm_32_intrinsics.h: In function 'int __ldcs(const int*)':
/usr/local/cuda/include/sm_32_intrinsics.h:74:25: warning: no return statement in function returning non-void [-Wreturn-type]
   74 | #define __DEF_IF_HOST { }
      |                         ^
/usr/local/cuda/include/sm_32_intrinsics.h:201:54: note: in expansion of macro '__DEF_IF_HOST'
  201 | __SM_32_INTRINSICS_DECL__ int __ldcs(const int *ptr) __DEF_IF_HOST
      |                                                      ^~~~~~~~~~~~~
/usr/local/cuda/include/sm_32_intrinsics.h: In function 'long long int __ldcs(const long long int*)':
/usr/local/cuda/include/sm_32_intrinsics.h:74:25: warning: no return statement in function returning non-void [-Wreturn-type]
   74 | #define __DEF_IF_HOST { }
      |                         ^
/usr/local/cuda/include/sm_32_intrinsics.h:202:66: note: in expansion of macro '__DEF_IF_HOST'
  202 | __SM_32_INTRINSICS_DECL__ long long __ldcs(const long long *ptr) __DEF_IF_HOST
      |                                                                  ^~~~~~~~~~~~~
/usr/local/cuda/include/sm_32_intrinsics.h: In function 'char2 __ldcs(const char2*)':
/usr/local/cuda/include/sm_32_intrinsics.h:74:25: warning: no return statement in function returning non-void [-Wreturn-type]
   74 | #define __DEF_IF_HOST { }
      |                         ^
/usr/local/cuda/include/sm_32_intrinsics.h:203:58: note: in expansion of macro '__DEF_IF_HOST'
  203 | __SM_32_INTRINSICS_DECL__ char2 __ldcs(const char2 *ptr) __DEF_IF_HOST
      |                                                          ^~~~~~~~~~~~~
/usr/local/cuda/include/sm_32_intrinsics.h: In function 'char4 __ldcs(const char4*)':
/usr/local/cuda/include/sm_32_intrinsics.h:74:25: warning: no return statement in function returning non-void [-Wreturn-type]
   74 | #define __DEF_IF_HOST { }
      |                         ^
/usr/local/cuda/include/sm_32_intrinsics.h:204:58: note: in expansion of macro '__DEF_IF_HOST'
  204 | __SM_32_INTRINSICS_DECL__ char4 __ldcs(const char4 *ptr) __DEF_IF_HOST
      |                                                          ^~~~~~~~~~~~~
/usr/local/cuda/include/sm_32_intrinsics.h: In function 'short2 __ldcs(const short2*)':
/usr/local/cuda/include/sm_32_intrinsics.h:74:25: warning: no return statement in function returning non-void [-Wreturn-type]
   74 | #define __DEF_IF_HOST { }
      |                         ^
/usr/local/cuda/include/sm_32_intrinsics.h:205:60: note: in expansion of macro '__DEF_IF_HOST'
  205 | __SM_32_INTRINSICS_DECL__ short2 __ldcs(const short2 *ptr) __DEF_IF_HOST
      |                                                            ^~~~~~~~~~~~~
/usr/local/cuda/include/sm_32_intrinsics.h: In function 'short4 __ldcs(const short4*)':
/usr/local/cuda/include/sm_32_intrinsics.h:74:25: warning: no return statement in function returning non-void [-Wreturn-type]
   74 | #define __DEF_IF_HOST { }
      |                         ^
/usr/local/cuda/include/sm_32_intrinsics.h:206:60: note: in expansion of macro '__DEF_IF_HOST'
  206 | __SM_32_INTRINSICS_DECL__ short4 __ldcs(const short4 *ptr) __DEF_IF_HOST
      |                                                            ^~~~~~~~~~~~~
/usr/local/cuda/include/sm_32_intrinsics.h: In function 'int2 __ldcs(const int2*)':
/usr/local/cuda/include/sm_32_intrinsics.h:74:25: warning: no return statement in function returning non-void [-Wreturn-type]
   74 | #define __DEF_IF_HOST { }
      |                         ^
/usr/local/cuda/include/sm_32_intrinsics.h:207:56: note: in expansion of macro '__DEF_IF_HOST'
  207 | __SM_32_INTRINSICS_DECL__ int2 __ldcs(const int2 *ptr) __DEF_IF_HOST
      |                                                        ^~~~~~~~~~~~~
/usr/local/cuda/include/sm_32_intrinsics.h: In function 'int4 __ldcs(const int4*)':
/usr/local/cuda/include/sm_32_intrinsics.h:74:25: warning: no return statement in function returning non-void [-Wreturn-type]
   74 | #define __DEF_IF_HOST { }
      |                         ^
/usr/local/cuda/include/sm_32_intrinsics.h:208:56: note: in expansion of macro '__DEF_IF_HOST'
  208 | __SM_32_INTRINSICS_DECL__ int4 __ldcs(const int4 *ptr) __DEF_IF_HOST
      |                                                        ^~~~~~~~~~~~~
/usr/local/cuda/include/sm_32_intrinsics.h: In function 'longlong2 __ldcs(const longlong2*)':
/usr/local/cuda/include/sm_32_intrinsics.h:74:25: warning: no return statement in function returning non-void [-Wreturn-type]
   74 | #define __DEF_IF_HOST { }
      |                         ^
/usr/local/cuda/include/sm_32_intrinsics.h:209:66: note: in expansion of macro '__DEF_IF_HOST'
  209 | __SM_32_INTRINSICS_DECL__ longlong2 __ldcs(const longlong2 *ptr) __DEF_IF_HOST
      |                                                                  ^~~~~~~~~~~~~
/usr/local/cuda/include/sm_32_intrinsics.h: In function 'unsigned char __ldcs(const unsigned char*)':
/usr/local/cuda/include/sm_32_intrinsics.h:74:25: warning: no return statement in function returning non-void [-Wreturn-type]
   74 | #define __DEF_IF_HOST { }
      |                         ^
/usr/local/cuda/include/sm_32_intrinsics.h:211:74: note: in expansion of macro '__DEF_IF_HOST'
  211 | __SM_32_INTRINSICS_DECL__ unsigned char __ldcs(const unsigned char *ptr) __DEF_IF_HOST
      |                                                                          ^~~~~~~~~~~~~
/usr/local/cuda/include/sm_32_intrinsics.h: In function 'short unsigned int __ldcs(const short unsigned int*)':
/usr/local/cuda/include/sm_32_intrinsics.h:74:25: warning: no return statement in function returning non-void [-Wreturn-type]
   74 | #define __DEF_IF_HOST { }
      |                         ^
/usr/local/cuda/include/sm_32_intrinsics.h:212:76: note: in expansion of macro '__DEF_IF_HOST'
  212 | __SM_32_INTRINSICS_DECL__ unsigned short __ldcs(const unsigned short *ptr) __DEF_IF_HOST
      |                                                                            ^~~~~~~~~~~~~
/usr/local/cuda/include/sm_32_intrinsics.h: In function 'unsigned int __ldcs(const unsigned int*)':
/usr/local/cuda/include/sm_32_intrinsics.h:74:25: warning: no return statement in function returning non-void [-Wreturn-type]
   74 | #define __DEF_IF_HOST { }
      |                         ^
/usr/local/cuda/include/sm_32_intrinsics.h:213:72: note: in expansion of macro '__DEF_IF_HOST'
  213 | __SM_32_INTRINSICS_DECL__ unsigned int __ldcs(const unsigned int *ptr) __DEF_IF_HOST
      |                                                                        ^~~~~~~~~~~~~
/usr/local/cuda/include/sm_32_intrinsics.h: In function 'long long unsigned int __ldcs(const long long unsigned int*)':
/usr/local/cuda/include/sm_32_intrinsics.h:74:25: warning: no return statement in function returning non-void [-Wreturn-type]
   74 | #define __DEF_IF_HOST { }
      |                         ^
/usr/local/cuda/include/sm_32_intrinsics.h:214:84: note: in expansion of macro '__DEF_IF_HOST'
  214 | __SM_32_INTRINSICS_DECL__ unsigned long long __ldcs(const unsigned long long *ptr) __DEF_IF_HOST
      |                                                                                    ^~~~~~~~~~~~~
/usr/local/cuda/include/sm_32_intrinsics.h: In function 'uchar2 __ldcs(const uchar2*)':
/usr/local/cuda/include/sm_32_intrinsics.h:74:25: warning: no return statement in function returning non-void [-Wreturn-type]
   74 | #define __DEF_IF_HOST { }
      |                         ^
/usr/local/cuda/include/sm_32_intrinsics.h:215:60: note: in expansion of macro '__DEF_IF_HOST'
  215 | __SM_32_INTRINSICS_DECL__ uchar2 __ldcs(const uchar2 *ptr) __DEF_IF_HOST
      |                                                            ^~~~~~~~~~~~~
/usr/local/cuda/include/sm_32_intrinsics.h: In function 'uchar4 __ldcs(const uchar4*)':
/usr/local/cuda/include/sm_32_intrinsics.h:74:25: warning: no return statement in function returning non-void [-Wreturn-type]
   74 | #define __DEF_IF_HOST { }
      |                         ^
/usr/local/cuda/include/sm_32_intrinsics.h:216:60: note: in expansion of macro '__DEF_IF_HOST'
  216 | __SM_32_INTRINSICS_DECL__ uchar4 __ldcs(const uchar4 *ptr) __DEF_IF_HOST
      |                                                            ^~~~~~~~~~~~~
/usr/local/cuda/include/sm_32_intrinsics.h: In function 'ushort2 __ldcs(const ushort2*)':
/usr/local/cuda/include/sm_32_intrinsics.h:74:25: warning: no return statement in function returning non-void [-Wreturn-type]
   74 | #define __DEF_IF_HOST { }
      |                         ^
/usr/local/cuda/include/sm_32_intrinsics.h:217:62: note: in expansion of macro '__DEF_IF_HOST'
  217 | __SM_32_INTRINSICS_DECL__ ushort2 __ldcs(const ushort2 *ptr) __DEF_IF_HOST
      |                                                              ^~~~~~~~~~~~~
/usr/local/cuda/include/sm_32_intrinsics.h: In function 'ushort4 __ldcs(const ushort4*)':
/usr/local/cuda/include/sm_32_intrinsics.h:74:25: warning: no return statement in function returning non-void [-Wreturn-type]
   74 | #define __DEF_IF_HOST { }
      |                         ^
/usr/local/cuda/include/sm_32_intrinsics.h:218:62: note: in expansion of macro '__DEF_IF_HOST'
  218 | __SM_32_INTRINSICS_DECL__ ushort4 __ldcs(const ushort4 *ptr) __DEF_IF_HOST
      |                                                              ^~~~~~~~~~~~~
/usr/local/cuda/include/sm_32_intrinsics.h: In function 'uint2 __ldcs(const uint2*)':
/usr/local/cuda/include/sm_32_intrinsics.h:74:25: warning: no return statement in function returning non-void [-Wreturn-type]
   74 | #define __DEF_IF_HOST { }
      |                         ^
/usr/local/cuda/include/sm_32_intrinsics.h:219:58: note: in expansion of macro '__DEF_IF_HOST'
  219 | __SM_32_INTRINSICS_DECL__ uint2 __ldcs(const uint2 *ptr) __DEF_IF_HOST
      |                                                          ^~~~~~~~~~~~~
/usr/local/cuda/include/sm_32_intrinsics.h: In function 'uint4 __ldcs(const uint4*)':
/usr/local/cuda/include/sm_32_intrinsics.h:74:25: warning: no return statement in function returning non-void [-Wreturn-type]
   74 | #define __DEF_IF_HOST { }
      |                         ^
/usr/local/cuda/include/sm_32_intrinsics.h:220:58: note: in expansion of macro '__DEF_IF_HOST'
  220 | __SM_32_INTRINSICS_DECL__ uint4 __ldcs(const uint4 *ptr) __DEF_IF_HOST
      |                                                          ^~~~~~~~~~~~~
/usr/local/cuda/include/sm_32_intrinsics.h: In function 'ulonglong2 __ldcs(const ulonglong2*)':
/usr/local/cuda/include/sm_32_intrinsics.h:74:25: warning: no return statement in function returning non-void [-Wreturn-type]
   74 | #define __DEF_IF_HOST { }
      |                         ^
/usr/local/cuda/include/sm_32_intrinsics.h:221:68: note: in expansion of macro '__DEF_IF_HOST'
  221 | __SM_32_INTRINSICS_DECL__ ulonglong2 __ldcs(const ulonglong2 *ptr) __DEF_IF_HOST
      |                                                                    ^~~~~~~~~~~~~
/usr/local/cuda/include/sm_32_intrinsics.h: In function 'float __ldcs(const float*)':
/usr/local/cuda/include/sm_32_intrinsics.h:74:25: warning: no return statement in function returning non-void [-Wreturn-type]
   74 | #define __DEF_IF_HOST { }
      |                         ^
/usr/local/cuda/include/sm_32_intrinsics.h:223:58: note: in expansion of macro '__DEF_IF_HOST'
  223 | __SM_32_INTRINSICS_DECL__ float __ldcs(const float *ptr) __DEF_IF_HOST
      |                                                          ^~~~~~~~~~~~~
/usr/local/cuda/include/sm_32_intrinsics.h: In function 'double __ldcs(const double*)':
/usr/local/cuda/include/sm_32_intrinsics.h:74:25: warning: no return statement in function returning non-void [-Wreturn-type]
   74 | #define __DEF_IF_HOST { }
      |                         ^
/usr/local/cuda/include/sm_32_intrinsics.h:224:60: note: in expansion of macro '__DEF_IF_HOST'
  224 | __SM_32_INTRINSICS_DECL__ double __ldcs(const double *ptr) __DEF_IF_HOST
      |                                                            ^~~~~~~~~~~~~
/usr/local/cuda/include/sm_32_intrinsics.h: In function 'float2 __ldcs(const float2*)':
/usr/local/cuda/include/sm_32_intrinsics.h:74:25: warning: no return statement in function returning non-void [-Wreturn-type]
   74 | #define __DEF_IF_HOST { }
      |                         ^
/usr/local/cuda/include/sm_32_intrinsics.h:225:60: note: in expansion of macro '__DEF_IF_HOST'
  225 | __SM_32_INTRINSICS_DECL__ float2 __ldcs(const float2 *ptr) __DEF_IF_HOST
      |                                                            ^~~~~~~~~~~~~
/usr/local/cuda/include/sm_32_intrinsics.h: In function 'float4 __ldcs(const float4*)':
/usr/local/cuda/include/sm_32_intrinsics.h:74:25: warning: no return statement in function returning non-void [-Wreturn-type]
   74 | #define __DEF_IF_HOST { }
      |                         ^
/usr/local/cuda/include/sm_32_intrinsics.h:226:60: note: in expansion of macro '__DEF_IF_HOST'
  226 | __SM_32_INTRINSICS_DECL__ float4 __ldcs(const float4 *ptr) __DEF_IF_HOST
      |                                                            ^~~~~~~~~~~~~
/usr/local/cuda/include/sm_32_intrinsics.h: In function 'double2 __ldcs(const double2*)':
/usr/local/cuda/include/sm_32_intrinsics.h:74:25: warning: no return statement in function returning non-void [-Wreturn-type]
   74 | #define __DEF_IF_HOST { }
      |                         ^
/usr/local/cuda/include/sm_32_intrinsics.h:227:62: note: in expansion of macro '__DEF_IF_HOST'
  227 | __SM_32_INTRINSICS_DECL__ double2 __ldcs(const double2 *ptr) __DEF_IF_HOST
      |                                                              ^~~~~~~~~~~~~
/usr/local/cuda/include/sm_32_intrinsics.h: In function 'long int __ldlu(const long int*)':
/usr/local/cuda/include/sm_32_intrinsics.h:74:25: warning: no return statement in function returning non-void [-Wreturn-type]
   74 | #define __DEF_IF_HOST { }
      |                         ^
/usr/local/cuda/include/sm_32_intrinsics.h:231:56: note: in expansion of macro '__DEF_IF_HOST'
  231 | __SM_32_INTRINSICS_DECL__ long __ldlu(const long *ptr) __DEF_IF_HOST
      |                                                        ^~~~~~~~~~~~~
/usr/local/cuda/include/sm_32_intrinsics.h: In function 'long unsigned int __ldlu(const long unsigned int*)':
/usr/local/cuda/include/sm_32_intrinsics.h:74:25: warning: no return statement in function returning non-void [-Wreturn-type]
   74 | #define __DEF_IF_HOST { }
      |                         ^
/usr/local/cuda/include/sm_32_intrinsics.h:232:74: note: in expansion of macro '__DEF_IF_HOST'
  232 | __SM_32_INTRINSICS_DECL__ unsigned long __ldlu(const unsigned long *ptr) __DEF_IF_HOST
      |                                                                          ^~~~~~~~~~~~~
/usr/local/cuda/include/sm_32_intrinsics.h: In function 'char __ldlu(const char*)':
/usr/local/cuda/include/sm_32_intrinsics.h:74:25: warning: no return statement in function returning non-void [-Wreturn-type]
   74 | #define __DEF_IF_HOST { }
      |                         ^
/usr/local/cuda/include/sm_32_intrinsics.h:234:56: note: in expansion of macro '__DEF_IF_HOST'
  234 | __SM_32_INTRINSICS_DECL__ char __ldlu(const char *ptr) __DEF_IF_HOST
      |                                                        ^~~~~~~~~~~~~
/usr/local/cuda/include/sm_32_intrinsics.h: In function 'signed char __ldlu(const signed char*)':
/usr/local/cuda/include/sm_32_intrinsics.h:74:25: warning: no return statement in function returning non-void [-Wreturn-type]
   74 | #define __DEF_IF_HOST { }
      |                         ^
/usr/local/cuda/include/sm_32_intrinsics.h:235:70: note: in expansion of macro '__DEF_IF_HOST'
  235 | __SM_32_INTRINSICS_DECL__ signed char __ldlu(const signed char *ptr) __DEF_IF_HOST
      |                                                                      ^~~~~~~~~~~~~
/usr/local/cuda/include/sm_32_intrinsics.h: In function 'short int __ldlu(const short int*)':
/usr/local/cuda/include/sm_32_intrinsics.h:74:25: warning: no return statement in function returning non-void [-Wreturn-type]
   74 | #define __DEF_IF_HOST { }
      |                         ^
/usr/local/cuda/include/sm_32_intrinsics.h:236:58: note: in expansion of macro '__DEF_IF_HOST'
  236 | __SM_32_INTRINSICS_DECL__ short __ldlu(const short *ptr) __DEF_IF_HOST
      |                                                          ^~~~~~~~~~~~~
/usr/local/cuda/include/sm_32_intrinsics.h: In function 'int __ldlu(const int*)':
/usr/local/cuda/include/sm_32_intrinsics.h:74:25: warning: no return statement in function returning non-void [-Wreturn-type]
   74 | #define __DEF_IF_HOST { }
      |                         ^
/usr/local/cuda/include/sm_32_intrinsics.h:237:54: note: in expansion of macro '__DEF_IF_HOST'
  237 | __SM_32_INTRINSICS_DECL__ int __ldlu(const int *ptr) __DEF_IF_HOST
      |                                                      ^~~~~~~~~~~~~
/usr/local/cuda/include/sm_32_intrinsics.h: In function 'long long int __ldlu(const long long int*)':
/usr/local/cuda/include/sm_32_intrinsics.h:74:25: warning: no return statement in function returning non-void [-Wreturn-type]
   74 | #define __DEF_IF_HOST { }
      |                         ^
/usr/local/cuda/include/sm_32_intrinsics.h:238:66: note: in expansion of macro '__DEF_IF_HOST'
  238 | __SM_32_INTRINSICS_DECL__ long long __ldlu(const long long *ptr) __DEF_IF_HOST
      |                                                                  ^~~~~~~~~~~~~
/usr/local/cuda/include/sm_32_intrinsics.h: In function 'char2 __ldlu(const char2*)':
/usr/local/cuda/include/sm_32_intrinsics.h:74:25: warning: no return statement in function returning non-void [-Wreturn-type]
   74 | #define __DEF_IF_HOST { }
      |                         ^
/usr/local/cuda/include/sm_32_intrinsics.h:239:58: note: in expansion of macro '__DEF_IF_HOST'
  239 | __SM_32_INTRINSICS_DECL__ char2 __ldlu(const char2 *ptr) __DEF_IF_HOST
      |                                                          ^~~~~~~~~~~~~
/usr/local/cuda/include/sm_32_intrinsics.h: In function 'char4 __ldlu(const char4*)':
/usr/local/cuda/include/sm_32_intrinsics.h:74:25: warning: no return statement in function returning non-void [-Wreturn-type]
   74 | #define __DEF_IF_HOST { }
      |                         ^
/usr/local/cuda/include/sm_32_intrinsics.h:240:58: note: in expansion of macro '__DEF_IF_HOST'
  240 | __SM_32_INTRINSICS_DECL__ char4 __ldlu(const char4 *ptr) __DEF_IF_HOST
      |                                                          ^~~~~~~~~~~~~
/usr/local/cuda/include/sm_32_intrinsics.h: In function 'short2 __ldlu(const short2*)':
/usr/local/cuda/include/sm_32_intrinsics.h:74:25: warning: no return statement in function returning non-void [-Wreturn-type]
   74 | #define __DEF_IF_HOST { }
      |                         ^
/usr/local/cuda/include/sm_32_intrinsics.h:241:60: note: in expansion of macro '__DEF_IF_HOST'
  241 | __SM_32_INTRINSICS_DECL__ short2 __ldlu(const short2 *ptr) __DEF_IF_HOST
      |                                                            ^~~~~~~~~~~~~
/usr/local/cuda/include/sm_32_intrinsics.h: In function 'short4 __ldlu(const short4*)':
/usr/local/cuda/include/sm_32_intrinsics.h:74:25: warning: no return statement in function returning non-void [-Wreturn-type]
   74 | #define __DEF_IF_HOST { }
      |                         ^
/usr/local/cuda/include/sm_32_intrinsics.h:242:60: note: in expansion of macro '__DEF_IF_HOST'
  242 | __SM_32_INTRINSICS_DECL__ short4 __ldlu(const short4 *ptr) __DEF_IF_HOST
      |                                                            ^~~~~~~~~~~~~
/usr/local/cuda/include/sm_32_intrinsics.h: In function 'int2 __ldlu(const int2*)':
/usr/local/cuda/include/sm_32_intrinsics.h:74:25: warning: no return statement in function returning non-void [-Wreturn-type]
   74 | #define __DEF_IF_HOST { }
      |                         ^
/usr/local/cuda/include/sm_32_intrinsics.h:243:56: note: in expansion of macro '__DEF_IF_HOST'
  243 | __SM_32_INTRINSICS_DECL__ int2 __ldlu(const int2 *ptr) __DEF_IF_HOST
      |                                                        ^~~~~~~~~~~~~
/usr/local/cuda/include/sm_32_intrinsics.h: In function 'int4 __ldlu(const int4*)':
/usr/local/cuda/include/sm_32_intrinsics.h:74:25: warning: no return statement in function returning non-void [-Wreturn-type]
   74 | #define __DEF_IF_HOST { }
      |                         ^
/usr/local/cuda/include/sm_32_intrinsics.h:244:56: note: in expansion of macro '__DEF_IF_HOST'
  244 | __SM_32_INTRINSICS_DECL__ int4 __ldlu(const int4 *ptr) __DEF_IF_HOST
      |                                                        ^~~~~~~~~~~~~
/usr/local/cuda/include/sm_32_intrinsics.h: In function 'longlong2 __ldlu(const longlong2*)':
/usr/local/cuda/include/sm_32_intrinsics.h:74:25: warning: no return statement in function returning non-void [-Wreturn-type]
   74 | #define __DEF_IF_HOST { }
      |                         ^
/usr/local/cuda/include/sm_32_intrinsics.h:245:66: note: in expansion of macro '__DEF_IF_HOST'
  245 | __SM_32_INTRINSICS_DECL__ longlong2 __ldlu(const longlong2 *ptr) __DEF_IF_HOST
      |                                                                  ^~~~~~~~~~~~~
/usr/local/cuda/include/sm_32_intrinsics.h: In function 'unsigned char __ldlu(const unsigned char*)':
/usr/local/cuda/include/sm_32_intrinsics.h:74:25: warning: no return statement in function returning non-void [-Wreturn-type]
   74 | #define __DEF_IF_HOST { }
      |                         ^
/usr/local/cuda/include/sm_32_intrinsics.h:247:74: note: in expansion of macro '__DEF_IF_HOST'
  247 | __SM_32_INTRINSICS_DECL__ unsigned char __ldlu(const unsigned char *ptr) __DEF_IF_HOST
      |                                                                          ^~~~~~~~~~~~~
/usr/local/cuda/include/sm_32_intrinsics.h: In function 'short unsigned int __ldlu(const short unsigned int*)':
/usr/local/cuda/include/sm_32_intrinsics.h:74:25: warning: no return statement in function returning non-void [-Wreturn-type]
   74 | #define __DEF_IF_HOST { }
      |                         ^
/usr/local/cuda/include/sm_32_intrinsics.h:248:76: note: in expansion of macro '__DEF_IF_HOST'
  248 | __SM_32_INTRINSICS_DECL__ unsigned short __ldlu(const unsigned short *ptr) __DEF_IF_HOST
      |                                                                            ^~~~~~~~~~~~~
/usr/local/cuda/include/sm_32_intrinsics.h: In function 'unsigned int __ldlu(const unsigned int*)':
/usr/local/cuda/include/sm_32_intrinsics.h:74:25: warning: no return statement in function returning non-void [-Wreturn-type]
   74 | #define __DEF_IF_HOST { }
      |                         ^
/usr/local/cuda/include/sm_32_intrinsics.h:249:72: note: in expansion of macro '__DEF_IF_HOST'
  249 | __SM_32_INTRINSICS_DECL__ unsigned int __ldlu(const unsigned int *ptr) __DEF_IF_HOST
      |                                                                        ^~~~~~~~~~~~~
/usr/local/cuda/include/sm_32_intrinsics.h: In function 'long long unsigned int __ldlu(const long long unsigned int*)':
/usr/local/cuda/include/sm_32_intrinsics.h:74:25: warning: no return statement in function returning non-void [-Wreturn-type]
   74 | #define __DEF_IF_HOST { }
      |                         ^
/usr/local/cuda/include/sm_32_intrinsics.h:250:84: note: in expansion of macro '__DEF_IF_HOST'
  250 | __SM_32_INTRINSICS_DECL__ unsigned long long __ldlu(const unsigned long long *ptr) __DEF_IF_HOST
      |                                                                                    ^~~~~~~~~~~~~
/usr/local/cuda/include/sm_32_intrinsics.h: In function 'uchar2 __ldlu(const uchar2*)':
/usr/local/cuda/include/sm_32_intrinsics.h:74:25: warning: no return statement in function returning non-void [-Wreturn-type]
   74 | #define __DEF_IF_HOST { }
      |                         ^
/usr/local/cuda/include/sm_32_intrinsics.h:251:60: note: in expansion of macro '__DEF_IF_HOST'
  251 | __SM_32_INTRINSICS_DECL__ uchar2 __ldlu(const uchar2 *ptr) __DEF_IF_HOST
      |                                                            ^~~~~~~~~~~~~
/usr/local/cuda/include/sm_32_intrinsics.h: In function 'uchar4 __ldlu(const uchar4*)':
/usr/local/cuda/include/sm_32_intrinsics.h:74:25: warning: no return statement in function returning non-void [-Wreturn-type]
   74 | #define __DEF_IF_HOST { }
      |                         ^
/usr/local/cuda/include/sm_32_intrinsics.h:252:60: note: in expansion of macro '__DEF_IF_HOST'
  252 | __SM_32_INTRINSICS_DECL__ uchar4 __ldlu(const uchar4 *ptr) __DEF_IF_HOST
      |                                                            ^~~~~~~~~~~~~
/usr/local/cuda/include/sm_32_intrinsics.h: In function 'ushort2 __ldlu(const ushort2*)':
/usr/local/cuda/include/sm_32_intrinsics.h:74:25: warning: no return statement in function returning non-void [-Wreturn-type]
   74 | #define __DEF_IF_HOST { }
      |                         ^
/usr/local/cuda/include/sm_32_intrinsics.h:253:62: note: in expansion of macro '__DEF_IF_HOST'
  253 | __SM_32_INTRINSICS_DECL__ ushort2 __ldlu(const ushort2 *ptr) __DEF_IF_HOST
      |                                                              ^~~~~~~~~~~~~
/usr/local/cuda/include/sm_32_intrinsics.h: In function 'ushort4 __ldlu(const ushort4*)':
/usr/local/cuda/include/sm_32_intrinsics.h:74:25: warning: no return statement in function returning non-void [-Wreturn-type]
   74 | #define __DEF_IF_HOST { }
      |                         ^
/usr/local/cuda/include/sm_32_intrinsics.h:254:62: note: in expansion of macro '__DEF_IF_HOST'
  254 | __SM_32_INTRINSICS_DECL__ ushort4 __ldlu(const ushort4 *ptr) __DEF_IF_HOST
      |                                                              ^~~~~~~~~~~~~
/usr/local/cuda/include/sm_32_intrinsics.h: In function 'uint2 __ldlu(const uint2*)':
/usr/local/cuda/include/sm_32_intrinsics.h:74:25: warning: no return statement in function returning non-void [-Wreturn-type]
   74 | #define __DEF_IF_HOST { }
      |                         ^
/usr/local/cuda/include/sm_32_intrinsics.h:255:58: note: in expansion of macro '__DEF_IF_HOST'
  255 | __SM_32_INTRINSICS_DECL__ uint2 __ldlu(const uint2 *ptr) __DEF_IF_HOST
      |                                                          ^~~~~~~~~~~~~
/usr/local/cuda/include/sm_32_intrinsics.h: In function 'uint4 __ldlu(const uint4*)':
/usr/local/cuda/include/sm_32_intrinsics.h:74:25: warning: no return statement in function returning non-void [-Wreturn-type]
   74 | #define __DEF_IF_HOST { }
      |                         ^
/usr/local/cuda/include/sm_32_intrinsics.h:256:58: note: in expansion of macro '__DEF_IF_HOST'
  256 | __SM_32_INTRINSICS_DECL__ uint4 __ldlu(const uint4 *ptr) __DEF_IF_HOST
      |                                                          ^~~~~~~~~~~~~
/usr/local/cuda/include/sm_32_intrinsics.h: In function 'ulonglong2 __ldlu(const ulonglong2*)':
/usr/local/cuda/include/sm_32_intrinsics.h:74:25: warning: no return statement in function returning non-void [-Wreturn-type]
   74 | #define __DEF_IF_HOST { }
      |                         ^
/usr/local/cuda/include/sm_32_intrinsics.h:257:68: note: in expansion of macro '__DEF_IF_HOST'
  257 | __SM_32_INTRINSICS_DECL__ ulonglong2 __ldlu(const ulonglong2 *ptr) __DEF_IF_HOST
      |                                                                    ^~~~~~~~~~~~~
/usr/local/cuda/include/sm_32_intrinsics.h: In function 'float __ldlu(const float*)':
/usr/local/cuda/include/sm_32_intrinsics.h:74:25: warning: no return statement in function returning non-void [-Wreturn-type]
   74 | #define __DEF_IF_HOST { }
      |                         ^
/usr/local/cuda/include/sm_32_intrinsics.h:259:58: note: in expansion of macro '__DEF_IF_HOST'
  259 | __SM_32_INTRINSICS_DECL__ float __ldlu(const float *ptr) __DEF_IF_HOST
      |                                                          ^~~~~~~~~~~~~
/usr/local/cuda/include/sm_32_intrinsics.h: In function 'double __ldlu(const double*)':
/usr/local/cuda/include/sm_32_intrinsics.h:74:25: warning: no return statement in function returning non-void [-Wreturn-type]
   74 | #define __DEF_IF_HOST { }
      |                         ^
/usr/local/cuda/include/sm_32_intrinsics.h:260:60: note: in expansion of macro '__DEF_IF_HOST'
  260 | __SM_32_INTRINSICS_DECL__ double __ldlu(const double *ptr) __DEF_IF_HOST
      |                                                            ^~~~~~~~~~~~~
/usr/local/cuda/include/sm_32_intrinsics.h: In function 'float2 __ldlu(const float2*)':
/usr/local/cuda/include/sm_32_intrinsics.h:74:25: warning: no return statement in function returning non-void [-Wreturn-type]
   74 | #define __DEF_IF_HOST { }
      |                         ^
/usr/local/cuda/include/sm_32_intrinsics.h:261:60: note: in expansion of macro '__DEF_IF_HOST'
  261 | __SM_32_INTRINSICS_DECL__ float2 __ldlu(const float2 *ptr) __DEF_IF_HOST
      |                                                            ^~~~~~~~~~~~~
/usr/local/cuda/include/sm_32_intrinsics.h: In function 'float4 __ldlu(const float4*)':
/usr/local/cuda/include/sm_32_intrinsics.h:74:25: warning: no return statement in function returning non-void [-Wreturn-type]
   74 | #define __DEF_IF_HOST { }
      |                         ^
/usr/local/cuda/include/sm_32_intrinsics.h:262:60: note: in expansion of macro '__DEF_IF_HOST'
  262 | __SM_32_INTRINSICS_DECL__ float4 __ldlu(const float4 *ptr) __DEF_IF_HOST
      |                                                            ^~~~~~~~~~~~~
/usr/local/cuda/include/sm_32_intrinsics.h: In function 'double2 __ldlu(const double2*)':
/usr/local/cuda/include/sm_32_intrinsics.h:74:25: warning: no return statement in function returning non-void [-Wreturn-type]
   74 | #define __DEF_IF_HOST { }
      |                         ^
/usr/local/cuda/include/sm_32_intrinsics.h:263:62: note: in expansion of macro '__DEF_IF_HOST'
  263 | __SM_32_INTRINSICS_DECL__ double2 __ldlu(const double2 *ptr) __DEF_IF_HOST
      |                                                              ^~~~~~~~~~~~~
/usr/local/cuda/include/sm_32_intrinsics.h: In function 'long int __ldcv(const long int*)':
/usr/local/cuda/include/sm_32_intrinsics.h:74:25: warning: no return statement in function returning non-void [-Wreturn-type]
   74 | #define __DEF_IF_HOST { }
      |                         ^
/usr/local/cuda/include/sm_32_intrinsics.h:267:56: note: in expansion of macro '__DEF_IF_HOST'
  267 | __SM_32_INTRINSICS_DECL__ long __ldcv(const long *ptr) __DEF_IF_HOST
      |                                                        ^~~~~~~~~~~~~
/usr/local/cuda/include/sm_32_intrinsics.h: In function 'long unsigned int __ldcv(const long unsigned int*)':
/usr/local/cuda/include/sm_32_intrinsics.h:74:25: warning: no return statement in function returning non-void [-Wreturn-type]
   74 | #define __DEF_IF_HOST { }
      |                         ^
/usr/local/cuda/include/sm_32_intrinsics.h:268:74: note: in expansion of macro '__DEF_IF_HOST'
  268 | __SM_32_INTRINSICS_DECL__ unsigned long __ldcv(const unsigned long *ptr) __DEF_IF_HOST
      |                                                                          ^~~~~~~~~~~~~
/usr/local/cuda/include/sm_32_intrinsics.h: In function 'char __ldcv(const char*)':
/usr/local/cuda/include/sm_32_intrinsics.h:74:25: warning: no return statement in function returning non-void [-Wreturn-type]
   74 | #define __DEF_IF_HOST { }
      |                         ^
/usr/local/cuda/include/sm_32_intrinsics.h:270:56: note: in expansion of macro '__DEF_IF_HOST'
  270 | __SM_32_INTRINSICS_DECL__ char __ldcv(const char *ptr) __DEF_IF_HOST
      |                                                        ^~~~~~~~~~~~~
/usr/local/cuda/include/sm_32_intrinsics.h: In function 'signed char __ldcv(const signed char*)':
/usr/local/cuda/include/sm_32_intrinsics.h:74:25: warning: no return statement in function returning non-void [-Wreturn-type]
   74 | #define __DEF_IF_HOST { }
      |                         ^
/usr/local/cuda/include/sm_32_intrinsics.h:271:70: note: in expansion of macro '__DEF_IF_HOST'
  271 | __SM_32_INTRINSICS_DECL__ signed char __ldcv(const signed char *ptr) __DEF_IF_HOST
      |                                                                      ^~~~~~~~~~~~~
/usr/local/cuda/include/sm_32_intrinsics.h: In function 'short int __ldcv(const short int*)':
/usr/local/cuda/include/sm_32_intrinsics.h:74:25: warning: no return statement in function returning non-void [-Wreturn-type]
   74 | #define __DEF_IF_HOST { }
      |                         ^
/usr/local/cuda/include/sm_32_intrinsics.h:272:58: note: in expansion of macro '__DEF_IF_HOST'
  272 | __SM_32_INTRINSICS_DECL__ short __ldcv(const short *ptr) __DEF_IF_HOST
      |                                                          ^~~~~~~~~~~~~
/usr/local/cuda/include/sm_32_intrinsics.h: In function 'int __ldcv(const int*)':
/usr/local/cuda/include/sm_32_intrinsics.h:74:25: warning: no return statement in function returning non-void [-Wreturn-type]
   74 | #define __DEF_IF_HOST { }
      |                         ^
/usr/local/cuda/include/sm_32_intrinsics.h:273:54: note: in expansion of macro '__DEF_IF_HOST'
  273 | __SM_32_INTRINSICS_DECL__ int __ldcv(const int *ptr) __DEF_IF_HOST
      |                                                      ^~~~~~~~~~~~~
/usr/local/cuda/include/sm_32_intrinsics.h: In function 'long long int __ldcv(const long long int*)':
/usr/local/cuda/include/sm_32_intrinsics.h:74:25: warning: no return statement in function returning non-void [-Wreturn-type]
   74 | #define __DEF_IF_HOST { }
      |                         ^
/usr/local/cuda/include/sm_32_intrinsics.h:274:66: note: in expansion of macro '__DEF_IF_HOST'
  274 | __SM_32_INTRINSICS_DECL__ long long __ldcv(const long long *ptr) __DEF_IF_HOST
      |                                                                  ^~~~~~~~~~~~~
/usr/local/cuda/include/sm_32_intrinsics.h: In function 'char2 __ldcv(const char2*)':
/usr/local/cuda/include/sm_32_intrinsics.h:74:25: warning: no return statement in function returning non-void [-Wreturn-type]
   74 | #define __DEF_IF_HOST { }
      |                         ^
/usr/local/cuda/include/sm_32_intrinsics.h:275:58: note: in expansion of macro '__DEF_IF_HOST'
  275 | __SM_32_INTRINSICS_DECL__ char2 __ldcv(const char2 *ptr) __DEF_IF_HOST
      |                                                          ^~~~~~~~~~~~~
/usr/local/cuda/include/sm_32_intrinsics.h: In function 'char4 __ldcv(const char4*)':
/usr/local/cuda/include/sm_32_intrinsics.h:74:25: warning: no return statement in function returning non-void [-Wreturn-type]
   74 | #define __DEF_IF_HOST { }
      |                         ^
/usr/local/cuda/include/sm_32_intrinsics.h:276:58: note: in expansion of macro '__DEF_IF_HOST'
  276 | __SM_32_INTRINSICS_DECL__ char4 __ldcv(const char4 *ptr) __DEF_IF_HOST
      |                                                          ^~~~~~~~~~~~~
/usr/local/cuda/include/sm_32_intrinsics.h: In function 'short2 __ldcv(const short2*)':
/usr/local/cuda/include/sm_32_intrinsics.h:74:25: warning: no return statement in function returning non-void [-Wreturn-type]
   74 | #define __DEF_IF_HOST { }
      |                         ^
/usr/local/cuda/include/sm_32_intrinsics.h:277:60: note: in expansion of macro '__DEF_IF_HOST'
  277 | __SM_32_INTRINSICS_DECL__ short2 __ldcv(const short2 *ptr) __DEF_IF_HOST
      |                                                            ^~~~~~~~~~~~~
/usr/local/cuda/include/sm_32_intrinsics.h: In function 'short4 __ldcv(const short4*)':
/usr/local/cuda/include/sm_32_intrinsics.h:74:25: warning: no return statement in function returning non-void [-Wreturn-type]
   74 | #define __DEF_IF_HOST { }
      |                         ^
/usr/local/cuda/include/sm_32_intrinsics.h:278:60: note: in expansion of macro '__DEF_IF_HOST'
  278 | __SM_32_INTRINSICS_DECL__ short4 __ldcv(const short4 *ptr) __DEF_IF_HOST
      |                                                            ^~~~~~~~~~~~~
/usr/local/cuda/include/sm_32_intrinsics.h: In function 'int2 __ldcv(const int2*)':
/usr/local/cuda/include/sm_32_intrinsics.h:74:25: warning: no return statement in function returning non-void [-Wreturn-type]
   74 | #define __DEF_IF_HOST { }
      |                         ^
/usr/local/cuda/include/sm_32_intrinsics.h:279:56: note: in expansion of macro '__DEF_IF_HOST'
  279 | __SM_32_INTRINSICS_DECL__ int2 __ldcv(const int2 *ptr) __DEF_IF_HOST
      |                                                        ^~~~~~~~~~~~~
/usr/local/cuda/include/sm_32_intrinsics.h: In function 'int4 __ldcv(const int4*)':
/usr/local/cuda/include/sm_32_intrinsics.h:74:25: warning: no return statement in function returning non-void [-Wreturn-type]
   74 | #define __DEF_IF_HOST { }
      |                         ^
/usr/local/cuda/include/sm_32_intrinsics.h:280:56: note: in expansion of macro '__DEF_IF_HOST'
  280 | __SM_32_INTRINSICS_DECL__ int4 __ldcv(const int4 *ptr) __DEF_IF_HOST
      |                                                        ^~~~~~~~~~~~~
/usr/local/cuda/include/sm_32_intrinsics.h: In function 'longlong2 __ldcv(const longlong2*)':
/usr/local/cuda/include/sm_32_intrinsics.h:74:25: warning: no return statement in function returning non-void [-Wreturn-type]
   74 | #define __DEF_IF_HOST { }
      |                         ^
/usr/local/cuda/include/sm_32_intrinsics.h:281:66: note: in expansion of macro '__DEF_IF_HOST'
  281 | __SM_32_INTRINSICS_DECL__ longlong2 __ldcv(const longlong2 *ptr) __DEF_IF_HOST
      |                                                                  ^~~~~~~~~~~~~
/usr/local/cuda/include/sm_32_intrinsics.h: In function 'unsigned char __ldcv(const unsigned char*)':
/usr/local/cuda/include/sm_32_intrinsics.h:74:25: warning: no return statement in function returning non-void [-Wreturn-type]
   74 | #define __DEF_IF_HOST { }
      |                         ^
/usr/local/cuda/include/sm_32_intrinsics.h:283:74: note: in expansion of macro '__DEF_IF_HOST'
  283 | __SM_32_INTRINSICS_DECL__ unsigned char __ldcv(const unsigned char *ptr) __DEF_IF_HOST
      |                                                                          ^~~~~~~~~~~~~
/usr/local/cuda/include/sm_32_intrinsics.h: In function 'short unsigned int __ldcv(const short unsigned int*)':
/usr/local/cuda/include/sm_32_intrinsics.h:74:25: warning: no return statement in function returning non-void [-Wreturn-type]
   74 | #define __DEF_IF_HOST { }
      |                         ^
/usr/local/cuda/include/sm_32_intrinsics.h:284:76: note: in expansion of macro '__DEF_IF_HOST'
  284 | __SM_32_INTRINSICS_DECL__ unsigned short __ldcv(const unsigned short *ptr) __DEF_IF_HOST
      |                                                                            ^~~~~~~~~~~~~
/usr/local/cuda/include/sm_32_intrinsics.h: In function 'unsigned int __ldcv(const unsigned int*)':
/usr/local/cuda/include/sm_32_intrinsics.h:74:25: warning: no return statement in function returning non-void [-Wreturn-type]
   74 | #define __DEF_IF_HOST { }
      |                         ^
/usr/local/cuda/include/sm_32_intrinsics.h:285:72: note: in expansion of macro '__DEF_IF_HOST'
  285 | __SM_32_INTRINSICS_DECL__ unsigned int __ldcv(const unsigned int *ptr) __DEF_IF_HOST
      |                                                                        ^~~~~~~~~~~~~
/usr/local/cuda/include/sm_32_intrinsics.h: In function 'long long unsigned int __ldcv(const long long unsigned int*)':
/usr/local/cuda/include/sm_32_intrinsics.h:74:25: warning: no return statement in function returning non-void [-Wreturn-type]
   74 | #define __DEF_IF_HOST { }
      |                         ^
/usr/local/cuda/include/sm_32_intrinsics.h:286:84: note: in expansion of macro '__DEF_IF_HOST'
  286 | __SM_32_INTRINSICS_DECL__ unsigned long long __ldcv(const unsigned long long *ptr) __DEF_IF_HOST
      |                                                                                    ^~~~~~~~~~~~~
/usr/local/cuda/include/sm_32_intrinsics.h: In function 'uchar2 __ldcv(const uchar2*)':
/usr/local/cuda/include/sm_32_intrinsics.h:74:25: warning: no return statement in function returning non-void [-Wreturn-type]
   74 | #define __DEF_IF_HOST { }
      |                         ^
/usr/local/cuda/include/sm_32_intrinsics.h:287:60: note: in expansion of macro '__DEF_IF_HOST'
  287 | __SM_32_INTRINSICS_DECL__ uchar2 __ldcv(const uchar2 *ptr) __DEF_IF_HOST
      |                                                            ^~~~~~~~~~~~~
/usr/local/cuda/include/sm_32_intrinsics.h: In function 'uchar4 __ldcv(const uchar4*)':
/usr/local/cuda/include/sm_32_intrinsics.h:74:25: warning: no return statement in function returning non-void [-Wreturn-type]
   74 | #define __DEF_IF_HOST { }
      |                         ^
/usr/local/cuda/include/sm_32_intrinsics.h:288:60: note: in expansion of macro '__DEF_IF_HOST'
  288 | __SM_32_INTRINSICS_DECL__ uchar4 __ldcv(const uchar4 *ptr) __DEF_IF_HOST
      |                                                            ^~~~~~~~~~~~~
/usr/local/cuda/include/sm_32_intrinsics.h: In function 'ushort2 __ldcv(const ushort2*)':
/usr/local/cuda/include/sm_32_intrinsics.h:74:25: warning: no return statement in function returning non-void [-Wreturn-type]
   74 | #define __DEF_IF_HOST { }
      |                         ^
/usr/local/cuda/include/sm_32_intrinsics.h:289:62: note: in expansion of macro '__DEF_IF_HOST'
  289 | __SM_32_INTRINSICS_DECL__ ushort2 __ldcv(const ushort2 *ptr) __DEF_IF_HOST
      |                                                              ^~~~~~~~~~~~~
/usr/local/cuda/include/sm_32_intrinsics.h: In function 'ushort4 __ldcv(const ushort4*)':
/usr/local/cuda/include/sm_32_intrinsics.h:74:25: warning: no return statement in function returning non-void [-Wreturn-type]
   74 | #define __DEF_IF_HOST { }
      |                         ^
/usr/local/cuda/include/sm_32_intrinsics.h:290:62: note: in expansion of macro '__DEF_IF_HOST'
  290 | __SM_32_INTRINSICS_DECL__ ushort4 __ldcv(const ushort4 *ptr) __DEF_IF_HOST
      |                                                              ^~~~~~~~~~~~~
/usr/local/cuda/include/sm_32_intrinsics.h: In function 'uint2 __ldcv(const uint2*)':
/usr/local/cuda/include/sm_32_intrinsics.h:74:25: warning: no return statement in function returning non-void [-Wreturn-type]
   74 | #define __DEF_IF_HOST { }
      |                         ^
/usr/local/cuda/include/sm_32_intrinsics.h:291:58: note: in expansion of macro '__DEF_IF_HOST'
  291 | __SM_32_INTRINSICS_DECL__ uint2 __ldcv(const uint2 *ptr) __DEF_IF_HOST
      |                                                          ^~~~~~~~~~~~~
/usr/local/cuda/include/sm_32_intrinsics.h: In function 'uint4 __ldcv(const uint4*)':
/usr/local/cuda/include/sm_32_intrinsics.h:74:25: warning: no return statement in function returning non-void [-Wreturn-type]
   74 | #define __DEF_IF_HOST { }
      |                         ^
/usr/local/cuda/include/sm_32_intrinsics.h:292:58: note: in expansion of macro '__DEF_IF_HOST'
  292 | __SM_32_INTRINSICS_DECL__ uint4 __ldcv(const uint4 *ptr) __DEF_IF_HOST
      |                                                          ^~~~~~~~~~~~~
/usr/local/cuda/include/sm_32_intrinsics.h: In function 'ulonglong2 __ldcv(const ulonglong2*)':
/usr/local/cuda/include/sm_32_intrinsics.h:74:25: warning: no return statement in function returning non-void [-Wreturn-type]
   74 | #define __DEF_IF_HOST { }
      |                         ^
/usr/local/cuda/include/sm_32_intrinsics.h:293:68: note: in expansion of macro '__DEF_IF_HOST'
  293 | __SM_32_INTRINSICS_DECL__ ulonglong2 __ldcv(const ulonglong2 *ptr) __DEF_IF_HOST
      |                                                                    ^~~~~~~~~~~~~
/usr/local/cuda/include/sm_32_intrinsics.h: In function 'float __ldcv(const float*)':
/usr/local/cuda/include/sm_32_intrinsics.h:74:25: warning: no return statement in function returning non-void [-Wreturn-type]
   74 | #define __DEF_IF_HOST { }
      |                         ^
/usr/local/cuda/include/sm_32_intrinsics.h:295:58: note: in expansion of macro '__DEF_IF_HOST'
  295 | __SM_32_INTRINSICS_DECL__ float __ldcv(const float *ptr) __DEF_IF_HOST
      |                                                          ^~~~~~~~~~~~~
/usr/local/cuda/include/sm_32_intrinsics.h: In function 'double __ldcv(const double*)':
/usr/local/cuda/include/sm_32_intrinsics.h:74:25: warning: no return statement in function returning non-void [-Wreturn-type]
   74 | #define __DEF_IF_HOST { }
      |                         ^
/usr/local/cuda/include/sm_32_intrinsics.h:296:60: note: in expansion of macro '__DEF_IF_HOST'
  296 | __SM_32_INTRINSICS_DECL__ double __ldcv(const double *ptr) __DEF_IF_HOST
      |                                                            ^~~~~~~~~~~~~
/usr/local/cuda/include/sm_32_intrinsics.h: In function 'float2 __ldcv(const float2*)':
/usr/local/cuda/include/sm_32_intrinsics.h:74:25: warning: no return statement in function returning non-void [-Wreturn-type]
   74 | #define __DEF_IF_HOST { }
      |                         ^
/usr/local/cuda/include/sm_32_intrinsics.h:297:60: note: in expansion of macro '__DEF_IF_HOST'
  297 | __SM_32_INTRINSICS_DECL__ float2 __ldcv(const float2 *ptr) __DEF_IF_HOST
      |                                                            ^~~~~~~~~~~~~
/usr/local/cuda/include/sm_32_intrinsics.h: In function 'float4 __ldcv(const float4*)':
/usr/local/cuda/include/sm_32_intrinsics.h:74:25: warning: no return statement in function returning non-void [-Wreturn-type]
   74 | #define __DEF_IF_HOST { }
      |                         ^
/usr/local/cuda/include/sm_32_intrinsics.h:298:60: note: in expansion of macro '__DEF_IF_HOST'
  298 | __SM_32_INTRINSICS_DECL__ float4 __ldcv(const float4 *ptr) __DEF_IF_HOST
      |                                                            ^~~~~~~~~~~~~
/usr/local/cuda/include/sm_32_intrinsics.h: In function 'double2 __ldcv(const double2*)':
/usr/local/cuda/include/sm_32_intrinsics.h:74:25: warning: no return statement in function returning non-void [-Wreturn-type]
   74 | #define __DEF_IF_HOST { }
      |                         ^
/usr/local/cuda/include/sm_32_intrinsics.h:299:62: note: in expansion of macro '__DEF_IF_HOST'
  299 | __SM_32_INTRINSICS_DECL__ double2 __ldcv(const double2 *ptr) __DEF_IF_HOST
      |                                                              ^~~~~~~~~~~~~
/usr/local/cuda/include/sm_32_intrinsics.h: In function 'unsigned int __funnelshift_l(unsigned int, unsigned int, unsigned int)':
/usr/local/cuda/include/sm_32_intrinsics.h:74:25: warning: no return statement in function returning non-void [-Wreturn-type]
   74 | #define __DEF_IF_HOST { }
      |                         ^
/usr/local/cuda/include/sm_32_intrinsics.h:460:110: note: in expansion of macro '__DEF_IF_HOST'
  460 | __SM_32_INTRINSICS_DECL__ unsigned int __funnelshift_l(unsigned int lo, unsigned int hi, unsigned int shift) __DEF_IF_HOST
      |                                                                                                              ^~~~~~~~~~~~~
/usr/local/cuda/include/sm_32_intrinsics.h: In function 'unsigned int __funnelshift_lc(unsigned int, unsigned int, unsigned int)':
/usr/local/cuda/include/sm_32_intrinsics.h:74:25: warning: no return statement in function returning non-void [-Wreturn-type]
   74 | #define __DEF_IF_HOST { }
      |                         ^
/usr/local/cuda/include/sm_32_intrinsics.h:472:111: note: in expansion of macro '__DEF_IF_HOST'
  472 | __SM_32_INTRINSICS_DECL__ unsigned int __funnelshift_lc(unsigned int lo, unsigned int hi, unsigned int shift) __DEF_IF_HOST
      |                                                                                                               ^~~~~~~~~~~~~
/usr/local/cuda/include/sm_32_intrinsics.h: In function 'unsigned int __funnelshift_r(unsigned int, unsigned int, unsigned int)':
/usr/local/cuda/include/sm_32_intrinsics.h:74:25: warning: no return statement in function returning non-void [-Wreturn-type]
   74 | #define __DEF_IF_HOST { }
      |                         ^
/usr/local/cuda/include/sm_32_intrinsics.h:485:110: note: in expansion of macro '__DEF_IF_HOST'
  485 | __SM_32_INTRINSICS_DECL__ unsigned int __funnelshift_r(unsigned int lo, unsigned int hi, unsigned int shift) __DEF_IF_HOST
      |                                                                                                              ^~~~~~~~~~~~~
/usr/local/cuda/include/sm_32_intrinsics.h: In function 'unsigned int __funnelshift_rc(unsigned int, unsigned int, unsigned int)':
/usr/local/cuda/include/sm_32_intrinsics.h:74:25: warning: no return statement in function returning non-void [-Wreturn-type]
   74 | #define __DEF_IF_HOST { }
      |                         ^
/usr/local/cuda/include/sm_32_intrinsics.h:497:111: note: in expansion of macro '__DEF_IF_HOST'
  497 | __SM_32_INTRINSICS_DECL__ unsigned int __funnelshift_rc(unsigned int lo, unsigned int hi, unsigned int shift) __DEF_IF_HOST
      |                                                                                                               ^~~~~~~~~~~~~
In file included from /usr/local/cuda/include/crt/device_functions.h:3625,
                 from /home/GVirtuS/GVirtuS/plugins/cudart/backend/CudaRtHandler.h:71,
                 from /home/GVirtuS/GVirtuS/plugins/cudart/backend/CudaRtHandler_memory.cpp:26:
/usr/local/cuda/include/sm_61_intrinsics.h: In function 'int __dp2a_lo(int, int, int)':
/usr/local/cuda/include/sm_61_intrinsics.h:72:25: warning: no return statement in function returning non-void [-Wreturn-type]
   72 | #define __DEF_IF_HOST { }
      |                         ^
/usr/local/cuda/include/sm_61_intrinsics.h:99:68: note: in expansion of macro '__DEF_IF_HOST'
   99 | __SM_61_INTRINSICS_DECL__ int __dp2a_lo(int srcA, int srcB, int c) __DEF_IF_HOST
      |                                                                    ^~~~~~~~~~~~~
/usr/local/cuda/include/sm_61_intrinsics.h: In function 'unsigned int __dp2a_lo(unsigned int, unsigned int, unsigned int)':
/usr/local/cuda/include/sm_61_intrinsics.h:72:25: warning: no return statement in function returning non-void [-Wreturn-type]
   72 | #define __DEF_IF_HOST { }
      |                         ^
/usr/local/cuda/include/sm_61_intrinsics.h:110:104: note: in expansion of macro '__DEF_IF_HOST'
  110 | __SM_61_INTRINSICS_DECL__ unsigned int __dp2a_lo(unsigned int srcA, unsigned int srcB, unsigned int c) __DEF_IF_HOST
      |                                                                                                        ^~~~~~~~~~~~~
/usr/local/cuda/include/sm_61_intrinsics.h: In function 'int __dp2a_lo(short2, char4, int)':
/usr/local/cuda/include/sm_61_intrinsics.h:72:25: warning: no return statement in function returning non-void [-Wreturn-type]
   72 | #define __DEF_IF_HOST { }
      |                         ^
/usr/local/cuda/include/sm_61_intrinsics.h:122:73: note: in expansion of macro '__DEF_IF_HOST'
  122 | __SM_61_INTRINSICS_DECL__ int __dp2a_lo(short2 srcA, char4 srcB, int c) __DEF_IF_HOST
      |                                                                         ^~~~~~~~~~~~~
/usr/local/cuda/include/sm_61_intrinsics.h: In function 'unsigned int __dp2a_lo(ushort2, uchar4, unsigned int)':
/usr/local/cuda/include/sm_61_intrinsics.h:72:25: warning: no return statement in function returning non-void [-Wreturn-type]
   72 | #define __DEF_IF_HOST { }
      |                         ^
/usr/local/cuda/include/sm_61_intrinsics.h:133:93: note: in expansion of macro '__DEF_IF_HOST'
  133 | __SM_61_INTRINSICS_DECL__ unsigned int __dp2a_lo(ushort2 srcA, uchar4 srcB, unsigned int c) __DEF_IF_HOST
      |                                                                                             ^~~~~~~~~~~~~
/usr/local/cuda/include/sm_61_intrinsics.h: In function 'int __dp2a_hi(int, int, int)':
/usr/local/cuda/include/sm_61_intrinsics.h:72:25: warning: no return statement in function returning non-void [-Wreturn-type]
   72 | #define __DEF_IF_HOST { }
      |                         ^
/usr/local/cuda/include/sm_61_intrinsics.h:145:68: note: in expansion of macro '__DEF_IF_HOST'
  145 | __SM_61_INTRINSICS_DECL__ int __dp2a_hi(int srcA, int srcB, int c) __DEF_IF_HOST
      |                                                                    ^~~~~~~~~~~~~
/usr/local/cuda/include/sm_61_intrinsics.h: In function 'unsigned int __dp2a_hi(unsigned int, unsigned int, unsigned int)':
/usr/local/cuda/include/sm_61_intrinsics.h:72:25: warning: no return statement in function returning non-void [-Wreturn-type]
   72 | #define __DEF_IF_HOST { }
      |                         ^
/usr/local/cuda/include/sm_61_intrinsics.h:156:104: note: in expansion of macro '__DEF_IF_HOST'
  156 | __SM_61_INTRINSICS_DECL__ unsigned int __dp2a_hi(unsigned int srcA, unsigned int srcB, unsigned int c) __DEF_IF_HOST
      |                                                                                                        ^~~~~~~~~~~~~
/usr/local/cuda/include/sm_61_intrinsics.h: In function 'int __dp2a_hi(short2, char4, int)':
/usr/local/cuda/include/sm_61_intrinsics.h:72:25: warning: no return statement in function returning non-void [-Wreturn-type]
   72 | #define __DEF_IF_HOST { }
      |                         ^
/usr/local/cuda/include/sm_61_intrinsics.h:168:73: note: in expansion of macro '__DEF_IF_HOST'
  168 | __SM_61_INTRINSICS_DECL__ int __dp2a_hi(short2 srcA, char4 srcB, int c) __DEF_IF_HOST
      |                                                                         ^~~~~~~~~~~~~
/usr/local/cuda/include/sm_61_intrinsics.h: In function 'unsigned int __dp2a_hi(ushort2, uchar4, unsigned int)':
/usr/local/cuda/include/sm_61_intrinsics.h:72:25: warning: no return statement in function returning non-void [-Wreturn-type]
   72 | #define __DEF_IF_HOST { }
      |                         ^
/usr/local/cuda/include/sm_61_intrinsics.h:179:93: note: in expansion of macro '__DEF_IF_HOST'
  179 | __SM_61_INTRINSICS_DECL__ unsigned int __dp2a_hi(ushort2 srcA, uchar4 srcB, unsigned int c) __DEF_IF_HOST
      |                                                                                             ^~~~~~~~~~~~~
/usr/local/cuda/include/sm_61_intrinsics.h: In function 'int __dp4a(int, int, int)':
/usr/local/cuda/include/sm_61_intrinsics.h:72:25: warning: no return statement in function returning non-void [-Wreturn-type]
   72 | #define __DEF_IF_HOST { }
      |                         ^
/usr/local/cuda/include/sm_61_intrinsics.h:194:65: note: in expansion of macro '__DEF_IF_HOST'
  194 | __SM_61_INTRINSICS_DECL__ int __dp4a(int srcA, int srcB, int c) __DEF_IF_HOST
      |                                                                 ^~~~~~~~~~~~~
/usr/local/cuda/include/sm_61_intrinsics.h: In function 'unsigned int __dp4a(unsigned int, unsigned int, unsigned int)':
/usr/local/cuda/include/sm_61_intrinsics.h:72:25: warning: no return statement in function returning non-void [-Wreturn-type]
   72 | #define __DEF_IF_HOST { }
      |                         ^
/usr/local/cuda/include/sm_61_intrinsics.h:203:101: note: in expansion of macro '__DEF_IF_HOST'
  203 | __SM_61_INTRINSICS_DECL__ unsigned int __dp4a(unsigned int srcA, unsigned int srcB, unsigned int c) __DEF_IF_HOST
      |                                                                                                     ^~~~~~~~~~~~~
/usr/local/cuda/include/sm_61_intrinsics.h: In function 'int __dp4a(char4, char4, int)':
/usr/local/cuda/include/sm_61_intrinsics.h:72:25: warning: no return statement in function returning non-void [-Wreturn-type]
   72 | #define __DEF_IF_HOST { }
      |                         ^
/usr/local/cuda/include/sm_61_intrinsics.h:213:69: note: in expansion of macro '__DEF_IF_HOST'
  213 | __SM_61_INTRINSICS_DECL__ int __dp4a(char4 srcA, char4 srcB, int c) __DEF_IF_HOST
      |                                                                     ^~~~~~~~~~~~~
/usr/local/cuda/include/sm_61_intrinsics.h: In function 'unsigned int __dp4a(uchar4, uchar4, unsigned int)':
/usr/local/cuda/include/sm_61_intrinsics.h:72:25: warning: no return statement in function returning non-void [-Wreturn-type]
   72 | #define __DEF_IF_HOST { }
      |                         ^
/usr/local/cuda/include/sm_61_intrinsics.h:222:89: note: in expansion of macro '__DEF_IF_HOST'
  222 | __SM_61_INTRINSICS_DECL__ unsigned int __dp4a(uchar4 srcA, uchar4 srcB, unsigned int c) __DEF_IF_HOST
      |                                                                                         ^~~~~~~~~~~~~
In file included from /usr/local/cuda/include/crt/device_functions.h:3626,
                 from /home/GVirtuS/GVirtuS/plugins/cudart/backend/CudaRtHandler.h:71,
                 from /home/GVirtuS/GVirtuS/plugins/cudart/backend/CudaRtHandler_memory.cpp:26:
/usr/local/cuda/include/crt/sm_70_rt.h: In function 'unsigned int __match_any_sync(unsigned int, unsigned int)':
/usr/local/cuda/include/crt/sm_70_rt.h:84:25: warning: no return statement in function returning non-void [-Wreturn-type]
   84 | #define __DEF_IF_HOST { }
      |                         ^
/usr/local/cuda/include/crt/sm_70_rt.h:93:80: note: in expansion of macro '__DEF_IF_HOST'
   93 | __SM_70_RT_DECL__ unsigned int __match_any_sync(unsigned mask, unsigned value) __DEF_IF_HOST
      |                                                                                ^~~~~~~~~~~~~
/usr/local/cuda/include/crt/sm_70_rt.h: In function 'unsigned int __match_any_sync(unsigned int, int)':
/usr/local/cuda/include/crt/sm_70_rt.h:84:25: warning: no return statement in function returning non-void [-Wreturn-type]
   84 | #define __DEF_IF_HOST { }
      |                         ^
/usr/local/cuda/include/crt/sm_70_rt.h:94:75: note: in expansion of macro '__DEF_IF_HOST'
   94 | __SM_70_RT_DECL__ unsigned int __match_any_sync(unsigned mask, int value) __DEF_IF_HOST
      |                                                                           ^~~~~~~~~~~~~
/usr/local/cuda/include/crt/sm_70_rt.h: In function 'unsigned int __match_any_sync(unsigned int, long unsigned int)':
/usr/local/cuda/include/crt/sm_70_rt.h:84:25: warning: no return statement in function returning non-void [-Wreturn-type]
   84 | #define __DEF_IF_HOST { }
      |                         ^
/usr/local/cuda/include/crt/sm_70_rt.h:95:85: note: in expansion of macro '__DEF_IF_HOST'
   95 | __SM_70_RT_DECL__ unsigned int __match_any_sync(unsigned mask, unsigned long value) __DEF_IF_HOST
      |                                                                                     ^~~~~~~~~~~~~
/usr/local/cuda/include/crt/sm_70_rt.h: In function 'unsigned int __match_any_sync(unsigned int, long int)':
/usr/local/cuda/include/crt/sm_70_rt.h:84:25: warning: no return statement in function returning non-void [-Wreturn-type]
   84 | #define __DEF_IF_HOST { }
      |                         ^
/usr/local/cuda/include/crt/sm_70_rt.h:96:76: note: in expansion of macro '__DEF_IF_HOST'
   96 | __SM_70_RT_DECL__ unsigned int __match_any_sync(unsigned mask, long value) __DEF_IF_HOST
      |                                                                            ^~~~~~~~~~~~~
/usr/local/cuda/include/crt/sm_70_rt.h: In function 'unsigned int __match_any_sync(unsigned int, long long unsigned int)':
/usr/local/cuda/include/crt/sm_70_rt.h:84:25: warning: no return statement in function returning non-void [-Wreturn-type]
   84 | #define __DEF_IF_HOST { }
      |                         ^
/usr/local/cuda/include/crt/sm_70_rt.h:97:90: note: in expansion of macro '__DEF_IF_HOST'
   97 | __SM_70_RT_DECL__ unsigned int __match_any_sync(unsigned mask, unsigned long long value) __DEF_IF_HOST
      |                                                                                          ^~~~~~~~~~~~~
/usr/local/cuda/include/crt/sm_70_rt.h: In function 'unsigned int __match_any_sync(unsigned int, long long int)':
/usr/local/cuda/include/crt/sm_70_rt.h:84:25: warning: no return statement in function returning non-void [-Wreturn-type]
   84 | #define __DEF_IF_HOST { }
      |                         ^
/usr/local/cuda/include/crt/sm_70_rt.h:98:81: note: in expansion of macro '__DEF_IF_HOST'
   98 | __SM_70_RT_DECL__ unsigned int __match_any_sync(unsigned mask, long long value) __DEF_IF_HOST
      |                                                                                 ^~~~~~~~~~~~~
/usr/local/cuda/include/crt/sm_70_rt.h: In function 'unsigned int __match_any_sync(unsigned int, float)':
/usr/local/cuda/include/crt/sm_70_rt.h:84:25: warning: no return statement in function returning non-void [-Wreturn-type]
   84 | #define __DEF_IF_HOST { }
      |                         ^
/usr/local/cuda/include/crt/sm_70_rt.h:99:77: note: in expansion of macro '__DEF_IF_HOST'
   99 | __SM_70_RT_DECL__ unsigned int __match_any_sync(unsigned mask, float value) __DEF_IF_HOST
      |                                                                             ^~~~~~~~~~~~~
/usr/local/cuda/include/crt/sm_70_rt.h: In function 'unsigned int __match_any_sync(unsigned int, double)':
/usr/local/cuda/include/crt/sm_70_rt.h:84:25: warning: no return statement in function returning non-void [-Wreturn-type]
   84 | #define __DEF_IF_HOST { }
      |                         ^
/usr/local/cuda/include/crt/sm_70_rt.h:100:78: note: in expansion of macro '__DEF_IF_HOST'
  100 | __SM_70_RT_DECL__ unsigned int __match_any_sync(unsigned mask, double value) __DEF_IF_HOST
      |                                                                              ^~~~~~~~~~~~~
/usr/local/cuda/include/crt/sm_70_rt.h: In function 'unsigned int __match_all_sync(unsigned int, unsigned int, int*)':
/usr/local/cuda/include/crt/sm_70_rt.h:84:25: warning: no return statement in function returning non-void [-Wreturn-type]
   84 | #define __DEF_IF_HOST { }
      |                         ^
/usr/local/cuda/include/crt/sm_70_rt.h:102:91: note: in expansion of macro '__DEF_IF_HOST'
  102 | __SM_70_RT_DECL__ unsigned int __match_all_sync(unsigned mask, unsigned value, int *pred) __DEF_IF_HOST
      |                                                                                           ^~~~~~~~~~~~~
/usr/local/cuda/include/crt/sm_70_rt.h: In function 'unsigned int __match_all_sync(unsigned int, int, int*)':
/usr/local/cuda/include/crt/sm_70_rt.h:84:25: warning: no return statement in function returning non-void [-Wreturn-type]
   84 | #define __DEF_IF_HOST { }
      |                         ^
/usr/local/cuda/include/crt/sm_70_rt.h:103:86: note: in expansion of macro '__DEF_IF_HOST'
  103 | __SM_70_RT_DECL__ unsigned int __match_all_sync(unsigned mask, int value, int *pred) __DEF_IF_HOST
      |                                                                                      ^~~~~~~~~~~~~
/usr/local/cuda/include/crt/sm_70_rt.h: In function 'unsigned int __match_all_sync(unsigned int, long unsigned int, int*)':
/usr/local/cuda/include/crt/sm_70_rt.h:84:25: warning: no return statement in function returning non-void [-Wreturn-type]
   84 | #define __DEF_IF_HOST { }
      |                         ^
/usr/local/cuda/include/crt/sm_70_rt.h:104:96: note: in expansion of macro '__DEF_IF_HOST'
  104 | __SM_70_RT_DECL__ unsigned int __match_all_sync(unsigned mask, unsigned long value, int *pred) __DEF_IF_HOST
      |                                                                                                ^~~~~~~~~~~~~
/usr/local/cuda/include/crt/sm_70_rt.h: In function 'unsigned int __match_all_sync(unsigned int, long int, int*)':
/usr/local/cuda/include/crt/sm_70_rt.h:84:25: warning: no return statement in function returning non-void [-Wreturn-type]
   84 | #define __DEF_IF_HOST { }
      |                         ^
/usr/local/cuda/include/crt/sm_70_rt.h:105:87: note: in expansion of macro '__DEF_IF_HOST'
  105 | __SM_70_RT_DECL__ unsigned int __match_all_sync(unsigned mask, long value, int *pred) __DEF_IF_HOST
      |                                                                                       ^~~~~~~~~~~~~
/usr/local/cuda/include/crt/sm_70_rt.h: In function 'unsigned int __match_all_sync(unsigned int, long long unsigned int, int*)':
/usr/local/cuda/include/crt/sm_70_rt.h:84:25: warning: no return statement in function returning non-void [-Wreturn-type]
   84 | #define __DEF_IF_HOST { }
      |                         ^
/usr/local/cuda/include/crt/sm_70_rt.h:106:101: note: in expansion of macro '__DEF_IF_HOST'
  106 | __SM_70_RT_DECL__ unsigned int __match_all_sync(unsigned mask, unsigned long long value, int *pred) __DEF_IF_HOST
      |                                                                                                     ^~~~~~~~~~~~~
/usr/local/cuda/include/crt/sm_70_rt.h: In function 'unsigned int __match_all_sync(unsigned int, long long int, int*)':
/usr/local/cuda/include/crt/sm_70_rt.h:84:25: warning: no return statement in function returning non-void [-Wreturn-type]
   84 | #define __DEF_IF_HOST { }
      |                         ^
/usr/local/cuda/include/crt/sm_70_rt.h:107:92: note: in expansion of macro '__DEF_IF_HOST'
  107 | __SM_70_RT_DECL__ unsigned int __match_all_sync(unsigned mask, long long value, int *pred) __DEF_IF_HOST
      |                                                                                            ^~~~~~~~~~~~~
/usr/local/cuda/include/crt/sm_70_rt.h: In function 'unsigned int __match_all_sync(unsigned int, float, int*)':
/usr/local/cuda/include/crt/sm_70_rt.h:84:25: warning: no return statement in function returning non-void [-Wreturn-type]
   84 | #define __DEF_IF_HOST { }
      |                         ^
/usr/local/cuda/include/crt/sm_70_rt.h:108:88: note: in expansion of macro '__DEF_IF_HOST'
  108 | __SM_70_RT_DECL__ unsigned int __match_all_sync(unsigned mask, float value, int *pred) __DEF_IF_HOST
      |                                                                                        ^~~~~~~~~~~~~
/usr/local/cuda/include/crt/sm_70_rt.h: In function 'unsigned int __match_all_sync(unsigned int, double, int*)':
/usr/local/cuda/include/crt/sm_70_rt.h:84:25: warning: no return statement in function returning non-void [-Wreturn-type]
   84 | #define __DEF_IF_HOST { }
      |                         ^
/usr/local/cuda/include/crt/sm_70_rt.h:109:89: note: in expansion of macro '__DEF_IF_HOST'
  109 | __SM_70_RT_DECL__ unsigned int __match_all_sync(unsigned mask, double value, int *pred) __DEF_IF_HOST
      |                                                                                         ^~~~~~~~~~~~~
/usr/local/cuda/include/crt/sm_70_rt.h: In function 'short unsigned int atomicCAS(short unsigned int*, short unsigned int, short unsigned int)':
/usr/local/cuda/include/crt/sm_70_rt.h:84:25: warning: no return statement in function returning non-void [-Wreturn-type]
   84 | #define __DEF_IF_HOST { }
      |                         ^
/usr/local/cuda/include/crt/sm_70_rt.h:113:129: note: in expansion of macro '__DEF_IF_HOST'
  113 | __SM_70_RT_DECL__ unsigned short int atomicCAS(unsigned short int *address, unsigned short int compare, unsigned short int val) __DEF_IF_HOST
      |                                                                                                                                 ^~~~~~~~~~~~~
In file included from /usr/local/cuda/include/crt/device_functions.h:3627,
                 from /home/GVirtuS/GVirtuS/plugins/cudart/backend/CudaRtHandler.h:71,
                 from /home/GVirtuS/GVirtuS/plugins/cudart/backend/CudaRtHandler_memory.cpp:26:
/usr/local/cuda/include/crt/sm_80_rt.h: In function 'unsigned int __reduce_add_sync(unsigned int, unsigned int)':
/usr/local/cuda/include/crt/sm_80_rt.h:84:25: warning: no return statement in function returning non-void [-Wreturn-type]
   84 | #define __DEF_IF_HOST { }
      |                         ^
/usr/local/cuda/include/crt/sm_80_rt.h:93:77: note: in expansion of macro '__DEF_IF_HOST'
   93 | __SM_80_RT_DECL__ unsigned __reduce_add_sync(unsigned mask, unsigned value) __DEF_IF_HOST
      |                                                                             ^~~~~~~~~~~~~
/usr/local/cuda/include/crt/sm_80_rt.h: In function 'unsigned int __reduce_min_sync(unsigned int, unsigned int)':
/usr/local/cuda/include/crt/sm_80_rt.h:84:25: warning: no return statement in function returning non-void [-Wreturn-type]
   84 | #define __DEF_IF_HOST { }
      |                         ^
/usr/local/cuda/include/crt/sm_80_rt.h:94:77: note: in expansion of macro '__DEF_IF_HOST'
   94 | __SM_80_RT_DECL__ unsigned __reduce_min_sync(unsigned mask, unsigned value) __DEF_IF_HOST
      |                                                                             ^~~~~~~~~~~~~
/usr/local/cuda/include/crt/sm_80_rt.h: In function 'unsigned int __reduce_max_sync(unsigned int, unsigned int)':
/usr/local/cuda/include/crt/sm_80_rt.h:84:25: warning: no return statement in function returning non-void [-Wreturn-type]
   84 | #define __DEF_IF_HOST { }
      |                         ^
/usr/local/cuda/include/crt/sm_80_rt.h:95:77: note: in expansion of macro '__DEF_IF_HOST'
   95 | __SM_80_RT_DECL__ unsigned __reduce_max_sync(unsigned mask, unsigned value) __DEF_IF_HOST
      |                                                                             ^~~~~~~~~~~~~
/usr/local/cuda/include/crt/sm_80_rt.h: In function 'int __reduce_add_sync(unsigned int, int)':
/usr/local/cuda/include/crt/sm_80_rt.h:84:25: warning: no return statement in function returning non-void [-Wreturn-type]
   84 | #define __DEF_IF_HOST { }
      |                         ^
/usr/local/cuda/include/crt/sm_80_rt.h:97:67: note: in expansion of macro '__DEF_IF_HOST'
   97 | __SM_80_RT_DECL__ int __reduce_add_sync(unsigned mask, int value) __DEF_IF_HOST
      |                                                                   ^~~~~~~~~~~~~
/usr/local/cuda/include/crt/sm_80_rt.h: In function 'int __reduce_min_sync(unsigned int, int)':
/usr/local/cuda/include/crt/sm_80_rt.h:84:25: warning: no return statement in function returning non-void [-Wreturn-type]
   84 | #define __DEF_IF_HOST { }
      |                         ^
/usr/local/cuda/include/crt/sm_80_rt.h:98:67: note: in expansion of macro '__DEF_IF_HOST'
   98 | __SM_80_RT_DECL__ int __reduce_min_sync(unsigned mask, int value) __DEF_IF_HOST
      |                                                                   ^~~~~~~~~~~~~
/usr/local/cuda/include/crt/sm_80_rt.h: In function 'int __reduce_max_sync(unsigned int, int)':
/usr/local/cuda/include/crt/sm_80_rt.h:84:25: warning: no return statement in function returning non-void [-Wreturn-type]
   84 | #define __DEF_IF_HOST { }
      |                         ^
/usr/local/cuda/include/crt/sm_80_rt.h:99:67: note: in expansion of macro '__DEF_IF_HOST'
   99 | __SM_80_RT_DECL__ int __reduce_max_sync(unsigned mask, int value) __DEF_IF_HOST
      |                                                                   ^~~~~~~~~~~~~
/usr/local/cuda/include/crt/sm_80_rt.h: In function 'unsigned int __reduce_and_sync(unsigned int, unsigned int)':
/usr/local/cuda/include/crt/sm_80_rt.h:84:25: warning: no return statement in function returning non-void [-Wreturn-type]
   84 | #define __DEF_IF_HOST { }
      |                         ^
/usr/local/cuda/include/crt/sm_80_rt.h:101:77: note: in expansion of macro '__DEF_IF_HOST'
  101 | __SM_80_RT_DECL__ unsigned __reduce_and_sync(unsigned mask, unsigned value) __DEF_IF_HOST
      |                                                                             ^~~~~~~~~~~~~
/usr/local/cuda/include/crt/sm_80_rt.h: In function 'unsigned int __reduce_or_sync(unsigned int, unsigned int)':
/usr/local/cuda/include/crt/sm_80_rt.h:84:25: warning: no return statement in function returning non-void [-Wreturn-type]
   84 | #define __DEF_IF_HOST { }
      |                         ^
/usr/local/cuda/include/crt/sm_80_rt.h:102:76: note: in expansion of macro '__DEF_IF_HOST'
  102 | __SM_80_RT_DECL__ unsigned __reduce_or_sync(unsigned mask, unsigned value) __DEF_IF_HOST
      |                                                                            ^~~~~~~~~~~~~
/usr/local/cuda/include/crt/sm_80_rt.h: In function 'unsigned int __reduce_xor_sync(unsigned int, unsigned int)':
/usr/local/cuda/include/crt/sm_80_rt.h:84:25: warning: no return statement in function returning non-void [-Wreturn-type]
   84 | #define __DEF_IF_HOST { }
      |                         ^
/usr/local/cuda/include/crt/sm_80_rt.h:103:77: note: in expansion of macro '__DEF_IF_HOST'
  103 | __SM_80_RT_DECL__ unsigned __reduce_xor_sync(unsigned mask, unsigned value) __DEF_IF_HOST
      |                                                                             ^~~~~~~~~~~~~
In file included from /usr/local/cuda/include/crt/device_functions.h:3628,
                 from /home/GVirtuS/GVirtuS/plugins/cudart/backend/CudaRtHandler.h:71,
                 from /home/GVirtuS/GVirtuS/plugins/cudart/backend/CudaRtHandler_memory.cpp:26:
/usr/local/cuda/include/crt/sm_90_rt.h: In function 'unsigned int __isCtaShared(const void*)':
/usr/local/cuda/include/crt/sm_90_rt.h:84:25: warning: no return statement in function returning non-void [-Wreturn-type]
   84 | #define __DEF_IF_HOST { }
      |                         ^
/usr/local/cuda/include/crt/sm_90_rt.h:89:59: note: in expansion of macro '__DEF_IF_HOST'
   89 | __SM_90_RT_DECL__ unsigned __isCtaShared(const void *ptr) __DEF_IF_HOST
      |                                                           ^~~~~~~~~~~~~
/usr/local/cuda/include/crt/sm_90_rt.h: In function 'unsigned int __isClusterShared(const void*)':
/usr/local/cuda/include/crt/sm_90_rt.h:84:25: warning: no return statement in function returning non-void [-Wreturn-type]
   84 | #define __DEF_IF_HOST { }
      |                         ^
/usr/local/cuda/include/crt/sm_90_rt.h:90:63: note: in expansion of macro '__DEF_IF_HOST'
   90 | __SM_90_RT_DECL__ unsigned __isClusterShared(const void *ptr) __DEF_IF_HOST
      |                                                               ^~~~~~~~~~~~~
/usr/local/cuda/include/crt/sm_90_rt.h: In function 'void* __cluster_map_shared_rank(const void*, unsigned int)':
/usr/local/cuda/include/crt/sm_90_rt.h:84:25: warning: no return statement in function returning non-void [-Wreturn-type]
   84 | #define __DEF_IF_HOST { }
      |                         ^
/usr/local/cuda/include/crt/sm_90_rt.h:91:97: note: in expansion of macro '__DEF_IF_HOST'
   91 | __SM_90_RT_DECL__ void *__cluster_map_shared_rank(const void *ptr, unsigned target_block_rank)  __DEF_IF_HOST
      |                                                                                                 ^~~~~~~~~~~~~
/usr/local/cuda/include/crt/sm_90_rt.h: In function 'unsigned int __cluster_query_shared_rank(const void*)':
/usr/local/cuda/include/crt/sm_90_rt.h:84:25: warning: no return statement in function returning non-void [-Wreturn-type]
   84 | #define __DEF_IF_HOST { }
      |                         ^
/usr/local/cuda/include/crt/sm_90_rt.h:92:73: note: in expansion of macro '__DEF_IF_HOST'
   92 | __SM_90_RT_DECL__ unsigned __cluster_query_shared_rank(const void *ptr) __DEF_IF_HOST
      |                                                                         ^~~~~~~~~~~~~
/usr/local/cuda/include/crt/sm_90_rt.h: In function 'uint2 __cluster_map_shared_multicast(const void*, unsigned int)':
/usr/local/cuda/include/crt/sm_90_rt.h:84:25: warning: no return statement in function returning non-void [-Wreturn-type]
   84 | #define __DEF_IF_HOST { }
      |                         ^
/usr/local/cuda/include/crt/sm_90_rt.h:93:100: note: in expansion of macro '__DEF_IF_HOST'
   93 | __SM_90_RT_DECL__ uint2 __cluster_map_shared_multicast(const void *ptr, unsigned cluster_cta_mask) __DEF_IF_HOST
      |                                                                                                    ^~~~~~~~~~~~~
/usr/local/cuda/include/crt/sm_90_rt.h: In function 'unsigned int __clusterDimIsSpecified()':
/usr/local/cuda/include/crt/sm_90_rt.h:84:25: warning: no return statement in function returning non-void [-Wreturn-type]
   84 | #define __DEF_IF_HOST { }
      |                         ^
/usr/local/cuda/include/crt/sm_90_rt.h:94:54: note: in expansion of macro '__DEF_IF_HOST'
   94 | __SM_90_RT_DECL__ unsigned __clusterDimIsSpecified() __DEF_IF_HOST
      |                                                      ^~~~~~~~~~~~~
/usr/local/cuda/include/crt/sm_90_rt.h: In function 'dim3 __clusterDim()':
/usr/local/cuda/include/crt/sm_90_rt.h:84:25: warning: no return statement in function returning non-void [-Wreturn-type]
   84 | #define __DEF_IF_HOST { }
      |                         ^
/usr/local/cuda/include/crt/sm_90_rt.h:95:39: note: in expansion of macro '__DEF_IF_HOST'
   95 | __SM_90_RT_DECL__ dim3 __clusterDim() __DEF_IF_HOST
      |                                       ^~~~~~~~~~~~~
/usr/local/cuda/include/crt/sm_90_rt.h: In function 'dim3 __clusterRelativeBlockIdx()':
/usr/local/cuda/include/crt/sm_90_rt.h:84:25: warning: no return statement in function returning non-void [-Wreturn-type]
   84 | #define __DEF_IF_HOST { }
      |                         ^
/usr/local/cuda/include/crt/sm_90_rt.h:96:52: note: in expansion of macro '__DEF_IF_HOST'
   96 | __SM_90_RT_DECL__ dim3 __clusterRelativeBlockIdx() __DEF_IF_HOST
      |                                                    ^~~~~~~~~~~~~
/usr/local/cuda/include/crt/sm_90_rt.h: In function 'dim3 __clusterGridDimInClusters()':
/usr/local/cuda/include/crt/sm_90_rt.h:84:25: warning: no return statement in function returning non-void [-Wreturn-type]
   84 | #define __DEF_IF_HOST { }
      |                         ^
/usr/local/cuda/include/crt/sm_90_rt.h:97:53: note: in expansion of macro '__DEF_IF_HOST'
   97 | __SM_90_RT_DECL__ dim3 __clusterGridDimInClusters() __DEF_IF_HOST
      |                                                     ^~~~~~~~~~~~~
/usr/local/cuda/include/crt/sm_90_rt.h: In function 'dim3 __clusterIdx()':
/usr/local/cuda/include/crt/sm_90_rt.h:84:25: warning: no return statement in function returning non-void [-Wreturn-type]
   84 | #define __DEF_IF_HOST { }
      |                         ^
/usr/local/cuda/include/crt/sm_90_rt.h:98:39: note: in expansion of macro '__DEF_IF_HOST'
   98 | __SM_90_RT_DECL__ dim3 __clusterIdx() __DEF_IF_HOST
      |                                       ^~~~~~~~~~~~~
/usr/local/cuda/include/crt/sm_90_rt.h: In function 'unsigned int __clusterRelativeBlockRank()':
/usr/local/cuda/include/crt/sm_90_rt.h:84:25: warning: no return statement in function returning non-void [-Wreturn-type]
   84 | #define __DEF_IF_HOST { }
      |                         ^
/usr/local/cuda/include/crt/sm_90_rt.h:99:57: note: in expansion of macro '__DEF_IF_HOST'
   99 | __SM_90_RT_DECL__ unsigned __clusterRelativeBlockRank() __DEF_IF_HOST
      |                                                         ^~~~~~~~~~~~~
/usr/local/cuda/include/crt/sm_90_rt.h: In function 'unsigned int __clusterSizeInBlocks()':
/usr/local/cuda/include/crt/sm_90_rt.h:84:25: warning: no return statement in function returning non-void [-Wreturn-type]
   84 | #define __DEF_IF_HOST { }
      |                         ^
/usr/local/cuda/include/crt/sm_90_rt.h:100:52: note: in expansion of macro '__DEF_IF_HOST'
  100 | __SM_90_RT_DECL__ unsigned __clusterSizeInBlocks() __DEF_IF_HOST
      |                                                    ^~~~~~~~~~~~~
/usr/local/cuda/include/crt/sm_90_rt.h: In function 'float2 atomicAdd(float2*, float2)':
/usr/local/cuda/include/crt/sm_90_rt.h:84:25: warning: no return statement in function returning non-void [-Wreturn-type]
   84 | #define __DEF_IF_HOST { }
      |                         ^
/usr/local/cuda/include/crt/sm_90_rt.h:106:65: note: in expansion of macro '__DEF_IF_HOST'
  106 | __SM_90_RT_DECL__ float2 atomicAdd(float2 *address, float2 val) __DEF_IF_HOST
      |                                                                 ^~~~~~~~~~~~~
/usr/local/cuda/include/crt/sm_90_rt.h: In function 'float2 atomicAdd_block(float2*, float2)':
/usr/local/cuda/include/crt/sm_90_rt.h:84:25: warning: no return statement in function returning non-void [-Wreturn-type]
   84 | #define __DEF_IF_HOST { }
      |                         ^
/usr/local/cuda/include/crt/sm_90_rt.h:107:71: note: in expansion of macro '__DEF_IF_HOST'
  107 | __SM_90_RT_DECL__ float2 atomicAdd_block(float2 *address, float2 val) __DEF_IF_HOST
      |                                                                       ^~~~~~~~~~~~~
/usr/local/cuda/include/crt/sm_90_rt.h: In function 'float2 atomicAdd_system(float2*, float2)':
/usr/local/cuda/include/crt/sm_90_rt.h:84:25: warning: no return statement in function returning non-void [-Wreturn-type]
   84 | #define __DEF_IF_HOST { }
      |                         ^
/usr/local/cuda/include/crt/sm_90_rt.h:108:72: note: in expansion of macro '__DEF_IF_HOST'
  108 | __SM_90_RT_DECL__ float2 atomicAdd_system(float2 *address, float2 val) __DEF_IF_HOST
      |                                                                        ^~~~~~~~~~~~~
/usr/local/cuda/include/crt/sm_90_rt.h: In function 'float4 atomicAdd(float4*, float4)':
/usr/local/cuda/include/crt/sm_90_rt.h:84:25: warning: no return statement in function returning non-void [-Wreturn-type]
   84 | #define __DEF_IF_HOST { }
      |                         ^
/usr/local/cuda/include/crt/sm_90_rt.h:109:65: note: in expansion of macro '__DEF_IF_HOST'
  109 | __SM_90_RT_DECL__ float4 atomicAdd(float4 *address, float4 val) __DEF_IF_HOST
      |                                                                 ^~~~~~~~~~~~~
/usr/local/cuda/include/crt/sm_90_rt.h: In function 'float4 atomicAdd_block(float4*, float4)':
/usr/local/cuda/include/crt/sm_90_rt.h:84:25: warning: no return statement in function returning non-void [-Wreturn-type]
   84 | #define __DEF_IF_HOST { }
      |                         ^
/usr/local/cuda/include/crt/sm_90_rt.h:110:71: note: in expansion of macro '__DEF_IF_HOST'
  110 | __SM_90_RT_DECL__ float4 atomicAdd_block(float4 *address, float4 val) __DEF_IF_HOST
      |                                                                       ^~~~~~~~~~~~~
/usr/local/cuda/include/crt/sm_90_rt.h: In function 'float4 atomicAdd_system(float4*, float4)':
/usr/local/cuda/include/crt/sm_90_rt.h:84:25: warning: no return statement in function returning non-void [-Wreturn-type]
   84 | #define __DEF_IF_HOST { }
      |                         ^
/usr/local/cuda/include/crt/sm_90_rt.h:111:72: note: in expansion of macro '__DEF_IF_HOST'
  111 | __SM_90_RT_DECL__ float4 atomicAdd_system(float4 *address, float4 val) __DEF_IF_HOST
      |                                                                        ^~~~~~~~~~~~~
/home/GVirtuS/GVirtuS/plugins/cudart/backend/CudaRtHandler_memory.cpp: In function 'std::shared_ptr<gvirtus::communicators::Result> handleMemcpyToArray(CudaRtHandler*, std::shared_ptr<gvirtus::communicators::Buffer>)':
/home/GVirtuS/GVirtuS/plugins/cudart/backend/CudaRtHandler_memory.cpp:743:78: warning: 'cudaError_t cudaMemcpyToArray(cudaArray_t, size_t, size_t, const void*, size_t, cudaMemcpyKind)' is deprecated [-Wdeprecated-declarations]
  743 |         exit_code = cudaMemcpyToArray(dst, wOffset, hOffset, src, count, kind);
      |                                                                              ^
In file included from /home/GVirtuS/GVirtuS/plugins/cudart/backend/CudaRtHandler.h:54,
                 from /home/GVirtuS/GVirtuS/plugins/cudart/backend/CudaRtHandler_memory.cpp:26:
/usr/local/cuda/include/cuda_runtime_api.h:7878:57: note: declared here
 7878 | extern __CUDA_DEPRECATED __host__ cudaError_t CUDARTAPI cudaMemcpyToArray(cudaArray_t dst, size_t wOffset, size_t hOffset, const void *src, size_t count, enum cudaMemcpyKind kind);
      |                                                         ^~~~~~~~~~~~~~~~~
/home/GVirtuS/GVirtuS/plugins/cudart/backend/CudaRtHandler_memory.cpp:743:78: warning: 'cudaError_t cudaMemcpyToArray(cudaArray_t, size_t, size_t, const void*, size_t, cudaMemcpyKind)' is deprecated [-Wdeprecated-declarations]
  743 |         exit_code = cudaMemcpyToArray(dst, wOffset, hOffset, src, count, kind);
      |                                                                              ^
In file included from /home/GVirtuS/GVirtuS/plugins/cudart/backend/CudaRtHandler.h:54,
                 from /home/GVirtuS/GVirtuS/plugins/cudart/backend/CudaRtHandler_memory.cpp:26:
/usr/local/cuda/include/cuda_runtime_api.h:7878:57: note: declared here
 7878 | extern __CUDA_DEPRECATED __host__ cudaError_t CUDARTAPI cudaMemcpyToArray(cudaArray_t dst, size_t wOffset, size_t hOffset, const void *src, size_t count, enum cudaMemcpyKind kind);
      |                                                         ^~~~~~~~~~~~~~~~~
/home/GVirtuS/GVirtuS/plugins/cudart/backend/CudaRtHandler_memory.cpp:752:78: warning: 'cudaError_t cudaMemcpyToArray(cudaArray_t, size_t, size_t, const void*, size_t, cudaMemcpyKind)' is deprecated [-Wdeprecated-declarations]
  752 |         exit_code = cudaMemcpyToArray(dst, wOffset, hOffset, src, count, kind);
      |                                                                              ^
In file included from /home/GVirtuS/GVirtuS/plugins/cudart/backend/CudaRtHandler.h:54,
                 from /home/GVirtuS/GVirtuS/plugins/cudart/backend/CudaRtHandler_memory.cpp:26:
/usr/local/cuda/include/cuda_runtime_api.h:7878:57: note: declared here
 7878 | extern __CUDA_DEPRECATED __host__ cudaError_t CUDARTAPI cudaMemcpyToArray(cudaArray_t dst, size_t wOffset, size_t hOffset, const void *src, size_t count, enum cudaMemcpyKind kind);
      |                                                         ^~~~~~~~~~~~~~~~~
/home/GVirtuS/GVirtuS/plugins/cudart/backend/CudaRtHandler_memory.cpp:752:78: warning: 'cudaError_t cudaMemcpyToArray(cudaArray_t, size_t, size_t, const void*, size_t, cudaMemcpyKind)' is deprecated [-Wdeprecated-declarations]
  752 |         exit_code = cudaMemcpyToArray(dst, wOffset, hOffset, src, count, kind);
      |                                                                              ^
In file included from /home/GVirtuS/GVirtuS/plugins/cudart/backend/CudaRtHandler.h:54,
                 from /home/GVirtuS/GVirtuS/plugins/cudart/backend/CudaRtHandler_memory.cpp:26:
/usr/local/cuda/include/cuda_runtime_api.h:7878:57: note: declared here
 7878 | extern __CUDA_DEPRECATED __host__ cudaError_t CUDARTAPI cudaMemcpyToArray(cudaArray_t dst, size_t wOffset, size_t hOffset, const void *src, size_t count, enum cudaMemcpyKind kind);
      |                                                         ^~~~~~~~~~~~~~~~~
/home/GVirtuS/GVirtuS/plugins/cudart/backend/CudaRtHandler_memory.cpp: In function 'std::shared_ptr<gvirtus::communicators::Result> handleMemcpyFromArray(CudaRtHandler*, std::shared_ptr<gvirtus::communicators::Buffer>)':
/home/GVirtuS/GVirtuS/plugins/cudart/backend/CudaRtHandler_memory.cpp:796:78: warning: 'cudaError_t cudaMemcpyFromArray(void*, cudaArray_const_t, size_t, size_t, size_t, cudaMemcpyKind)' is deprecated [-Wdeprecated-declarations]
  796 |       exit_code = cudaMemcpyFromArray(dst, src, wOffset, hOffset, count, kind);
      |                                                                              ^
In file included from /home/GVirtuS/GVirtuS/plugins/cudart/backend/CudaRtHandler.h:54,
                 from /home/GVirtuS/GVirtuS/plugins/cudart/backend/CudaRtHandler_memory.cpp:26:
/usr/local/cuda/include/cuda_runtime_api.h:7920:57: note: declared here
 7920 | extern __CUDA_DEPRECATED __host__ cudaError_t CUDARTAPI cudaMemcpyFromArray(void *dst, cudaArray_const_t src, size_t wOffset, size_t hOffset, size_t count, enum cudaMemcpyKind kind);
      |                                                         ^~~~~~~~~~~~~~~~~~~
/home/GVirtuS/GVirtuS/plugins/cudart/backend/CudaRtHandler_memory.cpp:796:78: warning: 'cudaError_t cudaMemcpyFromArray(void*, cudaArray_const_t, size_t, size_t, size_t, cudaMemcpyKind)' is deprecated [-Wdeprecated-declarations]
  796 |       exit_code = cudaMemcpyFromArray(dst, src, wOffset, hOffset, count, kind);
      |                                                                              ^
In file included from /home/GVirtuS/GVirtuS/plugins/cudart/backend/CudaRtHandler.h:54,
                 from /home/GVirtuS/GVirtuS/plugins/cudart/backend/CudaRtHandler_memory.cpp:26:
/usr/local/cuda/include/cuda_runtime_api.h:7920:57: note: declared here
 7920 | extern __CUDA_DEPRECATED __host__ cudaError_t CUDARTAPI cudaMemcpyFromArray(void *dst, cudaArray_const_t src, size_t wOffset, size_t hOffset, size_t count, enum cudaMemcpyKind kind);
      |                                                         ^~~~~~~~~~~~~~~~~~~
/home/GVirtuS/GVirtuS/plugins/cudart/backend/CudaRtHandler_memory.cpp:807:78: warning: 'cudaError_t cudaMemcpyFromArray(void*, cudaArray_const_t, size_t, size_t, size_t, cudaMemcpyKind)' is deprecated [-Wdeprecated-declarations]
  807 |       exit_code = cudaMemcpyFromArray(dst, src, wOffset, hOffset, count, kind);
      |                                                                              ^
In file included from /home/GVirtuS/GVirtuS/plugins/cudart/backend/CudaRtHandler.h:54,
                 from /home/GVirtuS/GVirtuS/plugins/cudart/backend/CudaRtHandler_memory.cpp:26:
/usr/local/cuda/include/cuda_runtime_api.h:7920:57: note: declared here
 7920 | extern __CUDA_DEPRECATED __host__ cudaError_t CUDARTAPI cudaMemcpyFromArray(void *dst, cudaArray_const_t src, size_t wOffset, size_t hOffset, size_t count, enum cudaMemcpyKind kind);
      |                                                         ^~~~~~~~~~~~~~~~~~~
/home/GVirtuS/GVirtuS/plugins/cudart/backend/CudaRtHandler_memory.cpp:807:78: warning: 'cudaError_t cudaMemcpyFromArray(void*, cudaArray_const_t, size_t, size_t, size_t, cudaMemcpyKind)' is deprecated [-Wdeprecated-declarations]
  807 |       exit_code = cudaMemcpyFromArray(dst, src, wOffset, hOffset, count, kind);
      |                                                                              ^
In file included from /home/GVirtuS/GVirtuS/plugins/cudart/backend/CudaRtHandler.h:54,
                 from /home/GVirtuS/GVirtuS/plugins/cudart/backend/CudaRtHandler_memory.cpp:26:
/usr/local/cuda/include/cuda_runtime_api.h:7920:57: note: declared here
 7920 | extern __CUDA_DEPRECATED __host__ cudaError_t CUDARTAPI cudaMemcpyFromArray(void *dst, cudaArray_const_t src, size_t wOffset, size_t hOffset, size_t count, enum cudaMemcpyKind kind);
      |                                                         ^~~~~~~~~~~~~~~~~~~
/home/GVirtuS/GVirtuS/plugins/cudart/backend/CudaRtHandler_memory.cpp: In function 'std::shared_ptr<gvirtus::communicators::Result> handleMemcpyArrayToArray(CudaRtHandler*, std::shared_ptr<gvirtus::communicators::Buffer>)':
/home/GVirtuS/GVirtuS/plugins/cudart/backend/CudaRtHandler_memory.cpp:843:77: warning: 'cudaError_t cudaMemcpyArrayToArray(cudaArray_t, size_t, size_t, cudaArray_const_t, size_t, size_t, size_t, cudaMemcpyKind)' is deprecated [-Wdeprecated-declarations]
  843 |                                          wOffsetSrc, hOffsetSrc, count, kind);
      |                                                                             ^
In file included from /home/GVirtuS/GVirtuS/plugins/cudart/backend/CudaRtHandler.h:54,
                 from /home/GVirtuS/GVirtuS/plugins/cudart/backend/CudaRtHandler_memory.cpp:26:
/usr/local/cuda/include/cuda_runtime_api.h:7963:57: note: declared here
 7963 | extern __CUDA_DEPRECATED __host__ cudaError_t CUDARTAPI cudaMemcpyArrayToArray(cudaArray_t dst, size_t wOffsetDst, size_t hOffsetDst, cudaArray_const_t src, size_t wOffsetSrc, size_t hOffsetSrc, size_t count, enum cudaMemcpyKind kind __dv(cudaMemcpyDeviceToDevice));
      |                                                         ^~~~~~~~~~~~~~~~~~~~~~
/home/GVirtuS/GVirtuS/plugins/cudart/backend/CudaRtHandler_memory.cpp:843:77: warning: 'cudaError_t cudaMemcpyArrayToArray(cudaArray_t, size_t, size_t, cudaArray_const_t, size_t, size_t, size_t, cudaMemcpyKind)' is deprecated [-Wdeprecated-declarations]
  843 |                                          wOffsetSrc, hOffsetSrc, count, kind);
      |                                                                             ^
In file included from /home/GVirtuS/GVirtuS/plugins/cudart/backend/CudaRtHandler.h:54,
                 from /home/GVirtuS/GVirtuS/plugins/cudart/backend/CudaRtHandler_memory.cpp:26:
/usr/local/cuda/include/cuda_runtime_api.h:7963:57: note: declared here
 7963 | extern __CUDA_DEPRECATED __host__ cudaError_t CUDARTAPI cudaMemcpyArrayToArray(cudaArray_t dst, size_t wOffsetDst, size_t hOffsetDst, cudaArray_const_t src, size_t wOffsetSrc, size_t hOffsetSrc, size_t count, enum cudaMemcpyKind kind __dv(cudaMemcpyDeviceToDevice));
      |                                                         ^~~~~~~~~~~~~~~~~~~~~~
[ 59%] Building CXX object plugins/cudart/CMakeFiles/gvirtus-plugin-cudart.dir/backend/CudaRtHandler_version.cpp.o
In file included from /home/GVirtuS/GVirtuS/plugins/cudart/backend/CudaRtHandler.h:71,
                 from /home/GVirtuS/GVirtuS/plugins/cudart/backend/CudaRtHandler_version.cpp:26:
/usr/local/cuda/include/crt/device_functions.h:54:2: warning: #warning "crt/device_functions.h is an internal header file and must not be used directly.  Please use cuda_runtime_api.h or cuda_runtime.h instead." [-Wcpp]
   54 | #warning "crt/device_functions.h is an internal header file and must not be used directly.  Please use cuda_runtime_api.h or cuda_runtime.h instead."
      |  ^~~~~~~
In file included from /usr/local/cuda/include/crt/device_functions.h:3615,
                 from /home/GVirtuS/GVirtuS/plugins/cudart/backend/CudaRtHandler.h:71,
                 from /home/GVirtuS/GVirtuS/plugins/cudart/backend/CudaRtHandler_version.cpp:26:
/usr/local/cuda/include/device_atomic_functions.h: In function 'int atomicAdd(int*, int)':
/usr/local/cuda/include/device_atomic_functions.h:74:25: warning: no return statement in function returning non-void [-Wreturn-type]
   74 | #define __DEF_IF_HOST { }
      |                         ^
/usr/local/cuda/include/device_atomic_functions.h:86:71: note: in expansion of macro '__DEF_IF_HOST'
   86 | __DEVICE_ATOMIC_FUNCTIONS_DECL__ int atomicAdd(int *address, int val) __DEF_IF_HOST
      |                                                                       ^~~~~~~~~~~~~
/usr/local/cuda/include/device_atomic_functions.h: In function 'unsigned int atomicAdd(unsigned int*, unsigned int)':
/usr/local/cuda/include/device_atomic_functions.h:74:25: warning: no return statement in function returning non-void [-Wreturn-type]
   74 | #define __DEF_IF_HOST { }
      |                         ^
/usr/local/cuda/include/device_atomic_functions.h:88:98: note: in expansion of macro '__DEF_IF_HOST'
   88 | __DEVICE_ATOMIC_FUNCTIONS_DECL__ unsigned int atomicAdd(unsigned int *address, unsigned int val) __DEF_IF_HOST
      |                                                                                                  ^~~~~~~~~~~~~
/usr/local/cuda/include/device_atomic_functions.h: In function 'int atomicSub(int*, int)':
/usr/local/cuda/include/device_atomic_functions.h:74:25: warning: no return statement in function returning non-void [-Wreturn-type]
   74 | #define __DEF_IF_HOST { }
      |                         ^
/usr/local/cuda/include/device_atomic_functions.h:90:71: note: in expansion of macro '__DEF_IF_HOST'
   90 | __DEVICE_ATOMIC_FUNCTIONS_DECL__ int atomicSub(int *address, int val) __DEF_IF_HOST
      |                                                                       ^~~~~~~~~~~~~
/usr/local/cuda/include/device_atomic_functions.h: In function 'unsigned int atomicSub(unsigned int*, unsigned int)':
/usr/local/cuda/include/device_atomic_functions.h:74:25: warning: no return statement in function returning non-void [-Wreturn-type]
   74 | #define __DEF_IF_HOST { }
      |                         ^
/usr/local/cuda/include/device_atomic_functions.h:92:98: note: in expansion of macro '__DEF_IF_HOST'
   92 | __DEVICE_ATOMIC_FUNCTIONS_DECL__ unsigned int atomicSub(unsigned int *address, unsigned int val) __DEF_IF_HOST
      |                                                                                                  ^~~~~~~~~~~~~
/usr/local/cuda/include/device_atomic_functions.h: In function 'int atomicExch(int*, int)':
/usr/local/cuda/include/device_atomic_functions.h:74:25: warning: no return statement in function returning non-void [-Wreturn-type]
   74 | #define __DEF_IF_HOST { }
      |                         ^
/usr/local/cuda/include/device_atomic_functions.h:94:72: note: in expansion of macro '__DEF_IF_HOST'
   94 | __DEVICE_ATOMIC_FUNCTIONS_DECL__ int atomicExch(int *address, int val) __DEF_IF_HOST
      |                                                                        ^~~~~~~~~~~~~
/usr/local/cuda/include/device_atomic_functions.h: In function 'unsigned int atomicExch(unsigned int*, unsigned int)':
/usr/local/cuda/include/device_atomic_functions.h:74:25: warning: no return statement in function returning non-void [-Wreturn-type]
   74 | #define __DEF_IF_HOST { }
      |                         ^
/usr/local/cuda/include/device_atomic_functions.h:96:99: note: in expansion of macro '__DEF_IF_HOST'
   96 | __DEVICE_ATOMIC_FUNCTIONS_DECL__ unsigned int atomicExch(unsigned int *address, unsigned int val) __DEF_IF_HOST
      |                                                                                                   ^~~~~~~~~~~~~
/usr/local/cuda/include/device_atomic_functions.h: In function 'float atomicExch(float*, float)':
/usr/local/cuda/include/device_atomic_functions.h:74:25: warning: no return statement in function returning non-void [-Wreturn-type]
   74 | #define __DEF_IF_HOST { }
      |                         ^
/usr/local/cuda/include/device_atomic_functions.h:98:78: note: in expansion of macro '__DEF_IF_HOST'
   98 | __DEVICE_ATOMIC_FUNCTIONS_DECL__ float atomicExch(float *address, float val) __DEF_IF_HOST
      |                                                                              ^~~~~~~~~~~~~
/usr/local/cuda/include/device_atomic_functions.h: In function 'int atomicMin(int*, int)':
/usr/local/cuda/include/device_atomic_functions.h:74:25: warning: no return statement in function returning non-void [-Wreturn-type]
   74 | #define __DEF_IF_HOST { }
      |                         ^
/usr/local/cuda/include/device_atomic_functions.h:100:71: note: in expansion of macro '__DEF_IF_HOST'
  100 | __DEVICE_ATOMIC_FUNCTIONS_DECL__ int atomicMin(int *address, int val) __DEF_IF_HOST
      |                                                                       ^~~~~~~~~~~~~
/usr/local/cuda/include/device_atomic_functions.h: In function 'unsigned int atomicMin(unsigned int*, unsigned int)':
/usr/local/cuda/include/device_atomic_functions.h:74:25: warning: no return statement in function returning non-void [-Wreturn-type]
   74 | #define __DEF_IF_HOST { }
      |                         ^
/usr/local/cuda/include/device_atomic_functions.h:102:98: note: in expansion of macro '__DEF_IF_HOST'
  102 | __DEVICE_ATOMIC_FUNCTIONS_DECL__ unsigned int atomicMin(unsigned int *address, unsigned int val) __DEF_IF_HOST
      |                                                                                                  ^~~~~~~~~~~~~
/usr/local/cuda/include/device_atomic_functions.h: In function 'int atomicMax(int*, int)':
/usr/local/cuda/include/device_atomic_functions.h:74:25: warning: no return statement in function returning non-void [-Wreturn-type]
   74 | #define __DEF_IF_HOST { }
      |                         ^
/usr/local/cuda/include/device_atomic_functions.h:104:71: note: in expansion of macro '__DEF_IF_HOST'
  104 | __DEVICE_ATOMIC_FUNCTIONS_DECL__ int atomicMax(int *address, int val) __DEF_IF_HOST
      |                                                                       ^~~~~~~~~~~~~
/usr/local/cuda/include/device_atomic_functions.h: In function 'unsigned int atomicMax(unsigned int*, unsigned int)':
/usr/local/cuda/include/device_atomic_functions.h:74:25: warning: no return statement in function returning non-void [-Wreturn-type]
   74 | #define __DEF_IF_HOST { }
      |                         ^
/usr/local/cuda/include/device_atomic_functions.h:106:98: note: in expansion of macro '__DEF_IF_HOST'
  106 | __DEVICE_ATOMIC_FUNCTIONS_DECL__ unsigned int atomicMax(unsigned int *address, unsigned int val) __DEF_IF_HOST
      |                                                                                                  ^~~~~~~~~~~~~
/usr/local/cuda/include/device_atomic_functions.h: In function 'unsigned int atomicInc(unsigned int*, unsigned int)':
/usr/local/cuda/include/device_atomic_functions.h:74:25: warning: no return statement in function returning non-void [-Wreturn-type]
   74 | #define __DEF_IF_HOST { }
      |                         ^
/usr/local/cuda/include/device_atomic_functions.h:108:98: note: in expansion of macro '__DEF_IF_HOST'
  108 | __DEVICE_ATOMIC_FUNCTIONS_DECL__ unsigned int atomicInc(unsigned int *address, unsigned int val) __DEF_IF_HOST
      |                                                                                                  ^~~~~~~~~~~~~
/usr/local/cuda/include/device_atomic_functions.h: In function 'unsigned int atomicDec(unsigned int*, unsigned int)':
/usr/local/cuda/include/device_atomic_functions.h:74:25: warning: no return statement in function returning non-void [-Wreturn-type]
   74 | #define __DEF_IF_HOST { }
      |                         ^
/usr/local/cuda/include/device_atomic_functions.h:110:98: note: in expansion of macro '__DEF_IF_HOST'
  110 | __DEVICE_ATOMIC_FUNCTIONS_DECL__ unsigned int atomicDec(unsigned int *address, unsigned int val) __DEF_IF_HOST
      |                                                                                                  ^~~~~~~~~~~~~
/usr/local/cuda/include/device_atomic_functions.h: In function 'int atomicAnd(int*, int)':
/usr/local/cuda/include/device_atomic_functions.h:74:25: warning: no return statement in function returning non-void [-Wreturn-type]
   74 | #define __DEF_IF_HOST { }
      |                         ^
/usr/local/cuda/include/device_atomic_functions.h:112:71: note: in expansion of macro '__DEF_IF_HOST'
  112 | __DEVICE_ATOMIC_FUNCTIONS_DECL__ int atomicAnd(int *address, int val) __DEF_IF_HOST
      |                                                                       ^~~~~~~~~~~~~
/usr/local/cuda/include/device_atomic_functions.h: In function 'unsigned int atomicAnd(unsigned int*, unsigned int)':
/usr/local/cuda/include/device_atomic_functions.h:74:25: warning: no return statement in function returning non-void [-Wreturn-type]
   74 | #define __DEF_IF_HOST { }
      |                         ^
/usr/local/cuda/include/device_atomic_functions.h:114:98: note: in expansion of macro '__DEF_IF_HOST'
  114 | __DEVICE_ATOMIC_FUNCTIONS_DECL__ unsigned int atomicAnd(unsigned int *address, unsigned int val) __DEF_IF_HOST
      |                                                                                                  ^~~~~~~~~~~~~
/usr/local/cuda/include/device_atomic_functions.h: In function 'int atomicOr(int*, int)':
/usr/local/cuda/include/device_atomic_functions.h:74:25: warning: no return statement in function returning non-void [-Wreturn-type]
   74 | #define __DEF_IF_HOST { }
      |                         ^
/usr/local/cuda/include/device_atomic_functions.h:116:70: note: in expansion of macro '__DEF_IF_HOST'
  116 | __DEVICE_ATOMIC_FUNCTIONS_DECL__ int atomicOr(int *address, int val) __DEF_IF_HOST
      |                                                                      ^~~~~~~~~~~~~
/usr/local/cuda/include/device_atomic_functions.h: In function 'unsigned int atomicOr(unsigned int*, unsigned int)':
/usr/local/cuda/include/device_atomic_functions.h:74:25: warning: no return statement in function returning non-void [-Wreturn-type]
   74 | #define __DEF_IF_HOST { }
      |                         ^
/usr/local/cuda/include/device_atomic_functions.h:118:97: note: in expansion of macro '__DEF_IF_HOST'
  118 | __DEVICE_ATOMIC_FUNCTIONS_DECL__ unsigned int atomicOr(unsigned int *address, unsigned int val) __DEF_IF_HOST
      |                                                                                                 ^~~~~~~~~~~~~
/usr/local/cuda/include/device_atomic_functions.h: In function 'int atomicXor(int*, int)':
/usr/local/cuda/include/device_atomic_functions.h:74:25: warning: no return statement in function returning non-void [-Wreturn-type]
   74 | #define __DEF_IF_HOST { }
      |                         ^
/usr/local/cuda/include/device_atomic_functions.h:120:71: note: in expansion of macro '__DEF_IF_HOST'
  120 | __DEVICE_ATOMIC_FUNCTIONS_DECL__ int atomicXor(int *address, int val) __DEF_IF_HOST
      |                                                                       ^~~~~~~~~~~~~
/usr/local/cuda/include/device_atomic_functions.h: In function 'unsigned int atomicXor(unsigned int*, unsigned int)':
/usr/local/cuda/include/device_atomic_functions.h:74:25: warning: no return statement in function returning non-void [-Wreturn-type]
   74 | #define __DEF_IF_HOST { }
      |                         ^
/usr/local/cuda/include/device_atomic_functions.h:122:98: note: in expansion of macro '__DEF_IF_HOST'
  122 | __DEVICE_ATOMIC_FUNCTIONS_DECL__ unsigned int atomicXor(unsigned int *address, unsigned int val) __DEF_IF_HOST
      |                                                                                                  ^~~~~~~~~~~~~
/usr/local/cuda/include/device_atomic_functions.h: In function 'int atomicCAS(int*, int, int)':
/usr/local/cuda/include/device_atomic_functions.h:74:25: warning: no return statement in function returning non-void [-Wreturn-type]
   74 | #define __DEF_IF_HOST { }
      |                         ^
/usr/local/cuda/include/device_atomic_functions.h:124:84: note: in expansion of macro '__DEF_IF_HOST'
  124 | __DEVICE_ATOMIC_FUNCTIONS_DECL__ int atomicCAS(int *address, int compare, int val) __DEF_IF_HOST
      |                                                                                    ^~~~~~~~~~~~~
/usr/local/cuda/include/device_atomic_functions.h: In function 'unsigned int atomicCAS(unsigned int*, unsigned int, unsigned int)':
/usr/local/cuda/include/device_atomic_functions.h:74:25: warning: no return statement in function returning non-void [-Wreturn-type]
   74 | #define __DEF_IF_HOST { }
      |                         ^
/usr/local/cuda/include/device_atomic_functions.h:126:120: note: in expansion of macro '__DEF_IF_HOST'
  126 | __DEVICE_ATOMIC_FUNCTIONS_DECL__ unsigned int atomicCAS(unsigned int *address, unsigned int compare, unsigned int val) __DEF_IF_HOST
      |                                                                                                                        ^~~~~~~~~~~~~
/usr/local/cuda/include/device_atomic_functions.h: In function 'long long unsigned int atomicAdd(long long unsigned int*, long long unsigned int)':
/usr/local/cuda/include/device_atomic_functions.h:74:25: warning: no return statement in function returning non-void [-Wreturn-type]
   74 | #define __DEF_IF_HOST { }
      |                         ^
/usr/local/cuda/include/device_atomic_functions.h:166:128: note: in expansion of macro '__DEF_IF_HOST'
  166 | __DEVICE_ATOMIC_FUNCTIONS_DECL__ unsigned long long int atomicAdd(unsigned long long int *address, unsigned long long int val) __DEF_IF_HOST
      |                                                                                                                                ^~~~~~~~~~~~~
/usr/local/cuda/include/device_atomic_functions.h: In function 'long long unsigned int atomicExch(long long unsigned int*, long long unsigned int)':
/usr/local/cuda/include/device_atomic_functions.h:74:25: warning: no return statement in function returning non-void [-Wreturn-type]
   74 | #define __DEF_IF_HOST { }
      |                         ^
/usr/local/cuda/include/device_atomic_functions.h:168:129: note: in expansion of macro '__DEF_IF_HOST'
  168 | __DEVICE_ATOMIC_FUNCTIONS_DECL__ unsigned long long int atomicExch(unsigned long long int *address, unsigned long long int val) __DEF_IF_HOST
      |                                                                                                                                 ^~~~~~~~~~~~~
/usr/local/cuda/include/device_atomic_functions.h: In function 'long long unsigned int atomicCAS(long long unsigned int*, long long unsigned int, long long unsigned int)':
/usr/local/cuda/include/device_atomic_functions.h:74:25: warning: no return statement in function returning non-void [-Wreturn-type]
   74 | #define __DEF_IF_HOST { }
      |                         ^
/usr/local/cuda/include/device_atomic_functions.h:170:160: note: in expansion of macro '__DEF_IF_HOST'
  170 | __DEVICE_ATOMIC_FUNCTIONS_DECL__ unsigned long long int atomicCAS(unsigned long long int *address, unsigned long long int compare, unsigned long long int val) __DEF_IF_HOST
      |                                                                                                                                                                ^~~~~~~~~~~~~
/usr/local/cuda/include/device_atomic_functions.h: In function 'bool any(bool)':
/usr/local/cuda/include/device_atomic_functions.h:74:25: warning: no return statement in function returning non-void [-Wreturn-type]
   74 | #define __DEF_IF_HOST { }
      |                         ^
/usr/local/cuda/include/device_atomic_functions.h:172:103: note: in expansion of macro '__DEF_IF_HOST'
  172 | __DEVICE_ATOMIC_FUNCTIONS_DECL__ __DEPRECATED__(__WSB_DEPRECATION_MESSAGE(__any)) bool any(bool cond) __DEF_IF_HOST
      |                                                                                                       ^~~~~~~~~~~~~
/usr/local/cuda/include/device_atomic_functions.h: In function 'bool all(bool)':
/usr/local/cuda/include/device_atomic_functions.h:74:25: warning: no return statement in function returning non-void [-Wreturn-type]
   74 | #define __DEF_IF_HOST { }
      |                         ^
/usr/local/cuda/include/device_atomic_functions.h:174:103: note: in expansion of macro '__DEF_IF_HOST'
  174 | __DEVICE_ATOMIC_FUNCTIONS_DECL__ __DEPRECATED__(__WSB_DEPRECATION_MESSAGE(__all)) bool all(bool cond) __DEF_IF_HOST
      |                                                                                                       ^~~~~~~~~~~~~
In file included from /usr/local/cuda/include/crt/device_functions.h:3617,
                 from /home/GVirtuS/GVirtuS/plugins/cudart/backend/CudaRtHandler.h:71,
                 from /home/GVirtuS/GVirtuS/plugins/cudart/backend/CudaRtHandler_version.cpp:26:
/usr/local/cuda/include/sm_20_atomic_functions.h: In function 'float atomicAdd(float*, float)':
/usr/local/cuda/include/sm_20_atomic_functions.h:79:25: warning: no return statement in function returning non-void [-Wreturn-type]
   79 | #define __DEF_IF_HOST { }
      |                         ^
/usr/local/cuda/include/sm_20_atomic_functions.h:96:76: note: in expansion of macro '__DEF_IF_HOST'
   96 | __SM_20_ATOMIC_FUNCTIONS_DECL__ float atomicAdd(float *address, float val) __DEF_IF_HOST
      |                                                                            ^~~~~~~~~~~~~
In file included from /usr/local/cuda/include/crt/device_functions.h:3618,
                 from /home/GVirtuS/GVirtuS/plugins/cudart/backend/CudaRtHandler.h:71,
                 from /home/GVirtuS/GVirtuS/plugins/cudart/backend/CudaRtHandler_version.cpp:26:
/usr/local/cuda/include/sm_32_atomic_functions.h: In function 'long long int atomicMin(long long int*, long long int)':
/usr/local/cuda/include/sm_32_atomic_functions.h:72:25: warning: no return statement in function returning non-void [-Wreturn-type]
   72 | #define __DEF_IF_HOST { }
      |                         ^
/usr/local/cuda/include/sm_32_atomic_functions.h:89:88: note: in expansion of macro '__DEF_IF_HOST'
   89 | __SM_32_ATOMIC_FUNCTIONS_DECL__ long long atomicMin(long long *address, long long val) __DEF_IF_HOST
      |                                                                                        ^~~~~~~~~~~~~
/usr/local/cuda/include/sm_32_atomic_functions.h: In function 'long long int atomicMax(long long int*, long long int)':
/usr/local/cuda/include/sm_32_atomic_functions.h:72:25: warning: no return statement in function returning non-void [-Wreturn-type]
   72 | #define __DEF_IF_HOST { }
      |                         ^
/usr/local/cuda/include/sm_32_atomic_functions.h:91:88: note: in expansion of macro '__DEF_IF_HOST'
   91 | __SM_32_ATOMIC_FUNCTIONS_DECL__ long long atomicMax(long long *address, long long val) __DEF_IF_HOST
      |                                                                                        ^~~~~~~~~~~~~
/usr/local/cuda/include/sm_32_atomic_functions.h: In function 'long long int atomicAnd(long long int*, long long int)':
/usr/local/cuda/include/sm_32_atomic_functions.h:72:25: warning: no return statement in function returning non-void [-Wreturn-type]
   72 | #define __DEF_IF_HOST { }
      |                         ^
/usr/local/cuda/include/sm_32_atomic_functions.h:93:88: note: in expansion of macro '__DEF_IF_HOST'
   93 | __SM_32_ATOMIC_FUNCTIONS_DECL__ long long atomicAnd(long long *address, long long val) __DEF_IF_HOST
      |                                                                                        ^~~~~~~~~~~~~
/usr/local/cuda/include/sm_32_atomic_functions.h: In function 'long long int atomicOr(long long int*, long long int)':
/usr/local/cuda/include/sm_32_atomic_functions.h:72:25: warning: no return statement in function returning non-void [-Wreturn-type]
   72 | #define __DEF_IF_HOST { }
      |                         ^
/usr/local/cuda/include/sm_32_atomic_functions.h:95:87: note: in expansion of macro '__DEF_IF_HOST'
   95 | __SM_32_ATOMIC_FUNCTIONS_DECL__ long long atomicOr(long long *address, long long val) __DEF_IF_HOST
      |                                                                                       ^~~~~~~~~~~~~
/usr/local/cuda/include/sm_32_atomic_functions.h: In function 'long long int atomicXor(long long int*, long long int)':
/usr/local/cuda/include/sm_32_atomic_functions.h:72:25: warning: no return statement in function returning non-void [-Wreturn-type]
   72 | #define __DEF_IF_HOST { }
      |                         ^
/usr/local/cuda/include/sm_32_atomic_functions.h:97:88: note: in expansion of macro '__DEF_IF_HOST'
   97 | __SM_32_ATOMIC_FUNCTIONS_DECL__ long long atomicXor(long long *address, long long val) __DEF_IF_HOST
      |                                                                                        ^~~~~~~~~~~~~
/usr/local/cuda/include/sm_32_atomic_functions.h: In function 'long long unsigned int atomicMin(long long unsigned int*, long long unsigned int)':
/usr/local/cuda/include/sm_32_atomic_functions.h:72:25: warning: no return statement in function returning non-void [-Wreturn-type]
   72 | #define __DEF_IF_HOST { }
      |                         ^
/usr/local/cuda/include/sm_32_atomic_functions.h:99:115: note: in expansion of macro '__DEF_IF_HOST'
   99 | __SM_32_ATOMIC_FUNCTIONS_DECL__ unsigned long long atomicMin(unsigned long long *address, unsigned long long val) __DEF_IF_HOST
      |                                                                                                                   ^~~~~~~~~~~~~
/usr/local/cuda/include/sm_32_atomic_functions.h: In function 'long long unsigned int atomicMax(long long unsigned int*, long long unsigned int)':
/usr/local/cuda/include/sm_32_atomic_functions.h:72:25: warning: no return statement in function returning non-void [-Wreturn-type]
   72 | #define __DEF_IF_HOST { }
      |                         ^
/usr/local/cuda/include/sm_32_atomic_functions.h:101:115: note: in expansion of macro '__DEF_IF_HOST'
  101 | __SM_32_ATOMIC_FUNCTIONS_DECL__ unsigned long long atomicMax(unsigned long long *address, unsigned long long val) __DEF_IF_HOST
      |                                                                                                                   ^~~~~~~~~~~~~
/usr/local/cuda/include/sm_32_atomic_functions.h: In function 'long long unsigned int atomicAnd(long long unsigned int*, long long unsigned int)':
/usr/local/cuda/include/sm_32_atomic_functions.h:72:25: warning: no return statement in function returning non-void [-Wreturn-type]
   72 | #define __DEF_IF_HOST { }
      |                         ^
/usr/local/cuda/include/sm_32_atomic_functions.h:103:115: note: in expansion of macro '__DEF_IF_HOST'
  103 | __SM_32_ATOMIC_FUNCTIONS_DECL__ unsigned long long atomicAnd(unsigned long long *address, unsigned long long val) __DEF_IF_HOST
      |                                                                                                                   ^~~~~~~~~~~~~
/usr/local/cuda/include/sm_32_atomic_functions.h: In function 'long long unsigned int atomicOr(long long unsigned int*, long long unsigned int)':
/usr/local/cuda/include/sm_32_atomic_functions.h:72:25: warning: no return statement in function returning non-void [-Wreturn-type]
   72 | #define __DEF_IF_HOST { }
      |                         ^
/usr/local/cuda/include/sm_32_atomic_functions.h:105:114: note: in expansion of macro '__DEF_IF_HOST'
  105 | __SM_32_ATOMIC_FUNCTIONS_DECL__ unsigned long long atomicOr(unsigned long long *address, unsigned long long val) __DEF_IF_HOST
      |                                                                                                                  ^~~~~~~~~~~~~
/usr/local/cuda/include/sm_32_atomic_functions.h: In function 'long long unsigned int atomicXor(long long unsigned int*, long long unsigned int)':
/usr/local/cuda/include/sm_32_atomic_functions.h:72:25: warning: no return statement in function returning non-void [-Wreturn-type]
   72 | #define __DEF_IF_HOST { }
      |                         ^
/usr/local/cuda/include/sm_32_atomic_functions.h:107:115: note: in expansion of macro '__DEF_IF_HOST'
  107 | __SM_32_ATOMIC_FUNCTIONS_DECL__ unsigned long long atomicXor(unsigned long long *address, unsigned long long val) __DEF_IF_HOST
      |                                                                                                                   ^~~~~~~~~~~~~
In file included from /usr/local/cuda/include/crt/device_functions.h:3620,
                 from /home/GVirtuS/GVirtuS/plugins/cudart/backend/CudaRtHandler.h:71,
                 from /home/GVirtuS/GVirtuS/plugins/cudart/backend/CudaRtHandler_version.cpp:26:
/usr/local/cuda/include/sm_60_atomic_functions.h: In function 'double atomicAdd(double*, double)':
/usr/local/cuda/include/sm_60_atomic_functions.h:77:25: warning: no return statement in function returning non-void [-Wreturn-type]
   77 | #define __DEF_IF_HOST { }
      |                         ^
/usr/local/cuda/include/sm_60_atomic_functions.h:90:79: note: in expansion of macro '__DEF_IF_HOST'
   90 | __SM_60_ATOMIC_FUNCTIONS_DECL__ double atomicAdd(double *address, double val) __DEF_IF_HOST
      |                                                                               ^~~~~~~~~~~~~
/usr/local/cuda/include/sm_60_atomic_functions.h: In function 'int atomicAdd_block(int*, int)':
/usr/local/cuda/include/sm_60_atomic_functions.h:77:25: warning: no return statement in function returning non-void [-Wreturn-type]
   77 | #define __DEF_IF_HOST { }
      |                         ^
/usr/local/cuda/include/sm_60_atomic_functions.h:93:44: note: in expansion of macro '__DEF_IF_HOST'
   93 | int atomicAdd_block(int *address, int val) __DEF_IF_HOST
      |                                            ^~~~~~~~~~~~~
/usr/local/cuda/include/sm_60_atomic_functions.h: In function 'int atomicAdd_system(int*, int)':
/usr/local/cuda/include/sm_60_atomic_functions.h:77:25: warning: no return statement in function returning non-void [-Wreturn-type]
   77 | #define __DEF_IF_HOST { }
      |                         ^
/usr/local/cuda/include/sm_60_atomic_functions.h:96:45: note: in expansion of macro '__DEF_IF_HOST'
   96 | int atomicAdd_system(int *address, int val) __DEF_IF_HOST
      |                                             ^~~~~~~~~~~~~
/usr/local/cuda/include/sm_60_atomic_functions.h: In function 'unsigned int atomicAdd_block(unsigned int*, unsigned int)':
/usr/local/cuda/include/sm_60_atomic_functions.h:77:25: warning: no return statement in function returning non-void [-Wreturn-type]
   77 | #define __DEF_IF_HOST { }
      |                         ^
/usr/local/cuda/include/sm_60_atomic_functions.h:99:71: note: in expansion of macro '__DEF_IF_HOST'
   99 | unsigned int atomicAdd_block(unsigned int *address, unsigned int val) __DEF_IF_HOST
      |                                                                       ^~~~~~~~~~~~~
/usr/local/cuda/include/sm_60_atomic_functions.h: In function 'unsigned int atomicAdd_system(unsigned int*, unsigned int)':
/usr/local/cuda/include/sm_60_atomic_functions.h:77:25: warning: no return statement in function returning non-void [-Wreturn-type]
   77 | #define __DEF_IF_HOST { }
      |                         ^
/usr/local/cuda/include/sm_60_atomic_functions.h:102:72: note: in expansion of macro '__DEF_IF_HOST'
  102 | unsigned int atomicAdd_system(unsigned int *address, unsigned int val) __DEF_IF_HOST
      |                                                                        ^~~~~~~~~~~~~
/usr/local/cuda/include/sm_60_atomic_functions.h: In function 'long long unsigned int atomicAdd_block(long long unsigned int*, long long unsigned int)':
/usr/local/cuda/include/sm_60_atomic_functions.h:77:25: warning: no return statement in function returning non-void [-Wreturn-type]
   77 | #define __DEF_IF_HOST { }
      |                         ^
/usr/local/cuda/include/sm_60_atomic_functions.h:105:89: note: in expansion of macro '__DEF_IF_HOST'
  105 | unsigned long long atomicAdd_block(unsigned long long *address, unsigned long long val) __DEF_IF_HOST
      |                                                                                         ^~~~~~~~~~~~~
/usr/local/cuda/include/sm_60_atomic_functions.h: In function 'long long unsigned int atomicAdd_system(long long unsigned int*, long long unsigned int)':
/usr/local/cuda/include/sm_60_atomic_functions.h:77:25: warning: no return statement in function returning non-void [-Wreturn-type]
   77 | #define __DEF_IF_HOST { }
      |                         ^
/usr/local/cuda/include/sm_60_atomic_functions.h:108:90: note: in expansion of macro '__DEF_IF_HOST'
  108 | unsigned long long atomicAdd_system(unsigned long long *address, unsigned long long val) __DEF_IF_HOST
      |                                                                                          ^~~~~~~~~~~~~
/usr/local/cuda/include/sm_60_atomic_functions.h: In function 'float atomicAdd_block(float*, float)':
/usr/local/cuda/include/sm_60_atomic_functions.h:77:25: warning: no return statement in function returning non-void [-Wreturn-type]
   77 | #define __DEF_IF_HOST { }
      |                         ^
/usr/local/cuda/include/sm_60_atomic_functions.h:111:50: note: in expansion of macro '__DEF_IF_HOST'
  111 | float atomicAdd_block(float *address, float val) __DEF_IF_HOST
      |                                                  ^~~~~~~~~~~~~
/usr/local/cuda/include/sm_60_atomic_functions.h: In function 'float atomicAdd_system(float*, float)':
/usr/local/cuda/include/sm_60_atomic_functions.h:77:25: warning: no return statement in function returning non-void [-Wreturn-type]
   77 | #define __DEF_IF_HOST { }
      |                         ^
/usr/local/cuda/include/sm_60_atomic_functions.h:114:51: note: in expansion of macro '__DEF_IF_HOST'
  114 | float atomicAdd_system(float *address, float val) __DEF_IF_HOST
      |                                                   ^~~~~~~~~~~~~
/usr/local/cuda/include/sm_60_atomic_functions.h: In function 'double atomicAdd_block(double*, double)':
/usr/local/cuda/include/sm_60_atomic_functions.h:77:25: warning: no return statement in function returning non-void [-Wreturn-type]
   77 | #define __DEF_IF_HOST { }
      |                         ^
/usr/local/cuda/include/sm_60_atomic_functions.h:117:53: note: in expansion of macro '__DEF_IF_HOST'
  117 | double atomicAdd_block(double *address, double val) __DEF_IF_HOST
      |                                                     ^~~~~~~~~~~~~
/usr/local/cuda/include/sm_60_atomic_functions.h: In function 'double atomicAdd_system(double*, double)':
/usr/local/cuda/include/sm_60_atomic_functions.h:77:25: warning: no return statement in function returning non-void [-Wreturn-type]
   77 | #define __DEF_IF_HOST { }
      |                         ^
/usr/local/cuda/include/sm_60_atomic_functions.h:120:54: note: in expansion of macro '__DEF_IF_HOST'
  120 | double atomicAdd_system(double *address, double val) __DEF_IF_HOST
      |                                                      ^~~~~~~~~~~~~
/usr/local/cuda/include/sm_60_atomic_functions.h: In function 'int atomicSub_block(int*, int)':
/usr/local/cuda/include/sm_60_atomic_functions.h:77:25: warning: no return statement in function returning non-void [-Wreturn-type]
   77 | #define __DEF_IF_HOST { }
      |                         ^
/usr/local/cuda/include/sm_60_atomic_functions.h:123:44: note: in expansion of macro '__DEF_IF_HOST'
  123 | int atomicSub_block(int *address, int val) __DEF_IF_HOST
      |                                            ^~~~~~~~~~~~~
/usr/local/cuda/include/sm_60_atomic_functions.h: In function 'int atomicSub_system(int*, int)':
/usr/local/cuda/include/sm_60_atomic_functions.h:77:25: warning: no return statement in function returning non-void [-Wreturn-type]
   77 | #define __DEF_IF_HOST { }
      |                         ^
/usr/local/cuda/include/sm_60_atomic_functions.h:126:45: note: in expansion of macro '__DEF_IF_HOST'
  126 | int atomicSub_system(int *address, int val) __DEF_IF_HOST
      |                                             ^~~~~~~~~~~~~
/usr/local/cuda/include/sm_60_atomic_functions.h: In function 'unsigned int atomicSub_block(unsigned int*, unsigned int)':
/usr/local/cuda/include/sm_60_atomic_functions.h:77:25: warning: no return statement in function returning non-void [-Wreturn-type]
   77 | #define __DEF_IF_HOST { }
      |                         ^
/usr/local/cuda/include/sm_60_atomic_functions.h:129:71: note: in expansion of macro '__DEF_IF_HOST'
  129 | unsigned int atomicSub_block(unsigned int *address, unsigned int val) __DEF_IF_HOST
      |                                                                       ^~~~~~~~~~~~~
/usr/local/cuda/include/sm_60_atomic_functions.h: In function 'unsigned int atomicSub_system(unsigned int*, unsigned int)':
/usr/local/cuda/include/sm_60_atomic_functions.h:77:25: warning: no return statement in function returning non-void [-Wreturn-type]
   77 | #define __DEF_IF_HOST { }
      |                         ^
/usr/local/cuda/include/sm_60_atomic_functions.h:132:72: note: in expansion of macro '__DEF_IF_HOST'
  132 | unsigned int atomicSub_system(unsigned int *address, unsigned int val) __DEF_IF_HOST
      |                                                                        ^~~~~~~~~~~~~
/usr/local/cuda/include/sm_60_atomic_functions.h: In function 'int atomicExch_block(int*, int)':
/usr/local/cuda/include/sm_60_atomic_functions.h:77:25: warning: no return statement in function returning non-void [-Wreturn-type]
   77 | #define __DEF_IF_HOST { }
      |                         ^
/usr/local/cuda/include/sm_60_atomic_functions.h:135:45: note: in expansion of macro '__DEF_IF_HOST'
  135 | int atomicExch_block(int *address, int val) __DEF_IF_HOST
      |                                             ^~~~~~~~~~~~~
/usr/local/cuda/include/sm_60_atomic_functions.h: In function 'int atomicExch_system(int*, int)':
/usr/local/cuda/include/sm_60_atomic_functions.h:77:25: warning: no return statement in function returning non-void [-Wreturn-type]
   77 | #define __DEF_IF_HOST { }
      |                         ^
/usr/local/cuda/include/sm_60_atomic_functions.h:138:46: note: in expansion of macro '__DEF_IF_HOST'
  138 | int atomicExch_system(int *address, int val) __DEF_IF_HOST
      |                                              ^~~~~~~~~~~~~
/usr/local/cuda/include/sm_60_atomic_functions.h: In function 'unsigned int atomicExch_block(unsigned int*, unsigned int)':
/usr/local/cuda/include/sm_60_atomic_functions.h:77:25: warning: no return statement in function returning non-void [-Wreturn-type]
   77 | #define __DEF_IF_HOST { }
      |                         ^
/usr/local/cuda/include/sm_60_atomic_functions.h:141:72: note: in expansion of macro '__DEF_IF_HOST'
  141 | unsigned int atomicExch_block(unsigned int *address, unsigned int val) __DEF_IF_HOST
      |                                                                        ^~~~~~~~~~~~~
/usr/local/cuda/include/sm_60_atomic_functions.h: In function 'unsigned int atomicExch_system(unsigned int*, unsigned int)':
/usr/local/cuda/include/sm_60_atomic_functions.h:77:25: warning: no return statement in function returning non-void [-Wreturn-type]
   77 | #define __DEF_IF_HOST { }
      |                         ^
/usr/local/cuda/include/sm_60_atomic_functions.h:144:73: note: in expansion of macro '__DEF_IF_HOST'
  144 | unsigned int atomicExch_system(unsigned int *address, unsigned int val) __DEF_IF_HOST
      |                                                                         ^~~~~~~~~~~~~
/usr/local/cuda/include/sm_60_atomic_functions.h: In function 'long long unsigned int atomicExch_block(long long unsigned int*, long long unsigned int)':
/usr/local/cuda/include/sm_60_atomic_functions.h:77:25: warning: no return statement in function returning non-void [-Wreturn-type]
   77 | #define __DEF_IF_HOST { }
      |                         ^
/usr/local/cuda/include/sm_60_atomic_functions.h:147:90: note: in expansion of macro '__DEF_IF_HOST'
  147 | unsigned long long atomicExch_block(unsigned long long *address, unsigned long long val) __DEF_IF_HOST
      |                                                                                          ^~~~~~~~~~~~~
/usr/local/cuda/include/sm_60_atomic_functions.h: In function 'long long unsigned int atomicExch_system(long long unsigned int*, long long unsigned int)':
/usr/local/cuda/include/sm_60_atomic_functions.h:77:25: warning: no return statement in function returning non-void [-Wreturn-type]
   77 | #define __DEF_IF_HOST { }
      |                         ^
/usr/local/cuda/include/sm_60_atomic_functions.h:150:91: note: in expansion of macro '__DEF_IF_HOST'
  150 | unsigned long long atomicExch_system(unsigned long long *address, unsigned long long val) __DEF_IF_HOST
      |                                                                                           ^~~~~~~~~~~~~
/usr/local/cuda/include/sm_60_atomic_functions.h: In function 'float atomicExch_block(float*, float)':
/usr/local/cuda/include/sm_60_atomic_functions.h:77:25: warning: no return statement in function returning non-void [-Wreturn-type]
   77 | #define __DEF_IF_HOST { }
      |                         ^
/usr/local/cuda/include/sm_60_atomic_functions.h:153:51: note: in expansion of macro '__DEF_IF_HOST'
  153 | float atomicExch_block(float *address, float val) __DEF_IF_HOST
      |                                                   ^~~~~~~~~~~~~
/usr/local/cuda/include/sm_60_atomic_functions.h: In function 'float atomicExch_system(float*, float)':
/usr/local/cuda/include/sm_60_atomic_functions.h:77:25: warning: no return statement in function returning non-void [-Wreturn-type]
   77 | #define __DEF_IF_HOST { }
      |                         ^
/usr/local/cuda/include/sm_60_atomic_functions.h:156:52: note: in expansion of macro '__DEF_IF_HOST'
  156 | float atomicExch_system(float *address, float val) __DEF_IF_HOST
      |                                                    ^~~~~~~~~~~~~
/usr/local/cuda/include/sm_60_atomic_functions.h: In function 'int atomicMin_block(int*, int)':
/usr/local/cuda/include/sm_60_atomic_functions.h:77:25: warning: no return statement in function returning non-void [-Wreturn-type]
   77 | #define __DEF_IF_HOST { }
      |                         ^
/usr/local/cuda/include/sm_60_atomic_functions.h:159:44: note: in expansion of macro '__DEF_IF_HOST'
  159 | int atomicMin_block(int *address, int val) __DEF_IF_HOST
      |                                            ^~~~~~~~~~~~~
/usr/local/cuda/include/sm_60_atomic_functions.h: In function 'int atomicMin_system(int*, int)':
/usr/local/cuda/include/sm_60_atomic_functions.h:77:25: warning: no return statement in function returning non-void [-Wreturn-type]
   77 | #define __DEF_IF_HOST { }
      |                         ^
/usr/local/cuda/include/sm_60_atomic_functions.h:162:45: note: in expansion of macro '__DEF_IF_HOST'
  162 | int atomicMin_system(int *address, int val) __DEF_IF_HOST
      |                                             ^~~~~~~~~~~~~
/usr/local/cuda/include/sm_60_atomic_functions.h: In function 'long long int atomicMin_block(long long int*, long long int)':
/usr/local/cuda/include/sm_60_atomic_functions.h:77:25: warning: no return statement in function returning non-void [-Wreturn-type]
   77 | #define __DEF_IF_HOST { }
      |                         ^
/usr/local/cuda/include/sm_60_atomic_functions.h:165:62: note: in expansion of macro '__DEF_IF_HOST'
  165 | long long atomicMin_block(long long *address, long long val) __DEF_IF_HOST
      |                                                              ^~~~~~~~~~~~~
/usr/local/cuda/include/sm_60_atomic_functions.h: In function 'long long int atomicMin_system(long long int*, long long int)':
/usr/local/cuda/include/sm_60_atomic_functions.h:77:25: warning: no return statement in function returning non-void [-Wreturn-type]
   77 | #define __DEF_IF_HOST { }
      |                         ^
/usr/local/cuda/include/sm_60_atomic_functions.h:168:63: note: in expansion of macro '__DEF_IF_HOST'
  168 | long long atomicMin_system(long long *address, long long val) __DEF_IF_HOST
      |                                                               ^~~~~~~~~~~~~
/usr/local/cuda/include/sm_60_atomic_functions.h: In function 'unsigned int atomicMin_block(unsigned int*, unsigned int)':
/usr/local/cuda/include/sm_60_atomic_functions.h:77:25: warning: no return statement in function returning non-void [-Wreturn-type]
   77 | #define __DEF_IF_HOST { }
      |                         ^
/usr/local/cuda/include/sm_60_atomic_functions.h:171:71: note: in expansion of macro '__DEF_IF_HOST'
  171 | unsigned int atomicMin_block(unsigned int *address, unsigned int val) __DEF_IF_HOST
      |                                                                       ^~~~~~~~~~~~~
/usr/local/cuda/include/sm_60_atomic_functions.h: In function 'unsigned int atomicMin_system(unsigned int*, unsigned int)':
/usr/local/cuda/include/sm_60_atomic_functions.h:77:25: warning: no return statement in function returning non-void [-Wreturn-type]
   77 | #define __DEF_IF_HOST { }
      |                         ^
/usr/local/cuda/include/sm_60_atomic_functions.h:174:72: note: in expansion of macro '__DEF_IF_HOST'
  174 | unsigned int atomicMin_system(unsigned int *address, unsigned int val) __DEF_IF_HOST
      |                                                                        ^~~~~~~~~~~~~
/usr/local/cuda/include/sm_60_atomic_functions.h: In function 'long long unsigned int atomicMin_block(long long unsigned int*, long long unsigned int)':
/usr/local/cuda/include/sm_60_atomic_functions.h:77:25: warning: no return statement in function returning non-void [-Wreturn-type]
   77 | #define __DEF_IF_HOST { }
      |                         ^
/usr/local/cuda/include/sm_60_atomic_functions.h:177:89: note: in expansion of macro '__DEF_IF_HOST'
  177 | unsigned long long atomicMin_block(unsigned long long *address, unsigned long long val) __DEF_IF_HOST
      |                                                                                         ^~~~~~~~~~~~~
/usr/local/cuda/include/sm_60_atomic_functions.h: In function 'long long unsigned int atomicMin_system(long long unsigned int*, long long unsigned int)':
/usr/local/cuda/include/sm_60_atomic_functions.h:77:25: warning: no return statement in function returning non-void [-Wreturn-type]
   77 | #define __DEF_IF_HOST { }
      |                         ^
/usr/local/cuda/include/sm_60_atomic_functions.h:180:90: note: in expansion of macro '__DEF_IF_HOST'
  180 | unsigned long long atomicMin_system(unsigned long long *address, unsigned long long val) __DEF_IF_HOST
      |                                                                                          ^~~~~~~~~~~~~
/usr/local/cuda/include/sm_60_atomic_functions.h: In function 'int atomicMax_block(int*, int)':
/usr/local/cuda/include/sm_60_atomic_functions.h:77:25: warning: no return statement in function returning non-void [-Wreturn-type]
   77 | #define __DEF_IF_HOST { }
      |                         ^
/usr/local/cuda/include/sm_60_atomic_functions.h:183:44: note: in expansion of macro '__DEF_IF_HOST'
  183 | int atomicMax_block(int *address, int val) __DEF_IF_HOST
      |                                            ^~~~~~~~~~~~~
/usr/local/cuda/include/sm_60_atomic_functions.h: In function 'int atomicMax_system(int*, int)':
/usr/local/cuda/include/sm_60_atomic_functions.h:77:25: warning: no return statement in function returning non-void [-Wreturn-type]
   77 | #define __DEF_IF_HOST { }
      |                         ^
/usr/local/cuda/include/sm_60_atomic_functions.h:186:45: note: in expansion of macro '__DEF_IF_HOST'
  186 | int atomicMax_system(int *address, int val) __DEF_IF_HOST
      |                                             ^~~~~~~~~~~~~
/usr/local/cuda/include/sm_60_atomic_functions.h: In function 'long long int atomicMax_block(long long int*, long long int)':
/usr/local/cuda/include/sm_60_atomic_functions.h:77:25: warning: no return statement in function returning non-void [-Wreturn-type]
   77 | #define __DEF_IF_HOST { }
      |                         ^
/usr/local/cuda/include/sm_60_atomic_functions.h:189:62: note: in expansion of macro '__DEF_IF_HOST'
  189 | long long atomicMax_block(long long *address, long long val) __DEF_IF_HOST
      |                                                              ^~~~~~~~~~~~~
/usr/local/cuda/include/sm_60_atomic_functions.h: In function 'long long int atomicMax_system(long long int*, long long int)':
/usr/local/cuda/include/sm_60_atomic_functions.h:77:25: warning: no return statement in function returning non-void [-Wreturn-type]
   77 | #define __DEF_IF_HOST { }
      |                         ^
/usr/local/cuda/include/sm_60_atomic_functions.h:192:63: note: in expansion of macro '__DEF_IF_HOST'
  192 | long long atomicMax_system(long long *address, long long val) __DEF_IF_HOST
      |                                                               ^~~~~~~~~~~~~
/usr/local/cuda/include/sm_60_atomic_functions.h: In function 'unsigned int atomicMax_block(unsigned int*, unsigned int)':
/usr/local/cuda/include/sm_60_atomic_functions.h:77:25: warning: no return statement in function returning non-void [-Wreturn-type]
   77 | #define __DEF_IF_HOST { }
      |                         ^
/usr/local/cuda/include/sm_60_atomic_functions.h:195:71: note: in expansion of macro '__DEF_IF_HOST'
  195 | unsigned int atomicMax_block(unsigned int *address, unsigned int val) __DEF_IF_HOST
      |                                                                       ^~~~~~~~~~~~~
/usr/local/cuda/include/sm_60_atomic_functions.h: In function 'unsigned int atomicMax_system(unsigned int*, unsigned int)':
/usr/local/cuda/include/sm_60_atomic_functions.h:77:25: warning: no return statement in function returning non-void [-Wreturn-type]
   77 | #define __DEF_IF_HOST { }
      |                         ^
/usr/local/cuda/include/sm_60_atomic_functions.h:198:72: note: in expansion of macro '__DEF_IF_HOST'
  198 | unsigned int atomicMax_system(unsigned int *address, unsigned int val) __DEF_IF_HOST
      |                                                                        ^~~~~~~~~~~~~
/usr/local/cuda/include/sm_60_atomic_functions.h: In function 'long long unsigned int atomicMax_block(long long unsigned int*, long long unsigned int)':
/usr/local/cuda/include/sm_60_atomic_functions.h:77:25: warning: no return statement in function returning non-void [-Wreturn-type]
   77 | #define __DEF_IF_HOST { }
      |                         ^
/usr/local/cuda/include/sm_60_atomic_functions.h:201:89: note: in expansion of macro '__DEF_IF_HOST'
  201 | unsigned long long atomicMax_block(unsigned long long *address, unsigned long long val) __DEF_IF_HOST
      |                                                                                         ^~~~~~~~~~~~~
/usr/local/cuda/include/sm_60_atomic_functions.h: In function 'long long unsigned int atomicMax_system(long long unsigned int*, long long unsigned int)':
/usr/local/cuda/include/sm_60_atomic_functions.h:77:25: warning: no return statement in function returning non-void [-Wreturn-type]
   77 | #define __DEF_IF_HOST { }
      |                         ^
/usr/local/cuda/include/sm_60_atomic_functions.h:204:90: note: in expansion of macro '__DEF_IF_HOST'
  204 | unsigned long long atomicMax_system(unsigned long long *address, unsigned long long val) __DEF_IF_HOST
      |                                                                                          ^~~~~~~~~~~~~
/usr/local/cuda/include/sm_60_atomic_functions.h: In function 'unsigned int atomicInc_block(unsigned int*, unsigned int)':
/usr/local/cuda/include/sm_60_atomic_functions.h:77:25: warning: no return statement in function returning non-void [-Wreturn-type]
   77 | #define __DEF_IF_HOST { }
      |                         ^
/usr/local/cuda/include/sm_60_atomic_functions.h:207:71: note: in expansion of macro '__DEF_IF_HOST'
  207 | unsigned int atomicInc_block(unsigned int *address, unsigned int val) __DEF_IF_HOST
      |                                                                       ^~~~~~~~~~~~~
/usr/local/cuda/include/sm_60_atomic_functions.h: In function 'unsigned int atomicInc_system(unsigned int*, unsigned int)':
/usr/local/cuda/include/sm_60_atomic_functions.h:77:25: warning: no return statement in function returning non-void [-Wreturn-type]
   77 | #define __DEF_IF_HOST { }
      |                         ^
/usr/local/cuda/include/sm_60_atomic_functions.h:210:72: note: in expansion of macro '__DEF_IF_HOST'
  210 | unsigned int atomicInc_system(unsigned int *address, unsigned int val) __DEF_IF_HOST
      |                                                                        ^~~~~~~~~~~~~
/usr/local/cuda/include/sm_60_atomic_functions.h: In function 'unsigned int atomicDec_block(unsigned int*, unsigned int)':
/usr/local/cuda/include/sm_60_atomic_functions.h:77:25: warning: no return statement in function returning non-void [-Wreturn-type]
   77 | #define __DEF_IF_HOST { }
      |                         ^
/usr/local/cuda/include/sm_60_atomic_functions.h:213:71: note: in expansion of macro '__DEF_IF_HOST'
  213 | unsigned int atomicDec_block(unsigned int *address, unsigned int val) __DEF_IF_HOST
      |                                                                       ^~~~~~~~~~~~~
/usr/local/cuda/include/sm_60_atomic_functions.h: In function 'unsigned int atomicDec_system(unsigned int*, unsigned int)':
/usr/local/cuda/include/sm_60_atomic_functions.h:77:25: warning: no return statement in function returning non-void [-Wreturn-type]
   77 | #define __DEF_IF_HOST { }
      |                         ^
/usr/local/cuda/include/sm_60_atomic_functions.h:216:72: note: in expansion of macro '__DEF_IF_HOST'
  216 | unsigned int atomicDec_system(unsigned int *address, unsigned int val) __DEF_IF_HOST
      |                                                                        ^~~~~~~~~~~~~
/usr/local/cuda/include/sm_60_atomic_functions.h: In function 'int atomicCAS_block(int*, int, int)':
/usr/local/cuda/include/sm_60_atomic_functions.h:77:25: warning: no return statement in function returning non-void [-Wreturn-type]
   77 | #define __DEF_IF_HOST { }
      |                         ^
/usr/local/cuda/include/sm_60_atomic_functions.h:219:57: note: in expansion of macro '__DEF_IF_HOST'
  219 | int atomicCAS_block(int *address, int compare, int val) __DEF_IF_HOST
      |                                                         ^~~~~~~~~~~~~
/usr/local/cuda/include/sm_60_atomic_functions.h: In function 'int atomicCAS_system(int*, int, int)':
/usr/local/cuda/include/sm_60_atomic_functions.h:77:25: warning: no return statement in function returning non-void [-Wreturn-type]
   77 | #define __DEF_IF_HOST { }
      |                         ^
/usr/local/cuda/include/sm_60_atomic_functions.h:222:58: note: in expansion of macro '__DEF_IF_HOST'
  222 | int atomicCAS_system(int *address, int compare, int val) __DEF_IF_HOST
      |                                                          ^~~~~~~~~~~~~
/usr/local/cuda/include/sm_60_atomic_functions.h: In function 'unsigned int atomicCAS_block(unsigned int*, unsigned int, unsigned int)':
/usr/local/cuda/include/sm_60_atomic_functions.h:77:25: warning: no return statement in function returning non-void [-Wreturn-type]
   77 | #define __DEF_IF_HOST { }
      |                         ^
/usr/local/cuda/include/sm_60_atomic_functions.h:226:48: note: in expansion of macro '__DEF_IF_HOST'
  226 |                              unsigned int val) __DEF_IF_HOST
      |                                                ^~~~~~~~~~~~~
/usr/local/cuda/include/sm_60_atomic_functions.h: In function 'unsigned int atomicCAS_system(unsigned int*, unsigned int, unsigned int)':
/usr/local/cuda/include/sm_60_atomic_functions.h:77:25: warning: no return statement in function returning non-void [-Wreturn-type]
   77 | #define __DEF_IF_HOST { }
      |                         ^
/usr/local/cuda/include/sm_60_atomic_functions.h:230:49: note: in expansion of macro '__DEF_IF_HOST'
  230 |                               unsigned int val) __DEF_IF_HOST
      |                                                 ^~~~~~~~~~~~~
/usr/local/cuda/include/sm_60_atomic_functions.h: In function 'long long unsigned int atomicCAS_block(long long unsigned int*, long long unsigned int, long long unsigned int)':
/usr/local/cuda/include/sm_60_atomic_functions.h:77:25: warning: no return statement in function returning non-void [-Wreturn-type]
   77 | #define __DEF_IF_HOST { }
      |                         ^
/usr/local/cuda/include/sm_60_atomic_functions.h:235:68: note: in expansion of macro '__DEF_IF_HOST'
  235 |                                        unsigned long long int val) __DEF_IF_HOST
      |                                                                    ^~~~~~~~~~~~~
/usr/local/cuda/include/sm_60_atomic_functions.h: In function 'long long unsigned int atomicCAS_system(long long unsigned int*, long long unsigned int, long long unsigned int)':
/usr/local/cuda/include/sm_60_atomic_functions.h:77:25: warning: no return statement in function returning non-void [-Wreturn-type]
   77 | #define __DEF_IF_HOST { }
      |                         ^
/usr/local/cuda/include/sm_60_atomic_functions.h:240:69: note: in expansion of macro '__DEF_IF_HOST'
  240 |                                         unsigned long long int val) __DEF_IF_HOST
      |                                                                     ^~~~~~~~~~~~~
/usr/local/cuda/include/sm_60_atomic_functions.h: In function 'int atomicAnd_block(int*, int)':
/usr/local/cuda/include/sm_60_atomic_functions.h:77:25: warning: no return statement in function returning non-void [-Wreturn-type]
   77 | #define __DEF_IF_HOST { }
      |                         ^
/usr/local/cuda/include/sm_60_atomic_functions.h:243:44: note: in expansion of macro '__DEF_IF_HOST'
  243 | int atomicAnd_block(int *address, int val) __DEF_IF_HOST
      |                                            ^~~~~~~~~~~~~
/usr/local/cuda/include/sm_60_atomic_functions.h: In function 'int atomicAnd_system(int*, int)':
/usr/local/cuda/include/sm_60_atomic_functions.h:77:25: warning: no return statement in function returning non-void [-Wreturn-type]
   77 | #define __DEF_IF_HOST { }
      |                         ^
/usr/local/cuda/include/sm_60_atomic_functions.h:246:45: note: in expansion of macro '__DEF_IF_HOST'
  246 | int atomicAnd_system(int *address, int val) __DEF_IF_HOST
      |                                             ^~~~~~~~~~~~~
/usr/local/cuda/include/sm_60_atomic_functions.h: In function 'long long int atomicAnd_block(long long int*, long long int)':
/usr/local/cuda/include/sm_60_atomic_functions.h:77:25: warning: no return statement in function returning non-void [-Wreturn-type]
   77 | #define __DEF_IF_HOST { }
      |                         ^
/usr/local/cuda/include/sm_60_atomic_functions.h:249:62: note: in expansion of macro '__DEF_IF_HOST'
  249 | long long atomicAnd_block(long long *address, long long val) __DEF_IF_HOST
      |                                                              ^~~~~~~~~~~~~
/usr/local/cuda/include/sm_60_atomic_functions.h: In function 'long long int atomicAnd_system(long long int*, long long int)':
/usr/local/cuda/include/sm_60_atomic_functions.h:77:25: warning: no return statement in function returning non-void [-Wreturn-type]
   77 | #define __DEF_IF_HOST { }
      |                         ^
/usr/local/cuda/include/sm_60_atomic_functions.h:252:63: note: in expansion of macro '__DEF_IF_HOST'
  252 | long long atomicAnd_system(long long *address, long long val) __DEF_IF_HOST
      |                                                               ^~~~~~~~~~~~~
/usr/local/cuda/include/sm_60_atomic_functions.h: In function 'unsigned int atomicAnd_block(unsigned int*, unsigned int)':
/usr/local/cuda/include/sm_60_atomic_functions.h:77:25: warning: no return statement in function returning non-void [-Wreturn-type]
   77 | #define __DEF_IF_HOST { }
      |                         ^
/usr/local/cuda/include/sm_60_atomic_functions.h:255:71: note: in expansion of macro '__DEF_IF_HOST'
  255 | unsigned int atomicAnd_block(unsigned int *address, unsigned int val) __DEF_IF_HOST
      |                                                                       ^~~~~~~~~~~~~
/usr/local/cuda/include/sm_60_atomic_functions.h: In function 'unsigned int atomicAnd_system(unsigned int*, unsigned int)':
/usr/local/cuda/include/sm_60_atomic_functions.h:77:25: warning: no return statement in function returning non-void [-Wreturn-type]
   77 | #define __DEF_IF_HOST { }
      |                         ^
/usr/local/cuda/include/sm_60_atomic_functions.h:258:72: note: in expansion of macro '__DEF_IF_HOST'
  258 | unsigned int atomicAnd_system(unsigned int *address, unsigned int val) __DEF_IF_HOST
      |                                                                        ^~~~~~~~~~~~~
/usr/local/cuda/include/sm_60_atomic_functions.h: In function 'long long unsigned int atomicAnd_block(long long unsigned int*, long long unsigned int)':
/usr/local/cuda/include/sm_60_atomic_functions.h:77:25: warning: no return statement in function returning non-void [-Wreturn-type]
   77 | #define __DEF_IF_HOST { }
      |                         ^
/usr/local/cuda/include/sm_60_atomic_functions.h:261:89: note: in expansion of macro '__DEF_IF_HOST'
  261 | unsigned long long atomicAnd_block(unsigned long long *address, unsigned long long val) __DEF_IF_HOST
      |                                                                                         ^~~~~~~~~~~~~
/usr/local/cuda/include/sm_60_atomic_functions.h: In function 'long long unsigned int atomicAnd_system(long long unsigned int*, long long unsigned int)':
/usr/local/cuda/include/sm_60_atomic_functions.h:77:25: warning: no return statement in function returning non-void [-Wreturn-type]
   77 | #define __DEF_IF_HOST { }
      |                         ^
/usr/local/cuda/include/sm_60_atomic_functions.h:264:90: note: in expansion of macro '__DEF_IF_HOST'
  264 | unsigned long long atomicAnd_system(unsigned long long *address, unsigned long long val) __DEF_IF_HOST
      |                                                                                          ^~~~~~~~~~~~~
/usr/local/cuda/include/sm_60_atomic_functions.h: In function 'int atomicOr_block(int*, int)':
/usr/local/cuda/include/sm_60_atomic_functions.h:77:25: warning: no return statement in function returning non-void [-Wreturn-type]
   77 | #define __DEF_IF_HOST { }
      |                         ^
/usr/local/cuda/include/sm_60_atomic_functions.h:267:43: note: in expansion of macro '__DEF_IF_HOST'
  267 | int atomicOr_block(int *address, int val) __DEF_IF_HOST
      |                                           ^~~~~~~~~~~~~
/usr/local/cuda/include/sm_60_atomic_functions.h: In function 'int atomicOr_system(int*, int)':
/usr/local/cuda/include/sm_60_atomic_functions.h:77:25: warning: no return statement in function returning non-void [-Wreturn-type]
   77 | #define __DEF_IF_HOST { }
      |                         ^
/usr/local/cuda/include/sm_60_atomic_functions.h:270:44: note: in expansion of macro '__DEF_IF_HOST'
  270 | int atomicOr_system(int *address, int val) __DEF_IF_HOST
      |                                            ^~~~~~~~~~~~~
/usr/local/cuda/include/sm_60_atomic_functions.h: In function 'long long int atomicOr_block(long long int*, long long int)':
/usr/local/cuda/include/sm_60_atomic_functions.h:77:25: warning: no return statement in function returning non-void [-Wreturn-type]
   77 | #define __DEF_IF_HOST { }
      |                         ^
/usr/local/cuda/include/sm_60_atomic_functions.h:273:61: note: in expansion of macro '__DEF_IF_HOST'
  273 | long long atomicOr_block(long long *address, long long val) __DEF_IF_HOST
      |                                                             ^~~~~~~~~~~~~
/usr/local/cuda/include/sm_60_atomic_functions.h: In function 'long long int atomicOr_system(long long int*, long long int)':
/usr/local/cuda/include/sm_60_atomic_functions.h:77:25: warning: no return statement in function returning non-void [-Wreturn-type]
   77 | #define __DEF_IF_HOST { }
      |                         ^
/usr/local/cuda/include/sm_60_atomic_functions.h:276:62: note: in expansion of macro '__DEF_IF_HOST'
  276 | long long atomicOr_system(long long *address, long long val) __DEF_IF_HOST
      |                                                              ^~~~~~~~~~~~~
/usr/local/cuda/include/sm_60_atomic_functions.h: In function 'unsigned int atomicOr_block(unsigned int*, unsigned int)':
/usr/local/cuda/include/sm_60_atomic_functions.h:77:25: warning: no return statement in function returning non-void [-Wreturn-type]
   77 | #define __DEF_IF_HOST { }
      |                         ^
/usr/local/cuda/include/sm_60_atomic_functions.h:279:70: note: in expansion of macro '__DEF_IF_HOST'
  279 | unsigned int atomicOr_block(unsigned int *address, unsigned int val) __DEF_IF_HOST
      |                                                                      ^~~~~~~~~~~~~
/usr/local/cuda/include/sm_60_atomic_functions.h: In function 'unsigned int atomicOr_system(unsigned int*, unsigned int)':
/usr/local/cuda/include/sm_60_atomic_functions.h:77:25: warning: no return statement in function returning non-void [-Wreturn-type]
   77 | #define __DEF_IF_HOST { }
      |                         ^
/usr/local/cuda/include/sm_60_atomic_functions.h:282:71: note: in expansion of macro '__DEF_IF_HOST'
  282 | unsigned int atomicOr_system(unsigned int *address, unsigned int val) __DEF_IF_HOST
      |                                                                       ^~~~~~~~~~~~~
/usr/local/cuda/include/sm_60_atomic_functions.h: In function 'long long unsigned int atomicOr_block(long long unsigned int*, long long unsigned int)':
/usr/local/cuda/include/sm_60_atomic_functions.h:77:25: warning: no return statement in function returning non-void [-Wreturn-type]
   77 | #define __DEF_IF_HOST { }
      |                         ^
/usr/local/cuda/include/sm_60_atomic_functions.h:285:88: note: in expansion of macro '__DEF_IF_HOST'
  285 | unsigned long long atomicOr_block(unsigned long long *address, unsigned long long val) __DEF_IF_HOST
      |                                                                                        ^~~~~~~~~~~~~
/usr/local/cuda/include/sm_60_atomic_functions.h: In function 'long long unsigned int atomicOr_system(long long unsigned int*, long long unsigned int)':
/usr/local/cuda/include/sm_60_atomic_functions.h:77:25: warning: no return statement in function returning non-void [-Wreturn-type]
   77 | #define __DEF_IF_HOST { }
      |                         ^
/usr/local/cuda/include/sm_60_atomic_functions.h:288:89: note: in expansion of macro '__DEF_IF_HOST'
  288 | unsigned long long atomicOr_system(unsigned long long *address, unsigned long long val) __DEF_IF_HOST
      |                                                                                         ^~~~~~~~~~~~~
/usr/local/cuda/include/sm_60_atomic_functions.h: In function 'int atomicXor_block(int*, int)':
/usr/local/cuda/include/sm_60_atomic_functions.h:77:25: warning: no return statement in function returning non-void [-Wreturn-type]
   77 | #define __DEF_IF_HOST { }
      |                         ^
/usr/local/cuda/include/sm_60_atomic_functions.h:291:44: note: in expansion of macro '__DEF_IF_HOST'
  291 | int atomicXor_block(int *address, int val) __DEF_IF_HOST
      |                                            ^~~~~~~~~~~~~
/usr/local/cuda/include/sm_60_atomic_functions.h: In function 'int atomicXor_system(int*, int)':
/usr/local/cuda/include/sm_60_atomic_functions.h:77:25: warning: no return statement in function returning non-void [-Wreturn-type]
   77 | #define __DEF_IF_HOST { }
      |                         ^
/usr/local/cuda/include/sm_60_atomic_functions.h:294:45: note: in expansion of macro '__DEF_IF_HOST'
  294 | int atomicXor_system(int *address, int val) __DEF_IF_HOST
      |                                             ^~~~~~~~~~~~~
/usr/local/cuda/include/sm_60_atomic_functions.h: In function 'long long int atomicXor_block(long long int*, long long int)':
/usr/local/cuda/include/sm_60_atomic_functions.h:77:25: warning: no return statement in function returning non-void [-Wreturn-type]
   77 | #define __DEF_IF_HOST { }
      |                         ^
/usr/local/cuda/include/sm_60_atomic_functions.h:297:62: note: in expansion of macro '__DEF_IF_HOST'
  297 | long long atomicXor_block(long long *address, long long val) __DEF_IF_HOST
      |                                                              ^~~~~~~~~~~~~
/usr/local/cuda/include/sm_60_atomic_functions.h: In function 'long long int atomicXor_system(long long int*, long long int)':
/usr/local/cuda/include/sm_60_atomic_functions.h:77:25: warning: no return statement in function returning non-void [-Wreturn-type]
   77 | #define __DEF_IF_HOST { }
      |                         ^
/usr/local/cuda/include/sm_60_atomic_functions.h:300:63: note: in expansion of macro '__DEF_IF_HOST'
  300 | long long atomicXor_system(long long *address, long long val) __DEF_IF_HOST
      |                                                               ^~~~~~~~~~~~~
/usr/local/cuda/include/sm_60_atomic_functions.h: In function 'unsigned int atomicXor_block(unsigned int*, unsigned int)':
/usr/local/cuda/include/sm_60_atomic_functions.h:77:25: warning: no return statement in function returning non-void [-Wreturn-type]
   77 | #define __DEF_IF_HOST { }
      |                         ^
/usr/local/cuda/include/sm_60_atomic_functions.h:303:71: note: in expansion of macro '__DEF_IF_HOST'
  303 | unsigned int atomicXor_block(unsigned int *address, unsigned int val) __DEF_IF_HOST
      |                                                                       ^~~~~~~~~~~~~
/usr/local/cuda/include/sm_60_atomic_functions.h: In function 'unsigned int atomicXor_system(unsigned int*, unsigned int)':
/usr/local/cuda/include/sm_60_atomic_functions.h:77:25: warning: no return statement in function returning non-void [-Wreturn-type]
   77 | #define __DEF_IF_HOST { }
      |                         ^
/usr/local/cuda/include/sm_60_atomic_functions.h:306:72: note: in expansion of macro '__DEF_IF_HOST'
  306 | unsigned int atomicXor_system(unsigned int *address, unsigned int val) __DEF_IF_HOST
      |                                                                        ^~~~~~~~~~~~~
/usr/local/cuda/include/sm_60_atomic_functions.h: In function 'long long unsigned int atomicXor_block(long long unsigned int*, long long unsigned int)':
/usr/local/cuda/include/sm_60_atomic_functions.h:77:25: warning: no return statement in function returning non-void [-Wreturn-type]
   77 | #define __DEF_IF_HOST { }
      |                         ^
/usr/local/cuda/include/sm_60_atomic_functions.h:309:89: note: in expansion of macro '__DEF_IF_HOST'
  309 | unsigned long long atomicXor_block(unsigned long long *address, unsigned long long val) __DEF_IF_HOST
      |                                                                                         ^~~~~~~~~~~~~
/usr/local/cuda/include/sm_60_atomic_functions.h: In function 'long long unsigned int atomicXor_system(long long unsigned int*, long long unsigned int)':
/usr/local/cuda/include/sm_60_atomic_functions.h:77:25: warning: no return statement in function returning non-void [-Wreturn-type]
   77 | #define __DEF_IF_HOST { }
      |                         ^
/usr/local/cuda/include/sm_60_atomic_functions.h:312:90: note: in expansion of macro '__DEF_IF_HOST'
  312 | unsigned long long atomicXor_system(unsigned long long *address, unsigned long long val) __DEF_IF_HOST
      |                                                                                          ^~~~~~~~~~~~~
In file included from /usr/local/cuda/include/crt/device_functions.h:3621,
                 from /home/GVirtuS/GVirtuS/plugins/cudart/backend/CudaRtHandler.h:71,
                 from /home/GVirtuS/GVirtuS/plugins/cudart/backend/CudaRtHandler_version.cpp:26:
/usr/local/cuda/include/sm_20_intrinsics.h: In function 'unsigned int ballot(bool)':
/usr/local/cuda/include/sm_20_intrinsics.h:75:25: warning: no return statement in function returning non-void [-Wreturn-type]
   75 | #define __DEF_IF_HOST { }
      |                         ^
/usr/local/cuda/include/sm_20_intrinsics.h:1522:110: note: in expansion of macro '__DEF_IF_HOST'
 1522 | __SM_20_INTRINSICS_DECL__ __DEPRECATED__(__WSB_DEPRECATION_MESSAGE(__ballot)) unsigned int ballot(bool pred) __DEF_IF_HOST
      |                                                                                                              ^~~~~~~~~~~~~
/usr/local/cuda/include/sm_20_intrinsics.h: In function 'int syncthreads_count(bool)':
/usr/local/cuda/include/sm_20_intrinsics.h:75:25: warning: no return statement in function returning non-void [-Wreturn-type]
   75 | #define __DEF_IF_HOST { }
      |                         ^
/usr/local/cuda/include/sm_20_intrinsics.h:1524:60: note: in expansion of macro '__DEF_IF_HOST'
 1524 | __SM_20_INTRINSICS_DECL__ int syncthreads_count(bool pred) __DEF_IF_HOST
      |                                                            ^~~~~~~~~~~~~
/usr/local/cuda/include/sm_20_intrinsics.h: In function 'bool syncthreads_and(bool)':
/usr/local/cuda/include/sm_20_intrinsics.h:75:25: warning: no return statement in function returning non-void [-Wreturn-type]
   75 | #define __DEF_IF_HOST { }
      |                         ^
/usr/local/cuda/include/sm_20_intrinsics.h:1526:59: note: in expansion of macro '__DEF_IF_HOST'
 1526 | __SM_20_INTRINSICS_DECL__ bool syncthreads_and(bool pred) __DEF_IF_HOST
      |                                                           ^~~~~~~~~~~~~
/usr/local/cuda/include/sm_20_intrinsics.h: In function 'bool syncthreads_or(bool)':
/usr/local/cuda/include/sm_20_intrinsics.h:75:25: warning: no return statement in function returning non-void [-Wreturn-type]
   75 | #define __DEF_IF_HOST { }
      |                         ^
/usr/local/cuda/include/sm_20_intrinsics.h:1528:58: note: in expansion of macro '__DEF_IF_HOST'
 1528 | __SM_20_INTRINSICS_DECL__ bool syncthreads_or(bool pred) __DEF_IF_HOST
      |                                                          ^~~~~~~~~~~~~
/usr/local/cuda/include/sm_20_intrinsics.h: In function 'unsigned int __isGlobal(const void*)':
/usr/local/cuda/include/sm_20_intrinsics.h:75:25: warning: no return statement in function returning non-void [-Wreturn-type]
   75 | #define __DEF_IF_HOST { }
      |                         ^
/usr/local/cuda/include/sm_20_intrinsics.h:1533:68: note: in expansion of macro '__DEF_IF_HOST'
 1533 | __SM_20_INTRINSICS_DECL__ unsigned int __isGlobal(const void *ptr) __DEF_IF_HOST
      |                                                                    ^~~~~~~~~~~~~
/usr/local/cuda/include/sm_20_intrinsics.h: In function 'unsigned int __isShared(const void*)':
/usr/local/cuda/include/sm_20_intrinsics.h:75:25: warning: no return statement in function returning non-void [-Wreturn-type]
   75 | #define __DEF_IF_HOST { }
      |                         ^
/usr/local/cuda/include/sm_20_intrinsics.h:1534:68: note: in expansion of macro '__DEF_IF_HOST'
 1534 | __SM_20_INTRINSICS_DECL__ unsigned int __isShared(const void *ptr) __DEF_IF_HOST
      |                                                                    ^~~~~~~~~~~~~
/usr/local/cuda/include/sm_20_intrinsics.h: In function 'unsigned int __isConstant(const void*)':
/usr/local/cuda/include/sm_20_intrinsics.h:75:25: warning: no return statement in function returning non-void [-Wreturn-type]
   75 | #define __DEF_IF_HOST { }
      |                         ^
/usr/local/cuda/include/sm_20_intrinsics.h:1535:70: note: in expansion of macro '__DEF_IF_HOST'
 1535 | __SM_20_INTRINSICS_DECL__ unsigned int __isConstant(const void *ptr) __DEF_IF_HOST
      |                                                                      ^~~~~~~~~~~~~
/usr/local/cuda/include/sm_20_intrinsics.h: In function 'unsigned int __isLocal(const void*)':
/usr/local/cuda/include/sm_20_intrinsics.h:75:25: warning: no return statement in function returning non-void [-Wreturn-type]
   75 | #define __DEF_IF_HOST { }
      |                         ^
/usr/local/cuda/include/sm_20_intrinsics.h:1536:67: note: in expansion of macro '__DEF_IF_HOST'
 1536 | __SM_20_INTRINSICS_DECL__ unsigned int __isLocal(const void *ptr) __DEF_IF_HOST
      |                                                                   ^~~~~~~~~~~~~
/usr/local/cuda/include/sm_20_intrinsics.h: In function 'unsigned int __isGridConstant(const void*)':
/usr/local/cuda/include/sm_20_intrinsics.h:75:25: warning: no return statement in function returning non-void [-Wreturn-type]
   75 | #define __DEF_IF_HOST { }
      |                         ^
/usr/local/cuda/include/sm_20_intrinsics.h:1538:74: note: in expansion of macro '__DEF_IF_HOST'
 1538 | __SM_20_INTRINSICS_DECL__ unsigned int __isGridConstant(const void *ptr) __DEF_IF_HOST
      |                                                                          ^~~~~~~~~~~~~
/usr/local/cuda/include/sm_20_intrinsics.h: In function 'size_t __cvta_generic_to_global(const void*)':
/usr/local/cuda/include/sm_20_intrinsics.h:75:25: warning: no return statement in function returning non-void [-Wreturn-type]
   75 | #define __DEF_IF_HOST { }
      |                         ^
/usr/local/cuda/include/sm_20_intrinsics.h:1540:76: note: in expansion of macro '__DEF_IF_HOST'
 1540 | __SM_20_INTRINSICS_DECL__ size_t __cvta_generic_to_global(const void *ptr) __DEF_IF_HOST
      |                                                                            ^~~~~~~~~~~~~
/usr/local/cuda/include/sm_20_intrinsics.h: In function 'size_t __cvta_generic_to_shared(const void*)':
/usr/local/cuda/include/sm_20_intrinsics.h:75:25: warning: no return statement in function returning non-void [-Wreturn-type]
   75 | #define __DEF_IF_HOST { }
      |                         ^
/usr/local/cuda/include/sm_20_intrinsics.h:1541:76: note: in expansion of macro '__DEF_IF_HOST'
 1541 | __SM_20_INTRINSICS_DECL__ size_t __cvta_generic_to_shared(const void *ptr) __DEF_IF_HOST
      |                                                                            ^~~~~~~~~~~~~
/usr/local/cuda/include/sm_20_intrinsics.h: In function 'size_t __cvta_generic_to_constant(const void*)':
/usr/local/cuda/include/sm_20_intrinsics.h:75:25: warning: no return statement in function returning non-void [-Wreturn-type]
   75 | #define __DEF_IF_HOST { }
      |                         ^
/usr/local/cuda/include/sm_20_intrinsics.h:1542:78: note: in expansion of macro '__DEF_IF_HOST'
 1542 | __SM_20_INTRINSICS_DECL__ size_t __cvta_generic_to_constant(const void *ptr) __DEF_IF_HOST
      |                                                                              ^~~~~~~~~~~~~
/usr/local/cuda/include/sm_20_intrinsics.h: In function 'size_t __cvta_generic_to_local(const void*)':
/usr/local/cuda/include/sm_20_intrinsics.h:75:25: warning: no return statement in function returning non-void [-Wreturn-type]
   75 | #define __DEF_IF_HOST { }
      |                         ^
/usr/local/cuda/include/sm_20_intrinsics.h:1543:75: note: in expansion of macro '__DEF_IF_HOST'
 1543 | __SM_20_INTRINSICS_DECL__ size_t __cvta_generic_to_local(const void *ptr) __DEF_IF_HOST
      |                                                                           ^~~~~~~~~~~~~
/usr/local/cuda/include/sm_20_intrinsics.h: In function 'size_t __cvta_generic_to_grid_constant(const void*)':
/usr/local/cuda/include/sm_20_intrinsics.h:75:25: warning: no return statement in function returning non-void [-Wreturn-type]
   75 | #define __DEF_IF_HOST { }
      |                         ^
/usr/local/cuda/include/sm_20_intrinsics.h:1545:83: note: in expansion of macro '__DEF_IF_HOST'
 1545 | __SM_20_INTRINSICS_DECL__ size_t __cvta_generic_to_grid_constant(const void *ptr) __DEF_IF_HOST
      |                                                                                   ^~~~~~~~~~~~~
/usr/local/cuda/include/sm_20_intrinsics.h: In function 'void* __cvta_global_to_generic(size_t)':
/usr/local/cuda/include/sm_20_intrinsics.h:75:25: warning: no return statement in function returning non-void [-Wreturn-type]
   75 | #define __DEF_IF_HOST { }
      |                         ^
/usr/local/cuda/include/sm_20_intrinsics.h:1548:75: note: in expansion of macro '__DEF_IF_HOST'
 1548 | __SM_20_INTRINSICS_DECL__ void * __cvta_global_to_generic(size_t rawbits) __DEF_IF_HOST
      |                                                                           ^~~~~~~~~~~~~
/usr/local/cuda/include/sm_20_intrinsics.h: In function 'void* __cvta_shared_to_generic(size_t)':
/usr/local/cuda/include/sm_20_intrinsics.h:75:25: warning: no return statement in function returning non-void [-Wreturn-type]
   75 | #define __DEF_IF_HOST { }
      |                         ^
/usr/local/cuda/include/sm_20_intrinsics.h:1549:75: note: in expansion of macro '__DEF_IF_HOST'
 1549 | __SM_20_INTRINSICS_DECL__ void * __cvta_shared_to_generic(size_t rawbits) __DEF_IF_HOST
      |                                                                           ^~~~~~~~~~~~~
/usr/local/cuda/include/sm_20_intrinsics.h: In function 'void* __cvta_constant_to_generic(size_t)':
/usr/local/cuda/include/sm_20_intrinsics.h:75:25: warning: no return statement in function returning non-void [-Wreturn-type]
   75 | #define __DEF_IF_HOST { }
      |                         ^
/usr/local/cuda/include/sm_20_intrinsics.h:1550:77: note: in expansion of macro '__DEF_IF_HOST'
 1550 | __SM_20_INTRINSICS_DECL__ void * __cvta_constant_to_generic(size_t rawbits) __DEF_IF_HOST
      |                                                                             ^~~~~~~~~~~~~
/usr/local/cuda/include/sm_20_intrinsics.h: In function 'void* __cvta_local_to_generic(size_t)':
/usr/local/cuda/include/sm_20_intrinsics.h:75:25: warning: no return statement in function returning non-void [-Wreturn-type]
   75 | #define __DEF_IF_HOST { }
      |                         ^
/usr/local/cuda/include/sm_20_intrinsics.h:1551:74: note: in expansion of macro '__DEF_IF_HOST'
 1551 | __SM_20_INTRINSICS_DECL__ void * __cvta_local_to_generic(size_t rawbits) __DEF_IF_HOST
      |                                                                          ^~~~~~~~~~~~~
/usr/local/cuda/include/sm_20_intrinsics.h: In function 'void* __cvta_grid_constant_to_generic(size_t)':
/usr/local/cuda/include/sm_20_intrinsics.h:75:25: warning: no return statement in function returning non-void [-Wreturn-type]
   75 | #define __DEF_IF_HOST { }
      |                         ^
/usr/local/cuda/include/sm_20_intrinsics.h:1553:82: note: in expansion of macro '__DEF_IF_HOST'
 1553 | __SM_20_INTRINSICS_DECL__ void * __cvta_grid_constant_to_generic(size_t rawbits) __DEF_IF_HOST
      |                                                                                  ^~~~~~~~~~~~~
In file included from /usr/local/cuda/include/crt/device_functions.h:3622,
                 from /home/GVirtuS/GVirtuS/plugins/cudart/backend/CudaRtHandler.h:71,
                 from /home/GVirtuS/GVirtuS/plugins/cudart/backend/CudaRtHandler_version.cpp:26:
/usr/local/cuda/include/sm_30_intrinsics.h: In function 'unsigned int __fns(unsigned int, unsigned int, int)':
/usr/local/cuda/include/sm_30_intrinsics.h:76:25: warning: no return statement in function returning non-void [-Wreturn-type]
   76 | #define __DEF_IF_HOST { }
      |                         ^
/usr/local/cuda/include/sm_30_intrinsics.h:123:85: note: in expansion of macro '__DEF_IF_HOST'
  123 | __SM_30_INTRINSICS_DECL__ unsigned  __fns(unsigned mask, unsigned base, int offset) __DEF_IF_HOST
      |                                                                                     ^~~~~~~~~~~~~
/usr/local/cuda/include/sm_30_intrinsics.h: In function 'int __all_sync(unsigned int, int)':
/usr/local/cuda/include/sm_30_intrinsics.h:76:25: warning: no return statement in function returning non-void [-Wreturn-type]
   76 | #define __DEF_IF_HOST { }
      |                         ^
/usr/local/cuda/include/sm_30_intrinsics.h:127:67: note: in expansion of macro '__DEF_IF_HOST'
  127 | __SM_30_INTRINSICS_DECL__ int __all_sync(unsigned mask, int pred) __DEF_IF_HOST
      |                                                                   ^~~~~~~~~~~~~
/usr/local/cuda/include/sm_30_intrinsics.h: In function 'int __any_sync(unsigned int, int)':
/usr/local/cuda/include/sm_30_intrinsics.h:76:25: warning: no return statement in function returning non-void [-Wreturn-type]
   76 | #define __DEF_IF_HOST { }
      |                         ^
/usr/local/cuda/include/sm_30_intrinsics.h:128:67: note: in expansion of macro '__DEF_IF_HOST'
  128 | __SM_30_INTRINSICS_DECL__ int __any_sync(unsigned mask, int pred) __DEF_IF_HOST
      |                                                                   ^~~~~~~~~~~~~
/usr/local/cuda/include/sm_30_intrinsics.h: In function 'int __uni_sync(unsigned int, int)':
/usr/local/cuda/include/sm_30_intrinsics.h:76:25: warning: no return statement in function returning non-void [-Wreturn-type]
   76 | #define __DEF_IF_HOST { }
      |                         ^
/usr/local/cuda/include/sm_30_intrinsics.h:129:67: note: in expansion of macro '__DEF_IF_HOST'
  129 | __SM_30_INTRINSICS_DECL__ int __uni_sync(unsigned mask, int pred) __DEF_IF_HOST
      |                                                                   ^~~~~~~~~~~~~
/usr/local/cuda/include/sm_30_intrinsics.h: In function 'unsigned int __ballot_sync(unsigned int, int)':
/usr/local/cuda/include/sm_30_intrinsics.h:76:25: warning: no return statement in function returning non-void [-Wreturn-type]
   76 | #define __DEF_IF_HOST { }
      |                         ^
/usr/local/cuda/include/sm_30_intrinsics.h:130:75: note: in expansion of macro '__DEF_IF_HOST'
  130 | __SM_30_INTRINSICS_DECL__ unsigned __ballot_sync(unsigned mask, int pred) __DEF_IF_HOST
      |                                                                           ^~~~~~~~~~~~~
/usr/local/cuda/include/sm_30_intrinsics.h: In function 'unsigned int __activemask()':
/usr/local/cuda/include/sm_30_intrinsics.h:76:25: warning: no return statement in function returning non-void [-Wreturn-type]
   76 | #define __DEF_IF_HOST { }
      |                         ^
/usr/local/cuda/include/sm_30_intrinsics.h:131:51: note: in expansion of macro '__DEF_IF_HOST'
  131 | __SM_30_INTRINSICS_DECL__ unsigned __activemask() __DEF_IF_HOST
      |                                                   ^~~~~~~~~~~~~
/usr/local/cuda/include/sm_30_intrinsics.h: In function 'int __shfl(int, int, int)':
/usr/local/cuda/include/sm_30_intrinsics.h:76:25: warning: no return statement in function returning non-void [-Wreturn-type]
   76 | #define __DEF_IF_HOST { }
      |                         ^
/usr/local/cuda/include/sm_30_intrinsics.h:140:130: note: in expansion of macro '__DEF_IF_HOST'
  140 | __SM_30_INTRINSICS_DECL__ __DEPRECATED__(__WSB_DEPRECATION_MESSAGE(__shfl)) int __shfl(int var, int srcLane, int width=warpSize) __DEF_IF_HOST
      |                                                                                                                                  ^~~~~~~~~~~~~
/usr/local/cuda/include/sm_30_intrinsics.h: In function 'unsigned int __shfl(unsigned int, int, int)':
/usr/local/cuda/include/sm_30_intrinsics.h:76:25: warning: no return statement in function returning non-void [-Wreturn-type]
   76 | #define __DEF_IF_HOST { }
      |                         ^
/usr/local/cuda/include/sm_30_intrinsics.h:141:148: note: in expansion of macro '__DEF_IF_HOST'
  141 | __SM_30_INTRINSICS_DECL__ __DEPRECATED__(__WSB_DEPRECATION_MESSAGE(__shfl)) unsigned int __shfl(unsigned int var, int srcLane, int width=warpSize) __DEF_IF_HOST
      |                                                                                                                                                    ^~~~~~~~~~~~~
/usr/local/cuda/include/sm_30_intrinsics.h: In function 'int __shfl_up(int, unsigned int, int)':
/usr/local/cuda/include/sm_30_intrinsics.h:76:25: warning: no return statement in function returning non-void [-Wreturn-type]
   76 | #define __DEF_IF_HOST { }
      |                         ^
/usr/local/cuda/include/sm_30_intrinsics.h:142:143: note: in expansion of macro '__DEF_IF_HOST'
  142 | __SM_30_INTRINSICS_DECL__ __DEPRECATED__(__WSB_DEPRECATION_MESSAGE(__shfl_up)) int __shfl_up(int var, unsigned int delta, int width=warpSize) __DEF_IF_HOST
      |                                                                                                                                               ^~~~~~~~~~~~~
/usr/local/cuda/include/sm_30_intrinsics.h: In function 'unsigned int __shfl_up(unsigned int, unsigned int, int)':
/usr/local/cuda/include/sm_30_intrinsics.h:76:25: warning: no return statement in function returning non-void [-Wreturn-type]
   76 | #define __DEF_IF_HOST { }
      |                         ^
/usr/local/cuda/include/sm_30_intrinsics.h:143:161: note: in expansion of macro '__DEF_IF_HOST'
  143 | __SM_30_INTRINSICS_DECL__ __DEPRECATED__(__WSB_DEPRECATION_MESSAGE(__shfl_up)) unsigned int __shfl_up(unsigned int var, unsigned int delta, int width=warpSize) __DEF_IF_HOST
      |                                                                                                                                                                 ^~~~~~~~~~~~~
/usr/local/cuda/include/sm_30_intrinsics.h: In function 'int __shfl_down(int, unsigned int, int)':
/usr/local/cuda/include/sm_30_intrinsics.h:76:25: warning: no return statement in function returning non-void [-Wreturn-type]
   76 | #define __DEF_IF_HOST { }
      |                         ^
/usr/local/cuda/include/sm_30_intrinsics.h:144:147: note: in expansion of macro '__DEF_IF_HOST'
  144 | __SM_30_INTRINSICS_DECL__ __DEPRECATED__(__WSB_DEPRECATION_MESSAGE(__shfl_down)) int __shfl_down(int var, unsigned int delta, int width=warpSize) __DEF_IF_HOST
      |                                                                                                                                                   ^~~~~~~~~~~~~
/usr/local/cuda/include/sm_30_intrinsics.h: In function 'unsigned int __shfl_down(unsigned int, unsigned int, int)':
/usr/local/cuda/include/sm_30_intrinsics.h:76:25: warning: no return statement in function returning non-void [-Wreturn-type]
   76 | #define __DEF_IF_HOST { }
      |                         ^
/usr/local/cuda/include/sm_30_intrinsics.h:145:165: note: in expansion of macro '__DEF_IF_HOST'
  145 | __SM_30_INTRINSICS_DECL__ __DEPRECATED__(__WSB_DEPRECATION_MESSAGE(__shfl_down)) unsigned int __shfl_down(unsigned int var, unsigned int delta, int width=warpSize) __DEF_IF_HOST
      |                                                                                                                                                                     ^~~~~~~~~~~~~
/usr/local/cuda/include/sm_30_intrinsics.h: In function 'int __shfl_xor(int, int, int)':
/usr/local/cuda/include/sm_30_intrinsics.h:76:25: warning: no return statement in function returning non-void [-Wreturn-type]
   76 | #define __DEF_IF_HOST { }
      |                         ^
/usr/local/cuda/include/sm_30_intrinsics.h:146:139: note: in expansion of macro '__DEF_IF_HOST'
  146 | __SM_30_INTRINSICS_DECL__ __DEPRECATED__(__WSB_DEPRECATION_MESSAGE(__shfl_xor)) int __shfl_xor(int var, int laneMask, int width=warpSize) __DEF_IF_HOST
      |                                                                                                                                           ^~~~~~~~~~~~~
/usr/local/cuda/include/sm_30_intrinsics.h: In function 'unsigned int __shfl_xor(unsigned int, int, int)':
/usr/local/cuda/include/sm_30_intrinsics.h:76:25: warning: no return statement in function returning non-void [-Wreturn-type]
   76 | #define __DEF_IF_HOST { }
      |                         ^
/usr/local/cuda/include/sm_30_intrinsics.h:147:157: note: in expansion of macro '__DEF_IF_HOST'
  147 | __SM_30_INTRINSICS_DECL__ __DEPRECATED__(__WSB_DEPRECATION_MESSAGE(__shfl_xor)) unsigned int __shfl_xor(unsigned int var, int laneMask, int width=warpSize) __DEF_IF_HOST
      |                                                                                                                                                             ^~~~~~~~~~~~~
/usr/local/cuda/include/sm_30_intrinsics.h: In function 'float __shfl(float, int, int)':
/usr/local/cuda/include/sm_30_intrinsics.h:76:25: warning: no return statement in function returning non-void [-Wreturn-type]
   76 | #define __DEF_IF_HOST { }
      |                         ^
/usr/local/cuda/include/sm_30_intrinsics.h:148:134: note: in expansion of macro '__DEF_IF_HOST'
  148 | __SM_30_INTRINSICS_DECL__ __DEPRECATED__(__WSB_DEPRECATION_MESSAGE(__shfl)) float __shfl(float var, int srcLane, int width=warpSize) __DEF_IF_HOST
      |                                                                                                                                      ^~~~~~~~~~~~~
/usr/local/cuda/include/sm_30_intrinsics.h: In function 'float __shfl_up(float, unsigned int, int)':
/usr/local/cuda/include/sm_30_intrinsics.h:76:25: warning: no return statement in function returning non-void [-Wreturn-type]
   76 | #define __DEF_IF_HOST { }
      |                         ^
/usr/local/cuda/include/sm_30_intrinsics.h:149:147: note: in expansion of macro '__DEF_IF_HOST'
  149 | __SM_30_INTRINSICS_DECL__ __DEPRECATED__(__WSB_DEPRECATION_MESSAGE(__shfl_up)) float __shfl_up(float var, unsigned int delta, int width=warpSize) __DEF_IF_HOST
      |                                                                                                                                                   ^~~~~~~~~~~~~
/usr/local/cuda/include/sm_30_intrinsics.h: In function 'float __shfl_down(float, unsigned int, int)':
/usr/local/cuda/include/sm_30_intrinsics.h:76:25: warning: no return statement in function returning non-void [-Wreturn-type]
   76 | #define __DEF_IF_HOST { }
      |                         ^
/usr/local/cuda/include/sm_30_intrinsics.h:150:151: note: in expansion of macro '__DEF_IF_HOST'
  150 | __SM_30_INTRINSICS_DECL__ __DEPRECATED__(__WSB_DEPRECATION_MESSAGE(__shfl_down)) float __shfl_down(float var, unsigned int delta, int width=warpSize) __DEF_IF_HOST
      |                                                                                                                                                       ^~~~~~~~~~~~~
/usr/local/cuda/include/sm_30_intrinsics.h: In function 'float __shfl_xor(float, int, int)':
/usr/local/cuda/include/sm_30_intrinsics.h:76:25: warning: no return statement in function returning non-void [-Wreturn-type]
   76 | #define __DEF_IF_HOST { }
      |                         ^
/usr/local/cuda/include/sm_30_intrinsics.h:151:143: note: in expansion of macro '__DEF_IF_HOST'
  151 | __SM_30_INTRINSICS_DECL__ __DEPRECATED__(__WSB_DEPRECATION_MESSAGE(__shfl_xor)) float __shfl_xor(float var, int laneMask, int width=warpSize) __DEF_IF_HOST
      |                                                                                                                                               ^~~~~~~~~~~~~
/usr/local/cuda/include/sm_30_intrinsics.h: In function 'int __shfl_sync(unsigned int, int, int, int)':
/usr/local/cuda/include/sm_30_intrinsics.h:76:25: warning: no return statement in function returning non-void [-Wreturn-type]
   76 | #define __DEF_IF_HOST { }
      |                         ^
/usr/local/cuda/include/sm_30_intrinsics.h:154:100: note: in expansion of macro '__DEF_IF_HOST'
  154 | __SM_30_INTRINSICS_DECL__ int __shfl_sync(unsigned mask, int var, int srcLane, int width=warpSize) __DEF_IF_HOST
      |                                                                                                    ^~~~~~~~~~~~~
/usr/local/cuda/include/sm_30_intrinsics.h: In function 'unsigned int __shfl_sync(unsigned int, unsigned int, int, int)':
/usr/local/cuda/include/sm_30_intrinsics.h:76:25: warning: no return statement in function returning non-void [-Wreturn-type]
   76 | #define __DEF_IF_HOST { }
      |                         ^
/usr/local/cuda/include/sm_30_intrinsics.h:155:118: note: in expansion of macro '__DEF_IF_HOST'
  155 | __SM_30_INTRINSICS_DECL__ unsigned int __shfl_sync(unsigned mask, unsigned int var, int srcLane, int width=warpSize) __DEF_IF_HOST
      |                                                                                                                      ^~~~~~~~~~~~~
/usr/local/cuda/include/sm_30_intrinsics.h: In function 'int __shfl_up_sync(unsigned int, int, unsigned int, int)':
/usr/local/cuda/include/sm_30_intrinsics.h:76:25: warning: no return statement in function returning non-void [-Wreturn-type]
   76 | #define __DEF_IF_HOST { }
      |                         ^
/usr/local/cuda/include/sm_30_intrinsics.h:156:110: note: in expansion of macro '__DEF_IF_HOST'
  156 | __SM_30_INTRINSICS_DECL__ int __shfl_up_sync(unsigned mask, int var, unsigned int delta, int width=warpSize) __DEF_IF_HOST
      |                                                                                                              ^~~~~~~~~~~~~
/usr/local/cuda/include/sm_30_intrinsics.h: In function 'unsigned int __shfl_up_sync(unsigned int, unsigned int, unsigned int, int)':
/usr/local/cuda/include/sm_30_intrinsics.h:76:25: warning: no return statement in function returning non-void [-Wreturn-type]
   76 | #define __DEF_IF_HOST { }
      |                         ^
/usr/local/cuda/include/sm_30_intrinsics.h:157:128: note: in expansion of macro '__DEF_IF_HOST'
  157 | __SM_30_INTRINSICS_DECL__ unsigned int __shfl_up_sync(unsigned mask, unsigned int var, unsigned int delta, int width=warpSize) __DEF_IF_HOST
      |                                                                                                                                ^~~~~~~~~~~~~
/usr/local/cuda/include/sm_30_intrinsics.h: In function 'int __shfl_down_sync(unsigned int, int, unsigned int, int)':
/usr/local/cuda/include/sm_30_intrinsics.h:76:25: warning: no return statement in function returning non-void [-Wreturn-type]
   76 | #define __DEF_IF_HOST { }
      |                         ^
/usr/local/cuda/include/sm_30_intrinsics.h:158:112: note: in expansion of macro '__DEF_IF_HOST'
  158 | __SM_30_INTRINSICS_DECL__ int __shfl_down_sync(unsigned mask, int var, unsigned int delta, int width=warpSize) __DEF_IF_HOST
      |                                                                                                                ^~~~~~~~~~~~~
/usr/local/cuda/include/sm_30_intrinsics.h: In function 'unsigned int __shfl_down_sync(unsigned int, unsigned int, unsigned int, int)':
/usr/local/cuda/include/sm_30_intrinsics.h:76:25: warning: no return statement in function returning non-void [-Wreturn-type]
   76 | #define __DEF_IF_HOST { }
      |                         ^
/usr/local/cuda/include/sm_30_intrinsics.h:159:130: note: in expansion of macro '__DEF_IF_HOST'
  159 | __SM_30_INTRINSICS_DECL__ unsigned int __shfl_down_sync(unsigned mask, unsigned int var, unsigned int delta, int width=warpSize) __DEF_IF_HOST
      |                                                                                                                                  ^~~~~~~~~~~~~
/usr/local/cuda/include/sm_30_intrinsics.h: In function 'int __shfl_xor_sync(unsigned int, int, int, int)':
/usr/local/cuda/include/sm_30_intrinsics.h:76:25: warning: no return statement in function returning non-void [-Wreturn-type]
   76 | #define __DEF_IF_HOST { }
      |                         ^
/usr/local/cuda/include/sm_30_intrinsics.h:160:105: note: in expansion of macro '__DEF_IF_HOST'
  160 | __SM_30_INTRINSICS_DECL__ int __shfl_xor_sync(unsigned mask, int var, int laneMask, int width=warpSize) __DEF_IF_HOST
      |                                                                                                         ^~~~~~~~~~~~~
/usr/local/cuda/include/sm_30_intrinsics.h: In function 'unsigned int __shfl_xor_sync(unsigned int, unsigned int, int, int)':
/usr/local/cuda/include/sm_30_intrinsics.h:76:25: warning: no return statement in function returning non-void [-Wreturn-type]
   76 | #define __DEF_IF_HOST { }
      |                         ^
/usr/local/cuda/include/sm_30_intrinsics.h:161:123: note: in expansion of macro '__DEF_IF_HOST'
  161 | __SM_30_INTRINSICS_DECL__ unsigned int __shfl_xor_sync(unsigned mask, unsigned int var, int laneMask, int width=warpSize) __DEF_IF_HOST
      |                                                                                                                           ^~~~~~~~~~~~~
/usr/local/cuda/include/sm_30_intrinsics.h: In function 'float __shfl_sync(unsigned int, float, int, int)':
/usr/local/cuda/include/sm_30_intrinsics.h:76:25: warning: no return statement in function returning non-void [-Wreturn-type]
   76 | #define __DEF_IF_HOST { }
      |                         ^
/usr/local/cuda/include/sm_30_intrinsics.h:162:104: note: in expansion of macro '__DEF_IF_HOST'
  162 | __SM_30_INTRINSICS_DECL__ float __shfl_sync(unsigned mask, float var, int srcLane, int width=warpSize) __DEF_IF_HOST
      |                                                                                                        ^~~~~~~~~~~~~
/usr/local/cuda/include/sm_30_intrinsics.h: In function 'float __shfl_up_sync(unsigned int, float, unsigned int, int)':
/usr/local/cuda/include/sm_30_intrinsics.h:76:25: warning: no return statement in function returning non-void [-Wreturn-type]
   76 | #define __DEF_IF_HOST { }
      |                         ^
/usr/local/cuda/include/sm_30_intrinsics.h:163:114: note: in expansion of macro '__DEF_IF_HOST'
  163 | __SM_30_INTRINSICS_DECL__ float __shfl_up_sync(unsigned mask, float var, unsigned int delta, int width=warpSize) __DEF_IF_HOST
      |                                                                                                                  ^~~~~~~~~~~~~
/usr/local/cuda/include/sm_30_intrinsics.h: In function 'float __shfl_down_sync(unsigned int, float, unsigned int, int)':
/usr/local/cuda/include/sm_30_intrinsics.h:76:25: warning: no return statement in function returning non-void [-Wreturn-type]
   76 | #define __DEF_IF_HOST { }
      |                         ^
/usr/local/cuda/include/sm_30_intrinsics.h:164:116: note: in expansion of macro '__DEF_IF_HOST'
  164 | __SM_30_INTRINSICS_DECL__ float __shfl_down_sync(unsigned mask, float var, unsigned int delta, int width=warpSize) __DEF_IF_HOST
      |                                                                                                                    ^~~~~~~~~~~~~
/usr/local/cuda/include/sm_30_intrinsics.h: In function 'float __shfl_xor_sync(unsigned int, float, int, int)':
/usr/local/cuda/include/sm_30_intrinsics.h:76:25: warning: no return statement in function returning non-void [-Wreturn-type]
   76 | #define __DEF_IF_HOST { }
      |                         ^
/usr/local/cuda/include/sm_30_intrinsics.h:165:109: note: in expansion of macro '__DEF_IF_HOST'
  165 | __SM_30_INTRINSICS_DECL__ float __shfl_xor_sync(unsigned mask, float var, int laneMask, int width=warpSize) __DEF_IF_HOST
      |                                                                                                             ^~~~~~~~~~~~~
/usr/local/cuda/include/sm_30_intrinsics.h: In function 'long long unsigned int __shfl(long long unsigned int, int, int)':
/usr/local/cuda/include/sm_30_intrinsics.h:76:25: warning: no return statement in function returning non-void [-Wreturn-type]
   76 | #define __DEF_IF_HOST { }
      |                         ^
/usr/local/cuda/include/sm_30_intrinsics.h:169:160: note: in expansion of macro '__DEF_IF_HOST'
  169 | __SM_30_INTRINSICS_DECL__ __DEPRECATED__(__WSB_DEPRECATION_MESSAGE(__shfl)) unsigned long long __shfl(unsigned long long var, int srcLane, int width=warpSize) __DEF_IF_HOST
      |                                                                                                                                                                ^~~~~~~~~~~~~
/usr/local/cuda/include/sm_30_intrinsics.h: In function 'long long int __shfl(long long int, int, int)':
/usr/local/cuda/include/sm_30_intrinsics.h:76:25: warning: no return statement in function returning non-void [-Wreturn-type]
   76 | #define __DEF_IF_HOST { }
      |                         ^
/usr/local/cuda/include/sm_30_intrinsics.h:170:142: note: in expansion of macro '__DEF_IF_HOST'
  170 | __SM_30_INTRINSICS_DECL__ __DEPRECATED__(__WSB_DEPRECATION_MESSAGE(__shfl)) long long __shfl(long long var, int srcLane, int width=warpSize) __DEF_IF_HOST
      |                                                                                                                                              ^~~~~~~~~~~~~
/usr/local/cuda/include/sm_30_intrinsics.h: In function 'long long int __shfl_up(long long int, unsigned int, int)':
/usr/local/cuda/include/sm_30_intrinsics.h:76:25: warning: no return statement in function returning non-void [-Wreturn-type]
   76 | #define __DEF_IF_HOST { }
      |                         ^
/usr/local/cuda/include/sm_30_intrinsics.h:171:155: note: in expansion of macro '__DEF_IF_HOST'
  171 | __SM_30_INTRINSICS_DECL__ __DEPRECATED__(__WSB_DEPRECATION_MESSAGE(__shfl_up)) long long __shfl_up(long long var, unsigned int delta, int width=warpSize) __DEF_IF_HOST
      |                                                                                                                                                           ^~~~~~~~~~~~~
/usr/local/cuda/include/sm_30_intrinsics.h: In function 'long long unsigned int __shfl_up(long long unsigned int, unsigned int, int)':
/usr/local/cuda/include/sm_30_intrinsics.h:76:25: warning: no return statement in function returning non-void [-Wreturn-type]
   76 | #define __DEF_IF_HOST { }
      |                         ^
/usr/local/cuda/include/sm_30_intrinsics.h:172:173: note: in expansion of macro '__DEF_IF_HOST'
  172 | __SM_30_INTRINSICS_DECL__ __DEPRECATED__(__WSB_DEPRECATION_MESSAGE(__shfl_up)) unsigned long long __shfl_up(unsigned long long var, unsigned int delta, int width=warpSize) __DEF_IF_HOST
      |                                                                                                                                                                             ^~~~~~~~~~~~~
/usr/local/cuda/include/sm_30_intrinsics.h: In function 'long long int __shfl_down(long long int, unsigned int, int)':
/usr/local/cuda/include/sm_30_intrinsics.h:76:25: warning: no return statement in function returning non-void [-Wreturn-type]
   76 | #define __DEF_IF_HOST { }
      |                         ^
/usr/local/cuda/include/sm_30_intrinsics.h:173:159: note: in expansion of macro '__DEF_IF_HOST'
  173 | __SM_30_INTRINSICS_DECL__ __DEPRECATED__(__WSB_DEPRECATION_MESSAGE(__shfl_down)) long long __shfl_down(long long var, unsigned int delta, int width=warpSize) __DEF_IF_HOST
      |                                                                                                                                                               ^~~~~~~~~~~~~
/usr/local/cuda/include/sm_30_intrinsics.h: In function 'long long unsigned int __shfl_down(long long unsigned int, unsigned int, int)':
/usr/local/cuda/include/sm_30_intrinsics.h:76:25: warning: no return statement in function returning non-void [-Wreturn-type]
   76 | #define __DEF_IF_HOST { }
      |                         ^
/usr/local/cuda/include/sm_30_intrinsics.h:174:177: note: in expansion of macro '__DEF_IF_HOST'
  174 | __SM_30_INTRINSICS_DECL__ __DEPRECATED__(__WSB_DEPRECATION_MESSAGE(__shfl_down)) unsigned long long __shfl_down(unsigned long long var, unsigned int delta, int width=warpSize) __DEF_IF_HOST
      |                                                                                                                                                                                 ^~~~~~~~~~~~~
/usr/local/cuda/include/sm_30_intrinsics.h: In function 'long long int __shfl_xor(long long int, int, int)':
/usr/local/cuda/include/sm_30_intrinsics.h:76:25: warning: no return statement in function returning non-void [-Wreturn-type]
   76 | #define __DEF_IF_HOST { }
      |                         ^
/usr/local/cuda/include/sm_30_intrinsics.h:175:151: note: in expansion of macro '__DEF_IF_HOST'
  175 | __SM_30_INTRINSICS_DECL__ __DEPRECATED__(__WSB_DEPRECATION_MESSAGE(__shfl_xor)) long long __shfl_xor(long long var, int laneMask, int width=warpSize) __DEF_IF_HOST
      |                                                                                                                                                       ^~~~~~~~~~~~~
/usr/local/cuda/include/sm_30_intrinsics.h: In function 'long long unsigned int __shfl_xor(long long unsigned int, int, int)':
/usr/local/cuda/include/sm_30_intrinsics.h:76:25: warning: no return statement in function returning non-void [-Wreturn-type]
   76 | #define __DEF_IF_HOST { }
      |                         ^
/usr/local/cuda/include/sm_30_intrinsics.h:176:169: note: in expansion of macro '__DEF_IF_HOST'
  176 | __SM_30_INTRINSICS_DECL__ __DEPRECATED__(__WSB_DEPRECATION_MESSAGE(__shfl_xor)) unsigned long long __shfl_xor(unsigned long long var, int laneMask, int width=warpSize) __DEF_IF_HOST
      |                                                                                                                                                                         ^~~~~~~~~~~~~
/usr/local/cuda/include/sm_30_intrinsics.h: In function 'double __shfl(double, int, int)':
/usr/local/cuda/include/sm_30_intrinsics.h:76:25: warning: no return statement in function returning non-void [-Wreturn-type]
   76 | #define __DEF_IF_HOST { }
      |                         ^
/usr/local/cuda/include/sm_30_intrinsics.h:177:136: note: in expansion of macro '__DEF_IF_HOST'
  177 | __SM_30_INTRINSICS_DECL__ __DEPRECATED__(__WSB_DEPRECATION_MESSAGE(__shfl)) double __shfl(double var, int srcLane, int width=warpSize) __DEF_IF_HOST
      |                                                                                                                                        ^~~~~~~~~~~~~
/usr/local/cuda/include/sm_30_intrinsics.h: In function 'double __shfl_up(double, unsigned int, int)':
/usr/local/cuda/include/sm_30_intrinsics.h:76:25: warning: no return statement in function returning non-void [-Wreturn-type]
   76 | #define __DEF_IF_HOST { }
      |                         ^
/usr/local/cuda/include/sm_30_intrinsics.h:178:149: note: in expansion of macro '__DEF_IF_HOST'
  178 | __SM_30_INTRINSICS_DECL__ __DEPRECATED__(__WSB_DEPRECATION_MESSAGE(__shfl_up)) double __shfl_up(double var, unsigned int delta, int width=warpSize) __DEF_IF_HOST
      |                                                                                                                                                     ^~~~~~~~~~~~~
/usr/local/cuda/include/sm_30_intrinsics.h: In function 'double __shfl_down(double, unsigned int, int)':
/usr/local/cuda/include/sm_30_intrinsics.h:76:25: warning: no return statement in function returning non-void [-Wreturn-type]
   76 | #define __DEF_IF_HOST { }
      |                         ^
/usr/local/cuda/include/sm_30_intrinsics.h:179:153: note: in expansion of macro '__DEF_IF_HOST'
  179 | __SM_30_INTRINSICS_DECL__ __DEPRECATED__(__WSB_DEPRECATION_MESSAGE(__shfl_down)) double __shfl_down(double var, unsigned int delta, int width=warpSize) __DEF_IF_HOST
      |                                                                                                                                                         ^~~~~~~~~~~~~
/usr/local/cuda/include/sm_30_intrinsics.h: In function 'double __shfl_xor(double, int, int)':
/usr/local/cuda/include/sm_30_intrinsics.h:76:25: warning: no return statement in function returning non-void [-Wreturn-type]
   76 | #define __DEF_IF_HOST { }
      |                         ^
/usr/local/cuda/include/sm_30_intrinsics.h:180:145: note: in expansion of macro '__DEF_IF_HOST'
  180 | __SM_30_INTRINSICS_DECL__ __DEPRECATED__(__WSB_DEPRECATION_MESSAGE(__shfl_xor)) double __shfl_xor(double var, int laneMask, int width=warpSize) __DEF_IF_HOST
      |                                                                                                                                                 ^~~~~~~~~~~~~
/usr/local/cuda/include/sm_30_intrinsics.h: In function 'long long int __shfl_sync(unsigned int, long long int, int, int)':
/usr/local/cuda/include/sm_30_intrinsics.h:76:25: warning: no return statement in function returning non-void [-Wreturn-type]
   76 | #define __DEF_IF_HOST { }
      |                         ^
/usr/local/cuda/include/sm_30_intrinsics.h:183:112: note: in expansion of macro '__DEF_IF_HOST'
  183 | __SM_30_INTRINSICS_DECL__ long long __shfl_sync(unsigned mask, long long var, int srcLane, int width=warpSize) __DEF_IF_HOST
      |                                                                                                                ^~~~~~~~~~~~~
/usr/local/cuda/include/sm_30_intrinsics.h: In function 'long long unsigned int __shfl_sync(unsigned int, long long unsigned int, int, int)':
/usr/local/cuda/include/sm_30_intrinsics.h:76:25: warning: no return statement in function returning non-void [-Wreturn-type]
   76 | #define __DEF_IF_HOST { }
      |                         ^
/usr/local/cuda/include/sm_30_intrinsics.h:184:130: note: in expansion of macro '__DEF_IF_HOST'
  184 | __SM_30_INTRINSICS_DECL__ unsigned long long __shfl_sync(unsigned mask, unsigned long long var, int srcLane, int width=warpSize) __DEF_IF_HOST
      |                                                                                                                                  ^~~~~~~~~~~~~
/usr/local/cuda/include/sm_30_intrinsics.h: In function 'long long int __shfl_up_sync(unsigned int, long long int, unsigned int, int)':
/usr/local/cuda/include/sm_30_intrinsics.h:76:25: warning: no return statement in function returning non-void [-Wreturn-type]
   76 | #define __DEF_IF_HOST { }
      |                         ^
/usr/local/cuda/include/sm_30_intrinsics.h:185:122: note: in expansion of macro '__DEF_IF_HOST'
  185 | __SM_30_INTRINSICS_DECL__ long long __shfl_up_sync(unsigned mask, long long var, unsigned int delta, int width=warpSize) __DEF_IF_HOST
      |                                                                                                                          ^~~~~~~~~~~~~
/usr/local/cuda/include/sm_30_intrinsics.h: In function 'long long unsigned int __shfl_up_sync(unsigned int, long long unsigned int, unsigned int, int)':
/usr/local/cuda/include/sm_30_intrinsics.h:76:25: warning: no return statement in function returning non-void [-Wreturn-type]
   76 | #define __DEF_IF_HOST { }
      |                         ^
/usr/local/cuda/include/sm_30_intrinsics.h:186:140: note: in expansion of macro '__DEF_IF_HOST'
  186 | __SM_30_INTRINSICS_DECL__ unsigned long long __shfl_up_sync(unsigned mask, unsigned long long var, unsigned int delta, int width=warpSize) __DEF_IF_HOST
      |                                                                                                                                            ^~~~~~~~~~~~~
/usr/local/cuda/include/sm_30_intrinsics.h: In function 'long long int __shfl_down_sync(unsigned int, long long int, unsigned int, int)':
/usr/local/cuda/include/sm_30_intrinsics.h:76:25: warning: no return statement in function returning non-void [-Wreturn-type]
   76 | #define __DEF_IF_HOST { }
      |                         ^
/usr/local/cuda/include/sm_30_intrinsics.h:187:124: note: in expansion of macro '__DEF_IF_HOST'
  187 | __SM_30_INTRINSICS_DECL__ long long __shfl_down_sync(unsigned mask, long long var, unsigned int delta, int width=warpSize) __DEF_IF_HOST
      |                                                                                                                            ^~~~~~~~~~~~~
/usr/local/cuda/include/sm_30_intrinsics.h: In function 'long long unsigned int __shfl_down_sync(unsigned int, long long unsigned int, unsigned int, int)':
/usr/local/cuda/include/sm_30_intrinsics.h:76:25: warning: no return statement in function returning non-void [-Wreturn-type]
   76 | #define __DEF_IF_HOST { }
      |                         ^
/usr/local/cuda/include/sm_30_intrinsics.h:188:142: note: in expansion of macro '__DEF_IF_HOST'
  188 | __SM_30_INTRINSICS_DECL__ unsigned long long __shfl_down_sync(unsigned mask, unsigned long long var, unsigned int delta, int width=warpSize) __DEF_IF_HOST
      |                                                                                                                                              ^~~~~~~~~~~~~
/usr/local/cuda/include/sm_30_intrinsics.h: In function 'long long int __shfl_xor_sync(unsigned int, long long int, int, int)':
/usr/local/cuda/include/sm_30_intrinsics.h:76:25: warning: no return statement in function returning non-void [-Wreturn-type]
   76 | #define __DEF_IF_HOST { }
      |                         ^
/usr/local/cuda/include/sm_30_intrinsics.h:189:117: note: in expansion of macro '__DEF_IF_HOST'
  189 | __SM_30_INTRINSICS_DECL__ long long __shfl_xor_sync(unsigned mask, long long var, int laneMask, int width=warpSize) __DEF_IF_HOST
      |                                                                                                                     ^~~~~~~~~~~~~
/usr/local/cuda/include/sm_30_intrinsics.h: In function 'long long unsigned int __shfl_xor_sync(unsigned int, long long unsigned int, int, int)':
/usr/local/cuda/include/sm_30_intrinsics.h:76:25: warning: no return statement in function returning non-void [-Wreturn-type]
   76 | #define __DEF_IF_HOST { }
      |                         ^
/usr/local/cuda/include/sm_30_intrinsics.h:190:135: note: in expansion of macro '__DEF_IF_HOST'
  190 | __SM_30_INTRINSICS_DECL__ unsigned long long __shfl_xor_sync(unsigned mask, unsigned long long var, int laneMask, int width=warpSize) __DEF_IF_HOST
      |                                                                                                                                       ^~~~~~~~~~~~~
/usr/local/cuda/include/sm_30_intrinsics.h: In function 'double __shfl_sync(unsigned int, double, int, int)':
/usr/local/cuda/include/sm_30_intrinsics.h:76:25: warning: no return statement in function returning non-void [-Wreturn-type]
   76 | #define __DEF_IF_HOST { }
      |                         ^
/usr/local/cuda/include/sm_30_intrinsics.h:191:106: note: in expansion of macro '__DEF_IF_HOST'
  191 | __SM_30_INTRINSICS_DECL__ double __shfl_sync(unsigned mask, double var, int srcLane, int width=warpSize) __DEF_IF_HOST
      |                                                                                                          ^~~~~~~~~~~~~
/usr/local/cuda/include/sm_30_intrinsics.h: In function 'double __shfl_up_sync(unsigned int, double, unsigned int, int)':
/usr/local/cuda/include/sm_30_intrinsics.h:76:25: warning: no return statement in function returning non-void [-Wreturn-type]
   76 | #define __DEF_IF_HOST { }
      |                         ^
/usr/local/cuda/include/sm_30_intrinsics.h:192:116: note: in expansion of macro '__DEF_IF_HOST'
  192 | __SM_30_INTRINSICS_DECL__ double __shfl_up_sync(unsigned mask, double var, unsigned int delta, int width=warpSize) __DEF_IF_HOST
      |                                                                                                                    ^~~~~~~~~~~~~
/usr/local/cuda/include/sm_30_intrinsics.h: In function 'double __shfl_down_sync(unsigned int, double, unsigned int, int)':
/usr/local/cuda/include/sm_30_intrinsics.h:76:25: warning: no return statement in function returning non-void [-Wreturn-type]
   76 | #define __DEF_IF_HOST { }
      |                         ^
/usr/local/cuda/include/sm_30_intrinsics.h:193:118: note: in expansion of macro '__DEF_IF_HOST'
  193 | __SM_30_INTRINSICS_DECL__ double __shfl_down_sync(unsigned mask, double var, unsigned int delta, int width=warpSize) __DEF_IF_HOST
      |                                                                                                                      ^~~~~~~~~~~~~
/usr/local/cuda/include/sm_30_intrinsics.h: In function 'double __shfl_xor_sync(unsigned int, double, int, int)':
/usr/local/cuda/include/sm_30_intrinsics.h:76:25: warning: no return statement in function returning non-void [-Wreturn-type]
   76 | #define __DEF_IF_HOST { }
      |                         ^
/usr/local/cuda/include/sm_30_intrinsics.h:194:111: note: in expansion of macro '__DEF_IF_HOST'
  194 | __SM_30_INTRINSICS_DECL__ double __shfl_xor_sync(unsigned mask, double var, int laneMask, int width=warpSize) __DEF_IF_HOST
      |                                                                                                               ^~~~~~~~~~~~~
/usr/local/cuda/include/sm_30_intrinsics.h: In function 'long int __shfl(long int, int, int)':
/usr/local/cuda/include/sm_30_intrinsics.h:76:25: warning: no return statement in function returning non-void [-Wreturn-type]
   76 | #define __DEF_IF_HOST { }
      |                         ^
/usr/local/cuda/include/sm_30_intrinsics.h:198:132: note: in expansion of macro '__DEF_IF_HOST'
  198 | __SM_30_INTRINSICS_DECL__ __DEPRECATED__(__WSB_DEPRECATION_MESSAGE(__shfl)) long __shfl(long var, int srcLane, int width=warpSize) __DEF_IF_HOST
      |                                                                                                                                    ^~~~~~~~~~~~~
/usr/local/cuda/include/sm_30_intrinsics.h: In function 'long unsigned int __shfl(long unsigned int, int, int)':
/usr/local/cuda/include/sm_30_intrinsics.h:76:25: warning: no return statement in function returning non-void [-Wreturn-type]
   76 | #define __DEF_IF_HOST { }
      |                         ^
/usr/local/cuda/include/sm_30_intrinsics.h:199:150: note: in expansion of macro '__DEF_IF_HOST'
  199 | __SM_30_INTRINSICS_DECL__ __DEPRECATED__(__WSB_DEPRECATION_MESSAGE(__shfl)) unsigned long __shfl(unsigned long var, int srcLane, int width=warpSize) __DEF_IF_HOST
      |                                                                                                                                                      ^~~~~~~~~~~~~
/usr/local/cuda/include/sm_30_intrinsics.h: In function 'long int __shfl_up(long int, unsigned int, int)':
/usr/local/cuda/include/sm_30_intrinsics.h:76:25: warning: no return statement in function returning non-void [-Wreturn-type]
   76 | #define __DEF_IF_HOST { }
      |                         ^
/usr/local/cuda/include/sm_30_intrinsics.h:200:145: note: in expansion of macro '__DEF_IF_HOST'
  200 | __SM_30_INTRINSICS_DECL__ __DEPRECATED__(__WSB_DEPRECATION_MESSAGE(__shfl_up)) long __shfl_up(long var, unsigned int delta, int width=warpSize) __DEF_IF_HOST
      |                                                                                                                                                 ^~~~~~~~~~~~~
/usr/local/cuda/include/sm_30_intrinsics.h: In function 'long unsigned int __shfl_up(long unsigned int, unsigned int, int)':
/usr/local/cuda/include/sm_30_intrinsics.h:76:25: warning: no return statement in function returning non-void [-Wreturn-type]
   76 | #define __DEF_IF_HOST { }
      |                         ^
/usr/local/cuda/include/sm_30_intrinsics.h:201:163: note: in expansion of macro '__DEF_IF_HOST'
  201 | __SM_30_INTRINSICS_DECL__ __DEPRECATED__(__WSB_DEPRECATION_MESSAGE(__shfl_up)) unsigned long __shfl_up(unsigned long var, unsigned int delta, int width=warpSize) __DEF_IF_HOST
      |                                                                                                                                                                   ^~~~~~~~~~~~~
/usr/local/cuda/include/sm_30_intrinsics.h: In function 'long int __shfl_down(long int, unsigned int, int)':
/usr/local/cuda/include/sm_30_intrinsics.h:76:25: warning: no return statement in function returning non-void [-Wreturn-type]
   76 | #define __DEF_IF_HOST { }
      |                         ^
/usr/local/cuda/include/sm_30_intrinsics.h:202:149: note: in expansion of macro '__DEF_IF_HOST'
  202 | __SM_30_INTRINSICS_DECL__ __DEPRECATED__(__WSB_DEPRECATION_MESSAGE(__shfl_down)) long __shfl_down(long var, unsigned int delta, int width=warpSize) __DEF_IF_HOST
      |                                                                                                                                                     ^~~~~~~~~~~~~
/usr/local/cuda/include/sm_30_intrinsics.h: In function 'long unsigned int __shfl_down(long unsigned int, unsigned int, int)':
/usr/local/cuda/include/sm_30_intrinsics.h:76:25: warning: no return statement in function returning non-void [-Wreturn-type]
   76 | #define __DEF_IF_HOST { }
      |                         ^
/usr/local/cuda/include/sm_30_intrinsics.h:203:167: note: in expansion of macro '__DEF_IF_HOST'
  203 | __SM_30_INTRINSICS_DECL__ __DEPRECATED__(__WSB_DEPRECATION_MESSAGE(__shfl_down)) unsigned long __shfl_down(unsigned long var, unsigned int delta, int width=warpSize) __DEF_IF_HOST
      |                                                                                                                                                                       ^~~~~~~~~~~~~
/usr/local/cuda/include/sm_30_intrinsics.h: In function 'long int __shfl_xor(long int, int, int)':
/usr/local/cuda/include/sm_30_intrinsics.h:76:25: warning: no return statement in function returning non-void [-Wreturn-type]
   76 | #define __DEF_IF_HOST { }
      |                         ^
/usr/local/cuda/include/sm_30_intrinsics.h:204:141: note: in expansion of macro '__DEF_IF_HOST'
  204 | __SM_30_INTRINSICS_DECL__ __DEPRECATED__(__WSB_DEPRECATION_MESSAGE(__shfl_xor)) long __shfl_xor(long var, int laneMask, int width=warpSize) __DEF_IF_HOST
      |                                                                                                                                             ^~~~~~~~~~~~~
/usr/local/cuda/include/sm_30_intrinsics.h: In function 'long unsigned int __shfl_xor(long unsigned int, int, int)':
/usr/local/cuda/include/sm_30_intrinsics.h:76:25: warning: no return statement in function returning non-void [-Wreturn-type]
   76 | #define __DEF_IF_HOST { }
      |                         ^
/usr/local/cuda/include/sm_30_intrinsics.h:205:159: note: in expansion of macro '__DEF_IF_HOST'
  205 | __SM_30_INTRINSICS_DECL__ __DEPRECATED__(__WSB_DEPRECATION_MESSAGE(__shfl_xor)) unsigned long __shfl_xor(unsigned long var, int laneMask, int width=warpSize) __DEF_IF_HOST
      |                                                                                                                                                               ^~~~~~~~~~~~~
/usr/local/cuda/include/sm_30_intrinsics.h: In function 'long int __shfl_sync(unsigned int, long int, int, int)':
/usr/local/cuda/include/sm_30_intrinsics.h:76:25: warning: no return statement in function returning non-void [-Wreturn-type]
   76 | #define __DEF_IF_HOST { }
      |                         ^
/usr/local/cuda/include/sm_30_intrinsics.h:208:102: note: in expansion of macro '__DEF_IF_HOST'
  208 | __SM_30_INTRINSICS_DECL__ long __shfl_sync(unsigned mask, long var, int srcLane, int width=warpSize) __DEF_IF_HOST
      |                                                                                                      ^~~~~~~~~~~~~
/usr/local/cuda/include/sm_30_intrinsics.h: In function 'long unsigned int __shfl_sync(unsigned int, long unsigned int, int, int)':
/usr/local/cuda/include/sm_30_intrinsics.h:76:25: warning: no return statement in function returning non-void [-Wreturn-type]
   76 | #define __DEF_IF_HOST { }
      |                         ^
/usr/local/cuda/include/sm_30_intrinsics.h:209:120: note: in expansion of macro '__DEF_IF_HOST'
  209 | __SM_30_INTRINSICS_DECL__ unsigned long __shfl_sync(unsigned mask, unsigned long var, int srcLane, int width=warpSize) __DEF_IF_HOST
      |                                                                                                                        ^~~~~~~~~~~~~
/usr/local/cuda/include/sm_30_intrinsics.h: In function 'long int __shfl_up_sync(unsigned int, long int, unsigned int, int)':
/usr/local/cuda/include/sm_30_intrinsics.h:76:25: warning: no return statement in function returning non-void [-Wreturn-type]
   76 | #define __DEF_IF_HOST { }
      |                         ^
/usr/local/cuda/include/sm_30_intrinsics.h:210:112: note: in expansion of macro '__DEF_IF_HOST'
  210 | __SM_30_INTRINSICS_DECL__ long __shfl_up_sync(unsigned mask, long var, unsigned int delta, int width=warpSize) __DEF_IF_HOST
      |                                                                                                                ^~~~~~~~~~~~~
/usr/local/cuda/include/sm_30_intrinsics.h: In function 'long unsigned int __shfl_up_sync(unsigned int, long unsigned int, unsigned int, int)':
/usr/local/cuda/include/sm_30_intrinsics.h:76:25: warning: no return statement in function returning non-void [-Wreturn-type]
   76 | #define __DEF_IF_HOST { }
      |                         ^
/usr/local/cuda/include/sm_30_intrinsics.h:211:130: note: in expansion of macro '__DEF_IF_HOST'
  211 | __SM_30_INTRINSICS_DECL__ unsigned long __shfl_up_sync(unsigned mask, unsigned long var, unsigned int delta, int width=warpSize) __DEF_IF_HOST
      |                                                                                                                                  ^~~~~~~~~~~~~
/usr/local/cuda/include/sm_30_intrinsics.h: In function 'long int __shfl_down_sync(unsigned int, long int, unsigned int, int)':
/usr/local/cuda/include/sm_30_intrinsics.h:76:25: warning: no return statement in function returning non-void [-Wreturn-type]
   76 | #define __DEF_IF_HOST { }
      |                         ^
/usr/local/cuda/include/sm_30_intrinsics.h:212:114: note: in expansion of macro '__DEF_IF_HOST'
  212 | __SM_30_INTRINSICS_DECL__ long __shfl_down_sync(unsigned mask, long var, unsigned int delta, int width=warpSize) __DEF_IF_HOST
      |                                                                                                                  ^~~~~~~~~~~~~
/usr/local/cuda/include/sm_30_intrinsics.h: In function 'long unsigned int __shfl_down_sync(unsigned int, long unsigned int, unsigned int, int)':
/usr/local/cuda/include/sm_30_intrinsics.h:76:25: warning: no return statement in function returning non-void [-Wreturn-type]
   76 | #define __DEF_IF_HOST { }
      |                         ^
/usr/local/cuda/include/sm_30_intrinsics.h:213:132: note: in expansion of macro '__DEF_IF_HOST'
  213 | __SM_30_INTRINSICS_DECL__ unsigned long __shfl_down_sync(unsigned mask, unsigned long var, unsigned int delta, int width=warpSize) __DEF_IF_HOST
      |                                                                                                                                    ^~~~~~~~~~~~~
/usr/local/cuda/include/sm_30_intrinsics.h: In function 'long int __shfl_xor_sync(unsigned int, long int, int, int)':
/usr/local/cuda/include/sm_30_intrinsics.h:76:25: warning: no return statement in function returning non-void [-Wreturn-type]
   76 | #define __DEF_IF_HOST { }
      |                         ^
/usr/local/cuda/include/sm_30_intrinsics.h:214:107: note: in expansion of macro '__DEF_IF_HOST'
  214 | __SM_30_INTRINSICS_DECL__ long __shfl_xor_sync(unsigned mask, long var, int laneMask, int width=warpSize) __DEF_IF_HOST
      |                                                                                                           ^~~~~~~~~~~~~
/usr/local/cuda/include/sm_30_intrinsics.h: In function 'long unsigned int __shfl_xor_sync(unsigned int, long unsigned int, int, int)':
/usr/local/cuda/include/sm_30_intrinsics.h:76:25: warning: no return statement in function returning non-void [-Wreturn-type]
   76 | #define __DEF_IF_HOST { }
      |                         ^
/usr/local/cuda/include/sm_30_intrinsics.h:215:125: note: in expansion of macro '__DEF_IF_HOST'
  215 | __SM_30_INTRINSICS_DECL__ unsigned long __shfl_xor_sync(unsigned mask, unsigned long var, int laneMask, int width=warpSize) __DEF_IF_HOST
      |                                                                                                                             ^~~~~~~~~~~~~
In file included from /usr/local/cuda/include/crt/device_functions.h:3623,
                 from /home/GVirtuS/GVirtuS/plugins/cudart/backend/CudaRtHandler.h:71,
                 from /home/GVirtuS/GVirtuS/plugins/cudart/backend/CudaRtHandler_version.cpp:26:
/usr/local/cuda/include/sm_32_intrinsics.h: In function 'long int __ldg(const long int*)':
/usr/local/cuda/include/sm_32_intrinsics.h:74:25: warning: no return statement in function returning non-void [-Wreturn-type]
   74 | #define __DEF_IF_HOST { }
      |                         ^
/usr/local/cuda/include/sm_32_intrinsics.h:87:55: note: in expansion of macro '__DEF_IF_HOST'
   87 | __SM_32_INTRINSICS_DECL__ long __ldg(const long *ptr) __DEF_IF_HOST
      |                                                       ^~~~~~~~~~~~~
/usr/local/cuda/include/sm_32_intrinsics.h: In function 'long unsigned int __ldg(const long unsigned int*)':
/usr/local/cuda/include/sm_32_intrinsics.h:74:25: warning: no return statement in function returning non-void [-Wreturn-type]
   74 | #define __DEF_IF_HOST { }
      |                         ^
/usr/local/cuda/include/sm_32_intrinsics.h:88:73: note: in expansion of macro '__DEF_IF_HOST'
   88 | __SM_32_INTRINSICS_DECL__ unsigned long __ldg(const unsigned long *ptr) __DEF_IF_HOST
      |                                                                         ^~~~~~~~~~~~~
/usr/local/cuda/include/sm_32_intrinsics.h: In function 'char __ldg(const char*)':
/usr/local/cuda/include/sm_32_intrinsics.h:74:25: warning: no return statement in function returning non-void [-Wreturn-type]
   74 | #define __DEF_IF_HOST { }
      |                         ^
/usr/local/cuda/include/sm_32_intrinsics.h:90:55: note: in expansion of macro '__DEF_IF_HOST'
   90 | __SM_32_INTRINSICS_DECL__ char __ldg(const char *ptr) __DEF_IF_HOST
      |                                                       ^~~~~~~~~~~~~
/usr/local/cuda/include/sm_32_intrinsics.h: In function 'signed char __ldg(const signed char*)':
/usr/local/cuda/include/sm_32_intrinsics.h:74:25: warning: no return statement in function returning non-void [-Wreturn-type]
   74 | #define __DEF_IF_HOST { }
      |                         ^
/usr/local/cuda/include/sm_32_intrinsics.h:91:69: note: in expansion of macro '__DEF_IF_HOST'
   91 | __SM_32_INTRINSICS_DECL__ signed char __ldg(const signed char *ptr) __DEF_IF_HOST
      |                                                                     ^~~~~~~~~~~~~
/usr/local/cuda/include/sm_32_intrinsics.h: In function 'short int __ldg(const short int*)':
/usr/local/cuda/include/sm_32_intrinsics.h:74:25: warning: no return statement in function returning non-void [-Wreturn-type]
   74 | #define __DEF_IF_HOST { }
      |                         ^
/usr/local/cuda/include/sm_32_intrinsics.h:92:57: note: in expansion of macro '__DEF_IF_HOST'
   92 | __SM_32_INTRINSICS_DECL__ short __ldg(const short *ptr) __DEF_IF_HOST
      |                                                         ^~~~~~~~~~~~~
/usr/local/cuda/include/sm_32_intrinsics.h: In function 'int __ldg(const int*)':
/usr/local/cuda/include/sm_32_intrinsics.h:74:25: warning: no return statement in function returning non-void [-Wreturn-type]
   74 | #define __DEF_IF_HOST { }
      |                         ^
/usr/local/cuda/include/sm_32_intrinsics.h:93:53: note: in expansion of macro '__DEF_IF_HOST'
   93 | __SM_32_INTRINSICS_DECL__ int __ldg(const int *ptr) __DEF_IF_HOST
      |                                                     ^~~~~~~~~~~~~
/usr/local/cuda/include/sm_32_intrinsics.h: In function 'long long int __ldg(const long long int*)':
/usr/local/cuda/include/sm_32_intrinsics.h:74:25: warning: no return statement in function returning non-void [-Wreturn-type]
   74 | #define __DEF_IF_HOST { }
      |                         ^
/usr/local/cuda/include/sm_32_intrinsics.h:94:65: note: in expansion of macro '__DEF_IF_HOST'
   94 | __SM_32_INTRINSICS_DECL__ long long __ldg(const long long *ptr) __DEF_IF_HOST
      |                                                                 ^~~~~~~~~~~~~
/usr/local/cuda/include/sm_32_intrinsics.h: In function 'char2 __ldg(const char2*)':
/usr/local/cuda/include/sm_32_intrinsics.h:74:25: warning: no return statement in function returning non-void [-Wreturn-type]
   74 | #define __DEF_IF_HOST { }
      |                         ^
/usr/local/cuda/include/sm_32_intrinsics.h:95:57: note: in expansion of macro '__DEF_IF_HOST'
   95 | __SM_32_INTRINSICS_DECL__ char2 __ldg(const char2 *ptr) __DEF_IF_HOST
      |                                                         ^~~~~~~~~~~~~
/usr/local/cuda/include/sm_32_intrinsics.h: In function 'char4 __ldg(const char4*)':
/usr/local/cuda/include/sm_32_intrinsics.h:74:25: warning: no return statement in function returning non-void [-Wreturn-type]
   74 | #define __DEF_IF_HOST { }
      |                         ^
/usr/local/cuda/include/sm_32_intrinsics.h:96:57: note: in expansion of macro '__DEF_IF_HOST'
   96 | __SM_32_INTRINSICS_DECL__ char4 __ldg(const char4 *ptr) __DEF_IF_HOST
      |                                                         ^~~~~~~~~~~~~
/usr/local/cuda/include/sm_32_intrinsics.h: In function 'short2 __ldg(const short2*)':
/usr/local/cuda/include/sm_32_intrinsics.h:74:25: warning: no return statement in function returning non-void [-Wreturn-type]
   74 | #define __DEF_IF_HOST { }
      |                         ^
/usr/local/cuda/include/sm_32_intrinsics.h:97:59: note: in expansion of macro '__DEF_IF_HOST'
   97 | __SM_32_INTRINSICS_DECL__ short2 __ldg(const short2 *ptr) __DEF_IF_HOST
      |                                                           ^~~~~~~~~~~~~
/usr/local/cuda/include/sm_32_intrinsics.h: In function 'short4 __ldg(const short4*)':
/usr/local/cuda/include/sm_32_intrinsics.h:74:25: warning: no return statement in function returning non-void [-Wreturn-type]
   74 | #define __DEF_IF_HOST { }
      |                         ^
/usr/local/cuda/include/sm_32_intrinsics.h:98:59: note: in expansion of macro '__DEF_IF_HOST'
   98 | __SM_32_INTRINSICS_DECL__ short4 __ldg(const short4 *ptr) __DEF_IF_HOST
      |                                                           ^~~~~~~~~~~~~
/usr/local/cuda/include/sm_32_intrinsics.h: In function 'int2 __ldg(const int2*)':
/usr/local/cuda/include/sm_32_intrinsics.h:74:25: warning: no return statement in function returning non-void [-Wreturn-type]
   74 | #define __DEF_IF_HOST { }
      |                         ^
/usr/local/cuda/include/sm_32_intrinsics.h:99:55: note: in expansion of macro '__DEF_IF_HOST'
   99 | __SM_32_INTRINSICS_DECL__ int2 __ldg(const int2 *ptr) __DEF_IF_HOST
      |                                                       ^~~~~~~~~~~~~
/usr/local/cuda/include/sm_32_intrinsics.h: In function 'int4 __ldg(const int4*)':
/usr/local/cuda/include/sm_32_intrinsics.h:74:25: warning: no return statement in function returning non-void [-Wreturn-type]
   74 | #define __DEF_IF_HOST { }
      |                         ^
/usr/local/cuda/include/sm_32_intrinsics.h:100:55: note: in expansion of macro '__DEF_IF_HOST'
  100 | __SM_32_INTRINSICS_DECL__ int4 __ldg(const int4 *ptr) __DEF_IF_HOST
      |                                                       ^~~~~~~~~~~~~
/usr/local/cuda/include/sm_32_intrinsics.h: In function 'longlong2 __ldg(const longlong2*)':
/usr/local/cuda/include/sm_32_intrinsics.h:74:25: warning: no return statement in function returning non-void [-Wreturn-type]
   74 | #define __DEF_IF_HOST { }
      |                         ^
/usr/local/cuda/include/sm_32_intrinsics.h:101:65: note: in expansion of macro '__DEF_IF_HOST'
  101 | __SM_32_INTRINSICS_DECL__ longlong2 __ldg(const longlong2 *ptr) __DEF_IF_HOST
      |                                                                 ^~~~~~~~~~~~~
/usr/local/cuda/include/sm_32_intrinsics.h: In function 'unsigned char __ldg(const unsigned char*)':
/usr/local/cuda/include/sm_32_intrinsics.h:74:25: warning: no return statement in function returning non-void [-Wreturn-type]
   74 | #define __DEF_IF_HOST { }
      |                         ^
/usr/local/cuda/include/sm_32_intrinsics.h:103:73: note: in expansion of macro '__DEF_IF_HOST'
  103 | __SM_32_INTRINSICS_DECL__ unsigned char __ldg(const unsigned char *ptr) __DEF_IF_HOST
      |                                                                         ^~~~~~~~~~~~~
/usr/local/cuda/include/sm_32_intrinsics.h: In function 'short unsigned int __ldg(const short unsigned int*)':
/usr/local/cuda/include/sm_32_intrinsics.h:74:25: warning: no return statement in function returning non-void [-Wreturn-type]
   74 | #define __DEF_IF_HOST { }
      |                         ^
/usr/local/cuda/include/sm_32_intrinsics.h:104:75: note: in expansion of macro '__DEF_IF_HOST'
  104 | __SM_32_INTRINSICS_DECL__ unsigned short __ldg(const unsigned short *ptr) __DEF_IF_HOST
      |                                                                           ^~~~~~~~~~~~~
/usr/local/cuda/include/sm_32_intrinsics.h: In function 'unsigned int __ldg(const unsigned int*)':
/usr/local/cuda/include/sm_32_intrinsics.h:74:25: warning: no return statement in function returning non-void [-Wreturn-type]
   74 | #define __DEF_IF_HOST { }
      |                         ^
/usr/local/cuda/include/sm_32_intrinsics.h:105:71: note: in expansion of macro '__DEF_IF_HOST'
  105 | __SM_32_INTRINSICS_DECL__ unsigned int __ldg(const unsigned int *ptr) __DEF_IF_HOST
      |                                                                       ^~~~~~~~~~~~~
/usr/local/cuda/include/sm_32_intrinsics.h: In function 'long long unsigned int __ldg(const long long unsigned int*)':
/usr/local/cuda/include/sm_32_intrinsics.h:74:25: warning: no return statement in function returning non-void [-Wreturn-type]
   74 | #define __DEF_IF_HOST { }
      |                         ^
/usr/local/cuda/include/sm_32_intrinsics.h:106:83: note: in expansion of macro '__DEF_IF_HOST'
  106 | __SM_32_INTRINSICS_DECL__ unsigned long long __ldg(const unsigned long long *ptr) __DEF_IF_HOST
      |                                                                                   ^~~~~~~~~~~~~
/usr/local/cuda/include/sm_32_intrinsics.h: In function 'uchar2 __ldg(const uchar2*)':
/usr/local/cuda/include/sm_32_intrinsics.h:74:25: warning: no return statement in function returning non-void [-Wreturn-type]
   74 | #define __DEF_IF_HOST { }
      |                         ^
/usr/local/cuda/include/sm_32_intrinsics.h:107:59: note: in expansion of macro '__DEF_IF_HOST'
  107 | __SM_32_INTRINSICS_DECL__ uchar2 __ldg(const uchar2 *ptr) __DEF_IF_HOST
      |                                                           ^~~~~~~~~~~~~
/usr/local/cuda/include/sm_32_intrinsics.h: In function 'uchar4 __ldg(const uchar4*)':
/usr/local/cuda/include/sm_32_intrinsics.h:74:25: warning: no return statement in function returning non-void [-Wreturn-type]
   74 | #define __DEF_IF_HOST { }
      |                         ^
/usr/local/cuda/include/sm_32_intrinsics.h:108:59: note: in expansion of macro '__DEF_IF_HOST'
  108 | __SM_32_INTRINSICS_DECL__ uchar4 __ldg(const uchar4 *ptr) __DEF_IF_HOST
      |                                                           ^~~~~~~~~~~~~
/usr/local/cuda/include/sm_32_intrinsics.h: In function 'ushort2 __ldg(const ushort2*)':
/usr/local/cuda/include/sm_32_intrinsics.h:74:25: warning: no return statement in function returning non-void [-Wreturn-type]
   74 | #define __DEF_IF_HOST { }
      |                         ^
/usr/local/cuda/include/sm_32_intrinsics.h:109:61: note: in expansion of macro '__DEF_IF_HOST'
  109 | __SM_32_INTRINSICS_DECL__ ushort2 __ldg(const ushort2 *ptr) __DEF_IF_HOST
      |                                                             ^~~~~~~~~~~~~
/usr/local/cuda/include/sm_32_intrinsics.h: In function 'ushort4 __ldg(const ushort4*)':
/usr/local/cuda/include/sm_32_intrinsics.h:74:25: warning: no return statement in function returning non-void [-Wreturn-type]
   74 | #define __DEF_IF_HOST { }
      |                         ^
/usr/local/cuda/include/sm_32_intrinsics.h:110:61: note: in expansion of macro '__DEF_IF_HOST'
  110 | __SM_32_INTRINSICS_DECL__ ushort4 __ldg(const ushort4 *ptr) __DEF_IF_HOST
      |                                                             ^~~~~~~~~~~~~
/usr/local/cuda/include/sm_32_intrinsics.h: In function 'uint2 __ldg(const uint2*)':
/usr/local/cuda/include/sm_32_intrinsics.h:74:25: warning: no return statement in function returning non-void [-Wreturn-type]
   74 | #define __DEF_IF_HOST { }
      |                         ^
/usr/local/cuda/include/sm_32_intrinsics.h:111:57: note: in expansion of macro '__DEF_IF_HOST'
  111 | __SM_32_INTRINSICS_DECL__ uint2 __ldg(const uint2 *ptr) __DEF_IF_HOST
      |                                                         ^~~~~~~~~~~~~
/usr/local/cuda/include/sm_32_intrinsics.h: In function 'uint4 __ldg(const uint4*)':
/usr/local/cuda/include/sm_32_intrinsics.h:74:25: warning: no return statement in function returning non-void [-Wreturn-type]
   74 | #define __DEF_IF_HOST { }
      |                         ^
/usr/local/cuda/include/sm_32_intrinsics.h:112:57: note: in expansion of macro '__DEF_IF_HOST'
  112 | __SM_32_INTRINSICS_DECL__ uint4 __ldg(const uint4 *ptr) __DEF_IF_HOST
      |                                                         ^~~~~~~~~~~~~
/usr/local/cuda/include/sm_32_intrinsics.h: In function 'ulonglong2 __ldg(const ulonglong2*)':
/usr/local/cuda/include/sm_32_intrinsics.h:74:25: warning: no return statement in function returning non-void [-Wreturn-type]
   74 | #define __DEF_IF_HOST { }
      |                         ^
/usr/local/cuda/include/sm_32_intrinsics.h:113:67: note: in expansion of macro '__DEF_IF_HOST'
  113 | __SM_32_INTRINSICS_DECL__ ulonglong2 __ldg(const ulonglong2 *ptr) __DEF_IF_HOST
      |                                                                   ^~~~~~~~~~~~~
/usr/local/cuda/include/sm_32_intrinsics.h: In function 'float __ldg(const float*)':
/usr/local/cuda/include/sm_32_intrinsics.h:74:25: warning: no return statement in function returning non-void [-Wreturn-type]
   74 | #define __DEF_IF_HOST { }
      |                         ^
/usr/local/cuda/include/sm_32_intrinsics.h:115:57: note: in expansion of macro '__DEF_IF_HOST'
  115 | __SM_32_INTRINSICS_DECL__ float __ldg(const float *ptr) __DEF_IF_HOST
      |                                                         ^~~~~~~~~~~~~
/usr/local/cuda/include/sm_32_intrinsics.h: In function 'double __ldg(const double*)':
/usr/local/cuda/include/sm_32_intrinsics.h:74:25: warning: no return statement in function returning non-void [-Wreturn-type]
   74 | #define __DEF_IF_HOST { }
      |                         ^
/usr/local/cuda/include/sm_32_intrinsics.h:116:59: note: in expansion of macro '__DEF_IF_HOST'
  116 | __SM_32_INTRINSICS_DECL__ double __ldg(const double *ptr) __DEF_IF_HOST
      |                                                           ^~~~~~~~~~~~~
/usr/local/cuda/include/sm_32_intrinsics.h: In function 'float2 __ldg(const float2*)':
/usr/local/cuda/include/sm_32_intrinsics.h:74:25: warning: no return statement in function returning non-void [-Wreturn-type]
   74 | #define __DEF_IF_HOST { }
      |                         ^
/usr/local/cuda/include/sm_32_intrinsics.h:117:59: note: in expansion of macro '__DEF_IF_HOST'
  117 | __SM_32_INTRINSICS_DECL__ float2 __ldg(const float2 *ptr) __DEF_IF_HOST
      |                                                           ^~~~~~~~~~~~~
/usr/local/cuda/include/sm_32_intrinsics.h: In function 'float4 __ldg(const float4*)':
/usr/local/cuda/include/sm_32_intrinsics.h:74:25: warning: no return statement in function returning non-void [-Wreturn-type]
   74 | #define __DEF_IF_HOST { }
      |                         ^
/usr/local/cuda/include/sm_32_intrinsics.h:118:59: note: in expansion of macro '__DEF_IF_HOST'
  118 | __SM_32_INTRINSICS_DECL__ float4 __ldg(const float4 *ptr) __DEF_IF_HOST
      |                                                           ^~~~~~~~~~~~~
/usr/local/cuda/include/sm_32_intrinsics.h: In function 'double2 __ldg(const double2*)':
/usr/local/cuda/include/sm_32_intrinsics.h:74:25: warning: no return statement in function returning non-void [-Wreturn-type]
   74 | #define __DEF_IF_HOST { }
      |                         ^
/usr/local/cuda/include/sm_32_intrinsics.h:119:61: note: in expansion of macro '__DEF_IF_HOST'
  119 | __SM_32_INTRINSICS_DECL__ double2 __ldg(const double2 *ptr) __DEF_IF_HOST
      |                                                             ^~~~~~~~~~~~~
/usr/local/cuda/include/sm_32_intrinsics.h: In function 'long int __ldcg(const long int*)':
/usr/local/cuda/include/sm_32_intrinsics.h:74:25: warning: no return statement in function returning non-void [-Wreturn-type]
   74 | #define __DEF_IF_HOST { }
      |                         ^
/usr/local/cuda/include/sm_32_intrinsics.h:123:56: note: in expansion of macro '__DEF_IF_HOST'
  123 | __SM_32_INTRINSICS_DECL__ long __ldcg(const long *ptr) __DEF_IF_HOST
      |                                                        ^~~~~~~~~~~~~
/usr/local/cuda/include/sm_32_intrinsics.h: In function 'long unsigned int __ldcg(const long unsigned int*)':
/usr/local/cuda/include/sm_32_intrinsics.h:74:25: warning: no return statement in function returning non-void [-Wreturn-type]
   74 | #define __DEF_IF_HOST { }
      |                         ^
/usr/local/cuda/include/sm_32_intrinsics.h:124:74: note: in expansion of macro '__DEF_IF_HOST'
  124 | __SM_32_INTRINSICS_DECL__ unsigned long __ldcg(const unsigned long *ptr) __DEF_IF_HOST
      |                                                                          ^~~~~~~~~~~~~
/usr/local/cuda/include/sm_32_intrinsics.h: In function 'char __ldcg(const char*)':
/usr/local/cuda/include/sm_32_intrinsics.h:74:25: warning: no return statement in function returning non-void [-Wreturn-type]
   74 | #define __DEF_IF_HOST { }
      |                         ^
/usr/local/cuda/include/sm_32_intrinsics.h:126:56: note: in expansion of macro '__DEF_IF_HOST'
  126 | __SM_32_INTRINSICS_DECL__ char __ldcg(const char *ptr) __DEF_IF_HOST
      |                                                        ^~~~~~~~~~~~~
/usr/local/cuda/include/sm_32_intrinsics.h: In function 'signed char __ldcg(const signed char*)':
/usr/local/cuda/include/sm_32_intrinsics.h:74:25: warning: no return statement in function returning non-void [-Wreturn-type]
   74 | #define __DEF_IF_HOST { }
      |                         ^
/usr/local/cuda/include/sm_32_intrinsics.h:127:70: note: in expansion of macro '__DEF_IF_HOST'
  127 | __SM_32_INTRINSICS_DECL__ signed char __ldcg(const signed char *ptr) __DEF_IF_HOST
      |                                                                      ^~~~~~~~~~~~~
/usr/local/cuda/include/sm_32_intrinsics.h: In function 'short int __ldcg(const short int*)':
/usr/local/cuda/include/sm_32_intrinsics.h:74:25: warning: no return statement in function returning non-void [-Wreturn-type]
   74 | #define __DEF_IF_HOST { }
      |                         ^
/usr/local/cuda/include/sm_32_intrinsics.h:128:58: note: in expansion of macro '__DEF_IF_HOST'
  128 | __SM_32_INTRINSICS_DECL__ short __ldcg(const short *ptr) __DEF_IF_HOST
      |                                                          ^~~~~~~~~~~~~
/usr/local/cuda/include/sm_32_intrinsics.h: In function 'int __ldcg(const int*)':
/usr/local/cuda/include/sm_32_intrinsics.h:74:25: warning: no return statement in function returning non-void [-Wreturn-type]
   74 | #define __DEF_IF_HOST { }
      |                         ^
/usr/local/cuda/include/sm_32_intrinsics.h:129:54: note: in expansion of macro '__DEF_IF_HOST'
  129 | __SM_32_INTRINSICS_DECL__ int __ldcg(const int *ptr) __DEF_IF_HOST
      |                                                      ^~~~~~~~~~~~~
/usr/local/cuda/include/sm_32_intrinsics.h: In function 'long long int __ldcg(const long long int*)':
/usr/local/cuda/include/sm_32_intrinsics.h:74:25: warning: no return statement in function returning non-void [-Wreturn-type]
   74 | #define __DEF_IF_HOST { }
      |                         ^
/usr/local/cuda/include/sm_32_intrinsics.h:130:66: note: in expansion of macro '__DEF_IF_HOST'
  130 | __SM_32_INTRINSICS_DECL__ long long __ldcg(const long long *ptr) __DEF_IF_HOST
      |                                                                  ^~~~~~~~~~~~~
/usr/local/cuda/include/sm_32_intrinsics.h: In function 'char2 __ldcg(const char2*)':
/usr/local/cuda/include/sm_32_intrinsics.h:74:25: warning: no return statement in function returning non-void [-Wreturn-type]
   74 | #define __DEF_IF_HOST { }
      |                         ^
/usr/local/cuda/include/sm_32_intrinsics.h:131:58: note: in expansion of macro '__DEF_IF_HOST'
  131 | __SM_32_INTRINSICS_DECL__ char2 __ldcg(const char2 *ptr) __DEF_IF_HOST
      |                                                          ^~~~~~~~~~~~~
/usr/local/cuda/include/sm_32_intrinsics.h: In function 'char4 __ldcg(const char4*)':
/usr/local/cuda/include/sm_32_intrinsics.h:74:25: warning: no return statement in function returning non-void [-Wreturn-type]
   74 | #define __DEF_IF_HOST { }
      |                         ^
/usr/local/cuda/include/sm_32_intrinsics.h:132:58: note: in expansion of macro '__DEF_IF_HOST'
  132 | __SM_32_INTRINSICS_DECL__ char4 __ldcg(const char4 *ptr) __DEF_IF_HOST
      |                                                          ^~~~~~~~~~~~~
/usr/local/cuda/include/sm_32_intrinsics.h: In function 'short2 __ldcg(const short2*)':
/usr/local/cuda/include/sm_32_intrinsics.h:74:25: warning: no return statement in function returning non-void [-Wreturn-type]
   74 | #define __DEF_IF_HOST { }
      |                         ^
/usr/local/cuda/include/sm_32_intrinsics.h:133:60: note: in expansion of macro '__DEF_IF_HOST'
  133 | __SM_32_INTRINSICS_DECL__ short2 __ldcg(const short2 *ptr) __DEF_IF_HOST
      |                                                            ^~~~~~~~~~~~~
/usr/local/cuda/include/sm_32_intrinsics.h: In function 'short4 __ldcg(const short4*)':
/usr/local/cuda/include/sm_32_intrinsics.h:74:25: warning: no return statement in function returning non-void [-Wreturn-type]
   74 | #define __DEF_IF_HOST { }
      |                         ^
/usr/local/cuda/include/sm_32_intrinsics.h:134:60: note: in expansion of macro '__DEF_IF_HOST'
  134 | __SM_32_INTRINSICS_DECL__ short4 __ldcg(const short4 *ptr) __DEF_IF_HOST
      |                                                            ^~~~~~~~~~~~~
/usr/local/cuda/include/sm_32_intrinsics.h: In function 'int2 __ldcg(const int2*)':
/usr/local/cuda/include/sm_32_intrinsics.h:74:25: warning: no return statement in function returning non-void [-Wreturn-type]
   74 | #define __DEF_IF_HOST { }
      |                         ^
/usr/local/cuda/include/sm_32_intrinsics.h:135:56: note: in expansion of macro '__DEF_IF_HOST'
  135 | __SM_32_INTRINSICS_DECL__ int2 __ldcg(const int2 *ptr) __DEF_IF_HOST
      |                                                        ^~~~~~~~~~~~~
/usr/local/cuda/include/sm_32_intrinsics.h: In function 'int4 __ldcg(const int4*)':
/usr/local/cuda/include/sm_32_intrinsics.h:74:25: warning: no return statement in function returning non-void [-Wreturn-type]
   74 | #define __DEF_IF_HOST { }
      |                         ^
/usr/local/cuda/include/sm_32_intrinsics.h:136:56: note: in expansion of macro '__DEF_IF_HOST'
  136 | __SM_32_INTRINSICS_DECL__ int4 __ldcg(const int4 *ptr) __DEF_IF_HOST
      |                                                        ^~~~~~~~~~~~~
/usr/local/cuda/include/sm_32_intrinsics.h: In function 'longlong2 __ldcg(const longlong2*)':
/usr/local/cuda/include/sm_32_intrinsics.h:74:25: warning: no return statement in function returning non-void [-Wreturn-type]
   74 | #define __DEF_IF_HOST { }
      |                         ^
/usr/local/cuda/include/sm_32_intrinsics.h:137:66: note: in expansion of macro '__DEF_IF_HOST'
  137 | __SM_32_INTRINSICS_DECL__ longlong2 __ldcg(const longlong2 *ptr) __DEF_IF_HOST
      |                                                                  ^~~~~~~~~~~~~
/usr/local/cuda/include/sm_32_intrinsics.h: In function 'unsigned char __ldcg(const unsigned char*)':
/usr/local/cuda/include/sm_32_intrinsics.h:74:25: warning: no return statement in function returning non-void [-Wreturn-type]
   74 | #define __DEF_IF_HOST { }
      |                         ^
/usr/local/cuda/include/sm_32_intrinsics.h:139:74: note: in expansion of macro '__DEF_IF_HOST'
  139 | __SM_32_INTRINSICS_DECL__ unsigned char __ldcg(const unsigned char *ptr) __DEF_IF_HOST
      |                                                                          ^~~~~~~~~~~~~
/usr/local/cuda/include/sm_32_intrinsics.h: In function 'short unsigned int __ldcg(const short unsigned int*)':
/usr/local/cuda/include/sm_32_intrinsics.h:74:25: warning: no return statement in function returning non-void [-Wreturn-type]
   74 | #define __DEF_IF_HOST { }
      |                         ^
/usr/local/cuda/include/sm_32_intrinsics.h:140:76: note: in expansion of macro '__DEF_IF_HOST'
  140 | __SM_32_INTRINSICS_DECL__ unsigned short __ldcg(const unsigned short *ptr) __DEF_IF_HOST
      |                                                                            ^~~~~~~~~~~~~
/usr/local/cuda/include/sm_32_intrinsics.h: In function 'unsigned int __ldcg(const unsigned int*)':
/usr/local/cuda/include/sm_32_intrinsics.h:74:25: warning: no return statement in function returning non-void [-Wreturn-type]
   74 | #define __DEF_IF_HOST { }
      |                         ^
/usr/local/cuda/include/sm_32_intrinsics.h:141:72: note: in expansion of macro '__DEF_IF_HOST'
  141 | __SM_32_INTRINSICS_DECL__ unsigned int __ldcg(const unsigned int *ptr) __DEF_IF_HOST
      |                                                                        ^~~~~~~~~~~~~
/usr/local/cuda/include/sm_32_intrinsics.h: In function 'long long unsigned int __ldcg(const long long unsigned int*)':
/usr/local/cuda/include/sm_32_intrinsics.h:74:25: warning: no return statement in function returning non-void [-Wreturn-type]
   74 | #define __DEF_IF_HOST { }
      |                         ^
/usr/local/cuda/include/sm_32_intrinsics.h:142:84: note: in expansion of macro '__DEF_IF_HOST'
  142 | __SM_32_INTRINSICS_DECL__ unsigned long long __ldcg(const unsigned long long *ptr) __DEF_IF_HOST
      |                                                                                    ^~~~~~~~~~~~~
/usr/local/cuda/include/sm_32_intrinsics.h: In function 'uchar2 __ldcg(const uchar2*)':
/usr/local/cuda/include/sm_32_intrinsics.h:74:25: warning: no return statement in function returning non-void [-Wreturn-type]
   74 | #define __DEF_IF_HOST { }
      |                         ^
/usr/local/cuda/include/sm_32_intrinsics.h:143:60: note: in expansion of macro '__DEF_IF_HOST'
  143 | __SM_32_INTRINSICS_DECL__ uchar2 __ldcg(const uchar2 *ptr) __DEF_IF_HOST
      |                                                            ^~~~~~~~~~~~~
/usr/local/cuda/include/sm_32_intrinsics.h: In function 'uchar4 __ldcg(const uchar4*)':
/usr/local/cuda/include/sm_32_intrinsics.h:74:25: warning: no return statement in function returning non-void [-Wreturn-type]
   74 | #define __DEF_IF_HOST { }
      |                         ^
/usr/local/cuda/include/sm_32_intrinsics.h:144:60: note: in expansion of macro '__DEF_IF_HOST'
  144 | __SM_32_INTRINSICS_DECL__ uchar4 __ldcg(const uchar4 *ptr) __DEF_IF_HOST
      |                                                            ^~~~~~~~~~~~~
/usr/local/cuda/include/sm_32_intrinsics.h: In function 'ushort2 __ldcg(const ushort2*)':
/usr/local/cuda/include/sm_32_intrinsics.h:74:25: warning: no return statement in function returning non-void [-Wreturn-type]
   74 | #define __DEF_IF_HOST { }
      |                         ^
/usr/local/cuda/include/sm_32_intrinsics.h:145:62: note: in expansion of macro '__DEF_IF_HOST'
  145 | __SM_32_INTRINSICS_DECL__ ushort2 __ldcg(const ushort2 *ptr) __DEF_IF_HOST
      |                                                              ^~~~~~~~~~~~~
/usr/local/cuda/include/sm_32_intrinsics.h: In function 'ushort4 __ldcg(const ushort4*)':
/usr/local/cuda/include/sm_32_intrinsics.h:74:25: warning: no return statement in function returning non-void [-Wreturn-type]
   74 | #define __DEF_IF_HOST { }
      |                         ^
/usr/local/cuda/include/sm_32_intrinsics.h:146:62: note: in expansion of macro '__DEF_IF_HOST'
  146 | __SM_32_INTRINSICS_DECL__ ushort4 __ldcg(const ushort4 *ptr) __DEF_IF_HOST
      |                                                              ^~~~~~~~~~~~~
/usr/local/cuda/include/sm_32_intrinsics.h: In function 'uint2 __ldcg(const uint2*)':
/usr/local/cuda/include/sm_32_intrinsics.h:74:25: warning: no return statement in function returning non-void [-Wreturn-type]
   74 | #define __DEF_IF_HOST { }
      |                         ^
/usr/local/cuda/include/sm_32_intrinsics.h:147:58: note: in expansion of macro '__DEF_IF_HOST'
  147 | __SM_32_INTRINSICS_DECL__ uint2 __ldcg(const uint2 *ptr) __DEF_IF_HOST
      |                                                          ^~~~~~~~~~~~~
/usr/local/cuda/include/sm_32_intrinsics.h: In function 'uint4 __ldcg(const uint4*)':
/usr/local/cuda/include/sm_32_intrinsics.h:74:25: warning: no return statement in function returning non-void [-Wreturn-type]
   74 | #define __DEF_IF_HOST { }
      |                         ^
/usr/local/cuda/include/sm_32_intrinsics.h:148:58: note: in expansion of macro '__DEF_IF_HOST'
  148 | __SM_32_INTRINSICS_DECL__ uint4 __ldcg(const uint4 *ptr) __DEF_IF_HOST
      |                                                          ^~~~~~~~~~~~~
/usr/local/cuda/include/sm_32_intrinsics.h: In function 'ulonglong2 __ldcg(const ulonglong2*)':
/usr/local/cuda/include/sm_32_intrinsics.h:74:25: warning: no return statement in function returning non-void [-Wreturn-type]
   74 | #define __DEF_IF_HOST { }
      |                         ^
/usr/local/cuda/include/sm_32_intrinsics.h:149:68: note: in expansion of macro '__DEF_IF_HOST'
  149 | __SM_32_INTRINSICS_DECL__ ulonglong2 __ldcg(const ulonglong2 *ptr) __DEF_IF_HOST
      |                                                                    ^~~~~~~~~~~~~
/usr/local/cuda/include/sm_32_intrinsics.h: In function 'float __ldcg(const float*)':
/usr/local/cuda/include/sm_32_intrinsics.h:74:25: warning: no return statement in function returning non-void [-Wreturn-type]
   74 | #define __DEF_IF_HOST { }
      |                         ^
/usr/local/cuda/include/sm_32_intrinsics.h:151:58: note: in expansion of macro '__DEF_IF_HOST'
  151 | __SM_32_INTRINSICS_DECL__ float __ldcg(const float *ptr) __DEF_IF_HOST
      |                                                          ^~~~~~~~~~~~~
/usr/local/cuda/include/sm_32_intrinsics.h: In function 'double __ldcg(const double*)':
/usr/local/cuda/include/sm_32_intrinsics.h:74:25: warning: no return statement in function returning non-void [-Wreturn-type]
   74 | #define __DEF_IF_HOST { }
      |                         ^
/usr/local/cuda/include/sm_32_intrinsics.h:152:60: note: in expansion of macro '__DEF_IF_HOST'
  152 | __SM_32_INTRINSICS_DECL__ double __ldcg(const double *ptr) __DEF_IF_HOST
      |                                                            ^~~~~~~~~~~~~
/usr/local/cuda/include/sm_32_intrinsics.h: In function 'float2 __ldcg(const float2*)':
/usr/local/cuda/include/sm_32_intrinsics.h:74:25: warning: no return statement in function returning non-void [-Wreturn-type]
   74 | #define __DEF_IF_HOST { }
      |                         ^
/usr/local/cuda/include/sm_32_intrinsics.h:153:60: note: in expansion of macro '__DEF_IF_HOST'
  153 | __SM_32_INTRINSICS_DECL__ float2 __ldcg(const float2 *ptr) __DEF_IF_HOST
      |                                                            ^~~~~~~~~~~~~
/usr/local/cuda/include/sm_32_intrinsics.h: In function 'float4 __ldcg(const float4*)':
/usr/local/cuda/include/sm_32_intrinsics.h:74:25: warning: no return statement in function returning non-void [-Wreturn-type]
   74 | #define __DEF_IF_HOST { }
      |                         ^
/usr/local/cuda/include/sm_32_intrinsics.h:154:60: note: in expansion of macro '__DEF_IF_HOST'
  154 | __SM_32_INTRINSICS_DECL__ float4 __ldcg(const float4 *ptr) __DEF_IF_HOST
      |                                                            ^~~~~~~~~~~~~
/usr/local/cuda/include/sm_32_intrinsics.h: In function 'double2 __ldcg(const double2*)':
/usr/local/cuda/include/sm_32_intrinsics.h:74:25: warning: no return statement in function returning non-void [-Wreturn-type]
   74 | #define __DEF_IF_HOST { }
      |                         ^
/usr/local/cuda/include/sm_32_intrinsics.h:155:62: note: in expansion of macro '__DEF_IF_HOST'
  155 | __SM_32_INTRINSICS_DECL__ double2 __ldcg(const double2 *ptr) __DEF_IF_HOST
      |                                                              ^~~~~~~~~~~~~
/usr/local/cuda/include/sm_32_intrinsics.h: In function 'long int __ldca(const long int*)':
/usr/local/cuda/include/sm_32_intrinsics.h:74:25: warning: no return statement in function returning non-void [-Wreturn-type]
   74 | #define __DEF_IF_HOST { }
      |                         ^
/usr/local/cuda/include/sm_32_intrinsics.h:159:56: note: in expansion of macro '__DEF_IF_HOST'
  159 | __SM_32_INTRINSICS_DECL__ long __ldca(const long *ptr) __DEF_IF_HOST
      |                                                        ^~~~~~~~~~~~~
/usr/local/cuda/include/sm_32_intrinsics.h: In function 'long unsigned int __ldca(const long unsigned int*)':
/usr/local/cuda/include/sm_32_intrinsics.h:74:25: warning: no return statement in function returning non-void [-Wreturn-type]
   74 | #define __DEF_IF_HOST { }
      |                         ^
/usr/local/cuda/include/sm_32_intrinsics.h:160:74: note: in expansion of macro '__DEF_IF_HOST'
  160 | __SM_32_INTRINSICS_DECL__ unsigned long __ldca(const unsigned long *ptr) __DEF_IF_HOST
      |                                                                          ^~~~~~~~~~~~~
/usr/local/cuda/include/sm_32_intrinsics.h: In function 'char __ldca(const char*)':
/usr/local/cuda/include/sm_32_intrinsics.h:74:25: warning: no return statement in function returning non-void [-Wreturn-type]
   74 | #define __DEF_IF_HOST { }
      |                         ^
/usr/local/cuda/include/sm_32_intrinsics.h:162:56: note: in expansion of macro '__DEF_IF_HOST'
  162 | __SM_32_INTRINSICS_DECL__ char __ldca(const char *ptr) __DEF_IF_HOST
      |                                                        ^~~~~~~~~~~~~
/usr/local/cuda/include/sm_32_intrinsics.h: In function 'signed char __ldca(const signed char*)':
/usr/local/cuda/include/sm_32_intrinsics.h:74:25: warning: no return statement in function returning non-void [-Wreturn-type]
   74 | #define __DEF_IF_HOST { }
      |                         ^
/usr/local/cuda/include/sm_32_intrinsics.h:163:70: note: in expansion of macro '__DEF_IF_HOST'
  163 | __SM_32_INTRINSICS_DECL__ signed char __ldca(const signed char *ptr) __DEF_IF_HOST
      |                                                                      ^~~~~~~~~~~~~
/usr/local/cuda/include/sm_32_intrinsics.h: In function 'short int __ldca(const short int*)':
/usr/local/cuda/include/sm_32_intrinsics.h:74:25: warning: no return statement in function returning non-void [-Wreturn-type]
   74 | #define __DEF_IF_HOST { }
      |                         ^
/usr/local/cuda/include/sm_32_intrinsics.h:164:58: note: in expansion of macro '__DEF_IF_HOST'
  164 | __SM_32_INTRINSICS_DECL__ short __ldca(const short *ptr) __DEF_IF_HOST
      |                                                          ^~~~~~~~~~~~~
/usr/local/cuda/include/sm_32_intrinsics.h: In function 'int __ldca(const int*)':
/usr/local/cuda/include/sm_32_intrinsics.h:74:25: warning: no return statement in function returning non-void [-Wreturn-type]
   74 | #define __DEF_IF_HOST { }
      |                         ^
/usr/local/cuda/include/sm_32_intrinsics.h:165:54: note: in expansion of macro '__DEF_IF_HOST'
  165 | __SM_32_INTRINSICS_DECL__ int __ldca(const int *ptr) __DEF_IF_HOST
      |                                                      ^~~~~~~~~~~~~
/usr/local/cuda/include/sm_32_intrinsics.h: In function 'long long int __ldca(const long long int*)':
/usr/local/cuda/include/sm_32_intrinsics.h:74:25: warning: no return statement in function returning non-void [-Wreturn-type]
   74 | #define __DEF_IF_HOST { }
      |                         ^
/usr/local/cuda/include/sm_32_intrinsics.h:166:66: note: in expansion of macro '__DEF_IF_HOST'
  166 | __SM_32_INTRINSICS_DECL__ long long __ldca(const long long *ptr) __DEF_IF_HOST
      |                                                                  ^~~~~~~~~~~~~
/usr/local/cuda/include/sm_32_intrinsics.h: In function 'char2 __ldca(const char2*)':
/usr/local/cuda/include/sm_32_intrinsics.h:74:25: warning: no return statement in function returning non-void [-Wreturn-type]
   74 | #define __DEF_IF_HOST { }
      |                         ^
/usr/local/cuda/include/sm_32_intrinsics.h:167:58: note: in expansion of macro '__DEF_IF_HOST'
  167 | __SM_32_INTRINSICS_DECL__ char2 __ldca(const char2 *ptr) __DEF_IF_HOST
      |                                                          ^~~~~~~~~~~~~
/usr/local/cuda/include/sm_32_intrinsics.h: In function 'char4 __ldca(const char4*)':
/usr/local/cuda/include/sm_32_intrinsics.h:74:25: warning: no return statement in function returning non-void [-Wreturn-type]
   74 | #define __DEF_IF_HOST { }
      |                         ^
/usr/local/cuda/include/sm_32_intrinsics.h:168:58: note: in expansion of macro '__DEF_IF_HOST'
  168 | __SM_32_INTRINSICS_DECL__ char4 __ldca(const char4 *ptr) __DEF_IF_HOST
      |                                                          ^~~~~~~~~~~~~
/usr/local/cuda/include/sm_32_intrinsics.h: In function 'short2 __ldca(const short2*)':
/usr/local/cuda/include/sm_32_intrinsics.h:74:25: warning: no return statement in function returning non-void [-Wreturn-type]
   74 | #define __DEF_IF_HOST { }
      |                         ^
/usr/local/cuda/include/sm_32_intrinsics.h:169:60: note: in expansion of macro '__DEF_IF_HOST'
  169 | __SM_32_INTRINSICS_DECL__ short2 __ldca(const short2 *ptr) __DEF_IF_HOST
      |                                                            ^~~~~~~~~~~~~
/usr/local/cuda/include/sm_32_intrinsics.h: In function 'short4 __ldca(const short4*)':
/usr/local/cuda/include/sm_32_intrinsics.h:74:25: warning: no return statement in function returning non-void [-Wreturn-type]
   74 | #define __DEF_IF_HOST { }
      |                         ^
/usr/local/cuda/include/sm_32_intrinsics.h:170:60: note: in expansion of macro '__DEF_IF_HOST'
  170 | __SM_32_INTRINSICS_DECL__ short4 __ldca(const short4 *ptr) __DEF_IF_HOST
      |                                                            ^~~~~~~~~~~~~
/usr/local/cuda/include/sm_32_intrinsics.h: In function 'int2 __ldca(const int2*)':
/usr/local/cuda/include/sm_32_intrinsics.h:74:25: warning: no return statement in function returning non-void [-Wreturn-type]
   74 | #define __DEF_IF_HOST { }
      |                         ^
/usr/local/cuda/include/sm_32_intrinsics.h:171:56: note: in expansion of macro '__DEF_IF_HOST'
  171 | __SM_32_INTRINSICS_DECL__ int2 __ldca(const int2 *ptr) __DEF_IF_HOST
      |                                                        ^~~~~~~~~~~~~
/usr/local/cuda/include/sm_32_intrinsics.h: In function 'int4 __ldca(const int4*)':
/usr/local/cuda/include/sm_32_intrinsics.h:74:25: warning: no return statement in function returning non-void [-Wreturn-type]
   74 | #define __DEF_IF_HOST { }
      |                         ^
/usr/local/cuda/include/sm_32_intrinsics.h:172:56: note: in expansion of macro '__DEF_IF_HOST'
  172 | __SM_32_INTRINSICS_DECL__ int4 __ldca(const int4 *ptr) __DEF_IF_HOST
      |                                                        ^~~~~~~~~~~~~
/usr/local/cuda/include/sm_32_intrinsics.h: In function 'longlong2 __ldca(const longlong2*)':
/usr/local/cuda/include/sm_32_intrinsics.h:74:25: warning: no return statement in function returning non-void [-Wreturn-type]
   74 | #define __DEF_IF_HOST { }
      |                         ^
/usr/local/cuda/include/sm_32_intrinsics.h:173:66: note: in expansion of macro '__DEF_IF_HOST'
  173 | __SM_32_INTRINSICS_DECL__ longlong2 __ldca(const longlong2 *ptr) __DEF_IF_HOST
      |                                                                  ^~~~~~~~~~~~~
/usr/local/cuda/include/sm_32_intrinsics.h: In function 'unsigned char __ldca(const unsigned char*)':
/usr/local/cuda/include/sm_32_intrinsics.h:74:25: warning: no return statement in function returning non-void [-Wreturn-type]
   74 | #define __DEF_IF_HOST { }
      |                         ^
/usr/local/cuda/include/sm_32_intrinsics.h:175:74: note: in expansion of macro '__DEF_IF_HOST'
  175 | __SM_32_INTRINSICS_DECL__ unsigned char __ldca(const unsigned char *ptr) __DEF_IF_HOST
      |                                                                          ^~~~~~~~~~~~~
/usr/local/cuda/include/sm_32_intrinsics.h: In function 'short unsigned int __ldca(const short unsigned int*)':
/usr/local/cuda/include/sm_32_intrinsics.h:74:25: warning: no return statement in function returning non-void [-Wreturn-type]
   74 | #define __DEF_IF_HOST { }
      |                         ^
/usr/local/cuda/include/sm_32_intrinsics.h:176:76: note: in expansion of macro '__DEF_IF_HOST'
  176 | __SM_32_INTRINSICS_DECL__ unsigned short __ldca(const unsigned short *ptr) __DEF_IF_HOST
      |                                                                            ^~~~~~~~~~~~~
/usr/local/cuda/include/sm_32_intrinsics.h: In function 'unsigned int __ldca(const unsigned int*)':
/usr/local/cuda/include/sm_32_intrinsics.h:74:25: warning: no return statement in function returning non-void [-Wreturn-type]
   74 | #define __DEF_IF_HOST { }
      |                         ^
/usr/local/cuda/include/sm_32_intrinsics.h:177:72: note: in expansion of macro '__DEF_IF_HOST'
  177 | __SM_32_INTRINSICS_DECL__ unsigned int __ldca(const unsigned int *ptr) __DEF_IF_HOST
      |                                                                        ^~~~~~~~~~~~~
/usr/local/cuda/include/sm_32_intrinsics.h: In function 'long long unsigned int __ldca(const long long unsigned int*)':
/usr/local/cuda/include/sm_32_intrinsics.h:74:25: warning: no return statement in function returning non-void [-Wreturn-type]
   74 | #define __DEF_IF_HOST { }
      |                         ^
/usr/local/cuda/include/sm_32_intrinsics.h:178:84: note: in expansion of macro '__DEF_IF_HOST'
  178 | __SM_32_INTRINSICS_DECL__ unsigned long long __ldca(const unsigned long long *ptr) __DEF_IF_HOST
      |                                                                                    ^~~~~~~~~~~~~
/usr/local/cuda/include/sm_32_intrinsics.h: In function 'uchar2 __ldca(const uchar2*)':
/usr/local/cuda/include/sm_32_intrinsics.h:74:25: warning: no return statement in function returning non-void [-Wreturn-type]
   74 | #define __DEF_IF_HOST { }
      |                         ^
/usr/local/cuda/include/sm_32_intrinsics.h:179:60: note: in expansion of macro '__DEF_IF_HOST'
  179 | __SM_32_INTRINSICS_DECL__ uchar2 __ldca(const uchar2 *ptr) __DEF_IF_HOST
      |                                                            ^~~~~~~~~~~~~
/usr/local/cuda/include/sm_32_intrinsics.h: In function 'uchar4 __ldca(const uchar4*)':
/usr/local/cuda/include/sm_32_intrinsics.h:74:25: warning: no return statement in function returning non-void [-Wreturn-type]
   74 | #define __DEF_IF_HOST { }
      |                         ^
/usr/local/cuda/include/sm_32_intrinsics.h:180:60: note: in expansion of macro '__DEF_IF_HOST'
  180 | __SM_32_INTRINSICS_DECL__ uchar4 __ldca(const uchar4 *ptr) __DEF_IF_HOST
      |                                                            ^~~~~~~~~~~~~
/usr/local/cuda/include/sm_32_intrinsics.h: In function 'ushort2 __ldca(const ushort2*)':
/usr/local/cuda/include/sm_32_intrinsics.h:74:25: warning: no return statement in function returning non-void [-Wreturn-type]
   74 | #define __DEF_IF_HOST { }
      |                         ^
/usr/local/cuda/include/sm_32_intrinsics.h:181:62: note: in expansion of macro '__DEF_IF_HOST'
  181 | __SM_32_INTRINSICS_DECL__ ushort2 __ldca(const ushort2 *ptr) __DEF_IF_HOST
      |                                                              ^~~~~~~~~~~~~
/usr/local/cuda/include/sm_32_intrinsics.h: In function 'ushort4 __ldca(const ushort4*)':
/usr/local/cuda/include/sm_32_intrinsics.h:74:25: warning: no return statement in function returning non-void [-Wreturn-type]
   74 | #define __DEF_IF_HOST { }
      |                         ^
/usr/local/cuda/include/sm_32_intrinsics.h:182:62: note: in expansion of macro '__DEF_IF_HOST'
  182 | __SM_32_INTRINSICS_DECL__ ushort4 __ldca(const ushort4 *ptr) __DEF_IF_HOST
      |                                                              ^~~~~~~~~~~~~
/usr/local/cuda/include/sm_32_intrinsics.h: In function 'uint2 __ldca(const uint2*)':
/usr/local/cuda/include/sm_32_intrinsics.h:74:25: warning: no return statement in function returning non-void [-Wreturn-type]
   74 | #define __DEF_IF_HOST { }
      |                         ^
/usr/local/cuda/include/sm_32_intrinsics.h:183:58: note: in expansion of macro '__DEF_IF_HOST'
  183 | __SM_32_INTRINSICS_DECL__ uint2 __ldca(const uint2 *ptr) __DEF_IF_HOST
      |                                                          ^~~~~~~~~~~~~
/usr/local/cuda/include/sm_32_intrinsics.h: In function 'uint4 __ldca(const uint4*)':
/usr/local/cuda/include/sm_32_intrinsics.h:74:25: warning: no return statement in function returning non-void [-Wreturn-type]
   74 | #define __DEF_IF_HOST { }
      |                         ^
/usr/local/cuda/include/sm_32_intrinsics.h:184:58: note: in expansion of macro '__DEF_IF_HOST'
  184 | __SM_32_INTRINSICS_DECL__ uint4 __ldca(const uint4 *ptr) __DEF_IF_HOST
      |                                                          ^~~~~~~~~~~~~
/usr/local/cuda/include/sm_32_intrinsics.h: In function 'ulonglong2 __ldca(const ulonglong2*)':
/usr/local/cuda/include/sm_32_intrinsics.h:74:25: warning: no return statement in function returning non-void [-Wreturn-type]
   74 | #define __DEF_IF_HOST { }
      |                         ^
/usr/local/cuda/include/sm_32_intrinsics.h:185:68: note: in expansion of macro '__DEF_IF_HOST'
  185 | __SM_32_INTRINSICS_DECL__ ulonglong2 __ldca(const ulonglong2 *ptr) __DEF_IF_HOST
      |                                                                    ^~~~~~~~~~~~~
/usr/local/cuda/include/sm_32_intrinsics.h: In function 'float __ldca(const float*)':
/usr/local/cuda/include/sm_32_intrinsics.h:74:25: warning: no return statement in function returning non-void [-Wreturn-type]
   74 | #define __DEF_IF_HOST { }
      |                         ^
/usr/local/cuda/include/sm_32_intrinsics.h:187:58: note: in expansion of macro '__DEF_IF_HOST'
  187 | __SM_32_INTRINSICS_DECL__ float __ldca(const float *ptr) __DEF_IF_HOST
      |                                                          ^~~~~~~~~~~~~
/usr/local/cuda/include/sm_32_intrinsics.h: In function 'double __ldca(const double*)':
/usr/local/cuda/include/sm_32_intrinsics.h:74:25: warning: no return statement in function returning non-void [-Wreturn-type]
   74 | #define __DEF_IF_HOST { }
      |                         ^
/usr/local/cuda/include/sm_32_intrinsics.h:188:60: note: in expansion of macro '__DEF_IF_HOST'
  188 | __SM_32_INTRINSICS_DECL__ double __ldca(const double *ptr) __DEF_IF_HOST
      |                                                            ^~~~~~~~~~~~~
/usr/local/cuda/include/sm_32_intrinsics.h: In function 'float2 __ldca(const float2*)':
/usr/local/cuda/include/sm_32_intrinsics.h:74:25: warning: no return statement in function returning non-void [-Wreturn-type]
   74 | #define __DEF_IF_HOST { }
      |                         ^
/usr/local/cuda/include/sm_32_intrinsics.h:189:60: note: in expansion of macro '__DEF_IF_HOST'
  189 | __SM_32_INTRINSICS_DECL__ float2 __ldca(const float2 *ptr) __DEF_IF_HOST
      |                                                            ^~~~~~~~~~~~~
/usr/local/cuda/include/sm_32_intrinsics.h: In function 'float4 __ldca(const float4*)':
/usr/local/cuda/include/sm_32_intrinsics.h:74:25: warning: no return statement in function returning non-void [-Wreturn-type]
   74 | #define __DEF_IF_HOST { }
      |                         ^
/usr/local/cuda/include/sm_32_intrinsics.h:190:60: note: in expansion of macro '__DEF_IF_HOST'
  190 | __SM_32_INTRINSICS_DECL__ float4 __ldca(const float4 *ptr) __DEF_IF_HOST
      |                                                            ^~~~~~~~~~~~~
/usr/local/cuda/include/sm_32_intrinsics.h: In function 'double2 __ldca(const double2*)':
/usr/local/cuda/include/sm_32_intrinsics.h:74:25: warning: no return statement in function returning non-void [-Wreturn-type]
   74 | #define __DEF_IF_HOST { }
      |                         ^
/usr/local/cuda/include/sm_32_intrinsics.h:191:62: note: in expansion of macro '__DEF_IF_HOST'
  191 | __SM_32_INTRINSICS_DECL__ double2 __ldca(const double2 *ptr) __DEF_IF_HOST
      |                                                              ^~~~~~~~~~~~~
/usr/local/cuda/include/sm_32_intrinsics.h: In function 'long int __ldcs(const long int*)':
/usr/local/cuda/include/sm_32_intrinsics.h:74:25: warning: no return statement in function returning non-void [-Wreturn-type]
   74 | #define __DEF_IF_HOST { }
      |                         ^
/usr/local/cuda/include/sm_32_intrinsics.h:195:56: note: in expansion of macro '__DEF_IF_HOST'
  195 | __SM_32_INTRINSICS_DECL__ long __ldcs(const long *ptr) __DEF_IF_HOST
      |                                                        ^~~~~~~~~~~~~
/usr/local/cuda/include/sm_32_intrinsics.h: In function 'long unsigned int __ldcs(const long unsigned int*)':
/usr/local/cuda/include/sm_32_intrinsics.h:74:25: warning: no return statement in function returning non-void [-Wreturn-type]
   74 | #define __DEF_IF_HOST { }
      |                         ^
/usr/local/cuda/include/sm_32_intrinsics.h:196:74: note: in expansion of macro '__DEF_IF_HOST'
  196 | __SM_32_INTRINSICS_DECL__ unsigned long __ldcs(const unsigned long *ptr) __DEF_IF_HOST
      |                                                                          ^~~~~~~~~~~~~
/usr/local/cuda/include/sm_32_intrinsics.h: In function 'char __ldcs(const char*)':
/usr/local/cuda/include/sm_32_intrinsics.h:74:25: warning: no return statement in function returning non-void [-Wreturn-type]
   74 | #define __DEF_IF_HOST { }
      |                         ^
/usr/local/cuda/include/sm_32_intrinsics.h:198:56: note: in expansion of macro '__DEF_IF_HOST'
  198 | __SM_32_INTRINSICS_DECL__ char __ldcs(const char *ptr) __DEF_IF_HOST
      |                                                        ^~~~~~~~~~~~~
/usr/local/cuda/include/sm_32_intrinsics.h: In function 'signed char __ldcs(const signed char*)':
/usr/local/cuda/include/sm_32_intrinsics.h:74:25: warning: no return statement in function returning non-void [-Wreturn-type]
   74 | #define __DEF_IF_HOST { }
      |                         ^
/usr/local/cuda/include/sm_32_intrinsics.h:199:70: note: in expansion of macro '__DEF_IF_HOST'
  199 | __SM_32_INTRINSICS_DECL__ signed char __ldcs(const signed char *ptr) __DEF_IF_HOST
      |                                                                      ^~~~~~~~~~~~~
/usr/local/cuda/include/sm_32_intrinsics.h: In function 'short int __ldcs(const short int*)':
/usr/local/cuda/include/sm_32_intrinsics.h:74:25: warning: no return statement in function returning non-void [-Wreturn-type]
   74 | #define __DEF_IF_HOST { }
      |                         ^
/usr/local/cuda/include/sm_32_intrinsics.h:200:58: note: in expansion of macro '__DEF_IF_HOST'
  200 | __SM_32_INTRINSICS_DECL__ short __ldcs(const short *ptr) __DEF_IF_HOST
      |                                                          ^~~~~~~~~~~~~
/usr/local/cuda/include/sm_32_intrinsics.h: In function 'int __ldcs(const int*)':
/usr/local/cuda/include/sm_32_intrinsics.h:74:25: warning: no return statement in function returning non-void [-Wreturn-type]
   74 | #define __DEF_IF_HOST { }
      |                         ^
/usr/local/cuda/include/sm_32_intrinsics.h:201:54: note: in expansion of macro '__DEF_IF_HOST'
  201 | __SM_32_INTRINSICS_DECL__ int __ldcs(const int *ptr) __DEF_IF_HOST
      |                                                      ^~~~~~~~~~~~~
/usr/local/cuda/include/sm_32_intrinsics.h: In function 'long long int __ldcs(const long long int*)':
/usr/local/cuda/include/sm_32_intrinsics.h:74:25: warning: no return statement in function returning non-void [-Wreturn-type]
   74 | #define __DEF_IF_HOST { }
      |                         ^
/usr/local/cuda/include/sm_32_intrinsics.h:202:66: note: in expansion of macro '__DEF_IF_HOST'
  202 | __SM_32_INTRINSICS_DECL__ long long __ldcs(const long long *ptr) __DEF_IF_HOST
      |                                                                  ^~~~~~~~~~~~~
/usr/local/cuda/include/sm_32_intrinsics.h: In function 'char2 __ldcs(const char2*)':
/usr/local/cuda/include/sm_32_intrinsics.h:74:25: warning: no return statement in function returning non-void [-Wreturn-type]
   74 | #define __DEF_IF_HOST { }
      |                         ^
/usr/local/cuda/include/sm_32_intrinsics.h:203:58: note: in expansion of macro '__DEF_IF_HOST'
  203 | __SM_32_INTRINSICS_DECL__ char2 __ldcs(const char2 *ptr) __DEF_IF_HOST
      |                                                          ^~~~~~~~~~~~~
/usr/local/cuda/include/sm_32_intrinsics.h: In function 'char4 __ldcs(const char4*)':
/usr/local/cuda/include/sm_32_intrinsics.h:74:25: warning: no return statement in function returning non-void [-Wreturn-type]
   74 | #define __DEF_IF_HOST { }
      |                         ^
/usr/local/cuda/include/sm_32_intrinsics.h:204:58: note: in expansion of macro '__DEF_IF_HOST'
  204 | __SM_32_INTRINSICS_DECL__ char4 __ldcs(const char4 *ptr) __DEF_IF_HOST
      |                                                          ^~~~~~~~~~~~~
/usr/local/cuda/include/sm_32_intrinsics.h: In function 'short2 __ldcs(const short2*)':
/usr/local/cuda/include/sm_32_intrinsics.h:74:25: warning: no return statement in function returning non-void [-Wreturn-type]
   74 | #define __DEF_IF_HOST { }
      |                         ^
/usr/local/cuda/include/sm_32_intrinsics.h:205:60: note: in expansion of macro '__DEF_IF_HOST'
  205 | __SM_32_INTRINSICS_DECL__ short2 __ldcs(const short2 *ptr) __DEF_IF_HOST
      |                                                            ^~~~~~~~~~~~~
/usr/local/cuda/include/sm_32_intrinsics.h: In function 'short4 __ldcs(const short4*)':
/usr/local/cuda/include/sm_32_intrinsics.h:74:25: warning: no return statement in function returning non-void [-Wreturn-type]
   74 | #define __DEF_IF_HOST { }
      |                         ^
/usr/local/cuda/include/sm_32_intrinsics.h:206:60: note: in expansion of macro '__DEF_IF_HOST'
  206 | __SM_32_INTRINSICS_DECL__ short4 __ldcs(const short4 *ptr) __DEF_IF_HOST
      |                                                            ^~~~~~~~~~~~~
/usr/local/cuda/include/sm_32_intrinsics.h: In function 'int2 __ldcs(const int2*)':
/usr/local/cuda/include/sm_32_intrinsics.h:74:25: warning: no return statement in function returning non-void [-Wreturn-type]
   74 | #define __DEF_IF_HOST { }
      |                         ^
/usr/local/cuda/include/sm_32_intrinsics.h:207:56: note: in expansion of macro '__DEF_IF_HOST'
  207 | __SM_32_INTRINSICS_DECL__ int2 __ldcs(const int2 *ptr) __DEF_IF_HOST
      |                                                        ^~~~~~~~~~~~~
/usr/local/cuda/include/sm_32_intrinsics.h: In function 'int4 __ldcs(const int4*)':
/usr/local/cuda/include/sm_32_intrinsics.h:74:25: warning: no return statement in function returning non-void [-Wreturn-type]
   74 | #define __DEF_IF_HOST { }
      |                         ^
/usr/local/cuda/include/sm_32_intrinsics.h:208:56: note: in expansion of macro '__DEF_IF_HOST'
  208 | __SM_32_INTRINSICS_DECL__ int4 __ldcs(const int4 *ptr) __DEF_IF_HOST
      |                                                        ^~~~~~~~~~~~~
/usr/local/cuda/include/sm_32_intrinsics.h: In function 'longlong2 __ldcs(const longlong2*)':
/usr/local/cuda/include/sm_32_intrinsics.h:74:25: warning: no return statement in function returning non-void [-Wreturn-type]
   74 | #define __DEF_IF_HOST { }
      |                         ^
/usr/local/cuda/include/sm_32_intrinsics.h:209:66: note: in expansion of macro '__DEF_IF_HOST'
  209 | __SM_32_INTRINSICS_DECL__ longlong2 __ldcs(const longlong2 *ptr) __DEF_IF_HOST
      |                                                                  ^~~~~~~~~~~~~
/usr/local/cuda/include/sm_32_intrinsics.h: In function 'unsigned char __ldcs(const unsigned char*)':
/usr/local/cuda/include/sm_32_intrinsics.h:74:25: warning: no return statement in function returning non-void [-Wreturn-type]
   74 | #define __DEF_IF_HOST { }
      |                         ^
/usr/local/cuda/include/sm_32_intrinsics.h:211:74: note: in expansion of macro '__DEF_IF_HOST'
  211 | __SM_32_INTRINSICS_DECL__ unsigned char __ldcs(const unsigned char *ptr) __DEF_IF_HOST
      |                                                                          ^~~~~~~~~~~~~
/usr/local/cuda/include/sm_32_intrinsics.h: In function 'short unsigned int __ldcs(const short unsigned int*)':
/usr/local/cuda/include/sm_32_intrinsics.h:74:25: warning: no return statement in function returning non-void [-Wreturn-type]
   74 | #define __DEF_IF_HOST { }
      |                         ^
/usr/local/cuda/include/sm_32_intrinsics.h:212:76: note: in expansion of macro '__DEF_IF_HOST'
  212 | __SM_32_INTRINSICS_DECL__ unsigned short __ldcs(const unsigned short *ptr) __DEF_IF_HOST
      |                                                                            ^~~~~~~~~~~~~
/usr/local/cuda/include/sm_32_intrinsics.h: In function 'unsigned int __ldcs(const unsigned int*)':
/usr/local/cuda/include/sm_32_intrinsics.h:74:25: warning: no return statement in function returning non-void [-Wreturn-type]
   74 | #define __DEF_IF_HOST { }
      |                         ^
/usr/local/cuda/include/sm_32_intrinsics.h:213:72: note: in expansion of macro '__DEF_IF_HOST'
  213 | __SM_32_INTRINSICS_DECL__ unsigned int __ldcs(const unsigned int *ptr) __DEF_IF_HOST
      |                                                                        ^~~~~~~~~~~~~
/usr/local/cuda/include/sm_32_intrinsics.h: In function 'long long unsigned int __ldcs(const long long unsigned int*)':
/usr/local/cuda/include/sm_32_intrinsics.h:74:25: warning: no return statement in function returning non-void [-Wreturn-type]
   74 | #define __DEF_IF_HOST { }
      |                         ^
/usr/local/cuda/include/sm_32_intrinsics.h:214:84: note: in expansion of macro '__DEF_IF_HOST'
  214 | __SM_32_INTRINSICS_DECL__ unsigned long long __ldcs(const unsigned long long *ptr) __DEF_IF_HOST
      |                                                                                    ^~~~~~~~~~~~~
/usr/local/cuda/include/sm_32_intrinsics.h: In function 'uchar2 __ldcs(const uchar2*)':
/usr/local/cuda/include/sm_32_intrinsics.h:74:25: warning: no return statement in function returning non-void [-Wreturn-type]
   74 | #define __DEF_IF_HOST { }
      |                         ^
/usr/local/cuda/include/sm_32_intrinsics.h:215:60: note: in expansion of macro '__DEF_IF_HOST'
  215 | __SM_32_INTRINSICS_DECL__ uchar2 __ldcs(const uchar2 *ptr) __DEF_IF_HOST
      |                                                            ^~~~~~~~~~~~~
/usr/local/cuda/include/sm_32_intrinsics.h: In function 'uchar4 __ldcs(const uchar4*)':
/usr/local/cuda/include/sm_32_intrinsics.h:74:25: warning: no return statement in function returning non-void [-Wreturn-type]
   74 | #define __DEF_IF_HOST { }
      |                         ^
/usr/local/cuda/include/sm_32_intrinsics.h:216:60: note: in expansion of macro '__DEF_IF_HOST'
  216 | __SM_32_INTRINSICS_DECL__ uchar4 __ldcs(const uchar4 *ptr) __DEF_IF_HOST
      |                                                            ^~~~~~~~~~~~~
/usr/local/cuda/include/sm_32_intrinsics.h: In function 'ushort2 __ldcs(const ushort2*)':
/usr/local/cuda/include/sm_32_intrinsics.h:74:25: warning: no return statement in function returning non-void [-Wreturn-type]
   74 | #define __DEF_IF_HOST { }
      |                         ^
/usr/local/cuda/include/sm_32_intrinsics.h:217:62: note: in expansion of macro '__DEF_IF_HOST'
  217 | __SM_32_INTRINSICS_DECL__ ushort2 __ldcs(const ushort2 *ptr) __DEF_IF_HOST
      |                                                              ^~~~~~~~~~~~~
/usr/local/cuda/include/sm_32_intrinsics.h: In function 'ushort4 __ldcs(const ushort4*)':
/usr/local/cuda/include/sm_32_intrinsics.h:74:25: warning: no return statement in function returning non-void [-Wreturn-type]
   74 | #define __DEF_IF_HOST { }
      |                         ^
/usr/local/cuda/include/sm_32_intrinsics.h:218:62: note: in expansion of macro '__DEF_IF_HOST'
  218 | __SM_32_INTRINSICS_DECL__ ushort4 __ldcs(const ushort4 *ptr) __DEF_IF_HOST
      |                                                              ^~~~~~~~~~~~~
/usr/local/cuda/include/sm_32_intrinsics.h: In function 'uint2 __ldcs(const uint2*)':
/usr/local/cuda/include/sm_32_intrinsics.h:74:25: warning: no return statement in function returning non-void [-Wreturn-type]
   74 | #define __DEF_IF_HOST { }
      |                         ^
/usr/local/cuda/include/sm_32_intrinsics.h:219:58: note: in expansion of macro '__DEF_IF_HOST'
  219 | __SM_32_INTRINSICS_DECL__ uint2 __ldcs(const uint2 *ptr) __DEF_IF_HOST
      |                                                          ^~~~~~~~~~~~~
/usr/local/cuda/include/sm_32_intrinsics.h: In function 'uint4 __ldcs(const uint4*)':
/usr/local/cuda/include/sm_32_intrinsics.h:74:25: warning: no return statement in function returning non-void [-Wreturn-type]
   74 | #define __DEF_IF_HOST { }
      |                         ^
/usr/local/cuda/include/sm_32_intrinsics.h:220:58: note: in expansion of macro '__DEF_IF_HOST'
  220 | __SM_32_INTRINSICS_DECL__ uint4 __ldcs(const uint4 *ptr) __DEF_IF_HOST
      |                                                          ^~~~~~~~~~~~~
/usr/local/cuda/include/sm_32_intrinsics.h: In function 'ulonglong2 __ldcs(const ulonglong2*)':
/usr/local/cuda/include/sm_32_intrinsics.h:74:25: warning: no return statement in function returning non-void [-Wreturn-type]
   74 | #define __DEF_IF_HOST { }
      |                         ^
/usr/local/cuda/include/sm_32_intrinsics.h:221:68: note: in expansion of macro '__DEF_IF_HOST'
  221 | __SM_32_INTRINSICS_DECL__ ulonglong2 __ldcs(const ulonglong2 *ptr) __DEF_IF_HOST
      |                                                                    ^~~~~~~~~~~~~
/usr/local/cuda/include/sm_32_intrinsics.h: In function 'float __ldcs(const float*)':
/usr/local/cuda/include/sm_32_intrinsics.h:74:25: warning: no return statement in function returning non-void [-Wreturn-type]
   74 | #define __DEF_IF_HOST { }
      |                         ^
/usr/local/cuda/include/sm_32_intrinsics.h:223:58: note: in expansion of macro '__DEF_IF_HOST'
  223 | __SM_32_INTRINSICS_DECL__ float __ldcs(const float *ptr) __DEF_IF_HOST
      |                                                          ^~~~~~~~~~~~~
/usr/local/cuda/include/sm_32_intrinsics.h: In function 'double __ldcs(const double*)':
/usr/local/cuda/include/sm_32_intrinsics.h:74:25: warning: no return statement in function returning non-void [-Wreturn-type]
   74 | #define __DEF_IF_HOST { }
      |                         ^
/usr/local/cuda/include/sm_32_intrinsics.h:224:60: note: in expansion of macro '__DEF_IF_HOST'
  224 | __SM_32_INTRINSICS_DECL__ double __ldcs(const double *ptr) __DEF_IF_HOST
      |                                                            ^~~~~~~~~~~~~
/usr/local/cuda/include/sm_32_intrinsics.h: In function 'float2 __ldcs(const float2*)':
/usr/local/cuda/include/sm_32_intrinsics.h:74:25: warning: no return statement in function returning non-void [-Wreturn-type]
   74 | #define __DEF_IF_HOST { }
      |                         ^
/usr/local/cuda/include/sm_32_intrinsics.h:225:60: note: in expansion of macro '__DEF_IF_HOST'
  225 | __SM_32_INTRINSICS_DECL__ float2 __ldcs(const float2 *ptr) __DEF_IF_HOST
      |                                                            ^~~~~~~~~~~~~
/usr/local/cuda/include/sm_32_intrinsics.h: In function 'float4 __ldcs(const float4*)':
/usr/local/cuda/include/sm_32_intrinsics.h:74:25: warning: no return statement in function returning non-void [-Wreturn-type]
   74 | #define __DEF_IF_HOST { }
      |                         ^
/usr/local/cuda/include/sm_32_intrinsics.h:226:60: note: in expansion of macro '__DEF_IF_HOST'
  226 | __SM_32_INTRINSICS_DECL__ float4 __ldcs(const float4 *ptr) __DEF_IF_HOST
      |                                                            ^~~~~~~~~~~~~
/usr/local/cuda/include/sm_32_intrinsics.h: In function 'double2 __ldcs(const double2*)':
/usr/local/cuda/include/sm_32_intrinsics.h:74:25: warning: no return statement in function returning non-void [-Wreturn-type]
   74 | #define __DEF_IF_HOST { }
      |                         ^
/usr/local/cuda/include/sm_32_intrinsics.h:227:62: note: in expansion of macro '__DEF_IF_HOST'
  227 | __SM_32_INTRINSICS_DECL__ double2 __ldcs(const double2 *ptr) __DEF_IF_HOST
      |                                                              ^~~~~~~~~~~~~
/usr/local/cuda/include/sm_32_intrinsics.h: In function 'long int __ldlu(const long int*)':
/usr/local/cuda/include/sm_32_intrinsics.h:74:25: warning: no return statement in function returning non-void [-Wreturn-type]
   74 | #define __DEF_IF_HOST { }
      |                         ^
/usr/local/cuda/include/sm_32_intrinsics.h:231:56: note: in expansion of macro '__DEF_IF_HOST'
  231 | __SM_32_INTRINSICS_DECL__ long __ldlu(const long *ptr) __DEF_IF_HOST
      |                                                        ^~~~~~~~~~~~~
/usr/local/cuda/include/sm_32_intrinsics.h: In function 'long unsigned int __ldlu(const long unsigned int*)':
/usr/local/cuda/include/sm_32_intrinsics.h:74:25: warning: no return statement in function returning non-void [-Wreturn-type]
   74 | #define __DEF_IF_HOST { }
      |                         ^
/usr/local/cuda/include/sm_32_intrinsics.h:232:74: note: in expansion of macro '__DEF_IF_HOST'
  232 | __SM_32_INTRINSICS_DECL__ unsigned long __ldlu(const unsigned long *ptr) __DEF_IF_HOST
      |                                                                          ^~~~~~~~~~~~~
/usr/local/cuda/include/sm_32_intrinsics.h: In function 'char __ldlu(const char*)':
/usr/local/cuda/include/sm_32_intrinsics.h:74:25: warning: no return statement in function returning non-void [-Wreturn-type]
   74 | #define __DEF_IF_HOST { }
      |                         ^
/usr/local/cuda/include/sm_32_intrinsics.h:234:56: note: in expansion of macro '__DEF_IF_HOST'
  234 | __SM_32_INTRINSICS_DECL__ char __ldlu(const char *ptr) __DEF_IF_HOST
      |                                                        ^~~~~~~~~~~~~
/usr/local/cuda/include/sm_32_intrinsics.h: In function 'signed char __ldlu(const signed char*)':
/usr/local/cuda/include/sm_32_intrinsics.h:74:25: warning: no return statement in function returning non-void [-Wreturn-type]
   74 | #define __DEF_IF_HOST { }
      |                         ^
/usr/local/cuda/include/sm_32_intrinsics.h:235:70: note: in expansion of macro '__DEF_IF_HOST'
  235 | __SM_32_INTRINSICS_DECL__ signed char __ldlu(const signed char *ptr) __DEF_IF_HOST
      |                                                                      ^~~~~~~~~~~~~
/usr/local/cuda/include/sm_32_intrinsics.h: In function 'short int __ldlu(const short int*)':
/usr/local/cuda/include/sm_32_intrinsics.h:74:25: warning: no return statement in function returning non-void [-Wreturn-type]
   74 | #define __DEF_IF_HOST { }
      |                         ^
/usr/local/cuda/include/sm_32_intrinsics.h:236:58: note: in expansion of macro '__DEF_IF_HOST'
  236 | __SM_32_INTRINSICS_DECL__ short __ldlu(const short *ptr) __DEF_IF_HOST
      |                                                          ^~~~~~~~~~~~~
/usr/local/cuda/include/sm_32_intrinsics.h: In function 'int __ldlu(const int*)':
/usr/local/cuda/include/sm_32_intrinsics.h:74:25: warning: no return statement in function returning non-void [-Wreturn-type]
   74 | #define __DEF_IF_HOST { }
      |                         ^
/usr/local/cuda/include/sm_32_intrinsics.h:237:54: note: in expansion of macro '__DEF_IF_HOST'
  237 | __SM_32_INTRINSICS_DECL__ int __ldlu(const int *ptr) __DEF_IF_HOST
      |                                                      ^~~~~~~~~~~~~
/usr/local/cuda/include/sm_32_intrinsics.h: In function 'long long int __ldlu(const long long int*)':
/usr/local/cuda/include/sm_32_intrinsics.h:74:25: warning: no return statement in function returning non-void [-Wreturn-type]
   74 | #define __DEF_IF_HOST { }
      |                         ^
/usr/local/cuda/include/sm_32_intrinsics.h:238:66: note: in expansion of macro '__DEF_IF_HOST'
  238 | __SM_32_INTRINSICS_DECL__ long long __ldlu(const long long *ptr) __DEF_IF_HOST
      |                                                                  ^~~~~~~~~~~~~
/usr/local/cuda/include/sm_32_intrinsics.h: In function 'char2 __ldlu(const char2*)':
/usr/local/cuda/include/sm_32_intrinsics.h:74:25: warning: no return statement in function returning non-void [-Wreturn-type]
   74 | #define __DEF_IF_HOST { }
      |                         ^
/usr/local/cuda/include/sm_32_intrinsics.h:239:58: note: in expansion of macro '__DEF_IF_HOST'
  239 | __SM_32_INTRINSICS_DECL__ char2 __ldlu(const char2 *ptr) __DEF_IF_HOST
      |                                                          ^~~~~~~~~~~~~
/usr/local/cuda/include/sm_32_intrinsics.h: In function 'char4 __ldlu(const char4*)':
/usr/local/cuda/include/sm_32_intrinsics.h:74:25: warning: no return statement in function returning non-void [-Wreturn-type]
   74 | #define __DEF_IF_HOST { }
      |                         ^
/usr/local/cuda/include/sm_32_intrinsics.h:240:58: note: in expansion of macro '__DEF_IF_HOST'
  240 | __SM_32_INTRINSICS_DECL__ char4 __ldlu(const char4 *ptr) __DEF_IF_HOST
      |                                                          ^~~~~~~~~~~~~
/usr/local/cuda/include/sm_32_intrinsics.h: In function 'short2 __ldlu(const short2*)':
/usr/local/cuda/include/sm_32_intrinsics.h:74:25: warning: no return statement in function returning non-void [-Wreturn-type]
   74 | #define __DEF_IF_HOST { }
      |                         ^
/usr/local/cuda/include/sm_32_intrinsics.h:241:60: note: in expansion of macro '__DEF_IF_HOST'
  241 | __SM_32_INTRINSICS_DECL__ short2 __ldlu(const short2 *ptr) __DEF_IF_HOST
      |                                                            ^~~~~~~~~~~~~
/usr/local/cuda/include/sm_32_intrinsics.h: In function 'short4 __ldlu(const short4*)':
/usr/local/cuda/include/sm_32_intrinsics.h:74:25: warning: no return statement in function returning non-void [-Wreturn-type]
   74 | #define __DEF_IF_HOST { }
      |                         ^
/usr/local/cuda/include/sm_32_intrinsics.h:242:60: note: in expansion of macro '__DEF_IF_HOST'
  242 | __SM_32_INTRINSICS_DECL__ short4 __ldlu(const short4 *ptr) __DEF_IF_HOST
      |                                                            ^~~~~~~~~~~~~
/usr/local/cuda/include/sm_32_intrinsics.h: In function 'int2 __ldlu(const int2*)':
/usr/local/cuda/include/sm_32_intrinsics.h:74:25: warning: no return statement in function returning non-void [-Wreturn-type]
   74 | #define __DEF_IF_HOST { }
      |                         ^
/usr/local/cuda/include/sm_32_intrinsics.h:243:56: note: in expansion of macro '__DEF_IF_HOST'
  243 | __SM_32_INTRINSICS_DECL__ int2 __ldlu(const int2 *ptr) __DEF_IF_HOST
      |                                                        ^~~~~~~~~~~~~
/usr/local/cuda/include/sm_32_intrinsics.h: In function 'int4 __ldlu(const int4*)':
/usr/local/cuda/include/sm_32_intrinsics.h:74:25: warning: no return statement in function returning non-void [-Wreturn-type]
   74 | #define __DEF_IF_HOST { }
      |                         ^
/usr/local/cuda/include/sm_32_intrinsics.h:244:56: note: in expansion of macro '__DEF_IF_HOST'
  244 | __SM_32_INTRINSICS_DECL__ int4 __ldlu(const int4 *ptr) __DEF_IF_HOST
      |                                                        ^~~~~~~~~~~~~
/usr/local/cuda/include/sm_32_intrinsics.h: In function 'longlong2 __ldlu(const longlong2*)':
/usr/local/cuda/include/sm_32_intrinsics.h:74:25: warning: no return statement in function returning non-void [-Wreturn-type]
   74 | #define __DEF_IF_HOST { }
      |                         ^
/usr/local/cuda/include/sm_32_intrinsics.h:245:66: note: in expansion of macro '__DEF_IF_HOST'
  245 | __SM_32_INTRINSICS_DECL__ longlong2 __ldlu(const longlong2 *ptr) __DEF_IF_HOST
      |                                                                  ^~~~~~~~~~~~~
/usr/local/cuda/include/sm_32_intrinsics.h: In function 'unsigned char __ldlu(const unsigned char*)':
/usr/local/cuda/include/sm_32_intrinsics.h:74:25: warning: no return statement in function returning non-void [-Wreturn-type]
   74 | #define __DEF_IF_HOST { }
      |                         ^
/usr/local/cuda/include/sm_32_intrinsics.h:247:74: note: in expansion of macro '__DEF_IF_HOST'
  247 | __SM_32_INTRINSICS_DECL__ unsigned char __ldlu(const unsigned char *ptr) __DEF_IF_HOST
      |                                                                          ^~~~~~~~~~~~~
/usr/local/cuda/include/sm_32_intrinsics.h: In function 'short unsigned int __ldlu(const short unsigned int*)':
/usr/local/cuda/include/sm_32_intrinsics.h:74:25: warning: no return statement in function returning non-void [-Wreturn-type]
   74 | #define __DEF_IF_HOST { }
      |                         ^
/usr/local/cuda/include/sm_32_intrinsics.h:248:76: note: in expansion of macro '__DEF_IF_HOST'
  248 | __SM_32_INTRINSICS_DECL__ unsigned short __ldlu(const unsigned short *ptr) __DEF_IF_HOST
      |                                                                            ^~~~~~~~~~~~~
/usr/local/cuda/include/sm_32_intrinsics.h: In function 'unsigned int __ldlu(const unsigned int*)':
/usr/local/cuda/include/sm_32_intrinsics.h:74:25: warning: no return statement in function returning non-void [-Wreturn-type]
   74 | #define __DEF_IF_HOST { }
      |                         ^
/usr/local/cuda/include/sm_32_intrinsics.h:249:72: note: in expansion of macro '__DEF_IF_HOST'
  249 | __SM_32_INTRINSICS_DECL__ unsigned int __ldlu(const unsigned int *ptr) __DEF_IF_HOST
      |                                                                        ^~~~~~~~~~~~~
/usr/local/cuda/include/sm_32_intrinsics.h: In function 'long long unsigned int __ldlu(const long long unsigned int*)':
/usr/local/cuda/include/sm_32_intrinsics.h:74:25: warning: no return statement in function returning non-void [-Wreturn-type]
   74 | #define __DEF_IF_HOST { }
      |                         ^
/usr/local/cuda/include/sm_32_intrinsics.h:250:84: note: in expansion of macro '__DEF_IF_HOST'
  250 | __SM_32_INTRINSICS_DECL__ unsigned long long __ldlu(const unsigned long long *ptr) __DEF_IF_HOST
      |                                                                                    ^~~~~~~~~~~~~
/usr/local/cuda/include/sm_32_intrinsics.h: In function 'uchar2 __ldlu(const uchar2*)':
/usr/local/cuda/include/sm_32_intrinsics.h:74:25: warning: no return statement in function returning non-void [-Wreturn-type]
   74 | #define __DEF_IF_HOST { }
      |                         ^
/usr/local/cuda/include/sm_32_intrinsics.h:251:60: note: in expansion of macro '__DEF_IF_HOST'
  251 | __SM_32_INTRINSICS_DECL__ uchar2 __ldlu(const uchar2 *ptr) __DEF_IF_HOST
      |                                                            ^~~~~~~~~~~~~
/usr/local/cuda/include/sm_32_intrinsics.h: In function 'uchar4 __ldlu(const uchar4*)':
/usr/local/cuda/include/sm_32_intrinsics.h:74:25: warning: no return statement in function returning non-void [-Wreturn-type]
   74 | #define __DEF_IF_HOST { }
      |                         ^
/usr/local/cuda/include/sm_32_intrinsics.h:252:60: note: in expansion of macro '__DEF_IF_HOST'
  252 | __SM_32_INTRINSICS_DECL__ uchar4 __ldlu(const uchar4 *ptr) __DEF_IF_HOST
      |                                                            ^~~~~~~~~~~~~
/usr/local/cuda/include/sm_32_intrinsics.h: In function 'ushort2 __ldlu(const ushort2*)':
/usr/local/cuda/include/sm_32_intrinsics.h:74:25: warning: no return statement in function returning non-void [-Wreturn-type]
   74 | #define __DEF_IF_HOST { }
      |                         ^
/usr/local/cuda/include/sm_32_intrinsics.h:253:62: note: in expansion of macro '__DEF_IF_HOST'
  253 | __SM_32_INTRINSICS_DECL__ ushort2 __ldlu(const ushort2 *ptr) __DEF_IF_HOST
      |                                                              ^~~~~~~~~~~~~
/usr/local/cuda/include/sm_32_intrinsics.h: In function 'ushort4 __ldlu(const ushort4*)':
/usr/local/cuda/include/sm_32_intrinsics.h:74:25: warning: no return statement in function returning non-void [-Wreturn-type]
   74 | #define __DEF_IF_HOST { }
      |                         ^
/usr/local/cuda/include/sm_32_intrinsics.h:254:62: note: in expansion of macro '__DEF_IF_HOST'
  254 | __SM_32_INTRINSICS_DECL__ ushort4 __ldlu(const ushort4 *ptr) __DEF_IF_HOST
      |                                                              ^~~~~~~~~~~~~
/usr/local/cuda/include/sm_32_intrinsics.h: In function 'uint2 __ldlu(const uint2*)':
/usr/local/cuda/include/sm_32_intrinsics.h:74:25: warning: no return statement in function returning non-void [-Wreturn-type]
   74 | #define __DEF_IF_HOST { }
      |                         ^
/usr/local/cuda/include/sm_32_intrinsics.h:255:58: note: in expansion of macro '__DEF_IF_HOST'
  255 | __SM_32_INTRINSICS_DECL__ uint2 __ldlu(const uint2 *ptr) __DEF_IF_HOST
      |                                                          ^~~~~~~~~~~~~
/usr/local/cuda/include/sm_32_intrinsics.h: In function 'uint4 __ldlu(const uint4*)':
/usr/local/cuda/include/sm_32_intrinsics.h:74:25: warning: no return statement in function returning non-void [-Wreturn-type]
   74 | #define __DEF_IF_HOST { }
      |                         ^
/usr/local/cuda/include/sm_32_intrinsics.h:256:58: note: in expansion of macro '__DEF_IF_HOST'
  256 | __SM_32_INTRINSICS_DECL__ uint4 __ldlu(const uint4 *ptr) __DEF_IF_HOST
      |                                                          ^~~~~~~~~~~~~
/usr/local/cuda/include/sm_32_intrinsics.h: In function 'ulonglong2 __ldlu(const ulonglong2*)':
/usr/local/cuda/include/sm_32_intrinsics.h:74:25: warning: no return statement in function returning non-void [-Wreturn-type]
   74 | #define __DEF_IF_HOST { }
      |                         ^
/usr/local/cuda/include/sm_32_intrinsics.h:257:68: note: in expansion of macro '__DEF_IF_HOST'
  257 | __SM_32_INTRINSICS_DECL__ ulonglong2 __ldlu(const ulonglong2 *ptr) __DEF_IF_HOST
      |                                                                    ^~~~~~~~~~~~~
/usr/local/cuda/include/sm_32_intrinsics.h: In function 'float __ldlu(const float*)':
/usr/local/cuda/include/sm_32_intrinsics.h:74:25: warning: no return statement in function returning non-void [-Wreturn-type]
   74 | #define __DEF_IF_HOST { }
      |                         ^
/usr/local/cuda/include/sm_32_intrinsics.h:259:58: note: in expansion of macro '__DEF_IF_HOST'
  259 | __SM_32_INTRINSICS_DECL__ float __ldlu(const float *ptr) __DEF_IF_HOST
      |                                                          ^~~~~~~~~~~~~
/usr/local/cuda/include/sm_32_intrinsics.h: In function 'double __ldlu(const double*)':
/usr/local/cuda/include/sm_32_intrinsics.h:74:25: warning: no return statement in function returning non-void [-Wreturn-type]
   74 | #define __DEF_IF_HOST { }
      |                         ^
/usr/local/cuda/include/sm_32_intrinsics.h:260:60: note: in expansion of macro '__DEF_IF_HOST'
  260 | __SM_32_INTRINSICS_DECL__ double __ldlu(const double *ptr) __DEF_IF_HOST
      |                                                            ^~~~~~~~~~~~~
/usr/local/cuda/include/sm_32_intrinsics.h: In function 'float2 __ldlu(const float2*)':
/usr/local/cuda/include/sm_32_intrinsics.h:74:25: warning: no return statement in function returning non-void [-Wreturn-type]
   74 | #define __DEF_IF_HOST { }
      |                         ^
/usr/local/cuda/include/sm_32_intrinsics.h:261:60: note: in expansion of macro '__DEF_IF_HOST'
  261 | __SM_32_INTRINSICS_DECL__ float2 __ldlu(const float2 *ptr) __DEF_IF_HOST
      |                                                            ^~~~~~~~~~~~~
/usr/local/cuda/include/sm_32_intrinsics.h: In function 'float4 __ldlu(const float4*)':
/usr/local/cuda/include/sm_32_intrinsics.h:74:25: warning: no return statement in function returning non-void [-Wreturn-type]
   74 | #define __DEF_IF_HOST { }
      |                         ^
/usr/local/cuda/include/sm_32_intrinsics.h:262:60: note: in expansion of macro '__DEF_IF_HOST'
  262 | __SM_32_INTRINSICS_DECL__ float4 __ldlu(const float4 *ptr) __DEF_IF_HOST
      |                                                            ^~~~~~~~~~~~~
/usr/local/cuda/include/sm_32_intrinsics.h: In function 'double2 __ldlu(const double2*)':
/usr/local/cuda/include/sm_32_intrinsics.h:74:25: warning: no return statement in function returning non-void [-Wreturn-type]
   74 | #define __DEF_IF_HOST { }
      |                         ^
/usr/local/cuda/include/sm_32_intrinsics.h:263:62: note: in expansion of macro '__DEF_IF_HOST'
  263 | __SM_32_INTRINSICS_DECL__ double2 __ldlu(const double2 *ptr) __DEF_IF_HOST
      |                                                              ^~~~~~~~~~~~~
/usr/local/cuda/include/sm_32_intrinsics.h: In function 'long int __ldcv(const long int*)':
/usr/local/cuda/include/sm_32_intrinsics.h:74:25: warning: no return statement in function returning non-void [-Wreturn-type]
   74 | #define __DEF_IF_HOST { }
      |                         ^
/usr/local/cuda/include/sm_32_intrinsics.h:267:56: note: in expansion of macro '__DEF_IF_HOST'
  267 | __SM_32_INTRINSICS_DECL__ long __ldcv(const long *ptr) __DEF_IF_HOST
      |                                                        ^~~~~~~~~~~~~
/usr/local/cuda/include/sm_32_intrinsics.h: In function 'long unsigned int __ldcv(const long unsigned int*)':
/usr/local/cuda/include/sm_32_intrinsics.h:74:25: warning: no return statement in function returning non-void [-Wreturn-type]
   74 | #define __DEF_IF_HOST { }
      |                         ^
/usr/local/cuda/include/sm_32_intrinsics.h:268:74: note: in expansion of macro '__DEF_IF_HOST'
  268 | __SM_32_INTRINSICS_DECL__ unsigned long __ldcv(const unsigned long *ptr) __DEF_IF_HOST
      |                                                                          ^~~~~~~~~~~~~
/usr/local/cuda/include/sm_32_intrinsics.h: In function 'char __ldcv(const char*)':
/usr/local/cuda/include/sm_32_intrinsics.h:74:25: warning: no return statement in function returning non-void [-Wreturn-type]
   74 | #define __DEF_IF_HOST { }
      |                         ^
/usr/local/cuda/include/sm_32_intrinsics.h:270:56: note: in expansion of macro '__DEF_IF_HOST'
  270 | __SM_32_INTRINSICS_DECL__ char __ldcv(const char *ptr) __DEF_IF_HOST
      |                                                        ^~~~~~~~~~~~~
/usr/local/cuda/include/sm_32_intrinsics.h: In function 'signed char __ldcv(const signed char*)':
/usr/local/cuda/include/sm_32_intrinsics.h:74:25: warning: no return statement in function returning non-void [-Wreturn-type]
   74 | #define __DEF_IF_HOST { }
      |                         ^
/usr/local/cuda/include/sm_32_intrinsics.h:271:70: note: in expansion of macro '__DEF_IF_HOST'
  271 | __SM_32_INTRINSICS_DECL__ signed char __ldcv(const signed char *ptr) __DEF_IF_HOST
      |                                                                      ^~~~~~~~~~~~~
/usr/local/cuda/include/sm_32_intrinsics.h: In function 'short int __ldcv(const short int*)':
/usr/local/cuda/include/sm_32_intrinsics.h:74:25: warning: no return statement in function returning non-void [-Wreturn-type]
   74 | #define __DEF_IF_HOST { }
      |                         ^
/usr/local/cuda/include/sm_32_intrinsics.h:272:58: note: in expansion of macro '__DEF_IF_HOST'
  272 | __SM_32_INTRINSICS_DECL__ short __ldcv(const short *ptr) __DEF_IF_HOST
      |                                                          ^~~~~~~~~~~~~
/usr/local/cuda/include/sm_32_intrinsics.h: In function 'int __ldcv(const int*)':
/usr/local/cuda/include/sm_32_intrinsics.h:74:25: warning: no return statement in function returning non-void [-Wreturn-type]
   74 | #define __DEF_IF_HOST { }
      |                         ^
/usr/local/cuda/include/sm_32_intrinsics.h:273:54: note: in expansion of macro '__DEF_IF_HOST'
  273 | __SM_32_INTRINSICS_DECL__ int __ldcv(const int *ptr) __DEF_IF_HOST
      |                                                      ^~~~~~~~~~~~~
/usr/local/cuda/include/sm_32_intrinsics.h: In function 'long long int __ldcv(const long long int*)':
/usr/local/cuda/include/sm_32_intrinsics.h:74:25: warning: no return statement in function returning non-void [-Wreturn-type]
   74 | #define __DEF_IF_HOST { }
      |                         ^
/usr/local/cuda/include/sm_32_intrinsics.h:274:66: note: in expansion of macro '__DEF_IF_HOST'
  274 | __SM_32_INTRINSICS_DECL__ long long __ldcv(const long long *ptr) __DEF_IF_HOST
      |                                                                  ^~~~~~~~~~~~~
/usr/local/cuda/include/sm_32_intrinsics.h: In function 'char2 __ldcv(const char2*)':
/usr/local/cuda/include/sm_32_intrinsics.h:74:25: warning: no return statement in function returning non-void [-Wreturn-type]
   74 | #define __DEF_IF_HOST { }
      |                         ^
/usr/local/cuda/include/sm_32_intrinsics.h:275:58: note: in expansion of macro '__DEF_IF_HOST'
  275 | __SM_32_INTRINSICS_DECL__ char2 __ldcv(const char2 *ptr) __DEF_IF_HOST
      |                                                          ^~~~~~~~~~~~~
/usr/local/cuda/include/sm_32_intrinsics.h: In function 'char4 __ldcv(const char4*)':
/usr/local/cuda/include/sm_32_intrinsics.h:74:25: warning: no return statement in function returning non-void [-Wreturn-type]
   74 | #define __DEF_IF_HOST { }
      |                         ^
/usr/local/cuda/include/sm_32_intrinsics.h:276:58: note: in expansion of macro '__DEF_IF_HOST'
  276 | __SM_32_INTRINSICS_DECL__ char4 __ldcv(const char4 *ptr) __DEF_IF_HOST
      |                                                          ^~~~~~~~~~~~~
/usr/local/cuda/include/sm_32_intrinsics.h: In function 'short2 __ldcv(const short2*)':
/usr/local/cuda/include/sm_32_intrinsics.h:74:25: warning: no return statement in function returning non-void [-Wreturn-type]
   74 | #define __DEF_IF_HOST { }
      |                         ^
/usr/local/cuda/include/sm_32_intrinsics.h:277:60: note: in expansion of macro '__DEF_IF_HOST'
  277 | __SM_32_INTRINSICS_DECL__ short2 __ldcv(const short2 *ptr) __DEF_IF_HOST
      |                                                            ^~~~~~~~~~~~~
/usr/local/cuda/include/sm_32_intrinsics.h: In function 'short4 __ldcv(const short4*)':
/usr/local/cuda/include/sm_32_intrinsics.h:74:25: warning: no return statement in function returning non-void [-Wreturn-type]
   74 | #define __DEF_IF_HOST { }
      |                         ^
/usr/local/cuda/include/sm_32_intrinsics.h:278:60: note: in expansion of macro '__DEF_IF_HOST'
  278 | __SM_32_INTRINSICS_DECL__ short4 __ldcv(const short4 *ptr) __DEF_IF_HOST
      |                                                            ^~~~~~~~~~~~~
/usr/local/cuda/include/sm_32_intrinsics.h: In function 'int2 __ldcv(const int2*)':
/usr/local/cuda/include/sm_32_intrinsics.h:74:25: warning: no return statement in function returning non-void [-Wreturn-type]
   74 | #define __DEF_IF_HOST { }
      |                         ^
/usr/local/cuda/include/sm_32_intrinsics.h:279:56: note: in expansion of macro '__DEF_IF_HOST'
  279 | __SM_32_INTRINSICS_DECL__ int2 __ldcv(const int2 *ptr) __DEF_IF_HOST
      |                                                        ^~~~~~~~~~~~~
/usr/local/cuda/include/sm_32_intrinsics.h: In function 'int4 __ldcv(const int4*)':
/usr/local/cuda/include/sm_32_intrinsics.h:74:25: warning: no return statement in function returning non-void [-Wreturn-type]
   74 | #define __DEF_IF_HOST { }
      |                         ^
/usr/local/cuda/include/sm_32_intrinsics.h:280:56: note: in expansion of macro '__DEF_IF_HOST'
  280 | __SM_32_INTRINSICS_DECL__ int4 __ldcv(const int4 *ptr) __DEF_IF_HOST
      |                                                        ^~~~~~~~~~~~~
/usr/local/cuda/include/sm_32_intrinsics.h: In function 'longlong2 __ldcv(const longlong2*)':
/usr/local/cuda/include/sm_32_intrinsics.h:74:25: warning: no return statement in function returning non-void [-Wreturn-type]
   74 | #define __DEF_IF_HOST { }
      |                         ^
/usr/local/cuda/include/sm_32_intrinsics.h:281:66: note: in expansion of macro '__DEF_IF_HOST'
  281 | __SM_32_INTRINSICS_DECL__ longlong2 __ldcv(const longlong2 *ptr) __DEF_IF_HOST
      |                                                                  ^~~~~~~~~~~~~
/usr/local/cuda/include/sm_32_intrinsics.h: In function 'unsigned char __ldcv(const unsigned char*)':
/usr/local/cuda/include/sm_32_intrinsics.h:74:25: warning: no return statement in function returning non-void [-Wreturn-type]
   74 | #define __DEF_IF_HOST { }
      |                         ^
/usr/local/cuda/include/sm_32_intrinsics.h:283:74: note: in expansion of macro '__DEF_IF_HOST'
  283 | __SM_32_INTRINSICS_DECL__ unsigned char __ldcv(const unsigned char *ptr) __DEF_IF_HOST
      |                                                                          ^~~~~~~~~~~~~
/usr/local/cuda/include/sm_32_intrinsics.h: In function 'short unsigned int __ldcv(const short unsigned int*)':
/usr/local/cuda/include/sm_32_intrinsics.h:74:25: warning: no return statement in function returning non-void [-Wreturn-type]
   74 | #define __DEF_IF_HOST { }
      |                         ^
/usr/local/cuda/include/sm_32_intrinsics.h:284:76: note: in expansion of macro '__DEF_IF_HOST'
  284 | __SM_32_INTRINSICS_DECL__ unsigned short __ldcv(const unsigned short *ptr) __DEF_IF_HOST
      |                                                                            ^~~~~~~~~~~~~
/usr/local/cuda/include/sm_32_intrinsics.h: In function 'unsigned int __ldcv(const unsigned int*)':
/usr/local/cuda/include/sm_32_intrinsics.h:74:25: warning: no return statement in function returning non-void [-Wreturn-type]
   74 | #define __DEF_IF_HOST { }
      |                         ^
/usr/local/cuda/include/sm_32_intrinsics.h:285:72: note: in expansion of macro '__DEF_IF_HOST'
  285 | __SM_32_INTRINSICS_DECL__ unsigned int __ldcv(const unsigned int *ptr) __DEF_IF_HOST
      |                                                                        ^~~~~~~~~~~~~
/usr/local/cuda/include/sm_32_intrinsics.h: In function 'long long unsigned int __ldcv(const long long unsigned int*)':
/usr/local/cuda/include/sm_32_intrinsics.h:74:25: warning: no return statement in function returning non-void [-Wreturn-type]
   74 | #define __DEF_IF_HOST { }
      |                         ^
/usr/local/cuda/include/sm_32_intrinsics.h:286:84: note: in expansion of macro '__DEF_IF_HOST'
  286 | __SM_32_INTRINSICS_DECL__ unsigned long long __ldcv(const unsigned long long *ptr) __DEF_IF_HOST
      |                                                                                    ^~~~~~~~~~~~~
/usr/local/cuda/include/sm_32_intrinsics.h: In function 'uchar2 __ldcv(const uchar2*)':
/usr/local/cuda/include/sm_32_intrinsics.h:74:25: warning: no return statement in function returning non-void [-Wreturn-type]
   74 | #define __DEF_IF_HOST { }
      |                         ^
/usr/local/cuda/include/sm_32_intrinsics.h:287:60: note: in expansion of macro '__DEF_IF_HOST'
  287 | __SM_32_INTRINSICS_DECL__ uchar2 __ldcv(const uchar2 *ptr) __DEF_IF_HOST
      |                                                            ^~~~~~~~~~~~~
/usr/local/cuda/include/sm_32_intrinsics.h: In function 'uchar4 __ldcv(const uchar4*)':
/usr/local/cuda/include/sm_32_intrinsics.h:74:25: warning: no return statement in function returning non-void [-Wreturn-type]
   74 | #define __DEF_IF_HOST { }
      |                         ^
/usr/local/cuda/include/sm_32_intrinsics.h:288:60: note: in expansion of macro '__DEF_IF_HOST'
  288 | __SM_32_INTRINSICS_DECL__ uchar4 __ldcv(const uchar4 *ptr) __DEF_IF_HOST
      |                                                            ^~~~~~~~~~~~~
/usr/local/cuda/include/sm_32_intrinsics.h: In function 'ushort2 __ldcv(const ushort2*)':
/usr/local/cuda/include/sm_32_intrinsics.h:74:25: warning: no return statement in function returning non-void [-Wreturn-type]
   74 | #define __DEF_IF_HOST { }
      |                         ^
/usr/local/cuda/include/sm_32_intrinsics.h:289:62: note: in expansion of macro '__DEF_IF_HOST'
  289 | __SM_32_INTRINSICS_DECL__ ushort2 __ldcv(const ushort2 *ptr) __DEF_IF_HOST
      |                                                              ^~~~~~~~~~~~~
/usr/local/cuda/include/sm_32_intrinsics.h: In function 'ushort4 __ldcv(const ushort4*)':
/usr/local/cuda/include/sm_32_intrinsics.h:74:25: warning: no return statement in function returning non-void [-Wreturn-type]
   74 | #define __DEF_IF_HOST { }
      |                         ^
/usr/local/cuda/include/sm_32_intrinsics.h:290:62: note: in expansion of macro '__DEF_IF_HOST'
  290 | __SM_32_INTRINSICS_DECL__ ushort4 __ldcv(const ushort4 *ptr) __DEF_IF_HOST
      |                                                              ^~~~~~~~~~~~~
/usr/local/cuda/include/sm_32_intrinsics.h: In function 'uint2 __ldcv(const uint2*)':
/usr/local/cuda/include/sm_32_intrinsics.h:74:25: warning: no return statement in function returning non-void [-Wreturn-type]
   74 | #define __DEF_IF_HOST { }
      |                         ^
/usr/local/cuda/include/sm_32_intrinsics.h:291:58: note: in expansion of macro '__DEF_IF_HOST'
  291 | __SM_32_INTRINSICS_DECL__ uint2 __ldcv(const uint2 *ptr) __DEF_IF_HOST
      |                                                          ^~~~~~~~~~~~~
/usr/local/cuda/include/sm_32_intrinsics.h: In function 'uint4 __ldcv(const uint4*)':
/usr/local/cuda/include/sm_32_intrinsics.h:74:25: warning: no return statement in function returning non-void [-Wreturn-type]
   74 | #define __DEF_IF_HOST { }
      |                         ^
/usr/local/cuda/include/sm_32_intrinsics.h:292:58: note: in expansion of macro '__DEF_IF_HOST'
  292 | __SM_32_INTRINSICS_DECL__ uint4 __ldcv(const uint4 *ptr) __DEF_IF_HOST
      |                                                          ^~~~~~~~~~~~~
/usr/local/cuda/include/sm_32_intrinsics.h: In function 'ulonglong2 __ldcv(const ulonglong2*)':
/usr/local/cuda/include/sm_32_intrinsics.h:74:25: warning: no return statement in function returning non-void [-Wreturn-type]
   74 | #define __DEF_IF_HOST { }
      |                         ^
/usr/local/cuda/include/sm_32_intrinsics.h:293:68: note: in expansion of macro '__DEF_IF_HOST'
  293 | __SM_32_INTRINSICS_DECL__ ulonglong2 __ldcv(const ulonglong2 *ptr) __DEF_IF_HOST
      |                                                                    ^~~~~~~~~~~~~
/usr/local/cuda/include/sm_32_intrinsics.h: In function 'float __ldcv(const float*)':
/usr/local/cuda/include/sm_32_intrinsics.h:74:25: warning: no return statement in function returning non-void [-Wreturn-type]
   74 | #define __DEF_IF_HOST { }
      |                         ^
/usr/local/cuda/include/sm_32_intrinsics.h:295:58: note: in expansion of macro '__DEF_IF_HOST'
  295 | __SM_32_INTRINSICS_DECL__ float __ldcv(const float *ptr) __DEF_IF_HOST
      |                                                          ^~~~~~~~~~~~~
/usr/local/cuda/include/sm_32_intrinsics.h: In function 'double __ldcv(const double*)':
/usr/local/cuda/include/sm_32_intrinsics.h:74:25: warning: no return statement in function returning non-void [-Wreturn-type]
   74 | #define __DEF_IF_HOST { }
      |                         ^
/usr/local/cuda/include/sm_32_intrinsics.h:296:60: note: in expansion of macro '__DEF_IF_HOST'
  296 | __SM_32_INTRINSICS_DECL__ double __ldcv(const double *ptr) __DEF_IF_HOST
      |                                                            ^~~~~~~~~~~~~
/usr/local/cuda/include/sm_32_intrinsics.h: In function 'float2 __ldcv(const float2*)':
/usr/local/cuda/include/sm_32_intrinsics.h:74:25: warning: no return statement in function returning non-void [-Wreturn-type]
   74 | #define __DEF_IF_HOST { }
      |                         ^
/usr/local/cuda/include/sm_32_intrinsics.h:297:60: note: in expansion of macro '__DEF_IF_HOST'
  297 | __SM_32_INTRINSICS_DECL__ float2 __ldcv(const float2 *ptr) __DEF_IF_HOST
      |                                                            ^~~~~~~~~~~~~
/usr/local/cuda/include/sm_32_intrinsics.h: In function 'float4 __ldcv(const float4*)':
/usr/local/cuda/include/sm_32_intrinsics.h:74:25: warning: no return statement in function returning non-void [-Wreturn-type]
   74 | #define __DEF_IF_HOST { }
      |                         ^
/usr/local/cuda/include/sm_32_intrinsics.h:298:60: note: in expansion of macro '__DEF_IF_HOST'
  298 | __SM_32_INTRINSICS_DECL__ float4 __ldcv(const float4 *ptr) __DEF_IF_HOST
      |                                                            ^~~~~~~~~~~~~
/usr/local/cuda/include/sm_32_intrinsics.h: In function 'double2 __ldcv(const double2*)':
/usr/local/cuda/include/sm_32_intrinsics.h:74:25: warning: no return statement in function returning non-void [-Wreturn-type]
   74 | #define __DEF_IF_HOST { }
      |                         ^
/usr/local/cuda/include/sm_32_intrinsics.h:299:62: note: in expansion of macro '__DEF_IF_HOST'
  299 | __SM_32_INTRINSICS_DECL__ double2 __ldcv(const double2 *ptr) __DEF_IF_HOST
      |                                                              ^~~~~~~~~~~~~
/usr/local/cuda/include/sm_32_intrinsics.h: In function 'unsigned int __funnelshift_l(unsigned int, unsigned int, unsigned int)':
/usr/local/cuda/include/sm_32_intrinsics.h:74:25: warning: no return statement in function returning non-void [-Wreturn-type]
   74 | #define __DEF_IF_HOST { }
      |                         ^
/usr/local/cuda/include/sm_32_intrinsics.h:460:110: note: in expansion of macro '__DEF_IF_HOST'
  460 | __SM_32_INTRINSICS_DECL__ unsigned int __funnelshift_l(unsigned int lo, unsigned int hi, unsigned int shift) __DEF_IF_HOST
      |                                                                                                              ^~~~~~~~~~~~~
/usr/local/cuda/include/sm_32_intrinsics.h: In function 'unsigned int __funnelshift_lc(unsigned int, unsigned int, unsigned int)':
/usr/local/cuda/include/sm_32_intrinsics.h:74:25: warning: no return statement in function returning non-void [-Wreturn-type]
   74 | #define __DEF_IF_HOST { }
      |                         ^
/usr/local/cuda/include/sm_32_intrinsics.h:472:111: note: in expansion of macro '__DEF_IF_HOST'
  472 | __SM_32_INTRINSICS_DECL__ unsigned int __funnelshift_lc(unsigned int lo, unsigned int hi, unsigned int shift) __DEF_IF_HOST
      |                                                                                                               ^~~~~~~~~~~~~
/usr/local/cuda/include/sm_32_intrinsics.h: In function 'unsigned int __funnelshift_r(unsigned int, unsigned int, unsigned int)':
/usr/local/cuda/include/sm_32_intrinsics.h:74:25: warning: no return statement in function returning non-void [-Wreturn-type]
   74 | #define __DEF_IF_HOST { }
      |                         ^
/usr/local/cuda/include/sm_32_intrinsics.h:485:110: note: in expansion of macro '__DEF_IF_HOST'
  485 | __SM_32_INTRINSICS_DECL__ unsigned int __funnelshift_r(unsigned int lo, unsigned int hi, unsigned int shift) __DEF_IF_HOST
      |                                                                                                              ^~~~~~~~~~~~~
/usr/local/cuda/include/sm_32_intrinsics.h: In function 'unsigned int __funnelshift_rc(unsigned int, unsigned int, unsigned int)':
/usr/local/cuda/include/sm_32_intrinsics.h:74:25: warning: no return statement in function returning non-void [-Wreturn-type]
   74 | #define __DEF_IF_HOST { }
      |                         ^
/usr/local/cuda/include/sm_32_intrinsics.h:497:111: note: in expansion of macro '__DEF_IF_HOST'
  497 | __SM_32_INTRINSICS_DECL__ unsigned int __funnelshift_rc(unsigned int lo, unsigned int hi, unsigned int shift) __DEF_IF_HOST
      |                                                                                                               ^~~~~~~~~~~~~
In file included from /usr/local/cuda/include/crt/device_functions.h:3625,
                 from /home/GVirtuS/GVirtuS/plugins/cudart/backend/CudaRtHandler.h:71,
                 from /home/GVirtuS/GVirtuS/plugins/cudart/backend/CudaRtHandler_version.cpp:26:
/usr/local/cuda/include/sm_61_intrinsics.h: In function 'int __dp2a_lo(int, int, int)':
/usr/local/cuda/include/sm_61_intrinsics.h:72:25: warning: no return statement in function returning non-void [-Wreturn-type]
   72 | #define __DEF_IF_HOST { }
      |                         ^
/usr/local/cuda/include/sm_61_intrinsics.h:99:68: note: in expansion of macro '__DEF_IF_HOST'
   99 | __SM_61_INTRINSICS_DECL__ int __dp2a_lo(int srcA, int srcB, int c) __DEF_IF_HOST
      |                                                                    ^~~~~~~~~~~~~
/usr/local/cuda/include/sm_61_intrinsics.h: In function 'unsigned int __dp2a_lo(unsigned int, unsigned int, unsigned int)':
/usr/local/cuda/include/sm_61_intrinsics.h:72:25: warning: no return statement in function returning non-void [-Wreturn-type]
   72 | #define __DEF_IF_HOST { }
      |                         ^
/usr/local/cuda/include/sm_61_intrinsics.h:110:104: note: in expansion of macro '__DEF_IF_HOST'
  110 | __SM_61_INTRINSICS_DECL__ unsigned int __dp2a_lo(unsigned int srcA, unsigned int srcB, unsigned int c) __DEF_IF_HOST
      |                                                                                                        ^~~~~~~~~~~~~
/usr/local/cuda/include/sm_61_intrinsics.h: In function 'int __dp2a_lo(short2, char4, int)':
/usr/local/cuda/include/sm_61_intrinsics.h:72:25: warning: no return statement in function returning non-void [-Wreturn-type]
   72 | #define __DEF_IF_HOST { }
      |                         ^
/usr/local/cuda/include/sm_61_intrinsics.h:122:73: note: in expansion of macro '__DEF_IF_HOST'
  122 | __SM_61_INTRINSICS_DECL__ int __dp2a_lo(short2 srcA, char4 srcB, int c) __DEF_IF_HOST
      |                                                                         ^~~~~~~~~~~~~
/usr/local/cuda/include/sm_61_intrinsics.h: In function 'unsigned int __dp2a_lo(ushort2, uchar4, unsigned int)':
/usr/local/cuda/include/sm_61_intrinsics.h:72:25: warning: no return statement in function returning non-void [-Wreturn-type]
   72 | #define __DEF_IF_HOST { }
      |                         ^
/usr/local/cuda/include/sm_61_intrinsics.h:133:93: note: in expansion of macro '__DEF_IF_HOST'
  133 | __SM_61_INTRINSICS_DECL__ unsigned int __dp2a_lo(ushort2 srcA, uchar4 srcB, unsigned int c) __DEF_IF_HOST
      |                                                                                             ^~~~~~~~~~~~~
/usr/local/cuda/include/sm_61_intrinsics.h: In function 'int __dp2a_hi(int, int, int)':
/usr/local/cuda/include/sm_61_intrinsics.h:72:25: warning: no return statement in function returning non-void [-Wreturn-type]
   72 | #define __DEF_IF_HOST { }
      |                         ^
/usr/local/cuda/include/sm_61_intrinsics.h:145:68: note: in expansion of macro '__DEF_IF_HOST'
  145 | __SM_61_INTRINSICS_DECL__ int __dp2a_hi(int srcA, int srcB, int c) __DEF_IF_HOST
      |                                                                    ^~~~~~~~~~~~~
/usr/local/cuda/include/sm_61_intrinsics.h: In function 'unsigned int __dp2a_hi(unsigned int, unsigned int, unsigned int)':
/usr/local/cuda/include/sm_61_intrinsics.h:72:25: warning: no return statement in function returning non-void [-Wreturn-type]
   72 | #define __DEF_IF_HOST { }
      |                         ^
/usr/local/cuda/include/sm_61_intrinsics.h:156:104: note: in expansion of macro '__DEF_IF_HOST'
  156 | __SM_61_INTRINSICS_DECL__ unsigned int __dp2a_hi(unsigned int srcA, unsigned int srcB, unsigned int c) __DEF_IF_HOST
      |                                                                                                        ^~~~~~~~~~~~~
/usr/local/cuda/include/sm_61_intrinsics.h: In function 'int __dp2a_hi(short2, char4, int)':
/usr/local/cuda/include/sm_61_intrinsics.h:72:25: warning: no return statement in function returning non-void [-Wreturn-type]
   72 | #define __DEF_IF_HOST { }
      |                         ^
/usr/local/cuda/include/sm_61_intrinsics.h:168:73: note: in expansion of macro '__DEF_IF_HOST'
  168 | __SM_61_INTRINSICS_DECL__ int __dp2a_hi(short2 srcA, char4 srcB, int c) __DEF_IF_HOST
      |                                                                         ^~~~~~~~~~~~~
/usr/local/cuda/include/sm_61_intrinsics.h: In function 'unsigned int __dp2a_hi(ushort2, uchar4, unsigned int)':
/usr/local/cuda/include/sm_61_intrinsics.h:72:25: warning: no return statement in function returning non-void [-Wreturn-type]
   72 | #define __DEF_IF_HOST { }
      |                         ^
/usr/local/cuda/include/sm_61_intrinsics.h:179:93: note: in expansion of macro '__DEF_IF_HOST'
  179 | __SM_61_INTRINSICS_DECL__ unsigned int __dp2a_hi(ushort2 srcA, uchar4 srcB, unsigned int c) __DEF_IF_HOST
      |                                                                                             ^~~~~~~~~~~~~
/usr/local/cuda/include/sm_61_intrinsics.h: In function 'int __dp4a(int, int, int)':
/usr/local/cuda/include/sm_61_intrinsics.h:72:25: warning: no return statement in function returning non-void [-Wreturn-type]
   72 | #define __DEF_IF_HOST { }
      |                         ^
/usr/local/cuda/include/sm_61_intrinsics.h:194:65: note: in expansion of macro '__DEF_IF_HOST'
  194 | __SM_61_INTRINSICS_DECL__ int __dp4a(int srcA, int srcB, int c) __DEF_IF_HOST
      |                                                                 ^~~~~~~~~~~~~
/usr/local/cuda/include/sm_61_intrinsics.h: In function 'unsigned int __dp4a(unsigned int, unsigned int, unsigned int)':
/usr/local/cuda/include/sm_61_intrinsics.h:72:25: warning: no return statement in function returning non-void [-Wreturn-type]
   72 | #define __DEF_IF_HOST { }
      |                         ^
/usr/local/cuda/include/sm_61_intrinsics.h:203:101: note: in expansion of macro '__DEF_IF_HOST'
  203 | __SM_61_INTRINSICS_DECL__ unsigned int __dp4a(unsigned int srcA, unsigned int srcB, unsigned int c) __DEF_IF_HOST
      |                                                                                                     ^~~~~~~~~~~~~
/usr/local/cuda/include/sm_61_intrinsics.h: In function 'int __dp4a(char4, char4, int)':
/usr/local/cuda/include/sm_61_intrinsics.h:72:25: warning: no return statement in function returning non-void [-Wreturn-type]
   72 | #define __DEF_IF_HOST { }
      |                         ^
/usr/local/cuda/include/sm_61_intrinsics.h:213:69: note: in expansion of macro '__DEF_IF_HOST'
  213 | __SM_61_INTRINSICS_DECL__ int __dp4a(char4 srcA, char4 srcB, int c) __DEF_IF_HOST
      |                                                                     ^~~~~~~~~~~~~
/usr/local/cuda/include/sm_61_intrinsics.h: In function 'unsigned int __dp4a(uchar4, uchar4, unsigned int)':
/usr/local/cuda/include/sm_61_intrinsics.h:72:25: warning: no return statement in function returning non-void [-Wreturn-type]
   72 | #define __DEF_IF_HOST { }
      |                         ^
/usr/local/cuda/include/sm_61_intrinsics.h:222:89: note: in expansion of macro '__DEF_IF_HOST'
  222 | __SM_61_INTRINSICS_DECL__ unsigned int __dp4a(uchar4 srcA, uchar4 srcB, unsigned int c) __DEF_IF_HOST
      |                                                                                         ^~~~~~~~~~~~~
In file included from /usr/local/cuda/include/crt/device_functions.h:3626,
                 from /home/GVirtuS/GVirtuS/plugins/cudart/backend/CudaRtHandler.h:71,
                 from /home/GVirtuS/GVirtuS/plugins/cudart/backend/CudaRtHandler_version.cpp:26:
/usr/local/cuda/include/crt/sm_70_rt.h: In function 'unsigned int __match_any_sync(unsigned int, unsigned int)':
/usr/local/cuda/include/crt/sm_70_rt.h:84:25: warning: no return statement in function returning non-void [-Wreturn-type]
   84 | #define __DEF_IF_HOST { }
      |                         ^
/usr/local/cuda/include/crt/sm_70_rt.h:93:80: note: in expansion of macro '__DEF_IF_HOST'
   93 | __SM_70_RT_DECL__ unsigned int __match_any_sync(unsigned mask, unsigned value) __DEF_IF_HOST
      |                                                                                ^~~~~~~~~~~~~
/usr/local/cuda/include/crt/sm_70_rt.h: In function 'unsigned int __match_any_sync(unsigned int, int)':
/usr/local/cuda/include/crt/sm_70_rt.h:84:25: warning: no return statement in function returning non-void [-Wreturn-type]
   84 | #define __DEF_IF_HOST { }
      |                         ^
/usr/local/cuda/include/crt/sm_70_rt.h:94:75: note: in expansion of macro '__DEF_IF_HOST'
   94 | __SM_70_RT_DECL__ unsigned int __match_any_sync(unsigned mask, int value) __DEF_IF_HOST
      |                                                                           ^~~~~~~~~~~~~
/usr/local/cuda/include/crt/sm_70_rt.h: In function 'unsigned int __match_any_sync(unsigned int, long unsigned int)':
/usr/local/cuda/include/crt/sm_70_rt.h:84:25: warning: no return statement in function returning non-void [-Wreturn-type]
   84 | #define __DEF_IF_HOST { }
      |                         ^
/usr/local/cuda/include/crt/sm_70_rt.h:95:85: note: in expansion of macro '__DEF_IF_HOST'
   95 | __SM_70_RT_DECL__ unsigned int __match_any_sync(unsigned mask, unsigned long value) __DEF_IF_HOST
      |                                                                                     ^~~~~~~~~~~~~
/usr/local/cuda/include/crt/sm_70_rt.h: In function 'unsigned int __match_any_sync(unsigned int, long int)':
/usr/local/cuda/include/crt/sm_70_rt.h:84:25: warning: no return statement in function returning non-void [-Wreturn-type]
   84 | #define __DEF_IF_HOST { }
      |                         ^
/usr/local/cuda/include/crt/sm_70_rt.h:96:76: note: in expansion of macro '__DEF_IF_HOST'
   96 | __SM_70_RT_DECL__ unsigned int __match_any_sync(unsigned mask, long value) __DEF_IF_HOST
      |                                                                            ^~~~~~~~~~~~~
/usr/local/cuda/include/crt/sm_70_rt.h: In function 'unsigned int __match_any_sync(unsigned int, long long unsigned int)':
/usr/local/cuda/include/crt/sm_70_rt.h:84:25: warning: no return statement in function returning non-void [-Wreturn-type]
   84 | #define __DEF_IF_HOST { }
      |                         ^
/usr/local/cuda/include/crt/sm_70_rt.h:97:90: note: in expansion of macro '__DEF_IF_HOST'
   97 | __SM_70_RT_DECL__ unsigned int __match_any_sync(unsigned mask, unsigned long long value) __DEF_IF_HOST
      |                                                                                          ^~~~~~~~~~~~~
/usr/local/cuda/include/crt/sm_70_rt.h: In function 'unsigned int __match_any_sync(unsigned int, long long int)':
/usr/local/cuda/include/crt/sm_70_rt.h:84:25: warning: no return statement in function returning non-void [-Wreturn-type]
   84 | #define __DEF_IF_HOST { }
      |                         ^
/usr/local/cuda/include/crt/sm_70_rt.h:98:81: note: in expansion of macro '__DEF_IF_HOST'
   98 | __SM_70_RT_DECL__ unsigned int __match_any_sync(unsigned mask, long long value) __DEF_IF_HOST
      |                                                                                 ^~~~~~~~~~~~~
/usr/local/cuda/include/crt/sm_70_rt.h: In function 'unsigned int __match_any_sync(unsigned int, float)':
/usr/local/cuda/include/crt/sm_70_rt.h:84:25: warning: no return statement in function returning non-void [-Wreturn-type]
   84 | #define __DEF_IF_HOST { }
      |                         ^
/usr/local/cuda/include/crt/sm_70_rt.h:99:77: note: in expansion of macro '__DEF_IF_HOST'
   99 | __SM_70_RT_DECL__ unsigned int __match_any_sync(unsigned mask, float value) __DEF_IF_HOST
      |                                                                             ^~~~~~~~~~~~~
/usr/local/cuda/include/crt/sm_70_rt.h: In function 'unsigned int __match_any_sync(unsigned int, double)':
/usr/local/cuda/include/crt/sm_70_rt.h:84:25: warning: no return statement in function returning non-void [-Wreturn-type]
   84 | #define __DEF_IF_HOST { }
      |                         ^
/usr/local/cuda/include/crt/sm_70_rt.h:100:78: note: in expansion of macro '__DEF_IF_HOST'
  100 | __SM_70_RT_DECL__ unsigned int __match_any_sync(unsigned mask, double value) __DEF_IF_HOST
      |                                                                              ^~~~~~~~~~~~~
/usr/local/cuda/include/crt/sm_70_rt.h: In function 'unsigned int __match_all_sync(unsigned int, unsigned int, int*)':
/usr/local/cuda/include/crt/sm_70_rt.h:84:25: warning: no return statement in function returning non-void [-Wreturn-type]
   84 | #define __DEF_IF_HOST { }
      |                         ^
/usr/local/cuda/include/crt/sm_70_rt.h:102:91: note: in expansion of macro '__DEF_IF_HOST'
  102 | __SM_70_RT_DECL__ unsigned int __match_all_sync(unsigned mask, unsigned value, int *pred) __DEF_IF_HOST
      |                                                                                           ^~~~~~~~~~~~~
/usr/local/cuda/include/crt/sm_70_rt.h: In function 'unsigned int __match_all_sync(unsigned int, int, int*)':
/usr/local/cuda/include/crt/sm_70_rt.h:84:25: warning: no return statement in function returning non-void [-Wreturn-type]
   84 | #define __DEF_IF_HOST { }
      |                         ^
/usr/local/cuda/include/crt/sm_70_rt.h:103:86: note: in expansion of macro '__DEF_IF_HOST'
  103 | __SM_70_RT_DECL__ unsigned int __match_all_sync(unsigned mask, int value, int *pred) __DEF_IF_HOST
      |                                                                                      ^~~~~~~~~~~~~
/usr/local/cuda/include/crt/sm_70_rt.h: In function 'unsigned int __match_all_sync(unsigned int, long unsigned int, int*)':
/usr/local/cuda/include/crt/sm_70_rt.h:84:25: warning: no return statement in function returning non-void [-Wreturn-type]
   84 | #define __DEF_IF_HOST { }
      |                         ^
/usr/local/cuda/include/crt/sm_70_rt.h:104:96: note: in expansion of macro '__DEF_IF_HOST'
  104 | __SM_70_RT_DECL__ unsigned int __match_all_sync(unsigned mask, unsigned long value, int *pred) __DEF_IF_HOST
      |                                                                                                ^~~~~~~~~~~~~
/usr/local/cuda/include/crt/sm_70_rt.h: In function 'unsigned int __match_all_sync(unsigned int, long int, int*)':
/usr/local/cuda/include/crt/sm_70_rt.h:84:25: warning: no return statement in function returning non-void [-Wreturn-type]
   84 | #define __DEF_IF_HOST { }
      |                         ^
/usr/local/cuda/include/crt/sm_70_rt.h:105:87: note: in expansion of macro '__DEF_IF_HOST'
  105 | __SM_70_RT_DECL__ unsigned int __match_all_sync(unsigned mask, long value, int *pred) __DEF_IF_HOST
      |                                                                                       ^~~~~~~~~~~~~
/usr/local/cuda/include/crt/sm_70_rt.h: In function 'unsigned int __match_all_sync(unsigned int, long long unsigned int, int*)':
/usr/local/cuda/include/crt/sm_70_rt.h:84:25: warning: no return statement in function returning non-void [-Wreturn-type]
   84 | #define __DEF_IF_HOST { }
      |                         ^
/usr/local/cuda/include/crt/sm_70_rt.h:106:101: note: in expansion of macro '__DEF_IF_HOST'
  106 | __SM_70_RT_DECL__ unsigned int __match_all_sync(unsigned mask, unsigned long long value, int *pred) __DEF_IF_HOST
      |                                                                                                     ^~~~~~~~~~~~~
/usr/local/cuda/include/crt/sm_70_rt.h: In function 'unsigned int __match_all_sync(unsigned int, long long int, int*)':
/usr/local/cuda/include/crt/sm_70_rt.h:84:25: warning: no return statement in function returning non-void [-Wreturn-type]
   84 | #define __DEF_IF_HOST { }
      |                         ^
/usr/local/cuda/include/crt/sm_70_rt.h:107:92: note: in expansion of macro '__DEF_IF_HOST'
  107 | __SM_70_RT_DECL__ unsigned int __match_all_sync(unsigned mask, long long value, int *pred) __DEF_IF_HOST
      |                                                                                            ^~~~~~~~~~~~~
/usr/local/cuda/include/crt/sm_70_rt.h: In function 'unsigned int __match_all_sync(unsigned int, float, int*)':
/usr/local/cuda/include/crt/sm_70_rt.h:84:25: warning: no return statement in function returning non-void [-Wreturn-type]
   84 | #define __DEF_IF_HOST { }
      |                         ^
/usr/local/cuda/include/crt/sm_70_rt.h:108:88: note: in expansion of macro '__DEF_IF_HOST'
  108 | __SM_70_RT_DECL__ unsigned int __match_all_sync(unsigned mask, float value, int *pred) __DEF_IF_HOST
      |                                                                                        ^~~~~~~~~~~~~
/usr/local/cuda/include/crt/sm_70_rt.h: In function 'unsigned int __match_all_sync(unsigned int, double, int*)':
/usr/local/cuda/include/crt/sm_70_rt.h:84:25: warning: no return statement in function returning non-void [-Wreturn-type]
   84 | #define __DEF_IF_HOST { }
      |                         ^
/usr/local/cuda/include/crt/sm_70_rt.h:109:89: note: in expansion of macro '__DEF_IF_HOST'
  109 | __SM_70_RT_DECL__ unsigned int __match_all_sync(unsigned mask, double value, int *pred) __DEF_IF_HOST
      |                                                                                         ^~~~~~~~~~~~~
/usr/local/cuda/include/crt/sm_70_rt.h: In function 'short unsigned int atomicCAS(short unsigned int*, short unsigned int, short unsigned int)':
/usr/local/cuda/include/crt/sm_70_rt.h:84:25: warning: no return statement in function returning non-void [-Wreturn-type]
   84 | #define __DEF_IF_HOST { }
      |                         ^
/usr/local/cuda/include/crt/sm_70_rt.h:113:129: note: in expansion of macro '__DEF_IF_HOST'
  113 | __SM_70_RT_DECL__ unsigned short int atomicCAS(unsigned short int *address, unsigned short int compare, unsigned short int val) __DEF_IF_HOST
      |                                                                                                                                 ^~~~~~~~~~~~~
In file included from /usr/local/cuda/include/crt/device_functions.h:3627,
                 from /home/GVirtuS/GVirtuS/plugins/cudart/backend/CudaRtHandler.h:71,
                 from /home/GVirtuS/GVirtuS/plugins/cudart/backend/CudaRtHandler_version.cpp:26:
/usr/local/cuda/include/crt/sm_80_rt.h: In function 'unsigned int __reduce_add_sync(unsigned int, unsigned int)':
/usr/local/cuda/include/crt/sm_80_rt.h:84:25: warning: no return statement in function returning non-void [-Wreturn-type]
   84 | #define __DEF_IF_HOST { }
      |                         ^
/usr/local/cuda/include/crt/sm_80_rt.h:93:77: note: in expansion of macro '__DEF_IF_HOST'
   93 | __SM_80_RT_DECL__ unsigned __reduce_add_sync(unsigned mask, unsigned value) __DEF_IF_HOST
      |                                                                             ^~~~~~~~~~~~~
/usr/local/cuda/include/crt/sm_80_rt.h: In function 'unsigned int __reduce_min_sync(unsigned int, unsigned int)':
/usr/local/cuda/include/crt/sm_80_rt.h:84:25: warning: no return statement in function returning non-void [-Wreturn-type]
   84 | #define __DEF_IF_HOST { }
      |                         ^
/usr/local/cuda/include/crt/sm_80_rt.h:94:77: note: in expansion of macro '__DEF_IF_HOST'
   94 | __SM_80_RT_DECL__ unsigned __reduce_min_sync(unsigned mask, unsigned value) __DEF_IF_HOST
      |                                                                             ^~~~~~~~~~~~~
/usr/local/cuda/include/crt/sm_80_rt.h: In function 'unsigned int __reduce_max_sync(unsigned int, unsigned int)':
/usr/local/cuda/include/crt/sm_80_rt.h:84:25: warning: no return statement in function returning non-void [-Wreturn-type]
   84 | #define __DEF_IF_HOST { }
      |                         ^
/usr/local/cuda/include/crt/sm_80_rt.h:95:77: note: in expansion of macro '__DEF_IF_HOST'
   95 | __SM_80_RT_DECL__ unsigned __reduce_max_sync(unsigned mask, unsigned value) __DEF_IF_HOST
      |                                                                             ^~~~~~~~~~~~~
/usr/local/cuda/include/crt/sm_80_rt.h: In function 'int __reduce_add_sync(unsigned int, int)':
/usr/local/cuda/include/crt/sm_80_rt.h:84:25: warning: no return statement in function returning non-void [-Wreturn-type]
   84 | #define __DEF_IF_HOST { }
      |                         ^
/usr/local/cuda/include/crt/sm_80_rt.h:97:67: note: in expansion of macro '__DEF_IF_HOST'
   97 | __SM_80_RT_DECL__ int __reduce_add_sync(unsigned mask, int value) __DEF_IF_HOST
      |                                                                   ^~~~~~~~~~~~~
/usr/local/cuda/include/crt/sm_80_rt.h: In function 'int __reduce_min_sync(unsigned int, int)':
/usr/local/cuda/include/crt/sm_80_rt.h:84:25: warning: no return statement in function returning non-void [-Wreturn-type]
   84 | #define __DEF_IF_HOST { }
      |                         ^
/usr/local/cuda/include/crt/sm_80_rt.h:98:67: note: in expansion of macro '__DEF_IF_HOST'
   98 | __SM_80_RT_DECL__ int __reduce_min_sync(unsigned mask, int value) __DEF_IF_HOST
      |                                                                   ^~~~~~~~~~~~~
/usr/local/cuda/include/crt/sm_80_rt.h: In function 'int __reduce_max_sync(unsigned int, int)':
/usr/local/cuda/include/crt/sm_80_rt.h:84:25: warning: no return statement in function returning non-void [-Wreturn-type]
   84 | #define __DEF_IF_HOST { }
      |                         ^
/usr/local/cuda/include/crt/sm_80_rt.h:99:67: note: in expansion of macro '__DEF_IF_HOST'
   99 | __SM_80_RT_DECL__ int __reduce_max_sync(unsigned mask, int value) __DEF_IF_HOST
      |                                                                   ^~~~~~~~~~~~~
/usr/local/cuda/include/crt/sm_80_rt.h: In function 'unsigned int __reduce_and_sync(unsigned int, unsigned int)':
/usr/local/cuda/include/crt/sm_80_rt.h:84:25: warning: no return statement in function returning non-void [-Wreturn-type]
   84 | #define __DEF_IF_HOST { }
      |                         ^
/usr/local/cuda/include/crt/sm_80_rt.h:101:77: note: in expansion of macro '__DEF_IF_HOST'
  101 | __SM_80_RT_DECL__ unsigned __reduce_and_sync(unsigned mask, unsigned value) __DEF_IF_HOST
      |                                                                             ^~~~~~~~~~~~~
/usr/local/cuda/include/crt/sm_80_rt.h: In function 'unsigned int __reduce_or_sync(unsigned int, unsigned int)':
/usr/local/cuda/include/crt/sm_80_rt.h:84:25: warning: no return statement in function returning non-void [-Wreturn-type]
   84 | #define __DEF_IF_HOST { }
      |                         ^
/usr/local/cuda/include/crt/sm_80_rt.h:102:76: note: in expansion of macro '__DEF_IF_HOST'
  102 | __SM_80_RT_DECL__ unsigned __reduce_or_sync(unsigned mask, unsigned value) __DEF_IF_HOST
      |                                                                            ^~~~~~~~~~~~~
/usr/local/cuda/include/crt/sm_80_rt.h: In function 'unsigned int __reduce_xor_sync(unsigned int, unsigned int)':
/usr/local/cuda/include/crt/sm_80_rt.h:84:25: warning: no return statement in function returning non-void [-Wreturn-type]
   84 | #define __DEF_IF_HOST { }
      |                         ^
/usr/local/cuda/include/crt/sm_80_rt.h:103:77: note: in expansion of macro '__DEF_IF_HOST'
  103 | __SM_80_RT_DECL__ unsigned __reduce_xor_sync(unsigned mask, unsigned value) __DEF_IF_HOST
      |                                                                             ^~~~~~~~~~~~~
In file included from /usr/local/cuda/include/crt/device_functions.h:3628,
                 from /home/GVirtuS/GVirtuS/plugins/cudart/backend/CudaRtHandler.h:71,
                 from /home/GVirtuS/GVirtuS/plugins/cudart/backend/CudaRtHandler_version.cpp:26:
/usr/local/cuda/include/crt/sm_90_rt.h: In function 'unsigned int __isCtaShared(const void*)':
/usr/local/cuda/include/crt/sm_90_rt.h:84:25: warning: no return statement in function returning non-void [-Wreturn-type]
   84 | #define __DEF_IF_HOST { }
      |                         ^
/usr/local/cuda/include/crt/sm_90_rt.h:89:59: note: in expansion of macro '__DEF_IF_HOST'
   89 | __SM_90_RT_DECL__ unsigned __isCtaShared(const void *ptr) __DEF_IF_HOST
      |                                                           ^~~~~~~~~~~~~
/usr/local/cuda/include/crt/sm_90_rt.h: In function 'unsigned int __isClusterShared(const void*)':
/usr/local/cuda/include/crt/sm_90_rt.h:84:25: warning: no return statement in function returning non-void [-Wreturn-type]
   84 | #define __DEF_IF_HOST { }
      |                         ^
/usr/local/cuda/include/crt/sm_90_rt.h:90:63: note: in expansion of macro '__DEF_IF_HOST'
   90 | __SM_90_RT_DECL__ unsigned __isClusterShared(const void *ptr) __DEF_IF_HOST
      |                                                               ^~~~~~~~~~~~~
/usr/local/cuda/include/crt/sm_90_rt.h: In function 'void* __cluster_map_shared_rank(const void*, unsigned int)':
/usr/local/cuda/include/crt/sm_90_rt.h:84:25: warning: no return statement in function returning non-void [-Wreturn-type]
   84 | #define __DEF_IF_HOST { }
      |                         ^
/usr/local/cuda/include/crt/sm_90_rt.h:91:97: note: in expansion of macro '__DEF_IF_HOST'
   91 | __SM_90_RT_DECL__ void *__cluster_map_shared_rank(const void *ptr, unsigned target_block_rank)  __DEF_IF_HOST
      |                                                                                                 ^~~~~~~~~~~~~
/usr/local/cuda/include/crt/sm_90_rt.h: In function 'unsigned int __cluster_query_shared_rank(const void*)':
/usr/local/cuda/include/crt/sm_90_rt.h:84:25: warning: no return statement in function returning non-void [-Wreturn-type]
   84 | #define __DEF_IF_HOST { }
      |                         ^
/usr/local/cuda/include/crt/sm_90_rt.h:92:73: note: in expansion of macro '__DEF_IF_HOST'
   92 | __SM_90_RT_DECL__ unsigned __cluster_query_shared_rank(const void *ptr) __DEF_IF_HOST
      |                                                                         ^~~~~~~~~~~~~
/usr/local/cuda/include/crt/sm_90_rt.h: In function 'uint2 __cluster_map_shared_multicast(const void*, unsigned int)':
/usr/local/cuda/include/crt/sm_90_rt.h:84:25: warning: no return statement in function returning non-void [-Wreturn-type]
   84 | #define __DEF_IF_HOST { }
      |                         ^
/usr/local/cuda/include/crt/sm_90_rt.h:93:100: note: in expansion of macro '__DEF_IF_HOST'
   93 | __SM_90_RT_DECL__ uint2 __cluster_map_shared_multicast(const void *ptr, unsigned cluster_cta_mask) __DEF_IF_HOST
      |                                                                                                    ^~~~~~~~~~~~~
/usr/local/cuda/include/crt/sm_90_rt.h: In function 'unsigned int __clusterDimIsSpecified()':
/usr/local/cuda/include/crt/sm_90_rt.h:84:25: warning: no return statement in function returning non-void [-Wreturn-type]
   84 | #define __DEF_IF_HOST { }
      |                         ^
/usr/local/cuda/include/crt/sm_90_rt.h:94:54: note: in expansion of macro '__DEF_IF_HOST'
   94 | __SM_90_RT_DECL__ unsigned __clusterDimIsSpecified() __DEF_IF_HOST
      |                                                      ^~~~~~~~~~~~~
/usr/local/cuda/include/crt/sm_90_rt.h: In function 'dim3 __clusterDim()':
/usr/local/cuda/include/crt/sm_90_rt.h:84:25: warning: no return statement in function returning non-void [-Wreturn-type]
   84 | #define __DEF_IF_HOST { }
      |                         ^
/usr/local/cuda/include/crt/sm_90_rt.h:95:39: note: in expansion of macro '__DEF_IF_HOST'
   95 | __SM_90_RT_DECL__ dim3 __clusterDim() __DEF_IF_HOST
      |                                       ^~~~~~~~~~~~~
/usr/local/cuda/include/crt/sm_90_rt.h: In function 'dim3 __clusterRelativeBlockIdx()':
/usr/local/cuda/include/crt/sm_90_rt.h:84:25: warning: no return statement in function returning non-void [-Wreturn-type]
   84 | #define __DEF_IF_HOST { }
      |                         ^
/usr/local/cuda/include/crt/sm_90_rt.h:96:52: note: in expansion of macro '__DEF_IF_HOST'
   96 | __SM_90_RT_DECL__ dim3 __clusterRelativeBlockIdx() __DEF_IF_HOST
      |                                                    ^~~~~~~~~~~~~
/usr/local/cuda/include/crt/sm_90_rt.h: In function 'dim3 __clusterGridDimInClusters()':
/usr/local/cuda/include/crt/sm_90_rt.h:84:25: warning: no return statement in function returning non-void [-Wreturn-type]
   84 | #define __DEF_IF_HOST { }
      |                         ^
/usr/local/cuda/include/crt/sm_90_rt.h:97:53: note: in expansion of macro '__DEF_IF_HOST'
   97 | __SM_90_RT_DECL__ dim3 __clusterGridDimInClusters() __DEF_IF_HOST
      |                                                     ^~~~~~~~~~~~~
/usr/local/cuda/include/crt/sm_90_rt.h: In function 'dim3 __clusterIdx()':
/usr/local/cuda/include/crt/sm_90_rt.h:84:25: warning: no return statement in function returning non-void [-Wreturn-type]
   84 | #define __DEF_IF_HOST { }
      |                         ^
/usr/local/cuda/include/crt/sm_90_rt.h:98:39: note: in expansion of macro '__DEF_IF_HOST'
   98 | __SM_90_RT_DECL__ dim3 __clusterIdx() __DEF_IF_HOST
      |                                       ^~~~~~~~~~~~~
/usr/local/cuda/include/crt/sm_90_rt.h: In function 'unsigned int __clusterRelativeBlockRank()':
/usr/local/cuda/include/crt/sm_90_rt.h:84:25: warning: no return statement in function returning non-void [-Wreturn-type]
   84 | #define __DEF_IF_HOST { }
      |                         ^
/usr/local/cuda/include/crt/sm_90_rt.h:99:57: note: in expansion of macro '__DEF_IF_HOST'
   99 | __SM_90_RT_DECL__ unsigned __clusterRelativeBlockRank() __DEF_IF_HOST
      |                                                         ^~~~~~~~~~~~~
/usr/local/cuda/include/crt/sm_90_rt.h: In function 'unsigned int __clusterSizeInBlocks()':
/usr/local/cuda/include/crt/sm_90_rt.h:84:25: warning: no return statement in function returning non-void [-Wreturn-type]
   84 | #define __DEF_IF_HOST { }
      |                         ^
/usr/local/cuda/include/crt/sm_90_rt.h:100:52: note: in expansion of macro '__DEF_IF_HOST'
  100 | __SM_90_RT_DECL__ unsigned __clusterSizeInBlocks() __DEF_IF_HOST
      |                                                    ^~~~~~~~~~~~~
/usr/local/cuda/include/crt/sm_90_rt.h: In function 'float2 atomicAdd(float2*, float2)':
/usr/local/cuda/include/crt/sm_90_rt.h:84:25: warning: no return statement in function returning non-void [-Wreturn-type]
   84 | #define __DEF_IF_HOST { }
      |                         ^
/usr/local/cuda/include/crt/sm_90_rt.h:106:65: note: in expansion of macro '__DEF_IF_HOST'
  106 | __SM_90_RT_DECL__ float2 atomicAdd(float2 *address, float2 val) __DEF_IF_HOST
      |                                                                 ^~~~~~~~~~~~~
/usr/local/cuda/include/crt/sm_90_rt.h: In function 'float2 atomicAdd_block(float2*, float2)':
/usr/local/cuda/include/crt/sm_90_rt.h:84:25: warning: no return statement in function returning non-void [-Wreturn-type]
   84 | #define __DEF_IF_HOST { }
      |                         ^
/usr/local/cuda/include/crt/sm_90_rt.h:107:71: note: in expansion of macro '__DEF_IF_HOST'
  107 | __SM_90_RT_DECL__ float2 atomicAdd_block(float2 *address, float2 val) __DEF_IF_HOST
      |                                                                       ^~~~~~~~~~~~~
/usr/local/cuda/include/crt/sm_90_rt.h: In function 'float2 atomicAdd_system(float2*, float2)':
/usr/local/cuda/include/crt/sm_90_rt.h:84:25: warning: no return statement in function returning non-void [-Wreturn-type]
   84 | #define __DEF_IF_HOST { }
      |                         ^
/usr/local/cuda/include/crt/sm_90_rt.h:108:72: note: in expansion of macro '__DEF_IF_HOST'
  108 | __SM_90_RT_DECL__ float2 atomicAdd_system(float2 *address, float2 val) __DEF_IF_HOST
      |                                                                        ^~~~~~~~~~~~~
/usr/local/cuda/include/crt/sm_90_rt.h: In function 'float4 atomicAdd(float4*, float4)':
/usr/local/cuda/include/crt/sm_90_rt.h:84:25: warning: no return statement in function returning non-void [-Wreturn-type]
   84 | #define __DEF_IF_HOST { }
      |                         ^
/usr/local/cuda/include/crt/sm_90_rt.h:109:65: note: in expansion of macro '__DEF_IF_HOST'
  109 | __SM_90_RT_DECL__ float4 atomicAdd(float4 *address, float4 val) __DEF_IF_HOST
      |                                                                 ^~~~~~~~~~~~~
/usr/local/cuda/include/crt/sm_90_rt.h: In function 'float4 atomicAdd_block(float4*, float4)':
/usr/local/cuda/include/crt/sm_90_rt.h:84:25: warning: no return statement in function returning non-void [-Wreturn-type]
   84 | #define __DEF_IF_HOST { }
      |                         ^
/usr/local/cuda/include/crt/sm_90_rt.h:110:71: note: in expansion of macro '__DEF_IF_HOST'
  110 | __SM_90_RT_DECL__ float4 atomicAdd_block(float4 *address, float4 val) __DEF_IF_HOST
      |                                                                       ^~~~~~~~~~~~~
/usr/local/cuda/include/crt/sm_90_rt.h: In function 'float4 atomicAdd_system(float4*, float4)':
/usr/local/cuda/include/crt/sm_90_rt.h:84:25: warning: no return statement in function returning non-void [-Wreturn-type]
   84 | #define __DEF_IF_HOST { }
      |                         ^
/usr/local/cuda/include/crt/sm_90_rt.h:111:72: note: in expansion of macro '__DEF_IF_HOST'
  111 | __SM_90_RT_DECL__ float4 atomicAdd_system(float4 *address, float4 val) __DEF_IF_HOST
      |                                                                        ^~~~~~~~~~~~~
[ 60%] Building CXX object plugins/cudart/CMakeFiles/gvirtus-plugin-cudart.dir/backend/CudaRtHandler_error.cpp.o
In file included from /home/GVirtuS/GVirtuS/plugins/cudart/backend/CudaRtHandler.h:71,
                 from /home/GVirtuS/GVirtuS/plugins/cudart/backend/CudaRtHandler_error.cpp:26:
/usr/local/cuda/include/crt/device_functions.h:54:2: warning: #warning "crt/device_functions.h is an internal header file and must not be used directly.  Please use cuda_runtime_api.h or cuda_runtime.h instead." [-Wcpp]
   54 | #warning "crt/device_functions.h is an internal header file and must not be used directly.  Please use cuda_runtime_api.h or cuda_runtime.h instead."
      |  ^~~~~~~
In file included from /usr/local/cuda/include/crt/device_functions.h:3615,
                 from /home/GVirtuS/GVirtuS/plugins/cudart/backend/CudaRtHandler.h:71,
                 from /home/GVirtuS/GVirtuS/plugins/cudart/backend/CudaRtHandler_error.cpp:26:
/usr/local/cuda/include/device_atomic_functions.h: In function 'int atomicAdd(int*, int)':
/usr/local/cuda/include/device_atomic_functions.h:74:25: warning: no return statement in function returning non-void [-Wreturn-type]
   74 | #define __DEF_IF_HOST { }
      |                         ^
/usr/local/cuda/include/device_atomic_functions.h:86:71: note: in expansion of macro '__DEF_IF_HOST'
   86 | __DEVICE_ATOMIC_FUNCTIONS_DECL__ int atomicAdd(int *address, int val) __DEF_IF_HOST
      |                                                                       ^~~~~~~~~~~~~
/usr/local/cuda/include/device_atomic_functions.h: In function 'unsigned int atomicAdd(unsigned int*, unsigned int)':
/usr/local/cuda/include/device_atomic_functions.h:74:25: warning: no return statement in function returning non-void [-Wreturn-type]
   74 | #define __DEF_IF_HOST { }
      |                         ^
/usr/local/cuda/include/device_atomic_functions.h:88:98: note: in expansion of macro '__DEF_IF_HOST'
   88 | __DEVICE_ATOMIC_FUNCTIONS_DECL__ unsigned int atomicAdd(unsigned int *address, unsigned int val) __DEF_IF_HOST
      |                                                                                                  ^~~~~~~~~~~~~
/usr/local/cuda/include/device_atomic_functions.h: In function 'int atomicSub(int*, int)':
/usr/local/cuda/include/device_atomic_functions.h:74:25: warning: no return statement in function returning non-void [-Wreturn-type]
   74 | #define __DEF_IF_HOST { }
      |                         ^
/usr/local/cuda/include/device_atomic_functions.h:90:71: note: in expansion of macro '__DEF_IF_HOST'
   90 | __DEVICE_ATOMIC_FUNCTIONS_DECL__ int atomicSub(int *address, int val) __DEF_IF_HOST
      |                                                                       ^~~~~~~~~~~~~
/usr/local/cuda/include/device_atomic_functions.h: In function 'unsigned int atomicSub(unsigned int*, unsigned int)':
/usr/local/cuda/include/device_atomic_functions.h:74:25: warning: no return statement in function returning non-void [-Wreturn-type]
   74 | #define __DEF_IF_HOST { }
      |                         ^
/usr/local/cuda/include/device_atomic_functions.h:92:98: note: in expansion of macro '__DEF_IF_HOST'
   92 | __DEVICE_ATOMIC_FUNCTIONS_DECL__ unsigned int atomicSub(unsigned int *address, unsigned int val) __DEF_IF_HOST
      |                                                                                                  ^~~~~~~~~~~~~
/usr/local/cuda/include/device_atomic_functions.h: In function 'int atomicExch(int*, int)':
/usr/local/cuda/include/device_atomic_functions.h:74:25: warning: no return statement in function returning non-void [-Wreturn-type]
   74 | #define __DEF_IF_HOST { }
      |                         ^
/usr/local/cuda/include/device_atomic_functions.h:94:72: note: in expansion of macro '__DEF_IF_HOST'
   94 | __DEVICE_ATOMIC_FUNCTIONS_DECL__ int atomicExch(int *address, int val) __DEF_IF_HOST
      |                                                                        ^~~~~~~~~~~~~
/usr/local/cuda/include/device_atomic_functions.h: In function 'unsigned int atomicExch(unsigned int*, unsigned int)':
/usr/local/cuda/include/device_atomic_functions.h:74:25: warning: no return statement in function returning non-void [-Wreturn-type]
   74 | #define __DEF_IF_HOST { }
      |                         ^
/usr/local/cuda/include/device_atomic_functions.h:96:99: note: in expansion of macro '__DEF_IF_HOST'
   96 | __DEVICE_ATOMIC_FUNCTIONS_DECL__ unsigned int atomicExch(unsigned int *address, unsigned int val) __DEF_IF_HOST
      |                                                                                                   ^~~~~~~~~~~~~
/usr/local/cuda/include/device_atomic_functions.h: In function 'float atomicExch(float*, float)':
/usr/local/cuda/include/device_atomic_functions.h:74:25: warning: no return statement in function returning non-void [-Wreturn-type]
   74 | #define __DEF_IF_HOST { }
      |                         ^
/usr/local/cuda/include/device_atomic_functions.h:98:78: note: in expansion of macro '__DEF_IF_HOST'
   98 | __DEVICE_ATOMIC_FUNCTIONS_DECL__ float atomicExch(float *address, float val) __DEF_IF_HOST
      |                                                                              ^~~~~~~~~~~~~
/usr/local/cuda/include/device_atomic_functions.h: In function 'int atomicMin(int*, int)':
/usr/local/cuda/include/device_atomic_functions.h:74:25: warning: no return statement in function returning non-void [-Wreturn-type]
   74 | #define __DEF_IF_HOST { }
      |                         ^
/usr/local/cuda/include/device_atomic_functions.h:100:71: note: in expansion of macro '__DEF_IF_HOST'
  100 | __DEVICE_ATOMIC_FUNCTIONS_DECL__ int atomicMin(int *address, int val) __DEF_IF_HOST
      |                                                                       ^~~~~~~~~~~~~
/usr/local/cuda/include/device_atomic_functions.h: In function 'unsigned int atomicMin(unsigned int*, unsigned int)':
/usr/local/cuda/include/device_atomic_functions.h:74:25: warning: no return statement in function returning non-void [-Wreturn-type]
   74 | #define __DEF_IF_HOST { }
      |                         ^
/usr/local/cuda/include/device_atomic_functions.h:102:98: note: in expansion of macro '__DEF_IF_HOST'
  102 | __DEVICE_ATOMIC_FUNCTIONS_DECL__ unsigned int atomicMin(unsigned int *address, unsigned int val) __DEF_IF_HOST
      |                                                                                                  ^~~~~~~~~~~~~
/usr/local/cuda/include/device_atomic_functions.h: In function 'int atomicMax(int*, int)':
/usr/local/cuda/include/device_atomic_functions.h:74:25: warning: no return statement in function returning non-void [-Wreturn-type]
   74 | #define __DEF_IF_HOST { }
      |                         ^
/usr/local/cuda/include/device_atomic_functions.h:104:71: note: in expansion of macro '__DEF_IF_HOST'
  104 | __DEVICE_ATOMIC_FUNCTIONS_DECL__ int atomicMax(int *address, int val) __DEF_IF_HOST
      |                                                                       ^~~~~~~~~~~~~
/usr/local/cuda/include/device_atomic_functions.h: In function 'unsigned int atomicMax(unsigned int*, unsigned int)':
/usr/local/cuda/include/device_atomic_functions.h:74:25: warning: no return statement in function returning non-void [-Wreturn-type]
   74 | #define __DEF_IF_HOST { }
      |                         ^
/usr/local/cuda/include/device_atomic_functions.h:106:98: note: in expansion of macro '__DEF_IF_HOST'
  106 | __DEVICE_ATOMIC_FUNCTIONS_DECL__ unsigned int atomicMax(unsigned int *address, unsigned int val) __DEF_IF_HOST
      |                                                                                                  ^~~~~~~~~~~~~
/usr/local/cuda/include/device_atomic_functions.h: In function 'unsigned int atomicInc(unsigned int*, unsigned int)':
/usr/local/cuda/include/device_atomic_functions.h:74:25: warning: no return statement in function returning non-void [-Wreturn-type]
   74 | #define __DEF_IF_HOST { }
      |                         ^
/usr/local/cuda/include/device_atomic_functions.h:108:98: note: in expansion of macro '__DEF_IF_HOST'
  108 | __DEVICE_ATOMIC_FUNCTIONS_DECL__ unsigned int atomicInc(unsigned int *address, unsigned int val) __DEF_IF_HOST
      |                                                                                                  ^~~~~~~~~~~~~
/usr/local/cuda/include/device_atomic_functions.h: In function 'unsigned int atomicDec(unsigned int*, unsigned int)':
/usr/local/cuda/include/device_atomic_functions.h:74:25: warning: no return statement in function returning non-void [-Wreturn-type]
   74 | #define __DEF_IF_HOST { }
      |                         ^
/usr/local/cuda/include/device_atomic_functions.h:110:98: note: in expansion of macro '__DEF_IF_HOST'
  110 | __DEVICE_ATOMIC_FUNCTIONS_DECL__ unsigned int atomicDec(unsigned int *address, unsigned int val) __DEF_IF_HOST
      |                                                                                                  ^~~~~~~~~~~~~
/usr/local/cuda/include/device_atomic_functions.h: In function 'int atomicAnd(int*, int)':
/usr/local/cuda/include/device_atomic_functions.h:74:25: warning: no return statement in function returning non-void [-Wreturn-type]
   74 | #define __DEF_IF_HOST { }
      |                         ^
/usr/local/cuda/include/device_atomic_functions.h:112:71: note: in expansion of macro '__DEF_IF_HOST'
  112 | __DEVICE_ATOMIC_FUNCTIONS_DECL__ int atomicAnd(int *address, int val) __DEF_IF_HOST
      |                                                                       ^~~~~~~~~~~~~
/usr/local/cuda/include/device_atomic_functions.h: In function 'unsigned int atomicAnd(unsigned int*, unsigned int)':
/usr/local/cuda/include/device_atomic_functions.h:74:25: warning: no return statement in function returning non-void [-Wreturn-type]
   74 | #define __DEF_IF_HOST { }
      |                         ^
/usr/local/cuda/include/device_atomic_functions.h:114:98: note: in expansion of macro '__DEF_IF_HOST'
  114 | __DEVICE_ATOMIC_FUNCTIONS_DECL__ unsigned int atomicAnd(unsigned int *address, unsigned int val) __DEF_IF_HOST
      |                                                                                                  ^~~~~~~~~~~~~
/usr/local/cuda/include/device_atomic_functions.h: In function 'int atomicOr(int*, int)':
/usr/local/cuda/include/device_atomic_functions.h:74:25: warning: no return statement in function returning non-void [-Wreturn-type]
   74 | #define __DEF_IF_HOST { }
      |                         ^
/usr/local/cuda/include/device_atomic_functions.h:116:70: note: in expansion of macro '__DEF_IF_HOST'
  116 | __DEVICE_ATOMIC_FUNCTIONS_DECL__ int atomicOr(int *address, int val) __DEF_IF_HOST
      |                                                                      ^~~~~~~~~~~~~
/usr/local/cuda/include/device_atomic_functions.h: In function 'unsigned int atomicOr(unsigned int*, unsigned int)':
/usr/local/cuda/include/device_atomic_functions.h:74:25: warning: no return statement in function returning non-void [-Wreturn-type]
   74 | #define __DEF_IF_HOST { }
      |                         ^
/usr/local/cuda/include/device_atomic_functions.h:118:97: note: in expansion of macro '__DEF_IF_HOST'
  118 | __DEVICE_ATOMIC_FUNCTIONS_DECL__ unsigned int atomicOr(unsigned int *address, unsigned int val) __DEF_IF_HOST
      |                                                                                                 ^~~~~~~~~~~~~
/usr/local/cuda/include/device_atomic_functions.h: In function 'int atomicXor(int*, int)':
/usr/local/cuda/include/device_atomic_functions.h:74:25: warning: no return statement in function returning non-void [-Wreturn-type]
   74 | #define __DEF_IF_HOST { }
      |                         ^
/usr/local/cuda/include/device_atomic_functions.h:120:71: note: in expansion of macro '__DEF_IF_HOST'
  120 | __DEVICE_ATOMIC_FUNCTIONS_DECL__ int atomicXor(int *address, int val) __DEF_IF_HOST
      |                                                                       ^~~~~~~~~~~~~
/usr/local/cuda/include/device_atomic_functions.h: In function 'unsigned int atomicXor(unsigned int*, unsigned int)':
/usr/local/cuda/include/device_atomic_functions.h:74:25: warning: no return statement in function returning non-void [-Wreturn-type]
   74 | #define __DEF_IF_HOST { }
      |                         ^
/usr/local/cuda/include/device_atomic_functions.h:122:98: note: in expansion of macro '__DEF_IF_HOST'
  122 | __DEVICE_ATOMIC_FUNCTIONS_DECL__ unsigned int atomicXor(unsigned int *address, unsigned int val) __DEF_IF_HOST
      |                                                                                                  ^~~~~~~~~~~~~
/usr/local/cuda/include/device_atomic_functions.h: In function 'int atomicCAS(int*, int, int)':
/usr/local/cuda/include/device_atomic_functions.h:74:25: warning: no return statement in function returning non-void [-Wreturn-type]
   74 | #define __DEF_IF_HOST { }
      |                         ^
/usr/local/cuda/include/device_atomic_functions.h:124:84: note: in expansion of macro '__DEF_IF_HOST'
  124 | __DEVICE_ATOMIC_FUNCTIONS_DECL__ int atomicCAS(int *address, int compare, int val) __DEF_IF_HOST
      |                                                                                    ^~~~~~~~~~~~~
/usr/local/cuda/include/device_atomic_functions.h: In function 'unsigned int atomicCAS(unsigned int*, unsigned int, unsigned int)':
/usr/local/cuda/include/device_atomic_functions.h:74:25: warning: no return statement in function returning non-void [-Wreturn-type]
   74 | #define __DEF_IF_HOST { }
      |                         ^
/usr/local/cuda/include/device_atomic_functions.h:126:120: note: in expansion of macro '__DEF_IF_HOST'
  126 | __DEVICE_ATOMIC_FUNCTIONS_DECL__ unsigned int atomicCAS(unsigned int *address, unsigned int compare, unsigned int val) __DEF_IF_HOST
      |                                                                                                                        ^~~~~~~~~~~~~
/usr/local/cuda/include/device_atomic_functions.h: In function 'long long unsigned int atomicAdd(long long unsigned int*, long long unsigned int)':
/usr/local/cuda/include/device_atomic_functions.h:74:25: warning: no return statement in function returning non-void [-Wreturn-type]
   74 | #define __DEF_IF_HOST { }
      |                         ^
/usr/local/cuda/include/device_atomic_functions.h:166:128: note: in expansion of macro '__DEF_IF_HOST'
  166 | __DEVICE_ATOMIC_FUNCTIONS_DECL__ unsigned long long int atomicAdd(unsigned long long int *address, unsigned long long int val) __DEF_IF_HOST
      |                                                                                                                                ^~~~~~~~~~~~~
/usr/local/cuda/include/device_atomic_functions.h: In function 'long long unsigned int atomicExch(long long unsigned int*, long long unsigned int)':
/usr/local/cuda/include/device_atomic_functions.h:74:25: warning: no return statement in function returning non-void [-Wreturn-type]
   74 | #define __DEF_IF_HOST { }
      |                         ^
/usr/local/cuda/include/device_atomic_functions.h:168:129: note: in expansion of macro '__DEF_IF_HOST'
  168 | __DEVICE_ATOMIC_FUNCTIONS_DECL__ unsigned long long int atomicExch(unsigned long long int *address, unsigned long long int val) __DEF_IF_HOST
      |                                                                                                                                 ^~~~~~~~~~~~~
/usr/local/cuda/include/device_atomic_functions.h: In function 'long long unsigned int atomicCAS(long long unsigned int*, long long unsigned int, long long unsigned int)':
/usr/local/cuda/include/device_atomic_functions.h:74:25: warning: no return statement in function returning non-void [-Wreturn-type]
   74 | #define __DEF_IF_HOST { }
      |                         ^
/usr/local/cuda/include/device_atomic_functions.h:170:160: note: in expansion of macro '__DEF_IF_HOST'
  170 | __DEVICE_ATOMIC_FUNCTIONS_DECL__ unsigned long long int atomicCAS(unsigned long long int *address, unsigned long long int compare, unsigned long long int val) __DEF_IF_HOST
      |                                                                                                                                                                ^~~~~~~~~~~~~
/usr/local/cuda/include/device_atomic_functions.h: In function 'bool any(bool)':
/usr/local/cuda/include/device_atomic_functions.h:74:25: warning: no return statement in function returning non-void [-Wreturn-type]
   74 | #define __DEF_IF_HOST { }
      |                         ^
/usr/local/cuda/include/device_atomic_functions.h:172:103: note: in expansion of macro '__DEF_IF_HOST'
  172 | __DEVICE_ATOMIC_FUNCTIONS_DECL__ __DEPRECATED__(__WSB_DEPRECATION_MESSAGE(__any)) bool any(bool cond) __DEF_IF_HOST
      |                                                                                                       ^~~~~~~~~~~~~
/usr/local/cuda/include/device_atomic_functions.h: In function 'bool all(bool)':
/usr/local/cuda/include/device_atomic_functions.h:74:25: warning: no return statement in function returning non-void [-Wreturn-type]
   74 | #define __DEF_IF_HOST { }
      |                         ^
/usr/local/cuda/include/device_atomic_functions.h:174:103: note: in expansion of macro '__DEF_IF_HOST'
  174 | __DEVICE_ATOMIC_FUNCTIONS_DECL__ __DEPRECATED__(__WSB_DEPRECATION_MESSAGE(__all)) bool all(bool cond) __DEF_IF_HOST
      |                                                                                                       ^~~~~~~~~~~~~
In file included from /usr/local/cuda/include/crt/device_functions.h:3617,
                 from /home/GVirtuS/GVirtuS/plugins/cudart/backend/CudaRtHandler.h:71,
                 from /home/GVirtuS/GVirtuS/plugins/cudart/backend/CudaRtHandler_error.cpp:26:
/usr/local/cuda/include/sm_20_atomic_functions.h: In function 'float atomicAdd(float*, float)':
/usr/local/cuda/include/sm_20_atomic_functions.h:79:25: warning: no return statement in function returning non-void [-Wreturn-type]
   79 | #define __DEF_IF_HOST { }
      |                         ^
/usr/local/cuda/include/sm_20_atomic_functions.h:96:76: note: in expansion of macro '__DEF_IF_HOST'
   96 | __SM_20_ATOMIC_FUNCTIONS_DECL__ float atomicAdd(float *address, float val) __DEF_IF_HOST
      |                                                                            ^~~~~~~~~~~~~
In file included from /usr/local/cuda/include/crt/device_functions.h:3618,
                 from /home/GVirtuS/GVirtuS/plugins/cudart/backend/CudaRtHandler.h:71,
                 from /home/GVirtuS/GVirtuS/plugins/cudart/backend/CudaRtHandler_error.cpp:26:
/usr/local/cuda/include/sm_32_atomic_functions.h: In function 'long long int atomicMin(long long int*, long long int)':
/usr/local/cuda/include/sm_32_atomic_functions.h:72:25: warning: no return statement in function returning non-void [-Wreturn-type]
   72 | #define __DEF_IF_HOST { }
      |                         ^
/usr/local/cuda/include/sm_32_atomic_functions.h:89:88: note: in expansion of macro '__DEF_IF_HOST'
   89 | __SM_32_ATOMIC_FUNCTIONS_DECL__ long long atomicMin(long long *address, long long val) __DEF_IF_HOST
      |                                                                                        ^~~~~~~~~~~~~
/usr/local/cuda/include/sm_32_atomic_functions.h: In function 'long long int atomicMax(long long int*, long long int)':
/usr/local/cuda/include/sm_32_atomic_functions.h:72:25: warning: no return statement in function returning non-void [-Wreturn-type]
   72 | #define __DEF_IF_HOST { }
      |                         ^
/usr/local/cuda/include/sm_32_atomic_functions.h:91:88: note: in expansion of macro '__DEF_IF_HOST'
   91 | __SM_32_ATOMIC_FUNCTIONS_DECL__ long long atomicMax(long long *address, long long val) __DEF_IF_HOST
      |                                                                                        ^~~~~~~~~~~~~
/usr/local/cuda/include/sm_32_atomic_functions.h: In function 'long long int atomicAnd(long long int*, long long int)':
/usr/local/cuda/include/sm_32_atomic_functions.h:72:25: warning: no return statement in function returning non-void [-Wreturn-type]
   72 | #define __DEF_IF_HOST { }
      |                         ^
/usr/local/cuda/include/sm_32_atomic_functions.h:93:88: note: in expansion of macro '__DEF_IF_HOST'
   93 | __SM_32_ATOMIC_FUNCTIONS_DECL__ long long atomicAnd(long long *address, long long val) __DEF_IF_HOST
      |                                                                                        ^~~~~~~~~~~~~
/usr/local/cuda/include/sm_32_atomic_functions.h: In function 'long long int atomicOr(long long int*, long long int)':
/usr/local/cuda/include/sm_32_atomic_functions.h:72:25: warning: no return statement in function returning non-void [-Wreturn-type]
   72 | #define __DEF_IF_HOST { }
      |                         ^
/usr/local/cuda/include/sm_32_atomic_functions.h:95:87: note: in expansion of macro '__DEF_IF_HOST'
   95 | __SM_32_ATOMIC_FUNCTIONS_DECL__ long long atomicOr(long long *address, long long val) __DEF_IF_HOST
      |                                                                                       ^~~~~~~~~~~~~
/usr/local/cuda/include/sm_32_atomic_functions.h: In function 'long long int atomicXor(long long int*, long long int)':
/usr/local/cuda/include/sm_32_atomic_functions.h:72:25: warning: no return statement in function returning non-void [-Wreturn-type]
   72 | #define __DEF_IF_HOST { }
      |                         ^
/usr/local/cuda/include/sm_32_atomic_functions.h:97:88: note: in expansion of macro '__DEF_IF_HOST'
   97 | __SM_32_ATOMIC_FUNCTIONS_DECL__ long long atomicXor(long long *address, long long val) __DEF_IF_HOST
      |                                                                                        ^~~~~~~~~~~~~
/usr/local/cuda/include/sm_32_atomic_functions.h: In function 'long long unsigned int atomicMin(long long unsigned int*, long long unsigned int)':
/usr/local/cuda/include/sm_32_atomic_functions.h:72:25: warning: no return statement in function returning non-void [-Wreturn-type]
   72 | #define __DEF_IF_HOST { }
      |                         ^
/usr/local/cuda/include/sm_32_atomic_functions.h:99:115: note: in expansion of macro '__DEF_IF_HOST'
   99 | __SM_32_ATOMIC_FUNCTIONS_DECL__ unsigned long long atomicMin(unsigned long long *address, unsigned long long val) __DEF_IF_HOST
      |                                                                                                                   ^~~~~~~~~~~~~
/usr/local/cuda/include/sm_32_atomic_functions.h: In function 'long long unsigned int atomicMax(long long unsigned int*, long long unsigned int)':
/usr/local/cuda/include/sm_32_atomic_functions.h:72:25: warning: no return statement in function returning non-void [-Wreturn-type]
   72 | #define __DEF_IF_HOST { }
      |                         ^
/usr/local/cuda/include/sm_32_atomic_functions.h:101:115: note: in expansion of macro '__DEF_IF_HOST'
  101 | __SM_32_ATOMIC_FUNCTIONS_DECL__ unsigned long long atomicMax(unsigned long long *address, unsigned long long val) __DEF_IF_HOST
      |                                                                                                                   ^~~~~~~~~~~~~
/usr/local/cuda/include/sm_32_atomic_functions.h: In function 'long long unsigned int atomicAnd(long long unsigned int*, long long unsigned int)':
/usr/local/cuda/include/sm_32_atomic_functions.h:72:25: warning: no return statement in function returning non-void [-Wreturn-type]
   72 | #define __DEF_IF_HOST { }
      |                         ^
/usr/local/cuda/include/sm_32_atomic_functions.h:103:115: note: in expansion of macro '__DEF_IF_HOST'
  103 | __SM_32_ATOMIC_FUNCTIONS_DECL__ unsigned long long atomicAnd(unsigned long long *address, unsigned long long val) __DEF_IF_HOST
      |                                                                                                                   ^~~~~~~~~~~~~
/usr/local/cuda/include/sm_32_atomic_functions.h: In function 'long long unsigned int atomicOr(long long unsigned int*, long long unsigned int)':
/usr/local/cuda/include/sm_32_atomic_functions.h:72:25: warning: no return statement in function returning non-void [-Wreturn-type]
   72 | #define __DEF_IF_HOST { }
      |                         ^
/usr/local/cuda/include/sm_32_atomic_functions.h:105:114: note: in expansion of macro '__DEF_IF_HOST'
  105 | __SM_32_ATOMIC_FUNCTIONS_DECL__ unsigned long long atomicOr(unsigned long long *address, unsigned long long val) __DEF_IF_HOST
      |                                                                                                                  ^~~~~~~~~~~~~
/usr/local/cuda/include/sm_32_atomic_functions.h: In function 'long long unsigned int atomicXor(long long unsigned int*, long long unsigned int)':
/usr/local/cuda/include/sm_32_atomic_functions.h:72:25: warning: no return statement in function returning non-void [-Wreturn-type]
   72 | #define __DEF_IF_HOST { }
      |                         ^
/usr/local/cuda/include/sm_32_atomic_functions.h:107:115: note: in expansion of macro '__DEF_IF_HOST'
  107 | __SM_32_ATOMIC_FUNCTIONS_DECL__ unsigned long long atomicXor(unsigned long long *address, unsigned long long val) __DEF_IF_HOST
      |                                                                                                                   ^~~~~~~~~~~~~
In file included from /usr/local/cuda/include/crt/device_functions.h:3620,
                 from /home/GVirtuS/GVirtuS/plugins/cudart/backend/CudaRtHandler.h:71,
                 from /home/GVirtuS/GVirtuS/plugins/cudart/backend/CudaRtHandler_error.cpp:26:
/usr/local/cuda/include/sm_60_atomic_functions.h: In function 'double atomicAdd(double*, double)':
/usr/local/cuda/include/sm_60_atomic_functions.h:77:25: warning: no return statement in function returning non-void [-Wreturn-type]
   77 | #define __DEF_IF_HOST { }
      |                         ^
/usr/local/cuda/include/sm_60_atomic_functions.h:90:79: note: in expansion of macro '__DEF_IF_HOST'
   90 | __SM_60_ATOMIC_FUNCTIONS_DECL__ double atomicAdd(double *address, double val) __DEF_IF_HOST
      |                                                                               ^~~~~~~~~~~~~
/usr/local/cuda/include/sm_60_atomic_functions.h: In function 'int atomicAdd_block(int*, int)':
/usr/local/cuda/include/sm_60_atomic_functions.h:77:25: warning: no return statement in function returning non-void [-Wreturn-type]
   77 | #define __DEF_IF_HOST { }
      |                         ^
/usr/local/cuda/include/sm_60_atomic_functions.h:93:44: note: in expansion of macro '__DEF_IF_HOST'
   93 | int atomicAdd_block(int *address, int val) __DEF_IF_HOST
      |                                            ^~~~~~~~~~~~~
/usr/local/cuda/include/sm_60_atomic_functions.h: In function 'int atomicAdd_system(int*, int)':
/usr/local/cuda/include/sm_60_atomic_functions.h:77:25: warning: no return statement in function returning non-void [-Wreturn-type]
   77 | #define __DEF_IF_HOST { }
      |                         ^
/usr/local/cuda/include/sm_60_atomic_functions.h:96:45: note: in expansion of macro '__DEF_IF_HOST'
   96 | int atomicAdd_system(int *address, int val) __DEF_IF_HOST
      |                                             ^~~~~~~~~~~~~
/usr/local/cuda/include/sm_60_atomic_functions.h: In function 'unsigned int atomicAdd_block(unsigned int*, unsigned int)':
/usr/local/cuda/include/sm_60_atomic_functions.h:77:25: warning: no return statement in function returning non-void [-Wreturn-type]
   77 | #define __DEF_IF_HOST { }
      |                         ^
/usr/local/cuda/include/sm_60_atomic_functions.h:99:71: note: in expansion of macro '__DEF_IF_HOST'
   99 | unsigned int atomicAdd_block(unsigned int *address, unsigned int val) __DEF_IF_HOST
      |                                                                       ^~~~~~~~~~~~~
/usr/local/cuda/include/sm_60_atomic_functions.h: In function 'unsigned int atomicAdd_system(unsigned int*, unsigned int)':
/usr/local/cuda/include/sm_60_atomic_functions.h:77:25: warning: no return statement in function returning non-void [-Wreturn-type]
   77 | #define __DEF_IF_HOST { }
      |                         ^
/usr/local/cuda/include/sm_60_atomic_functions.h:102:72: note: in expansion of macro '__DEF_IF_HOST'
  102 | unsigned int atomicAdd_system(unsigned int *address, unsigned int val) __DEF_IF_HOST
      |                                                                        ^~~~~~~~~~~~~
/usr/local/cuda/include/sm_60_atomic_functions.h: In function 'long long unsigned int atomicAdd_block(long long unsigned int*, long long unsigned int)':
/usr/local/cuda/include/sm_60_atomic_functions.h:77:25: warning: no return statement in function returning non-void [-Wreturn-type]
   77 | #define __DEF_IF_HOST { }
      |                         ^
/usr/local/cuda/include/sm_60_atomic_functions.h:105:89: note: in expansion of macro '__DEF_IF_HOST'
  105 | unsigned long long atomicAdd_block(unsigned long long *address, unsigned long long val) __DEF_IF_HOST
      |                                                                                         ^~~~~~~~~~~~~
/usr/local/cuda/include/sm_60_atomic_functions.h: In function 'long long unsigned int atomicAdd_system(long long unsigned int*, long long unsigned int)':
/usr/local/cuda/include/sm_60_atomic_functions.h:77:25: warning: no return statement in function returning non-void [-Wreturn-type]
   77 | #define __DEF_IF_HOST { }
      |                         ^
/usr/local/cuda/include/sm_60_atomic_functions.h:108:90: note: in expansion of macro '__DEF_IF_HOST'
  108 | unsigned long long atomicAdd_system(unsigned long long *address, unsigned long long val) __DEF_IF_HOST
      |                                                                                          ^~~~~~~~~~~~~
/usr/local/cuda/include/sm_60_atomic_functions.h: In function 'float atomicAdd_block(float*, float)':
/usr/local/cuda/include/sm_60_atomic_functions.h:77:25: warning: no return statement in function returning non-void [-Wreturn-type]
   77 | #define __DEF_IF_HOST { }
      |                         ^
/usr/local/cuda/include/sm_60_atomic_functions.h:111:50: note: in expansion of macro '__DEF_IF_HOST'
  111 | float atomicAdd_block(float *address, float val) __DEF_IF_HOST
      |                                                  ^~~~~~~~~~~~~
/usr/local/cuda/include/sm_60_atomic_functions.h: In function 'float atomicAdd_system(float*, float)':
/usr/local/cuda/include/sm_60_atomic_functions.h:77:25: warning: no return statement in function returning non-void [-Wreturn-type]
   77 | #define __DEF_IF_HOST { }
      |                         ^
/usr/local/cuda/include/sm_60_atomic_functions.h:114:51: note: in expansion of macro '__DEF_IF_HOST'
  114 | float atomicAdd_system(float *address, float val) __DEF_IF_HOST
      |                                                   ^~~~~~~~~~~~~
/usr/local/cuda/include/sm_60_atomic_functions.h: In function 'double atomicAdd_block(double*, double)':
/usr/local/cuda/include/sm_60_atomic_functions.h:77:25: warning: no return statement in function returning non-void [-Wreturn-type]
   77 | #define __DEF_IF_HOST { }
      |                         ^
/usr/local/cuda/include/sm_60_atomic_functions.h:117:53: note: in expansion of macro '__DEF_IF_HOST'
  117 | double atomicAdd_block(double *address, double val) __DEF_IF_HOST
      |                                                     ^~~~~~~~~~~~~
/usr/local/cuda/include/sm_60_atomic_functions.h: In function 'double atomicAdd_system(double*, double)':
/usr/local/cuda/include/sm_60_atomic_functions.h:77:25: warning: no return statement in function returning non-void [-Wreturn-type]
   77 | #define __DEF_IF_HOST { }
      |                         ^
/usr/local/cuda/include/sm_60_atomic_functions.h:120:54: note: in expansion of macro '__DEF_IF_HOST'
  120 | double atomicAdd_system(double *address, double val) __DEF_IF_HOST
      |                                                      ^~~~~~~~~~~~~
/usr/local/cuda/include/sm_60_atomic_functions.h: In function 'int atomicSub_block(int*, int)':
/usr/local/cuda/include/sm_60_atomic_functions.h:77:25: warning: no return statement in function returning non-void [-Wreturn-type]
   77 | #define __DEF_IF_HOST { }
      |                         ^
/usr/local/cuda/include/sm_60_atomic_functions.h:123:44: note: in expansion of macro '__DEF_IF_HOST'
  123 | int atomicSub_block(int *address, int val) __DEF_IF_HOST
      |                                            ^~~~~~~~~~~~~
/usr/local/cuda/include/sm_60_atomic_functions.h: In function 'int atomicSub_system(int*, int)':
/usr/local/cuda/include/sm_60_atomic_functions.h:77:25: warning: no return statement in function returning non-void [-Wreturn-type]
   77 | #define __DEF_IF_HOST { }
      |                         ^
/usr/local/cuda/include/sm_60_atomic_functions.h:126:45: note: in expansion of macro '__DEF_IF_HOST'
  126 | int atomicSub_system(int *address, int val) __DEF_IF_HOST
      |                                             ^~~~~~~~~~~~~
/usr/local/cuda/include/sm_60_atomic_functions.h: In function 'unsigned int atomicSub_block(unsigned int*, unsigned int)':
/usr/local/cuda/include/sm_60_atomic_functions.h:77:25: warning: no return statement in function returning non-void [-Wreturn-type]
   77 | #define __DEF_IF_HOST { }
      |                         ^
/usr/local/cuda/include/sm_60_atomic_functions.h:129:71: note: in expansion of macro '__DEF_IF_HOST'
  129 | unsigned int atomicSub_block(unsigned int *address, unsigned int val) __DEF_IF_HOST
      |                                                                       ^~~~~~~~~~~~~
/usr/local/cuda/include/sm_60_atomic_functions.h: In function 'unsigned int atomicSub_system(unsigned int*, unsigned int)':
/usr/local/cuda/include/sm_60_atomic_functions.h:77:25: warning: no return statement in function returning non-void [-Wreturn-type]
   77 | #define __DEF_IF_HOST { }
      |                         ^
/usr/local/cuda/include/sm_60_atomic_functions.h:132:72: note: in expansion of macro '__DEF_IF_HOST'
  132 | unsigned int atomicSub_system(unsigned int *address, unsigned int val) __DEF_IF_HOST
      |                                                                        ^~~~~~~~~~~~~
/usr/local/cuda/include/sm_60_atomic_functions.h: In function 'int atomicExch_block(int*, int)':
/usr/local/cuda/include/sm_60_atomic_functions.h:77:25: warning: no return statement in function returning non-void [-Wreturn-type]
   77 | #define __DEF_IF_HOST { }
      |                         ^
/usr/local/cuda/include/sm_60_atomic_functions.h:135:45: note: in expansion of macro '__DEF_IF_HOST'
  135 | int atomicExch_block(int *address, int val) __DEF_IF_HOST
      |                                             ^~~~~~~~~~~~~
/usr/local/cuda/include/sm_60_atomic_functions.h: In function 'int atomicExch_system(int*, int)':
/usr/local/cuda/include/sm_60_atomic_functions.h:77:25: warning: no return statement in function returning non-void [-Wreturn-type]
   77 | #define __DEF_IF_HOST { }
      |                         ^
/usr/local/cuda/include/sm_60_atomic_functions.h:138:46: note: in expansion of macro '__DEF_IF_HOST'
  138 | int atomicExch_system(int *address, int val) __DEF_IF_HOST
      |                                              ^~~~~~~~~~~~~
/usr/local/cuda/include/sm_60_atomic_functions.h: In function 'unsigned int atomicExch_block(unsigned int*, unsigned int)':
/usr/local/cuda/include/sm_60_atomic_functions.h:77:25: warning: no return statement in function returning non-void [-Wreturn-type]
   77 | #define __DEF_IF_HOST { }
      |                         ^
/usr/local/cuda/include/sm_60_atomic_functions.h:141:72: note: in expansion of macro '__DEF_IF_HOST'
  141 | unsigned int atomicExch_block(unsigned int *address, unsigned int val) __DEF_IF_HOST
      |                                                                        ^~~~~~~~~~~~~
/usr/local/cuda/include/sm_60_atomic_functions.h: In function 'unsigned int atomicExch_system(unsigned int*, unsigned int)':
/usr/local/cuda/include/sm_60_atomic_functions.h:77:25: warning: no return statement in function returning non-void [-Wreturn-type]
   77 | #define __DEF_IF_HOST { }
      |                         ^
/usr/local/cuda/include/sm_60_atomic_functions.h:144:73: note: in expansion of macro '__DEF_IF_HOST'
  144 | unsigned int atomicExch_system(unsigned int *address, unsigned int val) __DEF_IF_HOST
      |                                                                         ^~~~~~~~~~~~~
/usr/local/cuda/include/sm_60_atomic_functions.h: In function 'long long unsigned int atomicExch_block(long long unsigned int*, long long unsigned int)':
/usr/local/cuda/include/sm_60_atomic_functions.h:77:25: warning: no return statement in function returning non-void [-Wreturn-type]
   77 | #define __DEF_IF_HOST { }
      |                         ^
/usr/local/cuda/include/sm_60_atomic_functions.h:147:90: note: in expansion of macro '__DEF_IF_HOST'
  147 | unsigned long long atomicExch_block(unsigned long long *address, unsigned long long val) __DEF_IF_HOST
      |                                                                                          ^~~~~~~~~~~~~
/usr/local/cuda/include/sm_60_atomic_functions.h: In function 'long long unsigned int atomicExch_system(long long unsigned int*, long long unsigned int)':
/usr/local/cuda/include/sm_60_atomic_functions.h:77:25: warning: no return statement in function returning non-void [-Wreturn-type]
   77 | #define __DEF_IF_HOST { }
      |                         ^
/usr/local/cuda/include/sm_60_atomic_functions.h:150:91: note: in expansion of macro '__DEF_IF_HOST'
  150 | unsigned long long atomicExch_system(unsigned long long *address, unsigned long long val) __DEF_IF_HOST
      |                                                                                           ^~~~~~~~~~~~~
/usr/local/cuda/include/sm_60_atomic_functions.h: In function 'float atomicExch_block(float*, float)':
/usr/local/cuda/include/sm_60_atomic_functions.h:77:25: warning: no return statement in function returning non-void [-Wreturn-type]
   77 | #define __DEF_IF_HOST { }
      |                         ^
/usr/local/cuda/include/sm_60_atomic_functions.h:153:51: note: in expansion of macro '__DEF_IF_HOST'
  153 | float atomicExch_block(float *address, float val) __DEF_IF_HOST
      |                                                   ^~~~~~~~~~~~~
/usr/local/cuda/include/sm_60_atomic_functions.h: In function 'float atomicExch_system(float*, float)':
/usr/local/cuda/include/sm_60_atomic_functions.h:77:25: warning: no return statement in function returning non-void [-Wreturn-type]
   77 | #define __DEF_IF_HOST { }
      |                         ^
/usr/local/cuda/include/sm_60_atomic_functions.h:156:52: note: in expansion of macro '__DEF_IF_HOST'
  156 | float atomicExch_system(float *address, float val) __DEF_IF_HOST
      |                                                    ^~~~~~~~~~~~~
/usr/local/cuda/include/sm_60_atomic_functions.h: In function 'int atomicMin_block(int*, int)':
/usr/local/cuda/include/sm_60_atomic_functions.h:77:25: warning: no return statement in function returning non-void [-Wreturn-type]
   77 | #define __DEF_IF_HOST { }
      |                         ^
/usr/local/cuda/include/sm_60_atomic_functions.h:159:44: note: in expansion of macro '__DEF_IF_HOST'
  159 | int atomicMin_block(int *address, int val) __DEF_IF_HOST
      |                                            ^~~~~~~~~~~~~
/usr/local/cuda/include/sm_60_atomic_functions.h: In function 'int atomicMin_system(int*, int)':
/usr/local/cuda/include/sm_60_atomic_functions.h:77:25: warning: no return statement in function returning non-void [-Wreturn-type]
   77 | #define __DEF_IF_HOST { }
      |                         ^
/usr/local/cuda/include/sm_60_atomic_functions.h:162:45: note: in expansion of macro '__DEF_IF_HOST'
  162 | int atomicMin_system(int *address, int val) __DEF_IF_HOST
      |                                             ^~~~~~~~~~~~~
/usr/local/cuda/include/sm_60_atomic_functions.h: In function 'long long int atomicMin_block(long long int*, long long int)':
/usr/local/cuda/include/sm_60_atomic_functions.h:77:25: warning: no return statement in function returning non-void [-Wreturn-type]
   77 | #define __DEF_IF_HOST { }
      |                         ^
/usr/local/cuda/include/sm_60_atomic_functions.h:165:62: note: in expansion of macro '__DEF_IF_HOST'
  165 | long long atomicMin_block(long long *address, long long val) __DEF_IF_HOST
      |                                                              ^~~~~~~~~~~~~
/usr/local/cuda/include/sm_60_atomic_functions.h: In function 'long long int atomicMin_system(long long int*, long long int)':
/usr/local/cuda/include/sm_60_atomic_functions.h:77:25: warning: no return statement in function returning non-void [-Wreturn-type]
   77 | #define __DEF_IF_HOST { }
      |                         ^
/usr/local/cuda/include/sm_60_atomic_functions.h:168:63: note: in expansion of macro '__DEF_IF_HOST'
  168 | long long atomicMin_system(long long *address, long long val) __DEF_IF_HOST
      |                                                               ^~~~~~~~~~~~~
/usr/local/cuda/include/sm_60_atomic_functions.h: In function 'unsigned int atomicMin_block(unsigned int*, unsigned int)':
/usr/local/cuda/include/sm_60_atomic_functions.h:77:25: warning: no return statement in function returning non-void [-Wreturn-type]
   77 | #define __DEF_IF_HOST { }
      |                         ^
/usr/local/cuda/include/sm_60_atomic_functions.h:171:71: note: in expansion of macro '__DEF_IF_HOST'
  171 | unsigned int atomicMin_block(unsigned int *address, unsigned int val) __DEF_IF_HOST
      |                                                                       ^~~~~~~~~~~~~
/usr/local/cuda/include/sm_60_atomic_functions.h: In function 'unsigned int atomicMin_system(unsigned int*, unsigned int)':
/usr/local/cuda/include/sm_60_atomic_functions.h:77:25: warning: no return statement in function returning non-void [-Wreturn-type]
   77 | #define __DEF_IF_HOST { }
      |                         ^
/usr/local/cuda/include/sm_60_atomic_functions.h:174:72: note: in expansion of macro '__DEF_IF_HOST'
  174 | unsigned int atomicMin_system(unsigned int *address, unsigned int val) __DEF_IF_HOST
      |                                                                        ^~~~~~~~~~~~~
/usr/local/cuda/include/sm_60_atomic_functions.h: In function 'long long unsigned int atomicMin_block(long long unsigned int*, long long unsigned int)':
/usr/local/cuda/include/sm_60_atomic_functions.h:77:25: warning: no return statement in function returning non-void [-Wreturn-type]
   77 | #define __DEF_IF_HOST { }
      |                         ^
/usr/local/cuda/include/sm_60_atomic_functions.h:177:89: note: in expansion of macro '__DEF_IF_HOST'
  177 | unsigned long long atomicMin_block(unsigned long long *address, unsigned long long val) __DEF_IF_HOST
      |                                                                                         ^~~~~~~~~~~~~
/usr/local/cuda/include/sm_60_atomic_functions.h: In function 'long long unsigned int atomicMin_system(long long unsigned int*, long long unsigned int)':
/usr/local/cuda/include/sm_60_atomic_functions.h:77:25: warning: no return statement in function returning non-void [-Wreturn-type]
   77 | #define __DEF_IF_HOST { }
      |                         ^
/usr/local/cuda/include/sm_60_atomic_functions.h:180:90: note: in expansion of macro '__DEF_IF_HOST'
  180 | unsigned long long atomicMin_system(unsigned long long *address, unsigned long long val) __DEF_IF_HOST
      |                                                                                          ^~~~~~~~~~~~~
/usr/local/cuda/include/sm_60_atomic_functions.h: In function 'int atomicMax_block(int*, int)':
/usr/local/cuda/include/sm_60_atomic_functions.h:77:25: warning: no return statement in function returning non-void [-Wreturn-type]
   77 | #define __DEF_IF_HOST { }
      |                         ^
/usr/local/cuda/include/sm_60_atomic_functions.h:183:44: note: in expansion of macro '__DEF_IF_HOST'
  183 | int atomicMax_block(int *address, int val) __DEF_IF_HOST
      |                                            ^~~~~~~~~~~~~
/usr/local/cuda/include/sm_60_atomic_functions.h: In function 'int atomicMax_system(int*, int)':
/usr/local/cuda/include/sm_60_atomic_functions.h:77:25: warning: no return statement in function returning non-void [-Wreturn-type]
   77 | #define __DEF_IF_HOST { }
      |                         ^
/usr/local/cuda/include/sm_60_atomic_functions.h:186:45: note: in expansion of macro '__DEF_IF_HOST'
  186 | int atomicMax_system(int *address, int val) __DEF_IF_HOST
      |                                             ^~~~~~~~~~~~~
/usr/local/cuda/include/sm_60_atomic_functions.h: In function 'long long int atomicMax_block(long long int*, long long int)':
/usr/local/cuda/include/sm_60_atomic_functions.h:77:25: warning: no return statement in function returning non-void [-Wreturn-type]
   77 | #define __DEF_IF_HOST { }
      |                         ^
/usr/local/cuda/include/sm_60_atomic_functions.h:189:62: note: in expansion of macro '__DEF_IF_HOST'
  189 | long long atomicMax_block(long long *address, long long val) __DEF_IF_HOST
      |                                                              ^~~~~~~~~~~~~
/usr/local/cuda/include/sm_60_atomic_functions.h: In function 'long long int atomicMax_system(long long int*, long long int)':
/usr/local/cuda/include/sm_60_atomic_functions.h:77:25: warning: no return statement in function returning non-void [-Wreturn-type]
   77 | #define __DEF_IF_HOST { }
      |                         ^
/usr/local/cuda/include/sm_60_atomic_functions.h:192:63: note: in expansion of macro '__DEF_IF_HOST'
  192 | long long atomicMax_system(long long *address, long long val) __DEF_IF_HOST
      |                                                               ^~~~~~~~~~~~~
/usr/local/cuda/include/sm_60_atomic_functions.h: In function 'unsigned int atomicMax_block(unsigned int*, unsigned int)':
/usr/local/cuda/include/sm_60_atomic_functions.h:77:25: warning: no return statement in function returning non-void [-Wreturn-type]
   77 | #define __DEF_IF_HOST { }
      |                         ^
/usr/local/cuda/include/sm_60_atomic_functions.h:195:71: note: in expansion of macro '__DEF_IF_HOST'
  195 | unsigned int atomicMax_block(unsigned int *address, unsigned int val) __DEF_IF_HOST
      |                                                                       ^~~~~~~~~~~~~
/usr/local/cuda/include/sm_60_atomic_functions.h: In function 'unsigned int atomicMax_system(unsigned int*, unsigned int)':
/usr/local/cuda/include/sm_60_atomic_functions.h:77:25: warning: no return statement in function returning non-void [-Wreturn-type]
   77 | #define __DEF_IF_HOST { }
      |                         ^
/usr/local/cuda/include/sm_60_atomic_functions.h:198:72: note: in expansion of macro '__DEF_IF_HOST'
  198 | unsigned int atomicMax_system(unsigned int *address, unsigned int val) __DEF_IF_HOST
      |                                                                        ^~~~~~~~~~~~~
/usr/local/cuda/include/sm_60_atomic_functions.h: In function 'long long unsigned int atomicMax_block(long long unsigned int*, long long unsigned int)':
/usr/local/cuda/include/sm_60_atomic_functions.h:77:25: warning: no return statement in function returning non-void [-Wreturn-type]
   77 | #define __DEF_IF_HOST { }
      |                         ^
/usr/local/cuda/include/sm_60_atomic_functions.h:201:89: note: in expansion of macro '__DEF_IF_HOST'
  201 | unsigned long long atomicMax_block(unsigned long long *address, unsigned long long val) __DEF_IF_HOST
      |                                                                                         ^~~~~~~~~~~~~
/usr/local/cuda/include/sm_60_atomic_functions.h: In function 'long long unsigned int atomicMax_system(long long unsigned int*, long long unsigned int)':
/usr/local/cuda/include/sm_60_atomic_functions.h:77:25: warning: no return statement in function returning non-void [-Wreturn-type]
   77 | #define __DEF_IF_HOST { }
      |                         ^
/usr/local/cuda/include/sm_60_atomic_functions.h:204:90: note: in expansion of macro '__DEF_IF_HOST'
  204 | unsigned long long atomicMax_system(unsigned long long *address, unsigned long long val) __DEF_IF_HOST
      |                                                                                          ^~~~~~~~~~~~~
/usr/local/cuda/include/sm_60_atomic_functions.h: In function 'unsigned int atomicInc_block(unsigned int*, unsigned int)':
/usr/local/cuda/include/sm_60_atomic_functions.h:77:25: warning: no return statement in function returning non-void [-Wreturn-type]
   77 | #define __DEF_IF_HOST { }
      |                         ^
/usr/local/cuda/include/sm_60_atomic_functions.h:207:71: note: in expansion of macro '__DEF_IF_HOST'
  207 | unsigned int atomicInc_block(unsigned int *address, unsigned int val) __DEF_IF_HOST
      |                                                                       ^~~~~~~~~~~~~
/usr/local/cuda/include/sm_60_atomic_functions.h: In function 'unsigned int atomicInc_system(unsigned int*, unsigned int)':
/usr/local/cuda/include/sm_60_atomic_functions.h:77:25: warning: no return statement in function returning non-void [-Wreturn-type]
   77 | #define __DEF_IF_HOST { }
      |                         ^
/usr/local/cuda/include/sm_60_atomic_functions.h:210:72: note: in expansion of macro '__DEF_IF_HOST'
  210 | unsigned int atomicInc_system(unsigned int *address, unsigned int val) __DEF_IF_HOST
      |                                                                        ^~~~~~~~~~~~~
/usr/local/cuda/include/sm_60_atomic_functions.h: In function 'unsigned int atomicDec_block(unsigned int*, unsigned int)':
/usr/local/cuda/include/sm_60_atomic_functions.h:77:25: warning: no return statement in function returning non-void [-Wreturn-type]
   77 | #define __DEF_IF_HOST { }
      |                         ^
/usr/local/cuda/include/sm_60_atomic_functions.h:213:71: note: in expansion of macro '__DEF_IF_HOST'
  213 | unsigned int atomicDec_block(unsigned int *address, unsigned int val) __DEF_IF_HOST
      |                                                                       ^~~~~~~~~~~~~
/usr/local/cuda/include/sm_60_atomic_functions.h: In function 'unsigned int atomicDec_system(unsigned int*, unsigned int)':
/usr/local/cuda/include/sm_60_atomic_functions.h:77:25: warning: no return statement in function returning non-void [-Wreturn-type]
   77 | #define __DEF_IF_HOST { }
      |                         ^
/usr/local/cuda/include/sm_60_atomic_functions.h:216:72: note: in expansion of macro '__DEF_IF_HOST'
  216 | unsigned int atomicDec_system(unsigned int *address, unsigned int val) __DEF_IF_HOST
      |                                                                        ^~~~~~~~~~~~~
/usr/local/cuda/include/sm_60_atomic_functions.h: In function 'int atomicCAS_block(int*, int, int)':
/usr/local/cuda/include/sm_60_atomic_functions.h:77:25: warning: no return statement in function returning non-void [-Wreturn-type]
   77 | #define __DEF_IF_HOST { }
      |                         ^
/usr/local/cuda/include/sm_60_atomic_functions.h:219:57: note: in expansion of macro '__DEF_IF_HOST'
  219 | int atomicCAS_block(int *address, int compare, int val) __DEF_IF_HOST
      |                                                         ^~~~~~~~~~~~~
/usr/local/cuda/include/sm_60_atomic_functions.h: In function 'int atomicCAS_system(int*, int, int)':
/usr/local/cuda/include/sm_60_atomic_functions.h:77:25: warning: no return statement in function returning non-void [-Wreturn-type]
   77 | #define __DEF_IF_HOST { }
      |                         ^
/usr/local/cuda/include/sm_60_atomic_functions.h:222:58: note: in expansion of macro '__DEF_IF_HOST'
  222 | int atomicCAS_system(int *address, int compare, int val) __DEF_IF_HOST
      |                                                          ^~~~~~~~~~~~~
/usr/local/cuda/include/sm_60_atomic_functions.h: In function 'unsigned int atomicCAS_block(unsigned int*, unsigned int, unsigned int)':
/usr/local/cuda/include/sm_60_atomic_functions.h:77:25: warning: no return statement in function returning non-void [-Wreturn-type]
   77 | #define __DEF_IF_HOST { }
      |                         ^
/usr/local/cuda/include/sm_60_atomic_functions.h:226:48: note: in expansion of macro '__DEF_IF_HOST'
  226 |                              unsigned int val) __DEF_IF_HOST
      |                                                ^~~~~~~~~~~~~
/usr/local/cuda/include/sm_60_atomic_functions.h: In function 'unsigned int atomicCAS_system(unsigned int*, unsigned int, unsigned int)':
/usr/local/cuda/include/sm_60_atomic_functions.h:77:25: warning: no return statement in function returning non-void [-Wreturn-type]
   77 | #define __DEF_IF_HOST { }
      |                         ^
/usr/local/cuda/include/sm_60_atomic_functions.h:230:49: note: in expansion of macro '__DEF_IF_HOST'
  230 |                               unsigned int val) __DEF_IF_HOST
      |                                                 ^~~~~~~~~~~~~
/usr/local/cuda/include/sm_60_atomic_functions.h: In function 'long long unsigned int atomicCAS_block(long long unsigned int*, long long unsigned int, long long unsigned int)':
/usr/local/cuda/include/sm_60_atomic_functions.h:77:25: warning: no return statement in function returning non-void [-Wreturn-type]
   77 | #define __DEF_IF_HOST { }
      |                         ^
/usr/local/cuda/include/sm_60_atomic_functions.h:235:68: note: in expansion of macro '__DEF_IF_HOST'
  235 |                                        unsigned long long int val) __DEF_IF_HOST
      |                                                                    ^~~~~~~~~~~~~
/usr/local/cuda/include/sm_60_atomic_functions.h: In function 'long long unsigned int atomicCAS_system(long long unsigned int*, long long unsigned int, long long unsigned int)':
/usr/local/cuda/include/sm_60_atomic_functions.h:77:25: warning: no return statement in function returning non-void [-Wreturn-type]
   77 | #define __DEF_IF_HOST { }
      |                         ^
/usr/local/cuda/include/sm_60_atomic_functions.h:240:69: note: in expansion of macro '__DEF_IF_HOST'
  240 |                                         unsigned long long int val) __DEF_IF_HOST
      |                                                                     ^~~~~~~~~~~~~
/usr/local/cuda/include/sm_60_atomic_functions.h: In function 'int atomicAnd_block(int*, int)':
/usr/local/cuda/include/sm_60_atomic_functions.h:77:25: warning: no return statement in function returning non-void [-Wreturn-type]
   77 | #define __DEF_IF_HOST { }
      |                         ^
/usr/local/cuda/include/sm_60_atomic_functions.h:243:44: note: in expansion of macro '__DEF_IF_HOST'
  243 | int atomicAnd_block(int *address, int val) __DEF_IF_HOST
      |                                            ^~~~~~~~~~~~~
/usr/local/cuda/include/sm_60_atomic_functions.h: In function 'int atomicAnd_system(int*, int)':
/usr/local/cuda/include/sm_60_atomic_functions.h:77:25: warning: no return statement in function returning non-void [-Wreturn-type]
   77 | #define __DEF_IF_HOST { }
      |                         ^
/usr/local/cuda/include/sm_60_atomic_functions.h:246:45: note: in expansion of macro '__DEF_IF_HOST'
  246 | int atomicAnd_system(int *address, int val) __DEF_IF_HOST
      |                                             ^~~~~~~~~~~~~
/usr/local/cuda/include/sm_60_atomic_functions.h: In function 'long long int atomicAnd_block(long long int*, long long int)':
/usr/local/cuda/include/sm_60_atomic_functions.h:77:25: warning: no return statement in function returning non-void [-Wreturn-type]
   77 | #define __DEF_IF_HOST { }
      |                         ^
/usr/local/cuda/include/sm_60_atomic_functions.h:249:62: note: in expansion of macro '__DEF_IF_HOST'
  249 | long long atomicAnd_block(long long *address, long long val) __DEF_IF_HOST
      |                                                              ^~~~~~~~~~~~~
/usr/local/cuda/include/sm_60_atomic_functions.h: In function 'long long int atomicAnd_system(long long int*, long long int)':
/usr/local/cuda/include/sm_60_atomic_functions.h:77:25: warning: no return statement in function returning non-void [-Wreturn-type]
   77 | #define __DEF_IF_HOST { }
      |                         ^
/usr/local/cuda/include/sm_60_atomic_functions.h:252:63: note: in expansion of macro '__DEF_IF_HOST'
  252 | long long atomicAnd_system(long long *address, long long val) __DEF_IF_HOST
      |                                                               ^~~~~~~~~~~~~
/usr/local/cuda/include/sm_60_atomic_functions.h: In function 'unsigned int atomicAnd_block(unsigned int*, unsigned int)':
/usr/local/cuda/include/sm_60_atomic_functions.h:77:25: warning: no return statement in function returning non-void [-Wreturn-type]
   77 | #define __DEF_IF_HOST { }
      |                         ^
/usr/local/cuda/include/sm_60_atomic_functions.h:255:71: note: in expansion of macro '__DEF_IF_HOST'
  255 | unsigned int atomicAnd_block(unsigned int *address, unsigned int val) __DEF_IF_HOST
      |                                                                       ^~~~~~~~~~~~~
/usr/local/cuda/include/sm_60_atomic_functions.h: In function 'unsigned int atomicAnd_system(unsigned int*, unsigned int)':
/usr/local/cuda/include/sm_60_atomic_functions.h:77:25: warning: no return statement in function returning non-void [-Wreturn-type]
   77 | #define __DEF_IF_HOST { }
      |                         ^
/usr/local/cuda/include/sm_60_atomic_functions.h:258:72: note: in expansion of macro '__DEF_IF_HOST'
  258 | unsigned int atomicAnd_system(unsigned int *address, unsigned int val) __DEF_IF_HOST
      |                                                                        ^~~~~~~~~~~~~
/usr/local/cuda/include/sm_60_atomic_functions.h: In function 'long long unsigned int atomicAnd_block(long long unsigned int*, long long unsigned int)':
/usr/local/cuda/include/sm_60_atomic_functions.h:77:25: warning: no return statement in function returning non-void [-Wreturn-type]
   77 | #define __DEF_IF_HOST { }
      |                         ^
/usr/local/cuda/include/sm_60_atomic_functions.h:261:89: note: in expansion of macro '__DEF_IF_HOST'
  261 | unsigned long long atomicAnd_block(unsigned long long *address, unsigned long long val) __DEF_IF_HOST
      |                                                                                         ^~~~~~~~~~~~~
/usr/local/cuda/include/sm_60_atomic_functions.h: In function 'long long unsigned int atomicAnd_system(long long unsigned int*, long long unsigned int)':
/usr/local/cuda/include/sm_60_atomic_functions.h:77:25: warning: no return statement in function returning non-void [-Wreturn-type]
   77 | #define __DEF_IF_HOST { }
      |                         ^
/usr/local/cuda/include/sm_60_atomic_functions.h:264:90: note: in expansion of macro '__DEF_IF_HOST'
  264 | unsigned long long atomicAnd_system(unsigned long long *address, unsigned long long val) __DEF_IF_HOST
      |                                                                                          ^~~~~~~~~~~~~
/usr/local/cuda/include/sm_60_atomic_functions.h: In function 'int atomicOr_block(int*, int)':
/usr/local/cuda/include/sm_60_atomic_functions.h:77:25: warning: no return statement in function returning non-void [-Wreturn-type]
   77 | #define __DEF_IF_HOST { }
      |                         ^
/usr/local/cuda/include/sm_60_atomic_functions.h:267:43: note: in expansion of macro '__DEF_IF_HOST'
  267 | int atomicOr_block(int *address, int val) __DEF_IF_HOST
      |                                           ^~~~~~~~~~~~~
/usr/local/cuda/include/sm_60_atomic_functions.h: In function 'int atomicOr_system(int*, int)':
/usr/local/cuda/include/sm_60_atomic_functions.h:77:25: warning: no return statement in function returning non-void [-Wreturn-type]
   77 | #define __DEF_IF_HOST { }
      |                         ^
/usr/local/cuda/include/sm_60_atomic_functions.h:270:44: note: in expansion of macro '__DEF_IF_HOST'
  270 | int atomicOr_system(int *address, int val) __DEF_IF_HOST
      |                                            ^~~~~~~~~~~~~
/usr/local/cuda/include/sm_60_atomic_functions.h: In function 'long long int atomicOr_block(long long int*, long long int)':
/usr/local/cuda/include/sm_60_atomic_functions.h:77:25: warning: no return statement in function returning non-void [-Wreturn-type]
   77 | #define __DEF_IF_HOST { }
      |                         ^
/usr/local/cuda/include/sm_60_atomic_functions.h:273:61: note: in expansion of macro '__DEF_IF_HOST'
  273 | long long atomicOr_block(long long *address, long long val) __DEF_IF_HOST
      |                                                             ^~~~~~~~~~~~~
/usr/local/cuda/include/sm_60_atomic_functions.h: In function 'long long int atomicOr_system(long long int*, long long int)':
/usr/local/cuda/include/sm_60_atomic_functions.h:77:25: warning: no return statement in function returning non-void [-Wreturn-type]
   77 | #define __DEF_IF_HOST { }
      |                         ^
/usr/local/cuda/include/sm_60_atomic_functions.h:276:62: note: in expansion of macro '__DEF_IF_HOST'
  276 | long long atomicOr_system(long long *address, long long val) __DEF_IF_HOST
      |                                                              ^~~~~~~~~~~~~
/usr/local/cuda/include/sm_60_atomic_functions.h: In function 'unsigned int atomicOr_block(unsigned int*, unsigned int)':
/usr/local/cuda/include/sm_60_atomic_functions.h:77:25: warning: no return statement in function returning non-void [-Wreturn-type]
   77 | #define __DEF_IF_HOST { }
      |                         ^
/usr/local/cuda/include/sm_60_atomic_functions.h:279:70: note: in expansion of macro '__DEF_IF_HOST'
  279 | unsigned int atomicOr_block(unsigned int *address, unsigned int val) __DEF_IF_HOST
      |                                                                      ^~~~~~~~~~~~~
/usr/local/cuda/include/sm_60_atomic_functions.h: In function 'unsigned int atomicOr_system(unsigned int*, unsigned int)':
/usr/local/cuda/include/sm_60_atomic_functions.h:77:25: warning: no return statement in function returning non-void [-Wreturn-type]
   77 | #define __DEF_IF_HOST { }
      |                         ^
/usr/local/cuda/include/sm_60_atomic_functions.h:282:71: note: in expansion of macro '__DEF_IF_HOST'
  282 | unsigned int atomicOr_system(unsigned int *address, unsigned int val) __DEF_IF_HOST
      |                                                                       ^~~~~~~~~~~~~
/usr/local/cuda/include/sm_60_atomic_functions.h: In function 'long long unsigned int atomicOr_block(long long unsigned int*, long long unsigned int)':
/usr/local/cuda/include/sm_60_atomic_functions.h:77:25: warning: no return statement in function returning non-void [-Wreturn-type]
   77 | #define __DEF_IF_HOST { }
      |                         ^
/usr/local/cuda/include/sm_60_atomic_functions.h:285:88: note: in expansion of macro '__DEF_IF_HOST'
  285 | unsigned long long atomicOr_block(unsigned long long *address, unsigned long long val) __DEF_IF_HOST
      |                                                                                        ^~~~~~~~~~~~~
/usr/local/cuda/include/sm_60_atomic_functions.h: In function 'long long unsigned int atomicOr_system(long long unsigned int*, long long unsigned int)':
/usr/local/cuda/include/sm_60_atomic_functions.h:77:25: warning: no return statement in function returning non-void [-Wreturn-type]
   77 | #define __DEF_IF_HOST { }
      |                         ^
/usr/local/cuda/include/sm_60_atomic_functions.h:288:89: note: in expansion of macro '__DEF_IF_HOST'
  288 | unsigned long long atomicOr_system(unsigned long long *address, unsigned long long val) __DEF_IF_HOST
      |                                                                                         ^~~~~~~~~~~~~
/usr/local/cuda/include/sm_60_atomic_functions.h: In function 'int atomicXor_block(int*, int)':
/usr/local/cuda/include/sm_60_atomic_functions.h:77:25: warning: no return statement in function returning non-void [-Wreturn-type]
   77 | #define __DEF_IF_HOST { }
      |                         ^
/usr/local/cuda/include/sm_60_atomic_functions.h:291:44: note: in expansion of macro '__DEF_IF_HOST'
  291 | int atomicXor_block(int *address, int val) __DEF_IF_HOST
      |                                            ^~~~~~~~~~~~~
/usr/local/cuda/include/sm_60_atomic_functions.h: In function 'int atomicXor_system(int*, int)':
/usr/local/cuda/include/sm_60_atomic_functions.h:77:25: warning: no return statement in function returning non-void [-Wreturn-type]
   77 | #define __DEF_IF_HOST { }
      |                         ^
/usr/local/cuda/include/sm_60_atomic_functions.h:294:45: note: in expansion of macro '__DEF_IF_HOST'
  294 | int atomicXor_system(int *address, int val) __DEF_IF_HOST
      |                                             ^~~~~~~~~~~~~
/usr/local/cuda/include/sm_60_atomic_functions.h: In function 'long long int atomicXor_block(long long int*, long long int)':
/usr/local/cuda/include/sm_60_atomic_functions.h:77:25: warning: no return statement in function returning non-void [-Wreturn-type]
   77 | #define __DEF_IF_HOST { }
      |                         ^
/usr/local/cuda/include/sm_60_atomic_functions.h:297:62: note: in expansion of macro '__DEF_IF_HOST'
  297 | long long atomicXor_block(long long *address, long long val) __DEF_IF_HOST
      |                                                              ^~~~~~~~~~~~~
/usr/local/cuda/include/sm_60_atomic_functions.h: In function 'long long int atomicXor_system(long long int*, long long int)':
/usr/local/cuda/include/sm_60_atomic_functions.h:77:25: warning: no return statement in function returning non-void [-Wreturn-type]
   77 | #define __DEF_IF_HOST { }
      |                         ^
/usr/local/cuda/include/sm_60_atomic_functions.h:300:63: note: in expansion of macro '__DEF_IF_HOST'
  300 | long long atomicXor_system(long long *address, long long val) __DEF_IF_HOST
      |                                                               ^~~~~~~~~~~~~
/usr/local/cuda/include/sm_60_atomic_functions.h: In function 'unsigned int atomicXor_block(unsigned int*, unsigned int)':
/usr/local/cuda/include/sm_60_atomic_functions.h:77:25: warning: no return statement in function returning non-void [-Wreturn-type]
   77 | #define __DEF_IF_HOST { }
      |                         ^
/usr/local/cuda/include/sm_60_atomic_functions.h:303:71: note: in expansion of macro '__DEF_IF_HOST'
  303 | unsigned int atomicXor_block(unsigned int *address, unsigned int val) __DEF_IF_HOST
      |                                                                       ^~~~~~~~~~~~~
/usr/local/cuda/include/sm_60_atomic_functions.h: In function 'unsigned int atomicXor_system(unsigned int*, unsigned int)':
/usr/local/cuda/include/sm_60_atomic_functions.h:77:25: warning: no return statement in function returning non-void [-Wreturn-type]
   77 | #define __DEF_IF_HOST { }
      |                         ^
/usr/local/cuda/include/sm_60_atomic_functions.h:306:72: note: in expansion of macro '__DEF_IF_HOST'
  306 | unsigned int atomicXor_system(unsigned int *address, unsigned int val) __DEF_IF_HOST
      |                                                                        ^~~~~~~~~~~~~
/usr/local/cuda/include/sm_60_atomic_functions.h: In function 'long long unsigned int atomicXor_block(long long unsigned int*, long long unsigned int)':
/usr/local/cuda/include/sm_60_atomic_functions.h:77:25: warning: no return statement in function returning non-void [-Wreturn-type]
   77 | #define __DEF_IF_HOST { }
      |                         ^
/usr/local/cuda/include/sm_60_atomic_functions.h:309:89: note: in expansion of macro '__DEF_IF_HOST'
  309 | unsigned long long atomicXor_block(unsigned long long *address, unsigned long long val) __DEF_IF_HOST
      |                                                                                         ^~~~~~~~~~~~~
/usr/local/cuda/include/sm_60_atomic_functions.h: In function 'long long unsigned int atomicXor_system(long long unsigned int*, long long unsigned int)':
/usr/local/cuda/include/sm_60_atomic_functions.h:77:25: warning: no return statement in function returning non-void [-Wreturn-type]
   77 | #define __DEF_IF_HOST { }
      |                         ^
/usr/local/cuda/include/sm_60_atomic_functions.h:312:90: note: in expansion of macro '__DEF_IF_HOST'
  312 | unsigned long long atomicXor_system(unsigned long long *address, unsigned long long val) __DEF_IF_HOST
      |                                                                                          ^~~~~~~~~~~~~
In file included from /usr/local/cuda/include/crt/device_functions.h:3621,
                 from /home/GVirtuS/GVirtuS/plugins/cudart/backend/CudaRtHandler.h:71,
                 from /home/GVirtuS/GVirtuS/plugins/cudart/backend/CudaRtHandler_error.cpp:26:
/usr/local/cuda/include/sm_20_intrinsics.h: In function 'unsigned int ballot(bool)':
/usr/local/cuda/include/sm_20_intrinsics.h:75:25: warning: no return statement in function returning non-void [-Wreturn-type]
   75 | #define __DEF_IF_HOST { }
      |                         ^
/usr/local/cuda/include/sm_20_intrinsics.h:1522:110: note: in expansion of macro '__DEF_IF_HOST'
 1522 | __SM_20_INTRINSICS_DECL__ __DEPRECATED__(__WSB_DEPRECATION_MESSAGE(__ballot)) unsigned int ballot(bool pred) __DEF_IF_HOST
      |                                                                                                              ^~~~~~~~~~~~~
/usr/local/cuda/include/sm_20_intrinsics.h: In function 'int syncthreads_count(bool)':
/usr/local/cuda/include/sm_20_intrinsics.h:75:25: warning: no return statement in function returning non-void [-Wreturn-type]
   75 | #define __DEF_IF_HOST { }
      |                         ^
/usr/local/cuda/include/sm_20_intrinsics.h:1524:60: note: in expansion of macro '__DEF_IF_HOST'
 1524 | __SM_20_INTRINSICS_DECL__ int syncthreads_count(bool pred) __DEF_IF_HOST
      |                                                            ^~~~~~~~~~~~~
/usr/local/cuda/include/sm_20_intrinsics.h: In function 'bool syncthreads_and(bool)':
/usr/local/cuda/include/sm_20_intrinsics.h:75:25: warning: no return statement in function returning non-void [-Wreturn-type]
   75 | #define __DEF_IF_HOST { }
      |                         ^
/usr/local/cuda/include/sm_20_intrinsics.h:1526:59: note: in expansion of macro '__DEF_IF_HOST'
 1526 | __SM_20_INTRINSICS_DECL__ bool syncthreads_and(bool pred) __DEF_IF_HOST
      |                                                           ^~~~~~~~~~~~~
/usr/local/cuda/include/sm_20_intrinsics.h: In function 'bool syncthreads_or(bool)':
/usr/local/cuda/include/sm_20_intrinsics.h:75:25: warning: no return statement in function returning non-void [-Wreturn-type]
   75 | #define __DEF_IF_HOST { }
      |                         ^
/usr/local/cuda/include/sm_20_intrinsics.h:1528:58: note: in expansion of macro '__DEF_IF_HOST'
 1528 | __SM_20_INTRINSICS_DECL__ bool syncthreads_or(bool pred) __DEF_IF_HOST
      |                                                          ^~~~~~~~~~~~~
/usr/local/cuda/include/sm_20_intrinsics.h: In function 'unsigned int __isGlobal(const void*)':
/usr/local/cuda/include/sm_20_intrinsics.h:75:25: warning: no return statement in function returning non-void [-Wreturn-type]
   75 | #define __DEF_IF_HOST { }
      |                         ^
/usr/local/cuda/include/sm_20_intrinsics.h:1533:68: note: in expansion of macro '__DEF_IF_HOST'
 1533 | __SM_20_INTRINSICS_DECL__ unsigned int __isGlobal(const void *ptr) __DEF_IF_HOST
      |                                                                    ^~~~~~~~~~~~~
/usr/local/cuda/include/sm_20_intrinsics.h: In function 'unsigned int __isShared(const void*)':
/usr/local/cuda/include/sm_20_intrinsics.h:75:25: warning: no return statement in function returning non-void [-Wreturn-type]
   75 | #define __DEF_IF_HOST { }
      |                         ^
/usr/local/cuda/include/sm_20_intrinsics.h:1534:68: note: in expansion of macro '__DEF_IF_HOST'
 1534 | __SM_20_INTRINSICS_DECL__ unsigned int __isShared(const void *ptr) __DEF_IF_HOST
      |                                                                    ^~~~~~~~~~~~~
/usr/local/cuda/include/sm_20_intrinsics.h: In function 'unsigned int __isConstant(const void*)':
/usr/local/cuda/include/sm_20_intrinsics.h:75:25: warning: no return statement in function returning non-void [-Wreturn-type]
   75 | #define __DEF_IF_HOST { }
      |                         ^
/usr/local/cuda/include/sm_20_intrinsics.h:1535:70: note: in expansion of macro '__DEF_IF_HOST'
 1535 | __SM_20_INTRINSICS_DECL__ unsigned int __isConstant(const void *ptr) __DEF_IF_HOST
      |                                                                      ^~~~~~~~~~~~~
/usr/local/cuda/include/sm_20_intrinsics.h: In function 'unsigned int __isLocal(const void*)':
/usr/local/cuda/include/sm_20_intrinsics.h:75:25: warning: no return statement in function returning non-void [-Wreturn-type]
   75 | #define __DEF_IF_HOST { }
      |                         ^
/usr/local/cuda/include/sm_20_intrinsics.h:1536:67: note: in expansion of macro '__DEF_IF_HOST'
 1536 | __SM_20_INTRINSICS_DECL__ unsigned int __isLocal(const void *ptr) __DEF_IF_HOST
      |                                                                   ^~~~~~~~~~~~~
/usr/local/cuda/include/sm_20_intrinsics.h: In function 'unsigned int __isGridConstant(const void*)':
/usr/local/cuda/include/sm_20_intrinsics.h:75:25: warning: no return statement in function returning non-void [-Wreturn-type]
   75 | #define __DEF_IF_HOST { }
      |                         ^
/usr/local/cuda/include/sm_20_intrinsics.h:1538:74: note: in expansion of macro '__DEF_IF_HOST'
 1538 | __SM_20_INTRINSICS_DECL__ unsigned int __isGridConstant(const void *ptr) __DEF_IF_HOST
      |                                                                          ^~~~~~~~~~~~~
/usr/local/cuda/include/sm_20_intrinsics.h: In function 'size_t __cvta_generic_to_global(const void*)':
/usr/local/cuda/include/sm_20_intrinsics.h:75:25: warning: no return statement in function returning non-void [-Wreturn-type]
   75 | #define __DEF_IF_HOST { }
      |                         ^
/usr/local/cuda/include/sm_20_intrinsics.h:1540:76: note: in expansion of macro '__DEF_IF_HOST'
 1540 | __SM_20_INTRINSICS_DECL__ size_t __cvta_generic_to_global(const void *ptr) __DEF_IF_HOST
      |                                                                            ^~~~~~~~~~~~~
/usr/local/cuda/include/sm_20_intrinsics.h: In function 'size_t __cvta_generic_to_shared(const void*)':
/usr/local/cuda/include/sm_20_intrinsics.h:75:25: warning: no return statement in function returning non-void [-Wreturn-type]
   75 | #define __DEF_IF_HOST { }
      |                         ^
/usr/local/cuda/include/sm_20_intrinsics.h:1541:76: note: in expansion of macro '__DEF_IF_HOST'
 1541 | __SM_20_INTRINSICS_DECL__ size_t __cvta_generic_to_shared(const void *ptr) __DEF_IF_HOST
      |                                                                            ^~~~~~~~~~~~~
/usr/local/cuda/include/sm_20_intrinsics.h: In function 'size_t __cvta_generic_to_constant(const void*)':
/usr/local/cuda/include/sm_20_intrinsics.h:75:25: warning: no return statement in function returning non-void [-Wreturn-type]
   75 | #define __DEF_IF_HOST { }
      |                         ^
/usr/local/cuda/include/sm_20_intrinsics.h:1542:78: note: in expansion of macro '__DEF_IF_HOST'
 1542 | __SM_20_INTRINSICS_DECL__ size_t __cvta_generic_to_constant(const void *ptr) __DEF_IF_HOST
      |                                                                              ^~~~~~~~~~~~~
/usr/local/cuda/include/sm_20_intrinsics.h: In function 'size_t __cvta_generic_to_local(const void*)':
/usr/local/cuda/include/sm_20_intrinsics.h:75:25: warning: no return statement in function returning non-void [-Wreturn-type]
   75 | #define __DEF_IF_HOST { }
      |                         ^
/usr/local/cuda/include/sm_20_intrinsics.h:1543:75: note: in expansion of macro '__DEF_IF_HOST'
 1543 | __SM_20_INTRINSICS_DECL__ size_t __cvta_generic_to_local(const void *ptr) __DEF_IF_HOST
      |                                                                           ^~~~~~~~~~~~~
/usr/local/cuda/include/sm_20_intrinsics.h: In function 'size_t __cvta_generic_to_grid_constant(const void*)':
/usr/local/cuda/include/sm_20_intrinsics.h:75:25: warning: no return statement in function returning non-void [-Wreturn-type]
   75 | #define __DEF_IF_HOST { }
      |                         ^
/usr/local/cuda/include/sm_20_intrinsics.h:1545:83: note: in expansion of macro '__DEF_IF_HOST'
 1545 | __SM_20_INTRINSICS_DECL__ size_t __cvta_generic_to_grid_constant(const void *ptr) __DEF_IF_HOST
      |                                                                                   ^~~~~~~~~~~~~
/usr/local/cuda/include/sm_20_intrinsics.h: In function 'void* __cvta_global_to_generic(size_t)':
/usr/local/cuda/include/sm_20_intrinsics.h:75:25: warning: no return statement in function returning non-void [-Wreturn-type]
   75 | #define __DEF_IF_HOST { }
      |                         ^
/usr/local/cuda/include/sm_20_intrinsics.h:1548:75: note: in expansion of macro '__DEF_IF_HOST'
 1548 | __SM_20_INTRINSICS_DECL__ void * __cvta_global_to_generic(size_t rawbits) __DEF_IF_HOST
      |                                                                           ^~~~~~~~~~~~~
/usr/local/cuda/include/sm_20_intrinsics.h: In function 'void* __cvta_shared_to_generic(size_t)':
/usr/local/cuda/include/sm_20_intrinsics.h:75:25: warning: no return statement in function returning non-void [-Wreturn-type]
   75 | #define __DEF_IF_HOST { }
      |                         ^
/usr/local/cuda/include/sm_20_intrinsics.h:1549:75: note: in expansion of macro '__DEF_IF_HOST'
 1549 | __SM_20_INTRINSICS_DECL__ void * __cvta_shared_to_generic(size_t rawbits) __DEF_IF_HOST
      |                                                                           ^~~~~~~~~~~~~
/usr/local/cuda/include/sm_20_intrinsics.h: In function 'void* __cvta_constant_to_generic(size_t)':
/usr/local/cuda/include/sm_20_intrinsics.h:75:25: warning: no return statement in function returning non-void [-Wreturn-type]
   75 | #define __DEF_IF_HOST { }
      |                         ^
/usr/local/cuda/include/sm_20_intrinsics.h:1550:77: note: in expansion of macro '__DEF_IF_HOST'
 1550 | __SM_20_INTRINSICS_DECL__ void * __cvta_constant_to_generic(size_t rawbits) __DEF_IF_HOST
      |                                                                             ^~~~~~~~~~~~~
/usr/local/cuda/include/sm_20_intrinsics.h: In function 'void* __cvta_local_to_generic(size_t)':
/usr/local/cuda/include/sm_20_intrinsics.h:75:25: warning: no return statement in function returning non-void [-Wreturn-type]
   75 | #define __DEF_IF_HOST { }
      |                         ^
/usr/local/cuda/include/sm_20_intrinsics.h:1551:74: note: in expansion of macro '__DEF_IF_HOST'
 1551 | __SM_20_INTRINSICS_DECL__ void * __cvta_local_to_generic(size_t rawbits) __DEF_IF_HOST
      |                                                                          ^~~~~~~~~~~~~
/usr/local/cuda/include/sm_20_intrinsics.h: In function 'void* __cvta_grid_constant_to_generic(size_t)':
/usr/local/cuda/include/sm_20_intrinsics.h:75:25: warning: no return statement in function returning non-void [-Wreturn-type]
   75 | #define __DEF_IF_HOST { }
      |                         ^
/usr/local/cuda/include/sm_20_intrinsics.h:1553:82: note: in expansion of macro '__DEF_IF_HOST'
 1553 | __SM_20_INTRINSICS_DECL__ void * __cvta_grid_constant_to_generic(size_t rawbits) __DEF_IF_HOST
      |                                                                                  ^~~~~~~~~~~~~
In file included from /usr/local/cuda/include/crt/device_functions.h:3622,
                 from /home/GVirtuS/GVirtuS/plugins/cudart/backend/CudaRtHandler.h:71,
                 from /home/GVirtuS/GVirtuS/plugins/cudart/backend/CudaRtHandler_error.cpp:26:
/usr/local/cuda/include/sm_30_intrinsics.h: In function 'unsigned int __fns(unsigned int, unsigned int, int)':
/usr/local/cuda/include/sm_30_intrinsics.h:76:25: warning: no return statement in function returning non-void [-Wreturn-type]
   76 | #define __DEF_IF_HOST { }
      |                         ^
/usr/local/cuda/include/sm_30_intrinsics.h:123:85: note: in expansion of macro '__DEF_IF_HOST'
  123 | __SM_30_INTRINSICS_DECL__ unsigned  __fns(unsigned mask, unsigned base, int offset) __DEF_IF_HOST
      |                                                                                     ^~~~~~~~~~~~~
/usr/local/cuda/include/sm_30_intrinsics.h: In function 'int __all_sync(unsigned int, int)':
/usr/local/cuda/include/sm_30_intrinsics.h:76:25: warning: no return statement in function returning non-void [-Wreturn-type]
   76 | #define __DEF_IF_HOST { }
      |                         ^
/usr/local/cuda/include/sm_30_intrinsics.h:127:67: note: in expansion of macro '__DEF_IF_HOST'
  127 | __SM_30_INTRINSICS_DECL__ int __all_sync(unsigned mask, int pred) __DEF_IF_HOST
      |                                                                   ^~~~~~~~~~~~~
/usr/local/cuda/include/sm_30_intrinsics.h: In function 'int __any_sync(unsigned int, int)':
/usr/local/cuda/include/sm_30_intrinsics.h:76:25: warning: no return statement in function returning non-void [-Wreturn-type]
   76 | #define __DEF_IF_HOST { }
      |                         ^
/usr/local/cuda/include/sm_30_intrinsics.h:128:67: note: in expansion of macro '__DEF_IF_HOST'
  128 | __SM_30_INTRINSICS_DECL__ int __any_sync(unsigned mask, int pred) __DEF_IF_HOST
      |                                                                   ^~~~~~~~~~~~~
/usr/local/cuda/include/sm_30_intrinsics.h: In function 'int __uni_sync(unsigned int, int)':
/usr/local/cuda/include/sm_30_intrinsics.h:76:25: warning: no return statement in function returning non-void [-Wreturn-type]
   76 | #define __DEF_IF_HOST { }
      |                         ^
/usr/local/cuda/include/sm_30_intrinsics.h:129:67: note: in expansion of macro '__DEF_IF_HOST'
  129 | __SM_30_INTRINSICS_DECL__ int __uni_sync(unsigned mask, int pred) __DEF_IF_HOST
      |                                                                   ^~~~~~~~~~~~~
/usr/local/cuda/include/sm_30_intrinsics.h: In function 'unsigned int __ballot_sync(unsigned int, int)':
/usr/local/cuda/include/sm_30_intrinsics.h:76:25: warning: no return statement in function returning non-void [-Wreturn-type]
   76 | #define __DEF_IF_HOST { }
      |                         ^
/usr/local/cuda/include/sm_30_intrinsics.h:130:75: note: in expansion of macro '__DEF_IF_HOST'
  130 | __SM_30_INTRINSICS_DECL__ unsigned __ballot_sync(unsigned mask, int pred) __DEF_IF_HOST
      |                                                                           ^~~~~~~~~~~~~
/usr/local/cuda/include/sm_30_intrinsics.h: In function 'unsigned int __activemask()':
/usr/local/cuda/include/sm_30_intrinsics.h:76:25: warning: no return statement in function returning non-void [-Wreturn-type]
   76 | #define __DEF_IF_HOST { }
      |                         ^
/usr/local/cuda/include/sm_30_intrinsics.h:131:51: note: in expansion of macro '__DEF_IF_HOST'
  131 | __SM_30_INTRINSICS_DECL__ unsigned __activemask() __DEF_IF_HOST
      |                                                   ^~~~~~~~~~~~~
/usr/local/cuda/include/sm_30_intrinsics.h: In function 'int __shfl(int, int, int)':
/usr/local/cuda/include/sm_30_intrinsics.h:76:25: warning: no return statement in function returning non-void [-Wreturn-type]
   76 | #define __DEF_IF_HOST { }
      |                         ^
/usr/local/cuda/include/sm_30_intrinsics.h:140:130: note: in expansion of macro '__DEF_IF_HOST'
  140 | __SM_30_INTRINSICS_DECL__ __DEPRECATED__(__WSB_DEPRECATION_MESSAGE(__shfl)) int __shfl(int var, int srcLane, int width=warpSize) __DEF_IF_HOST
      |                                                                                                                                  ^~~~~~~~~~~~~
/usr/local/cuda/include/sm_30_intrinsics.h: In function 'unsigned int __shfl(unsigned int, int, int)':
/usr/local/cuda/include/sm_30_intrinsics.h:76:25: warning: no return statement in function returning non-void [-Wreturn-type]
   76 | #define __DEF_IF_HOST { }
      |                         ^
/usr/local/cuda/include/sm_30_intrinsics.h:141:148: note: in expansion of macro '__DEF_IF_HOST'
  141 | __SM_30_INTRINSICS_DECL__ __DEPRECATED__(__WSB_DEPRECATION_MESSAGE(__shfl)) unsigned int __shfl(unsigned int var, int srcLane, int width=warpSize) __DEF_IF_HOST
      |                                                                                                                                                    ^~~~~~~~~~~~~
/usr/local/cuda/include/sm_30_intrinsics.h: In function 'int __shfl_up(int, unsigned int, int)':
/usr/local/cuda/include/sm_30_intrinsics.h:76:25: warning: no return statement in function returning non-void [-Wreturn-type]
   76 | #define __DEF_IF_HOST { }
      |                         ^
/usr/local/cuda/include/sm_30_intrinsics.h:142:143: note: in expansion of macro '__DEF_IF_HOST'
  142 | __SM_30_INTRINSICS_DECL__ __DEPRECATED__(__WSB_DEPRECATION_MESSAGE(__shfl_up)) int __shfl_up(int var, unsigned int delta, int width=warpSize) __DEF_IF_HOST
      |                                                                                                                                               ^~~~~~~~~~~~~
/usr/local/cuda/include/sm_30_intrinsics.h: In function 'unsigned int __shfl_up(unsigned int, unsigned int, int)':
/usr/local/cuda/include/sm_30_intrinsics.h:76:25: warning: no return statement in function returning non-void [-Wreturn-type]
   76 | #define __DEF_IF_HOST { }
      |                         ^
/usr/local/cuda/include/sm_30_intrinsics.h:143:161: note: in expansion of macro '__DEF_IF_HOST'
  143 | __SM_30_INTRINSICS_DECL__ __DEPRECATED__(__WSB_DEPRECATION_MESSAGE(__shfl_up)) unsigned int __shfl_up(unsigned int var, unsigned int delta, int width=warpSize) __DEF_IF_HOST
      |                                                                                                                                                                 ^~~~~~~~~~~~~
/usr/local/cuda/include/sm_30_intrinsics.h: In function 'int __shfl_down(int, unsigned int, int)':
/usr/local/cuda/include/sm_30_intrinsics.h:76:25: warning: no return statement in function returning non-void [-Wreturn-type]
   76 | #define __DEF_IF_HOST { }
      |                         ^
/usr/local/cuda/include/sm_30_intrinsics.h:144:147: note: in expansion of macro '__DEF_IF_HOST'
  144 | __SM_30_INTRINSICS_DECL__ __DEPRECATED__(__WSB_DEPRECATION_MESSAGE(__shfl_down)) int __shfl_down(int var, unsigned int delta, int width=warpSize) __DEF_IF_HOST
      |                                                                                                                                                   ^~~~~~~~~~~~~
/usr/local/cuda/include/sm_30_intrinsics.h: In function 'unsigned int __shfl_down(unsigned int, unsigned int, int)':
/usr/local/cuda/include/sm_30_intrinsics.h:76:25: warning: no return statement in function returning non-void [-Wreturn-type]
   76 | #define __DEF_IF_HOST { }
      |                         ^
/usr/local/cuda/include/sm_30_intrinsics.h:145:165: note: in expansion of macro '__DEF_IF_HOST'
  145 | __SM_30_INTRINSICS_DECL__ __DEPRECATED__(__WSB_DEPRECATION_MESSAGE(__shfl_down)) unsigned int __shfl_down(unsigned int var, unsigned int delta, int width=warpSize) __DEF_IF_HOST
      |                                                                                                                                                                     ^~~~~~~~~~~~~
/usr/local/cuda/include/sm_30_intrinsics.h: In function 'int __shfl_xor(int, int, int)':
/usr/local/cuda/include/sm_30_intrinsics.h:76:25: warning: no return statement in function returning non-void [-Wreturn-type]
   76 | #define __DEF_IF_HOST { }
      |                         ^
/usr/local/cuda/include/sm_30_intrinsics.h:146:139: note: in expansion of macro '__DEF_IF_HOST'
  146 | __SM_30_INTRINSICS_DECL__ __DEPRECATED__(__WSB_DEPRECATION_MESSAGE(__shfl_xor)) int __shfl_xor(int var, int laneMask, int width=warpSize) __DEF_IF_HOST
      |                                                                                                                                           ^~~~~~~~~~~~~
/usr/local/cuda/include/sm_30_intrinsics.h: In function 'unsigned int __shfl_xor(unsigned int, int, int)':
/usr/local/cuda/include/sm_30_intrinsics.h:76:25: warning: no return statement in function returning non-void [-Wreturn-type]
   76 | #define __DEF_IF_HOST { }
      |                         ^
/usr/local/cuda/include/sm_30_intrinsics.h:147:157: note: in expansion of macro '__DEF_IF_HOST'
  147 | __SM_30_INTRINSICS_DECL__ __DEPRECATED__(__WSB_DEPRECATION_MESSAGE(__shfl_xor)) unsigned int __shfl_xor(unsigned int var, int laneMask, int width=warpSize) __DEF_IF_HOST
      |                                                                                                                                                             ^~~~~~~~~~~~~
/usr/local/cuda/include/sm_30_intrinsics.h: In function 'float __shfl(float, int, int)':
/usr/local/cuda/include/sm_30_intrinsics.h:76:25: warning: no return statement in function returning non-void [-Wreturn-type]
   76 | #define __DEF_IF_HOST { }
      |                         ^
/usr/local/cuda/include/sm_30_intrinsics.h:148:134: note: in expansion of macro '__DEF_IF_HOST'
  148 | __SM_30_INTRINSICS_DECL__ __DEPRECATED__(__WSB_DEPRECATION_MESSAGE(__shfl)) float __shfl(float var, int srcLane, int width=warpSize) __DEF_IF_HOST
      |                                                                                                                                      ^~~~~~~~~~~~~
/usr/local/cuda/include/sm_30_intrinsics.h: In function 'float __shfl_up(float, unsigned int, int)':
/usr/local/cuda/include/sm_30_intrinsics.h:76:25: warning: no return statement in function returning non-void [-Wreturn-type]
   76 | #define __DEF_IF_HOST { }
      |                         ^
/usr/local/cuda/include/sm_30_intrinsics.h:149:147: note: in expansion of macro '__DEF_IF_HOST'
  149 | __SM_30_INTRINSICS_DECL__ __DEPRECATED__(__WSB_DEPRECATION_MESSAGE(__shfl_up)) float __shfl_up(float var, unsigned int delta, int width=warpSize) __DEF_IF_HOST
      |                                                                                                                                                   ^~~~~~~~~~~~~
/usr/local/cuda/include/sm_30_intrinsics.h: In function 'float __shfl_down(float, unsigned int, int)':
/usr/local/cuda/include/sm_30_intrinsics.h:76:25: warning: no return statement in function returning non-void [-Wreturn-type]
   76 | #define __DEF_IF_HOST { }
      |                         ^
/usr/local/cuda/include/sm_30_intrinsics.h:150:151: note: in expansion of macro '__DEF_IF_HOST'
  150 | __SM_30_INTRINSICS_DECL__ __DEPRECATED__(__WSB_DEPRECATION_MESSAGE(__shfl_down)) float __shfl_down(float var, unsigned int delta, int width=warpSize) __DEF_IF_HOST
      |                                                                                                                                                       ^~~~~~~~~~~~~
/usr/local/cuda/include/sm_30_intrinsics.h: In function 'float __shfl_xor(float, int, int)':
/usr/local/cuda/include/sm_30_intrinsics.h:76:25: warning: no return statement in function returning non-void [-Wreturn-type]
   76 | #define __DEF_IF_HOST { }
      |                         ^
/usr/local/cuda/include/sm_30_intrinsics.h:151:143: note: in expansion of macro '__DEF_IF_HOST'
  151 | __SM_30_INTRINSICS_DECL__ __DEPRECATED__(__WSB_DEPRECATION_MESSAGE(__shfl_xor)) float __shfl_xor(float var, int laneMask, int width=warpSize) __DEF_IF_HOST
      |                                                                                                                                               ^~~~~~~~~~~~~
/usr/local/cuda/include/sm_30_intrinsics.h: In function 'int __shfl_sync(unsigned int, int, int, int)':
/usr/local/cuda/include/sm_30_intrinsics.h:76:25: warning: no return statement in function returning non-void [-Wreturn-type]
   76 | #define __DEF_IF_HOST { }
      |                         ^
/usr/local/cuda/include/sm_30_intrinsics.h:154:100: note: in expansion of macro '__DEF_IF_HOST'
  154 | __SM_30_INTRINSICS_DECL__ int __shfl_sync(unsigned mask, int var, int srcLane, int width=warpSize) __DEF_IF_HOST
      |                                                                                                    ^~~~~~~~~~~~~
/usr/local/cuda/include/sm_30_intrinsics.h: In function 'unsigned int __shfl_sync(unsigned int, unsigned int, int, int)':
/usr/local/cuda/include/sm_30_intrinsics.h:76:25: warning: no return statement in function returning non-void [-Wreturn-type]
   76 | #define __DEF_IF_HOST { }
      |                         ^
/usr/local/cuda/include/sm_30_intrinsics.h:155:118: note: in expansion of macro '__DEF_IF_HOST'
  155 | __SM_30_INTRINSICS_DECL__ unsigned int __shfl_sync(unsigned mask, unsigned int var, int srcLane, int width=warpSize) __DEF_IF_HOST
      |                                                                                                                      ^~~~~~~~~~~~~
/usr/local/cuda/include/sm_30_intrinsics.h: In function 'int __shfl_up_sync(unsigned int, int, unsigned int, int)':
/usr/local/cuda/include/sm_30_intrinsics.h:76:25: warning: no return statement in function returning non-void [-Wreturn-type]
   76 | #define __DEF_IF_HOST { }
      |                         ^
/usr/local/cuda/include/sm_30_intrinsics.h:156:110: note: in expansion of macro '__DEF_IF_HOST'
  156 | __SM_30_INTRINSICS_DECL__ int __shfl_up_sync(unsigned mask, int var, unsigned int delta, int width=warpSize) __DEF_IF_HOST
      |                                                                                                              ^~~~~~~~~~~~~
/usr/local/cuda/include/sm_30_intrinsics.h: In function 'unsigned int __shfl_up_sync(unsigned int, unsigned int, unsigned int, int)':
/usr/local/cuda/include/sm_30_intrinsics.h:76:25: warning: no return statement in function returning non-void [-Wreturn-type]
   76 | #define __DEF_IF_HOST { }
      |                         ^
/usr/local/cuda/include/sm_30_intrinsics.h:157:128: note: in expansion of macro '__DEF_IF_HOST'
  157 | __SM_30_INTRINSICS_DECL__ unsigned int __shfl_up_sync(unsigned mask, unsigned int var, unsigned int delta, int width=warpSize) __DEF_IF_HOST
      |                                                                                                                                ^~~~~~~~~~~~~
/usr/local/cuda/include/sm_30_intrinsics.h: In function 'int __shfl_down_sync(unsigned int, int, unsigned int, int)':
/usr/local/cuda/include/sm_30_intrinsics.h:76:25: warning: no return statement in function returning non-void [-Wreturn-type]
   76 | #define __DEF_IF_HOST { }
      |                         ^
/usr/local/cuda/include/sm_30_intrinsics.h:158:112: note: in expansion of macro '__DEF_IF_HOST'
  158 | __SM_30_INTRINSICS_DECL__ int __shfl_down_sync(unsigned mask, int var, unsigned int delta, int width=warpSize) __DEF_IF_HOST
      |                                                                                                                ^~~~~~~~~~~~~
/usr/local/cuda/include/sm_30_intrinsics.h: In function 'unsigned int __shfl_down_sync(unsigned int, unsigned int, unsigned int, int)':
/usr/local/cuda/include/sm_30_intrinsics.h:76:25: warning: no return statement in function returning non-void [-Wreturn-type]
   76 | #define __DEF_IF_HOST { }
      |                         ^
/usr/local/cuda/include/sm_30_intrinsics.h:159:130: note: in expansion of macro '__DEF_IF_HOST'
  159 | __SM_30_INTRINSICS_DECL__ unsigned int __shfl_down_sync(unsigned mask, unsigned int var, unsigned int delta, int width=warpSize) __DEF_IF_HOST
      |                                                                                                                                  ^~~~~~~~~~~~~
/usr/local/cuda/include/sm_30_intrinsics.h: In function 'int __shfl_xor_sync(unsigned int, int, int, int)':
/usr/local/cuda/include/sm_30_intrinsics.h:76:25: warning: no return statement in function returning non-void [-Wreturn-type]
   76 | #define __DEF_IF_HOST { }
      |                         ^
/usr/local/cuda/include/sm_30_intrinsics.h:160:105: note: in expansion of macro '__DEF_IF_HOST'
  160 | __SM_30_INTRINSICS_DECL__ int __shfl_xor_sync(unsigned mask, int var, int laneMask, int width=warpSize) __DEF_IF_HOST
      |                                                                                                         ^~~~~~~~~~~~~
/usr/local/cuda/include/sm_30_intrinsics.h: In function 'unsigned int __shfl_xor_sync(unsigned int, unsigned int, int, int)':
/usr/local/cuda/include/sm_30_intrinsics.h:76:25: warning: no return statement in function returning non-void [-Wreturn-type]
   76 | #define __DEF_IF_HOST { }
      |                         ^
/usr/local/cuda/include/sm_30_intrinsics.h:161:123: note: in expansion of macro '__DEF_IF_HOST'
  161 | __SM_30_INTRINSICS_DECL__ unsigned int __shfl_xor_sync(unsigned mask, unsigned int var, int laneMask, int width=warpSize) __DEF_IF_HOST
      |                                                                                                                           ^~~~~~~~~~~~~
/usr/local/cuda/include/sm_30_intrinsics.h: In function 'float __shfl_sync(unsigned int, float, int, int)':
/usr/local/cuda/include/sm_30_intrinsics.h:76:25: warning: no return statement in function returning non-void [-Wreturn-type]
   76 | #define __DEF_IF_HOST { }
      |                         ^
/usr/local/cuda/include/sm_30_intrinsics.h:162:104: note: in expansion of macro '__DEF_IF_HOST'
  162 | __SM_30_INTRINSICS_DECL__ float __shfl_sync(unsigned mask, float var, int srcLane, int width=warpSize) __DEF_IF_HOST
      |                                                                                                        ^~~~~~~~~~~~~
/usr/local/cuda/include/sm_30_intrinsics.h: In function 'float __shfl_up_sync(unsigned int, float, unsigned int, int)':
/usr/local/cuda/include/sm_30_intrinsics.h:76:25: warning: no return statement in function returning non-void [-Wreturn-type]
   76 | #define __DEF_IF_HOST { }
      |                         ^
/usr/local/cuda/include/sm_30_intrinsics.h:163:114: note: in expansion of macro '__DEF_IF_HOST'
  163 | __SM_30_INTRINSICS_DECL__ float __shfl_up_sync(unsigned mask, float var, unsigned int delta, int width=warpSize) __DEF_IF_HOST
      |                                                                                                                  ^~~~~~~~~~~~~
/usr/local/cuda/include/sm_30_intrinsics.h: In function 'float __shfl_down_sync(unsigned int, float, unsigned int, int)':
/usr/local/cuda/include/sm_30_intrinsics.h:76:25: warning: no return statement in function returning non-void [-Wreturn-type]
   76 | #define __DEF_IF_HOST { }
      |                         ^
/usr/local/cuda/include/sm_30_intrinsics.h:164:116: note: in expansion of macro '__DEF_IF_HOST'
  164 | __SM_30_INTRINSICS_DECL__ float __shfl_down_sync(unsigned mask, float var, unsigned int delta, int width=warpSize) __DEF_IF_HOST
      |                                                                                                                    ^~~~~~~~~~~~~
/usr/local/cuda/include/sm_30_intrinsics.h: In function 'float __shfl_xor_sync(unsigned int, float, int, int)':
/usr/local/cuda/include/sm_30_intrinsics.h:76:25: warning: no return statement in function returning non-void [-Wreturn-type]
   76 | #define __DEF_IF_HOST { }
      |                         ^
/usr/local/cuda/include/sm_30_intrinsics.h:165:109: note: in expansion of macro '__DEF_IF_HOST'
  165 | __SM_30_INTRINSICS_DECL__ float __shfl_xor_sync(unsigned mask, float var, int laneMask, int width=warpSize) __DEF_IF_HOST
      |                                                                                                             ^~~~~~~~~~~~~
/usr/local/cuda/include/sm_30_intrinsics.h: In function 'long long unsigned int __shfl(long long unsigned int, int, int)':
/usr/local/cuda/include/sm_30_intrinsics.h:76:25: warning: no return statement in function returning non-void [-Wreturn-type]
   76 | #define __DEF_IF_HOST { }
      |                         ^
/usr/local/cuda/include/sm_30_intrinsics.h:169:160: note: in expansion of macro '__DEF_IF_HOST'
  169 | __SM_30_INTRINSICS_DECL__ __DEPRECATED__(__WSB_DEPRECATION_MESSAGE(__shfl)) unsigned long long __shfl(unsigned long long var, int srcLane, int width=warpSize) __DEF_IF_HOST
      |                                                                                                                                                                ^~~~~~~~~~~~~
/usr/local/cuda/include/sm_30_intrinsics.h: In function 'long long int __shfl(long long int, int, int)':
/usr/local/cuda/include/sm_30_intrinsics.h:76:25: warning: no return statement in function returning non-void [-Wreturn-type]
   76 | #define __DEF_IF_HOST { }
      |                         ^
/usr/local/cuda/include/sm_30_intrinsics.h:170:142: note: in expansion of macro '__DEF_IF_HOST'
  170 | __SM_30_INTRINSICS_DECL__ __DEPRECATED__(__WSB_DEPRECATION_MESSAGE(__shfl)) long long __shfl(long long var, int srcLane, int width=warpSize) __DEF_IF_HOST
      |                                                                                                                                              ^~~~~~~~~~~~~
/usr/local/cuda/include/sm_30_intrinsics.h: In function 'long long int __shfl_up(long long int, unsigned int, int)':
/usr/local/cuda/include/sm_30_intrinsics.h:76:25: warning: no return statement in function returning non-void [-Wreturn-type]
   76 | #define __DEF_IF_HOST { }
      |                         ^
/usr/local/cuda/include/sm_30_intrinsics.h:171:155: note: in expansion of macro '__DEF_IF_HOST'
  171 | __SM_30_INTRINSICS_DECL__ __DEPRECATED__(__WSB_DEPRECATION_MESSAGE(__shfl_up)) long long __shfl_up(long long var, unsigned int delta, int width=warpSize) __DEF_IF_HOST
      |                                                                                                                                                           ^~~~~~~~~~~~~
/usr/local/cuda/include/sm_30_intrinsics.h: In function 'long long unsigned int __shfl_up(long long unsigned int, unsigned int, int)':
/usr/local/cuda/include/sm_30_intrinsics.h:76:25: warning: no return statement in function returning non-void [-Wreturn-type]
   76 | #define __DEF_IF_HOST { }
      |                         ^
/usr/local/cuda/include/sm_30_intrinsics.h:172:173: note: in expansion of macro '__DEF_IF_HOST'
  172 | __SM_30_INTRINSICS_DECL__ __DEPRECATED__(__WSB_DEPRECATION_MESSAGE(__shfl_up)) unsigned long long __shfl_up(unsigned long long var, unsigned int delta, int width=warpSize) __DEF_IF_HOST
      |                                                                                                                                                                             ^~~~~~~~~~~~~
/usr/local/cuda/include/sm_30_intrinsics.h: In function 'long long int __shfl_down(long long int, unsigned int, int)':
/usr/local/cuda/include/sm_30_intrinsics.h:76:25: warning: no return statement in function returning non-void [-Wreturn-type]
   76 | #define __DEF_IF_HOST { }
      |                         ^
/usr/local/cuda/include/sm_30_intrinsics.h:173:159: note: in expansion of macro '__DEF_IF_HOST'
  173 | __SM_30_INTRINSICS_DECL__ __DEPRECATED__(__WSB_DEPRECATION_MESSAGE(__shfl_down)) long long __shfl_down(long long var, unsigned int delta, int width=warpSize) __DEF_IF_HOST
      |                                                                                                                                                               ^~~~~~~~~~~~~
/usr/local/cuda/include/sm_30_intrinsics.h: In function 'long long unsigned int __shfl_down(long long unsigned int, unsigned int, int)':
/usr/local/cuda/include/sm_30_intrinsics.h:76:25: warning: no return statement in function returning non-void [-Wreturn-type]
   76 | #define __DEF_IF_HOST { }
      |                         ^
/usr/local/cuda/include/sm_30_intrinsics.h:174:177: note: in expansion of macro '__DEF_IF_HOST'
  174 | __SM_30_INTRINSICS_DECL__ __DEPRECATED__(__WSB_DEPRECATION_MESSAGE(__shfl_down)) unsigned long long __shfl_down(unsigned long long var, unsigned int delta, int width=warpSize) __DEF_IF_HOST
      |                                                                                                                                                                                 ^~~~~~~~~~~~~
/usr/local/cuda/include/sm_30_intrinsics.h: In function 'long long int __shfl_xor(long long int, int, int)':
/usr/local/cuda/include/sm_30_intrinsics.h:76:25: warning: no return statement in function returning non-void [-Wreturn-type]
   76 | #define __DEF_IF_HOST { }
      |                         ^
/usr/local/cuda/include/sm_30_intrinsics.h:175:151: note: in expansion of macro '__DEF_IF_HOST'
  175 | __SM_30_INTRINSICS_DECL__ __DEPRECATED__(__WSB_DEPRECATION_MESSAGE(__shfl_xor)) long long __shfl_xor(long long var, int laneMask, int width=warpSize) __DEF_IF_HOST
      |                                                                                                                                                       ^~~~~~~~~~~~~
/usr/local/cuda/include/sm_30_intrinsics.h: In function 'long long unsigned int __shfl_xor(long long unsigned int, int, int)':
/usr/local/cuda/include/sm_30_intrinsics.h:76:25: warning: no return statement in function returning non-void [-Wreturn-type]
   76 | #define __DEF_IF_HOST { }
      |                         ^
/usr/local/cuda/include/sm_30_intrinsics.h:176:169: note: in expansion of macro '__DEF_IF_HOST'
  176 | __SM_30_INTRINSICS_DECL__ __DEPRECATED__(__WSB_DEPRECATION_MESSAGE(__shfl_xor)) unsigned long long __shfl_xor(unsigned long long var, int laneMask, int width=warpSize) __DEF_IF_HOST
      |                                                                                                                                                                         ^~~~~~~~~~~~~
/usr/local/cuda/include/sm_30_intrinsics.h: In function 'double __shfl(double, int, int)':
/usr/local/cuda/include/sm_30_intrinsics.h:76:25: warning: no return statement in function returning non-void [-Wreturn-type]
   76 | #define __DEF_IF_HOST { }
      |                         ^
/usr/local/cuda/include/sm_30_intrinsics.h:177:136: note: in expansion of macro '__DEF_IF_HOST'
  177 | __SM_30_INTRINSICS_DECL__ __DEPRECATED__(__WSB_DEPRECATION_MESSAGE(__shfl)) double __shfl(double var, int srcLane, int width=warpSize) __DEF_IF_HOST
      |                                                                                                                                        ^~~~~~~~~~~~~
/usr/local/cuda/include/sm_30_intrinsics.h: In function 'double __shfl_up(double, unsigned int, int)':
/usr/local/cuda/include/sm_30_intrinsics.h:76:25: warning: no return statement in function returning non-void [-Wreturn-type]
   76 | #define __DEF_IF_HOST { }
      |                         ^
/usr/local/cuda/include/sm_30_intrinsics.h:178:149: note: in expansion of macro '__DEF_IF_HOST'
  178 | __SM_30_INTRINSICS_DECL__ __DEPRECATED__(__WSB_DEPRECATION_MESSAGE(__shfl_up)) double __shfl_up(double var, unsigned int delta, int width=warpSize) __DEF_IF_HOST
      |                                                                                                                                                     ^~~~~~~~~~~~~
/usr/local/cuda/include/sm_30_intrinsics.h: In function 'double __shfl_down(double, unsigned int, int)':
/usr/local/cuda/include/sm_30_intrinsics.h:76:25: warning: no return statement in function returning non-void [-Wreturn-type]
   76 | #define __DEF_IF_HOST { }
      |                         ^
/usr/local/cuda/include/sm_30_intrinsics.h:179:153: note: in expansion of macro '__DEF_IF_HOST'
  179 | __SM_30_INTRINSICS_DECL__ __DEPRECATED__(__WSB_DEPRECATION_MESSAGE(__shfl_down)) double __shfl_down(double var, unsigned int delta, int width=warpSize) __DEF_IF_HOST
      |                                                                                                                                                         ^~~~~~~~~~~~~
/usr/local/cuda/include/sm_30_intrinsics.h: In function 'double __shfl_xor(double, int, int)':
/usr/local/cuda/include/sm_30_intrinsics.h:76:25: warning: no return statement in function returning non-void [-Wreturn-type]
   76 | #define __DEF_IF_HOST { }
      |                         ^
/usr/local/cuda/include/sm_30_intrinsics.h:180:145: note: in expansion of macro '__DEF_IF_HOST'
  180 | __SM_30_INTRINSICS_DECL__ __DEPRECATED__(__WSB_DEPRECATION_MESSAGE(__shfl_xor)) double __shfl_xor(double var, int laneMask, int width=warpSize) __DEF_IF_HOST
      |                                                                                                                                                 ^~~~~~~~~~~~~
/usr/local/cuda/include/sm_30_intrinsics.h: In function 'long long int __shfl_sync(unsigned int, long long int, int, int)':
/usr/local/cuda/include/sm_30_intrinsics.h:76:25: warning: no return statement in function returning non-void [-Wreturn-type]
   76 | #define __DEF_IF_HOST { }
      |                         ^
/usr/local/cuda/include/sm_30_intrinsics.h:183:112: note: in expansion of macro '__DEF_IF_HOST'
  183 | __SM_30_INTRINSICS_DECL__ long long __shfl_sync(unsigned mask, long long var, int srcLane, int width=warpSize) __DEF_IF_HOST
      |                                                                                                                ^~~~~~~~~~~~~
/usr/local/cuda/include/sm_30_intrinsics.h: In function 'long long unsigned int __shfl_sync(unsigned int, long long unsigned int, int, int)':
/usr/local/cuda/include/sm_30_intrinsics.h:76:25: warning: no return statement in function returning non-void [-Wreturn-type]
   76 | #define __DEF_IF_HOST { }
      |                         ^
/usr/local/cuda/include/sm_30_intrinsics.h:184:130: note: in expansion of macro '__DEF_IF_HOST'
  184 | __SM_30_INTRINSICS_DECL__ unsigned long long __shfl_sync(unsigned mask, unsigned long long var, int srcLane, int width=warpSize) __DEF_IF_HOST
      |                                                                                                                                  ^~~~~~~~~~~~~
/usr/local/cuda/include/sm_30_intrinsics.h: In function 'long long int __shfl_up_sync(unsigned int, long long int, unsigned int, int)':
/usr/local/cuda/include/sm_30_intrinsics.h:76:25: warning: no return statement in function returning non-void [-Wreturn-type]
   76 | #define __DEF_IF_HOST { }
      |                         ^
/usr/local/cuda/include/sm_30_intrinsics.h:185:122: note: in expansion of macro '__DEF_IF_HOST'
  185 | __SM_30_INTRINSICS_DECL__ long long __shfl_up_sync(unsigned mask, long long var, unsigned int delta, int width=warpSize) __DEF_IF_HOST
      |                                                                                                                          ^~~~~~~~~~~~~
/usr/local/cuda/include/sm_30_intrinsics.h: In function 'long long unsigned int __shfl_up_sync(unsigned int, long long unsigned int, unsigned int, int)':
/usr/local/cuda/include/sm_30_intrinsics.h:76:25: warning: no return statement in function returning non-void [-Wreturn-type]
   76 | #define __DEF_IF_HOST { }
      |                         ^
/usr/local/cuda/include/sm_30_intrinsics.h:186:140: note: in expansion of macro '__DEF_IF_HOST'
  186 | __SM_30_INTRINSICS_DECL__ unsigned long long __shfl_up_sync(unsigned mask, unsigned long long var, unsigned int delta, int width=warpSize) __DEF_IF_HOST
      |                                                                                                                                            ^~~~~~~~~~~~~
/usr/local/cuda/include/sm_30_intrinsics.h: In function 'long long int __shfl_down_sync(unsigned int, long long int, unsigned int, int)':
/usr/local/cuda/include/sm_30_intrinsics.h:76:25: warning: no return statement in function returning non-void [-Wreturn-type]
   76 | #define __DEF_IF_HOST { }
      |                         ^
/usr/local/cuda/include/sm_30_intrinsics.h:187:124: note: in expansion of macro '__DEF_IF_HOST'
  187 | __SM_30_INTRINSICS_DECL__ long long __shfl_down_sync(unsigned mask, long long var, unsigned int delta, int width=warpSize) __DEF_IF_HOST
      |                                                                                                                            ^~~~~~~~~~~~~
/usr/local/cuda/include/sm_30_intrinsics.h: In function 'long long unsigned int __shfl_down_sync(unsigned int, long long unsigned int, unsigned int, int)':
/usr/local/cuda/include/sm_30_intrinsics.h:76:25: warning: no return statement in function returning non-void [-Wreturn-type]
   76 | #define __DEF_IF_HOST { }
      |                         ^
/usr/local/cuda/include/sm_30_intrinsics.h:188:142: note: in expansion of macro '__DEF_IF_HOST'
  188 | __SM_30_INTRINSICS_DECL__ unsigned long long __shfl_down_sync(unsigned mask, unsigned long long var, unsigned int delta, int width=warpSize) __DEF_IF_HOST
      |                                                                                                                                              ^~~~~~~~~~~~~
/usr/local/cuda/include/sm_30_intrinsics.h: In function 'long long int __shfl_xor_sync(unsigned int, long long int, int, int)':
/usr/local/cuda/include/sm_30_intrinsics.h:76:25: warning: no return statement in function returning non-void [-Wreturn-type]
   76 | #define __DEF_IF_HOST { }
      |                         ^
/usr/local/cuda/include/sm_30_intrinsics.h:189:117: note: in expansion of macro '__DEF_IF_HOST'
  189 | __SM_30_INTRINSICS_DECL__ long long __shfl_xor_sync(unsigned mask, long long var, int laneMask, int width=warpSize) __DEF_IF_HOST
      |                                                                                                                     ^~~~~~~~~~~~~
/usr/local/cuda/include/sm_30_intrinsics.h: In function 'long long unsigned int __shfl_xor_sync(unsigned int, long long unsigned int, int, int)':
/usr/local/cuda/include/sm_30_intrinsics.h:76:25: warning: no return statement in function returning non-void [-Wreturn-type]
   76 | #define __DEF_IF_HOST { }
      |                         ^
/usr/local/cuda/include/sm_30_intrinsics.h:190:135: note: in expansion of macro '__DEF_IF_HOST'
  190 | __SM_30_INTRINSICS_DECL__ unsigned long long __shfl_xor_sync(unsigned mask, unsigned long long var, int laneMask, int width=warpSize) __DEF_IF_HOST
      |                                                                                                                                       ^~~~~~~~~~~~~
/usr/local/cuda/include/sm_30_intrinsics.h: In function 'double __shfl_sync(unsigned int, double, int, int)':
/usr/local/cuda/include/sm_30_intrinsics.h:76:25: warning: no return statement in function returning non-void [-Wreturn-type]
   76 | #define __DEF_IF_HOST { }
      |                         ^
/usr/local/cuda/include/sm_30_intrinsics.h:191:106: note: in expansion of macro '__DEF_IF_HOST'
  191 | __SM_30_INTRINSICS_DECL__ double __shfl_sync(unsigned mask, double var, int srcLane, int width=warpSize) __DEF_IF_HOST
      |                                                                                                          ^~~~~~~~~~~~~
/usr/local/cuda/include/sm_30_intrinsics.h: In function 'double __shfl_up_sync(unsigned int, double, unsigned int, int)':
/usr/local/cuda/include/sm_30_intrinsics.h:76:25: warning: no return statement in function returning non-void [-Wreturn-type]
   76 | #define __DEF_IF_HOST { }
      |                         ^
/usr/local/cuda/include/sm_30_intrinsics.h:192:116: note: in expansion of macro '__DEF_IF_HOST'
  192 | __SM_30_INTRINSICS_DECL__ double __shfl_up_sync(unsigned mask, double var, unsigned int delta, int width=warpSize) __DEF_IF_HOST
      |                                                                                                                    ^~~~~~~~~~~~~
/usr/local/cuda/include/sm_30_intrinsics.h: In function 'double __shfl_down_sync(unsigned int, double, unsigned int, int)':
/usr/local/cuda/include/sm_30_intrinsics.h:76:25: warning: no return statement in function returning non-void [-Wreturn-type]
   76 | #define __DEF_IF_HOST { }
      |                         ^
/usr/local/cuda/include/sm_30_intrinsics.h:193:118: note: in expansion of macro '__DEF_IF_HOST'
  193 | __SM_30_INTRINSICS_DECL__ double __shfl_down_sync(unsigned mask, double var, unsigned int delta, int width=warpSize) __DEF_IF_HOST
      |                                                                                                                      ^~~~~~~~~~~~~
/usr/local/cuda/include/sm_30_intrinsics.h: In function 'double __shfl_xor_sync(unsigned int, double, int, int)':
/usr/local/cuda/include/sm_30_intrinsics.h:76:25: warning: no return statement in function returning non-void [-Wreturn-type]
   76 | #define __DEF_IF_HOST { }
      |                         ^
/usr/local/cuda/include/sm_30_intrinsics.h:194:111: note: in expansion of macro '__DEF_IF_HOST'
  194 | __SM_30_INTRINSICS_DECL__ double __shfl_xor_sync(unsigned mask, double var, int laneMask, int width=warpSize) __DEF_IF_HOST
      |                                                                                                               ^~~~~~~~~~~~~
/usr/local/cuda/include/sm_30_intrinsics.h: In function 'long int __shfl(long int, int, int)':
/usr/local/cuda/include/sm_30_intrinsics.h:76:25: warning: no return statement in function returning non-void [-Wreturn-type]
   76 | #define __DEF_IF_HOST { }
      |                         ^
/usr/local/cuda/include/sm_30_intrinsics.h:198:132: note: in expansion of macro '__DEF_IF_HOST'
  198 | __SM_30_INTRINSICS_DECL__ __DEPRECATED__(__WSB_DEPRECATION_MESSAGE(__shfl)) long __shfl(long var, int srcLane, int width=warpSize) __DEF_IF_HOST
      |                                                                                                                                    ^~~~~~~~~~~~~
/usr/local/cuda/include/sm_30_intrinsics.h: In function 'long unsigned int __shfl(long unsigned int, int, int)':
/usr/local/cuda/include/sm_30_intrinsics.h:76:25: warning: no return statement in function returning non-void [-Wreturn-type]
   76 | #define __DEF_IF_HOST { }
      |                         ^
/usr/local/cuda/include/sm_30_intrinsics.h:199:150: note: in expansion of macro '__DEF_IF_HOST'
  199 | __SM_30_INTRINSICS_DECL__ __DEPRECATED__(__WSB_DEPRECATION_MESSAGE(__shfl)) unsigned long __shfl(unsigned long var, int srcLane, int width=warpSize) __DEF_IF_HOST
      |                                                                                                                                                      ^~~~~~~~~~~~~
/usr/local/cuda/include/sm_30_intrinsics.h: In function 'long int __shfl_up(long int, unsigned int, int)':
/usr/local/cuda/include/sm_30_intrinsics.h:76:25: warning: no return statement in function returning non-void [-Wreturn-type]
   76 | #define __DEF_IF_HOST { }
      |                         ^
/usr/local/cuda/include/sm_30_intrinsics.h:200:145: note: in expansion of macro '__DEF_IF_HOST'
  200 | __SM_30_INTRINSICS_DECL__ __DEPRECATED__(__WSB_DEPRECATION_MESSAGE(__shfl_up)) long __shfl_up(long var, unsigned int delta, int width=warpSize) __DEF_IF_HOST
      |                                                                                                                                                 ^~~~~~~~~~~~~
/usr/local/cuda/include/sm_30_intrinsics.h: In function 'long unsigned int __shfl_up(long unsigned int, unsigned int, int)':
/usr/local/cuda/include/sm_30_intrinsics.h:76:25: warning: no return statement in function returning non-void [-Wreturn-type]
   76 | #define __DEF_IF_HOST { }
      |                         ^
/usr/local/cuda/include/sm_30_intrinsics.h:201:163: note: in expansion of macro '__DEF_IF_HOST'
  201 | __SM_30_INTRINSICS_DECL__ __DEPRECATED__(__WSB_DEPRECATION_MESSAGE(__shfl_up)) unsigned long __shfl_up(unsigned long var, unsigned int delta, int width=warpSize) __DEF_IF_HOST
      |                                                                                                                                                                   ^~~~~~~~~~~~~
/usr/local/cuda/include/sm_30_intrinsics.h: In function 'long int __shfl_down(long int, unsigned int, int)':
/usr/local/cuda/include/sm_30_intrinsics.h:76:25: warning: no return statement in function returning non-void [-Wreturn-type]
   76 | #define __DEF_IF_HOST { }
      |                         ^
/usr/local/cuda/include/sm_30_intrinsics.h:202:149: note: in expansion of macro '__DEF_IF_HOST'
  202 | __SM_30_INTRINSICS_DECL__ __DEPRECATED__(__WSB_DEPRECATION_MESSAGE(__shfl_down)) long __shfl_down(long var, unsigned int delta, int width=warpSize) __DEF_IF_HOST
      |                                                                                                                                                     ^~~~~~~~~~~~~
/usr/local/cuda/include/sm_30_intrinsics.h: In function 'long unsigned int __shfl_down(long unsigned int, unsigned int, int)':
/usr/local/cuda/include/sm_30_intrinsics.h:76:25: warning: no return statement in function returning non-void [-Wreturn-type]
   76 | #define __DEF_IF_HOST { }
      |                         ^
/usr/local/cuda/include/sm_30_intrinsics.h:203:167: note: in expansion of macro '__DEF_IF_HOST'
  203 | __SM_30_INTRINSICS_DECL__ __DEPRECATED__(__WSB_DEPRECATION_MESSAGE(__shfl_down)) unsigned long __shfl_down(unsigned long var, unsigned int delta, int width=warpSize) __DEF_IF_HOST
      |                                                                                                                                                                       ^~~~~~~~~~~~~
/usr/local/cuda/include/sm_30_intrinsics.h: In function 'long int __shfl_xor(long int, int, int)':
/usr/local/cuda/include/sm_30_intrinsics.h:76:25: warning: no return statement in function returning non-void [-Wreturn-type]
   76 | #define __DEF_IF_HOST { }
      |                         ^
/usr/local/cuda/include/sm_30_intrinsics.h:204:141: note: in expansion of macro '__DEF_IF_HOST'
  204 | __SM_30_INTRINSICS_DECL__ __DEPRECATED__(__WSB_DEPRECATION_MESSAGE(__shfl_xor)) long __shfl_xor(long var, int laneMask, int width=warpSize) __DEF_IF_HOST
      |                                                                                                                                             ^~~~~~~~~~~~~
/usr/local/cuda/include/sm_30_intrinsics.h: In function 'long unsigned int __shfl_xor(long unsigned int, int, int)':
/usr/local/cuda/include/sm_30_intrinsics.h:76:25: warning: no return statement in function returning non-void [-Wreturn-type]
   76 | #define __DEF_IF_HOST { }
      |                         ^
/usr/local/cuda/include/sm_30_intrinsics.h:205:159: note: in expansion of macro '__DEF_IF_HOST'
  205 | __SM_30_INTRINSICS_DECL__ __DEPRECATED__(__WSB_DEPRECATION_MESSAGE(__shfl_xor)) unsigned long __shfl_xor(unsigned long var, int laneMask, int width=warpSize) __DEF_IF_HOST
      |                                                                                                                                                               ^~~~~~~~~~~~~
/usr/local/cuda/include/sm_30_intrinsics.h: In function 'long int __shfl_sync(unsigned int, long int, int, int)':
/usr/local/cuda/include/sm_30_intrinsics.h:76:25: warning: no return statement in function returning non-void [-Wreturn-type]
   76 | #define __DEF_IF_HOST { }
      |                         ^
/usr/local/cuda/include/sm_30_intrinsics.h:208:102: note: in expansion of macro '__DEF_IF_HOST'
  208 | __SM_30_INTRINSICS_DECL__ long __shfl_sync(unsigned mask, long var, int srcLane, int width=warpSize) __DEF_IF_HOST
      |                                                                                                      ^~~~~~~~~~~~~
/usr/local/cuda/include/sm_30_intrinsics.h: In function 'long unsigned int __shfl_sync(unsigned int, long unsigned int, int, int)':
/usr/local/cuda/include/sm_30_intrinsics.h:76:25: warning: no return statement in function returning non-void [-Wreturn-type]
   76 | #define __DEF_IF_HOST { }
      |                         ^
/usr/local/cuda/include/sm_30_intrinsics.h:209:120: note: in expansion of macro '__DEF_IF_HOST'
  209 | __SM_30_INTRINSICS_DECL__ unsigned long __shfl_sync(unsigned mask, unsigned long var, int srcLane, int width=warpSize) __DEF_IF_HOST
      |                                                                                                                        ^~~~~~~~~~~~~
/usr/local/cuda/include/sm_30_intrinsics.h: In function 'long int __shfl_up_sync(unsigned int, long int, unsigned int, int)':
/usr/local/cuda/include/sm_30_intrinsics.h:76:25: warning: no return statement in function returning non-void [-Wreturn-type]
   76 | #define __DEF_IF_HOST { }
      |                         ^
/usr/local/cuda/include/sm_30_intrinsics.h:210:112: note: in expansion of macro '__DEF_IF_HOST'
  210 | __SM_30_INTRINSICS_DECL__ long __shfl_up_sync(unsigned mask, long var, unsigned int delta, int width=warpSize) __DEF_IF_HOST
      |                                                                                                                ^~~~~~~~~~~~~
/usr/local/cuda/include/sm_30_intrinsics.h: In function 'long unsigned int __shfl_up_sync(unsigned int, long unsigned int, unsigned int, int)':
/usr/local/cuda/include/sm_30_intrinsics.h:76:25: warning: no return statement in function returning non-void [-Wreturn-type]
   76 | #define __DEF_IF_HOST { }
      |                         ^
/usr/local/cuda/include/sm_30_intrinsics.h:211:130: note: in expansion of macro '__DEF_IF_HOST'
  211 | __SM_30_INTRINSICS_DECL__ unsigned long __shfl_up_sync(unsigned mask, unsigned long var, unsigned int delta, int width=warpSize) __DEF_IF_HOST
      |                                                                                                                                  ^~~~~~~~~~~~~
/usr/local/cuda/include/sm_30_intrinsics.h: In function 'long int __shfl_down_sync(unsigned int, long int, unsigned int, int)':
/usr/local/cuda/include/sm_30_intrinsics.h:76:25: warning: no return statement in function returning non-void [-Wreturn-type]
   76 | #define __DEF_IF_HOST { }
      |                         ^
/usr/local/cuda/include/sm_30_intrinsics.h:212:114: note: in expansion of macro '__DEF_IF_HOST'
  212 | __SM_30_INTRINSICS_DECL__ long __shfl_down_sync(unsigned mask, long var, unsigned int delta, int width=warpSize) __DEF_IF_HOST
      |                                                                                                                  ^~~~~~~~~~~~~
/usr/local/cuda/include/sm_30_intrinsics.h: In function 'long unsigned int __shfl_down_sync(unsigned int, long unsigned int, unsigned int, int)':
/usr/local/cuda/include/sm_30_intrinsics.h:76:25: warning: no return statement in function returning non-void [-Wreturn-type]
   76 | #define __DEF_IF_HOST { }
      |                         ^
/usr/local/cuda/include/sm_30_intrinsics.h:213:132: note: in expansion of macro '__DEF_IF_HOST'
  213 | __SM_30_INTRINSICS_DECL__ unsigned long __shfl_down_sync(unsigned mask, unsigned long var, unsigned int delta, int width=warpSize) __DEF_IF_HOST
      |                                                                                                                                    ^~~~~~~~~~~~~
/usr/local/cuda/include/sm_30_intrinsics.h: In function 'long int __shfl_xor_sync(unsigned int, long int, int, int)':
/usr/local/cuda/include/sm_30_intrinsics.h:76:25: warning: no return statement in function returning non-void [-Wreturn-type]
   76 | #define __DEF_IF_HOST { }
      |                         ^
/usr/local/cuda/include/sm_30_intrinsics.h:214:107: note: in expansion of macro '__DEF_IF_HOST'
  214 | __SM_30_INTRINSICS_DECL__ long __shfl_xor_sync(unsigned mask, long var, int laneMask, int width=warpSize) __DEF_IF_HOST
      |                                                                                                           ^~~~~~~~~~~~~
/usr/local/cuda/include/sm_30_intrinsics.h: In function 'long unsigned int __shfl_xor_sync(unsigned int, long unsigned int, int, int)':
/usr/local/cuda/include/sm_30_intrinsics.h:76:25: warning: no return statement in function returning non-void [-Wreturn-type]
   76 | #define __DEF_IF_HOST { }
      |                         ^
/usr/local/cuda/include/sm_30_intrinsics.h:215:125: note: in expansion of macro '__DEF_IF_HOST'
  215 | __SM_30_INTRINSICS_DECL__ unsigned long __shfl_xor_sync(unsigned mask, unsigned long var, int laneMask, int width=warpSize) __DEF_IF_HOST
      |                                                                                                                             ^~~~~~~~~~~~~
In file included from /usr/local/cuda/include/crt/device_functions.h:3623,
                 from /home/GVirtuS/GVirtuS/plugins/cudart/backend/CudaRtHandler.h:71,
                 from /home/GVirtuS/GVirtuS/plugins/cudart/backend/CudaRtHandler_error.cpp:26:
/usr/local/cuda/include/sm_32_intrinsics.h: In function 'long int __ldg(const long int*)':
/usr/local/cuda/include/sm_32_intrinsics.h:74:25: warning: no return statement in function returning non-void [-Wreturn-type]
   74 | #define __DEF_IF_HOST { }
      |                         ^
/usr/local/cuda/include/sm_32_intrinsics.h:87:55: note: in expansion of macro '__DEF_IF_HOST'
   87 | __SM_32_INTRINSICS_DECL__ long __ldg(const long *ptr) __DEF_IF_HOST
      |                                                       ^~~~~~~~~~~~~
/usr/local/cuda/include/sm_32_intrinsics.h: In function 'long unsigned int __ldg(const long unsigned int*)':
/usr/local/cuda/include/sm_32_intrinsics.h:74:25: warning: no return statement in function returning non-void [-Wreturn-type]
   74 | #define __DEF_IF_HOST { }
      |                         ^
/usr/local/cuda/include/sm_32_intrinsics.h:88:73: note: in expansion of macro '__DEF_IF_HOST'
   88 | __SM_32_INTRINSICS_DECL__ unsigned long __ldg(const unsigned long *ptr) __DEF_IF_HOST
      |                                                                         ^~~~~~~~~~~~~
/usr/local/cuda/include/sm_32_intrinsics.h: In function 'char __ldg(const char*)':
/usr/local/cuda/include/sm_32_intrinsics.h:74:25: warning: no return statement in function returning non-void [-Wreturn-type]
   74 | #define __DEF_IF_HOST { }
      |                         ^
/usr/local/cuda/include/sm_32_intrinsics.h:90:55: note: in expansion of macro '__DEF_IF_HOST'
   90 | __SM_32_INTRINSICS_DECL__ char __ldg(const char *ptr) __DEF_IF_HOST
      |                                                       ^~~~~~~~~~~~~
/usr/local/cuda/include/sm_32_intrinsics.h: In function 'signed char __ldg(const signed char*)':
/usr/local/cuda/include/sm_32_intrinsics.h:74:25: warning: no return statement in function returning non-void [-Wreturn-type]
   74 | #define __DEF_IF_HOST { }
      |                         ^
/usr/local/cuda/include/sm_32_intrinsics.h:91:69: note: in expansion of macro '__DEF_IF_HOST'
   91 | __SM_32_INTRINSICS_DECL__ signed char __ldg(const signed char *ptr) __DEF_IF_HOST
      |                                                                     ^~~~~~~~~~~~~
/usr/local/cuda/include/sm_32_intrinsics.h: In function 'short int __ldg(const short int*)':
/usr/local/cuda/include/sm_32_intrinsics.h:74:25: warning: no return statement in function returning non-void [-Wreturn-type]
   74 | #define __DEF_IF_HOST { }
      |                         ^
/usr/local/cuda/include/sm_32_intrinsics.h:92:57: note: in expansion of macro '__DEF_IF_HOST'
   92 | __SM_32_INTRINSICS_DECL__ short __ldg(const short *ptr) __DEF_IF_HOST
      |                                                         ^~~~~~~~~~~~~
/usr/local/cuda/include/sm_32_intrinsics.h: In function 'int __ldg(const int*)':
/usr/local/cuda/include/sm_32_intrinsics.h:74:25: warning: no return statement in function returning non-void [-Wreturn-type]
   74 | #define __DEF_IF_HOST { }
      |                         ^
/usr/local/cuda/include/sm_32_intrinsics.h:93:53: note: in expansion of macro '__DEF_IF_HOST'
   93 | __SM_32_INTRINSICS_DECL__ int __ldg(const int *ptr) __DEF_IF_HOST
      |                                                     ^~~~~~~~~~~~~
/usr/local/cuda/include/sm_32_intrinsics.h: In function 'long long int __ldg(const long long int*)':
/usr/local/cuda/include/sm_32_intrinsics.h:74:25: warning: no return statement in function returning non-void [-Wreturn-type]
   74 | #define __DEF_IF_HOST { }
      |                         ^
/usr/local/cuda/include/sm_32_intrinsics.h:94:65: note: in expansion of macro '__DEF_IF_HOST'
   94 | __SM_32_INTRINSICS_DECL__ long long __ldg(const long long *ptr) __DEF_IF_HOST
      |                                                                 ^~~~~~~~~~~~~
/usr/local/cuda/include/sm_32_intrinsics.h: In function 'char2 __ldg(const char2*)':
/usr/local/cuda/include/sm_32_intrinsics.h:74:25: warning: no return statement in function returning non-void [-Wreturn-type]
   74 | #define __DEF_IF_HOST { }
      |                         ^
/usr/local/cuda/include/sm_32_intrinsics.h:95:57: note: in expansion of macro '__DEF_IF_HOST'
   95 | __SM_32_INTRINSICS_DECL__ char2 __ldg(const char2 *ptr) __DEF_IF_HOST
      |                                                         ^~~~~~~~~~~~~
/usr/local/cuda/include/sm_32_intrinsics.h: In function 'char4 __ldg(const char4*)':
/usr/local/cuda/include/sm_32_intrinsics.h:74:25: warning: no return statement in function returning non-void [-Wreturn-type]
   74 | #define __DEF_IF_HOST { }
      |                         ^
/usr/local/cuda/include/sm_32_intrinsics.h:96:57: note: in expansion of macro '__DEF_IF_HOST'
   96 | __SM_32_INTRINSICS_DECL__ char4 __ldg(const char4 *ptr) __DEF_IF_HOST
      |                                                         ^~~~~~~~~~~~~
/usr/local/cuda/include/sm_32_intrinsics.h: In function 'short2 __ldg(const short2*)':
/usr/local/cuda/include/sm_32_intrinsics.h:74:25: warning: no return statement in function returning non-void [-Wreturn-type]
   74 | #define __DEF_IF_HOST { }
      |                         ^
/usr/local/cuda/include/sm_32_intrinsics.h:97:59: note: in expansion of macro '__DEF_IF_HOST'
   97 | __SM_32_INTRINSICS_DECL__ short2 __ldg(const short2 *ptr) __DEF_IF_HOST
      |                                                           ^~~~~~~~~~~~~
/usr/local/cuda/include/sm_32_intrinsics.h: In function 'short4 __ldg(const short4*)':
/usr/local/cuda/include/sm_32_intrinsics.h:74:25: warning: no return statement in function returning non-void [-Wreturn-type]
   74 | #define __DEF_IF_HOST { }
      |                         ^
/usr/local/cuda/include/sm_32_intrinsics.h:98:59: note: in expansion of macro '__DEF_IF_HOST'
   98 | __SM_32_INTRINSICS_DECL__ short4 __ldg(const short4 *ptr) __DEF_IF_HOST
      |                                                           ^~~~~~~~~~~~~
/usr/local/cuda/include/sm_32_intrinsics.h: In function 'int2 __ldg(const int2*)':
/usr/local/cuda/include/sm_32_intrinsics.h:74:25: warning: no return statement in function returning non-void [-Wreturn-type]
   74 | #define __DEF_IF_HOST { }
      |                         ^
/usr/local/cuda/include/sm_32_intrinsics.h:99:55: note: in expansion of macro '__DEF_IF_HOST'
   99 | __SM_32_INTRINSICS_DECL__ int2 __ldg(const int2 *ptr) __DEF_IF_HOST
      |                                                       ^~~~~~~~~~~~~
/usr/local/cuda/include/sm_32_intrinsics.h: In function 'int4 __ldg(const int4*)':
/usr/local/cuda/include/sm_32_intrinsics.h:74:25: warning: no return statement in function returning non-void [-Wreturn-type]
   74 | #define __DEF_IF_HOST { }
      |                         ^
/usr/local/cuda/include/sm_32_intrinsics.h:100:55: note: in expansion of macro '__DEF_IF_HOST'
  100 | __SM_32_INTRINSICS_DECL__ int4 __ldg(const int4 *ptr) __DEF_IF_HOST
      |                                                       ^~~~~~~~~~~~~
/usr/local/cuda/include/sm_32_intrinsics.h: In function 'longlong2 __ldg(const longlong2*)':
/usr/local/cuda/include/sm_32_intrinsics.h:74:25: warning: no return statement in function returning non-void [-Wreturn-type]
   74 | #define __DEF_IF_HOST { }
      |                         ^
/usr/local/cuda/include/sm_32_intrinsics.h:101:65: note: in expansion of macro '__DEF_IF_HOST'
  101 | __SM_32_INTRINSICS_DECL__ longlong2 __ldg(const longlong2 *ptr) __DEF_IF_HOST
      |                                                                 ^~~~~~~~~~~~~
/usr/local/cuda/include/sm_32_intrinsics.h: In function 'unsigned char __ldg(const unsigned char*)':
/usr/local/cuda/include/sm_32_intrinsics.h:74:25: warning: no return statement in function returning non-void [-Wreturn-type]
   74 | #define __DEF_IF_HOST { }
      |                         ^
/usr/local/cuda/include/sm_32_intrinsics.h:103:73: note: in expansion of macro '__DEF_IF_HOST'
  103 | __SM_32_INTRINSICS_DECL__ unsigned char __ldg(const unsigned char *ptr) __DEF_IF_HOST
      |                                                                         ^~~~~~~~~~~~~
/usr/local/cuda/include/sm_32_intrinsics.h: In function 'short unsigned int __ldg(const short unsigned int*)':
/usr/local/cuda/include/sm_32_intrinsics.h:74:25: warning: no return statement in function returning non-void [-Wreturn-type]
   74 | #define __DEF_IF_HOST { }
      |                         ^
/usr/local/cuda/include/sm_32_intrinsics.h:104:75: note: in expansion of macro '__DEF_IF_HOST'
  104 | __SM_32_INTRINSICS_DECL__ unsigned short __ldg(const unsigned short *ptr) __DEF_IF_HOST
      |                                                                           ^~~~~~~~~~~~~
/usr/local/cuda/include/sm_32_intrinsics.h: In function 'unsigned int __ldg(const unsigned int*)':
/usr/local/cuda/include/sm_32_intrinsics.h:74:25: warning: no return statement in function returning non-void [-Wreturn-type]
   74 | #define __DEF_IF_HOST { }
      |                         ^
/usr/local/cuda/include/sm_32_intrinsics.h:105:71: note: in expansion of macro '__DEF_IF_HOST'
  105 | __SM_32_INTRINSICS_DECL__ unsigned int __ldg(const unsigned int *ptr) __DEF_IF_HOST
      |                                                                       ^~~~~~~~~~~~~
/usr/local/cuda/include/sm_32_intrinsics.h: In function 'long long unsigned int __ldg(const long long unsigned int*)':
/usr/local/cuda/include/sm_32_intrinsics.h:74:25: warning: no return statement in function returning non-void [-Wreturn-type]
   74 | #define __DEF_IF_HOST { }
      |                         ^
/usr/local/cuda/include/sm_32_intrinsics.h:106:83: note: in expansion of macro '__DEF_IF_HOST'
  106 | __SM_32_INTRINSICS_DECL__ unsigned long long __ldg(const unsigned long long *ptr) __DEF_IF_HOST
      |                                                                                   ^~~~~~~~~~~~~
/usr/local/cuda/include/sm_32_intrinsics.h: In function 'uchar2 __ldg(const uchar2*)':
/usr/local/cuda/include/sm_32_intrinsics.h:74:25: warning: no return statement in function returning non-void [-Wreturn-type]
   74 | #define __DEF_IF_HOST { }
      |                         ^
/usr/local/cuda/include/sm_32_intrinsics.h:107:59: note: in expansion of macro '__DEF_IF_HOST'
  107 | __SM_32_INTRINSICS_DECL__ uchar2 __ldg(const uchar2 *ptr) __DEF_IF_HOST
      |                                                           ^~~~~~~~~~~~~
/usr/local/cuda/include/sm_32_intrinsics.h: In function 'uchar4 __ldg(const uchar4*)':
/usr/local/cuda/include/sm_32_intrinsics.h:74:25: warning: no return statement in function returning non-void [-Wreturn-type]
   74 | #define __DEF_IF_HOST { }
      |                         ^
/usr/local/cuda/include/sm_32_intrinsics.h:108:59: note: in expansion of macro '__DEF_IF_HOST'
  108 | __SM_32_INTRINSICS_DECL__ uchar4 __ldg(const uchar4 *ptr) __DEF_IF_HOST
      |                                                           ^~~~~~~~~~~~~
/usr/local/cuda/include/sm_32_intrinsics.h: In function 'ushort2 __ldg(const ushort2*)':
/usr/local/cuda/include/sm_32_intrinsics.h:74:25: warning: no return statement in function returning non-void [-Wreturn-type]
   74 | #define __DEF_IF_HOST { }
      |                         ^
/usr/local/cuda/include/sm_32_intrinsics.h:109:61: note: in expansion of macro '__DEF_IF_HOST'
  109 | __SM_32_INTRINSICS_DECL__ ushort2 __ldg(const ushort2 *ptr) __DEF_IF_HOST
      |                                                             ^~~~~~~~~~~~~
/usr/local/cuda/include/sm_32_intrinsics.h: In function 'ushort4 __ldg(const ushort4*)':
/usr/local/cuda/include/sm_32_intrinsics.h:74:25: warning: no return statement in function returning non-void [-Wreturn-type]
   74 | #define __DEF_IF_HOST { }
      |                         ^
/usr/local/cuda/include/sm_32_intrinsics.h:110:61: note: in expansion of macro '__DEF_IF_HOST'
  110 | __SM_32_INTRINSICS_DECL__ ushort4 __ldg(const ushort4 *ptr) __DEF_IF_HOST
      |                                                             ^~~~~~~~~~~~~
/usr/local/cuda/include/sm_32_intrinsics.h: In function 'uint2 __ldg(const uint2*)':
/usr/local/cuda/include/sm_32_intrinsics.h:74:25: warning: no return statement in function returning non-void [-Wreturn-type]
   74 | #define __DEF_IF_HOST { }
      |                         ^
/usr/local/cuda/include/sm_32_intrinsics.h:111:57: note: in expansion of macro '__DEF_IF_HOST'
  111 | __SM_32_INTRINSICS_DECL__ uint2 __ldg(const uint2 *ptr) __DEF_IF_HOST
      |                                                         ^~~~~~~~~~~~~
/usr/local/cuda/include/sm_32_intrinsics.h: In function 'uint4 __ldg(const uint4*)':
/usr/local/cuda/include/sm_32_intrinsics.h:74:25: warning: no return statement in function returning non-void [-Wreturn-type]
   74 | #define __DEF_IF_HOST { }
      |                         ^
/usr/local/cuda/include/sm_32_intrinsics.h:112:57: note: in expansion of macro '__DEF_IF_HOST'
  112 | __SM_32_INTRINSICS_DECL__ uint4 __ldg(const uint4 *ptr) __DEF_IF_HOST
      |                                                         ^~~~~~~~~~~~~
/usr/local/cuda/include/sm_32_intrinsics.h: In function 'ulonglong2 __ldg(const ulonglong2*)':
/usr/local/cuda/include/sm_32_intrinsics.h:74:25: warning: no return statement in function returning non-void [-Wreturn-type]
   74 | #define __DEF_IF_HOST { }
      |                         ^
/usr/local/cuda/include/sm_32_intrinsics.h:113:67: note: in expansion of macro '__DEF_IF_HOST'
  113 | __SM_32_INTRINSICS_DECL__ ulonglong2 __ldg(const ulonglong2 *ptr) __DEF_IF_HOST
      |                                                                   ^~~~~~~~~~~~~
/usr/local/cuda/include/sm_32_intrinsics.h: In function 'float __ldg(const float*)':
/usr/local/cuda/include/sm_32_intrinsics.h:74:25: warning: no return statement in function returning non-void [-Wreturn-type]
   74 | #define __DEF_IF_HOST { }
      |                         ^
/usr/local/cuda/include/sm_32_intrinsics.h:115:57: note: in expansion of macro '__DEF_IF_HOST'
  115 | __SM_32_INTRINSICS_DECL__ float __ldg(const float *ptr) __DEF_IF_HOST
      |                                                         ^~~~~~~~~~~~~
/usr/local/cuda/include/sm_32_intrinsics.h: In function 'double __ldg(const double*)':
/usr/local/cuda/include/sm_32_intrinsics.h:74:25: warning: no return statement in function returning non-void [-Wreturn-type]
   74 | #define __DEF_IF_HOST { }
      |                         ^
/usr/local/cuda/include/sm_32_intrinsics.h:116:59: note: in expansion of macro '__DEF_IF_HOST'
  116 | __SM_32_INTRINSICS_DECL__ double __ldg(const double *ptr) __DEF_IF_HOST
      |                                                           ^~~~~~~~~~~~~
/usr/local/cuda/include/sm_32_intrinsics.h: In function 'float2 __ldg(const float2*)':
/usr/local/cuda/include/sm_32_intrinsics.h:74:25: warning: no return statement in function returning non-void [-Wreturn-type]
   74 | #define __DEF_IF_HOST { }
      |                         ^
/usr/local/cuda/include/sm_32_intrinsics.h:117:59: note: in expansion of macro '__DEF_IF_HOST'
  117 | __SM_32_INTRINSICS_DECL__ float2 __ldg(const float2 *ptr) __DEF_IF_HOST
      |                                                           ^~~~~~~~~~~~~
/usr/local/cuda/include/sm_32_intrinsics.h: In function 'float4 __ldg(const float4*)':
/usr/local/cuda/include/sm_32_intrinsics.h:74:25: warning: no return statement in function returning non-void [-Wreturn-type]
   74 | #define __DEF_IF_HOST { }
      |                         ^
/usr/local/cuda/include/sm_32_intrinsics.h:118:59: note: in expansion of macro '__DEF_IF_HOST'
  118 | __SM_32_INTRINSICS_DECL__ float4 __ldg(const float4 *ptr) __DEF_IF_HOST
      |                                                           ^~~~~~~~~~~~~
/usr/local/cuda/include/sm_32_intrinsics.h: In function 'double2 __ldg(const double2*)':
/usr/local/cuda/include/sm_32_intrinsics.h:74:25: warning: no return statement in function returning non-void [-Wreturn-type]
   74 | #define __DEF_IF_HOST { }
      |                         ^
/usr/local/cuda/include/sm_32_intrinsics.h:119:61: note: in expansion of macro '__DEF_IF_HOST'
  119 | __SM_32_INTRINSICS_DECL__ double2 __ldg(const double2 *ptr) __DEF_IF_HOST
      |                                                             ^~~~~~~~~~~~~
/usr/local/cuda/include/sm_32_intrinsics.h: In function 'long int __ldcg(const long int*)':
/usr/local/cuda/include/sm_32_intrinsics.h:74:25: warning: no return statement in function returning non-void [-Wreturn-type]
   74 | #define __DEF_IF_HOST { }
      |                         ^
/usr/local/cuda/include/sm_32_intrinsics.h:123:56: note: in expansion of macro '__DEF_IF_HOST'
  123 | __SM_32_INTRINSICS_DECL__ long __ldcg(const long *ptr) __DEF_IF_HOST
      |                                                        ^~~~~~~~~~~~~
/usr/local/cuda/include/sm_32_intrinsics.h: In function 'long unsigned int __ldcg(const long unsigned int*)':
/usr/local/cuda/include/sm_32_intrinsics.h:74:25: warning: no return statement in function returning non-void [-Wreturn-type]
   74 | #define __DEF_IF_HOST { }
      |                         ^
/usr/local/cuda/include/sm_32_intrinsics.h:124:74: note: in expansion of macro '__DEF_IF_HOST'
  124 | __SM_32_INTRINSICS_DECL__ unsigned long __ldcg(const unsigned long *ptr) __DEF_IF_HOST
      |                                                                          ^~~~~~~~~~~~~
/usr/local/cuda/include/sm_32_intrinsics.h: In function 'char __ldcg(const char*)':
/usr/local/cuda/include/sm_32_intrinsics.h:74:25: warning: no return statement in function returning non-void [-Wreturn-type]
   74 | #define __DEF_IF_HOST { }
      |                         ^
/usr/local/cuda/include/sm_32_intrinsics.h:126:56: note: in expansion of macro '__DEF_IF_HOST'
  126 | __SM_32_INTRINSICS_DECL__ char __ldcg(const char *ptr) __DEF_IF_HOST
      |                                                        ^~~~~~~~~~~~~
/usr/local/cuda/include/sm_32_intrinsics.h: In function 'signed char __ldcg(const signed char*)':
/usr/local/cuda/include/sm_32_intrinsics.h:74:25: warning: no return statement in function returning non-void [-Wreturn-type]
   74 | #define __DEF_IF_HOST { }
      |                         ^
/usr/local/cuda/include/sm_32_intrinsics.h:127:70: note: in expansion of macro '__DEF_IF_HOST'
  127 | __SM_32_INTRINSICS_DECL__ signed char __ldcg(const signed char *ptr) __DEF_IF_HOST
      |                                                                      ^~~~~~~~~~~~~
/usr/local/cuda/include/sm_32_intrinsics.h: In function 'short int __ldcg(const short int*)':
/usr/local/cuda/include/sm_32_intrinsics.h:74:25: warning: no return statement in function returning non-void [-Wreturn-type]
   74 | #define __DEF_IF_HOST { }
      |                         ^
/usr/local/cuda/include/sm_32_intrinsics.h:128:58: note: in expansion of macro '__DEF_IF_HOST'
  128 | __SM_32_INTRINSICS_DECL__ short __ldcg(const short *ptr) __DEF_IF_HOST
      |                                                          ^~~~~~~~~~~~~
/usr/local/cuda/include/sm_32_intrinsics.h: In function 'int __ldcg(const int*)':
/usr/local/cuda/include/sm_32_intrinsics.h:74:25: warning: no return statement in function returning non-void [-Wreturn-type]
   74 | #define __DEF_IF_HOST { }
      |                         ^
/usr/local/cuda/include/sm_32_intrinsics.h:129:54: note: in expansion of macro '__DEF_IF_HOST'
  129 | __SM_32_INTRINSICS_DECL__ int __ldcg(const int *ptr) __DEF_IF_HOST
      |                                                      ^~~~~~~~~~~~~
/usr/local/cuda/include/sm_32_intrinsics.h: In function 'long long int __ldcg(const long long int*)':
/usr/local/cuda/include/sm_32_intrinsics.h:74:25: warning: no return statement in function returning non-void [-Wreturn-type]
   74 | #define __DEF_IF_HOST { }
      |                         ^
/usr/local/cuda/include/sm_32_intrinsics.h:130:66: note: in expansion of macro '__DEF_IF_HOST'
  130 | __SM_32_INTRINSICS_DECL__ long long __ldcg(const long long *ptr) __DEF_IF_HOST
      |                                                                  ^~~~~~~~~~~~~
/usr/local/cuda/include/sm_32_intrinsics.h: In function 'char2 __ldcg(const char2*)':
/usr/local/cuda/include/sm_32_intrinsics.h:74:25: warning: no return statement in function returning non-void [-Wreturn-type]
   74 | #define __DEF_IF_HOST { }
      |                         ^
/usr/local/cuda/include/sm_32_intrinsics.h:131:58: note: in expansion of macro '__DEF_IF_HOST'
  131 | __SM_32_INTRINSICS_DECL__ char2 __ldcg(const char2 *ptr) __DEF_IF_HOST
      |                                                          ^~~~~~~~~~~~~
/usr/local/cuda/include/sm_32_intrinsics.h: In function 'char4 __ldcg(const char4*)':
/usr/local/cuda/include/sm_32_intrinsics.h:74:25: warning: no return statement in function returning non-void [-Wreturn-type]
   74 | #define __DEF_IF_HOST { }
      |                         ^
/usr/local/cuda/include/sm_32_intrinsics.h:132:58: note: in expansion of macro '__DEF_IF_HOST'
  132 | __SM_32_INTRINSICS_DECL__ char4 __ldcg(const char4 *ptr) __DEF_IF_HOST
      |                                                          ^~~~~~~~~~~~~
/usr/local/cuda/include/sm_32_intrinsics.h: In function 'short2 __ldcg(const short2*)':
/usr/local/cuda/include/sm_32_intrinsics.h:74:25: warning: no return statement in function returning non-void [-Wreturn-type]
   74 | #define __DEF_IF_HOST { }
      |                         ^
/usr/local/cuda/include/sm_32_intrinsics.h:133:60: note: in expansion of macro '__DEF_IF_HOST'
  133 | __SM_32_INTRINSICS_DECL__ short2 __ldcg(const short2 *ptr) __DEF_IF_HOST
      |                                                            ^~~~~~~~~~~~~
/usr/local/cuda/include/sm_32_intrinsics.h: In function 'short4 __ldcg(const short4*)':
/usr/local/cuda/include/sm_32_intrinsics.h:74:25: warning: no return statement in function returning non-void [-Wreturn-type]
   74 | #define __DEF_IF_HOST { }
      |                         ^
/usr/local/cuda/include/sm_32_intrinsics.h:134:60: note: in expansion of macro '__DEF_IF_HOST'
  134 | __SM_32_INTRINSICS_DECL__ short4 __ldcg(const short4 *ptr) __DEF_IF_HOST
      |                                                            ^~~~~~~~~~~~~
/usr/local/cuda/include/sm_32_intrinsics.h: In function 'int2 __ldcg(const int2*)':
/usr/local/cuda/include/sm_32_intrinsics.h:74:25: warning: no return statement in function returning non-void [-Wreturn-type]
   74 | #define __DEF_IF_HOST { }
      |                         ^
/usr/local/cuda/include/sm_32_intrinsics.h:135:56: note: in expansion of macro '__DEF_IF_HOST'
  135 | __SM_32_INTRINSICS_DECL__ int2 __ldcg(const int2 *ptr) __DEF_IF_HOST
      |                                                        ^~~~~~~~~~~~~
/usr/local/cuda/include/sm_32_intrinsics.h: In function 'int4 __ldcg(const int4*)':
/usr/local/cuda/include/sm_32_intrinsics.h:74:25: warning: no return statement in function returning non-void [-Wreturn-type]
   74 | #define __DEF_IF_HOST { }
      |                         ^
/usr/local/cuda/include/sm_32_intrinsics.h:136:56: note: in expansion of macro '__DEF_IF_HOST'
  136 | __SM_32_INTRINSICS_DECL__ int4 __ldcg(const int4 *ptr) __DEF_IF_HOST
      |                                                        ^~~~~~~~~~~~~
/usr/local/cuda/include/sm_32_intrinsics.h: In function 'longlong2 __ldcg(const longlong2*)':
/usr/local/cuda/include/sm_32_intrinsics.h:74:25: warning: no return statement in function returning non-void [-Wreturn-type]
   74 | #define __DEF_IF_HOST { }
      |                         ^
/usr/local/cuda/include/sm_32_intrinsics.h:137:66: note: in expansion of macro '__DEF_IF_HOST'
  137 | __SM_32_INTRINSICS_DECL__ longlong2 __ldcg(const longlong2 *ptr) __DEF_IF_HOST
      |                                                                  ^~~~~~~~~~~~~
/usr/local/cuda/include/sm_32_intrinsics.h: In function 'unsigned char __ldcg(const unsigned char*)':
/usr/local/cuda/include/sm_32_intrinsics.h:74:25: warning: no return statement in function returning non-void [-Wreturn-type]
   74 | #define __DEF_IF_HOST { }
      |                         ^
/usr/local/cuda/include/sm_32_intrinsics.h:139:74: note: in expansion of macro '__DEF_IF_HOST'
  139 | __SM_32_INTRINSICS_DECL__ unsigned char __ldcg(const unsigned char *ptr) __DEF_IF_HOST
      |                                                                          ^~~~~~~~~~~~~
/usr/local/cuda/include/sm_32_intrinsics.h: In function 'short unsigned int __ldcg(const short unsigned int*)':
/usr/local/cuda/include/sm_32_intrinsics.h:74:25: warning: no return statement in function returning non-void [-Wreturn-type]
   74 | #define __DEF_IF_HOST { }
      |                         ^
/usr/local/cuda/include/sm_32_intrinsics.h:140:76: note: in expansion of macro '__DEF_IF_HOST'
  140 | __SM_32_INTRINSICS_DECL__ unsigned short __ldcg(const unsigned short *ptr) __DEF_IF_HOST
      |                                                                            ^~~~~~~~~~~~~
/usr/local/cuda/include/sm_32_intrinsics.h: In function 'unsigned int __ldcg(const unsigned int*)':
/usr/local/cuda/include/sm_32_intrinsics.h:74:25: warning: no return statement in function returning non-void [-Wreturn-type]
   74 | #define __DEF_IF_HOST { }
      |                         ^
/usr/local/cuda/include/sm_32_intrinsics.h:141:72: note: in expansion of macro '__DEF_IF_HOST'
  141 | __SM_32_INTRINSICS_DECL__ unsigned int __ldcg(const unsigned int *ptr) __DEF_IF_HOST
      |                                                                        ^~~~~~~~~~~~~
/usr/local/cuda/include/sm_32_intrinsics.h: In function 'long long unsigned int __ldcg(const long long unsigned int*)':
/usr/local/cuda/include/sm_32_intrinsics.h:74:25: warning: no return statement in function returning non-void [-Wreturn-type]
   74 | #define __DEF_IF_HOST { }
      |                         ^
/usr/local/cuda/include/sm_32_intrinsics.h:142:84: note: in expansion of macro '__DEF_IF_HOST'
  142 | __SM_32_INTRINSICS_DECL__ unsigned long long __ldcg(const unsigned long long *ptr) __DEF_IF_HOST
      |                                                                                    ^~~~~~~~~~~~~
/usr/local/cuda/include/sm_32_intrinsics.h: In function 'uchar2 __ldcg(const uchar2*)':
/usr/local/cuda/include/sm_32_intrinsics.h:74:25: warning: no return statement in function returning non-void [-Wreturn-type]
   74 | #define __DEF_IF_HOST { }
      |                         ^
/usr/local/cuda/include/sm_32_intrinsics.h:143:60: note: in expansion of macro '__DEF_IF_HOST'
  143 | __SM_32_INTRINSICS_DECL__ uchar2 __ldcg(const uchar2 *ptr) __DEF_IF_HOST
      |                                                            ^~~~~~~~~~~~~
/usr/local/cuda/include/sm_32_intrinsics.h: In function 'uchar4 __ldcg(const uchar4*)':
/usr/local/cuda/include/sm_32_intrinsics.h:74:25: warning: no return statement in function returning non-void [-Wreturn-type]
   74 | #define __DEF_IF_HOST { }
      |                         ^
/usr/local/cuda/include/sm_32_intrinsics.h:144:60: note: in expansion of macro '__DEF_IF_HOST'
  144 | __SM_32_INTRINSICS_DECL__ uchar4 __ldcg(const uchar4 *ptr) __DEF_IF_HOST
      |                                                            ^~~~~~~~~~~~~
/usr/local/cuda/include/sm_32_intrinsics.h: In function 'ushort2 __ldcg(const ushort2*)':
/usr/local/cuda/include/sm_32_intrinsics.h:74:25: warning: no return statement in function returning non-void [-Wreturn-type]
   74 | #define __DEF_IF_HOST { }
      |                         ^
/usr/local/cuda/include/sm_32_intrinsics.h:145:62: note: in expansion of macro '__DEF_IF_HOST'
  145 | __SM_32_INTRINSICS_DECL__ ushort2 __ldcg(const ushort2 *ptr) __DEF_IF_HOST
      |                                                              ^~~~~~~~~~~~~
/usr/local/cuda/include/sm_32_intrinsics.h: In function 'ushort4 __ldcg(const ushort4*)':
/usr/local/cuda/include/sm_32_intrinsics.h:74:25: warning: no return statement in function returning non-void [-Wreturn-type]
   74 | #define __DEF_IF_HOST { }
      |                         ^
/usr/local/cuda/include/sm_32_intrinsics.h:146:62: note: in expansion of macro '__DEF_IF_HOST'
  146 | __SM_32_INTRINSICS_DECL__ ushort4 __ldcg(const ushort4 *ptr) __DEF_IF_HOST
      |                                                              ^~~~~~~~~~~~~
/usr/local/cuda/include/sm_32_intrinsics.h: In function 'uint2 __ldcg(const uint2*)':
/usr/local/cuda/include/sm_32_intrinsics.h:74:25: warning: no return statement in function returning non-void [-Wreturn-type]
   74 | #define __DEF_IF_HOST { }
      |                         ^
/usr/local/cuda/include/sm_32_intrinsics.h:147:58: note: in expansion of macro '__DEF_IF_HOST'
  147 | __SM_32_INTRINSICS_DECL__ uint2 __ldcg(const uint2 *ptr) __DEF_IF_HOST
      |                                                          ^~~~~~~~~~~~~
/usr/local/cuda/include/sm_32_intrinsics.h: In function 'uint4 __ldcg(const uint4*)':
/usr/local/cuda/include/sm_32_intrinsics.h:74:25: warning: no return statement in function returning non-void [-Wreturn-type]
   74 | #define __DEF_IF_HOST { }
      |                         ^
/usr/local/cuda/include/sm_32_intrinsics.h:148:58: note: in expansion of macro '__DEF_IF_HOST'
  148 | __SM_32_INTRINSICS_DECL__ uint4 __ldcg(const uint4 *ptr) __DEF_IF_HOST
      |                                                          ^~~~~~~~~~~~~
/usr/local/cuda/include/sm_32_intrinsics.h: In function 'ulonglong2 __ldcg(const ulonglong2*)':
/usr/local/cuda/include/sm_32_intrinsics.h:74:25: warning: no return statement in function returning non-void [-Wreturn-type]
   74 | #define __DEF_IF_HOST { }
      |                         ^
/usr/local/cuda/include/sm_32_intrinsics.h:149:68: note: in expansion of macro '__DEF_IF_HOST'
  149 | __SM_32_INTRINSICS_DECL__ ulonglong2 __ldcg(const ulonglong2 *ptr) __DEF_IF_HOST
      |                                                                    ^~~~~~~~~~~~~
/usr/local/cuda/include/sm_32_intrinsics.h: In function 'float __ldcg(const float*)':
/usr/local/cuda/include/sm_32_intrinsics.h:74:25: warning: no return statement in function returning non-void [-Wreturn-type]
   74 | #define __DEF_IF_HOST { }
      |                         ^
/usr/local/cuda/include/sm_32_intrinsics.h:151:58: note: in expansion of macro '__DEF_IF_HOST'
  151 | __SM_32_INTRINSICS_DECL__ float __ldcg(const float *ptr) __DEF_IF_HOST
      |                                                          ^~~~~~~~~~~~~
/usr/local/cuda/include/sm_32_intrinsics.h: In function 'double __ldcg(const double*)':
/usr/local/cuda/include/sm_32_intrinsics.h:74:25: warning: no return statement in function returning non-void [-Wreturn-type]
   74 | #define __DEF_IF_HOST { }
      |                         ^
/usr/local/cuda/include/sm_32_intrinsics.h:152:60: note: in expansion of macro '__DEF_IF_HOST'
  152 | __SM_32_INTRINSICS_DECL__ double __ldcg(const double *ptr) __DEF_IF_HOST
      |                                                            ^~~~~~~~~~~~~
/usr/local/cuda/include/sm_32_intrinsics.h: In function 'float2 __ldcg(const float2*)':
/usr/local/cuda/include/sm_32_intrinsics.h:74:25: warning: no return statement in function returning non-void [-Wreturn-type]
   74 | #define __DEF_IF_HOST { }
      |                         ^
/usr/local/cuda/include/sm_32_intrinsics.h:153:60: note: in expansion of macro '__DEF_IF_HOST'
  153 | __SM_32_INTRINSICS_DECL__ float2 __ldcg(const float2 *ptr) __DEF_IF_HOST
      |                                                            ^~~~~~~~~~~~~
/usr/local/cuda/include/sm_32_intrinsics.h: In function 'float4 __ldcg(const float4*)':
/usr/local/cuda/include/sm_32_intrinsics.h:74:25: warning: no return statement in function returning non-void [-Wreturn-type]
   74 | #define __DEF_IF_HOST { }
      |                         ^
/usr/local/cuda/include/sm_32_intrinsics.h:154:60: note: in expansion of macro '__DEF_IF_HOST'
  154 | __SM_32_INTRINSICS_DECL__ float4 __ldcg(const float4 *ptr) __DEF_IF_HOST
      |                                                            ^~~~~~~~~~~~~
/usr/local/cuda/include/sm_32_intrinsics.h: In function 'double2 __ldcg(const double2*)':
/usr/local/cuda/include/sm_32_intrinsics.h:74:25: warning: no return statement in function returning non-void [-Wreturn-type]
   74 | #define __DEF_IF_HOST { }
      |                         ^
/usr/local/cuda/include/sm_32_intrinsics.h:155:62: note: in expansion of macro '__DEF_IF_HOST'
  155 | __SM_32_INTRINSICS_DECL__ double2 __ldcg(const double2 *ptr) __DEF_IF_HOST
      |                                                              ^~~~~~~~~~~~~
/usr/local/cuda/include/sm_32_intrinsics.h: In function 'long int __ldca(const long int*)':
/usr/local/cuda/include/sm_32_intrinsics.h:74:25: warning: no return statement in function returning non-void [-Wreturn-type]
   74 | #define __DEF_IF_HOST { }
      |                         ^
/usr/local/cuda/include/sm_32_intrinsics.h:159:56: note: in expansion of macro '__DEF_IF_HOST'
  159 | __SM_32_INTRINSICS_DECL__ long __ldca(const long *ptr) __DEF_IF_HOST
      |                                                        ^~~~~~~~~~~~~
/usr/local/cuda/include/sm_32_intrinsics.h: In function 'long unsigned int __ldca(const long unsigned int*)':
/usr/local/cuda/include/sm_32_intrinsics.h:74:25: warning: no return statement in function returning non-void [-Wreturn-type]
   74 | #define __DEF_IF_HOST { }
      |                         ^
/usr/local/cuda/include/sm_32_intrinsics.h:160:74: note: in expansion of macro '__DEF_IF_HOST'
  160 | __SM_32_INTRINSICS_DECL__ unsigned long __ldca(const unsigned long *ptr) __DEF_IF_HOST
      |                                                                          ^~~~~~~~~~~~~
/usr/local/cuda/include/sm_32_intrinsics.h: In function 'char __ldca(const char*)':
/usr/local/cuda/include/sm_32_intrinsics.h:74:25: warning: no return statement in function returning non-void [-Wreturn-type]
   74 | #define __DEF_IF_HOST { }
      |                         ^
/usr/local/cuda/include/sm_32_intrinsics.h:162:56: note: in expansion of macro '__DEF_IF_HOST'
  162 | __SM_32_INTRINSICS_DECL__ char __ldca(const char *ptr) __DEF_IF_HOST
      |                                                        ^~~~~~~~~~~~~
/usr/local/cuda/include/sm_32_intrinsics.h: In function 'signed char __ldca(const signed char*)':
/usr/local/cuda/include/sm_32_intrinsics.h:74:25: warning: no return statement in function returning non-void [-Wreturn-type]
   74 | #define __DEF_IF_HOST { }
      |                         ^
/usr/local/cuda/include/sm_32_intrinsics.h:163:70: note: in expansion of macro '__DEF_IF_HOST'
  163 | __SM_32_INTRINSICS_DECL__ signed char __ldca(const signed char *ptr) __DEF_IF_HOST
      |                                                                      ^~~~~~~~~~~~~
/usr/local/cuda/include/sm_32_intrinsics.h: In function 'short int __ldca(const short int*)':
/usr/local/cuda/include/sm_32_intrinsics.h:74:25: warning: no return statement in function returning non-void [-Wreturn-type]
   74 | #define __DEF_IF_HOST { }
      |                         ^
/usr/local/cuda/include/sm_32_intrinsics.h:164:58: note: in expansion of macro '__DEF_IF_HOST'
  164 | __SM_32_INTRINSICS_DECL__ short __ldca(const short *ptr) __DEF_IF_HOST
      |                                                          ^~~~~~~~~~~~~
/usr/local/cuda/include/sm_32_intrinsics.h: In function 'int __ldca(const int*)':
/usr/local/cuda/include/sm_32_intrinsics.h:74:25: warning: no return statement in function returning non-void [-Wreturn-type]
   74 | #define __DEF_IF_HOST { }
      |                         ^
/usr/local/cuda/include/sm_32_intrinsics.h:165:54: note: in expansion of macro '__DEF_IF_HOST'
  165 | __SM_32_INTRINSICS_DECL__ int __ldca(const int *ptr) __DEF_IF_HOST
      |                                                      ^~~~~~~~~~~~~
/usr/local/cuda/include/sm_32_intrinsics.h: In function 'long long int __ldca(const long long int*)':
/usr/local/cuda/include/sm_32_intrinsics.h:74:25: warning: no return statement in function returning non-void [-Wreturn-type]
   74 | #define __DEF_IF_HOST { }
      |                         ^
/usr/local/cuda/include/sm_32_intrinsics.h:166:66: note: in expansion of macro '__DEF_IF_HOST'
  166 | __SM_32_INTRINSICS_DECL__ long long __ldca(const long long *ptr) __DEF_IF_HOST
      |                                                                  ^~~~~~~~~~~~~
/usr/local/cuda/include/sm_32_intrinsics.h: In function 'char2 __ldca(const char2*)':
/usr/local/cuda/include/sm_32_intrinsics.h:74:25: warning: no return statement in function returning non-void [-Wreturn-type]
   74 | #define __DEF_IF_HOST { }
      |                         ^
/usr/local/cuda/include/sm_32_intrinsics.h:167:58: note: in expansion of macro '__DEF_IF_HOST'
  167 | __SM_32_INTRINSICS_DECL__ char2 __ldca(const char2 *ptr) __DEF_IF_HOST
      |                                                          ^~~~~~~~~~~~~
/usr/local/cuda/include/sm_32_intrinsics.h: In function 'char4 __ldca(const char4*)':
/usr/local/cuda/include/sm_32_intrinsics.h:74:25: warning: no return statement in function returning non-void [-Wreturn-type]
   74 | #define __DEF_IF_HOST { }
      |                         ^
/usr/local/cuda/include/sm_32_intrinsics.h:168:58: note: in expansion of macro '__DEF_IF_HOST'
  168 | __SM_32_INTRINSICS_DECL__ char4 __ldca(const char4 *ptr) __DEF_IF_HOST
      |                                                          ^~~~~~~~~~~~~
/usr/local/cuda/include/sm_32_intrinsics.h: In function 'short2 __ldca(const short2*)':
/usr/local/cuda/include/sm_32_intrinsics.h:74:25: warning: no return statement in function returning non-void [-Wreturn-type]
   74 | #define __DEF_IF_HOST { }
      |                         ^
/usr/local/cuda/include/sm_32_intrinsics.h:169:60: note: in expansion of macro '__DEF_IF_HOST'
  169 | __SM_32_INTRINSICS_DECL__ short2 __ldca(const short2 *ptr) __DEF_IF_HOST
      |                                                            ^~~~~~~~~~~~~
/usr/local/cuda/include/sm_32_intrinsics.h: In function 'short4 __ldca(const short4*)':
/usr/local/cuda/include/sm_32_intrinsics.h:74:25: warning: no return statement in function returning non-void [-Wreturn-type]
   74 | #define __DEF_IF_HOST { }
      |                         ^
/usr/local/cuda/include/sm_32_intrinsics.h:170:60: note: in expansion of macro '__DEF_IF_HOST'
  170 | __SM_32_INTRINSICS_DECL__ short4 __ldca(const short4 *ptr) __DEF_IF_HOST
      |                                                            ^~~~~~~~~~~~~
/usr/local/cuda/include/sm_32_intrinsics.h: In function 'int2 __ldca(const int2*)':
/usr/local/cuda/include/sm_32_intrinsics.h:74:25: warning: no return statement in function returning non-void [-Wreturn-type]
   74 | #define __DEF_IF_HOST { }
      |                         ^
/usr/local/cuda/include/sm_32_intrinsics.h:171:56: note: in expansion of macro '__DEF_IF_HOST'
  171 | __SM_32_INTRINSICS_DECL__ int2 __ldca(const int2 *ptr) __DEF_IF_HOST
      |                                                        ^~~~~~~~~~~~~
/usr/local/cuda/include/sm_32_intrinsics.h: In function 'int4 __ldca(const int4*)':
/usr/local/cuda/include/sm_32_intrinsics.h:74:25: warning: no return statement in function returning non-void [-Wreturn-type]
   74 | #define __DEF_IF_HOST { }
      |                         ^
/usr/local/cuda/include/sm_32_intrinsics.h:172:56: note: in expansion of macro '__DEF_IF_HOST'
  172 | __SM_32_INTRINSICS_DECL__ int4 __ldca(const int4 *ptr) __DEF_IF_HOST
      |                                                        ^~~~~~~~~~~~~
/usr/local/cuda/include/sm_32_intrinsics.h: In function 'longlong2 __ldca(const longlong2*)':
/usr/local/cuda/include/sm_32_intrinsics.h:74:25: warning: no return statement in function returning non-void [-Wreturn-type]
   74 | #define __DEF_IF_HOST { }
      |                         ^
/usr/local/cuda/include/sm_32_intrinsics.h:173:66: note: in expansion of macro '__DEF_IF_HOST'
  173 | __SM_32_INTRINSICS_DECL__ longlong2 __ldca(const longlong2 *ptr) __DEF_IF_HOST
      |                                                                  ^~~~~~~~~~~~~
/usr/local/cuda/include/sm_32_intrinsics.h: In function 'unsigned char __ldca(const unsigned char*)':
/usr/local/cuda/include/sm_32_intrinsics.h:74:25: warning: no return statement in function returning non-void [-Wreturn-type]
   74 | #define __DEF_IF_HOST { }
      |                         ^
/usr/local/cuda/include/sm_32_intrinsics.h:175:74: note: in expansion of macro '__DEF_IF_HOST'
  175 | __SM_32_INTRINSICS_DECL__ unsigned char __ldca(const unsigned char *ptr) __DEF_IF_HOST
      |                                                                          ^~~~~~~~~~~~~
/usr/local/cuda/include/sm_32_intrinsics.h: In function 'short unsigned int __ldca(const short unsigned int*)':
/usr/local/cuda/include/sm_32_intrinsics.h:74:25: warning: no return statement in function returning non-void [-Wreturn-type]
   74 | #define __DEF_IF_HOST { }
      |                         ^
/usr/local/cuda/include/sm_32_intrinsics.h:176:76: note: in expansion of macro '__DEF_IF_HOST'
  176 | __SM_32_INTRINSICS_DECL__ unsigned short __ldca(const unsigned short *ptr) __DEF_IF_HOST
      |                                                                            ^~~~~~~~~~~~~
/usr/local/cuda/include/sm_32_intrinsics.h: In function 'unsigned int __ldca(const unsigned int*)':
/usr/local/cuda/include/sm_32_intrinsics.h:74:25: warning: no return statement in function returning non-void [-Wreturn-type]
   74 | #define __DEF_IF_HOST { }
      |                         ^
/usr/local/cuda/include/sm_32_intrinsics.h:177:72: note: in expansion of macro '__DEF_IF_HOST'
  177 | __SM_32_INTRINSICS_DECL__ unsigned int __ldca(const unsigned int *ptr) __DEF_IF_HOST
      |                                                                        ^~~~~~~~~~~~~
/usr/local/cuda/include/sm_32_intrinsics.h: In function 'long long unsigned int __ldca(const long long unsigned int*)':
/usr/local/cuda/include/sm_32_intrinsics.h:74:25: warning: no return statement in function returning non-void [-Wreturn-type]
   74 | #define __DEF_IF_HOST { }
      |                         ^
/usr/local/cuda/include/sm_32_intrinsics.h:178:84: note: in expansion of macro '__DEF_IF_HOST'
  178 | __SM_32_INTRINSICS_DECL__ unsigned long long __ldca(const unsigned long long *ptr) __DEF_IF_HOST
      |                                                                                    ^~~~~~~~~~~~~
/usr/local/cuda/include/sm_32_intrinsics.h: In function 'uchar2 __ldca(const uchar2*)':
/usr/local/cuda/include/sm_32_intrinsics.h:74:25: warning: no return statement in function returning non-void [-Wreturn-type]
   74 | #define __DEF_IF_HOST { }
      |                         ^
/usr/local/cuda/include/sm_32_intrinsics.h:179:60: note: in expansion of macro '__DEF_IF_HOST'
  179 | __SM_32_INTRINSICS_DECL__ uchar2 __ldca(const uchar2 *ptr) __DEF_IF_HOST
      |                                                            ^~~~~~~~~~~~~
/usr/local/cuda/include/sm_32_intrinsics.h: In function 'uchar4 __ldca(const uchar4*)':
/usr/local/cuda/include/sm_32_intrinsics.h:74:25: warning: no return statement in function returning non-void [-Wreturn-type]
   74 | #define __DEF_IF_HOST { }
      |                         ^
/usr/local/cuda/include/sm_32_intrinsics.h:180:60: note: in expansion of macro '__DEF_IF_HOST'
  180 | __SM_32_INTRINSICS_DECL__ uchar4 __ldca(const uchar4 *ptr) __DEF_IF_HOST
      |                                                            ^~~~~~~~~~~~~
/usr/local/cuda/include/sm_32_intrinsics.h: In function 'ushort2 __ldca(const ushort2*)':
/usr/local/cuda/include/sm_32_intrinsics.h:74:25: warning: no return statement in function returning non-void [-Wreturn-type]
   74 | #define __DEF_IF_HOST { }
      |                         ^
/usr/local/cuda/include/sm_32_intrinsics.h:181:62: note: in expansion of macro '__DEF_IF_HOST'
  181 | __SM_32_INTRINSICS_DECL__ ushort2 __ldca(const ushort2 *ptr) __DEF_IF_HOST
      |                                                              ^~~~~~~~~~~~~
/usr/local/cuda/include/sm_32_intrinsics.h: In function 'ushort4 __ldca(const ushort4*)':
/usr/local/cuda/include/sm_32_intrinsics.h:74:25: warning: no return statement in function returning non-void [-Wreturn-type]
   74 | #define __DEF_IF_HOST { }
      |                         ^
/usr/local/cuda/include/sm_32_intrinsics.h:182:62: note: in expansion of macro '__DEF_IF_HOST'
  182 | __SM_32_INTRINSICS_DECL__ ushort4 __ldca(const ushort4 *ptr) __DEF_IF_HOST
      |                                                              ^~~~~~~~~~~~~
/usr/local/cuda/include/sm_32_intrinsics.h: In function 'uint2 __ldca(const uint2*)':
/usr/local/cuda/include/sm_32_intrinsics.h:74:25: warning: no return statement in function returning non-void [-Wreturn-type]
   74 | #define __DEF_IF_HOST { }
      |                         ^
/usr/local/cuda/include/sm_32_intrinsics.h:183:58: note: in expansion of macro '__DEF_IF_HOST'
  183 | __SM_32_INTRINSICS_DECL__ uint2 __ldca(const uint2 *ptr) __DEF_IF_HOST
      |                                                          ^~~~~~~~~~~~~
/usr/local/cuda/include/sm_32_intrinsics.h: In function 'uint4 __ldca(const uint4*)':
/usr/local/cuda/include/sm_32_intrinsics.h:74:25: warning: no return statement in function returning non-void [-Wreturn-type]
   74 | #define __DEF_IF_HOST { }
      |                         ^
/usr/local/cuda/include/sm_32_intrinsics.h:184:58: note: in expansion of macro '__DEF_IF_HOST'
  184 | __SM_32_INTRINSICS_DECL__ uint4 __ldca(const uint4 *ptr) __DEF_IF_HOST
      |                                                          ^~~~~~~~~~~~~
/usr/local/cuda/include/sm_32_intrinsics.h: In function 'ulonglong2 __ldca(const ulonglong2*)':
/usr/local/cuda/include/sm_32_intrinsics.h:74:25: warning: no return statement in function returning non-void [-Wreturn-type]
   74 | #define __DEF_IF_HOST { }
      |                         ^
/usr/local/cuda/include/sm_32_intrinsics.h:185:68: note: in expansion of macro '__DEF_IF_HOST'
  185 | __SM_32_INTRINSICS_DECL__ ulonglong2 __ldca(const ulonglong2 *ptr) __DEF_IF_HOST
      |                                                                    ^~~~~~~~~~~~~
/usr/local/cuda/include/sm_32_intrinsics.h: In function 'float __ldca(const float*)':
/usr/local/cuda/include/sm_32_intrinsics.h:74:25: warning: no return statement in function returning non-void [-Wreturn-type]
   74 | #define __DEF_IF_HOST { }
      |                         ^
/usr/local/cuda/include/sm_32_intrinsics.h:187:58: note: in expansion of macro '__DEF_IF_HOST'
  187 | __SM_32_INTRINSICS_DECL__ float __ldca(const float *ptr) __DEF_IF_HOST
      |                                                          ^~~~~~~~~~~~~
/usr/local/cuda/include/sm_32_intrinsics.h: In function 'double __ldca(const double*)':
/usr/local/cuda/include/sm_32_intrinsics.h:74:25: warning: no return statement in function returning non-void [-Wreturn-type]
   74 | #define __DEF_IF_HOST { }
      |                         ^
/usr/local/cuda/include/sm_32_intrinsics.h:188:60: note: in expansion of macro '__DEF_IF_HOST'
  188 | __SM_32_INTRINSICS_DECL__ double __ldca(const double *ptr) __DEF_IF_HOST
      |                                                            ^~~~~~~~~~~~~
/usr/local/cuda/include/sm_32_intrinsics.h: In function 'float2 __ldca(const float2*)':
/usr/local/cuda/include/sm_32_intrinsics.h:74:25: warning: no return statement in function returning non-void [-Wreturn-type]
   74 | #define __DEF_IF_HOST { }
      |                         ^
/usr/local/cuda/include/sm_32_intrinsics.h:189:60: note: in expansion of macro '__DEF_IF_HOST'
  189 | __SM_32_INTRINSICS_DECL__ float2 __ldca(const float2 *ptr) __DEF_IF_HOST
      |                                                            ^~~~~~~~~~~~~
/usr/local/cuda/include/sm_32_intrinsics.h: In function 'float4 __ldca(const float4*)':
/usr/local/cuda/include/sm_32_intrinsics.h:74:25: warning: no return statement in function returning non-void [-Wreturn-type]
   74 | #define __DEF_IF_HOST { }
      |                         ^
/usr/local/cuda/include/sm_32_intrinsics.h:190:60: note: in expansion of macro '__DEF_IF_HOST'
  190 | __SM_32_INTRINSICS_DECL__ float4 __ldca(const float4 *ptr) __DEF_IF_HOST
      |                                                            ^~~~~~~~~~~~~
/usr/local/cuda/include/sm_32_intrinsics.h: In function 'double2 __ldca(const double2*)':
/usr/local/cuda/include/sm_32_intrinsics.h:74:25: warning: no return statement in function returning non-void [-Wreturn-type]
   74 | #define __DEF_IF_HOST { }
      |                         ^
/usr/local/cuda/include/sm_32_intrinsics.h:191:62: note: in expansion of macro '__DEF_IF_HOST'
  191 | __SM_32_INTRINSICS_DECL__ double2 __ldca(const double2 *ptr) __DEF_IF_HOST
      |                                                              ^~~~~~~~~~~~~
/usr/local/cuda/include/sm_32_intrinsics.h: In function 'long int __ldcs(const long int*)':
/usr/local/cuda/include/sm_32_intrinsics.h:74:25: warning: no return statement in function returning non-void [-Wreturn-type]
   74 | #define __DEF_IF_HOST { }
      |                         ^
/usr/local/cuda/include/sm_32_intrinsics.h:195:56: note: in expansion of macro '__DEF_IF_HOST'
  195 | __SM_32_INTRINSICS_DECL__ long __ldcs(const long *ptr) __DEF_IF_HOST
      |                                                        ^~~~~~~~~~~~~
/usr/local/cuda/include/sm_32_intrinsics.h: In function 'long unsigned int __ldcs(const long unsigned int*)':
/usr/local/cuda/include/sm_32_intrinsics.h:74:25: warning: no return statement in function returning non-void [-Wreturn-type]
   74 | #define __DEF_IF_HOST { }
      |                         ^
/usr/local/cuda/include/sm_32_intrinsics.h:196:74: note: in expansion of macro '__DEF_IF_HOST'
  196 | __SM_32_INTRINSICS_DECL__ unsigned long __ldcs(const unsigned long *ptr) __DEF_IF_HOST
      |                                                                          ^~~~~~~~~~~~~
/usr/local/cuda/include/sm_32_intrinsics.h: In function 'char __ldcs(const char*)':
/usr/local/cuda/include/sm_32_intrinsics.h:74:25: warning: no return statement in function returning non-void [-Wreturn-type]
   74 | #define __DEF_IF_HOST { }
      |                         ^
/usr/local/cuda/include/sm_32_intrinsics.h:198:56: note: in expansion of macro '__DEF_IF_HOST'
  198 | __SM_32_INTRINSICS_DECL__ char __ldcs(const char *ptr) __DEF_IF_HOST
      |                                                        ^~~~~~~~~~~~~
/usr/local/cuda/include/sm_32_intrinsics.h: In function 'signed char __ldcs(const signed char*)':
/usr/local/cuda/include/sm_32_intrinsics.h:74:25: warning: no return statement in function returning non-void [-Wreturn-type]
   74 | #define __DEF_IF_HOST { }
      |                         ^
/usr/local/cuda/include/sm_32_intrinsics.h:199:70: note: in expansion of macro '__DEF_IF_HOST'
  199 | __SM_32_INTRINSICS_DECL__ signed char __ldcs(const signed char *ptr) __DEF_IF_HOST
      |                                                                      ^~~~~~~~~~~~~
/usr/local/cuda/include/sm_32_intrinsics.h: In function 'short int __ldcs(const short int*)':
/usr/local/cuda/include/sm_32_intrinsics.h:74:25: warning: no return statement in function returning non-void [-Wreturn-type]
   74 | #define __DEF_IF_HOST { }
      |                         ^
/usr/local/cuda/include/sm_32_intrinsics.h:200:58: note: in expansion of macro '__DEF_IF_HOST'
  200 | __SM_32_INTRINSICS_DECL__ short __ldcs(const short *ptr) __DEF_IF_HOST
      |                                                          ^~~~~~~~~~~~~
/usr/local/cuda/include/sm_32_intrinsics.h: In function 'int __ldcs(const int*)':
/usr/local/cuda/include/sm_32_intrinsics.h:74:25: warning: no return statement in function returning non-void [-Wreturn-type]
   74 | #define __DEF_IF_HOST { }
      |                         ^
/usr/local/cuda/include/sm_32_intrinsics.h:201:54: note: in expansion of macro '__DEF_IF_HOST'
  201 | __SM_32_INTRINSICS_DECL__ int __ldcs(const int *ptr) __DEF_IF_HOST
      |                                                      ^~~~~~~~~~~~~
/usr/local/cuda/include/sm_32_intrinsics.h: In function 'long long int __ldcs(const long long int*)':
/usr/local/cuda/include/sm_32_intrinsics.h:74:25: warning: no return statement in function returning non-void [-Wreturn-type]
   74 | #define __DEF_IF_HOST { }
      |                         ^
/usr/local/cuda/include/sm_32_intrinsics.h:202:66: note: in expansion of macro '__DEF_IF_HOST'
  202 | __SM_32_INTRINSICS_DECL__ long long __ldcs(const long long *ptr) __DEF_IF_HOST
      |                                                                  ^~~~~~~~~~~~~
/usr/local/cuda/include/sm_32_intrinsics.h: In function 'char2 __ldcs(const char2*)':
/usr/local/cuda/include/sm_32_intrinsics.h:74:25: warning: no return statement in function returning non-void [-Wreturn-type]
   74 | #define __DEF_IF_HOST { }
      |                         ^
/usr/local/cuda/include/sm_32_intrinsics.h:203:58: note: in expansion of macro '__DEF_IF_HOST'
  203 | __SM_32_INTRINSICS_DECL__ char2 __ldcs(const char2 *ptr) __DEF_IF_HOST
      |                                                          ^~~~~~~~~~~~~
/usr/local/cuda/include/sm_32_intrinsics.h: In function 'char4 __ldcs(const char4*)':
/usr/local/cuda/include/sm_32_intrinsics.h:74:25: warning: no return statement in function returning non-void [-Wreturn-type]
   74 | #define __DEF_IF_HOST { }
      |                         ^
/usr/local/cuda/include/sm_32_intrinsics.h:204:58: note: in expansion of macro '__DEF_IF_HOST'
  204 | __SM_32_INTRINSICS_DECL__ char4 __ldcs(const char4 *ptr) __DEF_IF_HOST
      |                                                          ^~~~~~~~~~~~~
/usr/local/cuda/include/sm_32_intrinsics.h: In function 'short2 __ldcs(const short2*)':
/usr/local/cuda/include/sm_32_intrinsics.h:74:25: warning: no return statement in function returning non-void [-Wreturn-type]
   74 | #define __DEF_IF_HOST { }
      |                         ^
/usr/local/cuda/include/sm_32_intrinsics.h:205:60: note: in expansion of macro '__DEF_IF_HOST'
  205 | __SM_32_INTRINSICS_DECL__ short2 __ldcs(const short2 *ptr) __DEF_IF_HOST
      |                                                            ^~~~~~~~~~~~~
/usr/local/cuda/include/sm_32_intrinsics.h: In function 'short4 __ldcs(const short4*)':
/usr/local/cuda/include/sm_32_intrinsics.h:74:25: warning: no return statement in function returning non-void [-Wreturn-type]
   74 | #define __DEF_IF_HOST { }
      |                         ^
/usr/local/cuda/include/sm_32_intrinsics.h:206:60: note: in expansion of macro '__DEF_IF_HOST'
  206 | __SM_32_INTRINSICS_DECL__ short4 __ldcs(const short4 *ptr) __DEF_IF_HOST
      |                                                            ^~~~~~~~~~~~~
/usr/local/cuda/include/sm_32_intrinsics.h: In function 'int2 __ldcs(const int2*)':
/usr/local/cuda/include/sm_32_intrinsics.h:74:25: warning: no return statement in function returning non-void [-Wreturn-type]
   74 | #define __DEF_IF_HOST { }
      |                         ^
/usr/local/cuda/include/sm_32_intrinsics.h:207:56: note: in expansion of macro '__DEF_IF_HOST'
  207 | __SM_32_INTRINSICS_DECL__ int2 __ldcs(const int2 *ptr) __DEF_IF_HOST
      |                                                        ^~~~~~~~~~~~~
/usr/local/cuda/include/sm_32_intrinsics.h: In function 'int4 __ldcs(const int4*)':
/usr/local/cuda/include/sm_32_intrinsics.h:74:25: warning: no return statement in function returning non-void [-Wreturn-type]
   74 | #define __DEF_IF_HOST { }
      |                         ^
/usr/local/cuda/include/sm_32_intrinsics.h:208:56: note: in expansion of macro '__DEF_IF_HOST'
  208 | __SM_32_INTRINSICS_DECL__ int4 __ldcs(const int4 *ptr) __DEF_IF_HOST
      |                                                        ^~~~~~~~~~~~~
/usr/local/cuda/include/sm_32_intrinsics.h: In function 'longlong2 __ldcs(const longlong2*)':
/usr/local/cuda/include/sm_32_intrinsics.h:74:25: warning: no return statement in function returning non-void [-Wreturn-type]
   74 | #define __DEF_IF_HOST { }
      |                         ^
/usr/local/cuda/include/sm_32_intrinsics.h:209:66: note: in expansion of macro '__DEF_IF_HOST'
  209 | __SM_32_INTRINSICS_DECL__ longlong2 __ldcs(const longlong2 *ptr) __DEF_IF_HOST
      |                                                                  ^~~~~~~~~~~~~
/usr/local/cuda/include/sm_32_intrinsics.h: In function 'unsigned char __ldcs(const unsigned char*)':
/usr/local/cuda/include/sm_32_intrinsics.h:74:25: warning: no return statement in function returning non-void [-Wreturn-type]
   74 | #define __DEF_IF_HOST { }
      |                         ^
/usr/local/cuda/include/sm_32_intrinsics.h:211:74: note: in expansion of macro '__DEF_IF_HOST'
  211 | __SM_32_INTRINSICS_DECL__ unsigned char __ldcs(const unsigned char *ptr) __DEF_IF_HOST
      |                                                                          ^~~~~~~~~~~~~
/usr/local/cuda/include/sm_32_intrinsics.h: In function 'short unsigned int __ldcs(const short unsigned int*)':
/usr/local/cuda/include/sm_32_intrinsics.h:74:25: warning: no return statement in function returning non-void [-Wreturn-type]
   74 | #define __DEF_IF_HOST { }
      |                         ^
/usr/local/cuda/include/sm_32_intrinsics.h:212:76: note: in expansion of macro '__DEF_IF_HOST'
  212 | __SM_32_INTRINSICS_DECL__ unsigned short __ldcs(const unsigned short *ptr) __DEF_IF_HOST
      |                                                                            ^~~~~~~~~~~~~
/usr/local/cuda/include/sm_32_intrinsics.h: In function 'unsigned int __ldcs(const unsigned int*)':
/usr/local/cuda/include/sm_32_intrinsics.h:74:25: warning: no return statement in function returning non-void [-Wreturn-type]
   74 | #define __DEF_IF_HOST { }
      |                         ^
/usr/local/cuda/include/sm_32_intrinsics.h:213:72: note: in expansion of macro '__DEF_IF_HOST'
  213 | __SM_32_INTRINSICS_DECL__ unsigned int __ldcs(const unsigned int *ptr) __DEF_IF_HOST
      |                                                                        ^~~~~~~~~~~~~
/usr/local/cuda/include/sm_32_intrinsics.h: In function 'long long unsigned int __ldcs(const long long unsigned int*)':
/usr/local/cuda/include/sm_32_intrinsics.h:74:25: warning: no return statement in function returning non-void [-Wreturn-type]
   74 | #define __DEF_IF_HOST { }
      |                         ^
/usr/local/cuda/include/sm_32_intrinsics.h:214:84: note: in expansion of macro '__DEF_IF_HOST'
  214 | __SM_32_INTRINSICS_DECL__ unsigned long long __ldcs(const unsigned long long *ptr) __DEF_IF_HOST
      |                                                                                    ^~~~~~~~~~~~~
/usr/local/cuda/include/sm_32_intrinsics.h: In function 'uchar2 __ldcs(const uchar2*)':
/usr/local/cuda/include/sm_32_intrinsics.h:74:25: warning: no return statement in function returning non-void [-Wreturn-type]
   74 | #define __DEF_IF_HOST { }
      |                         ^
/usr/local/cuda/include/sm_32_intrinsics.h:215:60: note: in expansion of macro '__DEF_IF_HOST'
  215 | __SM_32_INTRINSICS_DECL__ uchar2 __ldcs(const uchar2 *ptr) __DEF_IF_HOST
      |                                                            ^~~~~~~~~~~~~
/usr/local/cuda/include/sm_32_intrinsics.h: In function 'uchar4 __ldcs(const uchar4*)':
/usr/local/cuda/include/sm_32_intrinsics.h:74:25: warning: no return statement in function returning non-void [-Wreturn-type]
   74 | #define __DEF_IF_HOST { }
      |                         ^
/usr/local/cuda/include/sm_32_intrinsics.h:216:60: note: in expansion of macro '__DEF_IF_HOST'
  216 | __SM_32_INTRINSICS_DECL__ uchar4 __ldcs(const uchar4 *ptr) __DEF_IF_HOST
      |                                                            ^~~~~~~~~~~~~
/usr/local/cuda/include/sm_32_intrinsics.h: In function 'ushort2 __ldcs(const ushort2*)':
/usr/local/cuda/include/sm_32_intrinsics.h:74:25: warning: no return statement in function returning non-void [-Wreturn-type]
   74 | #define __DEF_IF_HOST { }
      |                         ^
/usr/local/cuda/include/sm_32_intrinsics.h:217:62: note: in expansion of macro '__DEF_IF_HOST'
  217 | __SM_32_INTRINSICS_DECL__ ushort2 __ldcs(const ushort2 *ptr) __DEF_IF_HOST
      |                                                              ^~~~~~~~~~~~~
/usr/local/cuda/include/sm_32_intrinsics.h: In function 'ushort4 __ldcs(const ushort4*)':
/usr/local/cuda/include/sm_32_intrinsics.h:74:25: warning: no return statement in function returning non-void [-Wreturn-type]
   74 | #define __DEF_IF_HOST { }
      |                         ^
/usr/local/cuda/include/sm_32_intrinsics.h:218:62: note: in expansion of macro '__DEF_IF_HOST'
  218 | __SM_32_INTRINSICS_DECL__ ushort4 __ldcs(const ushort4 *ptr) __DEF_IF_HOST
      |                                                              ^~~~~~~~~~~~~
/usr/local/cuda/include/sm_32_intrinsics.h: In function 'uint2 __ldcs(const uint2*)':
/usr/local/cuda/include/sm_32_intrinsics.h:74:25: warning: no return statement in function returning non-void [-Wreturn-type]
   74 | #define __DEF_IF_HOST { }
      |                         ^
/usr/local/cuda/include/sm_32_intrinsics.h:219:58: note: in expansion of macro '__DEF_IF_HOST'
  219 | __SM_32_INTRINSICS_DECL__ uint2 __ldcs(const uint2 *ptr) __DEF_IF_HOST
      |                                                          ^~~~~~~~~~~~~
/usr/local/cuda/include/sm_32_intrinsics.h: In function 'uint4 __ldcs(const uint4*)':
/usr/local/cuda/include/sm_32_intrinsics.h:74:25: warning: no return statement in function returning non-void [-Wreturn-type]
   74 | #define __DEF_IF_HOST { }
      |                         ^
/usr/local/cuda/include/sm_32_intrinsics.h:220:58: note: in expansion of macro '__DEF_IF_HOST'
  220 | __SM_32_INTRINSICS_DECL__ uint4 __ldcs(const uint4 *ptr) __DEF_IF_HOST
      |                                                          ^~~~~~~~~~~~~
/usr/local/cuda/include/sm_32_intrinsics.h: In function 'ulonglong2 __ldcs(const ulonglong2*)':
/usr/local/cuda/include/sm_32_intrinsics.h:74:25: warning: no return statement in function returning non-void [-Wreturn-type]
   74 | #define __DEF_IF_HOST { }
      |                         ^
/usr/local/cuda/include/sm_32_intrinsics.h:221:68: note: in expansion of macro '__DEF_IF_HOST'
  221 | __SM_32_INTRINSICS_DECL__ ulonglong2 __ldcs(const ulonglong2 *ptr) __DEF_IF_HOST
      |                                                                    ^~~~~~~~~~~~~
/usr/local/cuda/include/sm_32_intrinsics.h: In function 'float __ldcs(const float*)':
/usr/local/cuda/include/sm_32_intrinsics.h:74:25: warning: no return statement in function returning non-void [-Wreturn-type]
   74 | #define __DEF_IF_HOST { }
      |                         ^
/usr/local/cuda/include/sm_32_intrinsics.h:223:58: note: in expansion of macro '__DEF_IF_HOST'
  223 | __SM_32_INTRINSICS_DECL__ float __ldcs(const float *ptr) __DEF_IF_HOST
      |                                                          ^~~~~~~~~~~~~
/usr/local/cuda/include/sm_32_intrinsics.h: In function 'double __ldcs(const double*)':
/usr/local/cuda/include/sm_32_intrinsics.h:74:25: warning: no return statement in function returning non-void [-Wreturn-type]
   74 | #define __DEF_IF_HOST { }
      |                         ^
/usr/local/cuda/include/sm_32_intrinsics.h:224:60: note: in expansion of macro '__DEF_IF_HOST'
  224 | __SM_32_INTRINSICS_DECL__ double __ldcs(const double *ptr) __DEF_IF_HOST
      |                                                            ^~~~~~~~~~~~~
/usr/local/cuda/include/sm_32_intrinsics.h: In function 'float2 __ldcs(const float2*)':
/usr/local/cuda/include/sm_32_intrinsics.h:74:25: warning: no return statement in function returning non-void [-Wreturn-type]
   74 | #define __DEF_IF_HOST { }
      |                         ^
/usr/local/cuda/include/sm_32_intrinsics.h:225:60: note: in expansion of macro '__DEF_IF_HOST'
  225 | __SM_32_INTRINSICS_DECL__ float2 __ldcs(const float2 *ptr) __DEF_IF_HOST
      |                                                            ^~~~~~~~~~~~~
/usr/local/cuda/include/sm_32_intrinsics.h: In function 'float4 __ldcs(const float4*)':
/usr/local/cuda/include/sm_32_intrinsics.h:74:25: warning: no return statement in function returning non-void [-Wreturn-type]
   74 | #define __DEF_IF_HOST { }
      |                         ^
/usr/local/cuda/include/sm_32_intrinsics.h:226:60: note: in expansion of macro '__DEF_IF_HOST'
  226 | __SM_32_INTRINSICS_DECL__ float4 __ldcs(const float4 *ptr) __DEF_IF_HOST
      |                                                            ^~~~~~~~~~~~~
/usr/local/cuda/include/sm_32_intrinsics.h: In function 'double2 __ldcs(const double2*)':
/usr/local/cuda/include/sm_32_intrinsics.h:74:25: warning: no return statement in function returning non-void [-Wreturn-type]
   74 | #define __DEF_IF_HOST { }
      |                         ^
/usr/local/cuda/include/sm_32_intrinsics.h:227:62: note: in expansion of macro '__DEF_IF_HOST'
  227 | __SM_32_INTRINSICS_DECL__ double2 __ldcs(const double2 *ptr) __DEF_IF_HOST
      |                                                              ^~~~~~~~~~~~~
/usr/local/cuda/include/sm_32_intrinsics.h: In function 'long int __ldlu(const long int*)':
/usr/local/cuda/include/sm_32_intrinsics.h:74:25: warning: no return statement in function returning non-void [-Wreturn-type]
   74 | #define __DEF_IF_HOST { }
      |                         ^
/usr/local/cuda/include/sm_32_intrinsics.h:231:56: note: in expansion of macro '__DEF_IF_HOST'
  231 | __SM_32_INTRINSICS_DECL__ long __ldlu(const long *ptr) __DEF_IF_HOST
      |                                                        ^~~~~~~~~~~~~
/usr/local/cuda/include/sm_32_intrinsics.h: In function 'long unsigned int __ldlu(const long unsigned int*)':
/usr/local/cuda/include/sm_32_intrinsics.h:74:25: warning: no return statement in function returning non-void [-Wreturn-type]
   74 | #define __DEF_IF_HOST { }
      |                         ^
/usr/local/cuda/include/sm_32_intrinsics.h:232:74: note: in expansion of macro '__DEF_IF_HOST'
  232 | __SM_32_INTRINSICS_DECL__ unsigned long __ldlu(const unsigned long *ptr) __DEF_IF_HOST
      |                                                                          ^~~~~~~~~~~~~
/usr/local/cuda/include/sm_32_intrinsics.h: In function 'char __ldlu(const char*)':
/usr/local/cuda/include/sm_32_intrinsics.h:74:25: warning: no return statement in function returning non-void [-Wreturn-type]
   74 | #define __DEF_IF_HOST { }
      |                         ^
/usr/local/cuda/include/sm_32_intrinsics.h:234:56: note: in expansion of macro '__DEF_IF_HOST'
  234 | __SM_32_INTRINSICS_DECL__ char __ldlu(const char *ptr) __DEF_IF_HOST
      |                                                        ^~~~~~~~~~~~~
/usr/local/cuda/include/sm_32_intrinsics.h: In function 'signed char __ldlu(const signed char*)':
/usr/local/cuda/include/sm_32_intrinsics.h:74:25: warning: no return statement in function returning non-void [-Wreturn-type]
   74 | #define __DEF_IF_HOST { }
      |                         ^
/usr/local/cuda/include/sm_32_intrinsics.h:235:70: note: in expansion of macro '__DEF_IF_HOST'
  235 | __SM_32_INTRINSICS_DECL__ signed char __ldlu(const signed char *ptr) __DEF_IF_HOST
      |                                                                      ^~~~~~~~~~~~~
/usr/local/cuda/include/sm_32_intrinsics.h: In function 'short int __ldlu(const short int*)':
/usr/local/cuda/include/sm_32_intrinsics.h:74:25: warning: no return statement in function returning non-void [-Wreturn-type]
   74 | #define __DEF_IF_HOST { }
      |                         ^
/usr/local/cuda/include/sm_32_intrinsics.h:236:58: note: in expansion of macro '__DEF_IF_HOST'
  236 | __SM_32_INTRINSICS_DECL__ short __ldlu(const short *ptr) __DEF_IF_HOST
      |                                                          ^~~~~~~~~~~~~
/usr/local/cuda/include/sm_32_intrinsics.h: In function 'int __ldlu(const int*)':
/usr/local/cuda/include/sm_32_intrinsics.h:74:25: warning: no return statement in function returning non-void [-Wreturn-type]
   74 | #define __DEF_IF_HOST { }
      |                         ^
/usr/local/cuda/include/sm_32_intrinsics.h:237:54: note: in expansion of macro '__DEF_IF_HOST'
  237 | __SM_32_INTRINSICS_DECL__ int __ldlu(const int *ptr) __DEF_IF_HOST
      |                                                      ^~~~~~~~~~~~~
/usr/local/cuda/include/sm_32_intrinsics.h: In function 'long long int __ldlu(const long long int*)':
/usr/local/cuda/include/sm_32_intrinsics.h:74:25: warning: no return statement in function returning non-void [-Wreturn-type]
   74 | #define __DEF_IF_HOST { }
      |                         ^
/usr/local/cuda/include/sm_32_intrinsics.h:238:66: note: in expansion of macro '__DEF_IF_HOST'
  238 | __SM_32_INTRINSICS_DECL__ long long __ldlu(const long long *ptr) __DEF_IF_HOST
      |                                                                  ^~~~~~~~~~~~~
/usr/local/cuda/include/sm_32_intrinsics.h: In function 'char2 __ldlu(const char2*)':
/usr/local/cuda/include/sm_32_intrinsics.h:74:25: warning: no return statement in function returning non-void [-Wreturn-type]
   74 | #define __DEF_IF_HOST { }
      |                         ^
/usr/local/cuda/include/sm_32_intrinsics.h:239:58: note: in expansion of macro '__DEF_IF_HOST'
  239 | __SM_32_INTRINSICS_DECL__ char2 __ldlu(const char2 *ptr) __DEF_IF_HOST
      |                                                          ^~~~~~~~~~~~~
/usr/local/cuda/include/sm_32_intrinsics.h: In function 'char4 __ldlu(const char4*)':
/usr/local/cuda/include/sm_32_intrinsics.h:74:25: warning: no return statement in function returning non-void [-Wreturn-type]
   74 | #define __DEF_IF_HOST { }
      |                         ^
/usr/local/cuda/include/sm_32_intrinsics.h:240:58: note: in expansion of macro '__DEF_IF_HOST'
  240 | __SM_32_INTRINSICS_DECL__ char4 __ldlu(const char4 *ptr) __DEF_IF_HOST
      |                                                          ^~~~~~~~~~~~~
/usr/local/cuda/include/sm_32_intrinsics.h: In function 'short2 __ldlu(const short2*)':
/usr/local/cuda/include/sm_32_intrinsics.h:74:25: warning: no return statement in function returning non-void [-Wreturn-type]
   74 | #define __DEF_IF_HOST { }
      |                         ^
/usr/local/cuda/include/sm_32_intrinsics.h:241:60: note: in expansion of macro '__DEF_IF_HOST'
  241 | __SM_32_INTRINSICS_DECL__ short2 __ldlu(const short2 *ptr) __DEF_IF_HOST
      |                                                            ^~~~~~~~~~~~~
/usr/local/cuda/include/sm_32_intrinsics.h: In function 'short4 __ldlu(const short4*)':
/usr/local/cuda/include/sm_32_intrinsics.h:74:25: warning: no return statement in function returning non-void [-Wreturn-type]
   74 | #define __DEF_IF_HOST { }
      |                         ^
/usr/local/cuda/include/sm_32_intrinsics.h:242:60: note: in expansion of macro '__DEF_IF_HOST'
  242 | __SM_32_INTRINSICS_DECL__ short4 __ldlu(const short4 *ptr) __DEF_IF_HOST
      |                                                            ^~~~~~~~~~~~~
/usr/local/cuda/include/sm_32_intrinsics.h: In function 'int2 __ldlu(const int2*)':
/usr/local/cuda/include/sm_32_intrinsics.h:74:25: warning: no return statement in function returning non-void [-Wreturn-type]
   74 | #define __DEF_IF_HOST { }
      |                         ^
/usr/local/cuda/include/sm_32_intrinsics.h:243:56: note: in expansion of macro '__DEF_IF_HOST'
  243 | __SM_32_INTRINSICS_DECL__ int2 __ldlu(const int2 *ptr) __DEF_IF_HOST
      |                                                        ^~~~~~~~~~~~~
/usr/local/cuda/include/sm_32_intrinsics.h: In function 'int4 __ldlu(const int4*)':
/usr/local/cuda/include/sm_32_intrinsics.h:74:25: warning: no return statement in function returning non-void [-Wreturn-type]
   74 | #define __DEF_IF_HOST { }
      |                         ^
/usr/local/cuda/include/sm_32_intrinsics.h:244:56: note: in expansion of macro '__DEF_IF_HOST'
  244 | __SM_32_INTRINSICS_DECL__ int4 __ldlu(const int4 *ptr) __DEF_IF_HOST
      |                                                        ^~~~~~~~~~~~~
/usr/local/cuda/include/sm_32_intrinsics.h: In function 'longlong2 __ldlu(const longlong2*)':
/usr/local/cuda/include/sm_32_intrinsics.h:74:25: warning: no return statement in function returning non-void [-Wreturn-type]
   74 | #define __DEF_IF_HOST { }
      |                         ^
/usr/local/cuda/include/sm_32_intrinsics.h:245:66: note: in expansion of macro '__DEF_IF_HOST'
  245 | __SM_32_INTRINSICS_DECL__ longlong2 __ldlu(const longlong2 *ptr) __DEF_IF_HOST
      |                                                                  ^~~~~~~~~~~~~
/usr/local/cuda/include/sm_32_intrinsics.h: In function 'unsigned char __ldlu(const unsigned char*)':
/usr/local/cuda/include/sm_32_intrinsics.h:74:25: warning: no return statement in function returning non-void [-Wreturn-type]
   74 | #define __DEF_IF_HOST { }
      |                         ^
/usr/local/cuda/include/sm_32_intrinsics.h:247:74: note: in expansion of macro '__DEF_IF_HOST'
  247 | __SM_32_INTRINSICS_DECL__ unsigned char __ldlu(const unsigned char *ptr) __DEF_IF_HOST
      |                                                                          ^~~~~~~~~~~~~
/usr/local/cuda/include/sm_32_intrinsics.h: In function 'short unsigned int __ldlu(const short unsigned int*)':
/usr/local/cuda/include/sm_32_intrinsics.h:74:25: warning: no return statement in function returning non-void [-Wreturn-type]
   74 | #define __DEF_IF_HOST { }
      |                         ^
/usr/local/cuda/include/sm_32_intrinsics.h:248:76: note: in expansion of macro '__DEF_IF_HOST'
  248 | __SM_32_INTRINSICS_DECL__ unsigned short __ldlu(const unsigned short *ptr) __DEF_IF_HOST
      |                                                                            ^~~~~~~~~~~~~
/usr/local/cuda/include/sm_32_intrinsics.h: In function 'unsigned int __ldlu(const unsigned int*)':
/usr/local/cuda/include/sm_32_intrinsics.h:74:25: warning: no return statement in function returning non-void [-Wreturn-type]
   74 | #define __DEF_IF_HOST { }
      |                         ^
/usr/local/cuda/include/sm_32_intrinsics.h:249:72: note: in expansion of macro '__DEF_IF_HOST'
  249 | __SM_32_INTRINSICS_DECL__ unsigned int __ldlu(const unsigned int *ptr) __DEF_IF_HOST
      |                                                                        ^~~~~~~~~~~~~
/usr/local/cuda/include/sm_32_intrinsics.h: In function 'long long unsigned int __ldlu(const long long unsigned int*)':
/usr/local/cuda/include/sm_32_intrinsics.h:74:25: warning: no return statement in function returning non-void [-Wreturn-type]
   74 | #define __DEF_IF_HOST { }
      |                         ^
/usr/local/cuda/include/sm_32_intrinsics.h:250:84: note: in expansion of macro '__DEF_IF_HOST'
  250 | __SM_32_INTRINSICS_DECL__ unsigned long long __ldlu(const unsigned long long *ptr) __DEF_IF_HOST
      |                                                                                    ^~~~~~~~~~~~~
/usr/local/cuda/include/sm_32_intrinsics.h: In function 'uchar2 __ldlu(const uchar2*)':
/usr/local/cuda/include/sm_32_intrinsics.h:74:25: warning: no return statement in function returning non-void [-Wreturn-type]
   74 | #define __DEF_IF_HOST { }
      |                         ^
/usr/local/cuda/include/sm_32_intrinsics.h:251:60: note: in expansion of macro '__DEF_IF_HOST'
  251 | __SM_32_INTRINSICS_DECL__ uchar2 __ldlu(const uchar2 *ptr) __DEF_IF_HOST
      |                                                            ^~~~~~~~~~~~~
/usr/local/cuda/include/sm_32_intrinsics.h: In function 'uchar4 __ldlu(const uchar4*)':
/usr/local/cuda/include/sm_32_intrinsics.h:74:25: warning: no return statement in function returning non-void [-Wreturn-type]
   74 | #define __DEF_IF_HOST { }
      |                         ^
/usr/local/cuda/include/sm_32_intrinsics.h:252:60: note: in expansion of macro '__DEF_IF_HOST'
  252 | __SM_32_INTRINSICS_DECL__ uchar4 __ldlu(const uchar4 *ptr) __DEF_IF_HOST
      |                                                            ^~~~~~~~~~~~~
/usr/local/cuda/include/sm_32_intrinsics.h: In function 'ushort2 __ldlu(const ushort2*)':
/usr/local/cuda/include/sm_32_intrinsics.h:74:25: warning: no return statement in function returning non-void [-Wreturn-type]
   74 | #define __DEF_IF_HOST { }
      |                         ^
/usr/local/cuda/include/sm_32_intrinsics.h:253:62: note: in expansion of macro '__DEF_IF_HOST'
  253 | __SM_32_INTRINSICS_DECL__ ushort2 __ldlu(const ushort2 *ptr) __DEF_IF_HOST
      |                                                              ^~~~~~~~~~~~~
/usr/local/cuda/include/sm_32_intrinsics.h: In function 'ushort4 __ldlu(const ushort4*)':
/usr/local/cuda/include/sm_32_intrinsics.h:74:25: warning: no return statement in function returning non-void [-Wreturn-type]
   74 | #define __DEF_IF_HOST { }
      |                         ^
/usr/local/cuda/include/sm_32_intrinsics.h:254:62: note: in expansion of macro '__DEF_IF_HOST'
  254 | __SM_32_INTRINSICS_DECL__ ushort4 __ldlu(const ushort4 *ptr) __DEF_IF_HOST
      |                                                              ^~~~~~~~~~~~~
/usr/local/cuda/include/sm_32_intrinsics.h: In function 'uint2 __ldlu(const uint2*)':
/usr/local/cuda/include/sm_32_intrinsics.h:74:25: warning: no return statement in function returning non-void [-Wreturn-type]
   74 | #define __DEF_IF_HOST { }
      |                         ^
/usr/local/cuda/include/sm_32_intrinsics.h:255:58: note: in expansion of macro '__DEF_IF_HOST'
  255 | __SM_32_INTRINSICS_DECL__ uint2 __ldlu(const uint2 *ptr) __DEF_IF_HOST
      |                                                          ^~~~~~~~~~~~~
/usr/local/cuda/include/sm_32_intrinsics.h: In function 'uint4 __ldlu(const uint4*)':
/usr/local/cuda/include/sm_32_intrinsics.h:74:25: warning: no return statement in function returning non-void [-Wreturn-type]
   74 | #define __DEF_IF_HOST { }
      |                         ^
/usr/local/cuda/include/sm_32_intrinsics.h:256:58: note: in expansion of macro '__DEF_IF_HOST'
  256 | __SM_32_INTRINSICS_DECL__ uint4 __ldlu(const uint4 *ptr) __DEF_IF_HOST
      |                                                          ^~~~~~~~~~~~~
/usr/local/cuda/include/sm_32_intrinsics.h: In function 'ulonglong2 __ldlu(const ulonglong2*)':
/usr/local/cuda/include/sm_32_intrinsics.h:74:25: warning: no return statement in function returning non-void [-Wreturn-type]
   74 | #define __DEF_IF_HOST { }
      |                         ^
/usr/local/cuda/include/sm_32_intrinsics.h:257:68: note: in expansion of macro '__DEF_IF_HOST'
  257 | __SM_32_INTRINSICS_DECL__ ulonglong2 __ldlu(const ulonglong2 *ptr) __DEF_IF_HOST
      |                                                                    ^~~~~~~~~~~~~
/usr/local/cuda/include/sm_32_intrinsics.h: In function 'float __ldlu(const float*)':
/usr/local/cuda/include/sm_32_intrinsics.h:74:25: warning: no return statement in function returning non-void [-Wreturn-type]
   74 | #define __DEF_IF_HOST { }
      |                         ^
/usr/local/cuda/include/sm_32_intrinsics.h:259:58: note: in expansion of macro '__DEF_IF_HOST'
  259 | __SM_32_INTRINSICS_DECL__ float __ldlu(const float *ptr) __DEF_IF_HOST
      |                                                          ^~~~~~~~~~~~~
/usr/local/cuda/include/sm_32_intrinsics.h: In function 'double __ldlu(const double*)':
/usr/local/cuda/include/sm_32_intrinsics.h:74:25: warning: no return statement in function returning non-void [-Wreturn-type]
   74 | #define __DEF_IF_HOST { }
      |                         ^
/usr/local/cuda/include/sm_32_intrinsics.h:260:60: note: in expansion of macro '__DEF_IF_HOST'
  260 | __SM_32_INTRINSICS_DECL__ double __ldlu(const double *ptr) __DEF_IF_HOST
      |                                                            ^~~~~~~~~~~~~
/usr/local/cuda/include/sm_32_intrinsics.h: In function 'float2 __ldlu(const float2*)':
/usr/local/cuda/include/sm_32_intrinsics.h:74:25: warning: no return statement in function returning non-void [-Wreturn-type]
   74 | #define __DEF_IF_HOST { }
      |                         ^
/usr/local/cuda/include/sm_32_intrinsics.h:261:60: note: in expansion of macro '__DEF_IF_HOST'
  261 | __SM_32_INTRINSICS_DECL__ float2 __ldlu(const float2 *ptr) __DEF_IF_HOST
      |                                                            ^~~~~~~~~~~~~
/usr/local/cuda/include/sm_32_intrinsics.h: In function 'float4 __ldlu(const float4*)':
/usr/local/cuda/include/sm_32_intrinsics.h:74:25: warning: no return statement in function returning non-void [-Wreturn-type]
   74 | #define __DEF_IF_HOST { }
      |                         ^
/usr/local/cuda/include/sm_32_intrinsics.h:262:60: note: in expansion of macro '__DEF_IF_HOST'
  262 | __SM_32_INTRINSICS_DECL__ float4 __ldlu(const float4 *ptr) __DEF_IF_HOST
      |                                                            ^~~~~~~~~~~~~
/usr/local/cuda/include/sm_32_intrinsics.h: In function 'double2 __ldlu(const double2*)':
/usr/local/cuda/include/sm_32_intrinsics.h:74:25: warning: no return statement in function returning non-void [-Wreturn-type]
   74 | #define __DEF_IF_HOST { }
      |                         ^
/usr/local/cuda/include/sm_32_intrinsics.h:263:62: note: in expansion of macro '__DEF_IF_HOST'
  263 | __SM_32_INTRINSICS_DECL__ double2 __ldlu(const double2 *ptr) __DEF_IF_HOST
      |                                                              ^~~~~~~~~~~~~
/usr/local/cuda/include/sm_32_intrinsics.h: In function 'long int __ldcv(const long int*)':
/usr/local/cuda/include/sm_32_intrinsics.h:74:25: warning: no return statement in function returning non-void [-Wreturn-type]
   74 | #define __DEF_IF_HOST { }
      |                         ^
/usr/local/cuda/include/sm_32_intrinsics.h:267:56: note: in expansion of macro '__DEF_IF_HOST'
  267 | __SM_32_INTRINSICS_DECL__ long __ldcv(const long *ptr) __DEF_IF_HOST
      |                                                        ^~~~~~~~~~~~~
/usr/local/cuda/include/sm_32_intrinsics.h: In function 'long unsigned int __ldcv(const long unsigned int*)':
/usr/local/cuda/include/sm_32_intrinsics.h:74:25: warning: no return statement in function returning non-void [-Wreturn-type]
   74 | #define __DEF_IF_HOST { }
      |                         ^
/usr/local/cuda/include/sm_32_intrinsics.h:268:74: note: in expansion of macro '__DEF_IF_HOST'
  268 | __SM_32_INTRINSICS_DECL__ unsigned long __ldcv(const unsigned long *ptr) __DEF_IF_HOST
      |                                                                          ^~~~~~~~~~~~~
/usr/local/cuda/include/sm_32_intrinsics.h: In function 'char __ldcv(const char*)':
/usr/local/cuda/include/sm_32_intrinsics.h:74:25: warning: no return statement in function returning non-void [-Wreturn-type]
   74 | #define __DEF_IF_HOST { }
      |                         ^
/usr/local/cuda/include/sm_32_intrinsics.h:270:56: note: in expansion of macro '__DEF_IF_HOST'
  270 | __SM_32_INTRINSICS_DECL__ char __ldcv(const char *ptr) __DEF_IF_HOST
      |                                                        ^~~~~~~~~~~~~
/usr/local/cuda/include/sm_32_intrinsics.h: In function 'signed char __ldcv(const signed char*)':
/usr/local/cuda/include/sm_32_intrinsics.h:74:25: warning: no return statement in function returning non-void [-Wreturn-type]
   74 | #define __DEF_IF_HOST { }
      |                         ^
/usr/local/cuda/include/sm_32_intrinsics.h:271:70: note: in expansion of macro '__DEF_IF_HOST'
  271 | __SM_32_INTRINSICS_DECL__ signed char __ldcv(const signed char *ptr) __DEF_IF_HOST
      |                                                                      ^~~~~~~~~~~~~
/usr/local/cuda/include/sm_32_intrinsics.h: In function 'short int __ldcv(const short int*)':
/usr/local/cuda/include/sm_32_intrinsics.h:74:25: warning: no return statement in function returning non-void [-Wreturn-type]
   74 | #define __DEF_IF_HOST { }
      |                         ^
/usr/local/cuda/include/sm_32_intrinsics.h:272:58: note: in expansion of macro '__DEF_IF_HOST'
  272 | __SM_32_INTRINSICS_DECL__ short __ldcv(const short *ptr) __DEF_IF_HOST
      |                                                          ^~~~~~~~~~~~~
/usr/local/cuda/include/sm_32_intrinsics.h: In function 'int __ldcv(const int*)':
/usr/local/cuda/include/sm_32_intrinsics.h:74:25: warning: no return statement in function returning non-void [-Wreturn-type]
   74 | #define __DEF_IF_HOST { }
      |                         ^
/usr/local/cuda/include/sm_32_intrinsics.h:273:54: note: in expansion of macro '__DEF_IF_HOST'
  273 | __SM_32_INTRINSICS_DECL__ int __ldcv(const int *ptr) __DEF_IF_HOST
      |                                                      ^~~~~~~~~~~~~
/usr/local/cuda/include/sm_32_intrinsics.h: In function 'long long int __ldcv(const long long int*)':
/usr/local/cuda/include/sm_32_intrinsics.h:74:25: warning: no return statement in function returning non-void [-Wreturn-type]
   74 | #define __DEF_IF_HOST { }
      |                         ^
/usr/local/cuda/include/sm_32_intrinsics.h:274:66: note: in expansion of macro '__DEF_IF_HOST'
  274 | __SM_32_INTRINSICS_DECL__ long long __ldcv(const long long *ptr) __DEF_IF_HOST
      |                                                                  ^~~~~~~~~~~~~
/usr/local/cuda/include/sm_32_intrinsics.h: In function 'char2 __ldcv(const char2*)':
/usr/local/cuda/include/sm_32_intrinsics.h:74:25: warning: no return statement in function returning non-void [-Wreturn-type]
   74 | #define __DEF_IF_HOST { }
      |                         ^
/usr/local/cuda/include/sm_32_intrinsics.h:275:58: note: in expansion of macro '__DEF_IF_HOST'
  275 | __SM_32_INTRINSICS_DECL__ char2 __ldcv(const char2 *ptr) __DEF_IF_HOST
      |                                                          ^~~~~~~~~~~~~
/usr/local/cuda/include/sm_32_intrinsics.h: In function 'char4 __ldcv(const char4*)':
/usr/local/cuda/include/sm_32_intrinsics.h:74:25: warning: no return statement in function returning non-void [-Wreturn-type]
   74 | #define __DEF_IF_HOST { }
      |                         ^
/usr/local/cuda/include/sm_32_intrinsics.h:276:58: note: in expansion of macro '__DEF_IF_HOST'
  276 | __SM_32_INTRINSICS_DECL__ char4 __ldcv(const char4 *ptr) __DEF_IF_HOST
      |                                                          ^~~~~~~~~~~~~
/usr/local/cuda/include/sm_32_intrinsics.h: In function 'short2 __ldcv(const short2*)':
/usr/local/cuda/include/sm_32_intrinsics.h:74:25: warning: no return statement in function returning non-void [-Wreturn-type]
   74 | #define __DEF_IF_HOST { }
      |                         ^
/usr/local/cuda/include/sm_32_intrinsics.h:277:60: note: in expansion of macro '__DEF_IF_HOST'
  277 | __SM_32_INTRINSICS_DECL__ short2 __ldcv(const short2 *ptr) __DEF_IF_HOST
      |                                                            ^~~~~~~~~~~~~
/usr/local/cuda/include/sm_32_intrinsics.h: In function 'short4 __ldcv(const short4*)':
/usr/local/cuda/include/sm_32_intrinsics.h:74:25: warning: no return statement in function returning non-void [-Wreturn-type]
   74 | #define __DEF_IF_HOST { }
      |                         ^
/usr/local/cuda/include/sm_32_intrinsics.h:278:60: note: in expansion of macro '__DEF_IF_HOST'
  278 | __SM_32_INTRINSICS_DECL__ short4 __ldcv(const short4 *ptr) __DEF_IF_HOST
      |                                                            ^~~~~~~~~~~~~
/usr/local/cuda/include/sm_32_intrinsics.h: In function 'int2 __ldcv(const int2*)':
/usr/local/cuda/include/sm_32_intrinsics.h:74:25: warning: no return statement in function returning non-void [-Wreturn-type]
   74 | #define __DEF_IF_HOST { }
      |                         ^
/usr/local/cuda/include/sm_32_intrinsics.h:279:56: note: in expansion of macro '__DEF_IF_HOST'
  279 | __SM_32_INTRINSICS_DECL__ int2 __ldcv(const int2 *ptr) __DEF_IF_HOST
      |                                                        ^~~~~~~~~~~~~
/usr/local/cuda/include/sm_32_intrinsics.h: In function 'int4 __ldcv(const int4*)':
/usr/local/cuda/include/sm_32_intrinsics.h:74:25: warning: no return statement in function returning non-void [-Wreturn-type]
   74 | #define __DEF_IF_HOST { }
      |                         ^
/usr/local/cuda/include/sm_32_intrinsics.h:280:56: note: in expansion of macro '__DEF_IF_HOST'
  280 | __SM_32_INTRINSICS_DECL__ int4 __ldcv(const int4 *ptr) __DEF_IF_HOST
      |                                                        ^~~~~~~~~~~~~
/usr/local/cuda/include/sm_32_intrinsics.h: In function 'longlong2 __ldcv(const longlong2*)':
/usr/local/cuda/include/sm_32_intrinsics.h:74:25: warning: no return statement in function returning non-void [-Wreturn-type]
   74 | #define __DEF_IF_HOST { }
      |                         ^
/usr/local/cuda/include/sm_32_intrinsics.h:281:66: note: in expansion of macro '__DEF_IF_HOST'
  281 | __SM_32_INTRINSICS_DECL__ longlong2 __ldcv(const longlong2 *ptr) __DEF_IF_HOST
      |                                                                  ^~~~~~~~~~~~~
/usr/local/cuda/include/sm_32_intrinsics.h: In function 'unsigned char __ldcv(const unsigned char*)':
/usr/local/cuda/include/sm_32_intrinsics.h:74:25: warning: no return statement in function returning non-void [-Wreturn-type]
   74 | #define __DEF_IF_HOST { }
      |                         ^
/usr/local/cuda/include/sm_32_intrinsics.h:283:74: note: in expansion of macro '__DEF_IF_HOST'
  283 | __SM_32_INTRINSICS_DECL__ unsigned char __ldcv(const unsigned char *ptr) __DEF_IF_HOST
      |                                                                          ^~~~~~~~~~~~~
/usr/local/cuda/include/sm_32_intrinsics.h: In function 'short unsigned int __ldcv(const short unsigned int*)':
/usr/local/cuda/include/sm_32_intrinsics.h:74:25: warning: no return statement in function returning non-void [-Wreturn-type]
   74 | #define __DEF_IF_HOST { }
      |                         ^
/usr/local/cuda/include/sm_32_intrinsics.h:284:76: note: in expansion of macro '__DEF_IF_HOST'
  284 | __SM_32_INTRINSICS_DECL__ unsigned short __ldcv(const unsigned short *ptr) __DEF_IF_HOST
      |                                                                            ^~~~~~~~~~~~~
/usr/local/cuda/include/sm_32_intrinsics.h: In function 'unsigned int __ldcv(const unsigned int*)':
/usr/local/cuda/include/sm_32_intrinsics.h:74:25: warning: no return statement in function returning non-void [-Wreturn-type]
   74 | #define __DEF_IF_HOST { }
      |                         ^
/usr/local/cuda/include/sm_32_intrinsics.h:285:72: note: in expansion of macro '__DEF_IF_HOST'
  285 | __SM_32_INTRINSICS_DECL__ unsigned int __ldcv(const unsigned int *ptr) __DEF_IF_HOST
      |                                                                        ^~~~~~~~~~~~~
/usr/local/cuda/include/sm_32_intrinsics.h: In function 'long long unsigned int __ldcv(const long long unsigned int*)':
/usr/local/cuda/include/sm_32_intrinsics.h:74:25: warning: no return statement in function returning non-void [-Wreturn-type]
   74 | #define __DEF_IF_HOST { }
      |                         ^
/usr/local/cuda/include/sm_32_intrinsics.h:286:84: note: in expansion of macro '__DEF_IF_HOST'
  286 | __SM_32_INTRINSICS_DECL__ unsigned long long __ldcv(const unsigned long long *ptr) __DEF_IF_HOST
      |                                                                                    ^~~~~~~~~~~~~
/usr/local/cuda/include/sm_32_intrinsics.h: In function 'uchar2 __ldcv(const uchar2*)':
/usr/local/cuda/include/sm_32_intrinsics.h:74:25: warning: no return statement in function returning non-void [-Wreturn-type]
   74 | #define __DEF_IF_HOST { }
      |                         ^
/usr/local/cuda/include/sm_32_intrinsics.h:287:60: note: in expansion of macro '__DEF_IF_HOST'
  287 | __SM_32_INTRINSICS_DECL__ uchar2 __ldcv(const uchar2 *ptr) __DEF_IF_HOST
      |                                                            ^~~~~~~~~~~~~
/usr/local/cuda/include/sm_32_intrinsics.h: In function 'uchar4 __ldcv(const uchar4*)':
/usr/local/cuda/include/sm_32_intrinsics.h:74:25: warning: no return statement in function returning non-void [-Wreturn-type]
   74 | #define __DEF_IF_HOST { }
      |                         ^
/usr/local/cuda/include/sm_32_intrinsics.h:288:60: note: in expansion of macro '__DEF_IF_HOST'
  288 | __SM_32_INTRINSICS_DECL__ uchar4 __ldcv(const uchar4 *ptr) __DEF_IF_HOST
      |                                                            ^~~~~~~~~~~~~
/usr/local/cuda/include/sm_32_intrinsics.h: In function 'ushort2 __ldcv(const ushort2*)':
/usr/local/cuda/include/sm_32_intrinsics.h:74:25: warning: no return statement in function returning non-void [-Wreturn-type]
   74 | #define __DEF_IF_HOST { }
      |                         ^
/usr/local/cuda/include/sm_32_intrinsics.h:289:62: note: in expansion of macro '__DEF_IF_HOST'
  289 | __SM_32_INTRINSICS_DECL__ ushort2 __ldcv(const ushort2 *ptr) __DEF_IF_HOST
      |                                                              ^~~~~~~~~~~~~
/usr/local/cuda/include/sm_32_intrinsics.h: In function 'ushort4 __ldcv(const ushort4*)':
/usr/local/cuda/include/sm_32_intrinsics.h:74:25: warning: no return statement in function returning non-void [-Wreturn-type]
   74 | #define __DEF_IF_HOST { }
      |                         ^
/usr/local/cuda/include/sm_32_intrinsics.h:290:62: note: in expansion of macro '__DEF_IF_HOST'
  290 | __SM_32_INTRINSICS_DECL__ ushort4 __ldcv(const ushort4 *ptr) __DEF_IF_HOST
      |                                                              ^~~~~~~~~~~~~
/usr/local/cuda/include/sm_32_intrinsics.h: In function 'uint2 __ldcv(const uint2*)':
/usr/local/cuda/include/sm_32_intrinsics.h:74:25: warning: no return statement in function returning non-void [-Wreturn-type]
   74 | #define __DEF_IF_HOST { }
      |                         ^
/usr/local/cuda/include/sm_32_intrinsics.h:291:58: note: in expansion of macro '__DEF_IF_HOST'
  291 | __SM_32_INTRINSICS_DECL__ uint2 __ldcv(const uint2 *ptr) __DEF_IF_HOST
      |                                                          ^~~~~~~~~~~~~
/usr/local/cuda/include/sm_32_intrinsics.h: In function 'uint4 __ldcv(const uint4*)':
/usr/local/cuda/include/sm_32_intrinsics.h:74:25: warning: no return statement in function returning non-void [-Wreturn-type]
   74 | #define __DEF_IF_HOST { }
      |                         ^
/usr/local/cuda/include/sm_32_intrinsics.h:292:58: note: in expansion of macro '__DEF_IF_HOST'
  292 | __SM_32_INTRINSICS_DECL__ uint4 __ldcv(const uint4 *ptr) __DEF_IF_HOST
      |                                                          ^~~~~~~~~~~~~
/usr/local/cuda/include/sm_32_intrinsics.h: In function 'ulonglong2 __ldcv(const ulonglong2*)':
/usr/local/cuda/include/sm_32_intrinsics.h:74:25: warning: no return statement in function returning non-void [-Wreturn-type]
   74 | #define __DEF_IF_HOST { }
      |                         ^
/usr/local/cuda/include/sm_32_intrinsics.h:293:68: note: in expansion of macro '__DEF_IF_HOST'
  293 | __SM_32_INTRINSICS_DECL__ ulonglong2 __ldcv(const ulonglong2 *ptr) __DEF_IF_HOST
      |                                                                    ^~~~~~~~~~~~~
/usr/local/cuda/include/sm_32_intrinsics.h: In function 'float __ldcv(const float*)':
/usr/local/cuda/include/sm_32_intrinsics.h:74:25: warning: no return statement in function returning non-void [-Wreturn-type]
   74 | #define __DEF_IF_HOST { }
      |                         ^
/usr/local/cuda/include/sm_32_intrinsics.h:295:58: note: in expansion of macro '__DEF_IF_HOST'
  295 | __SM_32_INTRINSICS_DECL__ float __ldcv(const float *ptr) __DEF_IF_HOST
      |                                                          ^~~~~~~~~~~~~
/usr/local/cuda/include/sm_32_intrinsics.h: In function 'double __ldcv(const double*)':
/usr/local/cuda/include/sm_32_intrinsics.h:74:25: warning: no return statement in function returning non-void [-Wreturn-type]
   74 | #define __DEF_IF_HOST { }
      |                         ^
/usr/local/cuda/include/sm_32_intrinsics.h:296:60: note: in expansion of macro '__DEF_IF_HOST'
  296 | __SM_32_INTRINSICS_DECL__ double __ldcv(const double *ptr) __DEF_IF_HOST
      |                                                            ^~~~~~~~~~~~~
/usr/local/cuda/include/sm_32_intrinsics.h: In function 'float2 __ldcv(const float2*)':
/usr/local/cuda/include/sm_32_intrinsics.h:74:25: warning: no return statement in function returning non-void [-Wreturn-type]
   74 | #define __DEF_IF_HOST { }
      |                         ^
/usr/local/cuda/include/sm_32_intrinsics.h:297:60: note: in expansion of macro '__DEF_IF_HOST'
  297 | __SM_32_INTRINSICS_DECL__ float2 __ldcv(const float2 *ptr) __DEF_IF_HOST
      |                                                            ^~~~~~~~~~~~~
/usr/local/cuda/include/sm_32_intrinsics.h: In function 'float4 __ldcv(const float4*)':
/usr/local/cuda/include/sm_32_intrinsics.h:74:25: warning: no return statement in function returning non-void [-Wreturn-type]
   74 | #define __DEF_IF_HOST { }
      |                         ^
/usr/local/cuda/include/sm_32_intrinsics.h:298:60: note: in expansion of macro '__DEF_IF_HOST'
  298 | __SM_32_INTRINSICS_DECL__ float4 __ldcv(const float4 *ptr) __DEF_IF_HOST
      |                                                            ^~~~~~~~~~~~~
/usr/local/cuda/include/sm_32_intrinsics.h: In function 'double2 __ldcv(const double2*)':
/usr/local/cuda/include/sm_32_intrinsics.h:74:25: warning: no return statement in function returning non-void [-Wreturn-type]
   74 | #define __DEF_IF_HOST { }
      |                         ^
/usr/local/cuda/include/sm_32_intrinsics.h:299:62: note: in expansion of macro '__DEF_IF_HOST'
  299 | __SM_32_INTRINSICS_DECL__ double2 __ldcv(const double2 *ptr) __DEF_IF_HOST
      |                                                              ^~~~~~~~~~~~~
/usr/local/cuda/include/sm_32_intrinsics.h: In function 'unsigned int __funnelshift_l(unsigned int, unsigned int, unsigned int)':
/usr/local/cuda/include/sm_32_intrinsics.h:74:25: warning: no return statement in function returning non-void [-Wreturn-type]
   74 | #define __DEF_IF_HOST { }
      |                         ^
/usr/local/cuda/include/sm_32_intrinsics.h:460:110: note: in expansion of macro '__DEF_IF_HOST'
  460 | __SM_32_INTRINSICS_DECL__ unsigned int __funnelshift_l(unsigned int lo, unsigned int hi, unsigned int shift) __DEF_IF_HOST
      |                                                                                                              ^~~~~~~~~~~~~
/usr/local/cuda/include/sm_32_intrinsics.h: In function 'unsigned int __funnelshift_lc(unsigned int, unsigned int, unsigned int)':
/usr/local/cuda/include/sm_32_intrinsics.h:74:25: warning: no return statement in function returning non-void [-Wreturn-type]
   74 | #define __DEF_IF_HOST { }
      |                         ^
/usr/local/cuda/include/sm_32_intrinsics.h:472:111: note: in expansion of macro '__DEF_IF_HOST'
  472 | __SM_32_INTRINSICS_DECL__ unsigned int __funnelshift_lc(unsigned int lo, unsigned int hi, unsigned int shift) __DEF_IF_HOST
      |                                                                                                               ^~~~~~~~~~~~~
/usr/local/cuda/include/sm_32_intrinsics.h: In function 'unsigned int __funnelshift_r(unsigned int, unsigned int, unsigned int)':
/usr/local/cuda/include/sm_32_intrinsics.h:74:25: warning: no return statement in function returning non-void [-Wreturn-type]
   74 | #define __DEF_IF_HOST { }
      |                         ^
/usr/local/cuda/include/sm_32_intrinsics.h:485:110: note: in expansion of macro '__DEF_IF_HOST'
  485 | __SM_32_INTRINSICS_DECL__ unsigned int __funnelshift_r(unsigned int lo, unsigned int hi, unsigned int shift) __DEF_IF_HOST
      |                                                                                                              ^~~~~~~~~~~~~
/usr/local/cuda/include/sm_32_intrinsics.h: In function 'unsigned int __funnelshift_rc(unsigned int, unsigned int, unsigned int)':
/usr/local/cuda/include/sm_32_intrinsics.h:74:25: warning: no return statement in function returning non-void [-Wreturn-type]
   74 | #define __DEF_IF_HOST { }
      |                         ^
/usr/local/cuda/include/sm_32_intrinsics.h:497:111: note: in expansion of macro '__DEF_IF_HOST'
  497 | __SM_32_INTRINSICS_DECL__ unsigned int __funnelshift_rc(unsigned int lo, unsigned int hi, unsigned int shift) __DEF_IF_HOST
      |                                                                                                               ^~~~~~~~~~~~~
In file included from /usr/local/cuda/include/crt/device_functions.h:3625,
                 from /home/GVirtuS/GVirtuS/plugins/cudart/backend/CudaRtHandler.h:71,
                 from /home/GVirtuS/GVirtuS/plugins/cudart/backend/CudaRtHandler_error.cpp:26:
/usr/local/cuda/include/sm_61_intrinsics.h: In function 'int __dp2a_lo(int, int, int)':
/usr/local/cuda/include/sm_61_intrinsics.h:72:25: warning: no return statement in function returning non-void [-Wreturn-type]
   72 | #define __DEF_IF_HOST { }
      |                         ^
/usr/local/cuda/include/sm_61_intrinsics.h:99:68: note: in expansion of macro '__DEF_IF_HOST'
   99 | __SM_61_INTRINSICS_DECL__ int __dp2a_lo(int srcA, int srcB, int c) __DEF_IF_HOST
      |                                                                    ^~~~~~~~~~~~~
/usr/local/cuda/include/sm_61_intrinsics.h: In function 'unsigned int __dp2a_lo(unsigned int, unsigned int, unsigned int)':
/usr/local/cuda/include/sm_61_intrinsics.h:72:25: warning: no return statement in function returning non-void [-Wreturn-type]
   72 | #define __DEF_IF_HOST { }
      |                         ^
/usr/local/cuda/include/sm_61_intrinsics.h:110:104: note: in expansion of macro '__DEF_IF_HOST'
  110 | __SM_61_INTRINSICS_DECL__ unsigned int __dp2a_lo(unsigned int srcA, unsigned int srcB, unsigned int c) __DEF_IF_HOST
      |                                                                                                        ^~~~~~~~~~~~~
/usr/local/cuda/include/sm_61_intrinsics.h: In function 'int __dp2a_lo(short2, char4, int)':
/usr/local/cuda/include/sm_61_intrinsics.h:72:25: warning: no return statement in function returning non-void [-Wreturn-type]
   72 | #define __DEF_IF_HOST { }
      |                         ^
/usr/local/cuda/include/sm_61_intrinsics.h:122:73: note: in expansion of macro '__DEF_IF_HOST'
  122 | __SM_61_INTRINSICS_DECL__ int __dp2a_lo(short2 srcA, char4 srcB, int c) __DEF_IF_HOST
      |                                                                         ^~~~~~~~~~~~~
/usr/local/cuda/include/sm_61_intrinsics.h: In function 'unsigned int __dp2a_lo(ushort2, uchar4, unsigned int)':
/usr/local/cuda/include/sm_61_intrinsics.h:72:25: warning: no return statement in function returning non-void [-Wreturn-type]
   72 | #define __DEF_IF_HOST { }
      |                         ^
/usr/local/cuda/include/sm_61_intrinsics.h:133:93: note: in expansion of macro '__DEF_IF_HOST'
  133 | __SM_61_INTRINSICS_DECL__ unsigned int __dp2a_lo(ushort2 srcA, uchar4 srcB, unsigned int c) __DEF_IF_HOST
      |                                                                                             ^~~~~~~~~~~~~
/usr/local/cuda/include/sm_61_intrinsics.h: In function 'int __dp2a_hi(int, int, int)':
/usr/local/cuda/include/sm_61_intrinsics.h:72:25: warning: no return statement in function returning non-void [-Wreturn-type]
   72 | #define __DEF_IF_HOST { }
      |                         ^
/usr/local/cuda/include/sm_61_intrinsics.h:145:68: note: in expansion of macro '__DEF_IF_HOST'
  145 | __SM_61_INTRINSICS_DECL__ int __dp2a_hi(int srcA, int srcB, int c) __DEF_IF_HOST
      |                                                                    ^~~~~~~~~~~~~
/usr/local/cuda/include/sm_61_intrinsics.h: In function 'unsigned int __dp2a_hi(unsigned int, unsigned int, unsigned int)':
/usr/local/cuda/include/sm_61_intrinsics.h:72:25: warning: no return statement in function returning non-void [-Wreturn-type]
   72 | #define __DEF_IF_HOST { }
      |                         ^
/usr/local/cuda/include/sm_61_intrinsics.h:156:104: note: in expansion of macro '__DEF_IF_HOST'
  156 | __SM_61_INTRINSICS_DECL__ unsigned int __dp2a_hi(unsigned int srcA, unsigned int srcB, unsigned int c) __DEF_IF_HOST
      |                                                                                                        ^~~~~~~~~~~~~
/usr/local/cuda/include/sm_61_intrinsics.h: In function 'int __dp2a_hi(short2, char4, int)':
/usr/local/cuda/include/sm_61_intrinsics.h:72:25: warning: no return statement in function returning non-void [-Wreturn-type]
   72 | #define __DEF_IF_HOST { }
      |                         ^
/usr/local/cuda/include/sm_61_intrinsics.h:168:73: note: in expansion of macro '__DEF_IF_HOST'
  168 | __SM_61_INTRINSICS_DECL__ int __dp2a_hi(short2 srcA, char4 srcB, int c) __DEF_IF_HOST
      |                                                                         ^~~~~~~~~~~~~
/usr/local/cuda/include/sm_61_intrinsics.h: In function 'unsigned int __dp2a_hi(ushort2, uchar4, unsigned int)':
/usr/local/cuda/include/sm_61_intrinsics.h:72:25: warning: no return statement in function returning non-void [-Wreturn-type]
   72 | #define __DEF_IF_HOST { }
      |                         ^
/usr/local/cuda/include/sm_61_intrinsics.h:179:93: note: in expansion of macro '__DEF_IF_HOST'
  179 | __SM_61_INTRINSICS_DECL__ unsigned int __dp2a_hi(ushort2 srcA, uchar4 srcB, unsigned int c) __DEF_IF_HOST
      |                                                                                             ^~~~~~~~~~~~~
/usr/local/cuda/include/sm_61_intrinsics.h: In function 'int __dp4a(int, int, int)':
/usr/local/cuda/include/sm_61_intrinsics.h:72:25: warning: no return statement in function returning non-void [-Wreturn-type]
   72 | #define __DEF_IF_HOST { }
      |                         ^
/usr/local/cuda/include/sm_61_intrinsics.h:194:65: note: in expansion of macro '__DEF_IF_HOST'
  194 | __SM_61_INTRINSICS_DECL__ int __dp4a(int srcA, int srcB, int c) __DEF_IF_HOST
      |                                                                 ^~~~~~~~~~~~~
/usr/local/cuda/include/sm_61_intrinsics.h: In function 'unsigned int __dp4a(unsigned int, unsigned int, unsigned int)':
/usr/local/cuda/include/sm_61_intrinsics.h:72:25: warning: no return statement in function returning non-void [-Wreturn-type]
   72 | #define __DEF_IF_HOST { }
      |                         ^
/usr/local/cuda/include/sm_61_intrinsics.h:203:101: note: in expansion of macro '__DEF_IF_HOST'
  203 | __SM_61_INTRINSICS_DECL__ unsigned int __dp4a(unsigned int srcA, unsigned int srcB, unsigned int c) __DEF_IF_HOST
      |                                                                                                     ^~~~~~~~~~~~~
/usr/local/cuda/include/sm_61_intrinsics.h: In function 'int __dp4a(char4, char4, int)':
/usr/local/cuda/include/sm_61_intrinsics.h:72:25: warning: no return statement in function returning non-void [-Wreturn-type]
   72 | #define __DEF_IF_HOST { }
      |                         ^
/usr/local/cuda/include/sm_61_intrinsics.h:213:69: note: in expansion of macro '__DEF_IF_HOST'
  213 | __SM_61_INTRINSICS_DECL__ int __dp4a(char4 srcA, char4 srcB, int c) __DEF_IF_HOST
      |                                                                     ^~~~~~~~~~~~~
/usr/local/cuda/include/sm_61_intrinsics.h: In function 'unsigned int __dp4a(uchar4, uchar4, unsigned int)':
/usr/local/cuda/include/sm_61_intrinsics.h:72:25: warning: no return statement in function returning non-void [-Wreturn-type]
   72 | #define __DEF_IF_HOST { }
      |                         ^
/usr/local/cuda/include/sm_61_intrinsics.h:222:89: note: in expansion of macro '__DEF_IF_HOST'
  222 | __SM_61_INTRINSICS_DECL__ unsigned int __dp4a(uchar4 srcA, uchar4 srcB, unsigned int c) __DEF_IF_HOST
      |                                                                                         ^~~~~~~~~~~~~
In file included from /usr/local/cuda/include/crt/device_functions.h:3626,
                 from /home/GVirtuS/GVirtuS/plugins/cudart/backend/CudaRtHandler.h:71,
                 from /home/GVirtuS/GVirtuS/plugins/cudart/backend/CudaRtHandler_error.cpp:26:
/usr/local/cuda/include/crt/sm_70_rt.h: In function 'unsigned int __match_any_sync(unsigned int, unsigned int)':
/usr/local/cuda/include/crt/sm_70_rt.h:84:25: warning: no return statement in function returning non-void [-Wreturn-type]
   84 | #define __DEF_IF_HOST { }
      |                         ^
/usr/local/cuda/include/crt/sm_70_rt.h:93:80: note: in expansion of macro '__DEF_IF_HOST'
   93 | __SM_70_RT_DECL__ unsigned int __match_any_sync(unsigned mask, unsigned value) __DEF_IF_HOST
      |                                                                                ^~~~~~~~~~~~~
/usr/local/cuda/include/crt/sm_70_rt.h: In function 'unsigned int __match_any_sync(unsigned int, int)':
/usr/local/cuda/include/crt/sm_70_rt.h:84:25: warning: no return statement in function returning non-void [-Wreturn-type]
   84 | #define __DEF_IF_HOST { }
      |                         ^
/usr/local/cuda/include/crt/sm_70_rt.h:94:75: note: in expansion of macro '__DEF_IF_HOST'
   94 | __SM_70_RT_DECL__ unsigned int __match_any_sync(unsigned mask, int value) __DEF_IF_HOST
      |                                                                           ^~~~~~~~~~~~~
/usr/local/cuda/include/crt/sm_70_rt.h: In function 'unsigned int __match_any_sync(unsigned int, long unsigned int)':
/usr/local/cuda/include/crt/sm_70_rt.h:84:25: warning: no return statement in function returning non-void [-Wreturn-type]
   84 | #define __DEF_IF_HOST { }
      |                         ^
/usr/local/cuda/include/crt/sm_70_rt.h:95:85: note: in expansion of macro '__DEF_IF_HOST'
   95 | __SM_70_RT_DECL__ unsigned int __match_any_sync(unsigned mask, unsigned long value) __DEF_IF_HOST
      |                                                                                     ^~~~~~~~~~~~~
/usr/local/cuda/include/crt/sm_70_rt.h: In function 'unsigned int __match_any_sync(unsigned int, long int)':
/usr/local/cuda/include/crt/sm_70_rt.h:84:25: warning: no return statement in function returning non-void [-Wreturn-type]
   84 | #define __DEF_IF_HOST { }
      |                         ^
/usr/local/cuda/include/crt/sm_70_rt.h:96:76: note: in expansion of macro '__DEF_IF_HOST'
   96 | __SM_70_RT_DECL__ unsigned int __match_any_sync(unsigned mask, long value) __DEF_IF_HOST
      |                                                                            ^~~~~~~~~~~~~
/usr/local/cuda/include/crt/sm_70_rt.h: In function 'unsigned int __match_any_sync(unsigned int, long long unsigned int)':
/usr/local/cuda/include/crt/sm_70_rt.h:84:25: warning: no return statement in function returning non-void [-Wreturn-type]
   84 | #define __DEF_IF_HOST { }
      |                         ^
/usr/local/cuda/include/crt/sm_70_rt.h:97:90: note: in expansion of macro '__DEF_IF_HOST'
   97 | __SM_70_RT_DECL__ unsigned int __match_any_sync(unsigned mask, unsigned long long value) __DEF_IF_HOST
      |                                                                                          ^~~~~~~~~~~~~
/usr/local/cuda/include/crt/sm_70_rt.h: In function 'unsigned int __match_any_sync(unsigned int, long long int)':
/usr/local/cuda/include/crt/sm_70_rt.h:84:25: warning: no return statement in function returning non-void [-Wreturn-type]
   84 | #define __DEF_IF_HOST { }
      |                         ^
/usr/local/cuda/include/crt/sm_70_rt.h:98:81: note: in expansion of macro '__DEF_IF_HOST'
   98 | __SM_70_RT_DECL__ unsigned int __match_any_sync(unsigned mask, long long value) __DEF_IF_HOST
      |                                                                                 ^~~~~~~~~~~~~
/usr/local/cuda/include/crt/sm_70_rt.h: In function 'unsigned int __match_any_sync(unsigned int, float)':
/usr/local/cuda/include/crt/sm_70_rt.h:84:25: warning: no return statement in function returning non-void [-Wreturn-type]
   84 | #define __DEF_IF_HOST { }
      |                         ^
/usr/local/cuda/include/crt/sm_70_rt.h:99:77: note: in expansion of macro '__DEF_IF_HOST'
   99 | __SM_70_RT_DECL__ unsigned int __match_any_sync(unsigned mask, float value) __DEF_IF_HOST
      |                                                                             ^~~~~~~~~~~~~
/usr/local/cuda/include/crt/sm_70_rt.h: In function 'unsigned int __match_any_sync(unsigned int, double)':
/usr/local/cuda/include/crt/sm_70_rt.h:84:25: warning: no return statement in function returning non-void [-Wreturn-type]
   84 | #define __DEF_IF_HOST { }
      |                         ^
/usr/local/cuda/include/crt/sm_70_rt.h:100:78: note: in expansion of macro '__DEF_IF_HOST'
  100 | __SM_70_RT_DECL__ unsigned int __match_any_sync(unsigned mask, double value) __DEF_IF_HOST
      |                                                                              ^~~~~~~~~~~~~
/usr/local/cuda/include/crt/sm_70_rt.h: In function 'unsigned int __match_all_sync(unsigned int, unsigned int, int*)':
/usr/local/cuda/include/crt/sm_70_rt.h:84:25: warning: no return statement in function returning non-void [-Wreturn-type]
   84 | #define __DEF_IF_HOST { }
      |                         ^
/usr/local/cuda/include/crt/sm_70_rt.h:102:91: note: in expansion of macro '__DEF_IF_HOST'
  102 | __SM_70_RT_DECL__ unsigned int __match_all_sync(unsigned mask, unsigned value, int *pred) __DEF_IF_HOST
      |                                                                                           ^~~~~~~~~~~~~
/usr/local/cuda/include/crt/sm_70_rt.h: In function 'unsigned int __match_all_sync(unsigned int, int, int*)':
/usr/local/cuda/include/crt/sm_70_rt.h:84:25: warning: no return statement in function returning non-void [-Wreturn-type]
   84 | #define __DEF_IF_HOST { }
      |                         ^
/usr/local/cuda/include/crt/sm_70_rt.h:103:86: note: in expansion of macro '__DEF_IF_HOST'
  103 | __SM_70_RT_DECL__ unsigned int __match_all_sync(unsigned mask, int value, int *pred) __DEF_IF_HOST
      |                                                                                      ^~~~~~~~~~~~~
/usr/local/cuda/include/crt/sm_70_rt.h: In function 'unsigned int __match_all_sync(unsigned int, long unsigned int, int*)':
/usr/local/cuda/include/crt/sm_70_rt.h:84:25: warning: no return statement in function returning non-void [-Wreturn-type]
   84 | #define __DEF_IF_HOST { }
      |                         ^
/usr/local/cuda/include/crt/sm_70_rt.h:104:96: note: in expansion of macro '__DEF_IF_HOST'
  104 | __SM_70_RT_DECL__ unsigned int __match_all_sync(unsigned mask, unsigned long value, int *pred) __DEF_IF_HOST
      |                                                                                                ^~~~~~~~~~~~~
/usr/local/cuda/include/crt/sm_70_rt.h: In function 'unsigned int __match_all_sync(unsigned int, long int, int*)':
/usr/local/cuda/include/crt/sm_70_rt.h:84:25: warning: no return statement in function returning non-void [-Wreturn-type]
   84 | #define __DEF_IF_HOST { }
      |                         ^
/usr/local/cuda/include/crt/sm_70_rt.h:105:87: note: in expansion of macro '__DEF_IF_HOST'
  105 | __SM_70_RT_DECL__ unsigned int __match_all_sync(unsigned mask, long value, int *pred) __DEF_IF_HOST
      |                                                                                       ^~~~~~~~~~~~~
/usr/local/cuda/include/crt/sm_70_rt.h: In function 'unsigned int __match_all_sync(unsigned int, long long unsigned int, int*)':
/usr/local/cuda/include/crt/sm_70_rt.h:84:25: warning: no return statement in function returning non-void [-Wreturn-type]
   84 | #define __DEF_IF_HOST { }
      |                         ^
/usr/local/cuda/include/crt/sm_70_rt.h:106:101: note: in expansion of macro '__DEF_IF_HOST'
  106 | __SM_70_RT_DECL__ unsigned int __match_all_sync(unsigned mask, unsigned long long value, int *pred) __DEF_IF_HOST
      |                                                                                                     ^~~~~~~~~~~~~
/usr/local/cuda/include/crt/sm_70_rt.h: In function 'unsigned int __match_all_sync(unsigned int, long long int, int*)':
/usr/local/cuda/include/crt/sm_70_rt.h:84:25: warning: no return statement in function returning non-void [-Wreturn-type]
   84 | #define __DEF_IF_HOST { }
      |                         ^
/usr/local/cuda/include/crt/sm_70_rt.h:107:92: note: in expansion of macro '__DEF_IF_HOST'
  107 | __SM_70_RT_DECL__ unsigned int __match_all_sync(unsigned mask, long long value, int *pred) __DEF_IF_HOST
      |                                                                                            ^~~~~~~~~~~~~
/usr/local/cuda/include/crt/sm_70_rt.h: In function 'unsigned int __match_all_sync(unsigned int, float, int*)':
/usr/local/cuda/include/crt/sm_70_rt.h:84:25: warning: no return statement in function returning non-void [-Wreturn-type]
   84 | #define __DEF_IF_HOST { }
      |                         ^
/usr/local/cuda/include/crt/sm_70_rt.h:108:88: note: in expansion of macro '__DEF_IF_HOST'
  108 | __SM_70_RT_DECL__ unsigned int __match_all_sync(unsigned mask, float value, int *pred) __DEF_IF_HOST
      |                                                                                        ^~~~~~~~~~~~~
/usr/local/cuda/include/crt/sm_70_rt.h: In function 'unsigned int __match_all_sync(unsigned int, double, int*)':
/usr/local/cuda/include/crt/sm_70_rt.h:84:25: warning: no return statement in function returning non-void [-Wreturn-type]
   84 | #define __DEF_IF_HOST { }
      |                         ^
/usr/local/cuda/include/crt/sm_70_rt.h:109:89: note: in expansion of macro '__DEF_IF_HOST'
  109 | __SM_70_RT_DECL__ unsigned int __match_all_sync(unsigned mask, double value, int *pred) __DEF_IF_HOST
      |                                                                                         ^~~~~~~~~~~~~
/usr/local/cuda/include/crt/sm_70_rt.h: In function 'short unsigned int atomicCAS(short unsigned int*, short unsigned int, short unsigned int)':
/usr/local/cuda/include/crt/sm_70_rt.h:84:25: warning: no return statement in function returning non-void [-Wreturn-type]
   84 | #define __DEF_IF_HOST { }
      |                         ^
/usr/local/cuda/include/crt/sm_70_rt.h:113:129: note: in expansion of macro '__DEF_IF_HOST'
  113 | __SM_70_RT_DECL__ unsigned short int atomicCAS(unsigned short int *address, unsigned short int compare, unsigned short int val) __DEF_IF_HOST
      |                                                                                                                                 ^~~~~~~~~~~~~
In file included from /usr/local/cuda/include/crt/device_functions.h:3627,
                 from /home/GVirtuS/GVirtuS/plugins/cudart/backend/CudaRtHandler.h:71,
                 from /home/GVirtuS/GVirtuS/plugins/cudart/backend/CudaRtHandler_error.cpp:26:
/usr/local/cuda/include/crt/sm_80_rt.h: In function 'unsigned int __reduce_add_sync(unsigned int, unsigned int)':
/usr/local/cuda/include/crt/sm_80_rt.h:84:25: warning: no return statement in function returning non-void [-Wreturn-type]
   84 | #define __DEF_IF_HOST { }
      |                         ^
/usr/local/cuda/include/crt/sm_80_rt.h:93:77: note: in expansion of macro '__DEF_IF_HOST'
   93 | __SM_80_RT_DECL__ unsigned __reduce_add_sync(unsigned mask, unsigned value) __DEF_IF_HOST
      |                                                                             ^~~~~~~~~~~~~
/usr/local/cuda/include/crt/sm_80_rt.h: In function 'unsigned int __reduce_min_sync(unsigned int, unsigned int)':
/usr/local/cuda/include/crt/sm_80_rt.h:84:25: warning: no return statement in function returning non-void [-Wreturn-type]
   84 | #define __DEF_IF_HOST { }
      |                         ^
/usr/local/cuda/include/crt/sm_80_rt.h:94:77: note: in expansion of macro '__DEF_IF_HOST'
   94 | __SM_80_RT_DECL__ unsigned __reduce_min_sync(unsigned mask, unsigned value) __DEF_IF_HOST
      |                                                                             ^~~~~~~~~~~~~
/usr/local/cuda/include/crt/sm_80_rt.h: In function 'unsigned int __reduce_max_sync(unsigned int, unsigned int)':
/usr/local/cuda/include/crt/sm_80_rt.h:84:25: warning: no return statement in function returning non-void [-Wreturn-type]
   84 | #define __DEF_IF_HOST { }
      |                         ^
/usr/local/cuda/include/crt/sm_80_rt.h:95:77: note: in expansion of macro '__DEF_IF_HOST'
   95 | __SM_80_RT_DECL__ unsigned __reduce_max_sync(unsigned mask, unsigned value) __DEF_IF_HOST
      |                                                                             ^~~~~~~~~~~~~
/usr/local/cuda/include/crt/sm_80_rt.h: In function 'int __reduce_add_sync(unsigned int, int)':
/usr/local/cuda/include/crt/sm_80_rt.h:84:25: warning: no return statement in function returning non-void [-Wreturn-type]
   84 | #define __DEF_IF_HOST { }
      |                         ^
/usr/local/cuda/include/crt/sm_80_rt.h:97:67: note: in expansion of macro '__DEF_IF_HOST'
   97 | __SM_80_RT_DECL__ int __reduce_add_sync(unsigned mask, int value) __DEF_IF_HOST
      |                                                                   ^~~~~~~~~~~~~
/usr/local/cuda/include/crt/sm_80_rt.h: In function 'int __reduce_min_sync(unsigned int, int)':
/usr/local/cuda/include/crt/sm_80_rt.h:84:25: warning: no return statement in function returning non-void [-Wreturn-type]
   84 | #define __DEF_IF_HOST { }
      |                         ^
/usr/local/cuda/include/crt/sm_80_rt.h:98:67: note: in expansion of macro '__DEF_IF_HOST'
   98 | __SM_80_RT_DECL__ int __reduce_min_sync(unsigned mask, int value) __DEF_IF_HOST
      |                                                                   ^~~~~~~~~~~~~
/usr/local/cuda/include/crt/sm_80_rt.h: In function 'int __reduce_max_sync(unsigned int, int)':
/usr/local/cuda/include/crt/sm_80_rt.h:84:25: warning: no return statement in function returning non-void [-Wreturn-type]
   84 | #define __DEF_IF_HOST { }
      |                         ^
/usr/local/cuda/include/crt/sm_80_rt.h:99:67: note: in expansion of macro '__DEF_IF_HOST'
   99 | __SM_80_RT_DECL__ int __reduce_max_sync(unsigned mask, int value) __DEF_IF_HOST
      |                                                                   ^~~~~~~~~~~~~
/usr/local/cuda/include/crt/sm_80_rt.h: In function 'unsigned int __reduce_and_sync(unsigned int, unsigned int)':
/usr/local/cuda/include/crt/sm_80_rt.h:84:25: warning: no return statement in function returning non-void [-Wreturn-type]
   84 | #define __DEF_IF_HOST { }
      |                         ^
/usr/local/cuda/include/crt/sm_80_rt.h:101:77: note: in expansion of macro '__DEF_IF_HOST'
  101 | __SM_80_RT_DECL__ unsigned __reduce_and_sync(unsigned mask, unsigned value) __DEF_IF_HOST
      |                                                                             ^~~~~~~~~~~~~
/usr/local/cuda/include/crt/sm_80_rt.h: In function 'unsigned int __reduce_or_sync(unsigned int, unsigned int)':
/usr/local/cuda/include/crt/sm_80_rt.h:84:25: warning: no return statement in function returning non-void [-Wreturn-type]
   84 | #define __DEF_IF_HOST { }
      |                         ^
/usr/local/cuda/include/crt/sm_80_rt.h:102:76: note: in expansion of macro '__DEF_IF_HOST'
  102 | __SM_80_RT_DECL__ unsigned __reduce_or_sync(unsigned mask, unsigned value) __DEF_IF_HOST
      |                                                                            ^~~~~~~~~~~~~
/usr/local/cuda/include/crt/sm_80_rt.h: In function 'unsigned int __reduce_xor_sync(unsigned int, unsigned int)':
/usr/local/cuda/include/crt/sm_80_rt.h:84:25: warning: no return statement in function returning non-void [-Wreturn-type]
   84 | #define __DEF_IF_HOST { }
      |                         ^
/usr/local/cuda/include/crt/sm_80_rt.h:103:77: note: in expansion of macro '__DEF_IF_HOST'
  103 | __SM_80_RT_DECL__ unsigned __reduce_xor_sync(unsigned mask, unsigned value) __DEF_IF_HOST
      |                                                                             ^~~~~~~~~~~~~
In file included from /usr/local/cuda/include/crt/device_functions.h:3628,
                 from /home/GVirtuS/GVirtuS/plugins/cudart/backend/CudaRtHandler.h:71,
                 from /home/GVirtuS/GVirtuS/plugins/cudart/backend/CudaRtHandler_error.cpp:26:
/usr/local/cuda/include/crt/sm_90_rt.h: In function 'unsigned int __isCtaShared(const void*)':
/usr/local/cuda/include/crt/sm_90_rt.h:84:25: warning: no return statement in function returning non-void [-Wreturn-type]
   84 | #define __DEF_IF_HOST { }
      |                         ^
/usr/local/cuda/include/crt/sm_90_rt.h:89:59: note: in expansion of macro '__DEF_IF_HOST'
   89 | __SM_90_RT_DECL__ unsigned __isCtaShared(const void *ptr) __DEF_IF_HOST
      |                                                           ^~~~~~~~~~~~~
/usr/local/cuda/include/crt/sm_90_rt.h: In function 'unsigned int __isClusterShared(const void*)':
/usr/local/cuda/include/crt/sm_90_rt.h:84:25: warning: no return statement in function returning non-void [-Wreturn-type]
   84 | #define __DEF_IF_HOST { }
      |                         ^
/usr/local/cuda/include/crt/sm_90_rt.h:90:63: note: in expansion of macro '__DEF_IF_HOST'
   90 | __SM_90_RT_DECL__ unsigned __isClusterShared(const void *ptr) __DEF_IF_HOST
      |                                                               ^~~~~~~~~~~~~
/usr/local/cuda/include/crt/sm_90_rt.h: In function 'void* __cluster_map_shared_rank(const void*, unsigned int)':
/usr/local/cuda/include/crt/sm_90_rt.h:84:25: warning: no return statement in function returning non-void [-Wreturn-type]
   84 | #define __DEF_IF_HOST { }
      |                         ^
/usr/local/cuda/include/crt/sm_90_rt.h:91:97: note: in expansion of macro '__DEF_IF_HOST'
   91 | __SM_90_RT_DECL__ void *__cluster_map_shared_rank(const void *ptr, unsigned target_block_rank)  __DEF_IF_HOST
      |                                                                                                 ^~~~~~~~~~~~~
/usr/local/cuda/include/crt/sm_90_rt.h: In function 'unsigned int __cluster_query_shared_rank(const void*)':
/usr/local/cuda/include/crt/sm_90_rt.h:84:25: warning: no return statement in function returning non-void [-Wreturn-type]
   84 | #define __DEF_IF_HOST { }
      |                         ^
/usr/local/cuda/include/crt/sm_90_rt.h:92:73: note: in expansion of macro '__DEF_IF_HOST'
   92 | __SM_90_RT_DECL__ unsigned __cluster_query_shared_rank(const void *ptr) __DEF_IF_HOST
      |                                                                         ^~~~~~~~~~~~~
/usr/local/cuda/include/crt/sm_90_rt.h: In function 'uint2 __cluster_map_shared_multicast(const void*, unsigned int)':
/usr/local/cuda/include/crt/sm_90_rt.h:84:25: warning: no return statement in function returning non-void [-Wreturn-type]
   84 | #define __DEF_IF_HOST { }
      |                         ^
/usr/local/cuda/include/crt/sm_90_rt.h:93:100: note: in expansion of macro '__DEF_IF_HOST'
   93 | __SM_90_RT_DECL__ uint2 __cluster_map_shared_multicast(const void *ptr, unsigned cluster_cta_mask) __DEF_IF_HOST
      |                                                                                                    ^~~~~~~~~~~~~
/usr/local/cuda/include/crt/sm_90_rt.h: In function 'unsigned int __clusterDimIsSpecified()':
/usr/local/cuda/include/crt/sm_90_rt.h:84:25: warning: no return statement in function returning non-void [-Wreturn-type]
   84 | #define __DEF_IF_HOST { }
      |                         ^
/usr/local/cuda/include/crt/sm_90_rt.h:94:54: note: in expansion of macro '__DEF_IF_HOST'
   94 | __SM_90_RT_DECL__ unsigned __clusterDimIsSpecified() __DEF_IF_HOST
      |                                                      ^~~~~~~~~~~~~
/usr/local/cuda/include/crt/sm_90_rt.h: In function 'dim3 __clusterDim()':
/usr/local/cuda/include/crt/sm_90_rt.h:84:25: warning: no return statement in function returning non-void [-Wreturn-type]
   84 | #define __DEF_IF_HOST { }
      |                         ^
/usr/local/cuda/include/crt/sm_90_rt.h:95:39: note: in expansion of macro '__DEF_IF_HOST'
   95 | __SM_90_RT_DECL__ dim3 __clusterDim() __DEF_IF_HOST
      |                                       ^~~~~~~~~~~~~
/usr/local/cuda/include/crt/sm_90_rt.h: In function 'dim3 __clusterRelativeBlockIdx()':
/usr/local/cuda/include/crt/sm_90_rt.h:84:25: warning: no return statement in function returning non-void [-Wreturn-type]
   84 | #define __DEF_IF_HOST { }
      |                         ^
/usr/local/cuda/include/crt/sm_90_rt.h:96:52: note: in expansion of macro '__DEF_IF_HOST'
   96 | __SM_90_RT_DECL__ dim3 __clusterRelativeBlockIdx() __DEF_IF_HOST
      |                                                    ^~~~~~~~~~~~~
/usr/local/cuda/include/crt/sm_90_rt.h: In function 'dim3 __clusterGridDimInClusters()':
/usr/local/cuda/include/crt/sm_90_rt.h:84:25: warning: no return statement in function returning non-void [-Wreturn-type]
   84 | #define __DEF_IF_HOST { }
      |                         ^
/usr/local/cuda/include/crt/sm_90_rt.h:97:53: note: in expansion of macro '__DEF_IF_HOST'
   97 | __SM_90_RT_DECL__ dim3 __clusterGridDimInClusters() __DEF_IF_HOST
      |                                                     ^~~~~~~~~~~~~
/usr/local/cuda/include/crt/sm_90_rt.h: In function 'dim3 __clusterIdx()':
/usr/local/cuda/include/crt/sm_90_rt.h:84:25: warning: no return statement in function returning non-void [-Wreturn-type]
   84 | #define __DEF_IF_HOST { }
      |                         ^
/usr/local/cuda/include/crt/sm_90_rt.h:98:39: note: in expansion of macro '__DEF_IF_HOST'
   98 | __SM_90_RT_DECL__ dim3 __clusterIdx() __DEF_IF_HOST
      |                                       ^~~~~~~~~~~~~
/usr/local/cuda/include/crt/sm_90_rt.h: In function 'unsigned int __clusterRelativeBlockRank()':
/usr/local/cuda/include/crt/sm_90_rt.h:84:25: warning: no return statement in function returning non-void [-Wreturn-type]
   84 | #define __DEF_IF_HOST { }
      |                         ^
/usr/local/cuda/include/crt/sm_90_rt.h:99:57: note: in expansion of macro '__DEF_IF_HOST'
   99 | __SM_90_RT_DECL__ unsigned __clusterRelativeBlockRank() __DEF_IF_HOST
      |                                                         ^~~~~~~~~~~~~
/usr/local/cuda/include/crt/sm_90_rt.h: In function 'unsigned int __clusterSizeInBlocks()':
/usr/local/cuda/include/crt/sm_90_rt.h:84:25: warning: no return statement in function returning non-void [-Wreturn-type]
   84 | #define __DEF_IF_HOST { }
      |                         ^
/usr/local/cuda/include/crt/sm_90_rt.h:100:52: note: in expansion of macro '__DEF_IF_HOST'
  100 | __SM_90_RT_DECL__ unsigned __clusterSizeInBlocks() __DEF_IF_HOST
      |                                                    ^~~~~~~~~~~~~
/usr/local/cuda/include/crt/sm_90_rt.h: In function 'float2 atomicAdd(float2*, float2)':
/usr/local/cuda/include/crt/sm_90_rt.h:84:25: warning: no return statement in function returning non-void [-Wreturn-type]
   84 | #define __DEF_IF_HOST { }
      |                         ^
/usr/local/cuda/include/crt/sm_90_rt.h:106:65: note: in expansion of macro '__DEF_IF_HOST'
  106 | __SM_90_RT_DECL__ float2 atomicAdd(float2 *address, float2 val) __DEF_IF_HOST
      |                                                                 ^~~~~~~~~~~~~
/usr/local/cuda/include/crt/sm_90_rt.h: In function 'float2 atomicAdd_block(float2*, float2)':
/usr/local/cuda/include/crt/sm_90_rt.h:84:25: warning: no return statement in function returning non-void [-Wreturn-type]
   84 | #define __DEF_IF_HOST { }
      |                         ^
/usr/local/cuda/include/crt/sm_90_rt.h:107:71: note: in expansion of macro '__DEF_IF_HOST'
  107 | __SM_90_RT_DECL__ float2 atomicAdd_block(float2 *address, float2 val) __DEF_IF_HOST
      |                                                                       ^~~~~~~~~~~~~
/usr/local/cuda/include/crt/sm_90_rt.h: In function 'float2 atomicAdd_system(float2*, float2)':
/usr/local/cuda/include/crt/sm_90_rt.h:84:25: warning: no return statement in function returning non-void [-Wreturn-type]
   84 | #define __DEF_IF_HOST { }
      |                         ^
/usr/local/cuda/include/crt/sm_90_rt.h:108:72: note: in expansion of macro '__DEF_IF_HOST'
  108 | __SM_90_RT_DECL__ float2 atomicAdd_system(float2 *address, float2 val) __DEF_IF_HOST
      |                                                                        ^~~~~~~~~~~~~
/usr/local/cuda/include/crt/sm_90_rt.h: In function 'float4 atomicAdd(float4*, float4)':
/usr/local/cuda/include/crt/sm_90_rt.h:84:25: warning: no return statement in function returning non-void [-Wreturn-type]
   84 | #define __DEF_IF_HOST { }
      |                         ^
/usr/local/cuda/include/crt/sm_90_rt.h:109:65: note: in expansion of macro '__DEF_IF_HOST'
  109 | __SM_90_RT_DECL__ float4 atomicAdd(float4 *address, float4 val) __DEF_IF_HOST
      |                                                                 ^~~~~~~~~~~~~
/usr/local/cuda/include/crt/sm_90_rt.h: In function 'float4 atomicAdd_block(float4*, float4)':
/usr/local/cuda/include/crt/sm_90_rt.h:84:25: warning: no return statement in function returning non-void [-Wreturn-type]
   84 | #define __DEF_IF_HOST { }
      |                         ^
/usr/local/cuda/include/crt/sm_90_rt.h:110:71: note: in expansion of macro '__DEF_IF_HOST'
  110 | __SM_90_RT_DECL__ float4 atomicAdd_block(float4 *address, float4 val) __DEF_IF_HOST
      |                                                                       ^~~~~~~~~~~~~
/usr/local/cuda/include/crt/sm_90_rt.h: In function 'float4 atomicAdd_system(float4*, float4)':
/usr/local/cuda/include/crt/sm_90_rt.h:84:25: warning: no return statement in function returning non-void [-Wreturn-type]
   84 | #define __DEF_IF_HOST { }
      |                         ^
/usr/local/cuda/include/crt/sm_90_rt.h:111:72: note: in expansion of macro '__DEF_IF_HOST'
  111 | __SM_90_RT_DECL__ float4 atomicAdd_system(float4 *address, float4 val) __DEF_IF_HOST
      |                                                                        ^~~~~~~~~~~~~
[ 61%] Building CXX object plugins/cudart/CMakeFiles/gvirtus-plugin-cudart.dir/backend/CudaRtHandler.cpp.o
In file included from /home/GVirtuS/GVirtuS/plugins/cudart/backend/CudaRtHandler.h:71,
                 from /home/GVirtuS/GVirtuS/plugins/cudart/backend/CudaRtHandler.cpp:36:
/usr/local/cuda/include/crt/device_functions.h:54:2: warning: #warning "crt/device_functions.h is an internal header file and must not be used directly.  Please use cuda_runtime_api.h or cuda_runtime.h instead." [-Wcpp]
   54 | #warning "crt/device_functions.h is an internal header file and must not be used directly.  Please use cuda_runtime_api.h or cuda_runtime.h instead."
      |  ^~~~~~~
In file included from /usr/local/cuda/include/crt/device_functions.h:3615,
                 from /home/GVirtuS/GVirtuS/plugins/cudart/backend/CudaRtHandler.h:71,
                 from /home/GVirtuS/GVirtuS/plugins/cudart/backend/CudaRtHandler.cpp:36:
/usr/local/cuda/include/device_atomic_functions.h: In function 'int atomicAdd(int*, int)':
/usr/local/cuda/include/device_atomic_functions.h:74:25: warning: no return statement in function returning non-void [-Wreturn-type]
   74 | #define __DEF_IF_HOST { }
      |                         ^
/usr/local/cuda/include/device_atomic_functions.h:86:71: note: in expansion of macro '__DEF_IF_HOST'
   86 | __DEVICE_ATOMIC_FUNCTIONS_DECL__ int atomicAdd(int *address, int val) __DEF_IF_HOST
      |                                                                       ^~~~~~~~~~~~~
/usr/local/cuda/include/device_atomic_functions.h: In function 'unsigned int atomicAdd(unsigned int*, unsigned int)':
/usr/local/cuda/include/device_atomic_functions.h:74:25: warning: no return statement in function returning non-void [-Wreturn-type]
   74 | #define __DEF_IF_HOST { }
      |                         ^
/usr/local/cuda/include/device_atomic_functions.h:88:98: note: in expansion of macro '__DEF_IF_HOST'
   88 | __DEVICE_ATOMIC_FUNCTIONS_DECL__ unsigned int atomicAdd(unsigned int *address, unsigned int val) __DEF_IF_HOST
      |                                                                                                  ^~~~~~~~~~~~~
/usr/local/cuda/include/device_atomic_functions.h: In function 'int atomicSub(int*, int)':
/usr/local/cuda/include/device_atomic_functions.h:74:25: warning: no return statement in function returning non-void [-Wreturn-type]
   74 | #define __DEF_IF_HOST { }
      |                         ^
/usr/local/cuda/include/device_atomic_functions.h:90:71: note: in expansion of macro '__DEF_IF_HOST'
   90 | __DEVICE_ATOMIC_FUNCTIONS_DECL__ int atomicSub(int *address, int val) __DEF_IF_HOST
      |                                                                       ^~~~~~~~~~~~~
/usr/local/cuda/include/device_atomic_functions.h: In function 'unsigned int atomicSub(unsigned int*, unsigned int)':
/usr/local/cuda/include/device_atomic_functions.h:74:25: warning: no return statement in function returning non-void [-Wreturn-type]
   74 | #define __DEF_IF_HOST { }
      |                         ^
/usr/local/cuda/include/device_atomic_functions.h:92:98: note: in expansion of macro '__DEF_IF_HOST'
   92 | __DEVICE_ATOMIC_FUNCTIONS_DECL__ unsigned int atomicSub(unsigned int *address, unsigned int val) __DEF_IF_HOST
      |                                                                                                  ^~~~~~~~~~~~~
/usr/local/cuda/include/device_atomic_functions.h: In function 'int atomicExch(int*, int)':
/usr/local/cuda/include/device_atomic_functions.h:74:25: warning: no return statement in function returning non-void [-Wreturn-type]
   74 | #define __DEF_IF_HOST { }
      |                         ^
/usr/local/cuda/include/device_atomic_functions.h:94:72: note: in expansion of macro '__DEF_IF_HOST'
   94 | __DEVICE_ATOMIC_FUNCTIONS_DECL__ int atomicExch(int *address, int val) __DEF_IF_HOST
      |                                                                        ^~~~~~~~~~~~~
/usr/local/cuda/include/device_atomic_functions.h: In function 'unsigned int atomicExch(unsigned int*, unsigned int)':
/usr/local/cuda/include/device_atomic_functions.h:74:25: warning: no return statement in function returning non-void [-Wreturn-type]
   74 | #define __DEF_IF_HOST { }
      |                         ^
/usr/local/cuda/include/device_atomic_functions.h:96:99: note: in expansion of macro '__DEF_IF_HOST'
   96 | __DEVICE_ATOMIC_FUNCTIONS_DECL__ unsigned int atomicExch(unsigned int *address, unsigned int val) __DEF_IF_HOST
      |                                                                                                   ^~~~~~~~~~~~~
/usr/local/cuda/include/device_atomic_functions.h: In function 'float atomicExch(float*, float)':
/usr/local/cuda/include/device_atomic_functions.h:74:25: warning: no return statement in function returning non-void [-Wreturn-type]
   74 | #define __DEF_IF_HOST { }
      |                         ^
/usr/local/cuda/include/device_atomic_functions.h:98:78: note: in expansion of macro '__DEF_IF_HOST'
   98 | __DEVICE_ATOMIC_FUNCTIONS_DECL__ float atomicExch(float *address, float val) __DEF_IF_HOST
      |                                                                              ^~~~~~~~~~~~~
/usr/local/cuda/include/device_atomic_functions.h: In function 'int atomicMin(int*, int)':
/usr/local/cuda/include/device_atomic_functions.h:74:25: warning: no return statement in function returning non-void [-Wreturn-type]
   74 | #define __DEF_IF_HOST { }
      |                         ^
/usr/local/cuda/include/device_atomic_functions.h:100:71: note: in expansion of macro '__DEF_IF_HOST'
  100 | __DEVICE_ATOMIC_FUNCTIONS_DECL__ int atomicMin(int *address, int val) __DEF_IF_HOST
      |                                                                       ^~~~~~~~~~~~~
/usr/local/cuda/include/device_atomic_functions.h: In function 'unsigned int atomicMin(unsigned int*, unsigned int)':
/usr/local/cuda/include/device_atomic_functions.h:74:25: warning: no return statement in function returning non-void [-Wreturn-type]
   74 | #define __DEF_IF_HOST { }
      |                         ^
/usr/local/cuda/include/device_atomic_functions.h:102:98: note: in expansion of macro '__DEF_IF_HOST'
  102 | __DEVICE_ATOMIC_FUNCTIONS_DECL__ unsigned int atomicMin(unsigned int *address, unsigned int val) __DEF_IF_HOST
      |                                                                                                  ^~~~~~~~~~~~~
/usr/local/cuda/include/device_atomic_functions.h: In function 'int atomicMax(int*, int)':
/usr/local/cuda/include/device_atomic_functions.h:74:25: warning: no return statement in function returning non-void [-Wreturn-type]
   74 | #define __DEF_IF_HOST { }
      |                         ^
/usr/local/cuda/include/device_atomic_functions.h:104:71: note: in expansion of macro '__DEF_IF_HOST'
  104 | __DEVICE_ATOMIC_FUNCTIONS_DECL__ int atomicMax(int *address, int val) __DEF_IF_HOST
      |                                                                       ^~~~~~~~~~~~~
/usr/local/cuda/include/device_atomic_functions.h: In function 'unsigned int atomicMax(unsigned int*, unsigned int)':
/usr/local/cuda/include/device_atomic_functions.h:74:25: warning: no return statement in function returning non-void [-Wreturn-type]
   74 | #define __DEF_IF_HOST { }
      |                         ^
/usr/local/cuda/include/device_atomic_functions.h:106:98: note: in expansion of macro '__DEF_IF_HOST'
  106 | __DEVICE_ATOMIC_FUNCTIONS_DECL__ unsigned int atomicMax(unsigned int *address, unsigned int val) __DEF_IF_HOST
      |                                                                                                  ^~~~~~~~~~~~~
/usr/local/cuda/include/device_atomic_functions.h: In function 'unsigned int atomicInc(unsigned int*, unsigned int)':
/usr/local/cuda/include/device_atomic_functions.h:74:25: warning: no return statement in function returning non-void [-Wreturn-type]
   74 | #define __DEF_IF_HOST { }
      |                         ^
/usr/local/cuda/include/device_atomic_functions.h:108:98: note: in expansion of macro '__DEF_IF_HOST'
  108 | __DEVICE_ATOMIC_FUNCTIONS_DECL__ unsigned int atomicInc(unsigned int *address, unsigned int val) __DEF_IF_HOST
      |                                                                                                  ^~~~~~~~~~~~~
/usr/local/cuda/include/device_atomic_functions.h: In function 'unsigned int atomicDec(unsigned int*, unsigned int)':
/usr/local/cuda/include/device_atomic_functions.h:74:25: warning: no return statement in function returning non-void [-Wreturn-type]
   74 | #define __DEF_IF_HOST { }
      |                         ^
/usr/local/cuda/include/device_atomic_functions.h:110:98: note: in expansion of macro '__DEF_IF_HOST'
  110 | __DEVICE_ATOMIC_FUNCTIONS_DECL__ unsigned int atomicDec(unsigned int *address, unsigned int val) __DEF_IF_HOST
      |                                                                                                  ^~~~~~~~~~~~~
/usr/local/cuda/include/device_atomic_functions.h: In function 'int atomicAnd(int*, int)':
/usr/local/cuda/include/device_atomic_functions.h:74:25: warning: no return statement in function returning non-void [-Wreturn-type]
   74 | #define __DEF_IF_HOST { }
      |                         ^
/usr/local/cuda/include/device_atomic_functions.h:112:71: note: in expansion of macro '__DEF_IF_HOST'
  112 | __DEVICE_ATOMIC_FUNCTIONS_DECL__ int atomicAnd(int *address, int val) __DEF_IF_HOST
      |                                                                       ^~~~~~~~~~~~~
/usr/local/cuda/include/device_atomic_functions.h: In function 'unsigned int atomicAnd(unsigned int*, unsigned int)':
/usr/local/cuda/include/device_atomic_functions.h:74:25: warning: no return statement in function returning non-void [-Wreturn-type]
   74 | #define __DEF_IF_HOST { }
      |                         ^
/usr/local/cuda/include/device_atomic_functions.h:114:98: note: in expansion of macro '__DEF_IF_HOST'
  114 | __DEVICE_ATOMIC_FUNCTIONS_DECL__ unsigned int atomicAnd(unsigned int *address, unsigned int val) __DEF_IF_HOST
      |                                                                                                  ^~~~~~~~~~~~~
/usr/local/cuda/include/device_atomic_functions.h: In function 'int atomicOr(int*, int)':
/usr/local/cuda/include/device_atomic_functions.h:74:25: warning: no return statement in function returning non-void [-Wreturn-type]
   74 | #define __DEF_IF_HOST { }
      |                         ^
/usr/local/cuda/include/device_atomic_functions.h:116:70: note: in expansion of macro '__DEF_IF_HOST'
  116 | __DEVICE_ATOMIC_FUNCTIONS_DECL__ int atomicOr(int *address, int val) __DEF_IF_HOST
      |                                                                      ^~~~~~~~~~~~~
/usr/local/cuda/include/device_atomic_functions.h: In function 'unsigned int atomicOr(unsigned int*, unsigned int)':
/usr/local/cuda/include/device_atomic_functions.h:74:25: warning: no return statement in function returning non-void [-Wreturn-type]
   74 | #define __DEF_IF_HOST { }
      |                         ^
/usr/local/cuda/include/device_atomic_functions.h:118:97: note: in expansion of macro '__DEF_IF_HOST'
  118 | __DEVICE_ATOMIC_FUNCTIONS_DECL__ unsigned int atomicOr(unsigned int *address, unsigned int val) __DEF_IF_HOST
      |                                                                                                 ^~~~~~~~~~~~~
/usr/local/cuda/include/device_atomic_functions.h: In function 'int atomicXor(int*, int)':
/usr/local/cuda/include/device_atomic_functions.h:74:25: warning: no return statement in function returning non-void [-Wreturn-type]
   74 | #define __DEF_IF_HOST { }
      |                         ^
/usr/local/cuda/include/device_atomic_functions.h:120:71: note: in expansion of macro '__DEF_IF_HOST'
  120 | __DEVICE_ATOMIC_FUNCTIONS_DECL__ int atomicXor(int *address, int val) __DEF_IF_HOST
      |                                                                       ^~~~~~~~~~~~~
/usr/local/cuda/include/device_atomic_functions.h: In function 'unsigned int atomicXor(unsigned int*, unsigned int)':
/usr/local/cuda/include/device_atomic_functions.h:74:25: warning: no return statement in function returning non-void [-Wreturn-type]
   74 | #define __DEF_IF_HOST { }
      |                         ^
/usr/local/cuda/include/device_atomic_functions.h:122:98: note: in expansion of macro '__DEF_IF_HOST'
  122 | __DEVICE_ATOMIC_FUNCTIONS_DECL__ unsigned int atomicXor(unsigned int *address, unsigned int val) __DEF_IF_HOST
      |                                                                                                  ^~~~~~~~~~~~~
/usr/local/cuda/include/device_atomic_functions.h: In function 'int atomicCAS(int*, int, int)':
/usr/local/cuda/include/device_atomic_functions.h:74:25: warning: no return statement in function returning non-void [-Wreturn-type]
   74 | #define __DEF_IF_HOST { }
      |                         ^
/usr/local/cuda/include/device_atomic_functions.h:124:84: note: in expansion of macro '__DEF_IF_HOST'
  124 | __DEVICE_ATOMIC_FUNCTIONS_DECL__ int atomicCAS(int *address, int compare, int val) __DEF_IF_HOST
      |                                                                                    ^~~~~~~~~~~~~
/usr/local/cuda/include/device_atomic_functions.h: In function 'unsigned int atomicCAS(unsigned int*, unsigned int, unsigned int)':
/usr/local/cuda/include/device_atomic_functions.h:74:25: warning: no return statement in function returning non-void [-Wreturn-type]
   74 | #define __DEF_IF_HOST { }
      |                         ^
/usr/local/cuda/include/device_atomic_functions.h:126:120: note: in expansion of macro '__DEF_IF_HOST'
  126 | __DEVICE_ATOMIC_FUNCTIONS_DECL__ unsigned int atomicCAS(unsigned int *address, unsigned int compare, unsigned int val) __DEF_IF_HOST
      |                                                                                                                        ^~~~~~~~~~~~~
/usr/local/cuda/include/device_atomic_functions.h: In function 'long long unsigned int atomicAdd(long long unsigned int*, long long unsigned int)':
/usr/local/cuda/include/device_atomic_functions.h:74:25: warning: no return statement in function returning non-void [-Wreturn-type]
   74 | #define __DEF_IF_HOST { }
      |                         ^
/usr/local/cuda/include/device_atomic_functions.h:166:128: note: in expansion of macro '__DEF_IF_HOST'
  166 | __DEVICE_ATOMIC_FUNCTIONS_DECL__ unsigned long long int atomicAdd(unsigned long long int *address, unsigned long long int val) __DEF_IF_HOST
      |                                                                                                                                ^~~~~~~~~~~~~
/usr/local/cuda/include/device_atomic_functions.h: In function 'long long unsigned int atomicExch(long long unsigned int*, long long unsigned int)':
/usr/local/cuda/include/device_atomic_functions.h:74:25: warning: no return statement in function returning non-void [-Wreturn-type]
   74 | #define __DEF_IF_HOST { }
      |                         ^
/usr/local/cuda/include/device_atomic_functions.h:168:129: note: in expansion of macro '__DEF_IF_HOST'
  168 | __DEVICE_ATOMIC_FUNCTIONS_DECL__ unsigned long long int atomicExch(unsigned long long int *address, unsigned long long int val) __DEF_IF_HOST
      |                                                                                                                                 ^~~~~~~~~~~~~
/usr/local/cuda/include/device_atomic_functions.h: In function 'long long unsigned int atomicCAS(long long unsigned int*, long long unsigned int, long long unsigned int)':
/usr/local/cuda/include/device_atomic_functions.h:74:25: warning: no return statement in function returning non-void [-Wreturn-type]
   74 | #define __DEF_IF_HOST { }
      |                         ^
/usr/local/cuda/include/device_atomic_functions.h:170:160: note: in expansion of macro '__DEF_IF_HOST'
  170 | __DEVICE_ATOMIC_FUNCTIONS_DECL__ unsigned long long int atomicCAS(unsigned long long int *address, unsigned long long int compare, unsigned long long int val) __DEF_IF_HOST
      |                                                                                                                                                                ^~~~~~~~~~~~~
/usr/local/cuda/include/device_atomic_functions.h: In function 'bool any(bool)':
/usr/local/cuda/include/device_atomic_functions.h:74:25: warning: no return statement in function returning non-void [-Wreturn-type]
   74 | #define __DEF_IF_HOST { }
      |                         ^
/usr/local/cuda/include/device_atomic_functions.h:172:103: note: in expansion of macro '__DEF_IF_HOST'
  172 | __DEVICE_ATOMIC_FUNCTIONS_DECL__ __DEPRECATED__(__WSB_DEPRECATION_MESSAGE(__any)) bool any(bool cond) __DEF_IF_HOST
      |                                                                                                       ^~~~~~~~~~~~~
/usr/local/cuda/include/device_atomic_functions.h: In function 'bool all(bool)':
/usr/local/cuda/include/device_atomic_functions.h:74:25: warning: no return statement in function returning non-void [-Wreturn-type]
   74 | #define __DEF_IF_HOST { }
      |                         ^
/usr/local/cuda/include/device_atomic_functions.h:174:103: note: in expansion of macro '__DEF_IF_HOST'
  174 | __DEVICE_ATOMIC_FUNCTIONS_DECL__ __DEPRECATED__(__WSB_DEPRECATION_MESSAGE(__all)) bool all(bool cond) __DEF_IF_HOST
      |                                                                                                       ^~~~~~~~~~~~~
In file included from /usr/local/cuda/include/crt/device_functions.h:3617,
                 from /home/GVirtuS/GVirtuS/plugins/cudart/backend/CudaRtHandler.h:71,
                 from /home/GVirtuS/GVirtuS/plugins/cudart/backend/CudaRtHandler.cpp:36:
/usr/local/cuda/include/sm_20_atomic_functions.h: In function 'float atomicAdd(float*, float)':
/usr/local/cuda/include/sm_20_atomic_functions.h:79:25: warning: no return statement in function returning non-void [-Wreturn-type]
   79 | #define __DEF_IF_HOST { }
      |                         ^
/usr/local/cuda/include/sm_20_atomic_functions.h:96:76: note: in expansion of macro '__DEF_IF_HOST'
   96 | __SM_20_ATOMIC_FUNCTIONS_DECL__ float atomicAdd(float *address, float val) __DEF_IF_HOST
      |                                                                            ^~~~~~~~~~~~~
In file included from /usr/local/cuda/include/crt/device_functions.h:3618,
                 from /home/GVirtuS/GVirtuS/plugins/cudart/backend/CudaRtHandler.h:71,
                 from /home/GVirtuS/GVirtuS/plugins/cudart/backend/CudaRtHandler.cpp:36:
/usr/local/cuda/include/sm_32_atomic_functions.h: In function 'long long int atomicMin(long long int*, long long int)':
/usr/local/cuda/include/sm_32_atomic_functions.h:72:25: warning: no return statement in function returning non-void [-Wreturn-type]
   72 | #define __DEF_IF_HOST { }
      |                         ^
/usr/local/cuda/include/sm_32_atomic_functions.h:89:88: note: in expansion of macro '__DEF_IF_HOST'
   89 | __SM_32_ATOMIC_FUNCTIONS_DECL__ long long atomicMin(long long *address, long long val) __DEF_IF_HOST
      |                                                                                        ^~~~~~~~~~~~~
/usr/local/cuda/include/sm_32_atomic_functions.h: In function 'long long int atomicMax(long long int*, long long int)':
/usr/local/cuda/include/sm_32_atomic_functions.h:72:25: warning: no return statement in function returning non-void [-Wreturn-type]
   72 | #define __DEF_IF_HOST { }
      |                         ^
/usr/local/cuda/include/sm_32_atomic_functions.h:91:88: note: in expansion of macro '__DEF_IF_HOST'
   91 | __SM_32_ATOMIC_FUNCTIONS_DECL__ long long atomicMax(long long *address, long long val) __DEF_IF_HOST
      |                                                                                        ^~~~~~~~~~~~~
/usr/local/cuda/include/sm_32_atomic_functions.h: In function 'long long int atomicAnd(long long int*, long long int)':
/usr/local/cuda/include/sm_32_atomic_functions.h:72:25: warning: no return statement in function returning non-void [-Wreturn-type]
   72 | #define __DEF_IF_HOST { }
      |                         ^
/usr/local/cuda/include/sm_32_atomic_functions.h:93:88: note: in expansion of macro '__DEF_IF_HOST'
   93 | __SM_32_ATOMIC_FUNCTIONS_DECL__ long long atomicAnd(long long *address, long long val) __DEF_IF_HOST
      |                                                                                        ^~~~~~~~~~~~~
/usr/local/cuda/include/sm_32_atomic_functions.h: In function 'long long int atomicOr(long long int*, long long int)':
/usr/local/cuda/include/sm_32_atomic_functions.h:72:25: warning: no return statement in function returning non-void [-Wreturn-type]
   72 | #define __DEF_IF_HOST { }
      |                         ^
/usr/local/cuda/include/sm_32_atomic_functions.h:95:87: note: in expansion of macro '__DEF_IF_HOST'
   95 | __SM_32_ATOMIC_FUNCTIONS_DECL__ long long atomicOr(long long *address, long long val) __DEF_IF_HOST
      |                                                                                       ^~~~~~~~~~~~~
/usr/local/cuda/include/sm_32_atomic_functions.h: In function 'long long int atomicXor(long long int*, long long int)':
/usr/local/cuda/include/sm_32_atomic_functions.h:72:25: warning: no return statement in function returning non-void [-Wreturn-type]
   72 | #define __DEF_IF_HOST { }
      |                         ^
/usr/local/cuda/include/sm_32_atomic_functions.h:97:88: note: in expansion of macro '__DEF_IF_HOST'
   97 | __SM_32_ATOMIC_FUNCTIONS_DECL__ long long atomicXor(long long *address, long long val) __DEF_IF_HOST
      |                                                                                        ^~~~~~~~~~~~~
/usr/local/cuda/include/sm_32_atomic_functions.h: In function 'long long unsigned int atomicMin(long long unsigned int*, long long unsigned int)':
/usr/local/cuda/include/sm_32_atomic_functions.h:72:25: warning: no return statement in function returning non-void [-Wreturn-type]
   72 | #define __DEF_IF_HOST { }
      |                         ^
/usr/local/cuda/include/sm_32_atomic_functions.h:99:115: note: in expansion of macro '__DEF_IF_HOST'
   99 | __SM_32_ATOMIC_FUNCTIONS_DECL__ unsigned long long atomicMin(unsigned long long *address, unsigned long long val) __DEF_IF_HOST
      |                                                                                                                   ^~~~~~~~~~~~~
/usr/local/cuda/include/sm_32_atomic_functions.h: In function 'long long unsigned int atomicMax(long long unsigned int*, long long unsigned int)':
/usr/local/cuda/include/sm_32_atomic_functions.h:72:25: warning: no return statement in function returning non-void [-Wreturn-type]
   72 | #define __DEF_IF_HOST { }
      |                         ^
/usr/local/cuda/include/sm_32_atomic_functions.h:101:115: note: in expansion of macro '__DEF_IF_HOST'
  101 | __SM_32_ATOMIC_FUNCTIONS_DECL__ unsigned long long atomicMax(unsigned long long *address, unsigned long long val) __DEF_IF_HOST
      |                                                                                                                   ^~~~~~~~~~~~~
/usr/local/cuda/include/sm_32_atomic_functions.h: In function 'long long unsigned int atomicAnd(long long unsigned int*, long long unsigned int)':
/usr/local/cuda/include/sm_32_atomic_functions.h:72:25: warning: no return statement in function returning non-void [-Wreturn-type]
   72 | #define __DEF_IF_HOST { }
      |                         ^
/usr/local/cuda/include/sm_32_atomic_functions.h:103:115: note: in expansion of macro '__DEF_IF_HOST'
  103 | __SM_32_ATOMIC_FUNCTIONS_DECL__ unsigned long long atomicAnd(unsigned long long *address, unsigned long long val) __DEF_IF_HOST
      |                                                                                                                   ^~~~~~~~~~~~~
/usr/local/cuda/include/sm_32_atomic_functions.h: In function 'long long unsigned int atomicOr(long long unsigned int*, long long unsigned int)':
/usr/local/cuda/include/sm_32_atomic_functions.h:72:25: warning: no return statement in function returning non-void [-Wreturn-type]
   72 | #define __DEF_IF_HOST { }
      |                         ^
/usr/local/cuda/include/sm_32_atomic_functions.h:105:114: note: in expansion of macro '__DEF_IF_HOST'
  105 | __SM_32_ATOMIC_FUNCTIONS_DECL__ unsigned long long atomicOr(unsigned long long *address, unsigned long long val) __DEF_IF_HOST
      |                                                                                                                  ^~~~~~~~~~~~~
/usr/local/cuda/include/sm_32_atomic_functions.h: In function 'long long unsigned int atomicXor(long long unsigned int*, long long unsigned int)':
/usr/local/cuda/include/sm_32_atomic_functions.h:72:25: warning: no return statement in function returning non-void [-Wreturn-type]
   72 | #define __DEF_IF_HOST { }
      |                         ^
/usr/local/cuda/include/sm_32_atomic_functions.h:107:115: note: in expansion of macro '__DEF_IF_HOST'
  107 | __SM_32_ATOMIC_FUNCTIONS_DECL__ unsigned long long atomicXor(unsigned long long *address, unsigned long long val) __DEF_IF_HOST
      |                                                                                                                   ^~~~~~~~~~~~~
In file included from /usr/local/cuda/include/crt/device_functions.h:3620,
                 from /home/GVirtuS/GVirtuS/plugins/cudart/backend/CudaRtHandler.h:71,
                 from /home/GVirtuS/GVirtuS/plugins/cudart/backend/CudaRtHandler.cpp:36:
/usr/local/cuda/include/sm_60_atomic_functions.h: In function 'double atomicAdd(double*, double)':
/usr/local/cuda/include/sm_60_atomic_functions.h:77:25: warning: no return statement in function returning non-void [-Wreturn-type]
   77 | #define __DEF_IF_HOST { }
      |                         ^
/usr/local/cuda/include/sm_60_atomic_functions.h:90:79: note: in expansion of macro '__DEF_IF_HOST'
   90 | __SM_60_ATOMIC_FUNCTIONS_DECL__ double atomicAdd(double *address, double val) __DEF_IF_HOST
      |                                                                               ^~~~~~~~~~~~~
/usr/local/cuda/include/sm_60_atomic_functions.h: In function 'int atomicAdd_block(int*, int)':
/usr/local/cuda/include/sm_60_atomic_functions.h:77:25: warning: no return statement in function returning non-void [-Wreturn-type]
   77 | #define __DEF_IF_HOST { }
      |                         ^
/usr/local/cuda/include/sm_60_atomic_functions.h:93:44: note: in expansion of macro '__DEF_IF_HOST'
   93 | int atomicAdd_block(int *address, int val) __DEF_IF_HOST
      |                                            ^~~~~~~~~~~~~
/usr/local/cuda/include/sm_60_atomic_functions.h: In function 'int atomicAdd_system(int*, int)':
/usr/local/cuda/include/sm_60_atomic_functions.h:77:25: warning: no return statement in function returning non-void [-Wreturn-type]
   77 | #define __DEF_IF_HOST { }
      |                         ^
/usr/local/cuda/include/sm_60_atomic_functions.h:96:45: note: in expansion of macro '__DEF_IF_HOST'
   96 | int atomicAdd_system(int *address, int val) __DEF_IF_HOST
      |                                             ^~~~~~~~~~~~~
/usr/local/cuda/include/sm_60_atomic_functions.h: In function 'unsigned int atomicAdd_block(unsigned int*, unsigned int)':
/usr/local/cuda/include/sm_60_atomic_functions.h:77:25: warning: no return statement in function returning non-void [-Wreturn-type]
   77 | #define __DEF_IF_HOST { }
      |                         ^
/usr/local/cuda/include/sm_60_atomic_functions.h:99:71: note: in expansion of macro '__DEF_IF_HOST'
   99 | unsigned int atomicAdd_block(unsigned int *address, unsigned int val) __DEF_IF_HOST
      |                                                                       ^~~~~~~~~~~~~
/usr/local/cuda/include/sm_60_atomic_functions.h: In function 'unsigned int atomicAdd_system(unsigned int*, unsigned int)':
/usr/local/cuda/include/sm_60_atomic_functions.h:77:25: warning: no return statement in function returning non-void [-Wreturn-type]
   77 | #define __DEF_IF_HOST { }
      |                         ^
/usr/local/cuda/include/sm_60_atomic_functions.h:102:72: note: in expansion of macro '__DEF_IF_HOST'
  102 | unsigned int atomicAdd_system(unsigned int *address, unsigned int val) __DEF_IF_HOST
      |                                                                        ^~~~~~~~~~~~~
/usr/local/cuda/include/sm_60_atomic_functions.h: In function 'long long unsigned int atomicAdd_block(long long unsigned int*, long long unsigned int)':
/usr/local/cuda/include/sm_60_atomic_functions.h:77:25: warning: no return statement in function returning non-void [-Wreturn-type]
   77 | #define __DEF_IF_HOST { }
      |                         ^
/usr/local/cuda/include/sm_60_atomic_functions.h:105:89: note: in expansion of macro '__DEF_IF_HOST'
  105 | unsigned long long atomicAdd_block(unsigned long long *address, unsigned long long val) __DEF_IF_HOST
      |                                                                                         ^~~~~~~~~~~~~
/usr/local/cuda/include/sm_60_atomic_functions.h: In function 'long long unsigned int atomicAdd_system(long long unsigned int*, long long unsigned int)':
/usr/local/cuda/include/sm_60_atomic_functions.h:77:25: warning: no return statement in function returning non-void [-Wreturn-type]
   77 | #define __DEF_IF_HOST { }
      |                         ^
/usr/local/cuda/include/sm_60_atomic_functions.h:108:90: note: in expansion of macro '__DEF_IF_HOST'
  108 | unsigned long long atomicAdd_system(unsigned long long *address, unsigned long long val) __DEF_IF_HOST
      |                                                                                          ^~~~~~~~~~~~~
/usr/local/cuda/include/sm_60_atomic_functions.h: In function 'float atomicAdd_block(float*, float)':
/usr/local/cuda/include/sm_60_atomic_functions.h:77:25: warning: no return statement in function returning non-void [-Wreturn-type]
   77 | #define __DEF_IF_HOST { }
      |                         ^
/usr/local/cuda/include/sm_60_atomic_functions.h:111:50: note: in expansion of macro '__DEF_IF_HOST'
  111 | float atomicAdd_block(float *address, float val) __DEF_IF_HOST
      |                                                  ^~~~~~~~~~~~~
/usr/local/cuda/include/sm_60_atomic_functions.h: In function 'float atomicAdd_system(float*, float)':
/usr/local/cuda/include/sm_60_atomic_functions.h:77:25: warning: no return statement in function returning non-void [-Wreturn-type]
   77 | #define __DEF_IF_HOST { }
      |                         ^
/usr/local/cuda/include/sm_60_atomic_functions.h:114:51: note: in expansion of macro '__DEF_IF_HOST'
  114 | float atomicAdd_system(float *address, float val) __DEF_IF_HOST
      |                                                   ^~~~~~~~~~~~~
/usr/local/cuda/include/sm_60_atomic_functions.h: In function 'double atomicAdd_block(double*, double)':
/usr/local/cuda/include/sm_60_atomic_functions.h:77:25: warning: no return statement in function returning non-void [-Wreturn-type]
   77 | #define __DEF_IF_HOST { }
      |                         ^
/usr/local/cuda/include/sm_60_atomic_functions.h:117:53: note: in expansion of macro '__DEF_IF_HOST'
  117 | double atomicAdd_block(double *address, double val) __DEF_IF_HOST
      |                                                     ^~~~~~~~~~~~~
/usr/local/cuda/include/sm_60_atomic_functions.h: In function 'double atomicAdd_system(double*, double)':
/usr/local/cuda/include/sm_60_atomic_functions.h:77:25: warning: no return statement in function returning non-void [-Wreturn-type]
   77 | #define __DEF_IF_HOST { }
      |                         ^
/usr/local/cuda/include/sm_60_atomic_functions.h:120:54: note: in expansion of macro '__DEF_IF_HOST'
  120 | double atomicAdd_system(double *address, double val) __DEF_IF_HOST
      |                                                      ^~~~~~~~~~~~~
/usr/local/cuda/include/sm_60_atomic_functions.h: In function 'int atomicSub_block(int*, int)':
/usr/local/cuda/include/sm_60_atomic_functions.h:77:25: warning: no return statement in function returning non-void [-Wreturn-type]
   77 | #define __DEF_IF_HOST { }
      |                         ^
/usr/local/cuda/include/sm_60_atomic_functions.h:123:44: note: in expansion of macro '__DEF_IF_HOST'
  123 | int atomicSub_block(int *address, int val) __DEF_IF_HOST
      |                                            ^~~~~~~~~~~~~
/usr/local/cuda/include/sm_60_atomic_functions.h: In function 'int atomicSub_system(int*, int)':
/usr/local/cuda/include/sm_60_atomic_functions.h:77:25: warning: no return statement in function returning non-void [-Wreturn-type]
   77 | #define __DEF_IF_HOST { }
      |                         ^
/usr/local/cuda/include/sm_60_atomic_functions.h:126:45: note: in expansion of macro '__DEF_IF_HOST'
  126 | int atomicSub_system(int *address, int val) __DEF_IF_HOST
      |                                             ^~~~~~~~~~~~~
/usr/local/cuda/include/sm_60_atomic_functions.h: In function 'unsigned int atomicSub_block(unsigned int*, unsigned int)':
/usr/local/cuda/include/sm_60_atomic_functions.h:77:25: warning: no return statement in function returning non-void [-Wreturn-type]
   77 | #define __DEF_IF_HOST { }
      |                         ^
/usr/local/cuda/include/sm_60_atomic_functions.h:129:71: note: in expansion of macro '__DEF_IF_HOST'
  129 | unsigned int atomicSub_block(unsigned int *address, unsigned int val) __DEF_IF_HOST
      |                                                                       ^~~~~~~~~~~~~
/usr/local/cuda/include/sm_60_atomic_functions.h: In function 'unsigned int atomicSub_system(unsigned int*, unsigned int)':
/usr/local/cuda/include/sm_60_atomic_functions.h:77:25: warning: no return statement in function returning non-void [-Wreturn-type]
   77 | #define __DEF_IF_HOST { }
      |                         ^
/usr/local/cuda/include/sm_60_atomic_functions.h:132:72: note: in expansion of macro '__DEF_IF_HOST'
  132 | unsigned int atomicSub_system(unsigned int *address, unsigned int val) __DEF_IF_HOST
      |                                                                        ^~~~~~~~~~~~~
/usr/local/cuda/include/sm_60_atomic_functions.h: In function 'int atomicExch_block(int*, int)':
/usr/local/cuda/include/sm_60_atomic_functions.h:77:25: warning: no return statement in function returning non-void [-Wreturn-type]
   77 | #define __DEF_IF_HOST { }
      |                         ^
/usr/local/cuda/include/sm_60_atomic_functions.h:135:45: note: in expansion of macro '__DEF_IF_HOST'
  135 | int atomicExch_block(int *address, int val) __DEF_IF_HOST
      |                                             ^~~~~~~~~~~~~
/usr/local/cuda/include/sm_60_atomic_functions.h: In function 'int atomicExch_system(int*, int)':
/usr/local/cuda/include/sm_60_atomic_functions.h:77:25: warning: no return statement in function returning non-void [-Wreturn-type]
   77 | #define __DEF_IF_HOST { }
      |                         ^
/usr/local/cuda/include/sm_60_atomic_functions.h:138:46: note: in expansion of macro '__DEF_IF_HOST'
  138 | int atomicExch_system(int *address, int val) __DEF_IF_HOST
      |                                              ^~~~~~~~~~~~~
/usr/local/cuda/include/sm_60_atomic_functions.h: In function 'unsigned int atomicExch_block(unsigned int*, unsigned int)':
/usr/local/cuda/include/sm_60_atomic_functions.h:77:25: warning: no return statement in function returning non-void [-Wreturn-type]
   77 | #define __DEF_IF_HOST { }
      |                         ^
/usr/local/cuda/include/sm_60_atomic_functions.h:141:72: note: in expansion of macro '__DEF_IF_HOST'
  141 | unsigned int atomicExch_block(unsigned int *address, unsigned int val) __DEF_IF_HOST
      |                                                                        ^~~~~~~~~~~~~
/usr/local/cuda/include/sm_60_atomic_functions.h: In function 'unsigned int atomicExch_system(unsigned int*, unsigned int)':
/usr/local/cuda/include/sm_60_atomic_functions.h:77:25: warning: no return statement in function returning non-void [-Wreturn-type]
   77 | #define __DEF_IF_HOST { }
      |                         ^
/usr/local/cuda/include/sm_60_atomic_functions.h:144:73: note: in expansion of macro '__DEF_IF_HOST'
  144 | unsigned int atomicExch_system(unsigned int *address, unsigned int val) __DEF_IF_HOST
      |                                                                         ^~~~~~~~~~~~~
/usr/local/cuda/include/sm_60_atomic_functions.h: In function 'long long unsigned int atomicExch_block(long long unsigned int*, long long unsigned int)':
/usr/local/cuda/include/sm_60_atomic_functions.h:77:25: warning: no return statement in function returning non-void [-Wreturn-type]
   77 | #define __DEF_IF_HOST { }
      |                         ^
/usr/local/cuda/include/sm_60_atomic_functions.h:147:90: note: in expansion of macro '__DEF_IF_HOST'
  147 | unsigned long long atomicExch_block(unsigned long long *address, unsigned long long val) __DEF_IF_HOST
      |                                                                                          ^~~~~~~~~~~~~
/usr/local/cuda/include/sm_60_atomic_functions.h: In function 'long long unsigned int atomicExch_system(long long unsigned int*, long long unsigned int)':
/usr/local/cuda/include/sm_60_atomic_functions.h:77:25: warning: no return statement in function returning non-void [-Wreturn-type]
   77 | #define __DEF_IF_HOST { }
      |                         ^
/usr/local/cuda/include/sm_60_atomic_functions.h:150:91: note: in expansion of macro '__DEF_IF_HOST'
  150 | unsigned long long atomicExch_system(unsigned long long *address, unsigned long long val) __DEF_IF_HOST
      |                                                                                           ^~~~~~~~~~~~~
/usr/local/cuda/include/sm_60_atomic_functions.h: In function 'float atomicExch_block(float*, float)':
/usr/local/cuda/include/sm_60_atomic_functions.h:77:25: warning: no return statement in function returning non-void [-Wreturn-type]
   77 | #define __DEF_IF_HOST { }
      |                         ^
/usr/local/cuda/include/sm_60_atomic_functions.h:153:51: note: in expansion of macro '__DEF_IF_HOST'
  153 | float atomicExch_block(float *address, float val) __DEF_IF_HOST
      |                                                   ^~~~~~~~~~~~~
/usr/local/cuda/include/sm_60_atomic_functions.h: In function 'float atomicExch_system(float*, float)':
/usr/local/cuda/include/sm_60_atomic_functions.h:77:25: warning: no return statement in function returning non-void [-Wreturn-type]
   77 | #define __DEF_IF_HOST { }
      |                         ^
/usr/local/cuda/include/sm_60_atomic_functions.h:156:52: note: in expansion of macro '__DEF_IF_HOST'
  156 | float atomicExch_system(float *address, float val) __DEF_IF_HOST
      |                                                    ^~~~~~~~~~~~~
/usr/local/cuda/include/sm_60_atomic_functions.h: In function 'int atomicMin_block(int*, int)':
/usr/local/cuda/include/sm_60_atomic_functions.h:77:25: warning: no return statement in function returning non-void [-Wreturn-type]
   77 | #define __DEF_IF_HOST { }
      |                         ^
/usr/local/cuda/include/sm_60_atomic_functions.h:159:44: note: in expansion of macro '__DEF_IF_HOST'
  159 | int atomicMin_block(int *address, int val) __DEF_IF_HOST
      |                                            ^~~~~~~~~~~~~
/usr/local/cuda/include/sm_60_atomic_functions.h: In function 'int atomicMin_system(int*, int)':
/usr/local/cuda/include/sm_60_atomic_functions.h:77:25: warning: no return statement in function returning non-void [-Wreturn-type]
   77 | #define __DEF_IF_HOST { }
      |                         ^
/usr/local/cuda/include/sm_60_atomic_functions.h:162:45: note: in expansion of macro '__DEF_IF_HOST'
  162 | int atomicMin_system(int *address, int val) __DEF_IF_HOST
      |                                             ^~~~~~~~~~~~~
/usr/local/cuda/include/sm_60_atomic_functions.h: In function 'long long int atomicMin_block(long long int*, long long int)':
/usr/local/cuda/include/sm_60_atomic_functions.h:77:25: warning: no return statement in function returning non-void [-Wreturn-type]
   77 | #define __DEF_IF_HOST { }
      |                         ^
/usr/local/cuda/include/sm_60_atomic_functions.h:165:62: note: in expansion of macro '__DEF_IF_HOST'
  165 | long long atomicMin_block(long long *address, long long val) __DEF_IF_HOST
      |                                                              ^~~~~~~~~~~~~
/usr/local/cuda/include/sm_60_atomic_functions.h: In function 'long long int atomicMin_system(long long int*, long long int)':
/usr/local/cuda/include/sm_60_atomic_functions.h:77:25: warning: no return statement in function returning non-void [-Wreturn-type]
   77 | #define __DEF_IF_HOST { }
      |                         ^
/usr/local/cuda/include/sm_60_atomic_functions.h:168:63: note: in expansion of macro '__DEF_IF_HOST'
  168 | long long atomicMin_system(long long *address, long long val) __DEF_IF_HOST
      |                                                               ^~~~~~~~~~~~~
/usr/local/cuda/include/sm_60_atomic_functions.h: In function 'unsigned int atomicMin_block(unsigned int*, unsigned int)':
/usr/local/cuda/include/sm_60_atomic_functions.h:77:25: warning: no return statement in function returning non-void [-Wreturn-type]
   77 | #define __DEF_IF_HOST { }
      |                         ^
/usr/local/cuda/include/sm_60_atomic_functions.h:171:71: note: in expansion of macro '__DEF_IF_HOST'
  171 | unsigned int atomicMin_block(unsigned int *address, unsigned int val) __DEF_IF_HOST
      |                                                                       ^~~~~~~~~~~~~
/usr/local/cuda/include/sm_60_atomic_functions.h: In function 'unsigned int atomicMin_system(unsigned int*, unsigned int)':
/usr/local/cuda/include/sm_60_atomic_functions.h:77:25: warning: no return statement in function returning non-void [-Wreturn-type]
   77 | #define __DEF_IF_HOST { }
      |                         ^
/usr/local/cuda/include/sm_60_atomic_functions.h:174:72: note: in expansion of macro '__DEF_IF_HOST'
  174 | unsigned int atomicMin_system(unsigned int *address, unsigned int val) __DEF_IF_HOST
      |                                                                        ^~~~~~~~~~~~~
/usr/local/cuda/include/sm_60_atomic_functions.h: In function 'long long unsigned int atomicMin_block(long long unsigned int*, long long unsigned int)':
/usr/local/cuda/include/sm_60_atomic_functions.h:77:25: warning: no return statement in function returning non-void [-Wreturn-type]
   77 | #define __DEF_IF_HOST { }
      |                         ^
/usr/local/cuda/include/sm_60_atomic_functions.h:177:89: note: in expansion of macro '__DEF_IF_HOST'
  177 | unsigned long long atomicMin_block(unsigned long long *address, unsigned long long val) __DEF_IF_HOST
      |                                                                                         ^~~~~~~~~~~~~
/usr/local/cuda/include/sm_60_atomic_functions.h: In function 'long long unsigned int atomicMin_system(long long unsigned int*, long long unsigned int)':
/usr/local/cuda/include/sm_60_atomic_functions.h:77:25: warning: no return statement in function returning non-void [-Wreturn-type]
   77 | #define __DEF_IF_HOST { }
      |                         ^
/usr/local/cuda/include/sm_60_atomic_functions.h:180:90: note: in expansion of macro '__DEF_IF_HOST'
  180 | unsigned long long atomicMin_system(unsigned long long *address, unsigned long long val) __DEF_IF_HOST
      |                                                                                          ^~~~~~~~~~~~~
/usr/local/cuda/include/sm_60_atomic_functions.h: In function 'int atomicMax_block(int*, int)':
/usr/local/cuda/include/sm_60_atomic_functions.h:77:25: warning: no return statement in function returning non-void [-Wreturn-type]
   77 | #define __DEF_IF_HOST { }
      |                         ^
/usr/local/cuda/include/sm_60_atomic_functions.h:183:44: note: in expansion of macro '__DEF_IF_HOST'
  183 | int atomicMax_block(int *address, int val) __DEF_IF_HOST
      |                                            ^~~~~~~~~~~~~
/usr/local/cuda/include/sm_60_atomic_functions.h: In function 'int atomicMax_system(int*, int)':
/usr/local/cuda/include/sm_60_atomic_functions.h:77:25: warning: no return statement in function returning non-void [-Wreturn-type]
   77 | #define __DEF_IF_HOST { }
      |                         ^
/usr/local/cuda/include/sm_60_atomic_functions.h:186:45: note: in expansion of macro '__DEF_IF_HOST'
  186 | int atomicMax_system(int *address, int val) __DEF_IF_HOST
      |                                             ^~~~~~~~~~~~~
/usr/local/cuda/include/sm_60_atomic_functions.h: In function 'long long int atomicMax_block(long long int*, long long int)':
/usr/local/cuda/include/sm_60_atomic_functions.h:77:25: warning: no return statement in function returning non-void [-Wreturn-type]
   77 | #define __DEF_IF_HOST { }
      |                         ^
/usr/local/cuda/include/sm_60_atomic_functions.h:189:62: note: in expansion of macro '__DEF_IF_HOST'
  189 | long long atomicMax_block(long long *address, long long val) __DEF_IF_HOST
      |                                                              ^~~~~~~~~~~~~
/usr/local/cuda/include/sm_60_atomic_functions.h: In function 'long long int atomicMax_system(long long int*, long long int)':
/usr/local/cuda/include/sm_60_atomic_functions.h:77:25: warning: no return statement in function returning non-void [-Wreturn-type]
   77 | #define __DEF_IF_HOST { }
      |                         ^
/usr/local/cuda/include/sm_60_atomic_functions.h:192:63: note: in expansion of macro '__DEF_IF_HOST'
  192 | long long atomicMax_system(long long *address, long long val) __DEF_IF_HOST
      |                                                               ^~~~~~~~~~~~~
/usr/local/cuda/include/sm_60_atomic_functions.h: In function 'unsigned int atomicMax_block(unsigned int*, unsigned int)':
/usr/local/cuda/include/sm_60_atomic_functions.h:77:25: warning: no return statement in function returning non-void [-Wreturn-type]
   77 | #define __DEF_IF_HOST { }
      |                         ^
/usr/local/cuda/include/sm_60_atomic_functions.h:195:71: note: in expansion of macro '__DEF_IF_HOST'
  195 | unsigned int atomicMax_block(unsigned int *address, unsigned int val) __DEF_IF_HOST
      |                                                                       ^~~~~~~~~~~~~
/usr/local/cuda/include/sm_60_atomic_functions.h: In function 'unsigned int atomicMax_system(unsigned int*, unsigned int)':
/usr/local/cuda/include/sm_60_atomic_functions.h:77:25: warning: no return statement in function returning non-void [-Wreturn-type]
   77 | #define __DEF_IF_HOST { }
      |                         ^
/usr/local/cuda/include/sm_60_atomic_functions.h:198:72: note: in expansion of macro '__DEF_IF_HOST'
  198 | unsigned int atomicMax_system(unsigned int *address, unsigned int val) __DEF_IF_HOST
      |                                                                        ^~~~~~~~~~~~~
/usr/local/cuda/include/sm_60_atomic_functions.h: In function 'long long unsigned int atomicMax_block(long long unsigned int*, long long unsigned int)':
/usr/local/cuda/include/sm_60_atomic_functions.h:77:25: warning: no return statement in function returning non-void [-Wreturn-type]
   77 | #define __DEF_IF_HOST { }
      |                         ^
/usr/local/cuda/include/sm_60_atomic_functions.h:201:89: note: in expansion of macro '__DEF_IF_HOST'
  201 | unsigned long long atomicMax_block(unsigned long long *address, unsigned long long val) __DEF_IF_HOST
      |                                                                                         ^~~~~~~~~~~~~
/usr/local/cuda/include/sm_60_atomic_functions.h: In function 'long long unsigned int atomicMax_system(long long unsigned int*, long long unsigned int)':
/usr/local/cuda/include/sm_60_atomic_functions.h:77:25: warning: no return statement in function returning non-void [-Wreturn-type]
   77 | #define __DEF_IF_HOST { }
      |                         ^
/usr/local/cuda/include/sm_60_atomic_functions.h:204:90: note: in expansion of macro '__DEF_IF_HOST'
  204 | unsigned long long atomicMax_system(unsigned long long *address, unsigned long long val) __DEF_IF_HOST
      |                                                                                          ^~~~~~~~~~~~~
/usr/local/cuda/include/sm_60_atomic_functions.h: In function 'unsigned int atomicInc_block(unsigned int*, unsigned int)':
/usr/local/cuda/include/sm_60_atomic_functions.h:77:25: warning: no return statement in function returning non-void [-Wreturn-type]
   77 | #define __DEF_IF_HOST { }
      |                         ^
/usr/local/cuda/include/sm_60_atomic_functions.h:207:71: note: in expansion of macro '__DEF_IF_HOST'
  207 | unsigned int atomicInc_block(unsigned int *address, unsigned int val) __DEF_IF_HOST
      |                                                                       ^~~~~~~~~~~~~
/usr/local/cuda/include/sm_60_atomic_functions.h: In function 'unsigned int atomicInc_system(unsigned int*, unsigned int)':
/usr/local/cuda/include/sm_60_atomic_functions.h:77:25: warning: no return statement in function returning non-void [-Wreturn-type]
   77 | #define __DEF_IF_HOST { }
      |                         ^
/usr/local/cuda/include/sm_60_atomic_functions.h:210:72: note: in expansion of macro '__DEF_IF_HOST'
  210 | unsigned int atomicInc_system(unsigned int *address, unsigned int val) __DEF_IF_HOST
      |                                                                        ^~~~~~~~~~~~~
/usr/local/cuda/include/sm_60_atomic_functions.h: In function 'unsigned int atomicDec_block(unsigned int*, unsigned int)':
/usr/local/cuda/include/sm_60_atomic_functions.h:77:25: warning: no return statement in function returning non-void [-Wreturn-type]
   77 | #define __DEF_IF_HOST { }
      |                         ^
/usr/local/cuda/include/sm_60_atomic_functions.h:213:71: note: in expansion of macro '__DEF_IF_HOST'
  213 | unsigned int atomicDec_block(unsigned int *address, unsigned int val) __DEF_IF_HOST
      |                                                                       ^~~~~~~~~~~~~
/usr/local/cuda/include/sm_60_atomic_functions.h: In function 'unsigned int atomicDec_system(unsigned int*, unsigned int)':
/usr/local/cuda/include/sm_60_atomic_functions.h:77:25: warning: no return statement in function returning non-void [-Wreturn-type]
   77 | #define __DEF_IF_HOST { }
      |                         ^
/usr/local/cuda/include/sm_60_atomic_functions.h:216:72: note: in expansion of macro '__DEF_IF_HOST'
  216 | unsigned int atomicDec_system(unsigned int *address, unsigned int val) __DEF_IF_HOST
      |                                                                        ^~~~~~~~~~~~~
/usr/local/cuda/include/sm_60_atomic_functions.h: In function 'int atomicCAS_block(int*, int, int)':
/usr/local/cuda/include/sm_60_atomic_functions.h:77:25: warning: no return statement in function returning non-void [-Wreturn-type]
   77 | #define __DEF_IF_HOST { }
      |                         ^
/usr/local/cuda/include/sm_60_atomic_functions.h:219:57: note: in expansion of macro '__DEF_IF_HOST'
  219 | int atomicCAS_block(int *address, int compare, int val) __DEF_IF_HOST
      |                                                         ^~~~~~~~~~~~~
/usr/local/cuda/include/sm_60_atomic_functions.h: In function 'int atomicCAS_system(int*, int, int)':
/usr/local/cuda/include/sm_60_atomic_functions.h:77:25: warning: no return statement in function returning non-void [-Wreturn-type]
   77 | #define __DEF_IF_HOST { }
      |                         ^
/usr/local/cuda/include/sm_60_atomic_functions.h:222:58: note: in expansion of macro '__DEF_IF_HOST'
  222 | int atomicCAS_system(int *address, int compare, int val) __DEF_IF_HOST
      |                                                          ^~~~~~~~~~~~~
/usr/local/cuda/include/sm_60_atomic_functions.h: In function 'unsigned int atomicCAS_block(unsigned int*, unsigned int, unsigned int)':
/usr/local/cuda/include/sm_60_atomic_functions.h:77:25: warning: no return statement in function returning non-void [-Wreturn-type]
   77 | #define __DEF_IF_HOST { }
      |                         ^
/usr/local/cuda/include/sm_60_atomic_functions.h:226:48: note: in expansion of macro '__DEF_IF_HOST'
  226 |                              unsigned int val) __DEF_IF_HOST
      |                                                ^~~~~~~~~~~~~
/usr/local/cuda/include/sm_60_atomic_functions.h: In function 'unsigned int atomicCAS_system(unsigned int*, unsigned int, unsigned int)':
/usr/local/cuda/include/sm_60_atomic_functions.h:77:25: warning: no return statement in function returning non-void [-Wreturn-type]
   77 | #define __DEF_IF_HOST { }
      |                         ^
/usr/local/cuda/include/sm_60_atomic_functions.h:230:49: note: in expansion of macro '__DEF_IF_HOST'
  230 |                               unsigned int val) __DEF_IF_HOST
      |                                                 ^~~~~~~~~~~~~
/usr/local/cuda/include/sm_60_atomic_functions.h: In function 'long long unsigned int atomicCAS_block(long long unsigned int*, long long unsigned int, long long unsigned int)':
/usr/local/cuda/include/sm_60_atomic_functions.h:77:25: warning: no return statement in function returning non-void [-Wreturn-type]
   77 | #define __DEF_IF_HOST { }
      |                         ^
/usr/local/cuda/include/sm_60_atomic_functions.h:235:68: note: in expansion of macro '__DEF_IF_HOST'
  235 |                                        unsigned long long int val) __DEF_IF_HOST
      |                                                                    ^~~~~~~~~~~~~
/usr/local/cuda/include/sm_60_atomic_functions.h: In function 'long long unsigned int atomicCAS_system(long long unsigned int*, long long unsigned int, long long unsigned int)':
/usr/local/cuda/include/sm_60_atomic_functions.h:77:25: warning: no return statement in function returning non-void [-Wreturn-type]
   77 | #define __DEF_IF_HOST { }
      |                         ^
/usr/local/cuda/include/sm_60_atomic_functions.h:240:69: note: in expansion of macro '__DEF_IF_HOST'
  240 |                                         unsigned long long int val) __DEF_IF_HOST
      |                                                                     ^~~~~~~~~~~~~
/usr/local/cuda/include/sm_60_atomic_functions.h: In function 'int atomicAnd_block(int*, int)':
/usr/local/cuda/include/sm_60_atomic_functions.h:77:25: warning: no return statement in function returning non-void [-Wreturn-type]
   77 | #define __DEF_IF_HOST { }
      |                         ^
/usr/local/cuda/include/sm_60_atomic_functions.h:243:44: note: in expansion of macro '__DEF_IF_HOST'
  243 | int atomicAnd_block(int *address, int val) __DEF_IF_HOST
      |                                            ^~~~~~~~~~~~~
/usr/local/cuda/include/sm_60_atomic_functions.h: In function 'int atomicAnd_system(int*, int)':
/usr/local/cuda/include/sm_60_atomic_functions.h:77:25: warning: no return statement in function returning non-void [-Wreturn-type]
   77 | #define __DEF_IF_HOST { }
      |                         ^
/usr/local/cuda/include/sm_60_atomic_functions.h:246:45: note: in expansion of macro '__DEF_IF_HOST'
  246 | int atomicAnd_system(int *address, int val) __DEF_IF_HOST
      |                                             ^~~~~~~~~~~~~
/usr/local/cuda/include/sm_60_atomic_functions.h: In function 'long long int atomicAnd_block(long long int*, long long int)':
/usr/local/cuda/include/sm_60_atomic_functions.h:77:25: warning: no return statement in function returning non-void [-Wreturn-type]
   77 | #define __DEF_IF_HOST { }
      |                         ^
/usr/local/cuda/include/sm_60_atomic_functions.h:249:62: note: in expansion of macro '__DEF_IF_HOST'
  249 | long long atomicAnd_block(long long *address, long long val) __DEF_IF_HOST
      |                                                              ^~~~~~~~~~~~~
/usr/local/cuda/include/sm_60_atomic_functions.h: In function 'long long int atomicAnd_system(long long int*, long long int)':
/usr/local/cuda/include/sm_60_atomic_functions.h:77:25: warning: no return statement in function returning non-void [-Wreturn-type]
   77 | #define __DEF_IF_HOST { }
      |                         ^
/usr/local/cuda/include/sm_60_atomic_functions.h:252:63: note: in expansion of macro '__DEF_IF_HOST'
  252 | long long atomicAnd_system(long long *address, long long val) __DEF_IF_HOST
      |                                                               ^~~~~~~~~~~~~
/usr/local/cuda/include/sm_60_atomic_functions.h: In function 'unsigned int atomicAnd_block(unsigned int*, unsigned int)':
/usr/local/cuda/include/sm_60_atomic_functions.h:77:25: warning: no return statement in function returning non-void [-Wreturn-type]
   77 | #define __DEF_IF_HOST { }
      |                         ^
/usr/local/cuda/include/sm_60_atomic_functions.h:255:71: note: in expansion of macro '__DEF_IF_HOST'
  255 | unsigned int atomicAnd_block(unsigned int *address, unsigned int val) __DEF_IF_HOST
      |                                                                       ^~~~~~~~~~~~~
/usr/local/cuda/include/sm_60_atomic_functions.h: In function 'unsigned int atomicAnd_system(unsigned int*, unsigned int)':
/usr/local/cuda/include/sm_60_atomic_functions.h:77:25: warning: no return statement in function returning non-void [-Wreturn-type]
   77 | #define __DEF_IF_HOST { }
      |                         ^
/usr/local/cuda/include/sm_60_atomic_functions.h:258:72: note: in expansion of macro '__DEF_IF_HOST'
  258 | unsigned int atomicAnd_system(unsigned int *address, unsigned int val) __DEF_IF_HOST
      |                                                                        ^~~~~~~~~~~~~
/usr/local/cuda/include/sm_60_atomic_functions.h: In function 'long long unsigned int atomicAnd_block(long long unsigned int*, long long unsigned int)':
/usr/local/cuda/include/sm_60_atomic_functions.h:77:25: warning: no return statement in function returning non-void [-Wreturn-type]
   77 | #define __DEF_IF_HOST { }
      |                         ^
/usr/local/cuda/include/sm_60_atomic_functions.h:261:89: note: in expansion of macro '__DEF_IF_HOST'
  261 | unsigned long long atomicAnd_block(unsigned long long *address, unsigned long long val) __DEF_IF_HOST
      |                                                                                         ^~~~~~~~~~~~~
/usr/local/cuda/include/sm_60_atomic_functions.h: In function 'long long unsigned int atomicAnd_system(long long unsigned int*, long long unsigned int)':
/usr/local/cuda/include/sm_60_atomic_functions.h:77:25: warning: no return statement in function returning non-void [-Wreturn-type]
   77 | #define __DEF_IF_HOST { }
      |                         ^
/usr/local/cuda/include/sm_60_atomic_functions.h:264:90: note: in expansion of macro '__DEF_IF_HOST'
  264 | unsigned long long atomicAnd_system(unsigned long long *address, unsigned long long val) __DEF_IF_HOST
      |                                                                                          ^~~~~~~~~~~~~
/usr/local/cuda/include/sm_60_atomic_functions.h: In function 'int atomicOr_block(int*, int)':
/usr/local/cuda/include/sm_60_atomic_functions.h:77:25: warning: no return statement in function returning non-void [-Wreturn-type]
   77 | #define __DEF_IF_HOST { }
      |                         ^
/usr/local/cuda/include/sm_60_atomic_functions.h:267:43: note: in expansion of macro '__DEF_IF_HOST'
  267 | int atomicOr_block(int *address, int val) __DEF_IF_HOST
      |                                           ^~~~~~~~~~~~~
/usr/local/cuda/include/sm_60_atomic_functions.h: In function 'int atomicOr_system(int*, int)':
/usr/local/cuda/include/sm_60_atomic_functions.h:77:25: warning: no return statement in function returning non-void [-Wreturn-type]
   77 | #define __DEF_IF_HOST { }
      |                         ^
/usr/local/cuda/include/sm_60_atomic_functions.h:270:44: note: in expansion of macro '__DEF_IF_HOST'
  270 | int atomicOr_system(int *address, int val) __DEF_IF_HOST
      |                                            ^~~~~~~~~~~~~
/usr/local/cuda/include/sm_60_atomic_functions.h: In function 'long long int atomicOr_block(long long int*, long long int)':
/usr/local/cuda/include/sm_60_atomic_functions.h:77:25: warning: no return statement in function returning non-void [-Wreturn-type]
   77 | #define __DEF_IF_HOST { }
      |                         ^
/usr/local/cuda/include/sm_60_atomic_functions.h:273:61: note: in expansion of macro '__DEF_IF_HOST'
  273 | long long atomicOr_block(long long *address, long long val) __DEF_IF_HOST
      |                                                             ^~~~~~~~~~~~~
/usr/local/cuda/include/sm_60_atomic_functions.h: In function 'long long int atomicOr_system(long long int*, long long int)':
/usr/local/cuda/include/sm_60_atomic_functions.h:77:25: warning: no return statement in function returning non-void [-Wreturn-type]
   77 | #define __DEF_IF_HOST { }
      |                         ^
/usr/local/cuda/include/sm_60_atomic_functions.h:276:62: note: in expansion of macro '__DEF_IF_HOST'
  276 | long long atomicOr_system(long long *address, long long val) __DEF_IF_HOST
      |                                                              ^~~~~~~~~~~~~
/usr/local/cuda/include/sm_60_atomic_functions.h: In function 'unsigned int atomicOr_block(unsigned int*, unsigned int)':
/usr/local/cuda/include/sm_60_atomic_functions.h:77:25: warning: no return statement in function returning non-void [-Wreturn-type]
   77 | #define __DEF_IF_HOST { }
      |                         ^
/usr/local/cuda/include/sm_60_atomic_functions.h:279:70: note: in expansion of macro '__DEF_IF_HOST'
  279 | unsigned int atomicOr_block(unsigned int *address, unsigned int val) __DEF_IF_HOST
      |                                                                      ^~~~~~~~~~~~~
/usr/local/cuda/include/sm_60_atomic_functions.h: In function 'unsigned int atomicOr_system(unsigned int*, unsigned int)':
/usr/local/cuda/include/sm_60_atomic_functions.h:77:25: warning: no return statement in function returning non-void [-Wreturn-type]
   77 | #define __DEF_IF_HOST { }
      |                         ^
/usr/local/cuda/include/sm_60_atomic_functions.h:282:71: note: in expansion of macro '__DEF_IF_HOST'
  282 | unsigned int atomicOr_system(unsigned int *address, unsigned int val) __DEF_IF_HOST
      |                                                                       ^~~~~~~~~~~~~
/usr/local/cuda/include/sm_60_atomic_functions.h: In function 'long long unsigned int atomicOr_block(long long unsigned int*, long long unsigned int)':
/usr/local/cuda/include/sm_60_atomic_functions.h:77:25: warning: no return statement in function returning non-void [-Wreturn-type]
   77 | #define __DEF_IF_HOST { }
      |                         ^
/usr/local/cuda/include/sm_60_atomic_functions.h:285:88: note: in expansion of macro '__DEF_IF_HOST'
  285 | unsigned long long atomicOr_block(unsigned long long *address, unsigned long long val) __DEF_IF_HOST
      |                                                                                        ^~~~~~~~~~~~~
/usr/local/cuda/include/sm_60_atomic_functions.h: In function 'long long unsigned int atomicOr_system(long long unsigned int*, long long unsigned int)':
/usr/local/cuda/include/sm_60_atomic_functions.h:77:25: warning: no return statement in function returning non-void [-Wreturn-type]
   77 | #define __DEF_IF_HOST { }
      |                         ^
/usr/local/cuda/include/sm_60_atomic_functions.h:288:89: note: in expansion of macro '__DEF_IF_HOST'
  288 | unsigned long long atomicOr_system(unsigned long long *address, unsigned long long val) __DEF_IF_HOST
      |                                                                                         ^~~~~~~~~~~~~
/usr/local/cuda/include/sm_60_atomic_functions.h: In function 'int atomicXor_block(int*, int)':
/usr/local/cuda/include/sm_60_atomic_functions.h:77:25: warning: no return statement in function returning non-void [-Wreturn-type]
   77 | #define __DEF_IF_HOST { }
      |                         ^
/usr/local/cuda/include/sm_60_atomic_functions.h:291:44: note: in expansion of macro '__DEF_IF_HOST'
  291 | int atomicXor_block(int *address, int val) __DEF_IF_HOST
      |                                            ^~~~~~~~~~~~~
/usr/local/cuda/include/sm_60_atomic_functions.h: In function 'int atomicXor_system(int*, int)':
/usr/local/cuda/include/sm_60_atomic_functions.h:77:25: warning: no return statement in function returning non-void [-Wreturn-type]
   77 | #define __DEF_IF_HOST { }
      |                         ^
/usr/local/cuda/include/sm_60_atomic_functions.h:294:45: note: in expansion of macro '__DEF_IF_HOST'
  294 | int atomicXor_system(int *address, int val) __DEF_IF_HOST
      |                                             ^~~~~~~~~~~~~
/usr/local/cuda/include/sm_60_atomic_functions.h: In function 'long long int atomicXor_block(long long int*, long long int)':
/usr/local/cuda/include/sm_60_atomic_functions.h:77:25: warning: no return statement in function returning non-void [-Wreturn-type]
   77 | #define __DEF_IF_HOST { }
      |                         ^
/usr/local/cuda/include/sm_60_atomic_functions.h:297:62: note: in expansion of macro '__DEF_IF_HOST'
  297 | long long atomicXor_block(long long *address, long long val) __DEF_IF_HOST
      |                                                              ^~~~~~~~~~~~~
/usr/local/cuda/include/sm_60_atomic_functions.h: In function 'long long int atomicXor_system(long long int*, long long int)':
/usr/local/cuda/include/sm_60_atomic_functions.h:77:25: warning: no return statement in function returning non-void [-Wreturn-type]
   77 | #define __DEF_IF_HOST { }
      |                         ^
/usr/local/cuda/include/sm_60_atomic_functions.h:300:63: note: in expansion of macro '__DEF_IF_HOST'
  300 | long long atomicXor_system(long long *address, long long val) __DEF_IF_HOST
      |                                                               ^~~~~~~~~~~~~
/usr/local/cuda/include/sm_60_atomic_functions.h: In function 'unsigned int atomicXor_block(unsigned int*, unsigned int)':
/usr/local/cuda/include/sm_60_atomic_functions.h:77:25: warning: no return statement in function returning non-void [-Wreturn-type]
   77 | #define __DEF_IF_HOST { }
      |                         ^
/usr/local/cuda/include/sm_60_atomic_functions.h:303:71: note: in expansion of macro '__DEF_IF_HOST'
  303 | unsigned int atomicXor_block(unsigned int *address, unsigned int val) __DEF_IF_HOST
      |                                                                       ^~~~~~~~~~~~~
/usr/local/cuda/include/sm_60_atomic_functions.h: In function 'unsigned int atomicXor_system(unsigned int*, unsigned int)':
/usr/local/cuda/include/sm_60_atomic_functions.h:77:25: warning: no return statement in function returning non-void [-Wreturn-type]
   77 | #define __DEF_IF_HOST { }
      |                         ^
/usr/local/cuda/include/sm_60_atomic_functions.h:306:72: note: in expansion of macro '__DEF_IF_HOST'
  306 | unsigned int atomicXor_system(unsigned int *address, unsigned int val) __DEF_IF_HOST
      |                                                                        ^~~~~~~~~~~~~
/usr/local/cuda/include/sm_60_atomic_functions.h: In function 'long long unsigned int atomicXor_block(long long unsigned int*, long long unsigned int)':
/usr/local/cuda/include/sm_60_atomic_functions.h:77:25: warning: no return statement in function returning non-void [-Wreturn-type]
   77 | #define __DEF_IF_HOST { }
      |                         ^
/usr/local/cuda/include/sm_60_atomic_functions.h:309:89: note: in expansion of macro '__DEF_IF_HOST'
  309 | unsigned long long atomicXor_block(unsigned long long *address, unsigned long long val) __DEF_IF_HOST
      |                                                                                         ^~~~~~~~~~~~~
/usr/local/cuda/include/sm_60_atomic_functions.h: In function 'long long unsigned int atomicXor_system(long long unsigned int*, long long unsigned int)':
/usr/local/cuda/include/sm_60_atomic_functions.h:77:25: warning: no return statement in function returning non-void [-Wreturn-type]
   77 | #define __DEF_IF_HOST { }
      |                         ^
/usr/local/cuda/include/sm_60_atomic_functions.h:312:90: note: in expansion of macro '__DEF_IF_HOST'
  312 | unsigned long long atomicXor_system(unsigned long long *address, unsigned long long val) __DEF_IF_HOST
      |                                                                                          ^~~~~~~~~~~~~
In file included from /usr/local/cuda/include/crt/device_functions.h:3621,
                 from /home/GVirtuS/GVirtuS/plugins/cudart/backend/CudaRtHandler.h:71,
                 from /home/GVirtuS/GVirtuS/plugins/cudart/backend/CudaRtHandler.cpp:36:
/usr/local/cuda/include/sm_20_intrinsics.h: In function 'unsigned int ballot(bool)':
/usr/local/cuda/include/sm_20_intrinsics.h:75:25: warning: no return statement in function returning non-void [-Wreturn-type]
   75 | #define __DEF_IF_HOST { }
      |                         ^
/usr/local/cuda/include/sm_20_intrinsics.h:1522:110: note: in expansion of macro '__DEF_IF_HOST'
 1522 | __SM_20_INTRINSICS_DECL__ __DEPRECATED__(__WSB_DEPRECATION_MESSAGE(__ballot)) unsigned int ballot(bool pred) __DEF_IF_HOST
      |                                                                                                              ^~~~~~~~~~~~~
/usr/local/cuda/include/sm_20_intrinsics.h: In function 'int syncthreads_count(bool)':
/usr/local/cuda/include/sm_20_intrinsics.h:75:25: warning: no return statement in function returning non-void [-Wreturn-type]
   75 | #define __DEF_IF_HOST { }
      |                         ^
/usr/local/cuda/include/sm_20_intrinsics.h:1524:60: note: in expansion of macro '__DEF_IF_HOST'
 1524 | __SM_20_INTRINSICS_DECL__ int syncthreads_count(bool pred) __DEF_IF_HOST
      |                                                            ^~~~~~~~~~~~~
/usr/local/cuda/include/sm_20_intrinsics.h: In function 'bool syncthreads_and(bool)':
/usr/local/cuda/include/sm_20_intrinsics.h:75:25: warning: no return statement in function returning non-void [-Wreturn-type]
   75 | #define __DEF_IF_HOST { }
      |                         ^
/usr/local/cuda/include/sm_20_intrinsics.h:1526:59: note: in expansion of macro '__DEF_IF_HOST'
 1526 | __SM_20_INTRINSICS_DECL__ bool syncthreads_and(bool pred) __DEF_IF_HOST
      |                                                           ^~~~~~~~~~~~~
/usr/local/cuda/include/sm_20_intrinsics.h: In function 'bool syncthreads_or(bool)':
/usr/local/cuda/include/sm_20_intrinsics.h:75:25: warning: no return statement in function returning non-void [-Wreturn-type]
   75 | #define __DEF_IF_HOST { }
      |                         ^
/usr/local/cuda/include/sm_20_intrinsics.h:1528:58: note: in expansion of macro '__DEF_IF_HOST'
 1528 | __SM_20_INTRINSICS_DECL__ bool syncthreads_or(bool pred) __DEF_IF_HOST
      |                                                          ^~~~~~~~~~~~~
/usr/local/cuda/include/sm_20_intrinsics.h: In function 'unsigned int __isGlobal(const void*)':
/usr/local/cuda/include/sm_20_intrinsics.h:75:25: warning: no return statement in function returning non-void [-Wreturn-type]
   75 | #define __DEF_IF_HOST { }
      |                         ^
/usr/local/cuda/include/sm_20_intrinsics.h:1533:68: note: in expansion of macro '__DEF_IF_HOST'
 1533 | __SM_20_INTRINSICS_DECL__ unsigned int __isGlobal(const void *ptr) __DEF_IF_HOST
      |                                                                    ^~~~~~~~~~~~~
/usr/local/cuda/include/sm_20_intrinsics.h: In function 'unsigned int __isShared(const void*)':
/usr/local/cuda/include/sm_20_intrinsics.h:75:25: warning: no return statement in function returning non-void [-Wreturn-type]
   75 | #define __DEF_IF_HOST { }
      |                         ^
/usr/local/cuda/include/sm_20_intrinsics.h:1534:68: note: in expansion of macro '__DEF_IF_HOST'
 1534 | __SM_20_INTRINSICS_DECL__ unsigned int __isShared(const void *ptr) __DEF_IF_HOST
      |                                                                    ^~~~~~~~~~~~~
/usr/local/cuda/include/sm_20_intrinsics.h: In function 'unsigned int __isConstant(const void*)':
/usr/local/cuda/include/sm_20_intrinsics.h:75:25: warning: no return statement in function returning non-void [-Wreturn-type]
   75 | #define __DEF_IF_HOST { }
      |                         ^
/usr/local/cuda/include/sm_20_intrinsics.h:1535:70: note: in expansion of macro '__DEF_IF_HOST'
 1535 | __SM_20_INTRINSICS_DECL__ unsigned int __isConstant(const void *ptr) __DEF_IF_HOST
      |                                                                      ^~~~~~~~~~~~~
/usr/local/cuda/include/sm_20_intrinsics.h: In function 'unsigned int __isLocal(const void*)':
/usr/local/cuda/include/sm_20_intrinsics.h:75:25: warning: no return statement in function returning non-void [-Wreturn-type]
   75 | #define __DEF_IF_HOST { }
      |                         ^
/usr/local/cuda/include/sm_20_intrinsics.h:1536:67: note: in expansion of macro '__DEF_IF_HOST'
 1536 | __SM_20_INTRINSICS_DECL__ unsigned int __isLocal(const void *ptr) __DEF_IF_HOST
      |                                                                   ^~~~~~~~~~~~~
/usr/local/cuda/include/sm_20_intrinsics.h: In function 'unsigned int __isGridConstant(const void*)':
/usr/local/cuda/include/sm_20_intrinsics.h:75:25: warning: no return statement in function returning non-void [-Wreturn-type]
   75 | #define __DEF_IF_HOST { }
      |                         ^
/usr/local/cuda/include/sm_20_intrinsics.h:1538:74: note: in expansion of macro '__DEF_IF_HOST'
 1538 | __SM_20_INTRINSICS_DECL__ unsigned int __isGridConstant(const void *ptr) __DEF_IF_HOST
      |                                                                          ^~~~~~~~~~~~~
/usr/local/cuda/include/sm_20_intrinsics.h: In function 'size_t __cvta_generic_to_global(const void*)':
/usr/local/cuda/include/sm_20_intrinsics.h:75:25: warning: no return statement in function returning non-void [-Wreturn-type]
   75 | #define __DEF_IF_HOST { }
      |                         ^
/usr/local/cuda/include/sm_20_intrinsics.h:1540:76: note: in expansion of macro '__DEF_IF_HOST'
 1540 | __SM_20_INTRINSICS_DECL__ size_t __cvta_generic_to_global(const void *ptr) __DEF_IF_HOST
      |                                                                            ^~~~~~~~~~~~~
/usr/local/cuda/include/sm_20_intrinsics.h: In function 'size_t __cvta_generic_to_shared(const void*)':
/usr/local/cuda/include/sm_20_intrinsics.h:75:25: warning: no return statement in function returning non-void [-Wreturn-type]
   75 | #define __DEF_IF_HOST { }
      |                         ^
/usr/local/cuda/include/sm_20_intrinsics.h:1541:76: note: in expansion of macro '__DEF_IF_HOST'
 1541 | __SM_20_INTRINSICS_DECL__ size_t __cvta_generic_to_shared(const void *ptr) __DEF_IF_HOST
      |                                                                            ^~~~~~~~~~~~~
/usr/local/cuda/include/sm_20_intrinsics.h: In function 'size_t __cvta_generic_to_constant(const void*)':
/usr/local/cuda/include/sm_20_intrinsics.h:75:25: warning: no return statement in function returning non-void [-Wreturn-type]
   75 | #define __DEF_IF_HOST { }
      |                         ^
/usr/local/cuda/include/sm_20_intrinsics.h:1542:78: note: in expansion of macro '__DEF_IF_HOST'
 1542 | __SM_20_INTRINSICS_DECL__ size_t __cvta_generic_to_constant(const void *ptr) __DEF_IF_HOST
      |                                                                              ^~~~~~~~~~~~~
/usr/local/cuda/include/sm_20_intrinsics.h: In function 'size_t __cvta_generic_to_local(const void*)':
/usr/local/cuda/include/sm_20_intrinsics.h:75:25: warning: no return statement in function returning non-void [-Wreturn-type]
   75 | #define __DEF_IF_HOST { }
      |                         ^
/usr/local/cuda/include/sm_20_intrinsics.h:1543:75: note: in expansion of macro '__DEF_IF_HOST'
 1543 | __SM_20_INTRINSICS_DECL__ size_t __cvta_generic_to_local(const void *ptr) __DEF_IF_HOST
      |                                                                           ^~~~~~~~~~~~~
/usr/local/cuda/include/sm_20_intrinsics.h: In function 'size_t __cvta_generic_to_grid_constant(const void*)':
/usr/local/cuda/include/sm_20_intrinsics.h:75:25: warning: no return statement in function returning non-void [-Wreturn-type]
   75 | #define __DEF_IF_HOST { }
      |                         ^
/usr/local/cuda/include/sm_20_intrinsics.h:1545:83: note: in expansion of macro '__DEF_IF_HOST'
 1545 | __SM_20_INTRINSICS_DECL__ size_t __cvta_generic_to_grid_constant(const void *ptr) __DEF_IF_HOST
      |                                                                                   ^~~~~~~~~~~~~
/usr/local/cuda/include/sm_20_intrinsics.h: In function 'void* __cvta_global_to_generic(size_t)':
/usr/local/cuda/include/sm_20_intrinsics.h:75:25: warning: no return statement in function returning non-void [-Wreturn-type]
   75 | #define __DEF_IF_HOST { }
      |                         ^
/usr/local/cuda/include/sm_20_intrinsics.h:1548:75: note: in expansion of macro '__DEF_IF_HOST'
 1548 | __SM_20_INTRINSICS_DECL__ void * __cvta_global_to_generic(size_t rawbits) __DEF_IF_HOST
      |                                                                           ^~~~~~~~~~~~~
/usr/local/cuda/include/sm_20_intrinsics.h: In function 'void* __cvta_shared_to_generic(size_t)':
/usr/local/cuda/include/sm_20_intrinsics.h:75:25: warning: no return statement in function returning non-void [-Wreturn-type]
   75 | #define __DEF_IF_HOST { }
      |                         ^
/usr/local/cuda/include/sm_20_intrinsics.h:1549:75: note: in expansion of macro '__DEF_IF_HOST'
 1549 | __SM_20_INTRINSICS_DECL__ void * __cvta_shared_to_generic(size_t rawbits) __DEF_IF_HOST
      |                                                                           ^~~~~~~~~~~~~
/usr/local/cuda/include/sm_20_intrinsics.h: In function 'void* __cvta_constant_to_generic(size_t)':
/usr/local/cuda/include/sm_20_intrinsics.h:75:25: warning: no return statement in function returning non-void [-Wreturn-type]
   75 | #define __DEF_IF_HOST { }
      |                         ^
/usr/local/cuda/include/sm_20_intrinsics.h:1550:77: note: in expansion of macro '__DEF_IF_HOST'
 1550 | __SM_20_INTRINSICS_DECL__ void * __cvta_constant_to_generic(size_t rawbits) __DEF_IF_HOST
      |                                                                             ^~~~~~~~~~~~~
/usr/local/cuda/include/sm_20_intrinsics.h: In function 'void* __cvta_local_to_generic(size_t)':
/usr/local/cuda/include/sm_20_intrinsics.h:75:25: warning: no return statement in function returning non-void [-Wreturn-type]
   75 | #define __DEF_IF_HOST { }
      |                         ^
/usr/local/cuda/include/sm_20_intrinsics.h:1551:74: note: in expansion of macro '__DEF_IF_HOST'
 1551 | __SM_20_INTRINSICS_DECL__ void * __cvta_local_to_generic(size_t rawbits) __DEF_IF_HOST
      |                                                                          ^~~~~~~~~~~~~
/usr/local/cuda/include/sm_20_intrinsics.h: In function 'void* __cvta_grid_constant_to_generic(size_t)':
/usr/local/cuda/include/sm_20_intrinsics.h:75:25: warning: no return statement in function returning non-void [-Wreturn-type]
   75 | #define __DEF_IF_HOST { }
      |                         ^
/usr/local/cuda/include/sm_20_intrinsics.h:1553:82: note: in expansion of macro '__DEF_IF_HOST'
 1553 | __SM_20_INTRINSICS_DECL__ void * __cvta_grid_constant_to_generic(size_t rawbits) __DEF_IF_HOST
      |                                                                                  ^~~~~~~~~~~~~
In file included from /usr/local/cuda/include/crt/device_functions.h:3622,
                 from /home/GVirtuS/GVirtuS/plugins/cudart/backend/CudaRtHandler.h:71,
                 from /home/GVirtuS/GVirtuS/plugins/cudart/backend/CudaRtHandler.cpp:36:
/usr/local/cuda/include/sm_30_intrinsics.h: In function 'unsigned int __fns(unsigned int, unsigned int, int)':
/usr/local/cuda/include/sm_30_intrinsics.h:76:25: warning: no return statement in function returning non-void [-Wreturn-type]
   76 | #define __DEF_IF_HOST { }
      |                         ^
/usr/local/cuda/include/sm_30_intrinsics.h:123:85: note: in expansion of macro '__DEF_IF_HOST'
  123 | __SM_30_INTRINSICS_DECL__ unsigned  __fns(unsigned mask, unsigned base, int offset) __DEF_IF_HOST
      |                                                                                     ^~~~~~~~~~~~~
/usr/local/cuda/include/sm_30_intrinsics.h: In function 'int __all_sync(unsigned int, int)':
/usr/local/cuda/include/sm_30_intrinsics.h:76:25: warning: no return statement in function returning non-void [-Wreturn-type]
   76 | #define __DEF_IF_HOST { }
      |                         ^
/usr/local/cuda/include/sm_30_intrinsics.h:127:67: note: in expansion of macro '__DEF_IF_HOST'
  127 | __SM_30_INTRINSICS_DECL__ int __all_sync(unsigned mask, int pred) __DEF_IF_HOST
      |                                                                   ^~~~~~~~~~~~~
/usr/local/cuda/include/sm_30_intrinsics.h: In function 'int __any_sync(unsigned int, int)':
/usr/local/cuda/include/sm_30_intrinsics.h:76:25: warning: no return statement in function returning non-void [-Wreturn-type]
   76 | #define __DEF_IF_HOST { }
      |                         ^
/usr/local/cuda/include/sm_30_intrinsics.h:128:67: note: in expansion of macro '__DEF_IF_HOST'
  128 | __SM_30_INTRINSICS_DECL__ int __any_sync(unsigned mask, int pred) __DEF_IF_HOST
      |                                                                   ^~~~~~~~~~~~~
/usr/local/cuda/include/sm_30_intrinsics.h: In function 'int __uni_sync(unsigned int, int)':
/usr/local/cuda/include/sm_30_intrinsics.h:76:25: warning: no return statement in function returning non-void [-Wreturn-type]
   76 | #define __DEF_IF_HOST { }
      |                         ^
/usr/local/cuda/include/sm_30_intrinsics.h:129:67: note: in expansion of macro '__DEF_IF_HOST'
  129 | __SM_30_INTRINSICS_DECL__ int __uni_sync(unsigned mask, int pred) __DEF_IF_HOST
      |                                                                   ^~~~~~~~~~~~~
/usr/local/cuda/include/sm_30_intrinsics.h: In function 'unsigned int __ballot_sync(unsigned int, int)':
/usr/local/cuda/include/sm_30_intrinsics.h:76:25: warning: no return statement in function returning non-void [-Wreturn-type]
   76 | #define __DEF_IF_HOST { }
      |                         ^
/usr/local/cuda/include/sm_30_intrinsics.h:130:75: note: in expansion of macro '__DEF_IF_HOST'
  130 | __SM_30_INTRINSICS_DECL__ unsigned __ballot_sync(unsigned mask, int pred) __DEF_IF_HOST
      |                                                                           ^~~~~~~~~~~~~
/usr/local/cuda/include/sm_30_intrinsics.h: In function 'unsigned int __activemask()':
/usr/local/cuda/include/sm_30_intrinsics.h:76:25: warning: no return statement in function returning non-void [-Wreturn-type]
   76 | #define __DEF_IF_HOST { }
      |                         ^
/usr/local/cuda/include/sm_30_intrinsics.h:131:51: note: in expansion of macro '__DEF_IF_HOST'
  131 | __SM_30_INTRINSICS_DECL__ unsigned __activemask() __DEF_IF_HOST
      |                                                   ^~~~~~~~~~~~~
/usr/local/cuda/include/sm_30_intrinsics.h: In function 'int __shfl(int, int, int)':
/usr/local/cuda/include/sm_30_intrinsics.h:76:25: warning: no return statement in function returning non-void [-Wreturn-type]
   76 | #define __DEF_IF_HOST { }
      |                         ^
/usr/local/cuda/include/sm_30_intrinsics.h:140:130: note: in expansion of macro '__DEF_IF_HOST'
  140 | __SM_30_INTRINSICS_DECL__ __DEPRECATED__(__WSB_DEPRECATION_MESSAGE(__shfl)) int __shfl(int var, int srcLane, int width=warpSize) __DEF_IF_HOST
      |                                                                                                                                  ^~~~~~~~~~~~~
/usr/local/cuda/include/sm_30_intrinsics.h: In function 'unsigned int __shfl(unsigned int, int, int)':
/usr/local/cuda/include/sm_30_intrinsics.h:76:25: warning: no return statement in function returning non-void [-Wreturn-type]
   76 | #define __DEF_IF_HOST { }
      |                         ^
/usr/local/cuda/include/sm_30_intrinsics.h:141:148: note: in expansion of macro '__DEF_IF_HOST'
  141 | __SM_30_INTRINSICS_DECL__ __DEPRECATED__(__WSB_DEPRECATION_MESSAGE(__shfl)) unsigned int __shfl(unsigned int var, int srcLane, int width=warpSize) __DEF_IF_HOST
      |                                                                                                                                                    ^~~~~~~~~~~~~
/usr/local/cuda/include/sm_30_intrinsics.h: In function 'int __shfl_up(int, unsigned int, int)':
/usr/local/cuda/include/sm_30_intrinsics.h:76:25: warning: no return statement in function returning non-void [-Wreturn-type]
   76 | #define __DEF_IF_HOST { }
      |                         ^
/usr/local/cuda/include/sm_30_intrinsics.h:142:143: note: in expansion of macro '__DEF_IF_HOST'
  142 | __SM_30_INTRINSICS_DECL__ __DEPRECATED__(__WSB_DEPRECATION_MESSAGE(__shfl_up)) int __shfl_up(int var, unsigned int delta, int width=warpSize) __DEF_IF_HOST
      |                                                                                                                                               ^~~~~~~~~~~~~
/usr/local/cuda/include/sm_30_intrinsics.h: In function 'unsigned int __shfl_up(unsigned int, unsigned int, int)':
/usr/local/cuda/include/sm_30_intrinsics.h:76:25: warning: no return statement in function returning non-void [-Wreturn-type]
   76 | #define __DEF_IF_HOST { }
      |                         ^
/usr/local/cuda/include/sm_30_intrinsics.h:143:161: note: in expansion of macro '__DEF_IF_HOST'
  143 | __SM_30_INTRINSICS_DECL__ __DEPRECATED__(__WSB_DEPRECATION_MESSAGE(__shfl_up)) unsigned int __shfl_up(unsigned int var, unsigned int delta, int width=warpSize) __DEF_IF_HOST
      |                                                                                                                                                                 ^~~~~~~~~~~~~
/usr/local/cuda/include/sm_30_intrinsics.h: In function 'int __shfl_down(int, unsigned int, int)':
/usr/local/cuda/include/sm_30_intrinsics.h:76:25: warning: no return statement in function returning non-void [-Wreturn-type]
   76 | #define __DEF_IF_HOST { }
      |                         ^
/usr/local/cuda/include/sm_30_intrinsics.h:144:147: note: in expansion of macro '__DEF_IF_HOST'
  144 | __SM_30_INTRINSICS_DECL__ __DEPRECATED__(__WSB_DEPRECATION_MESSAGE(__shfl_down)) int __shfl_down(int var, unsigned int delta, int width=warpSize) __DEF_IF_HOST
      |                                                                                                                                                   ^~~~~~~~~~~~~
/usr/local/cuda/include/sm_30_intrinsics.h: In function 'unsigned int __shfl_down(unsigned int, unsigned int, int)':
/usr/local/cuda/include/sm_30_intrinsics.h:76:25: warning: no return statement in function returning non-void [-Wreturn-type]
   76 | #define __DEF_IF_HOST { }
      |                         ^
/usr/local/cuda/include/sm_30_intrinsics.h:145:165: note: in expansion of macro '__DEF_IF_HOST'
  145 | __SM_30_INTRINSICS_DECL__ __DEPRECATED__(__WSB_DEPRECATION_MESSAGE(__shfl_down)) unsigned int __shfl_down(unsigned int var, unsigned int delta, int width=warpSize) __DEF_IF_HOST
      |                                                                                                                                                                     ^~~~~~~~~~~~~
/usr/local/cuda/include/sm_30_intrinsics.h: In function 'int __shfl_xor(int, int, int)':
/usr/local/cuda/include/sm_30_intrinsics.h:76:25: warning: no return statement in function returning non-void [-Wreturn-type]
   76 | #define __DEF_IF_HOST { }
      |                         ^
/usr/local/cuda/include/sm_30_intrinsics.h:146:139: note: in expansion of macro '__DEF_IF_HOST'
  146 | __SM_30_INTRINSICS_DECL__ __DEPRECATED__(__WSB_DEPRECATION_MESSAGE(__shfl_xor)) int __shfl_xor(int var, int laneMask, int width=warpSize) __DEF_IF_HOST
      |                                                                                                                                           ^~~~~~~~~~~~~
/usr/local/cuda/include/sm_30_intrinsics.h: In function 'unsigned int __shfl_xor(unsigned int, int, int)':
/usr/local/cuda/include/sm_30_intrinsics.h:76:25: warning: no return statement in function returning non-void [-Wreturn-type]
   76 | #define __DEF_IF_HOST { }
      |                         ^
/usr/local/cuda/include/sm_30_intrinsics.h:147:157: note: in expansion of macro '__DEF_IF_HOST'
  147 | __SM_30_INTRINSICS_DECL__ __DEPRECATED__(__WSB_DEPRECATION_MESSAGE(__shfl_xor)) unsigned int __shfl_xor(unsigned int var, int laneMask, int width=warpSize) __DEF_IF_HOST
      |                                                                                                                                                             ^~~~~~~~~~~~~
/usr/local/cuda/include/sm_30_intrinsics.h: In function 'float __shfl(float, int, int)':
/usr/local/cuda/include/sm_30_intrinsics.h:76:25: warning: no return statement in function returning non-void [-Wreturn-type]
   76 | #define __DEF_IF_HOST { }
      |                         ^
/usr/local/cuda/include/sm_30_intrinsics.h:148:134: note: in expansion of macro '__DEF_IF_HOST'
  148 | __SM_30_INTRINSICS_DECL__ __DEPRECATED__(__WSB_DEPRECATION_MESSAGE(__shfl)) float __shfl(float var, int srcLane, int width=warpSize) __DEF_IF_HOST
      |                                                                                                                                      ^~~~~~~~~~~~~
/usr/local/cuda/include/sm_30_intrinsics.h: In function 'float __shfl_up(float, unsigned int, int)':
/usr/local/cuda/include/sm_30_intrinsics.h:76:25: warning: no return statement in function returning non-void [-Wreturn-type]
   76 | #define __DEF_IF_HOST { }
      |                         ^
/usr/local/cuda/include/sm_30_intrinsics.h:149:147: note: in expansion of macro '__DEF_IF_HOST'
  149 | __SM_30_INTRINSICS_DECL__ __DEPRECATED__(__WSB_DEPRECATION_MESSAGE(__shfl_up)) float __shfl_up(float var, unsigned int delta, int width=warpSize) __DEF_IF_HOST
      |                                                                                                                                                   ^~~~~~~~~~~~~
/usr/local/cuda/include/sm_30_intrinsics.h: In function 'float __shfl_down(float, unsigned int, int)':
/usr/local/cuda/include/sm_30_intrinsics.h:76:25: warning: no return statement in function returning non-void [-Wreturn-type]
   76 | #define __DEF_IF_HOST { }
      |                         ^
/usr/local/cuda/include/sm_30_intrinsics.h:150:151: note: in expansion of macro '__DEF_IF_HOST'
  150 | __SM_30_INTRINSICS_DECL__ __DEPRECATED__(__WSB_DEPRECATION_MESSAGE(__shfl_down)) float __shfl_down(float var, unsigned int delta, int width=warpSize) __DEF_IF_HOST
      |                                                                                                                                                       ^~~~~~~~~~~~~
/usr/local/cuda/include/sm_30_intrinsics.h: In function 'float __shfl_xor(float, int, int)':
/usr/local/cuda/include/sm_30_intrinsics.h:76:25: warning: no return statement in function returning non-void [-Wreturn-type]
   76 | #define __DEF_IF_HOST { }
      |                         ^
/usr/local/cuda/include/sm_30_intrinsics.h:151:143: note: in expansion of macro '__DEF_IF_HOST'
  151 | __SM_30_INTRINSICS_DECL__ __DEPRECATED__(__WSB_DEPRECATION_MESSAGE(__shfl_xor)) float __shfl_xor(float var, int laneMask, int width=warpSize) __DEF_IF_HOST
      |                                                                                                                                               ^~~~~~~~~~~~~
/usr/local/cuda/include/sm_30_intrinsics.h: In function 'int __shfl_sync(unsigned int, int, int, int)':
/usr/local/cuda/include/sm_30_intrinsics.h:76:25: warning: no return statement in function returning non-void [-Wreturn-type]
   76 | #define __DEF_IF_HOST { }
      |                         ^
/usr/local/cuda/include/sm_30_intrinsics.h:154:100: note: in expansion of macro '__DEF_IF_HOST'
  154 | __SM_30_INTRINSICS_DECL__ int __shfl_sync(unsigned mask, int var, int srcLane, int width=warpSize) __DEF_IF_HOST
      |                                                                                                    ^~~~~~~~~~~~~
/usr/local/cuda/include/sm_30_intrinsics.h: In function 'unsigned int __shfl_sync(unsigned int, unsigned int, int, int)':
/usr/local/cuda/include/sm_30_intrinsics.h:76:25: warning: no return statement in function returning non-void [-Wreturn-type]
   76 | #define __DEF_IF_HOST { }
      |                         ^
/usr/local/cuda/include/sm_30_intrinsics.h:155:118: note: in expansion of macro '__DEF_IF_HOST'
  155 | __SM_30_INTRINSICS_DECL__ unsigned int __shfl_sync(unsigned mask, unsigned int var, int srcLane, int width=warpSize) __DEF_IF_HOST
      |                                                                                                                      ^~~~~~~~~~~~~
/usr/local/cuda/include/sm_30_intrinsics.h: In function 'int __shfl_up_sync(unsigned int, int, unsigned int, int)':
/usr/local/cuda/include/sm_30_intrinsics.h:76:25: warning: no return statement in function returning non-void [-Wreturn-type]
   76 | #define __DEF_IF_HOST { }
      |                         ^
/usr/local/cuda/include/sm_30_intrinsics.h:156:110: note: in expansion of macro '__DEF_IF_HOST'
  156 | __SM_30_INTRINSICS_DECL__ int __shfl_up_sync(unsigned mask, int var, unsigned int delta, int width=warpSize) __DEF_IF_HOST
      |                                                                                                              ^~~~~~~~~~~~~
/usr/local/cuda/include/sm_30_intrinsics.h: In function 'unsigned int __shfl_up_sync(unsigned int, unsigned int, unsigned int, int)':
/usr/local/cuda/include/sm_30_intrinsics.h:76:25: warning: no return statement in function returning non-void [-Wreturn-type]
   76 | #define __DEF_IF_HOST { }
      |                         ^
/usr/local/cuda/include/sm_30_intrinsics.h:157:128: note: in expansion of macro '__DEF_IF_HOST'
  157 | __SM_30_INTRINSICS_DECL__ unsigned int __shfl_up_sync(unsigned mask, unsigned int var, unsigned int delta, int width=warpSize) __DEF_IF_HOST
      |                                                                                                                                ^~~~~~~~~~~~~
/usr/local/cuda/include/sm_30_intrinsics.h: In function 'int __shfl_down_sync(unsigned int, int, unsigned int, int)':
/usr/local/cuda/include/sm_30_intrinsics.h:76:25: warning: no return statement in function returning non-void [-Wreturn-type]
   76 | #define __DEF_IF_HOST { }
      |                         ^
/usr/local/cuda/include/sm_30_intrinsics.h:158:112: note: in expansion of macro '__DEF_IF_HOST'
  158 | __SM_30_INTRINSICS_DECL__ int __shfl_down_sync(unsigned mask, int var, unsigned int delta, int width=warpSize) __DEF_IF_HOST
      |                                                                                                                ^~~~~~~~~~~~~
/usr/local/cuda/include/sm_30_intrinsics.h: In function 'unsigned int __shfl_down_sync(unsigned int, unsigned int, unsigned int, int)':
/usr/local/cuda/include/sm_30_intrinsics.h:76:25: warning: no return statement in function returning non-void [-Wreturn-type]
   76 | #define __DEF_IF_HOST { }
      |                         ^
/usr/local/cuda/include/sm_30_intrinsics.h:159:130: note: in expansion of macro '__DEF_IF_HOST'
  159 | __SM_30_INTRINSICS_DECL__ unsigned int __shfl_down_sync(unsigned mask, unsigned int var, unsigned int delta, int width=warpSize) __DEF_IF_HOST
      |                                                                                                                                  ^~~~~~~~~~~~~
/usr/local/cuda/include/sm_30_intrinsics.h: In function 'int __shfl_xor_sync(unsigned int, int, int, int)':
/usr/local/cuda/include/sm_30_intrinsics.h:76:25: warning: no return statement in function returning non-void [-Wreturn-type]
   76 | #define __DEF_IF_HOST { }
      |                         ^
/usr/local/cuda/include/sm_30_intrinsics.h:160:105: note: in expansion of macro '__DEF_IF_HOST'
  160 | __SM_30_INTRINSICS_DECL__ int __shfl_xor_sync(unsigned mask, int var, int laneMask, int width=warpSize) __DEF_IF_HOST
      |                                                                                                         ^~~~~~~~~~~~~
/usr/local/cuda/include/sm_30_intrinsics.h: In function 'unsigned int __shfl_xor_sync(unsigned int, unsigned int, int, int)':
/usr/local/cuda/include/sm_30_intrinsics.h:76:25: warning: no return statement in function returning non-void [-Wreturn-type]
   76 | #define __DEF_IF_HOST { }
      |                         ^
/usr/local/cuda/include/sm_30_intrinsics.h:161:123: note: in expansion of macro '__DEF_IF_HOST'
  161 | __SM_30_INTRINSICS_DECL__ unsigned int __shfl_xor_sync(unsigned mask, unsigned int var, int laneMask, int width=warpSize) __DEF_IF_HOST
      |                                                                                                                           ^~~~~~~~~~~~~
/usr/local/cuda/include/sm_30_intrinsics.h: In function 'float __shfl_sync(unsigned int, float, int, int)':
/usr/local/cuda/include/sm_30_intrinsics.h:76:25: warning: no return statement in function returning non-void [-Wreturn-type]
   76 | #define __DEF_IF_HOST { }
      |                         ^
/usr/local/cuda/include/sm_30_intrinsics.h:162:104: note: in expansion of macro '__DEF_IF_HOST'
  162 | __SM_30_INTRINSICS_DECL__ float __shfl_sync(unsigned mask, float var, int srcLane, int width=warpSize) __DEF_IF_HOST
      |                                                                                                        ^~~~~~~~~~~~~
/usr/local/cuda/include/sm_30_intrinsics.h: In function 'float __shfl_up_sync(unsigned int, float, unsigned int, int)':
/usr/local/cuda/include/sm_30_intrinsics.h:76:25: warning: no return statement in function returning non-void [-Wreturn-type]
   76 | #define __DEF_IF_HOST { }
      |                         ^
/usr/local/cuda/include/sm_30_intrinsics.h:163:114: note: in expansion of macro '__DEF_IF_HOST'
  163 | __SM_30_INTRINSICS_DECL__ float __shfl_up_sync(unsigned mask, float var, unsigned int delta, int width=warpSize) __DEF_IF_HOST
      |                                                                                                                  ^~~~~~~~~~~~~
/usr/local/cuda/include/sm_30_intrinsics.h: In function 'float __shfl_down_sync(unsigned int, float, unsigned int, int)':
/usr/local/cuda/include/sm_30_intrinsics.h:76:25: warning: no return statement in function returning non-void [-Wreturn-type]
   76 | #define __DEF_IF_HOST { }
      |                         ^
/usr/local/cuda/include/sm_30_intrinsics.h:164:116: note: in expansion of macro '__DEF_IF_HOST'
  164 | __SM_30_INTRINSICS_DECL__ float __shfl_down_sync(unsigned mask, float var, unsigned int delta, int width=warpSize) __DEF_IF_HOST
      |                                                                                                                    ^~~~~~~~~~~~~
/usr/local/cuda/include/sm_30_intrinsics.h: In function 'float __shfl_xor_sync(unsigned int, float, int, int)':
/usr/local/cuda/include/sm_30_intrinsics.h:76:25: warning: no return statement in function returning non-void [-Wreturn-type]
   76 | #define __DEF_IF_HOST { }
      |                         ^
/usr/local/cuda/include/sm_30_intrinsics.h:165:109: note: in expansion of macro '__DEF_IF_HOST'
  165 | __SM_30_INTRINSICS_DECL__ float __shfl_xor_sync(unsigned mask, float var, int laneMask, int width=warpSize) __DEF_IF_HOST
      |                                                                                                             ^~~~~~~~~~~~~
/usr/local/cuda/include/sm_30_intrinsics.h: In function 'long long unsigned int __shfl(long long unsigned int, int, int)':
/usr/local/cuda/include/sm_30_intrinsics.h:76:25: warning: no return statement in function returning non-void [-Wreturn-type]
   76 | #define __DEF_IF_HOST { }
      |                         ^
/usr/local/cuda/include/sm_30_intrinsics.h:169:160: note: in expansion of macro '__DEF_IF_HOST'
  169 | __SM_30_INTRINSICS_DECL__ __DEPRECATED__(__WSB_DEPRECATION_MESSAGE(__shfl)) unsigned long long __shfl(unsigned long long var, int srcLane, int width=warpSize) __DEF_IF_HOST
      |                                                                                                                                                                ^~~~~~~~~~~~~
/usr/local/cuda/include/sm_30_intrinsics.h: In function 'long long int __shfl(long long int, int, int)':
/usr/local/cuda/include/sm_30_intrinsics.h:76:25: warning: no return statement in function returning non-void [-Wreturn-type]
   76 | #define __DEF_IF_HOST { }
      |                         ^
/usr/local/cuda/include/sm_30_intrinsics.h:170:142: note: in expansion of macro '__DEF_IF_HOST'
  170 | __SM_30_INTRINSICS_DECL__ __DEPRECATED__(__WSB_DEPRECATION_MESSAGE(__shfl)) long long __shfl(long long var, int srcLane, int width=warpSize) __DEF_IF_HOST
      |                                                                                                                                              ^~~~~~~~~~~~~
/usr/local/cuda/include/sm_30_intrinsics.h: In function 'long long int __shfl_up(long long int, unsigned int, int)':
/usr/local/cuda/include/sm_30_intrinsics.h:76:25: warning: no return statement in function returning non-void [-Wreturn-type]
   76 | #define __DEF_IF_HOST { }
      |                         ^
/usr/local/cuda/include/sm_30_intrinsics.h:171:155: note: in expansion of macro '__DEF_IF_HOST'
  171 | __SM_30_INTRINSICS_DECL__ __DEPRECATED__(__WSB_DEPRECATION_MESSAGE(__shfl_up)) long long __shfl_up(long long var, unsigned int delta, int width=warpSize) __DEF_IF_HOST
      |                                                                                                                                                           ^~~~~~~~~~~~~
/usr/local/cuda/include/sm_30_intrinsics.h: In function 'long long unsigned int __shfl_up(long long unsigned int, unsigned int, int)':
/usr/local/cuda/include/sm_30_intrinsics.h:76:25: warning: no return statement in function returning non-void [-Wreturn-type]
   76 | #define __DEF_IF_HOST { }
      |                         ^
/usr/local/cuda/include/sm_30_intrinsics.h:172:173: note: in expansion of macro '__DEF_IF_HOST'
  172 | __SM_30_INTRINSICS_DECL__ __DEPRECATED__(__WSB_DEPRECATION_MESSAGE(__shfl_up)) unsigned long long __shfl_up(unsigned long long var, unsigned int delta, int width=warpSize) __DEF_IF_HOST
      |                                                                                                                                                                             ^~~~~~~~~~~~~
/usr/local/cuda/include/sm_30_intrinsics.h: In function 'long long int __shfl_down(long long int, unsigned int, int)':
/usr/local/cuda/include/sm_30_intrinsics.h:76:25: warning: no return statement in function returning non-void [-Wreturn-type]
   76 | #define __DEF_IF_HOST { }
      |                         ^
/usr/local/cuda/include/sm_30_intrinsics.h:173:159: note: in expansion of macro '__DEF_IF_HOST'
  173 | __SM_30_INTRINSICS_DECL__ __DEPRECATED__(__WSB_DEPRECATION_MESSAGE(__shfl_down)) long long __shfl_down(long long var, unsigned int delta, int width=warpSize) __DEF_IF_HOST
      |                                                                                                                                                               ^~~~~~~~~~~~~
/usr/local/cuda/include/sm_30_intrinsics.h: In function 'long long unsigned int __shfl_down(long long unsigned int, unsigned int, int)':
/usr/local/cuda/include/sm_30_intrinsics.h:76:25: warning: no return statement in function returning non-void [-Wreturn-type]
   76 | #define __DEF_IF_HOST { }
      |                         ^
/usr/local/cuda/include/sm_30_intrinsics.h:174:177: note: in expansion of macro '__DEF_IF_HOST'
  174 | __SM_30_INTRINSICS_DECL__ __DEPRECATED__(__WSB_DEPRECATION_MESSAGE(__shfl_down)) unsigned long long __shfl_down(unsigned long long var, unsigned int delta, int width=warpSize) __DEF_IF_HOST
      |                                                                                                                                                                                 ^~~~~~~~~~~~~
/usr/local/cuda/include/sm_30_intrinsics.h: In function 'long long int __shfl_xor(long long int, int, int)':
/usr/local/cuda/include/sm_30_intrinsics.h:76:25: warning: no return statement in function returning non-void [-Wreturn-type]
   76 | #define __DEF_IF_HOST { }
      |                         ^
/usr/local/cuda/include/sm_30_intrinsics.h:175:151: note: in expansion of macro '__DEF_IF_HOST'
  175 | __SM_30_INTRINSICS_DECL__ __DEPRECATED__(__WSB_DEPRECATION_MESSAGE(__shfl_xor)) long long __shfl_xor(long long var, int laneMask, int width=warpSize) __DEF_IF_HOST
      |                                                                                                                                                       ^~~~~~~~~~~~~
/usr/local/cuda/include/sm_30_intrinsics.h: In function 'long long unsigned int __shfl_xor(long long unsigned int, int, int)':
/usr/local/cuda/include/sm_30_intrinsics.h:76:25: warning: no return statement in function returning non-void [-Wreturn-type]
   76 | #define __DEF_IF_HOST { }
      |                         ^
/usr/local/cuda/include/sm_30_intrinsics.h:176:169: note: in expansion of macro '__DEF_IF_HOST'
  176 | __SM_30_INTRINSICS_DECL__ __DEPRECATED__(__WSB_DEPRECATION_MESSAGE(__shfl_xor)) unsigned long long __shfl_xor(unsigned long long var, int laneMask, int width=warpSize) __DEF_IF_HOST
      |                                                                                                                                                                         ^~~~~~~~~~~~~
/usr/local/cuda/include/sm_30_intrinsics.h: In function 'double __shfl(double, int, int)':
/usr/local/cuda/include/sm_30_intrinsics.h:76:25: warning: no return statement in function returning non-void [-Wreturn-type]
   76 | #define __DEF_IF_HOST { }
      |                         ^
/usr/local/cuda/include/sm_30_intrinsics.h:177:136: note: in expansion of macro '__DEF_IF_HOST'
  177 | __SM_30_INTRINSICS_DECL__ __DEPRECATED__(__WSB_DEPRECATION_MESSAGE(__shfl)) double __shfl(double var, int srcLane, int width=warpSize) __DEF_IF_HOST
      |                                                                                                                                        ^~~~~~~~~~~~~
/usr/local/cuda/include/sm_30_intrinsics.h: In function 'double __shfl_up(double, unsigned int, int)':
/usr/local/cuda/include/sm_30_intrinsics.h:76:25: warning: no return statement in function returning non-void [-Wreturn-type]
   76 | #define __DEF_IF_HOST { }
      |                         ^
/usr/local/cuda/include/sm_30_intrinsics.h:178:149: note: in expansion of macro '__DEF_IF_HOST'
  178 | __SM_30_INTRINSICS_DECL__ __DEPRECATED__(__WSB_DEPRECATION_MESSAGE(__shfl_up)) double __shfl_up(double var, unsigned int delta, int width=warpSize) __DEF_IF_HOST
      |                                                                                                                                                     ^~~~~~~~~~~~~
/usr/local/cuda/include/sm_30_intrinsics.h: In function 'double __shfl_down(double, unsigned int, int)':
/usr/local/cuda/include/sm_30_intrinsics.h:76:25: warning: no return statement in function returning non-void [-Wreturn-type]
   76 | #define __DEF_IF_HOST { }
      |                         ^
/usr/local/cuda/include/sm_30_intrinsics.h:179:153: note: in expansion of macro '__DEF_IF_HOST'
  179 | __SM_30_INTRINSICS_DECL__ __DEPRECATED__(__WSB_DEPRECATION_MESSAGE(__shfl_down)) double __shfl_down(double var, unsigned int delta, int width=warpSize) __DEF_IF_HOST
      |                                                                                                                                                         ^~~~~~~~~~~~~
/usr/local/cuda/include/sm_30_intrinsics.h: In function 'double __shfl_xor(double, int, int)':
/usr/local/cuda/include/sm_30_intrinsics.h:76:25: warning: no return statement in function returning non-void [-Wreturn-type]
   76 | #define __DEF_IF_HOST { }
      |                         ^
/usr/local/cuda/include/sm_30_intrinsics.h:180:145: note: in expansion of macro '__DEF_IF_HOST'
  180 | __SM_30_INTRINSICS_DECL__ __DEPRECATED__(__WSB_DEPRECATION_MESSAGE(__shfl_xor)) double __shfl_xor(double var, int laneMask, int width=warpSize) __DEF_IF_HOST
      |                                                                                                                                                 ^~~~~~~~~~~~~
/usr/local/cuda/include/sm_30_intrinsics.h: In function 'long long int __shfl_sync(unsigned int, long long int, int, int)':
/usr/local/cuda/include/sm_30_intrinsics.h:76:25: warning: no return statement in function returning non-void [-Wreturn-type]
   76 | #define __DEF_IF_HOST { }
      |                         ^
/usr/local/cuda/include/sm_30_intrinsics.h:183:112: note: in expansion of macro '__DEF_IF_HOST'
  183 | __SM_30_INTRINSICS_DECL__ long long __shfl_sync(unsigned mask, long long var, int srcLane, int width=warpSize) __DEF_IF_HOST
      |                                                                                                                ^~~~~~~~~~~~~
/usr/local/cuda/include/sm_30_intrinsics.h: In function 'long long unsigned int __shfl_sync(unsigned int, long long unsigned int, int, int)':
/usr/local/cuda/include/sm_30_intrinsics.h:76:25: warning: no return statement in function returning non-void [-Wreturn-type]
   76 | #define __DEF_IF_HOST { }
      |                         ^
/usr/local/cuda/include/sm_30_intrinsics.h:184:130: note: in expansion of macro '__DEF_IF_HOST'
  184 | __SM_30_INTRINSICS_DECL__ unsigned long long __shfl_sync(unsigned mask, unsigned long long var, int srcLane, int width=warpSize) __DEF_IF_HOST
      |                                                                                                                                  ^~~~~~~~~~~~~
/usr/local/cuda/include/sm_30_intrinsics.h: In function 'long long int __shfl_up_sync(unsigned int, long long int, unsigned int, int)':
/usr/local/cuda/include/sm_30_intrinsics.h:76:25: warning: no return statement in function returning non-void [-Wreturn-type]
   76 | #define __DEF_IF_HOST { }
      |                         ^
/usr/local/cuda/include/sm_30_intrinsics.h:185:122: note: in expansion of macro '__DEF_IF_HOST'
  185 | __SM_30_INTRINSICS_DECL__ long long __shfl_up_sync(unsigned mask, long long var, unsigned int delta, int width=warpSize) __DEF_IF_HOST
      |                                                                                                                          ^~~~~~~~~~~~~
/usr/local/cuda/include/sm_30_intrinsics.h: In function 'long long unsigned int __shfl_up_sync(unsigned int, long long unsigned int, unsigned int, int)':
/usr/local/cuda/include/sm_30_intrinsics.h:76:25: warning: no return statement in function returning non-void [-Wreturn-type]
   76 | #define __DEF_IF_HOST { }
      |                         ^
/usr/local/cuda/include/sm_30_intrinsics.h:186:140: note: in expansion of macro '__DEF_IF_HOST'
  186 | __SM_30_INTRINSICS_DECL__ unsigned long long __shfl_up_sync(unsigned mask, unsigned long long var, unsigned int delta, int width=warpSize) __DEF_IF_HOST
      |                                                                                                                                            ^~~~~~~~~~~~~
/usr/local/cuda/include/sm_30_intrinsics.h: In function 'long long int __shfl_down_sync(unsigned int, long long int, unsigned int, int)':
/usr/local/cuda/include/sm_30_intrinsics.h:76:25: warning: no return statement in function returning non-void [-Wreturn-type]
   76 | #define __DEF_IF_HOST { }
      |                         ^
/usr/local/cuda/include/sm_30_intrinsics.h:187:124: note: in expansion of macro '__DEF_IF_HOST'
  187 | __SM_30_INTRINSICS_DECL__ long long __shfl_down_sync(unsigned mask, long long var, unsigned int delta, int width=warpSize) __DEF_IF_HOST
      |                                                                                                                            ^~~~~~~~~~~~~
/usr/local/cuda/include/sm_30_intrinsics.h: In function 'long long unsigned int __shfl_down_sync(unsigned int, long long unsigned int, unsigned int, int)':
/usr/local/cuda/include/sm_30_intrinsics.h:76:25: warning: no return statement in function returning non-void [-Wreturn-type]
   76 | #define __DEF_IF_HOST { }
      |                         ^
/usr/local/cuda/include/sm_30_intrinsics.h:188:142: note: in expansion of macro '__DEF_IF_HOST'
  188 | __SM_30_INTRINSICS_DECL__ unsigned long long __shfl_down_sync(unsigned mask, unsigned long long var, unsigned int delta, int width=warpSize) __DEF_IF_HOST
      |                                                                                                                                              ^~~~~~~~~~~~~
/usr/local/cuda/include/sm_30_intrinsics.h: In function 'long long int __shfl_xor_sync(unsigned int, long long int, int, int)':
/usr/local/cuda/include/sm_30_intrinsics.h:76:25: warning: no return statement in function returning non-void [-Wreturn-type]
   76 | #define __DEF_IF_HOST { }
      |                         ^
/usr/local/cuda/include/sm_30_intrinsics.h:189:117: note: in expansion of macro '__DEF_IF_HOST'
  189 | __SM_30_INTRINSICS_DECL__ long long __shfl_xor_sync(unsigned mask, long long var, int laneMask, int width=warpSize) __DEF_IF_HOST
      |                                                                                                                     ^~~~~~~~~~~~~
/usr/local/cuda/include/sm_30_intrinsics.h: In function 'long long unsigned int __shfl_xor_sync(unsigned int, long long unsigned int, int, int)':
/usr/local/cuda/include/sm_30_intrinsics.h:76:25: warning: no return statement in function returning non-void [-Wreturn-type]
   76 | #define __DEF_IF_HOST { }
      |                         ^
/usr/local/cuda/include/sm_30_intrinsics.h:190:135: note: in expansion of macro '__DEF_IF_HOST'
  190 | __SM_30_INTRINSICS_DECL__ unsigned long long __shfl_xor_sync(unsigned mask, unsigned long long var, int laneMask, int width=warpSize) __DEF_IF_HOST
      |                                                                                                                                       ^~~~~~~~~~~~~
/usr/local/cuda/include/sm_30_intrinsics.h: In function 'double __shfl_sync(unsigned int, double, int, int)':
/usr/local/cuda/include/sm_30_intrinsics.h:76:25: warning: no return statement in function returning non-void [-Wreturn-type]
   76 | #define __DEF_IF_HOST { }
      |                         ^
/usr/local/cuda/include/sm_30_intrinsics.h:191:106: note: in expansion of macro '__DEF_IF_HOST'
  191 | __SM_30_INTRINSICS_DECL__ double __shfl_sync(unsigned mask, double var, int srcLane, int width=warpSize) __DEF_IF_HOST
      |                                                                                                          ^~~~~~~~~~~~~
/usr/local/cuda/include/sm_30_intrinsics.h: In function 'double __shfl_up_sync(unsigned int, double, unsigned int, int)':
/usr/local/cuda/include/sm_30_intrinsics.h:76:25: warning: no return statement in function returning non-void [-Wreturn-type]
   76 | #define __DEF_IF_HOST { }
      |                         ^
/usr/local/cuda/include/sm_30_intrinsics.h:192:116: note: in expansion of macro '__DEF_IF_HOST'
  192 | __SM_30_INTRINSICS_DECL__ double __shfl_up_sync(unsigned mask, double var, unsigned int delta, int width=warpSize) __DEF_IF_HOST
      |                                                                                                                    ^~~~~~~~~~~~~
/usr/local/cuda/include/sm_30_intrinsics.h: In function 'double __shfl_down_sync(unsigned int, double, unsigned int, int)':
/usr/local/cuda/include/sm_30_intrinsics.h:76:25: warning: no return statement in function returning non-void [-Wreturn-type]
   76 | #define __DEF_IF_HOST { }
      |                         ^
/usr/local/cuda/include/sm_30_intrinsics.h:193:118: note: in expansion of macro '__DEF_IF_HOST'
  193 | __SM_30_INTRINSICS_DECL__ double __shfl_down_sync(unsigned mask, double var, unsigned int delta, int width=warpSize) __DEF_IF_HOST
      |                                                                                                                      ^~~~~~~~~~~~~
/usr/local/cuda/include/sm_30_intrinsics.h: In function 'double __shfl_xor_sync(unsigned int, double, int, int)':
/usr/local/cuda/include/sm_30_intrinsics.h:76:25: warning: no return statement in function returning non-void [-Wreturn-type]
   76 | #define __DEF_IF_HOST { }
      |                         ^
/usr/local/cuda/include/sm_30_intrinsics.h:194:111: note: in expansion of macro '__DEF_IF_HOST'
  194 | __SM_30_INTRINSICS_DECL__ double __shfl_xor_sync(unsigned mask, double var, int laneMask, int width=warpSize) __DEF_IF_HOST
      |                                                                                                               ^~~~~~~~~~~~~
/usr/local/cuda/include/sm_30_intrinsics.h: In function 'long int __shfl(long int, int, int)':
/usr/local/cuda/include/sm_30_intrinsics.h:76:25: warning: no return statement in function returning non-void [-Wreturn-type]
   76 | #define __DEF_IF_HOST { }
      |                         ^
/usr/local/cuda/include/sm_30_intrinsics.h:198:132: note: in expansion of macro '__DEF_IF_HOST'
  198 | __SM_30_INTRINSICS_DECL__ __DEPRECATED__(__WSB_DEPRECATION_MESSAGE(__shfl)) long __shfl(long var, int srcLane, int width=warpSize) __DEF_IF_HOST
      |                                                                                                                                    ^~~~~~~~~~~~~
/usr/local/cuda/include/sm_30_intrinsics.h: In function 'long unsigned int __shfl(long unsigned int, int, int)':
/usr/local/cuda/include/sm_30_intrinsics.h:76:25: warning: no return statement in function returning non-void [-Wreturn-type]
   76 | #define __DEF_IF_HOST { }
      |                         ^
/usr/local/cuda/include/sm_30_intrinsics.h:199:150: note: in expansion of macro '__DEF_IF_HOST'
  199 | __SM_30_INTRINSICS_DECL__ __DEPRECATED__(__WSB_DEPRECATION_MESSAGE(__shfl)) unsigned long __shfl(unsigned long var, int srcLane, int width=warpSize) __DEF_IF_HOST
      |                                                                                                                                                      ^~~~~~~~~~~~~
/usr/local/cuda/include/sm_30_intrinsics.h: In function 'long int __shfl_up(long int, unsigned int, int)':
/usr/local/cuda/include/sm_30_intrinsics.h:76:25: warning: no return statement in function returning non-void [-Wreturn-type]
   76 | #define __DEF_IF_HOST { }
      |                         ^
/usr/local/cuda/include/sm_30_intrinsics.h:200:145: note: in expansion of macro '__DEF_IF_HOST'
  200 | __SM_30_INTRINSICS_DECL__ __DEPRECATED__(__WSB_DEPRECATION_MESSAGE(__shfl_up)) long __shfl_up(long var, unsigned int delta, int width=warpSize) __DEF_IF_HOST
      |                                                                                                                                                 ^~~~~~~~~~~~~
/usr/local/cuda/include/sm_30_intrinsics.h: In function 'long unsigned int __shfl_up(long unsigned int, unsigned int, int)':
/usr/local/cuda/include/sm_30_intrinsics.h:76:25: warning: no return statement in function returning non-void [-Wreturn-type]
   76 | #define __DEF_IF_HOST { }
      |                         ^
/usr/local/cuda/include/sm_30_intrinsics.h:201:163: note: in expansion of macro '__DEF_IF_HOST'
  201 | __SM_30_INTRINSICS_DECL__ __DEPRECATED__(__WSB_DEPRECATION_MESSAGE(__shfl_up)) unsigned long __shfl_up(unsigned long var, unsigned int delta, int width=warpSize) __DEF_IF_HOST
      |                                                                                                                                                                   ^~~~~~~~~~~~~
/usr/local/cuda/include/sm_30_intrinsics.h: In function 'long int __shfl_down(long int, unsigned int, int)':
/usr/local/cuda/include/sm_30_intrinsics.h:76:25: warning: no return statement in function returning non-void [-Wreturn-type]
   76 | #define __DEF_IF_HOST { }
      |                         ^
/usr/local/cuda/include/sm_30_intrinsics.h:202:149: note: in expansion of macro '__DEF_IF_HOST'
  202 | __SM_30_INTRINSICS_DECL__ __DEPRECATED__(__WSB_DEPRECATION_MESSAGE(__shfl_down)) long __shfl_down(long var, unsigned int delta, int width=warpSize) __DEF_IF_HOST
      |                                                                                                                                                     ^~~~~~~~~~~~~
/usr/local/cuda/include/sm_30_intrinsics.h: In function 'long unsigned int __shfl_down(long unsigned int, unsigned int, int)':
/usr/local/cuda/include/sm_30_intrinsics.h:76:25: warning: no return statement in function returning non-void [-Wreturn-type]
   76 | #define __DEF_IF_HOST { }
      |                         ^
/usr/local/cuda/include/sm_30_intrinsics.h:203:167: note: in expansion of macro '__DEF_IF_HOST'
  203 | __SM_30_INTRINSICS_DECL__ __DEPRECATED__(__WSB_DEPRECATION_MESSAGE(__shfl_down)) unsigned long __shfl_down(unsigned long var, unsigned int delta, int width=warpSize) __DEF_IF_HOST
      |                                                                                                                                                                       ^~~~~~~~~~~~~
/usr/local/cuda/include/sm_30_intrinsics.h: In function 'long int __shfl_xor(long int, int, int)':
/usr/local/cuda/include/sm_30_intrinsics.h:76:25: warning: no return statement in function returning non-void [-Wreturn-type]
   76 | #define __DEF_IF_HOST { }
      |                         ^
/usr/local/cuda/include/sm_30_intrinsics.h:204:141: note: in expansion of macro '__DEF_IF_HOST'
  204 | __SM_30_INTRINSICS_DECL__ __DEPRECATED__(__WSB_DEPRECATION_MESSAGE(__shfl_xor)) long __shfl_xor(long var, int laneMask, int width=warpSize) __DEF_IF_HOST
      |                                                                                                                                             ^~~~~~~~~~~~~
/usr/local/cuda/include/sm_30_intrinsics.h: In function 'long unsigned int __shfl_xor(long unsigned int, int, int)':
/usr/local/cuda/include/sm_30_intrinsics.h:76:25: warning: no return statement in function returning non-void [-Wreturn-type]
   76 | #define __DEF_IF_HOST { }
      |                         ^
/usr/local/cuda/include/sm_30_intrinsics.h:205:159: note: in expansion of macro '__DEF_IF_HOST'
  205 | __SM_30_INTRINSICS_DECL__ __DEPRECATED__(__WSB_DEPRECATION_MESSAGE(__shfl_xor)) unsigned long __shfl_xor(unsigned long var, int laneMask, int width=warpSize) __DEF_IF_HOST
      |                                                                                                                                                               ^~~~~~~~~~~~~
/usr/local/cuda/include/sm_30_intrinsics.h: In function 'long int __shfl_sync(unsigned int, long int, int, int)':
/usr/local/cuda/include/sm_30_intrinsics.h:76:25: warning: no return statement in function returning non-void [-Wreturn-type]
   76 | #define __DEF_IF_HOST { }
      |                         ^
/usr/local/cuda/include/sm_30_intrinsics.h:208:102: note: in expansion of macro '__DEF_IF_HOST'
  208 | __SM_30_INTRINSICS_DECL__ long __shfl_sync(unsigned mask, long var, int srcLane, int width=warpSize) __DEF_IF_HOST
      |                                                                                                      ^~~~~~~~~~~~~
/usr/local/cuda/include/sm_30_intrinsics.h: In function 'long unsigned int __shfl_sync(unsigned int, long unsigned int, int, int)':
/usr/local/cuda/include/sm_30_intrinsics.h:76:25: warning: no return statement in function returning non-void [-Wreturn-type]
   76 | #define __DEF_IF_HOST { }
      |                         ^
/usr/local/cuda/include/sm_30_intrinsics.h:209:120: note: in expansion of macro '__DEF_IF_HOST'
  209 | __SM_30_INTRINSICS_DECL__ unsigned long __shfl_sync(unsigned mask, unsigned long var, int srcLane, int width=warpSize) __DEF_IF_HOST
      |                                                                                                                        ^~~~~~~~~~~~~
/usr/local/cuda/include/sm_30_intrinsics.h: In function 'long int __shfl_up_sync(unsigned int, long int, unsigned int, int)':
/usr/local/cuda/include/sm_30_intrinsics.h:76:25: warning: no return statement in function returning non-void [-Wreturn-type]
   76 | #define __DEF_IF_HOST { }
      |                         ^
/usr/local/cuda/include/sm_30_intrinsics.h:210:112: note: in expansion of macro '__DEF_IF_HOST'
  210 | __SM_30_INTRINSICS_DECL__ long __shfl_up_sync(unsigned mask, long var, unsigned int delta, int width=warpSize) __DEF_IF_HOST
      |                                                                                                                ^~~~~~~~~~~~~
/usr/local/cuda/include/sm_30_intrinsics.h: In function 'long unsigned int __shfl_up_sync(unsigned int, long unsigned int, unsigned int, int)':
/usr/local/cuda/include/sm_30_intrinsics.h:76:25: warning: no return statement in function returning non-void [-Wreturn-type]
   76 | #define __DEF_IF_HOST { }
      |                         ^
/usr/local/cuda/include/sm_30_intrinsics.h:211:130: note: in expansion of macro '__DEF_IF_HOST'
  211 | __SM_30_INTRINSICS_DECL__ unsigned long __shfl_up_sync(unsigned mask, unsigned long var, unsigned int delta, int width=warpSize) __DEF_IF_HOST
      |                                                                                                                                  ^~~~~~~~~~~~~
/usr/local/cuda/include/sm_30_intrinsics.h: In function 'long int __shfl_down_sync(unsigned int, long int, unsigned int, int)':
/usr/local/cuda/include/sm_30_intrinsics.h:76:25: warning: no return statement in function returning non-void [-Wreturn-type]
   76 | #define __DEF_IF_HOST { }
      |                         ^
/usr/local/cuda/include/sm_30_intrinsics.h:212:114: note: in expansion of macro '__DEF_IF_HOST'
  212 | __SM_30_INTRINSICS_DECL__ long __shfl_down_sync(unsigned mask, long var, unsigned int delta, int width=warpSize) __DEF_IF_HOST
      |                                                                                                                  ^~~~~~~~~~~~~
/usr/local/cuda/include/sm_30_intrinsics.h: In function 'long unsigned int __shfl_down_sync(unsigned int, long unsigned int, unsigned int, int)':
/usr/local/cuda/include/sm_30_intrinsics.h:76:25: warning: no return statement in function returning non-void [-Wreturn-type]
   76 | #define __DEF_IF_HOST { }
      |                         ^
/usr/local/cuda/include/sm_30_intrinsics.h:213:132: note: in expansion of macro '__DEF_IF_HOST'
  213 | __SM_30_INTRINSICS_DECL__ unsigned long __shfl_down_sync(unsigned mask, unsigned long var, unsigned int delta, int width=warpSize) __DEF_IF_HOST
      |                                                                                                                                    ^~~~~~~~~~~~~
/usr/local/cuda/include/sm_30_intrinsics.h: In function 'long int __shfl_xor_sync(unsigned int, long int, int, int)':
/usr/local/cuda/include/sm_30_intrinsics.h:76:25: warning: no return statement in function returning non-void [-Wreturn-type]
   76 | #define __DEF_IF_HOST { }
      |                         ^
/usr/local/cuda/include/sm_30_intrinsics.h:214:107: note: in expansion of macro '__DEF_IF_HOST'
  214 | __SM_30_INTRINSICS_DECL__ long __shfl_xor_sync(unsigned mask, long var, int laneMask, int width=warpSize) __DEF_IF_HOST
      |                                                                                                           ^~~~~~~~~~~~~
/usr/local/cuda/include/sm_30_intrinsics.h: In function 'long unsigned int __shfl_xor_sync(unsigned int, long unsigned int, int, int)':
/usr/local/cuda/include/sm_30_intrinsics.h:76:25: warning: no return statement in function returning non-void [-Wreturn-type]
   76 | #define __DEF_IF_HOST { }
      |                         ^
/usr/local/cuda/include/sm_30_intrinsics.h:215:125: note: in expansion of macro '__DEF_IF_HOST'
  215 | __SM_30_INTRINSICS_DECL__ unsigned long __shfl_xor_sync(unsigned mask, unsigned long var, int laneMask, int width=warpSize) __DEF_IF_HOST
      |                                                                                                                             ^~~~~~~~~~~~~
In file included from /usr/local/cuda/include/crt/device_functions.h:3623,
                 from /home/GVirtuS/GVirtuS/plugins/cudart/backend/CudaRtHandler.h:71,
                 from /home/GVirtuS/GVirtuS/plugins/cudart/backend/CudaRtHandler.cpp:36:
/usr/local/cuda/include/sm_32_intrinsics.h: In function 'long int __ldg(const long int*)':
/usr/local/cuda/include/sm_32_intrinsics.h:74:25: warning: no return statement in function returning non-void [-Wreturn-type]
   74 | #define __DEF_IF_HOST { }
      |                         ^
/usr/local/cuda/include/sm_32_intrinsics.h:87:55: note: in expansion of macro '__DEF_IF_HOST'
   87 | __SM_32_INTRINSICS_DECL__ long __ldg(const long *ptr) __DEF_IF_HOST
      |                                                       ^~~~~~~~~~~~~
/usr/local/cuda/include/sm_32_intrinsics.h: In function 'long unsigned int __ldg(const long unsigned int*)':
/usr/local/cuda/include/sm_32_intrinsics.h:74:25: warning: no return statement in function returning non-void [-Wreturn-type]
   74 | #define __DEF_IF_HOST { }
      |                         ^
/usr/local/cuda/include/sm_32_intrinsics.h:88:73: note: in expansion of macro '__DEF_IF_HOST'
   88 | __SM_32_INTRINSICS_DECL__ unsigned long __ldg(const unsigned long *ptr) __DEF_IF_HOST
      |                                                                         ^~~~~~~~~~~~~
/usr/local/cuda/include/sm_32_intrinsics.h: In function 'char __ldg(const char*)':
/usr/local/cuda/include/sm_32_intrinsics.h:74:25: warning: no return statement in function returning non-void [-Wreturn-type]
   74 | #define __DEF_IF_HOST { }
      |                         ^
/usr/local/cuda/include/sm_32_intrinsics.h:90:55: note: in expansion of macro '__DEF_IF_HOST'
   90 | __SM_32_INTRINSICS_DECL__ char __ldg(const char *ptr) __DEF_IF_HOST
      |                                                       ^~~~~~~~~~~~~
/usr/local/cuda/include/sm_32_intrinsics.h: In function 'signed char __ldg(const signed char*)':
/usr/local/cuda/include/sm_32_intrinsics.h:74:25: warning: no return statement in function returning non-void [-Wreturn-type]
   74 | #define __DEF_IF_HOST { }
      |                         ^
/usr/local/cuda/include/sm_32_intrinsics.h:91:69: note: in expansion of macro '__DEF_IF_HOST'
   91 | __SM_32_INTRINSICS_DECL__ signed char __ldg(const signed char *ptr) __DEF_IF_HOST
      |                                                                     ^~~~~~~~~~~~~
/usr/local/cuda/include/sm_32_intrinsics.h: In function 'short int __ldg(const short int*)':
/usr/local/cuda/include/sm_32_intrinsics.h:74:25: warning: no return statement in function returning non-void [-Wreturn-type]
   74 | #define __DEF_IF_HOST { }
      |                         ^
/usr/local/cuda/include/sm_32_intrinsics.h:92:57: note: in expansion of macro '__DEF_IF_HOST'
   92 | __SM_32_INTRINSICS_DECL__ short __ldg(const short *ptr) __DEF_IF_HOST
      |                                                         ^~~~~~~~~~~~~
/usr/local/cuda/include/sm_32_intrinsics.h: In function 'int __ldg(const int*)':
/usr/local/cuda/include/sm_32_intrinsics.h:74:25: warning: no return statement in function returning non-void [-Wreturn-type]
   74 | #define __DEF_IF_HOST { }
      |                         ^
/usr/local/cuda/include/sm_32_intrinsics.h:93:53: note: in expansion of macro '__DEF_IF_HOST'
   93 | __SM_32_INTRINSICS_DECL__ int __ldg(const int *ptr) __DEF_IF_HOST
      |                                                     ^~~~~~~~~~~~~
/usr/local/cuda/include/sm_32_intrinsics.h: In function 'long long int __ldg(const long long int*)':
/usr/local/cuda/include/sm_32_intrinsics.h:74:25: warning: no return statement in function returning non-void [-Wreturn-type]
   74 | #define __DEF_IF_HOST { }
      |                         ^
/usr/local/cuda/include/sm_32_intrinsics.h:94:65: note: in expansion of macro '__DEF_IF_HOST'
   94 | __SM_32_INTRINSICS_DECL__ long long __ldg(const long long *ptr) __DEF_IF_HOST
      |                                                                 ^~~~~~~~~~~~~
/usr/local/cuda/include/sm_32_intrinsics.h: In function 'char2 __ldg(const char2*)':
/usr/local/cuda/include/sm_32_intrinsics.h:74:25: warning: no return statement in function returning non-void [-Wreturn-type]
   74 | #define __DEF_IF_HOST { }
      |                         ^
/usr/local/cuda/include/sm_32_intrinsics.h:95:57: note: in expansion of macro '__DEF_IF_HOST'
   95 | __SM_32_INTRINSICS_DECL__ char2 __ldg(const char2 *ptr) __DEF_IF_HOST
      |                                                         ^~~~~~~~~~~~~
/usr/local/cuda/include/sm_32_intrinsics.h: In function 'char4 __ldg(const char4*)':
/usr/local/cuda/include/sm_32_intrinsics.h:74:25: warning: no return statement in function returning non-void [-Wreturn-type]
   74 | #define __DEF_IF_HOST { }
      |                         ^
/usr/local/cuda/include/sm_32_intrinsics.h:96:57: note: in expansion of macro '__DEF_IF_HOST'
   96 | __SM_32_INTRINSICS_DECL__ char4 __ldg(const char4 *ptr) __DEF_IF_HOST
      |                                                         ^~~~~~~~~~~~~
/usr/local/cuda/include/sm_32_intrinsics.h: In function 'short2 __ldg(const short2*)':
/usr/local/cuda/include/sm_32_intrinsics.h:74:25: warning: no return statement in function returning non-void [-Wreturn-type]
   74 | #define __DEF_IF_HOST { }
      |                         ^
/usr/local/cuda/include/sm_32_intrinsics.h:97:59: note: in expansion of macro '__DEF_IF_HOST'
   97 | __SM_32_INTRINSICS_DECL__ short2 __ldg(const short2 *ptr) __DEF_IF_HOST
      |                                                           ^~~~~~~~~~~~~
/usr/local/cuda/include/sm_32_intrinsics.h: In function 'short4 __ldg(const short4*)':
/usr/local/cuda/include/sm_32_intrinsics.h:74:25: warning: no return statement in function returning non-void [-Wreturn-type]
   74 | #define __DEF_IF_HOST { }
      |                         ^
/usr/local/cuda/include/sm_32_intrinsics.h:98:59: note: in expansion of macro '__DEF_IF_HOST'
   98 | __SM_32_INTRINSICS_DECL__ short4 __ldg(const short4 *ptr) __DEF_IF_HOST
      |                                                           ^~~~~~~~~~~~~
/usr/local/cuda/include/sm_32_intrinsics.h: In function 'int2 __ldg(const int2*)':
/usr/local/cuda/include/sm_32_intrinsics.h:74:25: warning: no return statement in function returning non-void [-Wreturn-type]
   74 | #define __DEF_IF_HOST { }
      |                         ^
/usr/local/cuda/include/sm_32_intrinsics.h:99:55: note: in expansion of macro '__DEF_IF_HOST'
   99 | __SM_32_INTRINSICS_DECL__ int2 __ldg(const int2 *ptr) __DEF_IF_HOST
      |                                                       ^~~~~~~~~~~~~
/usr/local/cuda/include/sm_32_intrinsics.h: In function 'int4 __ldg(const int4*)':
/usr/local/cuda/include/sm_32_intrinsics.h:74:25: warning: no return statement in function returning non-void [-Wreturn-type]
   74 | #define __DEF_IF_HOST { }
      |                         ^
/usr/local/cuda/include/sm_32_intrinsics.h:100:55: note: in expansion of macro '__DEF_IF_HOST'
  100 | __SM_32_INTRINSICS_DECL__ int4 __ldg(const int4 *ptr) __DEF_IF_HOST
      |                                                       ^~~~~~~~~~~~~
/usr/local/cuda/include/sm_32_intrinsics.h: In function 'longlong2 __ldg(const longlong2*)':
/usr/local/cuda/include/sm_32_intrinsics.h:74:25: warning: no return statement in function returning non-void [-Wreturn-type]
   74 | #define __DEF_IF_HOST { }
      |                         ^
/usr/local/cuda/include/sm_32_intrinsics.h:101:65: note: in expansion of macro '__DEF_IF_HOST'
  101 | __SM_32_INTRINSICS_DECL__ longlong2 __ldg(const longlong2 *ptr) __DEF_IF_HOST
      |                                                                 ^~~~~~~~~~~~~
/usr/local/cuda/include/sm_32_intrinsics.h: In function 'unsigned char __ldg(const unsigned char*)':
/usr/local/cuda/include/sm_32_intrinsics.h:74:25: warning: no return statement in function returning non-void [-Wreturn-type]
   74 | #define __DEF_IF_HOST { }
      |                         ^
/usr/local/cuda/include/sm_32_intrinsics.h:103:73: note: in expansion of macro '__DEF_IF_HOST'
  103 | __SM_32_INTRINSICS_DECL__ unsigned char __ldg(const unsigned char *ptr) __DEF_IF_HOST
      |                                                                         ^~~~~~~~~~~~~
/usr/local/cuda/include/sm_32_intrinsics.h: In function 'short unsigned int __ldg(const short unsigned int*)':
/usr/local/cuda/include/sm_32_intrinsics.h:74:25: warning: no return statement in function returning non-void [-Wreturn-type]
   74 | #define __DEF_IF_HOST { }
      |                         ^
/usr/local/cuda/include/sm_32_intrinsics.h:104:75: note: in expansion of macro '__DEF_IF_HOST'
  104 | __SM_32_INTRINSICS_DECL__ unsigned short __ldg(const unsigned short *ptr) __DEF_IF_HOST
      |                                                                           ^~~~~~~~~~~~~
/usr/local/cuda/include/sm_32_intrinsics.h: In function 'unsigned int __ldg(const unsigned int*)':
/usr/local/cuda/include/sm_32_intrinsics.h:74:25: warning: no return statement in function returning non-void [-Wreturn-type]
   74 | #define __DEF_IF_HOST { }
      |                         ^
/usr/local/cuda/include/sm_32_intrinsics.h:105:71: note: in expansion of macro '__DEF_IF_HOST'
  105 | __SM_32_INTRINSICS_DECL__ unsigned int __ldg(const unsigned int *ptr) __DEF_IF_HOST
      |                                                                       ^~~~~~~~~~~~~
/usr/local/cuda/include/sm_32_intrinsics.h: In function 'long long unsigned int __ldg(const long long unsigned int*)':
/usr/local/cuda/include/sm_32_intrinsics.h:74:25: warning: no return statement in function returning non-void [-Wreturn-type]
   74 | #define __DEF_IF_HOST { }
      |                         ^
/usr/local/cuda/include/sm_32_intrinsics.h:106:83: note: in expansion of macro '__DEF_IF_HOST'
  106 | __SM_32_INTRINSICS_DECL__ unsigned long long __ldg(const unsigned long long *ptr) __DEF_IF_HOST
      |                                                                                   ^~~~~~~~~~~~~
/usr/local/cuda/include/sm_32_intrinsics.h: In function 'uchar2 __ldg(const uchar2*)':
/usr/local/cuda/include/sm_32_intrinsics.h:74:25: warning: no return statement in function returning non-void [-Wreturn-type]
   74 | #define __DEF_IF_HOST { }
      |                         ^
/usr/local/cuda/include/sm_32_intrinsics.h:107:59: note: in expansion of macro '__DEF_IF_HOST'
  107 | __SM_32_INTRINSICS_DECL__ uchar2 __ldg(const uchar2 *ptr) __DEF_IF_HOST
      |                                                           ^~~~~~~~~~~~~
/usr/local/cuda/include/sm_32_intrinsics.h: In function 'uchar4 __ldg(const uchar4*)':
/usr/local/cuda/include/sm_32_intrinsics.h:74:25: warning: no return statement in function returning non-void [-Wreturn-type]
   74 | #define __DEF_IF_HOST { }
      |                         ^
/usr/local/cuda/include/sm_32_intrinsics.h:108:59: note: in expansion of macro '__DEF_IF_HOST'
  108 | __SM_32_INTRINSICS_DECL__ uchar4 __ldg(const uchar4 *ptr) __DEF_IF_HOST
      |                                                           ^~~~~~~~~~~~~
/usr/local/cuda/include/sm_32_intrinsics.h: In function 'ushort2 __ldg(const ushort2*)':
/usr/local/cuda/include/sm_32_intrinsics.h:74:25: warning: no return statement in function returning non-void [-Wreturn-type]
   74 | #define __DEF_IF_HOST { }
      |                         ^
/usr/local/cuda/include/sm_32_intrinsics.h:109:61: note: in expansion of macro '__DEF_IF_HOST'
  109 | __SM_32_INTRINSICS_DECL__ ushort2 __ldg(const ushort2 *ptr) __DEF_IF_HOST
      |                                                             ^~~~~~~~~~~~~
/usr/local/cuda/include/sm_32_intrinsics.h: In function 'ushort4 __ldg(const ushort4*)':
/usr/local/cuda/include/sm_32_intrinsics.h:74:25: warning: no return statement in function returning non-void [-Wreturn-type]
   74 | #define __DEF_IF_HOST { }
      |                         ^
/usr/local/cuda/include/sm_32_intrinsics.h:110:61: note: in expansion of macro '__DEF_IF_HOST'
  110 | __SM_32_INTRINSICS_DECL__ ushort4 __ldg(const ushort4 *ptr) __DEF_IF_HOST
      |                                                             ^~~~~~~~~~~~~
/usr/local/cuda/include/sm_32_intrinsics.h: In function 'uint2 __ldg(const uint2*)':
/usr/local/cuda/include/sm_32_intrinsics.h:74:25: warning: no return statement in function returning non-void [-Wreturn-type]
   74 | #define __DEF_IF_HOST { }
      |                         ^
/usr/local/cuda/include/sm_32_intrinsics.h:111:57: note: in expansion of macro '__DEF_IF_HOST'
  111 | __SM_32_INTRINSICS_DECL__ uint2 __ldg(const uint2 *ptr) __DEF_IF_HOST
      |                                                         ^~~~~~~~~~~~~
/usr/local/cuda/include/sm_32_intrinsics.h: In function 'uint4 __ldg(const uint4*)':
/usr/local/cuda/include/sm_32_intrinsics.h:74:25: warning: no return statement in function returning non-void [-Wreturn-type]
   74 | #define __DEF_IF_HOST { }
      |                         ^
/usr/local/cuda/include/sm_32_intrinsics.h:112:57: note: in expansion of macro '__DEF_IF_HOST'
  112 | __SM_32_INTRINSICS_DECL__ uint4 __ldg(const uint4 *ptr) __DEF_IF_HOST
      |                                                         ^~~~~~~~~~~~~
/usr/local/cuda/include/sm_32_intrinsics.h: In function 'ulonglong2 __ldg(const ulonglong2*)':
/usr/local/cuda/include/sm_32_intrinsics.h:74:25: warning: no return statement in function returning non-void [-Wreturn-type]
   74 | #define __DEF_IF_HOST { }
      |                         ^
/usr/local/cuda/include/sm_32_intrinsics.h:113:67: note: in expansion of macro '__DEF_IF_HOST'
  113 | __SM_32_INTRINSICS_DECL__ ulonglong2 __ldg(const ulonglong2 *ptr) __DEF_IF_HOST
      |                                                                   ^~~~~~~~~~~~~
/usr/local/cuda/include/sm_32_intrinsics.h: In function 'float __ldg(const float*)':
/usr/local/cuda/include/sm_32_intrinsics.h:74:25: warning: no return statement in function returning non-void [-Wreturn-type]
   74 | #define __DEF_IF_HOST { }
      |                         ^
/usr/local/cuda/include/sm_32_intrinsics.h:115:57: note: in expansion of macro '__DEF_IF_HOST'
  115 | __SM_32_INTRINSICS_DECL__ float __ldg(const float *ptr) __DEF_IF_HOST
      |                                                         ^~~~~~~~~~~~~
/usr/local/cuda/include/sm_32_intrinsics.h: In function 'double __ldg(const double*)':
/usr/local/cuda/include/sm_32_intrinsics.h:74:25: warning: no return statement in function returning non-void [-Wreturn-type]
   74 | #define __DEF_IF_HOST { }
      |                         ^
/usr/local/cuda/include/sm_32_intrinsics.h:116:59: note: in expansion of macro '__DEF_IF_HOST'
  116 | __SM_32_INTRINSICS_DECL__ double __ldg(const double *ptr) __DEF_IF_HOST
      |                                                           ^~~~~~~~~~~~~
/usr/local/cuda/include/sm_32_intrinsics.h: In function 'float2 __ldg(const float2*)':
/usr/local/cuda/include/sm_32_intrinsics.h:74:25: warning: no return statement in function returning non-void [-Wreturn-type]
   74 | #define __DEF_IF_HOST { }
      |                         ^
/usr/local/cuda/include/sm_32_intrinsics.h:117:59: note: in expansion of macro '__DEF_IF_HOST'
  117 | __SM_32_INTRINSICS_DECL__ float2 __ldg(const float2 *ptr) __DEF_IF_HOST
      |                                                           ^~~~~~~~~~~~~
/usr/local/cuda/include/sm_32_intrinsics.h: In function 'float4 __ldg(const float4*)':
/usr/local/cuda/include/sm_32_intrinsics.h:74:25: warning: no return statement in function returning non-void [-Wreturn-type]
   74 | #define __DEF_IF_HOST { }
      |                         ^
/usr/local/cuda/include/sm_32_intrinsics.h:118:59: note: in expansion of macro '__DEF_IF_HOST'
  118 | __SM_32_INTRINSICS_DECL__ float4 __ldg(const float4 *ptr) __DEF_IF_HOST
      |                                                           ^~~~~~~~~~~~~
/usr/local/cuda/include/sm_32_intrinsics.h: In function 'double2 __ldg(const double2*)':
/usr/local/cuda/include/sm_32_intrinsics.h:74:25: warning: no return statement in function returning non-void [-Wreturn-type]
   74 | #define __DEF_IF_HOST { }
      |                         ^
/usr/local/cuda/include/sm_32_intrinsics.h:119:61: note: in expansion of macro '__DEF_IF_HOST'
  119 | __SM_32_INTRINSICS_DECL__ double2 __ldg(const double2 *ptr) __DEF_IF_HOST
      |                                                             ^~~~~~~~~~~~~
/usr/local/cuda/include/sm_32_intrinsics.h: In function 'long int __ldcg(const long int*)':
/usr/local/cuda/include/sm_32_intrinsics.h:74:25: warning: no return statement in function returning non-void [-Wreturn-type]
   74 | #define __DEF_IF_HOST { }
      |                         ^
/usr/local/cuda/include/sm_32_intrinsics.h:123:56: note: in expansion of macro '__DEF_IF_HOST'
  123 | __SM_32_INTRINSICS_DECL__ long __ldcg(const long *ptr) __DEF_IF_HOST
      |                                                        ^~~~~~~~~~~~~
/usr/local/cuda/include/sm_32_intrinsics.h: In function 'long unsigned int __ldcg(const long unsigned int*)':
/usr/local/cuda/include/sm_32_intrinsics.h:74:25: warning: no return statement in function returning non-void [-Wreturn-type]
   74 | #define __DEF_IF_HOST { }
      |                         ^
/usr/local/cuda/include/sm_32_intrinsics.h:124:74: note: in expansion of macro '__DEF_IF_HOST'
  124 | __SM_32_INTRINSICS_DECL__ unsigned long __ldcg(const unsigned long *ptr) __DEF_IF_HOST
      |                                                                          ^~~~~~~~~~~~~
/usr/local/cuda/include/sm_32_intrinsics.h: In function 'char __ldcg(const char*)':
/usr/local/cuda/include/sm_32_intrinsics.h:74:25: warning: no return statement in function returning non-void [-Wreturn-type]
   74 | #define __DEF_IF_HOST { }
      |                         ^
/usr/local/cuda/include/sm_32_intrinsics.h:126:56: note: in expansion of macro '__DEF_IF_HOST'
  126 | __SM_32_INTRINSICS_DECL__ char __ldcg(const char *ptr) __DEF_IF_HOST
      |                                                        ^~~~~~~~~~~~~
/usr/local/cuda/include/sm_32_intrinsics.h: In function 'signed char __ldcg(const signed char*)':
/usr/local/cuda/include/sm_32_intrinsics.h:74:25: warning: no return statement in function returning non-void [-Wreturn-type]
   74 | #define __DEF_IF_HOST { }
      |                         ^
/usr/local/cuda/include/sm_32_intrinsics.h:127:70: note: in expansion of macro '__DEF_IF_HOST'
  127 | __SM_32_INTRINSICS_DECL__ signed char __ldcg(const signed char *ptr) __DEF_IF_HOST
      |                                                                      ^~~~~~~~~~~~~
/usr/local/cuda/include/sm_32_intrinsics.h: In function 'short int __ldcg(const short int*)':
/usr/local/cuda/include/sm_32_intrinsics.h:74:25: warning: no return statement in function returning non-void [-Wreturn-type]
   74 | #define __DEF_IF_HOST { }
      |                         ^
/usr/local/cuda/include/sm_32_intrinsics.h:128:58: note: in expansion of macro '__DEF_IF_HOST'
  128 | __SM_32_INTRINSICS_DECL__ short __ldcg(const short *ptr) __DEF_IF_HOST
      |                                                          ^~~~~~~~~~~~~
/usr/local/cuda/include/sm_32_intrinsics.h: In function 'int __ldcg(const int*)':
/usr/local/cuda/include/sm_32_intrinsics.h:74:25: warning: no return statement in function returning non-void [-Wreturn-type]
   74 | #define __DEF_IF_HOST { }
      |                         ^
/usr/local/cuda/include/sm_32_intrinsics.h:129:54: note: in expansion of macro '__DEF_IF_HOST'
  129 | __SM_32_INTRINSICS_DECL__ int __ldcg(const int *ptr) __DEF_IF_HOST
      |                                                      ^~~~~~~~~~~~~
/usr/local/cuda/include/sm_32_intrinsics.h: In function 'long long int __ldcg(const long long int*)':
/usr/local/cuda/include/sm_32_intrinsics.h:74:25: warning: no return statement in function returning non-void [-Wreturn-type]
   74 | #define __DEF_IF_HOST { }
      |                         ^
/usr/local/cuda/include/sm_32_intrinsics.h:130:66: note: in expansion of macro '__DEF_IF_HOST'
  130 | __SM_32_INTRINSICS_DECL__ long long __ldcg(const long long *ptr) __DEF_IF_HOST
      |                                                                  ^~~~~~~~~~~~~
/usr/local/cuda/include/sm_32_intrinsics.h: In function 'char2 __ldcg(const char2*)':
/usr/local/cuda/include/sm_32_intrinsics.h:74:25: warning: no return statement in function returning non-void [-Wreturn-type]
   74 | #define __DEF_IF_HOST { }
      |                         ^
/usr/local/cuda/include/sm_32_intrinsics.h:131:58: note: in expansion of macro '__DEF_IF_HOST'
  131 | __SM_32_INTRINSICS_DECL__ char2 __ldcg(const char2 *ptr) __DEF_IF_HOST
      |                                                          ^~~~~~~~~~~~~
/usr/local/cuda/include/sm_32_intrinsics.h: In function 'char4 __ldcg(const char4*)':
/usr/local/cuda/include/sm_32_intrinsics.h:74:25: warning: no return statement in function returning non-void [-Wreturn-type]
   74 | #define __DEF_IF_HOST { }
      |                         ^
/usr/local/cuda/include/sm_32_intrinsics.h:132:58: note: in expansion of macro '__DEF_IF_HOST'
  132 | __SM_32_INTRINSICS_DECL__ char4 __ldcg(const char4 *ptr) __DEF_IF_HOST
      |                                                          ^~~~~~~~~~~~~
/usr/local/cuda/include/sm_32_intrinsics.h: In function 'short2 __ldcg(const short2*)':
/usr/local/cuda/include/sm_32_intrinsics.h:74:25: warning: no return statement in function returning non-void [-Wreturn-type]
   74 | #define __DEF_IF_HOST { }
      |                         ^
/usr/local/cuda/include/sm_32_intrinsics.h:133:60: note: in expansion of macro '__DEF_IF_HOST'
  133 | __SM_32_INTRINSICS_DECL__ short2 __ldcg(const short2 *ptr) __DEF_IF_HOST
      |                                                            ^~~~~~~~~~~~~
/usr/local/cuda/include/sm_32_intrinsics.h: In function 'short4 __ldcg(const short4*)':
/usr/local/cuda/include/sm_32_intrinsics.h:74:25: warning: no return statement in function returning non-void [-Wreturn-type]
   74 | #define __DEF_IF_HOST { }
      |                         ^
/usr/local/cuda/include/sm_32_intrinsics.h:134:60: note: in expansion of macro '__DEF_IF_HOST'
  134 | __SM_32_INTRINSICS_DECL__ short4 __ldcg(const short4 *ptr) __DEF_IF_HOST
      |                                                            ^~~~~~~~~~~~~
/usr/local/cuda/include/sm_32_intrinsics.h: In function 'int2 __ldcg(const int2*)':
/usr/local/cuda/include/sm_32_intrinsics.h:74:25: warning: no return statement in function returning non-void [-Wreturn-type]
   74 | #define __DEF_IF_HOST { }
      |                         ^
/usr/local/cuda/include/sm_32_intrinsics.h:135:56: note: in expansion of macro '__DEF_IF_HOST'
  135 | __SM_32_INTRINSICS_DECL__ int2 __ldcg(const int2 *ptr) __DEF_IF_HOST
      |                                                        ^~~~~~~~~~~~~
/usr/local/cuda/include/sm_32_intrinsics.h: In function 'int4 __ldcg(const int4*)':
/usr/local/cuda/include/sm_32_intrinsics.h:74:25: warning: no return statement in function returning non-void [-Wreturn-type]
   74 | #define __DEF_IF_HOST { }
      |                         ^
/usr/local/cuda/include/sm_32_intrinsics.h:136:56: note: in expansion of macro '__DEF_IF_HOST'
  136 | __SM_32_INTRINSICS_DECL__ int4 __ldcg(const int4 *ptr) __DEF_IF_HOST
      |                                                        ^~~~~~~~~~~~~
/usr/local/cuda/include/sm_32_intrinsics.h: In function 'longlong2 __ldcg(const longlong2*)':
/usr/local/cuda/include/sm_32_intrinsics.h:74:25: warning: no return statement in function returning non-void [-Wreturn-type]
   74 | #define __DEF_IF_HOST { }
      |                         ^
/usr/local/cuda/include/sm_32_intrinsics.h:137:66: note: in expansion of macro '__DEF_IF_HOST'
  137 | __SM_32_INTRINSICS_DECL__ longlong2 __ldcg(const longlong2 *ptr) __DEF_IF_HOST
      |                                                                  ^~~~~~~~~~~~~
/usr/local/cuda/include/sm_32_intrinsics.h: In function 'unsigned char __ldcg(const unsigned char*)':
/usr/local/cuda/include/sm_32_intrinsics.h:74:25: warning: no return statement in function returning non-void [-Wreturn-type]
   74 | #define __DEF_IF_HOST { }
      |                         ^
/usr/local/cuda/include/sm_32_intrinsics.h:139:74: note: in expansion of macro '__DEF_IF_HOST'
  139 | __SM_32_INTRINSICS_DECL__ unsigned char __ldcg(const unsigned char *ptr) __DEF_IF_HOST
      |                                                                          ^~~~~~~~~~~~~
/usr/local/cuda/include/sm_32_intrinsics.h: In function 'short unsigned int __ldcg(const short unsigned int*)':
/usr/local/cuda/include/sm_32_intrinsics.h:74:25: warning: no return statement in function returning non-void [-Wreturn-type]
   74 | #define __DEF_IF_HOST { }
      |                         ^
/usr/local/cuda/include/sm_32_intrinsics.h:140:76: note: in expansion of macro '__DEF_IF_HOST'
  140 | __SM_32_INTRINSICS_DECL__ unsigned short __ldcg(const unsigned short *ptr) __DEF_IF_HOST
      |                                                                            ^~~~~~~~~~~~~
/usr/local/cuda/include/sm_32_intrinsics.h: In function 'unsigned int __ldcg(const unsigned int*)':
/usr/local/cuda/include/sm_32_intrinsics.h:74:25: warning: no return statement in function returning non-void [-Wreturn-type]
   74 | #define __DEF_IF_HOST { }
      |                         ^
/usr/local/cuda/include/sm_32_intrinsics.h:141:72: note: in expansion of macro '__DEF_IF_HOST'
  141 | __SM_32_INTRINSICS_DECL__ unsigned int __ldcg(const unsigned int *ptr) __DEF_IF_HOST
      |                                                                        ^~~~~~~~~~~~~
/usr/local/cuda/include/sm_32_intrinsics.h: In function 'long long unsigned int __ldcg(const long long unsigned int*)':
/usr/local/cuda/include/sm_32_intrinsics.h:74:25: warning: no return statement in function returning non-void [-Wreturn-type]
   74 | #define __DEF_IF_HOST { }
      |                         ^
/usr/local/cuda/include/sm_32_intrinsics.h:142:84: note: in expansion of macro '__DEF_IF_HOST'
  142 | __SM_32_INTRINSICS_DECL__ unsigned long long __ldcg(const unsigned long long *ptr) __DEF_IF_HOST
      |                                                                                    ^~~~~~~~~~~~~
/usr/local/cuda/include/sm_32_intrinsics.h: In function 'uchar2 __ldcg(const uchar2*)':
/usr/local/cuda/include/sm_32_intrinsics.h:74:25: warning: no return statement in function returning non-void [-Wreturn-type]
   74 | #define __DEF_IF_HOST { }
      |                         ^
/usr/local/cuda/include/sm_32_intrinsics.h:143:60: note: in expansion of macro '__DEF_IF_HOST'
  143 | __SM_32_INTRINSICS_DECL__ uchar2 __ldcg(const uchar2 *ptr) __DEF_IF_HOST
      |                                                            ^~~~~~~~~~~~~
/usr/local/cuda/include/sm_32_intrinsics.h: In function 'uchar4 __ldcg(const uchar4*)':
/usr/local/cuda/include/sm_32_intrinsics.h:74:25: warning: no return statement in function returning non-void [-Wreturn-type]
   74 | #define __DEF_IF_HOST { }
      |                         ^
/usr/local/cuda/include/sm_32_intrinsics.h:144:60: note: in expansion of macro '__DEF_IF_HOST'
  144 | __SM_32_INTRINSICS_DECL__ uchar4 __ldcg(const uchar4 *ptr) __DEF_IF_HOST
      |                                                            ^~~~~~~~~~~~~
/usr/local/cuda/include/sm_32_intrinsics.h: In function 'ushort2 __ldcg(const ushort2*)':
/usr/local/cuda/include/sm_32_intrinsics.h:74:25: warning: no return statement in function returning non-void [-Wreturn-type]
   74 | #define __DEF_IF_HOST { }
      |                         ^
/usr/local/cuda/include/sm_32_intrinsics.h:145:62: note: in expansion of macro '__DEF_IF_HOST'
  145 | __SM_32_INTRINSICS_DECL__ ushort2 __ldcg(const ushort2 *ptr) __DEF_IF_HOST
      |                                                              ^~~~~~~~~~~~~
/usr/local/cuda/include/sm_32_intrinsics.h: In function 'ushort4 __ldcg(const ushort4*)':
/usr/local/cuda/include/sm_32_intrinsics.h:74:25: warning: no return statement in function returning non-void [-Wreturn-type]
   74 | #define __DEF_IF_HOST { }
      |                         ^
/usr/local/cuda/include/sm_32_intrinsics.h:146:62: note: in expansion of macro '__DEF_IF_HOST'
  146 | __SM_32_INTRINSICS_DECL__ ushort4 __ldcg(const ushort4 *ptr) __DEF_IF_HOST
      |                                                              ^~~~~~~~~~~~~
/usr/local/cuda/include/sm_32_intrinsics.h: In function 'uint2 __ldcg(const uint2*)':
/usr/local/cuda/include/sm_32_intrinsics.h:74:25: warning: no return statement in function returning non-void [-Wreturn-type]
   74 | #define __DEF_IF_HOST { }
      |                         ^
/usr/local/cuda/include/sm_32_intrinsics.h:147:58: note: in expansion of macro '__DEF_IF_HOST'
  147 | __SM_32_INTRINSICS_DECL__ uint2 __ldcg(const uint2 *ptr) __DEF_IF_HOST
      |                                                          ^~~~~~~~~~~~~
/usr/local/cuda/include/sm_32_intrinsics.h: In function 'uint4 __ldcg(const uint4*)':
/usr/local/cuda/include/sm_32_intrinsics.h:74:25: warning: no return statement in function returning non-void [-Wreturn-type]
   74 | #define __DEF_IF_HOST { }
      |                         ^
/usr/local/cuda/include/sm_32_intrinsics.h:148:58: note: in expansion of macro '__DEF_IF_HOST'
  148 | __SM_32_INTRINSICS_DECL__ uint4 __ldcg(const uint4 *ptr) __DEF_IF_HOST
      |                                                          ^~~~~~~~~~~~~
/usr/local/cuda/include/sm_32_intrinsics.h: In function 'ulonglong2 __ldcg(const ulonglong2*)':
/usr/local/cuda/include/sm_32_intrinsics.h:74:25: warning: no return statement in function returning non-void [-Wreturn-type]
   74 | #define __DEF_IF_HOST { }
      |                         ^
/usr/local/cuda/include/sm_32_intrinsics.h:149:68: note: in expansion of macro '__DEF_IF_HOST'
  149 | __SM_32_INTRINSICS_DECL__ ulonglong2 __ldcg(const ulonglong2 *ptr) __DEF_IF_HOST
      |                                                                    ^~~~~~~~~~~~~
/usr/local/cuda/include/sm_32_intrinsics.h: In function 'float __ldcg(const float*)':
/usr/local/cuda/include/sm_32_intrinsics.h:74:25: warning: no return statement in function returning non-void [-Wreturn-type]
   74 | #define __DEF_IF_HOST { }
      |                         ^
/usr/local/cuda/include/sm_32_intrinsics.h:151:58: note: in expansion of macro '__DEF_IF_HOST'
  151 | __SM_32_INTRINSICS_DECL__ float __ldcg(const float *ptr) __DEF_IF_HOST
      |                                                          ^~~~~~~~~~~~~
/usr/local/cuda/include/sm_32_intrinsics.h: In function 'double __ldcg(const double*)':
/usr/local/cuda/include/sm_32_intrinsics.h:74:25: warning: no return statement in function returning non-void [-Wreturn-type]
   74 | #define __DEF_IF_HOST { }
      |                         ^
/usr/local/cuda/include/sm_32_intrinsics.h:152:60: note: in expansion of macro '__DEF_IF_HOST'
  152 | __SM_32_INTRINSICS_DECL__ double __ldcg(const double *ptr) __DEF_IF_HOST
      |                                                            ^~~~~~~~~~~~~
/usr/local/cuda/include/sm_32_intrinsics.h: In function 'float2 __ldcg(const float2*)':
/usr/local/cuda/include/sm_32_intrinsics.h:74:25: warning: no return statement in function returning non-void [-Wreturn-type]
   74 | #define __DEF_IF_HOST { }
      |                         ^
/usr/local/cuda/include/sm_32_intrinsics.h:153:60: note: in expansion of macro '__DEF_IF_HOST'
  153 | __SM_32_INTRINSICS_DECL__ float2 __ldcg(const float2 *ptr) __DEF_IF_HOST
      |                                                            ^~~~~~~~~~~~~
/usr/local/cuda/include/sm_32_intrinsics.h: In function 'float4 __ldcg(const float4*)':
/usr/local/cuda/include/sm_32_intrinsics.h:74:25: warning: no return statement in function returning non-void [-Wreturn-type]
   74 | #define __DEF_IF_HOST { }
      |                         ^
/usr/local/cuda/include/sm_32_intrinsics.h:154:60: note: in expansion of macro '__DEF_IF_HOST'
  154 | __SM_32_INTRINSICS_DECL__ float4 __ldcg(const float4 *ptr) __DEF_IF_HOST
      |                                                            ^~~~~~~~~~~~~
/usr/local/cuda/include/sm_32_intrinsics.h: In function 'double2 __ldcg(const double2*)':
/usr/local/cuda/include/sm_32_intrinsics.h:74:25: warning: no return statement in function returning non-void [-Wreturn-type]
   74 | #define __DEF_IF_HOST { }
      |                         ^
/usr/local/cuda/include/sm_32_intrinsics.h:155:62: note: in expansion of macro '__DEF_IF_HOST'
  155 | __SM_32_INTRINSICS_DECL__ double2 __ldcg(const double2 *ptr) __DEF_IF_HOST
      |                                                              ^~~~~~~~~~~~~
/usr/local/cuda/include/sm_32_intrinsics.h: In function 'long int __ldca(const long int*)':
/usr/local/cuda/include/sm_32_intrinsics.h:74:25: warning: no return statement in function returning non-void [-Wreturn-type]
   74 | #define __DEF_IF_HOST { }
      |                         ^
/usr/local/cuda/include/sm_32_intrinsics.h:159:56: note: in expansion of macro '__DEF_IF_HOST'
  159 | __SM_32_INTRINSICS_DECL__ long __ldca(const long *ptr) __DEF_IF_HOST
      |                                                        ^~~~~~~~~~~~~
/usr/local/cuda/include/sm_32_intrinsics.h: In function 'long unsigned int __ldca(const long unsigned int*)':
/usr/local/cuda/include/sm_32_intrinsics.h:74:25: warning: no return statement in function returning non-void [-Wreturn-type]
   74 | #define __DEF_IF_HOST { }
      |                         ^
/usr/local/cuda/include/sm_32_intrinsics.h:160:74: note: in expansion of macro '__DEF_IF_HOST'
  160 | __SM_32_INTRINSICS_DECL__ unsigned long __ldca(const unsigned long *ptr) __DEF_IF_HOST
      |                                                                          ^~~~~~~~~~~~~
/usr/local/cuda/include/sm_32_intrinsics.h: In function 'char __ldca(const char*)':
/usr/local/cuda/include/sm_32_intrinsics.h:74:25: warning: no return statement in function returning non-void [-Wreturn-type]
   74 | #define __DEF_IF_HOST { }
      |                         ^
/usr/local/cuda/include/sm_32_intrinsics.h:162:56: note: in expansion of macro '__DEF_IF_HOST'
  162 | __SM_32_INTRINSICS_DECL__ char __ldca(const char *ptr) __DEF_IF_HOST
      |                                                        ^~~~~~~~~~~~~
/usr/local/cuda/include/sm_32_intrinsics.h: In function 'signed char __ldca(const signed char*)':
/usr/local/cuda/include/sm_32_intrinsics.h:74:25: warning: no return statement in function returning non-void [-Wreturn-type]
   74 | #define __DEF_IF_HOST { }
      |                         ^
/usr/local/cuda/include/sm_32_intrinsics.h:163:70: note: in expansion of macro '__DEF_IF_HOST'
  163 | __SM_32_INTRINSICS_DECL__ signed char __ldca(const signed char *ptr) __DEF_IF_HOST
      |                                                                      ^~~~~~~~~~~~~
/usr/local/cuda/include/sm_32_intrinsics.h: In function 'short int __ldca(const short int*)':
/usr/local/cuda/include/sm_32_intrinsics.h:74:25: warning: no return statement in function returning non-void [-Wreturn-type]
   74 | #define __DEF_IF_HOST { }
      |                         ^
/usr/local/cuda/include/sm_32_intrinsics.h:164:58: note: in expansion of macro '__DEF_IF_HOST'
  164 | __SM_32_INTRINSICS_DECL__ short __ldca(const short *ptr) __DEF_IF_HOST
      |                                                          ^~~~~~~~~~~~~
/usr/local/cuda/include/sm_32_intrinsics.h: In function 'int __ldca(const int*)':
/usr/local/cuda/include/sm_32_intrinsics.h:74:25: warning: no return statement in function returning non-void [-Wreturn-type]
   74 | #define __DEF_IF_HOST { }
      |                         ^
/usr/local/cuda/include/sm_32_intrinsics.h:165:54: note: in expansion of macro '__DEF_IF_HOST'
  165 | __SM_32_INTRINSICS_DECL__ int __ldca(const int *ptr) __DEF_IF_HOST
      |                                                      ^~~~~~~~~~~~~
/usr/local/cuda/include/sm_32_intrinsics.h: In function 'long long int __ldca(const long long int*)':
/usr/local/cuda/include/sm_32_intrinsics.h:74:25: warning: no return statement in function returning non-void [-Wreturn-type]
   74 | #define __DEF_IF_HOST { }
      |                         ^
/usr/local/cuda/include/sm_32_intrinsics.h:166:66: note: in expansion of macro '__DEF_IF_HOST'
  166 | __SM_32_INTRINSICS_DECL__ long long __ldca(const long long *ptr) __DEF_IF_HOST
      |                                                                  ^~~~~~~~~~~~~
/usr/local/cuda/include/sm_32_intrinsics.h: In function 'char2 __ldca(const char2*)':
/usr/local/cuda/include/sm_32_intrinsics.h:74:25: warning: no return statement in function returning non-void [-Wreturn-type]
   74 | #define __DEF_IF_HOST { }
      |                         ^
/usr/local/cuda/include/sm_32_intrinsics.h:167:58: note: in expansion of macro '__DEF_IF_HOST'
  167 | __SM_32_INTRINSICS_DECL__ char2 __ldca(const char2 *ptr) __DEF_IF_HOST
      |                                                          ^~~~~~~~~~~~~
/usr/local/cuda/include/sm_32_intrinsics.h: In function 'char4 __ldca(const char4*)':
/usr/local/cuda/include/sm_32_intrinsics.h:74:25: warning: no return statement in function returning non-void [-Wreturn-type]
   74 | #define __DEF_IF_HOST { }
      |                         ^
/usr/local/cuda/include/sm_32_intrinsics.h:168:58: note: in expansion of macro '__DEF_IF_HOST'
  168 | __SM_32_INTRINSICS_DECL__ char4 __ldca(const char4 *ptr) __DEF_IF_HOST
      |                                                          ^~~~~~~~~~~~~
/usr/local/cuda/include/sm_32_intrinsics.h: In function 'short2 __ldca(const short2*)':
/usr/local/cuda/include/sm_32_intrinsics.h:74:25: warning: no return statement in function returning non-void [-Wreturn-type]
   74 | #define __DEF_IF_HOST { }
      |                         ^
/usr/local/cuda/include/sm_32_intrinsics.h:169:60: note: in expansion of macro '__DEF_IF_HOST'
  169 | __SM_32_INTRINSICS_DECL__ short2 __ldca(const short2 *ptr) __DEF_IF_HOST
      |                                                            ^~~~~~~~~~~~~
/usr/local/cuda/include/sm_32_intrinsics.h: In function 'short4 __ldca(const short4*)':
/usr/local/cuda/include/sm_32_intrinsics.h:74:25: warning: no return statement in function returning non-void [-Wreturn-type]
   74 | #define __DEF_IF_HOST { }
      |                         ^
/usr/local/cuda/include/sm_32_intrinsics.h:170:60: note: in expansion of macro '__DEF_IF_HOST'
  170 | __SM_32_INTRINSICS_DECL__ short4 __ldca(const short4 *ptr) __DEF_IF_HOST
      |                                                            ^~~~~~~~~~~~~
/usr/local/cuda/include/sm_32_intrinsics.h: In function 'int2 __ldca(const int2*)':
/usr/local/cuda/include/sm_32_intrinsics.h:74:25: warning: no return statement in function returning non-void [-Wreturn-type]
   74 | #define __DEF_IF_HOST { }
      |                         ^
/usr/local/cuda/include/sm_32_intrinsics.h:171:56: note: in expansion of macro '__DEF_IF_HOST'
  171 | __SM_32_INTRINSICS_DECL__ int2 __ldca(const int2 *ptr) __DEF_IF_HOST
      |                                                        ^~~~~~~~~~~~~
/usr/local/cuda/include/sm_32_intrinsics.h: In function 'int4 __ldca(const int4*)':
/usr/local/cuda/include/sm_32_intrinsics.h:74:25: warning: no return statement in function returning non-void [-Wreturn-type]
   74 | #define __DEF_IF_HOST { }
      |                         ^
/usr/local/cuda/include/sm_32_intrinsics.h:172:56: note: in expansion of macro '__DEF_IF_HOST'
  172 | __SM_32_INTRINSICS_DECL__ int4 __ldca(const int4 *ptr) __DEF_IF_HOST
      |                                                        ^~~~~~~~~~~~~
/usr/local/cuda/include/sm_32_intrinsics.h: In function 'longlong2 __ldca(const longlong2*)':
/usr/local/cuda/include/sm_32_intrinsics.h:74:25: warning: no return statement in function returning non-void [-Wreturn-type]
   74 | #define __DEF_IF_HOST { }
      |                         ^
/usr/local/cuda/include/sm_32_intrinsics.h:173:66: note: in expansion of macro '__DEF_IF_HOST'
  173 | __SM_32_INTRINSICS_DECL__ longlong2 __ldca(const longlong2 *ptr) __DEF_IF_HOST
      |                                                                  ^~~~~~~~~~~~~
/usr/local/cuda/include/sm_32_intrinsics.h: In function 'unsigned char __ldca(const unsigned char*)':
/usr/local/cuda/include/sm_32_intrinsics.h:74:25: warning: no return statement in function returning non-void [-Wreturn-type]
   74 | #define __DEF_IF_HOST { }
      |                         ^
/usr/local/cuda/include/sm_32_intrinsics.h:175:74: note: in expansion of macro '__DEF_IF_HOST'
  175 | __SM_32_INTRINSICS_DECL__ unsigned char __ldca(const unsigned char *ptr) __DEF_IF_HOST
      |                                                                          ^~~~~~~~~~~~~
/usr/local/cuda/include/sm_32_intrinsics.h: In function 'short unsigned int __ldca(const short unsigned int*)':
/usr/local/cuda/include/sm_32_intrinsics.h:74:25: warning: no return statement in function returning non-void [-Wreturn-type]
   74 | #define __DEF_IF_HOST { }
      |                         ^
/usr/local/cuda/include/sm_32_intrinsics.h:176:76: note: in expansion of macro '__DEF_IF_HOST'
  176 | __SM_32_INTRINSICS_DECL__ unsigned short __ldca(const unsigned short *ptr) __DEF_IF_HOST
      |                                                                            ^~~~~~~~~~~~~
/usr/local/cuda/include/sm_32_intrinsics.h: In function 'unsigned int __ldca(const unsigned int*)':
/usr/local/cuda/include/sm_32_intrinsics.h:74:25: warning: no return statement in function returning non-void [-Wreturn-type]
   74 | #define __DEF_IF_HOST { }
      |                         ^
/usr/local/cuda/include/sm_32_intrinsics.h:177:72: note: in expansion of macro '__DEF_IF_HOST'
  177 | __SM_32_INTRINSICS_DECL__ unsigned int __ldca(const unsigned int *ptr) __DEF_IF_HOST
      |                                                                        ^~~~~~~~~~~~~
/usr/local/cuda/include/sm_32_intrinsics.h: In function 'long long unsigned int __ldca(const long long unsigned int*)':
/usr/local/cuda/include/sm_32_intrinsics.h:74:25: warning: no return statement in function returning non-void [-Wreturn-type]
   74 | #define __DEF_IF_HOST { }
      |                         ^
/usr/local/cuda/include/sm_32_intrinsics.h:178:84: note: in expansion of macro '__DEF_IF_HOST'
  178 | __SM_32_INTRINSICS_DECL__ unsigned long long __ldca(const unsigned long long *ptr) __DEF_IF_HOST
      |                                                                                    ^~~~~~~~~~~~~
/usr/local/cuda/include/sm_32_intrinsics.h: In function 'uchar2 __ldca(const uchar2*)':
/usr/local/cuda/include/sm_32_intrinsics.h:74:25: warning: no return statement in function returning non-void [-Wreturn-type]
   74 | #define __DEF_IF_HOST { }
      |                         ^
/usr/local/cuda/include/sm_32_intrinsics.h:179:60: note: in expansion of macro '__DEF_IF_HOST'
  179 | __SM_32_INTRINSICS_DECL__ uchar2 __ldca(const uchar2 *ptr) __DEF_IF_HOST
      |                                                            ^~~~~~~~~~~~~
/usr/local/cuda/include/sm_32_intrinsics.h: In function 'uchar4 __ldca(const uchar4*)':
/usr/local/cuda/include/sm_32_intrinsics.h:74:25: warning: no return statement in function returning non-void [-Wreturn-type]
   74 | #define __DEF_IF_HOST { }
      |                         ^
/usr/local/cuda/include/sm_32_intrinsics.h:180:60: note: in expansion of macro '__DEF_IF_HOST'
  180 | __SM_32_INTRINSICS_DECL__ uchar4 __ldca(const uchar4 *ptr) __DEF_IF_HOST
      |                                                            ^~~~~~~~~~~~~
/usr/local/cuda/include/sm_32_intrinsics.h: In function 'ushort2 __ldca(const ushort2*)':
/usr/local/cuda/include/sm_32_intrinsics.h:74:25: warning: no return statement in function returning non-void [-Wreturn-type]
   74 | #define __DEF_IF_HOST { }
      |                         ^
/usr/local/cuda/include/sm_32_intrinsics.h:181:62: note: in expansion of macro '__DEF_IF_HOST'
  181 | __SM_32_INTRINSICS_DECL__ ushort2 __ldca(const ushort2 *ptr) __DEF_IF_HOST
      |                                                              ^~~~~~~~~~~~~
/usr/local/cuda/include/sm_32_intrinsics.h: In function 'ushort4 __ldca(const ushort4*)':
/usr/local/cuda/include/sm_32_intrinsics.h:74:25: warning: no return statement in function returning non-void [-Wreturn-type]
   74 | #define __DEF_IF_HOST { }
      |                         ^
/usr/local/cuda/include/sm_32_intrinsics.h:182:62: note: in expansion of macro '__DEF_IF_HOST'
  182 | __SM_32_INTRINSICS_DECL__ ushort4 __ldca(const ushort4 *ptr) __DEF_IF_HOST
      |                                                              ^~~~~~~~~~~~~
/usr/local/cuda/include/sm_32_intrinsics.h: In function 'uint2 __ldca(const uint2*)':
/usr/local/cuda/include/sm_32_intrinsics.h:74:25: warning: no return statement in function returning non-void [-Wreturn-type]
   74 | #define __DEF_IF_HOST { }
      |                         ^
/usr/local/cuda/include/sm_32_intrinsics.h:183:58: note: in expansion of macro '__DEF_IF_HOST'
  183 | __SM_32_INTRINSICS_DECL__ uint2 __ldca(const uint2 *ptr) __DEF_IF_HOST
      |                                                          ^~~~~~~~~~~~~
/usr/local/cuda/include/sm_32_intrinsics.h: In function 'uint4 __ldca(const uint4*)':
/usr/local/cuda/include/sm_32_intrinsics.h:74:25: warning: no return statement in function returning non-void [-Wreturn-type]
   74 | #define __DEF_IF_HOST { }
      |                         ^
/usr/local/cuda/include/sm_32_intrinsics.h:184:58: note: in expansion of macro '__DEF_IF_HOST'
  184 | __SM_32_INTRINSICS_DECL__ uint4 __ldca(const uint4 *ptr) __DEF_IF_HOST
      |                                                          ^~~~~~~~~~~~~
/usr/local/cuda/include/sm_32_intrinsics.h: In function 'ulonglong2 __ldca(const ulonglong2*)':
/usr/local/cuda/include/sm_32_intrinsics.h:74:25: warning: no return statement in function returning non-void [-Wreturn-type]
   74 | #define __DEF_IF_HOST { }
      |                         ^
/usr/local/cuda/include/sm_32_intrinsics.h:185:68: note: in expansion of macro '__DEF_IF_HOST'
  185 | __SM_32_INTRINSICS_DECL__ ulonglong2 __ldca(const ulonglong2 *ptr) __DEF_IF_HOST
      |                                                                    ^~~~~~~~~~~~~
/usr/local/cuda/include/sm_32_intrinsics.h: In function 'float __ldca(const float*)':
/usr/local/cuda/include/sm_32_intrinsics.h:74:25: warning: no return statement in function returning non-void [-Wreturn-type]
   74 | #define __DEF_IF_HOST { }
      |                         ^
/usr/local/cuda/include/sm_32_intrinsics.h:187:58: note: in expansion of macro '__DEF_IF_HOST'
  187 | __SM_32_INTRINSICS_DECL__ float __ldca(const float *ptr) __DEF_IF_HOST
      |                                                          ^~~~~~~~~~~~~
/usr/local/cuda/include/sm_32_intrinsics.h: In function 'double __ldca(const double*)':
/usr/local/cuda/include/sm_32_intrinsics.h:74:25: warning: no return statement in function returning non-void [-Wreturn-type]
   74 | #define __DEF_IF_HOST { }
      |                         ^
/usr/local/cuda/include/sm_32_intrinsics.h:188:60: note: in expansion of macro '__DEF_IF_HOST'
  188 | __SM_32_INTRINSICS_DECL__ double __ldca(const double *ptr) __DEF_IF_HOST
      |                                                            ^~~~~~~~~~~~~
/usr/local/cuda/include/sm_32_intrinsics.h: In function 'float2 __ldca(const float2*)':
/usr/local/cuda/include/sm_32_intrinsics.h:74:25: warning: no return statement in function returning non-void [-Wreturn-type]
   74 | #define __DEF_IF_HOST { }
      |                         ^
/usr/local/cuda/include/sm_32_intrinsics.h:189:60: note: in expansion of macro '__DEF_IF_HOST'
  189 | __SM_32_INTRINSICS_DECL__ float2 __ldca(const float2 *ptr) __DEF_IF_HOST
      |                                                            ^~~~~~~~~~~~~
/usr/local/cuda/include/sm_32_intrinsics.h: In function 'float4 __ldca(const float4*)':
/usr/local/cuda/include/sm_32_intrinsics.h:74:25: warning: no return statement in function returning non-void [-Wreturn-type]
   74 | #define __DEF_IF_HOST { }
      |                         ^
/usr/local/cuda/include/sm_32_intrinsics.h:190:60: note: in expansion of macro '__DEF_IF_HOST'
  190 | __SM_32_INTRINSICS_DECL__ float4 __ldca(const float4 *ptr) __DEF_IF_HOST
      |                                                            ^~~~~~~~~~~~~
/usr/local/cuda/include/sm_32_intrinsics.h: In function 'double2 __ldca(const double2*)':
/usr/local/cuda/include/sm_32_intrinsics.h:74:25: warning: no return statement in function returning non-void [-Wreturn-type]
   74 | #define __DEF_IF_HOST { }
      |                         ^
/usr/local/cuda/include/sm_32_intrinsics.h:191:62: note: in expansion of macro '__DEF_IF_HOST'
  191 | __SM_32_INTRINSICS_DECL__ double2 __ldca(const double2 *ptr) __DEF_IF_HOST
      |                                                              ^~~~~~~~~~~~~
/usr/local/cuda/include/sm_32_intrinsics.h: In function 'long int __ldcs(const long int*)':
/usr/local/cuda/include/sm_32_intrinsics.h:74:25: warning: no return statement in function returning non-void [-Wreturn-type]
   74 | #define __DEF_IF_HOST { }
      |                         ^
/usr/local/cuda/include/sm_32_intrinsics.h:195:56: note: in expansion of macro '__DEF_IF_HOST'
  195 | __SM_32_INTRINSICS_DECL__ long __ldcs(const long *ptr) __DEF_IF_HOST
      |                                                        ^~~~~~~~~~~~~
/usr/local/cuda/include/sm_32_intrinsics.h: In function 'long unsigned int __ldcs(const long unsigned int*)':
/usr/local/cuda/include/sm_32_intrinsics.h:74:25: warning: no return statement in function returning non-void [-Wreturn-type]
   74 | #define __DEF_IF_HOST { }
      |                         ^
/usr/local/cuda/include/sm_32_intrinsics.h:196:74: note: in expansion of macro '__DEF_IF_HOST'
  196 | __SM_32_INTRINSICS_DECL__ unsigned long __ldcs(const unsigned long *ptr) __DEF_IF_HOST
      |                                                                          ^~~~~~~~~~~~~
/usr/local/cuda/include/sm_32_intrinsics.h: In function 'char __ldcs(const char*)':
/usr/local/cuda/include/sm_32_intrinsics.h:74:25: warning: no return statement in function returning non-void [-Wreturn-type]
   74 | #define __DEF_IF_HOST { }
      |                         ^
/usr/local/cuda/include/sm_32_intrinsics.h:198:56: note: in expansion of macro '__DEF_IF_HOST'
  198 | __SM_32_INTRINSICS_DECL__ char __ldcs(const char *ptr) __DEF_IF_HOST
      |                                                        ^~~~~~~~~~~~~
/usr/local/cuda/include/sm_32_intrinsics.h: In function 'signed char __ldcs(const signed char*)':
/usr/local/cuda/include/sm_32_intrinsics.h:74:25: warning: no return statement in function returning non-void [-Wreturn-type]
   74 | #define __DEF_IF_HOST { }
      |                         ^
/usr/local/cuda/include/sm_32_intrinsics.h:199:70: note: in expansion of macro '__DEF_IF_HOST'
  199 | __SM_32_INTRINSICS_DECL__ signed char __ldcs(const signed char *ptr) __DEF_IF_HOST
      |                                                                      ^~~~~~~~~~~~~
/usr/local/cuda/include/sm_32_intrinsics.h: In function 'short int __ldcs(const short int*)':
/usr/local/cuda/include/sm_32_intrinsics.h:74:25: warning: no return statement in function returning non-void [-Wreturn-type]
   74 | #define __DEF_IF_HOST { }
      |                         ^
/usr/local/cuda/include/sm_32_intrinsics.h:200:58: note: in expansion of macro '__DEF_IF_HOST'
  200 | __SM_32_INTRINSICS_DECL__ short __ldcs(const short *ptr) __DEF_IF_HOST
      |                                                          ^~~~~~~~~~~~~
/usr/local/cuda/include/sm_32_intrinsics.h: In function 'int __ldcs(const int*)':
/usr/local/cuda/include/sm_32_intrinsics.h:74:25: warning: no return statement in function returning non-void [-Wreturn-type]
   74 | #define __DEF_IF_HOST { }
      |                         ^
/usr/local/cuda/include/sm_32_intrinsics.h:201:54: note: in expansion of macro '__DEF_IF_HOST'
  201 | __SM_32_INTRINSICS_DECL__ int __ldcs(const int *ptr) __DEF_IF_HOST
      |                                                      ^~~~~~~~~~~~~
/usr/local/cuda/include/sm_32_intrinsics.h: In function 'long long int __ldcs(const long long int*)':
/usr/local/cuda/include/sm_32_intrinsics.h:74:25: warning: no return statement in function returning non-void [-Wreturn-type]
   74 | #define __DEF_IF_HOST { }
      |                         ^
/usr/local/cuda/include/sm_32_intrinsics.h:202:66: note: in expansion of macro '__DEF_IF_HOST'
  202 | __SM_32_INTRINSICS_DECL__ long long __ldcs(const long long *ptr) __DEF_IF_HOST
      |                                                                  ^~~~~~~~~~~~~
/usr/local/cuda/include/sm_32_intrinsics.h: In function 'char2 __ldcs(const char2*)':
/usr/local/cuda/include/sm_32_intrinsics.h:74:25: warning: no return statement in function returning non-void [-Wreturn-type]
   74 | #define __DEF_IF_HOST { }
      |                         ^
/usr/local/cuda/include/sm_32_intrinsics.h:203:58: note: in expansion of macro '__DEF_IF_HOST'
  203 | __SM_32_INTRINSICS_DECL__ char2 __ldcs(const char2 *ptr) __DEF_IF_HOST
      |                                                          ^~~~~~~~~~~~~
/usr/local/cuda/include/sm_32_intrinsics.h: In function 'char4 __ldcs(const char4*)':
/usr/local/cuda/include/sm_32_intrinsics.h:74:25: warning: no return statement in function returning non-void [-Wreturn-type]
   74 | #define __DEF_IF_HOST { }
      |                         ^
/usr/local/cuda/include/sm_32_intrinsics.h:204:58: note: in expansion of macro '__DEF_IF_HOST'
  204 | __SM_32_INTRINSICS_DECL__ char4 __ldcs(const char4 *ptr) __DEF_IF_HOST
      |                                                          ^~~~~~~~~~~~~
/usr/local/cuda/include/sm_32_intrinsics.h: In function 'short2 __ldcs(const short2*)':
/usr/local/cuda/include/sm_32_intrinsics.h:74:25: warning: no return statement in function returning non-void [-Wreturn-type]
   74 | #define __DEF_IF_HOST { }
      |                         ^
/usr/local/cuda/include/sm_32_intrinsics.h:205:60: note: in expansion of macro '__DEF_IF_HOST'
  205 | __SM_32_INTRINSICS_DECL__ short2 __ldcs(const short2 *ptr) __DEF_IF_HOST
      |                                                            ^~~~~~~~~~~~~
/usr/local/cuda/include/sm_32_intrinsics.h: In function 'short4 __ldcs(const short4*)':
/usr/local/cuda/include/sm_32_intrinsics.h:74:25: warning: no return statement in function returning non-void [-Wreturn-type]
   74 | #define __DEF_IF_HOST { }
      |                         ^
/usr/local/cuda/include/sm_32_intrinsics.h:206:60: note: in expansion of macro '__DEF_IF_HOST'
  206 | __SM_32_INTRINSICS_DECL__ short4 __ldcs(const short4 *ptr) __DEF_IF_HOST
      |                                                            ^~~~~~~~~~~~~
/usr/local/cuda/include/sm_32_intrinsics.h: In function 'int2 __ldcs(const int2*)':
/usr/local/cuda/include/sm_32_intrinsics.h:74:25: warning: no return statement in function returning non-void [-Wreturn-type]
   74 | #define __DEF_IF_HOST { }
      |                         ^
/usr/local/cuda/include/sm_32_intrinsics.h:207:56: note: in expansion of macro '__DEF_IF_HOST'
  207 | __SM_32_INTRINSICS_DECL__ int2 __ldcs(const int2 *ptr) __DEF_IF_HOST
      |                                                        ^~~~~~~~~~~~~
/usr/local/cuda/include/sm_32_intrinsics.h: In function 'int4 __ldcs(const int4*)':
/usr/local/cuda/include/sm_32_intrinsics.h:74:25: warning: no return statement in function returning non-void [-Wreturn-type]
   74 | #define __DEF_IF_HOST { }
      |                         ^
/usr/local/cuda/include/sm_32_intrinsics.h:208:56: note: in expansion of macro '__DEF_IF_HOST'
  208 | __SM_32_INTRINSICS_DECL__ int4 __ldcs(const int4 *ptr) __DEF_IF_HOST
      |                                                        ^~~~~~~~~~~~~
/usr/local/cuda/include/sm_32_intrinsics.h: In function 'longlong2 __ldcs(const longlong2*)':
/usr/local/cuda/include/sm_32_intrinsics.h:74:25: warning: no return statement in function returning non-void [-Wreturn-type]
   74 | #define __DEF_IF_HOST { }
      |                         ^
/usr/local/cuda/include/sm_32_intrinsics.h:209:66: note: in expansion of macro '__DEF_IF_HOST'
  209 | __SM_32_INTRINSICS_DECL__ longlong2 __ldcs(const longlong2 *ptr) __DEF_IF_HOST
      |                                                                  ^~~~~~~~~~~~~
/usr/local/cuda/include/sm_32_intrinsics.h: In function 'unsigned char __ldcs(const unsigned char*)':
/usr/local/cuda/include/sm_32_intrinsics.h:74:25: warning: no return statement in function returning non-void [-Wreturn-type]
   74 | #define __DEF_IF_HOST { }
      |                         ^
/usr/local/cuda/include/sm_32_intrinsics.h:211:74: note: in expansion of macro '__DEF_IF_HOST'
  211 | __SM_32_INTRINSICS_DECL__ unsigned char __ldcs(const unsigned char *ptr) __DEF_IF_HOST
      |                                                                          ^~~~~~~~~~~~~
/usr/local/cuda/include/sm_32_intrinsics.h: In function 'short unsigned int __ldcs(const short unsigned int*)':
/usr/local/cuda/include/sm_32_intrinsics.h:74:25: warning: no return statement in function returning non-void [-Wreturn-type]
   74 | #define __DEF_IF_HOST { }
      |                         ^
/usr/local/cuda/include/sm_32_intrinsics.h:212:76: note: in expansion of macro '__DEF_IF_HOST'
  212 | __SM_32_INTRINSICS_DECL__ unsigned short __ldcs(const unsigned short *ptr) __DEF_IF_HOST
      |                                                                            ^~~~~~~~~~~~~
/usr/local/cuda/include/sm_32_intrinsics.h: In function 'unsigned int __ldcs(const unsigned int*)':
/usr/local/cuda/include/sm_32_intrinsics.h:74:25: warning: no return statement in function returning non-void [-Wreturn-type]
   74 | #define __DEF_IF_HOST { }
      |                         ^
/usr/local/cuda/include/sm_32_intrinsics.h:213:72: note: in expansion of macro '__DEF_IF_HOST'
  213 | __SM_32_INTRINSICS_DECL__ unsigned int __ldcs(const unsigned int *ptr) __DEF_IF_HOST
      |                                                                        ^~~~~~~~~~~~~
/usr/local/cuda/include/sm_32_intrinsics.h: In function 'long long unsigned int __ldcs(const long long unsigned int*)':
/usr/local/cuda/include/sm_32_intrinsics.h:74:25: warning: no return statement in function returning non-void [-Wreturn-type]
   74 | #define __DEF_IF_HOST { }
      |                         ^
/usr/local/cuda/include/sm_32_intrinsics.h:214:84: note: in expansion of macro '__DEF_IF_HOST'
  214 | __SM_32_INTRINSICS_DECL__ unsigned long long __ldcs(const unsigned long long *ptr) __DEF_IF_HOST
      |                                                                                    ^~~~~~~~~~~~~
/usr/local/cuda/include/sm_32_intrinsics.h: In function 'uchar2 __ldcs(const uchar2*)':
/usr/local/cuda/include/sm_32_intrinsics.h:74:25: warning: no return statement in function returning non-void [-Wreturn-type]
   74 | #define __DEF_IF_HOST { }
      |                         ^
/usr/local/cuda/include/sm_32_intrinsics.h:215:60: note: in expansion of macro '__DEF_IF_HOST'
  215 | __SM_32_INTRINSICS_DECL__ uchar2 __ldcs(const uchar2 *ptr) __DEF_IF_HOST
      |                                                            ^~~~~~~~~~~~~
/usr/local/cuda/include/sm_32_intrinsics.h: In function 'uchar4 __ldcs(const uchar4*)':
/usr/local/cuda/include/sm_32_intrinsics.h:74:25: warning: no return statement in function returning non-void [-Wreturn-type]
   74 | #define __DEF_IF_HOST { }
      |                         ^
/usr/local/cuda/include/sm_32_intrinsics.h:216:60: note: in expansion of macro '__DEF_IF_HOST'
  216 | __SM_32_INTRINSICS_DECL__ uchar4 __ldcs(const uchar4 *ptr) __DEF_IF_HOST
      |                                                            ^~~~~~~~~~~~~
/usr/local/cuda/include/sm_32_intrinsics.h: In function 'ushort2 __ldcs(const ushort2*)':
/usr/local/cuda/include/sm_32_intrinsics.h:74:25: warning: no return statement in function returning non-void [-Wreturn-type]
   74 | #define __DEF_IF_HOST { }
      |                         ^
/usr/local/cuda/include/sm_32_intrinsics.h:217:62: note: in expansion of macro '__DEF_IF_HOST'
  217 | __SM_32_INTRINSICS_DECL__ ushort2 __ldcs(const ushort2 *ptr) __DEF_IF_HOST
      |                                                              ^~~~~~~~~~~~~
/usr/local/cuda/include/sm_32_intrinsics.h: In function 'ushort4 __ldcs(const ushort4*)':
/usr/local/cuda/include/sm_32_intrinsics.h:74:25: warning: no return statement in function returning non-void [-Wreturn-type]
   74 | #define __DEF_IF_HOST { }
      |                         ^
/usr/local/cuda/include/sm_32_intrinsics.h:218:62: note: in expansion of macro '__DEF_IF_HOST'
  218 | __SM_32_INTRINSICS_DECL__ ushort4 __ldcs(const ushort4 *ptr) __DEF_IF_HOST
      |                                                              ^~~~~~~~~~~~~
/usr/local/cuda/include/sm_32_intrinsics.h: In function 'uint2 __ldcs(const uint2*)':
/usr/local/cuda/include/sm_32_intrinsics.h:74:25: warning: no return statement in function returning non-void [-Wreturn-type]
   74 | #define __DEF_IF_HOST { }
      |                         ^
/usr/local/cuda/include/sm_32_intrinsics.h:219:58: note: in expansion of macro '__DEF_IF_HOST'
  219 | __SM_32_INTRINSICS_DECL__ uint2 __ldcs(const uint2 *ptr) __DEF_IF_HOST
      |                                                          ^~~~~~~~~~~~~
/usr/local/cuda/include/sm_32_intrinsics.h: In function 'uint4 __ldcs(const uint4*)':
/usr/local/cuda/include/sm_32_intrinsics.h:74:25: warning: no return statement in function returning non-void [-Wreturn-type]
   74 | #define __DEF_IF_HOST { }
      |                         ^
/usr/local/cuda/include/sm_32_intrinsics.h:220:58: note: in expansion of macro '__DEF_IF_HOST'
  220 | __SM_32_INTRINSICS_DECL__ uint4 __ldcs(const uint4 *ptr) __DEF_IF_HOST
      |                                                          ^~~~~~~~~~~~~
/usr/local/cuda/include/sm_32_intrinsics.h: In function 'ulonglong2 __ldcs(const ulonglong2*)':
/usr/local/cuda/include/sm_32_intrinsics.h:74:25: warning: no return statement in function returning non-void [-Wreturn-type]
   74 | #define __DEF_IF_HOST { }
      |                         ^
/usr/local/cuda/include/sm_32_intrinsics.h:221:68: note: in expansion of macro '__DEF_IF_HOST'
  221 | __SM_32_INTRINSICS_DECL__ ulonglong2 __ldcs(const ulonglong2 *ptr) __DEF_IF_HOST
      |                                                                    ^~~~~~~~~~~~~
/usr/local/cuda/include/sm_32_intrinsics.h: In function 'float __ldcs(const float*)':
/usr/local/cuda/include/sm_32_intrinsics.h:74:25: warning: no return statement in function returning non-void [-Wreturn-type]
   74 | #define __DEF_IF_HOST { }
      |                         ^
/usr/local/cuda/include/sm_32_intrinsics.h:223:58: note: in expansion of macro '__DEF_IF_HOST'
  223 | __SM_32_INTRINSICS_DECL__ float __ldcs(const float *ptr) __DEF_IF_HOST
      |                                                          ^~~~~~~~~~~~~
/usr/local/cuda/include/sm_32_intrinsics.h: In function 'double __ldcs(const double*)':
/usr/local/cuda/include/sm_32_intrinsics.h:74:25: warning: no return statement in function returning non-void [-Wreturn-type]
   74 | #define __DEF_IF_HOST { }
      |                         ^
/usr/local/cuda/include/sm_32_intrinsics.h:224:60: note: in expansion of macro '__DEF_IF_HOST'
  224 | __SM_32_INTRINSICS_DECL__ double __ldcs(const double *ptr) __DEF_IF_HOST
      |                                                            ^~~~~~~~~~~~~
/usr/local/cuda/include/sm_32_intrinsics.h: In function 'float2 __ldcs(const float2*)':
/usr/local/cuda/include/sm_32_intrinsics.h:74:25: warning: no return statement in function returning non-void [-Wreturn-type]
   74 | #define __DEF_IF_HOST { }
      |                         ^
/usr/local/cuda/include/sm_32_intrinsics.h:225:60: note: in expansion of macro '__DEF_IF_HOST'
  225 | __SM_32_INTRINSICS_DECL__ float2 __ldcs(const float2 *ptr) __DEF_IF_HOST
      |                                                            ^~~~~~~~~~~~~
/usr/local/cuda/include/sm_32_intrinsics.h: In function 'float4 __ldcs(const float4*)':
/usr/local/cuda/include/sm_32_intrinsics.h:74:25: warning: no return statement in function returning non-void [-Wreturn-type]
   74 | #define __DEF_IF_HOST { }
      |                         ^
/usr/local/cuda/include/sm_32_intrinsics.h:226:60: note: in expansion of macro '__DEF_IF_HOST'
  226 | __SM_32_INTRINSICS_DECL__ float4 __ldcs(const float4 *ptr) __DEF_IF_HOST
      |                                                            ^~~~~~~~~~~~~
/usr/local/cuda/include/sm_32_intrinsics.h: In function 'double2 __ldcs(const double2*)':
/usr/local/cuda/include/sm_32_intrinsics.h:74:25: warning: no return statement in function returning non-void [-Wreturn-type]
   74 | #define __DEF_IF_HOST { }
      |                         ^
/usr/local/cuda/include/sm_32_intrinsics.h:227:62: note: in expansion of macro '__DEF_IF_HOST'
  227 | __SM_32_INTRINSICS_DECL__ double2 __ldcs(const double2 *ptr) __DEF_IF_HOST
      |                                                              ^~~~~~~~~~~~~
/usr/local/cuda/include/sm_32_intrinsics.h: In function 'long int __ldlu(const long int*)':
/usr/local/cuda/include/sm_32_intrinsics.h:74:25: warning: no return statement in function returning non-void [-Wreturn-type]
   74 | #define __DEF_IF_HOST { }
      |                         ^
/usr/local/cuda/include/sm_32_intrinsics.h:231:56: note: in expansion of macro '__DEF_IF_HOST'
  231 | __SM_32_INTRINSICS_DECL__ long __ldlu(const long *ptr) __DEF_IF_HOST
      |                                                        ^~~~~~~~~~~~~
/usr/local/cuda/include/sm_32_intrinsics.h: In function 'long unsigned int __ldlu(const long unsigned int*)':
/usr/local/cuda/include/sm_32_intrinsics.h:74:25: warning: no return statement in function returning non-void [-Wreturn-type]
   74 | #define __DEF_IF_HOST { }
      |                         ^
/usr/local/cuda/include/sm_32_intrinsics.h:232:74: note: in expansion of macro '__DEF_IF_HOST'
  232 | __SM_32_INTRINSICS_DECL__ unsigned long __ldlu(const unsigned long *ptr) __DEF_IF_HOST
      |                                                                          ^~~~~~~~~~~~~
/usr/local/cuda/include/sm_32_intrinsics.h: In function 'char __ldlu(const char*)':
/usr/local/cuda/include/sm_32_intrinsics.h:74:25: warning: no return statement in function returning non-void [-Wreturn-type]
   74 | #define __DEF_IF_HOST { }
      |                         ^
/usr/local/cuda/include/sm_32_intrinsics.h:234:56: note: in expansion of macro '__DEF_IF_HOST'
  234 | __SM_32_INTRINSICS_DECL__ char __ldlu(const char *ptr) __DEF_IF_HOST
      |                                                        ^~~~~~~~~~~~~
/usr/local/cuda/include/sm_32_intrinsics.h: In function 'signed char __ldlu(const signed char*)':
/usr/local/cuda/include/sm_32_intrinsics.h:74:25: warning: no return statement in function returning non-void [-Wreturn-type]
   74 | #define __DEF_IF_HOST { }
      |                         ^
/usr/local/cuda/include/sm_32_intrinsics.h:235:70: note: in expansion of macro '__DEF_IF_HOST'
  235 | __SM_32_INTRINSICS_DECL__ signed char __ldlu(const signed char *ptr) __DEF_IF_HOST
      |                                                                      ^~~~~~~~~~~~~
/usr/local/cuda/include/sm_32_intrinsics.h: In function 'short int __ldlu(const short int*)':
/usr/local/cuda/include/sm_32_intrinsics.h:74:25: warning: no return statement in function returning non-void [-Wreturn-type]
   74 | #define __DEF_IF_HOST { }
      |                         ^
/usr/local/cuda/include/sm_32_intrinsics.h:236:58: note: in expansion of macro '__DEF_IF_HOST'
  236 | __SM_32_INTRINSICS_DECL__ short __ldlu(const short *ptr) __DEF_IF_HOST
      |                                                          ^~~~~~~~~~~~~
/usr/local/cuda/include/sm_32_intrinsics.h: In function 'int __ldlu(const int*)':
/usr/local/cuda/include/sm_32_intrinsics.h:74:25: warning: no return statement in function returning non-void [-Wreturn-type]
   74 | #define __DEF_IF_HOST { }
      |                         ^
/usr/local/cuda/include/sm_32_intrinsics.h:237:54: note: in expansion of macro '__DEF_IF_HOST'
  237 | __SM_32_INTRINSICS_DECL__ int __ldlu(const int *ptr) __DEF_IF_HOST
      |                                                      ^~~~~~~~~~~~~
/usr/local/cuda/include/sm_32_intrinsics.h: In function 'long long int __ldlu(const long long int*)':
/usr/local/cuda/include/sm_32_intrinsics.h:74:25: warning: no return statement in function returning non-void [-Wreturn-type]
   74 | #define __DEF_IF_HOST { }
      |                         ^
/usr/local/cuda/include/sm_32_intrinsics.h:238:66: note: in expansion of macro '__DEF_IF_HOST'
  238 | __SM_32_INTRINSICS_DECL__ long long __ldlu(const long long *ptr) __DEF_IF_HOST
      |                                                                  ^~~~~~~~~~~~~
/usr/local/cuda/include/sm_32_intrinsics.h: In function 'char2 __ldlu(const char2*)':
/usr/local/cuda/include/sm_32_intrinsics.h:74:25: warning: no return statement in function returning non-void [-Wreturn-type]
   74 | #define __DEF_IF_HOST { }
      |                         ^
/usr/local/cuda/include/sm_32_intrinsics.h:239:58: note: in expansion of macro '__DEF_IF_HOST'
  239 | __SM_32_INTRINSICS_DECL__ char2 __ldlu(const char2 *ptr) __DEF_IF_HOST
      |                                                          ^~~~~~~~~~~~~
/usr/local/cuda/include/sm_32_intrinsics.h: In function 'char4 __ldlu(const char4*)':
/usr/local/cuda/include/sm_32_intrinsics.h:74:25: warning: no return statement in function returning non-void [-Wreturn-type]
   74 | #define __DEF_IF_HOST { }
      |                         ^
/usr/local/cuda/include/sm_32_intrinsics.h:240:58: note: in expansion of macro '__DEF_IF_HOST'
  240 | __SM_32_INTRINSICS_DECL__ char4 __ldlu(const char4 *ptr) __DEF_IF_HOST
      |                                                          ^~~~~~~~~~~~~
/usr/local/cuda/include/sm_32_intrinsics.h: In function 'short2 __ldlu(const short2*)':
/usr/local/cuda/include/sm_32_intrinsics.h:74:25: warning: no return statement in function returning non-void [-Wreturn-type]
   74 | #define __DEF_IF_HOST { }
      |                         ^
/usr/local/cuda/include/sm_32_intrinsics.h:241:60: note: in expansion of macro '__DEF_IF_HOST'
  241 | __SM_32_INTRINSICS_DECL__ short2 __ldlu(const short2 *ptr) __DEF_IF_HOST
      |                                                            ^~~~~~~~~~~~~
/usr/local/cuda/include/sm_32_intrinsics.h: In function 'short4 __ldlu(const short4*)':
/usr/local/cuda/include/sm_32_intrinsics.h:74:25: warning: no return statement in function returning non-void [-Wreturn-type]
   74 | #define __DEF_IF_HOST { }
      |                         ^
/usr/local/cuda/include/sm_32_intrinsics.h:242:60: note: in expansion of macro '__DEF_IF_HOST'
  242 | __SM_32_INTRINSICS_DECL__ short4 __ldlu(const short4 *ptr) __DEF_IF_HOST
      |                                                            ^~~~~~~~~~~~~
/usr/local/cuda/include/sm_32_intrinsics.h: In function 'int2 __ldlu(const int2*)':
/usr/local/cuda/include/sm_32_intrinsics.h:74:25: warning: no return statement in function returning non-void [-Wreturn-type]
   74 | #define __DEF_IF_HOST { }
      |                         ^
/usr/local/cuda/include/sm_32_intrinsics.h:243:56: note: in expansion of macro '__DEF_IF_HOST'
  243 | __SM_32_INTRINSICS_DECL__ int2 __ldlu(const int2 *ptr) __DEF_IF_HOST
      |                                                        ^~~~~~~~~~~~~
/usr/local/cuda/include/sm_32_intrinsics.h: In function 'int4 __ldlu(const int4*)':
/usr/local/cuda/include/sm_32_intrinsics.h:74:25: warning: no return statement in function returning non-void [-Wreturn-type]
   74 | #define __DEF_IF_HOST { }
      |                         ^
/usr/local/cuda/include/sm_32_intrinsics.h:244:56: note: in expansion of macro '__DEF_IF_HOST'
  244 | __SM_32_INTRINSICS_DECL__ int4 __ldlu(const int4 *ptr) __DEF_IF_HOST
      |                                                        ^~~~~~~~~~~~~
/usr/local/cuda/include/sm_32_intrinsics.h: In function 'longlong2 __ldlu(const longlong2*)':
/usr/local/cuda/include/sm_32_intrinsics.h:74:25: warning: no return statement in function returning non-void [-Wreturn-type]
   74 | #define __DEF_IF_HOST { }
      |                         ^
/usr/local/cuda/include/sm_32_intrinsics.h:245:66: note: in expansion of macro '__DEF_IF_HOST'
  245 | __SM_32_INTRINSICS_DECL__ longlong2 __ldlu(const longlong2 *ptr) __DEF_IF_HOST
      |                                                                  ^~~~~~~~~~~~~
/usr/local/cuda/include/sm_32_intrinsics.h: In function 'unsigned char __ldlu(const unsigned char*)':
/usr/local/cuda/include/sm_32_intrinsics.h:74:25: warning: no return statement in function returning non-void [-Wreturn-type]
   74 | #define __DEF_IF_HOST { }
      |                         ^
/usr/local/cuda/include/sm_32_intrinsics.h:247:74: note: in expansion of macro '__DEF_IF_HOST'
  247 | __SM_32_INTRINSICS_DECL__ unsigned char __ldlu(const unsigned char *ptr) __DEF_IF_HOST
      |                                                                          ^~~~~~~~~~~~~
/usr/local/cuda/include/sm_32_intrinsics.h: In function 'short unsigned int __ldlu(const short unsigned int*)':
/usr/local/cuda/include/sm_32_intrinsics.h:74:25: warning: no return statement in function returning non-void [-Wreturn-type]
   74 | #define __DEF_IF_HOST { }
      |                         ^
/usr/local/cuda/include/sm_32_intrinsics.h:248:76: note: in expansion of macro '__DEF_IF_HOST'
  248 | __SM_32_INTRINSICS_DECL__ unsigned short __ldlu(const unsigned short *ptr) __DEF_IF_HOST
      |                                                                            ^~~~~~~~~~~~~
/usr/local/cuda/include/sm_32_intrinsics.h: In function 'unsigned int __ldlu(const unsigned int*)':
/usr/local/cuda/include/sm_32_intrinsics.h:74:25: warning: no return statement in function returning non-void [-Wreturn-type]
   74 | #define __DEF_IF_HOST { }
      |                         ^
/usr/local/cuda/include/sm_32_intrinsics.h:249:72: note: in expansion of macro '__DEF_IF_HOST'
  249 | __SM_32_INTRINSICS_DECL__ unsigned int __ldlu(const unsigned int *ptr) __DEF_IF_HOST
      |                                                                        ^~~~~~~~~~~~~
/usr/local/cuda/include/sm_32_intrinsics.h: In function 'long long unsigned int __ldlu(const long long unsigned int*)':
/usr/local/cuda/include/sm_32_intrinsics.h:74:25: warning: no return statement in function returning non-void [-Wreturn-type]
   74 | #define __DEF_IF_HOST { }
      |                         ^
/usr/local/cuda/include/sm_32_intrinsics.h:250:84: note: in expansion of macro '__DEF_IF_HOST'
  250 | __SM_32_INTRINSICS_DECL__ unsigned long long __ldlu(const unsigned long long *ptr) __DEF_IF_HOST
      |                                                                                    ^~~~~~~~~~~~~
/usr/local/cuda/include/sm_32_intrinsics.h: In function 'uchar2 __ldlu(const uchar2*)':
/usr/local/cuda/include/sm_32_intrinsics.h:74:25: warning: no return statement in function returning non-void [-Wreturn-type]
   74 | #define __DEF_IF_HOST { }
      |                         ^
/usr/local/cuda/include/sm_32_intrinsics.h:251:60: note: in expansion of macro '__DEF_IF_HOST'
  251 | __SM_32_INTRINSICS_DECL__ uchar2 __ldlu(const uchar2 *ptr) __DEF_IF_HOST
      |                                                            ^~~~~~~~~~~~~
/usr/local/cuda/include/sm_32_intrinsics.h: In function 'uchar4 __ldlu(const uchar4*)':
/usr/local/cuda/include/sm_32_intrinsics.h:74:25: warning: no return statement in function returning non-void [-Wreturn-type]
   74 | #define __DEF_IF_HOST { }
      |                         ^
/usr/local/cuda/include/sm_32_intrinsics.h:252:60: note: in expansion of macro '__DEF_IF_HOST'
  252 | __SM_32_INTRINSICS_DECL__ uchar4 __ldlu(const uchar4 *ptr) __DEF_IF_HOST
      |                                                            ^~~~~~~~~~~~~
/usr/local/cuda/include/sm_32_intrinsics.h: In function 'ushort2 __ldlu(const ushort2*)':
/usr/local/cuda/include/sm_32_intrinsics.h:74:25: warning: no return statement in function returning non-void [-Wreturn-type]
   74 | #define __DEF_IF_HOST { }
      |                         ^
/usr/local/cuda/include/sm_32_intrinsics.h:253:62: note: in expansion of macro '__DEF_IF_HOST'
  253 | __SM_32_INTRINSICS_DECL__ ushort2 __ldlu(const ushort2 *ptr) __DEF_IF_HOST
      |                                                              ^~~~~~~~~~~~~
/usr/local/cuda/include/sm_32_intrinsics.h: In function 'ushort4 __ldlu(const ushort4*)':
/usr/local/cuda/include/sm_32_intrinsics.h:74:25: warning: no return statement in function returning non-void [-Wreturn-type]
   74 | #define __DEF_IF_HOST { }
      |                         ^
/usr/local/cuda/include/sm_32_intrinsics.h:254:62: note: in expansion of macro '__DEF_IF_HOST'
  254 | __SM_32_INTRINSICS_DECL__ ushort4 __ldlu(const ushort4 *ptr) __DEF_IF_HOST
      |                                                              ^~~~~~~~~~~~~
/usr/local/cuda/include/sm_32_intrinsics.h: In function 'uint2 __ldlu(const uint2*)':
/usr/local/cuda/include/sm_32_intrinsics.h:74:25: warning: no return statement in function returning non-void [-Wreturn-type]
   74 | #define __DEF_IF_HOST { }
      |                         ^
/usr/local/cuda/include/sm_32_intrinsics.h:255:58: note: in expansion of macro '__DEF_IF_HOST'
  255 | __SM_32_INTRINSICS_DECL__ uint2 __ldlu(const uint2 *ptr) __DEF_IF_HOST
      |                                                          ^~~~~~~~~~~~~
/usr/local/cuda/include/sm_32_intrinsics.h: In function 'uint4 __ldlu(const uint4*)':
/usr/local/cuda/include/sm_32_intrinsics.h:74:25: warning: no return statement in function returning non-void [-Wreturn-type]
   74 | #define __DEF_IF_HOST { }
      |                         ^
/usr/local/cuda/include/sm_32_intrinsics.h:256:58: note: in expansion of macro '__DEF_IF_HOST'
  256 | __SM_32_INTRINSICS_DECL__ uint4 __ldlu(const uint4 *ptr) __DEF_IF_HOST
      |                                                          ^~~~~~~~~~~~~
/usr/local/cuda/include/sm_32_intrinsics.h: In function 'ulonglong2 __ldlu(const ulonglong2*)':
/usr/local/cuda/include/sm_32_intrinsics.h:74:25: warning: no return statement in function returning non-void [-Wreturn-type]
   74 | #define __DEF_IF_HOST { }
      |                         ^
/usr/local/cuda/include/sm_32_intrinsics.h:257:68: note: in expansion of macro '__DEF_IF_HOST'
  257 | __SM_32_INTRINSICS_DECL__ ulonglong2 __ldlu(const ulonglong2 *ptr) __DEF_IF_HOST
      |                                                                    ^~~~~~~~~~~~~
/usr/local/cuda/include/sm_32_intrinsics.h: In function 'float __ldlu(const float*)':
/usr/local/cuda/include/sm_32_intrinsics.h:74:25: warning: no return statement in function returning non-void [-Wreturn-type]
   74 | #define __DEF_IF_HOST { }
      |                         ^
/usr/local/cuda/include/sm_32_intrinsics.h:259:58: note: in expansion of macro '__DEF_IF_HOST'
  259 | __SM_32_INTRINSICS_DECL__ float __ldlu(const float *ptr) __DEF_IF_HOST
      |                                                          ^~~~~~~~~~~~~
/usr/local/cuda/include/sm_32_intrinsics.h: In function 'double __ldlu(const double*)':
/usr/local/cuda/include/sm_32_intrinsics.h:74:25: warning: no return statement in function returning non-void [-Wreturn-type]
   74 | #define __DEF_IF_HOST { }
      |                         ^
/usr/local/cuda/include/sm_32_intrinsics.h:260:60: note: in expansion of macro '__DEF_IF_HOST'
  260 | __SM_32_INTRINSICS_DECL__ double __ldlu(const double *ptr) __DEF_IF_HOST
      |                                                            ^~~~~~~~~~~~~
/usr/local/cuda/include/sm_32_intrinsics.h: In function 'float2 __ldlu(const float2*)':
/usr/local/cuda/include/sm_32_intrinsics.h:74:25: warning: no return statement in function returning non-void [-Wreturn-type]
   74 | #define __DEF_IF_HOST { }
      |                         ^
/usr/local/cuda/include/sm_32_intrinsics.h:261:60: note: in expansion of macro '__DEF_IF_HOST'
  261 | __SM_32_INTRINSICS_DECL__ float2 __ldlu(const float2 *ptr) __DEF_IF_HOST
      |                                                            ^~~~~~~~~~~~~
/usr/local/cuda/include/sm_32_intrinsics.h: In function 'float4 __ldlu(const float4*)':
/usr/local/cuda/include/sm_32_intrinsics.h:74:25: warning: no return statement in function returning non-void [-Wreturn-type]
   74 | #define __DEF_IF_HOST { }
      |                         ^
/usr/local/cuda/include/sm_32_intrinsics.h:262:60: note: in expansion of macro '__DEF_IF_HOST'
  262 | __SM_32_INTRINSICS_DECL__ float4 __ldlu(const float4 *ptr) __DEF_IF_HOST
      |                                                            ^~~~~~~~~~~~~
/usr/local/cuda/include/sm_32_intrinsics.h: In function 'double2 __ldlu(const double2*)':
/usr/local/cuda/include/sm_32_intrinsics.h:74:25: warning: no return statement in function returning non-void [-Wreturn-type]
   74 | #define __DEF_IF_HOST { }
      |                         ^
/usr/local/cuda/include/sm_32_intrinsics.h:263:62: note: in expansion of macro '__DEF_IF_HOST'
  263 | __SM_32_INTRINSICS_DECL__ double2 __ldlu(const double2 *ptr) __DEF_IF_HOST
      |                                                              ^~~~~~~~~~~~~
/usr/local/cuda/include/sm_32_intrinsics.h: In function 'long int __ldcv(const long int*)':
/usr/local/cuda/include/sm_32_intrinsics.h:74:25: warning: no return statement in function returning non-void [-Wreturn-type]
   74 | #define __DEF_IF_HOST { }
      |                         ^
/usr/local/cuda/include/sm_32_intrinsics.h:267:56: note: in expansion of macro '__DEF_IF_HOST'
  267 | __SM_32_INTRINSICS_DECL__ long __ldcv(const long *ptr) __DEF_IF_HOST
      |                                                        ^~~~~~~~~~~~~
/usr/local/cuda/include/sm_32_intrinsics.h: In function 'long unsigned int __ldcv(const long unsigned int*)':
/usr/local/cuda/include/sm_32_intrinsics.h:74:25: warning: no return statement in function returning non-void [-Wreturn-type]
   74 | #define __DEF_IF_HOST { }
      |                         ^
/usr/local/cuda/include/sm_32_intrinsics.h:268:74: note: in expansion of macro '__DEF_IF_HOST'
  268 | __SM_32_INTRINSICS_DECL__ unsigned long __ldcv(const unsigned long *ptr) __DEF_IF_HOST
      |                                                                          ^~~~~~~~~~~~~
/usr/local/cuda/include/sm_32_intrinsics.h: In function 'char __ldcv(const char*)':
/usr/local/cuda/include/sm_32_intrinsics.h:74:25: warning: no return statement in function returning non-void [-Wreturn-type]
   74 | #define __DEF_IF_HOST { }
      |                         ^
/usr/local/cuda/include/sm_32_intrinsics.h:270:56: note: in expansion of macro '__DEF_IF_HOST'
  270 | __SM_32_INTRINSICS_DECL__ char __ldcv(const char *ptr) __DEF_IF_HOST
      |                                                        ^~~~~~~~~~~~~
/usr/local/cuda/include/sm_32_intrinsics.h: In function 'signed char __ldcv(const signed char*)':
/usr/local/cuda/include/sm_32_intrinsics.h:74:25: warning: no return statement in function returning non-void [-Wreturn-type]
   74 | #define __DEF_IF_HOST { }
      |                         ^
/usr/local/cuda/include/sm_32_intrinsics.h:271:70: note: in expansion of macro '__DEF_IF_HOST'
  271 | __SM_32_INTRINSICS_DECL__ signed char __ldcv(const signed char *ptr) __DEF_IF_HOST
      |                                                                      ^~~~~~~~~~~~~
/usr/local/cuda/include/sm_32_intrinsics.h: In function 'short int __ldcv(const short int*)':
/usr/local/cuda/include/sm_32_intrinsics.h:74:25: warning: no return statement in function returning non-void [-Wreturn-type]
   74 | #define __DEF_IF_HOST { }
      |                         ^
/usr/local/cuda/include/sm_32_intrinsics.h:272:58: note: in expansion of macro '__DEF_IF_HOST'
  272 | __SM_32_INTRINSICS_DECL__ short __ldcv(const short *ptr) __DEF_IF_HOST
      |                                                          ^~~~~~~~~~~~~
/usr/local/cuda/include/sm_32_intrinsics.h: In function 'int __ldcv(const int*)':
/usr/local/cuda/include/sm_32_intrinsics.h:74:25: warning: no return statement in function returning non-void [-Wreturn-type]
   74 | #define __DEF_IF_HOST { }
      |                         ^
/usr/local/cuda/include/sm_32_intrinsics.h:273:54: note: in expansion of macro '__DEF_IF_HOST'
  273 | __SM_32_INTRINSICS_DECL__ int __ldcv(const int *ptr) __DEF_IF_HOST
      |                                                      ^~~~~~~~~~~~~
/usr/local/cuda/include/sm_32_intrinsics.h: In function 'long long int __ldcv(const long long int*)':
/usr/local/cuda/include/sm_32_intrinsics.h:74:25: warning: no return statement in function returning non-void [-Wreturn-type]
   74 | #define __DEF_IF_HOST { }
      |                         ^
/usr/local/cuda/include/sm_32_intrinsics.h:274:66: note: in expansion of macro '__DEF_IF_HOST'
  274 | __SM_32_INTRINSICS_DECL__ long long __ldcv(const long long *ptr) __DEF_IF_HOST
      |                                                                  ^~~~~~~~~~~~~
/usr/local/cuda/include/sm_32_intrinsics.h: In function 'char2 __ldcv(const char2*)':
/usr/local/cuda/include/sm_32_intrinsics.h:74:25: warning: no return statement in function returning non-void [-Wreturn-type]
   74 | #define __DEF_IF_HOST { }
      |                         ^
/usr/local/cuda/include/sm_32_intrinsics.h:275:58: note: in expansion of macro '__DEF_IF_HOST'
  275 | __SM_32_INTRINSICS_DECL__ char2 __ldcv(const char2 *ptr) __DEF_IF_HOST
      |                                                          ^~~~~~~~~~~~~
/usr/local/cuda/include/sm_32_intrinsics.h: In function 'char4 __ldcv(const char4*)':
/usr/local/cuda/include/sm_32_intrinsics.h:74:25: warning: no return statement in function returning non-void [-Wreturn-type]
   74 | #define __DEF_IF_HOST { }
      |                         ^
/usr/local/cuda/include/sm_32_intrinsics.h:276:58: note: in expansion of macro '__DEF_IF_HOST'
  276 | __SM_32_INTRINSICS_DECL__ char4 __ldcv(const char4 *ptr) __DEF_IF_HOST
      |                                                          ^~~~~~~~~~~~~
/usr/local/cuda/include/sm_32_intrinsics.h: In function 'short2 __ldcv(const short2*)':
/usr/local/cuda/include/sm_32_intrinsics.h:74:25: warning: no return statement in function returning non-void [-Wreturn-type]
   74 | #define __DEF_IF_HOST { }
      |                         ^
/usr/local/cuda/include/sm_32_intrinsics.h:277:60: note: in expansion of macro '__DEF_IF_HOST'
  277 | __SM_32_INTRINSICS_DECL__ short2 __ldcv(const short2 *ptr) __DEF_IF_HOST
      |                                                            ^~~~~~~~~~~~~
/usr/local/cuda/include/sm_32_intrinsics.h: In function 'short4 __ldcv(const short4*)':
/usr/local/cuda/include/sm_32_intrinsics.h:74:25: warning: no return statement in function returning non-void [-Wreturn-type]
   74 | #define __DEF_IF_HOST { }
      |                         ^
/usr/local/cuda/include/sm_32_intrinsics.h:278:60: note: in expansion of macro '__DEF_IF_HOST'
  278 | __SM_32_INTRINSICS_DECL__ short4 __ldcv(const short4 *ptr) __DEF_IF_HOST
      |                                                            ^~~~~~~~~~~~~
/usr/local/cuda/include/sm_32_intrinsics.h: In function 'int2 __ldcv(const int2*)':
/usr/local/cuda/include/sm_32_intrinsics.h:74:25: warning: no return statement in function returning non-void [-Wreturn-type]
   74 | #define __DEF_IF_HOST { }
      |                         ^
/usr/local/cuda/include/sm_32_intrinsics.h:279:56: note: in expansion of macro '__DEF_IF_HOST'
  279 | __SM_32_INTRINSICS_DECL__ int2 __ldcv(const int2 *ptr) __DEF_IF_HOST
      |                                                        ^~~~~~~~~~~~~
/usr/local/cuda/include/sm_32_intrinsics.h: In function 'int4 __ldcv(const int4*)':
/usr/local/cuda/include/sm_32_intrinsics.h:74:25: warning: no return statement in function returning non-void [-Wreturn-type]
   74 | #define __DEF_IF_HOST { }
      |                         ^
/usr/local/cuda/include/sm_32_intrinsics.h:280:56: note: in expansion of macro '__DEF_IF_HOST'
  280 | __SM_32_INTRINSICS_DECL__ int4 __ldcv(const int4 *ptr) __DEF_IF_HOST
      |                                                        ^~~~~~~~~~~~~
/usr/local/cuda/include/sm_32_intrinsics.h: In function 'longlong2 __ldcv(const longlong2*)':
/usr/local/cuda/include/sm_32_intrinsics.h:74:25: warning: no return statement in function returning non-void [-Wreturn-type]
   74 | #define __DEF_IF_HOST { }
      |                         ^
/usr/local/cuda/include/sm_32_intrinsics.h:281:66: note: in expansion of macro '__DEF_IF_HOST'
  281 | __SM_32_INTRINSICS_DECL__ longlong2 __ldcv(const longlong2 *ptr) __DEF_IF_HOST
      |                                                                  ^~~~~~~~~~~~~
/usr/local/cuda/include/sm_32_intrinsics.h: In function 'unsigned char __ldcv(const unsigned char*)':
/usr/local/cuda/include/sm_32_intrinsics.h:74:25: warning: no return statement in function returning non-void [-Wreturn-type]
   74 | #define __DEF_IF_HOST { }
      |                         ^
/usr/local/cuda/include/sm_32_intrinsics.h:283:74: note: in expansion of macro '__DEF_IF_HOST'
  283 | __SM_32_INTRINSICS_DECL__ unsigned char __ldcv(const unsigned char *ptr) __DEF_IF_HOST
      |                                                                          ^~~~~~~~~~~~~
/usr/local/cuda/include/sm_32_intrinsics.h: In function 'short unsigned int __ldcv(const short unsigned int*)':
/usr/local/cuda/include/sm_32_intrinsics.h:74:25: warning: no return statement in function returning non-void [-Wreturn-type]
   74 | #define __DEF_IF_HOST { }
      |                         ^
/usr/local/cuda/include/sm_32_intrinsics.h:284:76: note: in expansion of macro '__DEF_IF_HOST'
  284 | __SM_32_INTRINSICS_DECL__ unsigned short __ldcv(const unsigned short *ptr) __DEF_IF_HOST
      |                                                                            ^~~~~~~~~~~~~
/usr/local/cuda/include/sm_32_intrinsics.h: In function 'unsigned int __ldcv(const unsigned int*)':
/usr/local/cuda/include/sm_32_intrinsics.h:74:25: warning: no return statement in function returning non-void [-Wreturn-type]
   74 | #define __DEF_IF_HOST { }
      |                         ^
/usr/local/cuda/include/sm_32_intrinsics.h:285:72: note: in expansion of macro '__DEF_IF_HOST'
  285 | __SM_32_INTRINSICS_DECL__ unsigned int __ldcv(const unsigned int *ptr) __DEF_IF_HOST
      |                                                                        ^~~~~~~~~~~~~
/usr/local/cuda/include/sm_32_intrinsics.h: In function 'long long unsigned int __ldcv(const long long unsigned int*)':
/usr/local/cuda/include/sm_32_intrinsics.h:74:25: warning: no return statement in function returning non-void [-Wreturn-type]
   74 | #define __DEF_IF_HOST { }
      |                         ^
/usr/local/cuda/include/sm_32_intrinsics.h:286:84: note: in expansion of macro '__DEF_IF_HOST'
  286 | __SM_32_INTRINSICS_DECL__ unsigned long long __ldcv(const unsigned long long *ptr) __DEF_IF_HOST
      |                                                                                    ^~~~~~~~~~~~~
/usr/local/cuda/include/sm_32_intrinsics.h: In function 'uchar2 __ldcv(const uchar2*)':
/usr/local/cuda/include/sm_32_intrinsics.h:74:25: warning: no return statement in function returning non-void [-Wreturn-type]
   74 | #define __DEF_IF_HOST { }
      |                         ^
/usr/local/cuda/include/sm_32_intrinsics.h:287:60: note: in expansion of macro '__DEF_IF_HOST'
  287 | __SM_32_INTRINSICS_DECL__ uchar2 __ldcv(const uchar2 *ptr) __DEF_IF_HOST
      |                                                            ^~~~~~~~~~~~~
/usr/local/cuda/include/sm_32_intrinsics.h: In function 'uchar4 __ldcv(const uchar4*)':
/usr/local/cuda/include/sm_32_intrinsics.h:74:25: warning: no return statement in function returning non-void [-Wreturn-type]
   74 | #define __DEF_IF_HOST { }
      |                         ^
/usr/local/cuda/include/sm_32_intrinsics.h:288:60: note: in expansion of macro '__DEF_IF_HOST'
  288 | __SM_32_INTRINSICS_DECL__ uchar4 __ldcv(const uchar4 *ptr) __DEF_IF_HOST
      |                                                            ^~~~~~~~~~~~~
/usr/local/cuda/include/sm_32_intrinsics.h: In function 'ushort2 __ldcv(const ushort2*)':
/usr/local/cuda/include/sm_32_intrinsics.h:74:25: warning: no return statement in function returning non-void [-Wreturn-type]
   74 | #define __DEF_IF_HOST { }
      |                         ^
/usr/local/cuda/include/sm_32_intrinsics.h:289:62: note: in expansion of macro '__DEF_IF_HOST'
  289 | __SM_32_INTRINSICS_DECL__ ushort2 __ldcv(const ushort2 *ptr) __DEF_IF_HOST
      |                                                              ^~~~~~~~~~~~~
/usr/local/cuda/include/sm_32_intrinsics.h: In function 'ushort4 __ldcv(const ushort4*)':
/usr/local/cuda/include/sm_32_intrinsics.h:74:25: warning: no return statement in function returning non-void [-Wreturn-type]
   74 | #define __DEF_IF_HOST { }
      |                         ^
/usr/local/cuda/include/sm_32_intrinsics.h:290:62: note: in expansion of macro '__DEF_IF_HOST'
  290 | __SM_32_INTRINSICS_DECL__ ushort4 __ldcv(const ushort4 *ptr) __DEF_IF_HOST
      |                                                              ^~~~~~~~~~~~~
/usr/local/cuda/include/sm_32_intrinsics.h: In function 'uint2 __ldcv(const uint2*)':
/usr/local/cuda/include/sm_32_intrinsics.h:74:25: warning: no return statement in function returning non-void [-Wreturn-type]
   74 | #define __DEF_IF_HOST { }
      |                         ^
/usr/local/cuda/include/sm_32_intrinsics.h:291:58: note: in expansion of macro '__DEF_IF_HOST'
  291 | __SM_32_INTRINSICS_DECL__ uint2 __ldcv(const uint2 *ptr) __DEF_IF_HOST
      |                                                          ^~~~~~~~~~~~~
/usr/local/cuda/include/sm_32_intrinsics.h: In function 'uint4 __ldcv(const uint4*)':
/usr/local/cuda/include/sm_32_intrinsics.h:74:25: warning: no return statement in function returning non-void [-Wreturn-type]
   74 | #define __DEF_IF_HOST { }
      |                         ^
/usr/local/cuda/include/sm_32_intrinsics.h:292:58: note: in expansion of macro '__DEF_IF_HOST'
  292 | __SM_32_INTRINSICS_DECL__ uint4 __ldcv(const uint4 *ptr) __DEF_IF_HOST
      |                                                          ^~~~~~~~~~~~~
/usr/local/cuda/include/sm_32_intrinsics.h: In function 'ulonglong2 __ldcv(const ulonglong2*)':
/usr/local/cuda/include/sm_32_intrinsics.h:74:25: warning: no return statement in function returning non-void [-Wreturn-type]
   74 | #define __DEF_IF_HOST { }
      |                         ^
/usr/local/cuda/include/sm_32_intrinsics.h:293:68: note: in expansion of macro '__DEF_IF_HOST'
  293 | __SM_32_INTRINSICS_DECL__ ulonglong2 __ldcv(const ulonglong2 *ptr) __DEF_IF_HOST
      |                                                                    ^~~~~~~~~~~~~
/usr/local/cuda/include/sm_32_intrinsics.h: In function 'float __ldcv(const float*)':
/usr/local/cuda/include/sm_32_intrinsics.h:74:25: warning: no return statement in function returning non-void [-Wreturn-type]
   74 | #define __DEF_IF_HOST { }
      |                         ^
/usr/local/cuda/include/sm_32_intrinsics.h:295:58: note: in expansion of macro '__DEF_IF_HOST'
  295 | __SM_32_INTRINSICS_DECL__ float __ldcv(const float *ptr) __DEF_IF_HOST
      |                                                          ^~~~~~~~~~~~~
/usr/local/cuda/include/sm_32_intrinsics.h: In function 'double __ldcv(const double*)':
/usr/local/cuda/include/sm_32_intrinsics.h:74:25: warning: no return statement in function returning non-void [-Wreturn-type]
   74 | #define __DEF_IF_HOST { }
      |                         ^
/usr/local/cuda/include/sm_32_intrinsics.h:296:60: note: in expansion of macro '__DEF_IF_HOST'
  296 | __SM_32_INTRINSICS_DECL__ double __ldcv(const double *ptr) __DEF_IF_HOST
      |                                                            ^~~~~~~~~~~~~
/usr/local/cuda/include/sm_32_intrinsics.h: In function 'float2 __ldcv(const float2*)':
/usr/local/cuda/include/sm_32_intrinsics.h:74:25: warning: no return statement in function returning non-void [-Wreturn-type]
   74 | #define __DEF_IF_HOST { }
      |                         ^
/usr/local/cuda/include/sm_32_intrinsics.h:297:60: note: in expansion of macro '__DEF_IF_HOST'
  297 | __SM_32_INTRINSICS_DECL__ float2 __ldcv(const float2 *ptr) __DEF_IF_HOST
      |                                                            ^~~~~~~~~~~~~
/usr/local/cuda/include/sm_32_intrinsics.h: In function 'float4 __ldcv(const float4*)':
/usr/local/cuda/include/sm_32_intrinsics.h:74:25: warning: no return statement in function returning non-void [-Wreturn-type]
   74 | #define __DEF_IF_HOST { }
      |                         ^
/usr/local/cuda/include/sm_32_intrinsics.h:298:60: note: in expansion of macro '__DEF_IF_HOST'
  298 | __SM_32_INTRINSICS_DECL__ float4 __ldcv(const float4 *ptr) __DEF_IF_HOST
      |                                                            ^~~~~~~~~~~~~
/usr/local/cuda/include/sm_32_intrinsics.h: In function 'double2 __ldcv(const double2*)':
/usr/local/cuda/include/sm_32_intrinsics.h:74:25: warning: no return statement in function returning non-void [-Wreturn-type]
   74 | #define __DEF_IF_HOST { }
      |                         ^
/usr/local/cuda/include/sm_32_intrinsics.h:299:62: note: in expansion of macro '__DEF_IF_HOST'
  299 | __SM_32_INTRINSICS_DECL__ double2 __ldcv(const double2 *ptr) __DEF_IF_HOST
      |                                                              ^~~~~~~~~~~~~
/usr/local/cuda/include/sm_32_intrinsics.h: In function 'unsigned int __funnelshift_l(unsigned int, unsigned int, unsigned int)':
/usr/local/cuda/include/sm_32_intrinsics.h:74:25: warning: no return statement in function returning non-void [-Wreturn-type]
   74 | #define __DEF_IF_HOST { }
      |                         ^
/usr/local/cuda/include/sm_32_intrinsics.h:460:110: note: in expansion of macro '__DEF_IF_HOST'
  460 | __SM_32_INTRINSICS_DECL__ unsigned int __funnelshift_l(unsigned int lo, unsigned int hi, unsigned int shift) __DEF_IF_HOST
      |                                                                                                              ^~~~~~~~~~~~~
/usr/local/cuda/include/sm_32_intrinsics.h: In function 'unsigned int __funnelshift_lc(unsigned int, unsigned int, unsigned int)':
/usr/local/cuda/include/sm_32_intrinsics.h:74:25: warning: no return statement in function returning non-void [-Wreturn-type]
   74 | #define __DEF_IF_HOST { }
      |                         ^
/usr/local/cuda/include/sm_32_intrinsics.h:472:111: note: in expansion of macro '__DEF_IF_HOST'
  472 | __SM_32_INTRINSICS_DECL__ unsigned int __funnelshift_lc(unsigned int lo, unsigned int hi, unsigned int shift) __DEF_IF_HOST
      |                                                                                                               ^~~~~~~~~~~~~
/usr/local/cuda/include/sm_32_intrinsics.h: In function 'unsigned int __funnelshift_r(unsigned int, unsigned int, unsigned int)':
/usr/local/cuda/include/sm_32_intrinsics.h:74:25: warning: no return statement in function returning non-void [-Wreturn-type]
   74 | #define __DEF_IF_HOST { }
      |                         ^
/usr/local/cuda/include/sm_32_intrinsics.h:485:110: note: in expansion of macro '__DEF_IF_HOST'
  485 | __SM_32_INTRINSICS_DECL__ unsigned int __funnelshift_r(unsigned int lo, unsigned int hi, unsigned int shift) __DEF_IF_HOST
      |                                                                                                              ^~~~~~~~~~~~~
/usr/local/cuda/include/sm_32_intrinsics.h: In function 'unsigned int __funnelshift_rc(unsigned int, unsigned int, unsigned int)':
/usr/local/cuda/include/sm_32_intrinsics.h:74:25: warning: no return statement in function returning non-void [-Wreturn-type]
   74 | #define __DEF_IF_HOST { }
      |                         ^
/usr/local/cuda/include/sm_32_intrinsics.h:497:111: note: in expansion of macro '__DEF_IF_HOST'
  497 | __SM_32_INTRINSICS_DECL__ unsigned int __funnelshift_rc(unsigned int lo, unsigned int hi, unsigned int shift) __DEF_IF_HOST
      |                                                                                                               ^~~~~~~~~~~~~
In file included from /usr/local/cuda/include/crt/device_functions.h:3625,
                 from /home/GVirtuS/GVirtuS/plugins/cudart/backend/CudaRtHandler.h:71,
                 from /home/GVirtuS/GVirtuS/plugins/cudart/backend/CudaRtHandler.cpp:36:
/usr/local/cuda/include/sm_61_intrinsics.h: In function 'int __dp2a_lo(int, int, int)':
/usr/local/cuda/include/sm_61_intrinsics.h:72:25: warning: no return statement in function returning non-void [-Wreturn-type]
   72 | #define __DEF_IF_HOST { }
      |                         ^
/usr/local/cuda/include/sm_61_intrinsics.h:99:68: note: in expansion of macro '__DEF_IF_HOST'
   99 | __SM_61_INTRINSICS_DECL__ int __dp2a_lo(int srcA, int srcB, int c) __DEF_IF_HOST
      |                                                                    ^~~~~~~~~~~~~
/usr/local/cuda/include/sm_61_intrinsics.h: In function 'unsigned int __dp2a_lo(unsigned int, unsigned int, unsigned int)':
/usr/local/cuda/include/sm_61_intrinsics.h:72:25: warning: no return statement in function returning non-void [-Wreturn-type]
   72 | #define __DEF_IF_HOST { }
      |                         ^
/usr/local/cuda/include/sm_61_intrinsics.h:110:104: note: in expansion of macro '__DEF_IF_HOST'
  110 | __SM_61_INTRINSICS_DECL__ unsigned int __dp2a_lo(unsigned int srcA, unsigned int srcB, unsigned int c) __DEF_IF_HOST
      |                                                                                                        ^~~~~~~~~~~~~
/usr/local/cuda/include/sm_61_intrinsics.h: In function 'int __dp2a_lo(short2, char4, int)':
/usr/local/cuda/include/sm_61_intrinsics.h:72:25: warning: no return statement in function returning non-void [-Wreturn-type]
   72 | #define __DEF_IF_HOST { }
      |                         ^
/usr/local/cuda/include/sm_61_intrinsics.h:122:73: note: in expansion of macro '__DEF_IF_HOST'
  122 | __SM_61_INTRINSICS_DECL__ int __dp2a_lo(short2 srcA, char4 srcB, int c) __DEF_IF_HOST
      |                                                                         ^~~~~~~~~~~~~
/usr/local/cuda/include/sm_61_intrinsics.h: In function 'unsigned int __dp2a_lo(ushort2, uchar4, unsigned int)':
/usr/local/cuda/include/sm_61_intrinsics.h:72:25: warning: no return statement in function returning non-void [-Wreturn-type]
   72 | #define __DEF_IF_HOST { }
      |                         ^
/usr/local/cuda/include/sm_61_intrinsics.h:133:93: note: in expansion of macro '__DEF_IF_HOST'
  133 | __SM_61_INTRINSICS_DECL__ unsigned int __dp2a_lo(ushort2 srcA, uchar4 srcB, unsigned int c) __DEF_IF_HOST
      |                                                                                             ^~~~~~~~~~~~~
/usr/local/cuda/include/sm_61_intrinsics.h: In function 'int __dp2a_hi(int, int, int)':
/usr/local/cuda/include/sm_61_intrinsics.h:72:25: warning: no return statement in function returning non-void [-Wreturn-type]
   72 | #define __DEF_IF_HOST { }
      |                         ^
/usr/local/cuda/include/sm_61_intrinsics.h:145:68: note: in expansion of macro '__DEF_IF_HOST'
  145 | __SM_61_INTRINSICS_DECL__ int __dp2a_hi(int srcA, int srcB, int c) __DEF_IF_HOST
      |                                                                    ^~~~~~~~~~~~~
/usr/local/cuda/include/sm_61_intrinsics.h: In function 'unsigned int __dp2a_hi(unsigned int, unsigned int, unsigned int)':
/usr/local/cuda/include/sm_61_intrinsics.h:72:25: warning: no return statement in function returning non-void [-Wreturn-type]
   72 | #define __DEF_IF_HOST { }
      |                         ^
/usr/local/cuda/include/sm_61_intrinsics.h:156:104: note: in expansion of macro '__DEF_IF_HOST'
  156 | __SM_61_INTRINSICS_DECL__ unsigned int __dp2a_hi(unsigned int srcA, unsigned int srcB, unsigned int c) __DEF_IF_HOST
      |                                                                                                        ^~~~~~~~~~~~~
/usr/local/cuda/include/sm_61_intrinsics.h: In function 'int __dp2a_hi(short2, char4, int)':
/usr/local/cuda/include/sm_61_intrinsics.h:72:25: warning: no return statement in function returning non-void [-Wreturn-type]
   72 | #define __DEF_IF_HOST { }
      |                         ^
/usr/local/cuda/include/sm_61_intrinsics.h:168:73: note: in expansion of macro '__DEF_IF_HOST'
  168 | __SM_61_INTRINSICS_DECL__ int __dp2a_hi(short2 srcA, char4 srcB, int c) __DEF_IF_HOST
      |                                                                         ^~~~~~~~~~~~~
/usr/local/cuda/include/sm_61_intrinsics.h: In function 'unsigned int __dp2a_hi(ushort2, uchar4, unsigned int)':
/usr/local/cuda/include/sm_61_intrinsics.h:72:25: warning: no return statement in function returning non-void [-Wreturn-type]
   72 | #define __DEF_IF_HOST { }
      |                         ^
/usr/local/cuda/include/sm_61_intrinsics.h:179:93: note: in expansion of macro '__DEF_IF_HOST'
  179 | __SM_61_INTRINSICS_DECL__ unsigned int __dp2a_hi(ushort2 srcA, uchar4 srcB, unsigned int c) __DEF_IF_HOST
      |                                                                                             ^~~~~~~~~~~~~
/usr/local/cuda/include/sm_61_intrinsics.h: In function 'int __dp4a(int, int, int)':
/usr/local/cuda/include/sm_61_intrinsics.h:72:25: warning: no return statement in function returning non-void [-Wreturn-type]
   72 | #define __DEF_IF_HOST { }
      |                         ^
/usr/local/cuda/include/sm_61_intrinsics.h:194:65: note: in expansion of macro '__DEF_IF_HOST'
  194 | __SM_61_INTRINSICS_DECL__ int __dp4a(int srcA, int srcB, int c) __DEF_IF_HOST
      |                                                                 ^~~~~~~~~~~~~
/usr/local/cuda/include/sm_61_intrinsics.h: In function 'unsigned int __dp4a(unsigned int, unsigned int, unsigned int)':
/usr/local/cuda/include/sm_61_intrinsics.h:72:25: warning: no return statement in function returning non-void [-Wreturn-type]
   72 | #define __DEF_IF_HOST { }
      |                         ^
/usr/local/cuda/include/sm_61_intrinsics.h:203:101: note: in expansion of macro '__DEF_IF_HOST'
  203 | __SM_61_INTRINSICS_DECL__ unsigned int __dp4a(unsigned int srcA, unsigned int srcB, unsigned int c) __DEF_IF_HOST
      |                                                                                                     ^~~~~~~~~~~~~
/usr/local/cuda/include/sm_61_intrinsics.h: In function 'int __dp4a(char4, char4, int)':
/usr/local/cuda/include/sm_61_intrinsics.h:72:25: warning: no return statement in function returning non-void [-Wreturn-type]
   72 | #define __DEF_IF_HOST { }
      |                         ^
/usr/local/cuda/include/sm_61_intrinsics.h:213:69: note: in expansion of macro '__DEF_IF_HOST'
  213 | __SM_61_INTRINSICS_DECL__ int __dp4a(char4 srcA, char4 srcB, int c) __DEF_IF_HOST
      |                                                                     ^~~~~~~~~~~~~
/usr/local/cuda/include/sm_61_intrinsics.h: In function 'unsigned int __dp4a(uchar4, uchar4, unsigned int)':
/usr/local/cuda/include/sm_61_intrinsics.h:72:25: warning: no return statement in function returning non-void [-Wreturn-type]
   72 | #define __DEF_IF_HOST { }
      |                         ^
/usr/local/cuda/include/sm_61_intrinsics.h:222:89: note: in expansion of macro '__DEF_IF_HOST'
  222 | __SM_61_INTRINSICS_DECL__ unsigned int __dp4a(uchar4 srcA, uchar4 srcB, unsigned int c) __DEF_IF_HOST
      |                                                                                         ^~~~~~~~~~~~~
In file included from /usr/local/cuda/include/crt/device_functions.h:3626,
                 from /home/GVirtuS/GVirtuS/plugins/cudart/backend/CudaRtHandler.h:71,
                 from /home/GVirtuS/GVirtuS/plugins/cudart/backend/CudaRtHandler.cpp:36:
/usr/local/cuda/include/crt/sm_70_rt.h: In function 'unsigned int __match_any_sync(unsigned int, unsigned int)':
/usr/local/cuda/include/crt/sm_70_rt.h:84:25: warning: no return statement in function returning non-void [-Wreturn-type]
   84 | #define __DEF_IF_HOST { }
      |                         ^
/usr/local/cuda/include/crt/sm_70_rt.h:93:80: note: in expansion of macro '__DEF_IF_HOST'
   93 | __SM_70_RT_DECL__ unsigned int __match_any_sync(unsigned mask, unsigned value) __DEF_IF_HOST
      |                                                                                ^~~~~~~~~~~~~
/usr/local/cuda/include/crt/sm_70_rt.h: In function 'unsigned int __match_any_sync(unsigned int, int)':
/usr/local/cuda/include/crt/sm_70_rt.h:84:25: warning: no return statement in function returning non-void [-Wreturn-type]
   84 | #define __DEF_IF_HOST { }
      |                         ^
/usr/local/cuda/include/crt/sm_70_rt.h:94:75: note: in expansion of macro '__DEF_IF_HOST'
   94 | __SM_70_RT_DECL__ unsigned int __match_any_sync(unsigned mask, int value) __DEF_IF_HOST
      |                                                                           ^~~~~~~~~~~~~
/usr/local/cuda/include/crt/sm_70_rt.h: In function 'unsigned int __match_any_sync(unsigned int, long unsigned int)':
/usr/local/cuda/include/crt/sm_70_rt.h:84:25: warning: no return statement in function returning non-void [-Wreturn-type]
   84 | #define __DEF_IF_HOST { }
      |                         ^
/usr/local/cuda/include/crt/sm_70_rt.h:95:85: note: in expansion of macro '__DEF_IF_HOST'
   95 | __SM_70_RT_DECL__ unsigned int __match_any_sync(unsigned mask, unsigned long value) __DEF_IF_HOST
      |                                                                                     ^~~~~~~~~~~~~
/usr/local/cuda/include/crt/sm_70_rt.h: In function 'unsigned int __match_any_sync(unsigned int, long int)':
/usr/local/cuda/include/crt/sm_70_rt.h:84:25: warning: no return statement in function returning non-void [-Wreturn-type]
   84 | #define __DEF_IF_HOST { }
      |                         ^
/usr/local/cuda/include/crt/sm_70_rt.h:96:76: note: in expansion of macro '__DEF_IF_HOST'
   96 | __SM_70_RT_DECL__ unsigned int __match_any_sync(unsigned mask, long value) __DEF_IF_HOST
      |                                                                            ^~~~~~~~~~~~~
/usr/local/cuda/include/crt/sm_70_rt.h: In function 'unsigned int __match_any_sync(unsigned int, long long unsigned int)':
/usr/local/cuda/include/crt/sm_70_rt.h:84:25: warning: no return statement in function returning non-void [-Wreturn-type]
   84 | #define __DEF_IF_HOST { }
      |                         ^
/usr/local/cuda/include/crt/sm_70_rt.h:97:90: note: in expansion of macro '__DEF_IF_HOST'
   97 | __SM_70_RT_DECL__ unsigned int __match_any_sync(unsigned mask, unsigned long long value) __DEF_IF_HOST
      |                                                                                          ^~~~~~~~~~~~~
/usr/local/cuda/include/crt/sm_70_rt.h: In function 'unsigned int __match_any_sync(unsigned int, long long int)':
/usr/local/cuda/include/crt/sm_70_rt.h:84:25: warning: no return statement in function returning non-void [-Wreturn-type]
   84 | #define __DEF_IF_HOST { }
      |                         ^
/usr/local/cuda/include/crt/sm_70_rt.h:98:81: note: in expansion of macro '__DEF_IF_HOST'
   98 | __SM_70_RT_DECL__ unsigned int __match_any_sync(unsigned mask, long long value) __DEF_IF_HOST
      |                                                                                 ^~~~~~~~~~~~~
/usr/local/cuda/include/crt/sm_70_rt.h: In function 'unsigned int __match_any_sync(unsigned int, float)':
/usr/local/cuda/include/crt/sm_70_rt.h:84:25: warning: no return statement in function returning non-void [-Wreturn-type]
   84 | #define __DEF_IF_HOST { }
      |                         ^
/usr/local/cuda/include/crt/sm_70_rt.h:99:77: note: in expansion of macro '__DEF_IF_HOST'
   99 | __SM_70_RT_DECL__ unsigned int __match_any_sync(unsigned mask, float value) __DEF_IF_HOST
      |                                                                             ^~~~~~~~~~~~~
/usr/local/cuda/include/crt/sm_70_rt.h: In function 'unsigned int __match_any_sync(unsigned int, double)':
/usr/local/cuda/include/crt/sm_70_rt.h:84:25: warning: no return statement in function returning non-void [-Wreturn-type]
   84 | #define __DEF_IF_HOST { }
      |                         ^
/usr/local/cuda/include/crt/sm_70_rt.h:100:78: note: in expansion of macro '__DEF_IF_HOST'
  100 | __SM_70_RT_DECL__ unsigned int __match_any_sync(unsigned mask, double value) __DEF_IF_HOST
      |                                                                              ^~~~~~~~~~~~~
/usr/local/cuda/include/crt/sm_70_rt.h: In function 'unsigned int __match_all_sync(unsigned int, unsigned int, int*)':
/usr/local/cuda/include/crt/sm_70_rt.h:84:25: warning: no return statement in function returning non-void [-Wreturn-type]
   84 | #define __DEF_IF_HOST { }
      |                         ^
/usr/local/cuda/include/crt/sm_70_rt.h:102:91: note: in expansion of macro '__DEF_IF_HOST'
  102 | __SM_70_RT_DECL__ unsigned int __match_all_sync(unsigned mask, unsigned value, int *pred) __DEF_IF_HOST
      |                                                                                           ^~~~~~~~~~~~~
/usr/local/cuda/include/crt/sm_70_rt.h: In function 'unsigned int __match_all_sync(unsigned int, int, int*)':
/usr/local/cuda/include/crt/sm_70_rt.h:84:25: warning: no return statement in function returning non-void [-Wreturn-type]
   84 | #define __DEF_IF_HOST { }
      |                         ^
/usr/local/cuda/include/crt/sm_70_rt.h:103:86: note: in expansion of macro '__DEF_IF_HOST'
  103 | __SM_70_RT_DECL__ unsigned int __match_all_sync(unsigned mask, int value, int *pred) __DEF_IF_HOST
      |                                                                                      ^~~~~~~~~~~~~
/usr/local/cuda/include/crt/sm_70_rt.h: In function 'unsigned int __match_all_sync(unsigned int, long unsigned int, int*)':
/usr/local/cuda/include/crt/sm_70_rt.h:84:25: warning: no return statement in function returning non-void [-Wreturn-type]
   84 | #define __DEF_IF_HOST { }
      |                         ^
/usr/local/cuda/include/crt/sm_70_rt.h:104:96: note: in expansion of macro '__DEF_IF_HOST'
  104 | __SM_70_RT_DECL__ unsigned int __match_all_sync(unsigned mask, unsigned long value, int *pred) __DEF_IF_HOST
      |                                                                                                ^~~~~~~~~~~~~
/usr/local/cuda/include/crt/sm_70_rt.h: In function 'unsigned int __match_all_sync(unsigned int, long int, int*)':
/usr/local/cuda/include/crt/sm_70_rt.h:84:25: warning: no return statement in function returning non-void [-Wreturn-type]
   84 | #define __DEF_IF_HOST { }
      |                         ^
/usr/local/cuda/include/crt/sm_70_rt.h:105:87: note: in expansion of macro '__DEF_IF_HOST'
  105 | __SM_70_RT_DECL__ unsigned int __match_all_sync(unsigned mask, long value, int *pred) __DEF_IF_HOST
      |                                                                                       ^~~~~~~~~~~~~
/usr/local/cuda/include/crt/sm_70_rt.h: In function 'unsigned int __match_all_sync(unsigned int, long long unsigned int, int*)':
/usr/local/cuda/include/crt/sm_70_rt.h:84:25: warning: no return statement in function returning non-void [-Wreturn-type]
   84 | #define __DEF_IF_HOST { }
      |                         ^
/usr/local/cuda/include/crt/sm_70_rt.h:106:101: note: in expansion of macro '__DEF_IF_HOST'
  106 | __SM_70_RT_DECL__ unsigned int __match_all_sync(unsigned mask, unsigned long long value, int *pred) __DEF_IF_HOST
      |                                                                                                     ^~~~~~~~~~~~~
/usr/local/cuda/include/crt/sm_70_rt.h: In function 'unsigned int __match_all_sync(unsigned int, long long int, int*)':
/usr/local/cuda/include/crt/sm_70_rt.h:84:25: warning: no return statement in function returning non-void [-Wreturn-type]
   84 | #define __DEF_IF_HOST { }
      |                         ^
/usr/local/cuda/include/crt/sm_70_rt.h:107:92: note: in expansion of macro '__DEF_IF_HOST'
  107 | __SM_70_RT_DECL__ unsigned int __match_all_sync(unsigned mask, long long value, int *pred) __DEF_IF_HOST
      |                                                                                            ^~~~~~~~~~~~~
/usr/local/cuda/include/crt/sm_70_rt.h: In function 'unsigned int __match_all_sync(unsigned int, float, int*)':
/usr/local/cuda/include/crt/sm_70_rt.h:84:25: warning: no return statement in function returning non-void [-Wreturn-type]
   84 | #define __DEF_IF_HOST { }
      |                         ^
/usr/local/cuda/include/crt/sm_70_rt.h:108:88: note: in expansion of macro '__DEF_IF_HOST'
  108 | __SM_70_RT_DECL__ unsigned int __match_all_sync(unsigned mask, float value, int *pred) __DEF_IF_HOST
      |                                                                                        ^~~~~~~~~~~~~
/usr/local/cuda/include/crt/sm_70_rt.h: In function 'unsigned int __match_all_sync(unsigned int, double, int*)':
/usr/local/cuda/include/crt/sm_70_rt.h:84:25: warning: no return statement in function returning non-void [-Wreturn-type]
   84 | #define __DEF_IF_HOST { }
      |                         ^
/usr/local/cuda/include/crt/sm_70_rt.h:109:89: note: in expansion of macro '__DEF_IF_HOST'
  109 | __SM_70_RT_DECL__ unsigned int __match_all_sync(unsigned mask, double value, int *pred) __DEF_IF_HOST
      |                                                                                         ^~~~~~~~~~~~~
/usr/local/cuda/include/crt/sm_70_rt.h: In function 'short unsigned int atomicCAS(short unsigned int*, short unsigned int, short unsigned int)':
/usr/local/cuda/include/crt/sm_70_rt.h:84:25: warning: no return statement in function returning non-void [-Wreturn-type]
   84 | #define __DEF_IF_HOST { }
      |                         ^
/usr/local/cuda/include/crt/sm_70_rt.h:113:129: note: in expansion of macro '__DEF_IF_HOST'
  113 | __SM_70_RT_DECL__ unsigned short int atomicCAS(unsigned short int *address, unsigned short int compare, unsigned short int val) __DEF_IF_HOST
      |                                                                                                                                 ^~~~~~~~~~~~~
In file included from /usr/local/cuda/include/crt/device_functions.h:3627,
                 from /home/GVirtuS/GVirtuS/plugins/cudart/backend/CudaRtHandler.h:71,
                 from /home/GVirtuS/GVirtuS/plugins/cudart/backend/CudaRtHandler.cpp:36:
/usr/local/cuda/include/crt/sm_80_rt.h: In function 'unsigned int __reduce_add_sync(unsigned int, unsigned int)':
/usr/local/cuda/include/crt/sm_80_rt.h:84:25: warning: no return statement in function returning non-void [-Wreturn-type]
   84 | #define __DEF_IF_HOST { }
      |                         ^
/usr/local/cuda/include/crt/sm_80_rt.h:93:77: note: in expansion of macro '__DEF_IF_HOST'
   93 | __SM_80_RT_DECL__ unsigned __reduce_add_sync(unsigned mask, unsigned value) __DEF_IF_HOST
      |                                                                             ^~~~~~~~~~~~~
/usr/local/cuda/include/crt/sm_80_rt.h: In function 'unsigned int __reduce_min_sync(unsigned int, unsigned int)':
/usr/local/cuda/include/crt/sm_80_rt.h:84:25: warning: no return statement in function returning non-void [-Wreturn-type]
   84 | #define __DEF_IF_HOST { }
      |                         ^
/usr/local/cuda/include/crt/sm_80_rt.h:94:77: note: in expansion of macro '__DEF_IF_HOST'
   94 | __SM_80_RT_DECL__ unsigned __reduce_min_sync(unsigned mask, unsigned value) __DEF_IF_HOST
      |                                                                             ^~~~~~~~~~~~~
/usr/local/cuda/include/crt/sm_80_rt.h: In function 'unsigned int __reduce_max_sync(unsigned int, unsigned int)':
/usr/local/cuda/include/crt/sm_80_rt.h:84:25: warning: no return statement in function returning non-void [-Wreturn-type]
   84 | #define __DEF_IF_HOST { }
      |                         ^
/usr/local/cuda/include/crt/sm_80_rt.h:95:77: note: in expansion of macro '__DEF_IF_HOST'
   95 | __SM_80_RT_DECL__ unsigned __reduce_max_sync(unsigned mask, unsigned value) __DEF_IF_HOST
      |                                                                             ^~~~~~~~~~~~~
/usr/local/cuda/include/crt/sm_80_rt.h: In function 'int __reduce_add_sync(unsigned int, int)':
/usr/local/cuda/include/crt/sm_80_rt.h:84:25: warning: no return statement in function returning non-void [-Wreturn-type]
   84 | #define __DEF_IF_HOST { }
      |                         ^
/usr/local/cuda/include/crt/sm_80_rt.h:97:67: note: in expansion of macro '__DEF_IF_HOST'
   97 | __SM_80_RT_DECL__ int __reduce_add_sync(unsigned mask, int value) __DEF_IF_HOST
      |                                                                   ^~~~~~~~~~~~~
/usr/local/cuda/include/crt/sm_80_rt.h: In function 'int __reduce_min_sync(unsigned int, int)':
/usr/local/cuda/include/crt/sm_80_rt.h:84:25: warning: no return statement in function returning non-void [-Wreturn-type]
   84 | #define __DEF_IF_HOST { }
      |                         ^
/usr/local/cuda/include/crt/sm_80_rt.h:98:67: note: in expansion of macro '__DEF_IF_HOST'
   98 | __SM_80_RT_DECL__ int __reduce_min_sync(unsigned mask, int value) __DEF_IF_HOST
      |                                                                   ^~~~~~~~~~~~~
/usr/local/cuda/include/crt/sm_80_rt.h: In function 'int __reduce_max_sync(unsigned int, int)':
/usr/local/cuda/include/crt/sm_80_rt.h:84:25: warning: no return statement in function returning non-void [-Wreturn-type]
   84 | #define __DEF_IF_HOST { }
      |                         ^
/usr/local/cuda/include/crt/sm_80_rt.h:99:67: note: in expansion of macro '__DEF_IF_HOST'
   99 | __SM_80_RT_DECL__ int __reduce_max_sync(unsigned mask, int value) __DEF_IF_HOST
      |                                                                   ^~~~~~~~~~~~~
/usr/local/cuda/include/crt/sm_80_rt.h: In function 'unsigned int __reduce_and_sync(unsigned int, unsigned int)':
/usr/local/cuda/include/crt/sm_80_rt.h:84:25: warning: no return statement in function returning non-void [-Wreturn-type]
   84 | #define __DEF_IF_HOST { }
      |                         ^
/usr/local/cuda/include/crt/sm_80_rt.h:101:77: note: in expansion of macro '__DEF_IF_HOST'
  101 | __SM_80_RT_DECL__ unsigned __reduce_and_sync(unsigned mask, unsigned value) __DEF_IF_HOST
      |                                                                             ^~~~~~~~~~~~~
/usr/local/cuda/include/crt/sm_80_rt.h: In function 'unsigned int __reduce_or_sync(unsigned int, unsigned int)':
/usr/local/cuda/include/crt/sm_80_rt.h:84:25: warning: no return statement in function returning non-void [-Wreturn-type]
   84 | #define __DEF_IF_HOST { }
      |                         ^
/usr/local/cuda/include/crt/sm_80_rt.h:102:76: note: in expansion of macro '__DEF_IF_HOST'
  102 | __SM_80_RT_DECL__ unsigned __reduce_or_sync(unsigned mask, unsigned value) __DEF_IF_HOST
      |                                                                            ^~~~~~~~~~~~~
/usr/local/cuda/include/crt/sm_80_rt.h: In function 'unsigned int __reduce_xor_sync(unsigned int, unsigned int)':
/usr/local/cuda/include/crt/sm_80_rt.h:84:25: warning: no return statement in function returning non-void [-Wreturn-type]
   84 | #define __DEF_IF_HOST { }
      |                         ^
/usr/local/cuda/include/crt/sm_80_rt.h:103:77: note: in expansion of macro '__DEF_IF_HOST'
  103 | __SM_80_RT_DECL__ unsigned __reduce_xor_sync(unsigned mask, unsigned value) __DEF_IF_HOST
      |                                                                             ^~~~~~~~~~~~~
In file included from /usr/local/cuda/include/crt/device_functions.h:3628,
                 from /home/GVirtuS/GVirtuS/plugins/cudart/backend/CudaRtHandler.h:71,
                 from /home/GVirtuS/GVirtuS/plugins/cudart/backend/CudaRtHandler.cpp:36:
/usr/local/cuda/include/crt/sm_90_rt.h: In function 'unsigned int __isCtaShared(const void*)':
/usr/local/cuda/include/crt/sm_90_rt.h:84:25: warning: no return statement in function returning non-void [-Wreturn-type]
   84 | #define __DEF_IF_HOST { }
      |                         ^
/usr/local/cuda/include/crt/sm_90_rt.h:89:59: note: in expansion of macro '__DEF_IF_HOST'
   89 | __SM_90_RT_DECL__ unsigned __isCtaShared(const void *ptr) __DEF_IF_HOST
      |                                                           ^~~~~~~~~~~~~
/usr/local/cuda/include/crt/sm_90_rt.h: In function 'unsigned int __isClusterShared(const void*)':
/usr/local/cuda/include/crt/sm_90_rt.h:84:25: warning: no return statement in function returning non-void [-Wreturn-type]
   84 | #define __DEF_IF_HOST { }
      |                         ^
/usr/local/cuda/include/crt/sm_90_rt.h:90:63: note: in expansion of macro '__DEF_IF_HOST'
   90 | __SM_90_RT_DECL__ unsigned __isClusterShared(const void *ptr) __DEF_IF_HOST
      |                                                               ^~~~~~~~~~~~~
/usr/local/cuda/include/crt/sm_90_rt.h: In function 'void* __cluster_map_shared_rank(const void*, unsigned int)':
/usr/local/cuda/include/crt/sm_90_rt.h:84:25: warning: no return statement in function returning non-void [-Wreturn-type]
   84 | #define __DEF_IF_HOST { }
      |                         ^
/usr/local/cuda/include/crt/sm_90_rt.h:91:97: note: in expansion of macro '__DEF_IF_HOST'
   91 | __SM_90_RT_DECL__ void *__cluster_map_shared_rank(const void *ptr, unsigned target_block_rank)  __DEF_IF_HOST
      |                                                                                                 ^~~~~~~~~~~~~
/usr/local/cuda/include/crt/sm_90_rt.h: In function 'unsigned int __cluster_query_shared_rank(const void*)':
/usr/local/cuda/include/crt/sm_90_rt.h:84:25: warning: no return statement in function returning non-void [-Wreturn-type]
   84 | #define __DEF_IF_HOST { }
      |                         ^
/usr/local/cuda/include/crt/sm_90_rt.h:92:73: note: in expansion of macro '__DEF_IF_HOST'
   92 | __SM_90_RT_DECL__ unsigned __cluster_query_shared_rank(const void *ptr) __DEF_IF_HOST
      |                                                                         ^~~~~~~~~~~~~
/usr/local/cuda/include/crt/sm_90_rt.h: In function 'uint2 __cluster_map_shared_multicast(const void*, unsigned int)':
/usr/local/cuda/include/crt/sm_90_rt.h:84:25: warning: no return statement in function returning non-void [-Wreturn-type]
   84 | #define __DEF_IF_HOST { }
      |                         ^
/usr/local/cuda/include/crt/sm_90_rt.h:93:100: note: in expansion of macro '__DEF_IF_HOST'
   93 | __SM_90_RT_DECL__ uint2 __cluster_map_shared_multicast(const void *ptr, unsigned cluster_cta_mask) __DEF_IF_HOST
      |                                                                                                    ^~~~~~~~~~~~~
/usr/local/cuda/include/crt/sm_90_rt.h: In function 'unsigned int __clusterDimIsSpecified()':
/usr/local/cuda/include/crt/sm_90_rt.h:84:25: warning: no return statement in function returning non-void [-Wreturn-type]
   84 | #define __DEF_IF_HOST { }
      |                         ^
/usr/local/cuda/include/crt/sm_90_rt.h:94:54: note: in expansion of macro '__DEF_IF_HOST'
   94 | __SM_90_RT_DECL__ unsigned __clusterDimIsSpecified() __DEF_IF_HOST
      |                                                      ^~~~~~~~~~~~~
/usr/local/cuda/include/crt/sm_90_rt.h: In function 'dim3 __clusterDim()':
/usr/local/cuda/include/crt/sm_90_rt.h:84:25: warning: no return statement in function returning non-void [-Wreturn-type]
   84 | #define __DEF_IF_HOST { }
      |                         ^
/usr/local/cuda/include/crt/sm_90_rt.h:95:39: note: in expansion of macro '__DEF_IF_HOST'
   95 | __SM_90_RT_DECL__ dim3 __clusterDim() __DEF_IF_HOST
      |                                       ^~~~~~~~~~~~~
/usr/local/cuda/include/crt/sm_90_rt.h: In function 'dim3 __clusterRelativeBlockIdx()':
/usr/local/cuda/include/crt/sm_90_rt.h:84:25: warning: no return statement in function returning non-void [-Wreturn-type]
   84 | #define __DEF_IF_HOST { }
      |                         ^
/usr/local/cuda/include/crt/sm_90_rt.h:96:52: note: in expansion of macro '__DEF_IF_HOST'
   96 | __SM_90_RT_DECL__ dim3 __clusterRelativeBlockIdx() __DEF_IF_HOST
      |                                                    ^~~~~~~~~~~~~
/usr/local/cuda/include/crt/sm_90_rt.h: In function 'dim3 __clusterGridDimInClusters()':
/usr/local/cuda/include/crt/sm_90_rt.h:84:25: warning: no return statement in function returning non-void [-Wreturn-type]
   84 | #define __DEF_IF_HOST { }
      |                         ^
/usr/local/cuda/include/crt/sm_90_rt.h:97:53: note: in expansion of macro '__DEF_IF_HOST'
   97 | __SM_90_RT_DECL__ dim3 __clusterGridDimInClusters() __DEF_IF_HOST
      |                                                     ^~~~~~~~~~~~~
/usr/local/cuda/include/crt/sm_90_rt.h: In function 'dim3 __clusterIdx()':
/usr/local/cuda/include/crt/sm_90_rt.h:84:25: warning: no return statement in function returning non-void [-Wreturn-type]
   84 | #define __DEF_IF_HOST { }
      |                         ^
/usr/local/cuda/include/crt/sm_90_rt.h:98:39: note: in expansion of macro '__DEF_IF_HOST'
   98 | __SM_90_RT_DECL__ dim3 __clusterIdx() __DEF_IF_HOST
      |                                       ^~~~~~~~~~~~~
/usr/local/cuda/include/crt/sm_90_rt.h: In function 'unsigned int __clusterRelativeBlockRank()':
/usr/local/cuda/include/crt/sm_90_rt.h:84:25: warning: no return statement in function returning non-void [-Wreturn-type]
   84 | #define __DEF_IF_HOST { }
      |                         ^
/usr/local/cuda/include/crt/sm_90_rt.h:99:57: note: in expansion of macro '__DEF_IF_HOST'
   99 | __SM_90_RT_DECL__ unsigned __clusterRelativeBlockRank() __DEF_IF_HOST
      |                                                         ^~~~~~~~~~~~~
/usr/local/cuda/include/crt/sm_90_rt.h: In function 'unsigned int __clusterSizeInBlocks()':
/usr/local/cuda/include/crt/sm_90_rt.h:84:25: warning: no return statement in function returning non-void [-Wreturn-type]
   84 | #define __DEF_IF_HOST { }
      |                         ^
/usr/local/cuda/include/crt/sm_90_rt.h:100:52: note: in expansion of macro '__DEF_IF_HOST'
  100 | __SM_90_RT_DECL__ unsigned __clusterSizeInBlocks() __DEF_IF_HOST
      |                                                    ^~~~~~~~~~~~~
/usr/local/cuda/include/crt/sm_90_rt.h: In function 'float2 atomicAdd(float2*, float2)':
/usr/local/cuda/include/crt/sm_90_rt.h:84:25: warning: no return statement in function returning non-void [-Wreturn-type]
   84 | #define __DEF_IF_HOST { }
      |                         ^
/usr/local/cuda/include/crt/sm_90_rt.h:106:65: note: in expansion of macro '__DEF_IF_HOST'
  106 | __SM_90_RT_DECL__ float2 atomicAdd(float2 *address, float2 val) __DEF_IF_HOST
      |                                                                 ^~~~~~~~~~~~~
/usr/local/cuda/include/crt/sm_90_rt.h: In function 'float2 atomicAdd_block(float2*, float2)':
/usr/local/cuda/include/crt/sm_90_rt.h:84:25: warning: no return statement in function returning non-void [-Wreturn-type]
   84 | #define __DEF_IF_HOST { }
      |                         ^
/usr/local/cuda/include/crt/sm_90_rt.h:107:71: note: in expansion of macro '__DEF_IF_HOST'
  107 | __SM_90_RT_DECL__ float2 atomicAdd_block(float2 *address, float2 val) __DEF_IF_HOST
      |                                                                       ^~~~~~~~~~~~~
/usr/local/cuda/include/crt/sm_90_rt.h: In function 'float2 atomicAdd_system(float2*, float2)':
/usr/local/cuda/include/crt/sm_90_rt.h:84:25: warning: no return statement in function returning non-void [-Wreturn-type]
   84 | #define __DEF_IF_HOST { }
      |                         ^
/usr/local/cuda/include/crt/sm_90_rt.h:108:72: note: in expansion of macro '__DEF_IF_HOST'
  108 | __SM_90_RT_DECL__ float2 atomicAdd_system(float2 *address, float2 val) __DEF_IF_HOST
      |                                                                        ^~~~~~~~~~~~~
/usr/local/cuda/include/crt/sm_90_rt.h: In function 'float4 atomicAdd(float4*, float4)':
/usr/local/cuda/include/crt/sm_90_rt.h:84:25: warning: no return statement in function returning non-void [-Wreturn-type]
   84 | #define __DEF_IF_HOST { }
      |                         ^
/usr/local/cuda/include/crt/sm_90_rt.h:109:65: note: in expansion of macro '__DEF_IF_HOST'
  109 | __SM_90_RT_DECL__ float4 atomicAdd(float4 *address, float4 val) __DEF_IF_HOST
      |                                                                 ^~~~~~~~~~~~~
/usr/local/cuda/include/crt/sm_90_rt.h: In function 'float4 atomicAdd_block(float4*, float4)':
/usr/local/cuda/include/crt/sm_90_rt.h:84:25: warning: no return statement in function returning non-void [-Wreturn-type]
   84 | #define __DEF_IF_HOST { }
      |                         ^
/usr/local/cuda/include/crt/sm_90_rt.h:110:71: note: in expansion of macro '__DEF_IF_HOST'
  110 | __SM_90_RT_DECL__ float4 atomicAdd_block(float4 *address, float4 val) __DEF_IF_HOST
      |                                                                       ^~~~~~~~~~~~~
/usr/local/cuda/include/crt/sm_90_rt.h: In function 'float4 atomicAdd_system(float4*, float4)':
/usr/local/cuda/include/crt/sm_90_rt.h:84:25: warning: no return statement in function returning non-void [-Wreturn-type]
   84 | #define __DEF_IF_HOST { }
      |                         ^
/usr/local/cuda/include/crt/sm_90_rt.h:111:72: note: in expansion of macro '__DEF_IF_HOST'
  111 | __SM_90_RT_DECL__ float4 atomicAdd_system(float4 *address, float4 val) __DEF_IF_HOST
      |                                                                        ^~~~~~~~~~~~~
[ 62%] Building CXX object plugins/cudart/CMakeFiles/gvirtus-plugin-cudart.dir/util/CudaUtil.cpp.o
/home/GVirtuS/GVirtuS/plugins/cudart/util/CudaUtil.cpp: In static member function 'static __fatBinC_Wrapper_t* CudaUtil::UnmarshalFatCudaBinaryV2(gvirtus::communicators::Buffer*)':
/home/GVirtuS/GVirtuS/plugins/cudart/util/CudaUtil.cpp:201:57: warning: ignoring attributes applied to class type '__fatBinC_Wrapper_t' outside of definition [-Wattributes]
  201 |       new __fatBinC_Wrapper_t __attribute__((aligned(8)));
      |                                                         ^
[ 63%] Linking CXX shared library libgvirtus-plugin-cudart.so
[ 63%] Built target gvirtus-plugin-cudart
Scanning dependencies of target cudart
[ 64%] Building CXX object plugins/cudart/CMakeFiles/cudart.dir/frontend/CudaRt.cpp.o
[ 65%] Building CXX object plugins/cudart/CMakeFiles/cudart.dir/frontend/CudaRt_device.cpp.o
/home/GVirtuS/GVirtuS/plugins/cudart/frontend/CudaRt_device.cpp: In function 'cudaError_t cudaGetDeviceProperties_v2(cudaDeviceProp*, int)':
/home/GVirtuS/GVirtuS/plugins/cudart/frontend/CudaRt_device.cpp:79:49: warning: ' (GVirtuS)' directive output may be truncated writing 10 bytes into a region of size between 1 and 256 [-Wformat-truncation=]
   79 |     snprintf(prop->name, sizeof(prop->name), "%s (GVirtuS)", name);
      |                                                 ^~~~~~~~~~
/home/GVirtuS/GVirtuS/plugins/cudart/frontend/CudaRt_device.cpp:79:13: note: 'snprintf' output between 11 and 266 bytes into a destination of size 256
   79 |     snprintf(prop->name, sizeof(prop->name), "%s (GVirtuS)", name);
      |     ~~~~~~~~^~~~~~~~~~~~~~~~~~~~~~~~~~~~~~~~~~~~~~~~~~~~~~~~~~~~~~
[ 66%] Building CXX object plugins/cudart/CMakeFiles/cudart.dir/frontend/CudaRt_error.cpp.o
[ 67%] Building CXX object plugins/cudart/CMakeFiles/cudart.dir/frontend/CudaRt_event.cpp.o
[ 68%] Building CXX object plugins/cudart/CMakeFiles/cudart.dir/frontend/CudaRt_execution.cpp.o
[ 69%] Building CXX object plugins/cudart/CMakeFiles/cudart.dir/frontend/CudaRtFrontend.cpp.o
[ 70%] Building CXX object plugins/cudart/CMakeFiles/cudart.dir/frontend/CudaRt_internal.cpp.o
[ 71%] Building CXX object plugins/cudart/CMakeFiles/cudart.dir/frontend/CudaRt_memory.cpp.o
/home/GVirtuS/GVirtuS/plugins/cudart/frontend/CudaRt_memory.cpp: In function 'cudaError_t cudaMemcpy2D(void*, size_t, const void*, size_t, size_t, size_t, cudaMemcpyKind)':
/home/GVirtuS/GVirtuS/plugins/cudart/frontend/CudaRt_memory.cpp:458:26: warning: pointer of type 'void *' used in arithmetic [-Wpointer-arith]
  458 |           if (memcpy(dst + (dpitch * i), src + (spitch * i), width) == NULL)
      |                      ~~~~^~~~~~~~~~~~~~
/home/GVirtuS/GVirtuS/plugins/cudart/frontend/CudaRt_memory.cpp:458:46: warning: pointer of type 'void *' used in arithmetic [-Wpointer-arith]
  458 |           if (memcpy(dst + (dpitch * i), src + (spitch * i), width) == NULL)
      |                                          ~~~~^~~~~~~~~~~~~~
[ 72%] Building CXX object plugins/cudart/CMakeFiles/cudart.dir/frontend/CudaRt_occupancy.cpp.o
[ 72%] Building CXX object plugins/cudart/CMakeFiles/cudart.dir/frontend/CudaRt_opengl.cpp.o
[ 73%] Building CXX object plugins/cudart/CMakeFiles/cudart.dir/frontend/CudaRt_stream.cpp.o
[ 74%] Building CXX object plugins/cudart/CMakeFiles/cudart.dir/frontend/CudaRt_surface.cpp.o
[ 75%] Building CXX object plugins/cudart/CMakeFiles/cudart.dir/frontend/CudaRt_texture.cpp.o
[ 76%] Building CXX object plugins/cudart/CMakeFiles/cudart.dir/frontend/CudaRt_thread.cpp.o
[ 77%] Building CXX object plugins/cudart/CMakeFiles/cudart.dir/frontend/CudaRt_version.cpp.o
[ 78%] Building CXX object plugins/cudart/CMakeFiles/cudart.dir/util/CudaUtil.cpp.o
/home/GVirtuS/GVirtuS/plugins/cudart/util/CudaUtil.cpp: In static member function 'static __fatBinC_Wrapper_t* CudaUtil::UnmarshalFatCudaBinaryV2(gvirtus::communicators::Buffer*)':
/home/GVirtuS/GVirtuS/plugins/cudart/util/CudaUtil.cpp:201:57: warning: ignoring attributes applied to class type '__fatBinC_Wrapper_t' outside of definition [-Wattributes]
  201 |       new __fatBinC_Wrapper_t __attribute__((aligned(8)));
      |                                                         ^
[ 79%] Linking CXX shared library libcudart.so
[ 79%] Built target cudart
[ 79%] Building NVCC (Device) object plugins/cudart/demo/CMakeFiles/add_grid.e.dir/add_grid.e_generated_add_grid.cu.o
Scanning dependencies of target add_grid.e
[ 80%] Linking CXX executable add_grid.e
[ 80%] Built target add_grid.e
[ 80%] Building NVCC (Device) object plugins/cudart/demo/CMakeFiles/dummy0.e.dir/dummy0.e_generated_dummy0.cu.o
/home/GVirtuS/GVirtuS/plugins/cudart/demo/dummy0.cu(8): warning #177-D: variable "i" was declared but never referenced
      int i = blockIdx.x * blockDim.x + threadIdx.x;
          ^

Remark: The warnings can be suppressed with "-diag-suppress <warning-number>"

Scanning dependencies of target dummy0.e
[ 81%] Linking CXX executable dummy0.e
[ 81%] Built target dummy0.e
[ 82%] Building NVCC (Device) object plugins/cudart/demo/CMakeFiles/launchKernel.e.dir/launchKernel.e_generated_launchKernel.cu.o
Scanning dependencies of target launchKernel.e
[ 83%] Linking CXX executable launchKernel.e
[ 83%] Built target launchKernel.e
[ 84%] Building NVCC (Device) object plugins/cudart/demo/CMakeFiles/matrixMul.e.dir/matrixMul.e_generated_matrixMul.cu.o
Scanning dependencies of target matrixMul.e
[ 85%] Linking CXX executable matrixMul.e
[ 85%] Built target matrixMul.e
Scanning dependencies of target gvirtus-plugin-cufft
[ 86%] Building CXX object plugins/cufft/CMakeFiles/gvirtus-plugin-cufft.dir/backend/CufftHandler.cpp.o
/home/GVirtuS/GVirtuS/plugins/cufft/backend/CufftHandler.cpp: In function 'std::shared_ptr<gvirtus::communicators::Result> handleGetVersion(CufftHandler*, std::shared_ptr<gvirtus::communicators::Buffer>)':
/home/GVirtuS/GVirtuS/plugins/cufft/backend/CufftHandler.cpp:1076:1: warning: no return statement in function returning non-void [-Wreturn-type]
 1076 | }
      | ^
In file included from /home/GVirtuS/GVirtuS/include/gvirtus/communicators/Result.h:40,
                 from /home/GVirtuS/GVirtuS/include/gvirtus/backend/Handler.h:38,
                 from /home/GVirtuS/GVirtuS/plugins/cufft/backend/CufftHandler.h:43,
                 from /home/GVirtuS/GVirtuS/plugins/cufft/backend/CufftHandler.cpp:42:
/home/GVirtuS/GVirtuS/include/gvirtus/communicators/Buffer.h: In instantiation of 'T* gvirtus::communicators::Buffer::Assign(size_t) [with T = void; size_t = long unsigned int]':
/home/GVirtuS/GVirtuS/plugins/cufft/backend/CufftHandler.cpp:973:48:   required from here
/home/GVirtuS/GVirtuS/include/gvirtus/communicators/Buffer.h:210:19: warning: invalid application of 'sizeof' to a void type [-Wpointer-arith]
  210 |     if (mOffset + sizeof(T) * n > mLength) {
      |                   ^~~~~~~~~
/home/GVirtuS/GVirtuS/include/gvirtus/communicators/Buffer.h:214:16: warning: invalid application of 'sizeof' to a void type [-Wpointer-arith]
  214 |     mOffset += sizeof(T) * n;
      |                ^~~~~~~~~
[ 87%] Linking CXX shared library libgvirtus-plugin-cufft.so
[ 87%] Built target gvirtus-plugin-cufft
Scanning dependencies of target cufft
[ 88%] Building CXX object plugins/cufft/CMakeFiles/cufft.dir/frontend/Cufft.cpp.o
In file included from /home/GVirtuS/GVirtuS/include/gvirtus/frontend/Frontend.h:47,
                 from /home/GVirtuS/GVirtuS/plugins/cufft/frontend/CufftFrontend.h:22,
                 from /home/GVirtuS/GVirtuS/plugins/cufft/frontend/Cufft.cpp:39:
/home/GVirtuS/GVirtuS/include/gvirtus/communicators/Buffer.h: In instantiation of 'void gvirtus::communicators::Buffer::Add(T*, size_t) [with T = void; size_t = long unsigned int]':
/home/GVirtuS/GVirtuS/plugins/cufft/frontend/CufftFrontend.h:85:9:   required from 'static void CufftFrontend::AddHostPointerForArguments(T*, size_t) [with T = void; size_t = long unsigned int]'
/home/GVirtuS/GVirtuS/plugins/cufft/frontend/Cufft.cpp:604:68:   required from here
/home/GVirtuS/GVirtuS/include/gvirtus/communicators/Buffer.h:83:19: warning: invalid application of 'sizeof' to a void type [-Wpointer-arith]
   83 |     size_t size = sizeof(T) * n;
      |                   ^~~~~~~~~
/home/GVirtuS/GVirtuS/include/gvirtus/communicators/Buffer.h: In instantiation of 'T* gvirtus::communicators::Buffer::Assign(size_t) [with T = void; size_t = long unsigned int]':
/home/GVirtuS/GVirtuS/plugins/cufft/frontend/CufftFrontend.h:134:91:   required from 'static T* CufftFrontend::GetOutputHostPointer(size_t) [with T = void; size_t = long unsigned int]'
/home/GVirtuS/GVirtuS/plugins/cufft/frontend/Cufft.cpp:618:64:   required from here
/home/GVirtuS/GVirtuS/include/gvirtus/communicators/Buffer.h:210:19: warning: invalid application of 'sizeof' to a void type [-Wpointer-arith]
  210 |     if (mOffset + sizeof(T) * n > mLength) {
      |                   ^~~~~~~~~
/home/GVirtuS/GVirtuS/include/gvirtus/communicators/Buffer.h:214:16: warning: invalid application of 'sizeof' to a void type [-Wpointer-arith]
  214 |     mOffset += sizeof(T) * n;
      |                ^~~~~~~~~
[ 89%] Building CXX object plugins/cufft/CMakeFiles/cufft.dir/frontend/CufftFrontend.cpp.o
[ 90%] Linking CXX shared library libcufft.so
[ 90%] Built target cufft
Scanning dependencies of target gvirtus-plugin-curand
[ 91%] Building CXX object plugins/curand/CMakeFiles/gvirtus-plugin-curand.dir/backend/CurandHandler.cpp.o
[ 92%] Linking CXX shared library libgvirtus-plugin-curand.so
[ 92%] Built target gvirtus-plugin-curand
Scanning dependencies of target curand
[ 93%] Building CXX object plugins/curand/CMakeFiles/curand.dir/frontend/Curand.cpp.o
[ 94%] Building CXX object plugins/curand/CMakeFiles/curand.dir/frontend/CurandFrontend.cpp.o
[ 95%] Linking CXX shared library libcurand.so
[ 95%] Built target curand
Scanning dependencies of target gvirtus-plugin-cudnn
[ 95%] Building CXX object plugins/cudnn/CMakeFiles/gvirtus-plugin-cudnn.dir/backend/CudnnHandler.cpp.o
In file included from /home/GVirtuS/GVirtuS/include/gvirtus/communicators/Result.h:40,
                 from /home/GVirtuS/GVirtuS/include/gvirtus/backend/Handler.h:38,
                 from /home/GVirtuS/GVirtuS/plugins/cudnn/backend/CudnnHandler.h:130,
                 from /home/GVirtuS/GVirtuS/plugins/cudnn/backend/CudnnHandler.cpp:30:
/home/GVirtuS/GVirtuS/include/gvirtus/communicators/Buffer.h: In instantiation of 'T* gvirtus::communicators::Buffer::Assign(size_t) [with T = void; size_t = long unsigned int]':
/home/GVirtuS/GVirtuS/plugins/cudnn/backend/CudnnHandler.cpp:503:32:   required from here
/home/GVirtuS/GVirtuS/include/gvirtus/communicators/Buffer.h:210:19: warning: invalid application of 'sizeof' to a void type [-Wpointer-arith]
  210 |     if (mOffset + sizeof(T) * n > mLength) {
      |                   ^~~~~~~~~
/home/GVirtuS/GVirtuS/include/gvirtus/communicators/Buffer.h:214:16: warning: invalid application of 'sizeof' to a void type [-Wpointer-arith]
  214 |     mOffset += sizeof(T) * n;
      |                ^~~~~~~~~
/home/GVirtuS/GVirtuS/include/gvirtus/communicators/Buffer.h: In instantiation of 'void gvirtus::communicators::Buffer::Add(T*, size_t) [with T = void; size_t = long unsigned int]':
/home/GVirtuS/GVirtuS/plugins/cudnn/backend/CudnnHandler.cpp:518:26:   required from here
/home/GVirtuS/GVirtuS/include/gvirtus/communicators/Buffer.h:83:19: warning: invalid application of 'sizeof' to a void type [-Wpointer-arith]
   83 |     size_t size = sizeof(T) * n;
      |                   ^~~~~~~~~
[ 96%] Linking CXX shared library libgvirtus-plugin-cudnn.so
[ 96%] Built target gvirtus-plugin-cudnn
Scanning dependencies of target cudnn
[ 97%] Building CXX object plugins/cudnn/CMakeFiles/cudnn.dir/frontend/Cudnn.cpp.o
In file included from /home/GVirtuS/GVirtuS/include/gvirtus/frontend/Frontend.h:47,
                 from /home/GVirtuS/GVirtuS/plugins/cudnn/frontend/CudnnFrontend.h:36,
                 from /home/GVirtuS/GVirtuS/plugins/cudnn/frontend/Cudnn.cpp:30:
/home/GVirtuS/GVirtuS/include/gvirtus/communicators/Buffer.h: In instantiation of 'void gvirtus::communicators::Buffer::Add(T*, size_t) [with T = const void; size_t = long unsigned int]':
/home/GVirtuS/GVirtuS/plugins/cudnn/frontend/CudnnFrontend.h:95:9:   required from 'static void CudnnFrontend::AddHostPointerForArguments(T*, size_t) [with T = const void; size_t = long unsigned int]'
/home/GVirtuS/GVirtuS/plugins/cudnn/frontend/Cudnn.cpp:357:52:   required from here
/home/GVirtuS/GVirtuS/include/gvirtus/communicators/Buffer.h:83:19: warning: invalid application of 'sizeof' to a void type [-Wpointer-arith]
   83 |     size_t size = sizeof(T) * n;
      |                   ^~~~~~~~~
/home/GVirtuS/GVirtuS/include/gvirtus/communicators/Buffer.h: In instantiation of 'void gvirtus::communicators::Buffer::Add(T*, size_t) [with T = void; size_t = long unsigned int]':
/home/GVirtuS/GVirtuS/plugins/cudnn/frontend/CudnnFrontend.h:95:9:   required from 'static void CudnnFrontend::AddHostPointerForArguments(T*, size_t) [with T = void; size_t = long unsigned int]'
/home/GVirtuS/GVirtuS/plugins/cudnn/frontend/Cudnn.cpp:388:56:   required from here
/home/GVirtuS/GVirtuS/include/gvirtus/communicators/Buffer.h:83:19: warning: invalid application of 'sizeof' to a void type [-Wpointer-arith]
/home/GVirtuS/GVirtuS/include/gvirtus/communicators/Buffer.h: In instantiation of 'void gvirtus::communicators::Buffer::Add(T*, size_t) [with T = void(cudnnSeverity_t, void*, const cudnnDebugStruct*, const char*); size_t = long unsigned int]':
/home/GVirtuS/GVirtuS/plugins/cudnn/frontend/CudnnFrontend.h:72:9:   required from 'static void CudnnFrontend::AddVariableForArguments(T) [with T = void (*)(cudnnSeverity_t, void*, const cudnnDebugStruct*, const char*)]'
/home/GVirtuS/GVirtuS/plugins/cudnn/frontend/Cudnn.cpp:5419:65:   required from here
/home/GVirtuS/GVirtuS/include/gvirtus/communicators/Buffer.h:83:19: warning: invalid application of 'sizeof' to a function type [-Wpointer-arith]
[ 98%] Building CXX object plugins/cudnn/CMakeFiles/cudnn.dir/frontend/Cudnn_helper.cpp.o
/home/GVirtuS/GVirtuS/plugins/cudnn/frontend/Cudnn_helper.cpp: In function 'cudnnStatus_t cudnnCreate(cudnnContext**)':
/home/GVirtuS/GVirtuS/plugins/cudnn/frontend/Cudnn_helper.cpp:54:72: warning: cast to pointer from integer of different size [-Wint-to-pointer-cast]
   54 |         *handle = (cudnnHandle_t)CudnnFrontend::GetOutputVariable<int>();
      |                                                                        ^
[ 99%] Building CXX object plugins/cudnn/CMakeFiles/cudnn.dir/frontend/CudnnFrontend.cpp.o
[100%] Linking CXX shared library libcudnn.so
[100%] Built target cudnn
